2026-05-16 06:21:52 [info     ] train_start                    arch=adsb device=cuda typecodes=['A320']
2026-05-16 06:21:52 [info     ] train_typecode                 typecode=A320
2026-05-16 06:21:52 [info     ] loading_data                   train_flights=1594 val_flights=247
2026-05-16 06:21:52 [warning  ] e1_column_missing              column=fdm_g_sin_gamma_ms2
2026-05-16 06:21:52 [warning  ] e1_column_missing              column=fdm_cos_gamma
2026-05-16 06:21:52 [warning  ] e1_column_missing              column=fdm_q_pa
2026-05-16 06:21:52 [warning  ] e1_column_missing              column=fdm_g_over_v
2026-05-16 06:21:52 [warning  ] e1_column_missing              column=fdm_lat_wind_ms
2026-05-16 06:21:52 [warning  ] e1_column_missing              column=fdm_drift_rad
2026-05-16 06:21:52 [warning  ] e1_column_missing              column=fdm_track_rad
2026-05-16 06:21:52 [warning  ] e1_column_missing              column=fdm_heading_diff_rad
2026-05-16 06:21:57 [warning  ] e1_column_missing              column=fdm_g_sin_gamma_ms2
2026-05-16 06:21:57 [warning  ] e1_column_missing              column=fdm_cos_gamma
2026-05-16 06:21:57 [warning  ] e1_column_missing              column=fdm_q_pa
2026-05-16 06:21:57 [warning  ] e1_column_missing              column=fdm_g_over_v
2026-05-16 06:21:57 [warning  ] e1_column_missing              column=fdm_lat_wind_ms
2026-05-16 06:21:57 [warning  ] e1_column_missing              column=fdm_drift_rad
2026-05-16 06:21:57 [warning  ] e1_column_missing              column=fdm_track_rad
2026-05-16 06:21:57 [warning  ] e1_column_missing              column=fdm_heading_diff_rad
2026-05-16 06:21:58 [info     ] data_loaded                    train_samples=48117 val_samples=7518
2026-05-16 06:22:17 [debug    ] meta_saved                     path=data/models/seq_30_seed2/meta.json
2026-05-16 06:22:17 [info     ] trainer_initialized            architecture=node_adsb_v1 device=cuda train_samples=48117 val_samples=7518
2026-05-16 06:22:17 [info     ] preloading_data_to_gpu
2026-05-16 06:22:18 [debug    ] epoch_start                    epoch=1 total_epochs=50
/data/common/dataiku/config/projects/NODEFDM/lib/python/.venv/lib/python3.12/site-packages/torch/_inductor/compile_fx.py:321: UserWarning: TensorFloat32 tensor cores for float32 matrix multiplication available but not enabled. Consider setting `torch.set_float32_matmul_precision('high')` for better performance.
  warnings.warn(
2026-05-16 06:22:41 [info     ] debug_magnitudes               norm_mean=['8427.359375', '-0.000899', '211.646118', '3.252943'] norm_std=['2287.523926', '0.040447', '34.116577', '1.247240'] ode_loss=0.256979
2026-05-16 06:26:40 [warning  ] nan_or_inf_loss                loss=nan
W0516 06:29:51.410000 472612 torch/_dynamo/convert_frame.py:1676] [0/8] torch._dynamo hit config.recompile_limit (8)
W0516 06:29:51.410000 472612 torch/_dynamo/convert_frame.py:1676] [0/8]    function: 'forward' (/data/common/dataiku/config/projects/NODEFDM/lib/python/packages/node-fdm/src/node_fdm/models/fdm.py:181)
W0516 06:29:51.410000 472612 torch/_dynamo/convert_frame.py:1676] [0/8]    last reason: 0/7: tensor 'self.history['raw_alt_m']' size mismatch at index 1. expected 1, actual 2
W0516 06:29:51.410000 472612 torch/_dynamo/convert_frame.py:1676] [0/8] To log all recompilation reasons, use TORCH_LOGS="recompiles".
W0516 06:29:51.410000 472612 torch/_dynamo/convert_frame.py:1676] [0/8] To diagnose recompilation issues, see https://pytorch.org/docs/main/compile/programming_model.recompilation.html
2026-05-16 06:29:51 [debug    ] meta_saved                     path=data/models/seq_30_seed2/meta.json
2026-05-16 06:29:51 [debug    ] model_saved                    epoch=1
2026-05-16 06:29:51 [info     ] epoch_complete                 epoch=1 is_best=True lr=0.00020800000000000123 total_epochs=50 train_loss=nan val_loss=0.036642
2026-05-16 06:29:51 [debug    ] epoch_start                    epoch=2 total_epochs=50
2026-05-16 06:30:05 [warning  ] nan_or_inf_loss                loss=nan
2026-05-16 06:35:58 [debug    ] meta_saved                     path=data/models/seq_30_seed2/meta.json
2026-05-16 06:35:58 [debug    ] model_saved                    epoch=2
2026-05-16 06:35:58 [info     ] epoch_complete                 epoch=2 is_best=True lr=0.0004060000000000046 total_epochs=50 train_loss=nan val_loss=0.029686
2026-05-16 06:35:58 [debug    ] epoch_start                    epoch=3 total_epochs=50
2026-05-16 06:37:03 [warning  ] nan_or_inf_loss                loss=nan
2026-05-16 06:42:06 [debug    ] meta_saved                     path=data/models/seq_30_seed2/meta.json
2026-05-16 06:42:06 [debug    ] model_saved                    epoch=3
2026-05-16 06:42:06 [info     ] epoch_complete                 epoch=3 is_best=True lr=0.0006040000000000097 total_epochs=50 train_loss=nan val_loss=0.026943
2026-05-16 06:42:06 [debug    ] epoch_start                    epoch=4 total_epochs=50
2026-05-16 06:42:41 [warning  ] nan_or_inf_loss                loss=nan
2026-05-16 06:48:07 [debug    ] meta_saved                     path=data/models/seq_30_seed2/meta.json
2026-05-16 06:48:07 [debug    ] model_saved                    epoch=4
2026-05-16 06:48:07 [info     ] epoch_complete                 epoch=4 is_best=True lr=0.0008020000000000093 total_epochs=50 train_loss=nan val_loss=0.02552
2026-05-16 06:48:07 [debug    ] epoch_start                    epoch=5 total_epochs=50
2026-05-16 06:54:02 [warning  ] nan_or_inf_loss                loss=nan
2026-05-16 06:54:06 [debug    ] meta_saved                     path=data/models/seq_30_seed2/meta.json
2026-05-16 06:54:06 [debug    ] model_saved                    epoch=5
2026-05-16 06:54:06 [info     ] epoch_complete                 epoch=5 is_best=True lr=0.001 total_epochs=50 train_loss=nan val_loss=0.024974
2026-05-16 06:54:06 [debug    ] epoch_start                    epoch=6 total_epochs=50
2026-05-16 06:54:29 [warning  ] nan_or_inf_loss                loss=nan
2026-05-16 07:00:07 [info     ] epoch_complete                 epoch=6 is_best=False lr=0.0009779999999999641 total_epochs=50 train_loss=nan val_loss=0.025009
2026-05-16 07:00:07 [debug    ] epoch_start                    epoch=7 total_epochs=50
2026-05-16 07:01:05 [warning  ] nan_or_inf_loss                loss=nan
2026-05-16 07:06:06 [debug    ] meta_saved                     path=data/models/seq_30_seed2/meta.json
2026-05-16 07:06:06 [debug    ] model_saved                    epoch=7
2026-05-16 07:06:06 [info     ] epoch_complete                 epoch=7 is_best=True lr=0.0009559999999999605 total_epochs=50 train_loss=nan val_loss=0.024364
2026-05-16 07:06:06 [debug    ] epoch_start                    epoch=8 total_epochs=50
2026-05-16 07:06:42 [warning  ] nan_or_inf_loss                loss=nan
2026-05-16 07:12:07 [info     ] epoch_complete                 epoch=8 is_best=False lr=0.0009339999999999578 total_epochs=50 train_loss=nan val_loss=0.101683
2026-05-16 07:12:07 [debug    ] epoch_start                    epoch=9 total_epochs=50
2026-05-16 07:15:15 [warning  ] nan_or_inf_loss                loss=nan
2026-05-16 07:18:06 [info     ] epoch_complete                 epoch=9 is_best=False lr=0.0009119999999999566 total_epochs=50 train_loss=nan val_loss=0.027432
2026-05-16 07:18:06 [debug    ] epoch_start                    epoch=10 total_epochs=50
2026-05-16 07:23:09 [warning  ] nan_or_inf_loss                loss=nan
2026-05-16 07:24:06 [info     ] epoch_complete                 epoch=10 is_best=False lr=0.000889999999999957 total_epochs=50 train_loss=nan val_loss=0.025223
2026-05-16 07:24:06 [debug    ] epoch_start                    epoch=11 total_epochs=50
2026-05-16 07:25:47 [warning  ] nan_or_inf_loss                loss=nan
2026-05-16 07:30:05 [debug    ] meta_saved                     path=data/models/seq_30_seed2/meta.json
2026-05-16 07:30:05 [debug    ] model_saved                    epoch=11
2026-05-16 07:30:05 [info     ] epoch_complete                 epoch=11 is_best=True lr=0.0008679999999999566 total_epochs=50 train_loss=nan val_loss=0.024331
2026-05-16 07:30:05 [debug    ] epoch_start                    epoch=12 total_epochs=50
2026-05-16 07:32:04 [warning  ] nan_or_inf_loss                loss=nan
2026-05-16 07:36:05 [info     ] epoch_complete                 epoch=12 is_best=False lr=0.0008459999999999577 total_epochs=50 train_loss=nan val_loss=0.025991
2026-05-16 07:36:05 [debug    ] epoch_start                    epoch=13 total_epochs=50
2026-05-16 07:37:09 [warning  ] nan_or_inf_loss                loss=nan
2026-05-16 07:42:04 [debug    ] meta_saved                     path=data/models/seq_30_seed2/meta.json
2026-05-16 07:42:04 [debug    ] model_saved                    epoch=13
2026-05-16 07:42:04 [info     ] epoch_complete                 epoch=13 is_best=True lr=0.0008239999999999574 total_epochs=50 train_loss=nan val_loss=0.024104
2026-05-16 07:42:04 [debug    ] epoch_start                    epoch=14 total_epochs=50
2026-05-16 07:46:30 [warning  ] nan_or_inf_loss                loss=nan
2026-05-16 07:48:04 [debug    ] meta_saved                     path=data/models/seq_30_seed2/meta.json
2026-05-16 07:48:04 [debug    ] model_saved                    epoch=14
2026-05-16 07:48:04 [info     ] epoch_complete                 epoch=14 is_best=True lr=0.0008019999999999602 total_epochs=50 train_loss=nan val_loss=0.023909
2026-05-16 07:48:04 [debug    ] epoch_start                    epoch=15 total_epochs=50
2026-05-16 07:50:52 [warning  ] nan_or_inf_loss                loss=nan
2026-05-16 07:54:03 [info     ] epoch_complete                 epoch=15 is_best=False lr=0.0007799999999999617 total_epochs=50 train_loss=nan val_loss=0.024355
2026-05-16 07:54:03 [debug    ] epoch_start                    epoch=16 total_epochs=50
2026-05-16 07:58:26 [warning  ] nan_or_inf_loss                loss=nan
2026-05-16 08:00:03 [info     ] epoch_complete                 epoch=16 is_best=False lr=0.000757999999999961 total_epochs=50 train_loss=nan val_loss=0.023963
2026-05-16 08:00:03 [debug    ] epoch_start                    epoch=17 total_epochs=50
2026-05-16 08:03:45 [warning  ] nan_or_inf_loss                loss=nan
2026-05-16 08:06:02 [debug    ] meta_saved                     path=data/models/seq_30_seed2/meta.json
2026-05-16 08:06:02 [debug    ] model_saved                    epoch=17
2026-05-16 08:06:02 [info     ] epoch_complete                 epoch=17 is_best=True lr=0.0007359999999999604 total_epochs=50 train_loss=nan val_loss=0.023317
2026-05-16 08:06:02 [debug    ] epoch_start                    epoch=18 total_epochs=50
2026-05-16 08:06:40 [warning  ] nan_or_inf_loss                loss=nan
2026-05-16 08:12:02 [info     ] epoch_complete                 epoch=18 is_best=False lr=0.0007139999999999597 total_epochs=50 train_loss=nan val_loss=0.023546
2026-05-16 08:12:02 [debug    ] epoch_start                    epoch=19 total_epochs=50
2026-05-16 08:13:49 [warning  ] nan_or_inf_loss                loss=nan
2026-05-16 08:18:01 [info     ] epoch_complete                 epoch=19 is_best=False lr=0.0006919999999999592 total_epochs=50 train_loss=nan val_loss=0.023319
2026-05-16 08:18:01 [debug    ] epoch_start                    epoch=20 total_epochs=50
2026-05-16 08:18:14 [warning  ] nan_or_inf_loss                loss=nan
2026-05-16 08:24:00 [info     ] epoch_complete                 epoch=20 is_best=False lr=0.000669999999999957 total_epochs=50 train_loss=nan val_loss=0.023751
2026-05-16 08:24:00 [debug    ] epoch_start                    epoch=21 total_epochs=50
2026-05-16 08:27:59 [warning  ] nan_or_inf_loss                loss=nan
2026-05-16 08:30:00 [info     ] epoch_complete                 epoch=21 is_best=False lr=0.0006479999999999561 total_epochs=50 train_loss=nan val_loss=0.023339
2026-05-16 08:30:00 [debug    ] epoch_start                    epoch=22 total_epochs=50
2026-05-16 08:32:42 [warning  ] nan_or_inf_loss                loss=nan
2026-05-16 08:35:59 [debug    ] meta_saved                     path=data/models/seq_30_seed2/meta.json
2026-05-16 08:35:59 [debug    ] model_saved                    epoch=22
2026-05-16 08:35:59 [info     ] epoch_complete                 epoch=22 is_best=True lr=0.0006259999999999549 total_epochs=50 train_loss=nan val_loss=0.023247
2026-05-16 08:35:59 [debug    ] epoch_start                    epoch=23 total_epochs=50
2026-05-16 08:36:21 [warning  ] nan_or_inf_loss                loss=nan
2026-05-16 08:41:59 [debug    ] meta_saved                     path=data/models/seq_30_seed2/meta.json
2026-05-16 08:41:59 [debug    ] model_saved                    epoch=23
2026-05-16 08:41:59 [info     ] epoch_complete                 epoch=23 is_best=True lr=0.0006039999999999555 total_epochs=50 train_loss=nan val_loss=0.023071
2026-05-16 08:41:59 [debug    ] epoch_start                    epoch=24 total_epochs=50
2026-05-16 08:42:33 [warning  ] nan_or_inf_loss                loss=nan
2026-05-16 08:47:59 [info     ] epoch_complete                 epoch=24 is_best=False lr=0.0005819999999999556 total_epochs=50 train_loss=nan val_loss=0.02314
2026-05-16 08:47:59 [debug    ] epoch_start                    epoch=25 total_epochs=50
2026-05-16 08:51:40 [warning  ] nan_or_inf_loss                loss=nan
2026-05-16 08:53:59 [debug    ] meta_saved                     path=data/models/seq_30_seed2/meta.json
2026-05-16 08:53:59 [debug    ] model_saved                    epoch=25
2026-05-16 08:53:59 [info     ] epoch_complete                 epoch=25 is_best=True lr=0.000559999999999953 total_epochs=50 train_loss=nan val_loss=0.022848
2026-05-16 08:53:59 [debug    ] epoch_start                    epoch=26 total_epochs=50
2026-05-16 08:54:09 [warning  ] nan_or_inf_loss                loss=nan
2026-05-16 09:00:00 [debug    ] meta_saved                     path=data/models/seq_30_seed2/meta.json
2026-05-16 09:00:00 [debug    ] model_saved                    epoch=26
2026-05-16 09:00:00 [info     ] epoch_complete                 epoch=26 is_best=True lr=0.0005379999999999528 total_epochs=50 train_loss=nan val_loss=0.022489
2026-05-16 09:00:00 [debug    ] epoch_start                    epoch=27 total_epochs=50
2026-05-16 09:05:58 [warning  ] nan_or_inf_loss                loss=nan
2026-05-16 09:06:00 [info     ] epoch_complete                 epoch=27 is_best=False lr=0.0005159999999999556 total_epochs=50 train_loss=nan val_loss=0.05532
2026-05-16 09:06:00 [debug    ] epoch_start                    epoch=28 total_epochs=50
2026-05-16 09:11:48 [warning  ] nan_or_inf_loss                loss=nan
2026-05-16 09:12:00 [info     ] epoch_complete                 epoch=28 is_best=False lr=0.0004939999999999543 total_epochs=50 train_loss=nan val_loss=0.02467
2026-05-16 09:12:00 [debug    ] epoch_start                    epoch=29 total_epochs=50
2026-05-16 09:15:52 [warning  ] nan_or_inf_loss                loss=nan
2026-05-16 09:18:00 [info     ] epoch_complete                 epoch=29 is_best=False lr=0.00047199999999995607 total_epochs=50 train_loss=nan val_loss=0.023606
2026-05-16 09:18:00 [debug    ] epoch_start                    epoch=30 total_epochs=50
2026-05-16 09:20:36 [warning  ] nan_or_inf_loss                loss=nan
2026-05-16 09:24:02 [info     ] epoch_complete                 epoch=30 is_best=False lr=0.00044999999999995944 total_epochs=50 train_loss=nan val_loss=0.023021
2026-05-16 09:24:02 [debug    ] epoch_start                    epoch=31 total_epochs=50
2026-05-16 09:28:26 [warning  ] nan_or_inf_loss                loss=nan
2026-05-16 09:30:03 [info     ] epoch_complete                 epoch=31 is_best=False lr=0.00042799999999996313 total_epochs=50 train_loss=nan val_loss=0.022912
2026-05-16 09:30:03 [debug    ] epoch_start                    epoch=32 total_epochs=50
2026-05-16 09:35:28 [warning  ] nan_or_inf_loss                loss=nan
2026-05-16 09:36:04 [info     ] epoch_complete                 epoch=32 is_best=False lr=0.00040599999999996786 total_epochs=50 train_loss=nan val_loss=0.022999
2026-05-16 09:36:04 [debug    ] epoch_start                    epoch=33 total_epochs=50
2026-05-16 09:41:38 [warning  ] nan_or_inf_loss                loss=nan
2026-05-16 09:42:06 [info     ] epoch_complete                 epoch=33 is_best=False lr=0.00038399999999997274 total_epochs=50 train_loss=nan val_loss=0.022696
2026-05-16 09:42:06 [debug    ] epoch_start                    epoch=34 total_epochs=50
2026-05-16 09:47:00 [warning  ] nan_or_inf_loss                loss=nan
2026-05-16 09:48:07 [info     ] epoch_complete                 epoch=34 is_best=False lr=0.00036199999999997763 total_epochs=50 train_loss=nan val_loss=0.022631
2026-05-16 09:48:07 [debug    ] epoch_start                    epoch=35 total_epochs=50
2026-05-16 09:49:51 [warning  ] nan_or_inf_loss                loss=nan
2026-05-16 09:54:09 [debug    ] meta_saved                     path=data/models/seq_30_seed2/meta.json
2026-05-16 09:54:09 [debug    ] model_saved                    epoch=35
2026-05-16 09:54:09 [info     ] epoch_complete                 epoch=35 is_best=True lr=0.0003399999999999825 total_epochs=50 train_loss=nan val_loss=0.022483
2026-05-16 09:54:09 [debug    ] epoch_start                    epoch=36 total_epochs=50
2026-05-16 09:59:04 [warning  ] nan_or_inf_loss                loss=nan
2026-05-16 10:00:09 [info     ] epoch_complete                 epoch=36 is_best=False lr=0.0003179999999999874 total_epochs=50 train_loss=nan val_loss=0.025311
2026-05-16 10:00:09 [debug    ] epoch_start                    epoch=37 total_epochs=50
2026-05-16 10:03:40 [warning  ] nan_or_inf_loss                loss=nan
2026-05-16 10:06:10 [info     ] epoch_complete                 epoch=37 is_best=False lr=0.0002959999999999923 total_epochs=50 train_loss=nan val_loss=0.022653
2026-05-16 10:06:10 [debug    ] epoch_start                    epoch=38 total_epochs=50
2026-05-16 10:06:58 [warning  ] nan_or_inf_loss                loss=nan
2026-05-16 10:12:11 [info     ] epoch_complete                 epoch=38 is_best=False lr=0.0002739999999999972 total_epochs=50 train_loss=nan val_loss=0.022539
2026-05-16 10:12:11 [debug    ] epoch_start                    epoch=39 total_epochs=50
2026-05-16 10:12:41 [warning  ] nan_or_inf_loss                loss=nan
2026-05-16 10:18:12 [debug    ] meta_saved                     path=data/models/seq_30_seed2/meta.json
2026-05-16 10:18:12 [debug    ] model_saved                    epoch=39
2026-05-16 10:18:12 [info     ] epoch_complete                 epoch=39 is_best=True lr=0.00025200000000000206 total_epochs=50 train_loss=nan val_loss=0.022445
2026-05-16 10:18:12 [debug    ] epoch_start                    epoch=40 total_epochs=50
2026-05-16 10:19:59 [warning  ] nan_or_inf_loss                loss=nan
2026-05-16 10:24:11 [info     ] epoch_complete                 epoch=40 is_best=False lr=0.00023000000000000348 total_epochs=50 train_loss=nan val_loss=0.022473
2026-05-16 10:24:11 [debug    ] epoch_start                    epoch=41 total_epochs=50
2026-05-16 10:25:56 [warning  ] nan_or_inf_loss                loss=nan
2026-05-16 10:30:07 [info     ] epoch_complete                 epoch=41 is_best=False lr=0.00020800000000000357 total_epochs=50 train_loss=nan val_loss=0.022551
2026-05-16 10:30:07 [debug    ] epoch_start                    epoch=42 total_epochs=50
2026-05-16 10:31:25 [warning  ] nan_or_inf_loss                loss=nan
2026-05-16 10:35:59 [info     ] epoch_complete                 epoch=42 is_best=False lr=0.00018600000000000447 total_epochs=50 train_loss=nan val_loss=0.022475
2026-05-16 10:35:59 [debug    ] epoch_start                    epoch=43 total_epochs=50
2026-05-16 10:36:42 [warning  ] nan_or_inf_loss                loss=nan
2026-05-16 10:41:45 [info     ] epoch_complete                 epoch=43 is_best=False lr=0.00016400000000000613 total_epochs=50 train_loss=nan val_loss=0.022584
2026-05-16 10:41:45 [debug    ] epoch_start                    epoch=44 total_epochs=50
2026-05-16 10:44:48 [warning  ] nan_or_inf_loss                loss=nan
2026-05-16 10:47:33 [debug    ] meta_saved                     path=data/models/seq_30_seed2/meta.json
2026-05-16 10:47:33 [debug    ] model_saved                    epoch=44
2026-05-16 10:47:33 [info     ] epoch_complete                 epoch=44 is_best=True lr=0.00014200000000000754 total_epochs=50 train_loss=nan val_loss=0.022226
2026-05-16 10:47:33 [debug    ] epoch_start                    epoch=45 total_epochs=50
2026-05-16 10:48:33 [warning  ] nan_or_inf_loss                loss=nan
2026-05-16 10:53:17 [info     ] epoch_complete                 epoch=45 is_best=False lr=0.00012000000000000895 total_epochs=50 train_loss=nan val_loss=0.022528
2026-05-16 10:53:17 [debug    ] epoch_start                    epoch=46 total_epochs=50
2026-05-16 10:56:48 [warning  ] nan_or_inf_loss                loss=nan
2026-05-16 10:59:01 [debug    ] meta_saved                     path=data/models/seq_30_seed2/meta.json
2026-05-16 10:59:01 [debug    ] model_saved                    epoch=46
2026-05-16 10:59:01 [info     ] epoch_complete                 epoch=46 is_best=True lr=9.800000000000715e-05 total_epochs=50 train_loss=nan val_loss=0.022164
2026-05-16 10:59:01 [debug    ] epoch_start                    epoch=47 total_epochs=50
2026-05-16 11:00:13 [warning  ] nan_or_inf_loss                loss=nan
2026-05-16 11:04:50 [info     ] epoch_complete                 epoch=47 is_best=False lr=7.600000000000502e-05 total_epochs=50 train_loss=nan val_loss=0.022169
2026-05-16 11:04:50 [debug    ] epoch_start                    epoch=48 total_epochs=50
2026-05-16 11:05:56 [warning  ] nan_or_inf_loss                loss=nan
2026-05-16 11:10:42 [info     ] epoch_complete                 epoch=48 is_best=False lr=5.4000000000003054e-05 total_epochs=50 train_loss=nan val_loss=0.022177
2026-05-16 11:10:42 [debug    ] epoch_start                    epoch=49 total_epochs=50
2026-05-16 11:11:23 [warning  ] nan_or_inf_loss                loss=nan
2026-05-16 11:16:37 [debug    ] meta_saved                     path=data/models/seq_30_seed2/meta.json
2026-05-16 11:16:37 [debug    ] model_saved                    epoch=49
2026-05-16 11:16:37 [info     ] epoch_complete                 epoch=49 is_best=True lr=3.2000000000002384e-05 total_epochs=50 train_loss=nan val_loss=0.022098
2026-05-16 11:16:37 [debug    ] epoch_start                    epoch=50 total_epochs=50
2026-05-16 11:22:04 [warning  ] nan_or_inf_loss                loss=nan
2026-05-16 11:22:30 [debug    ] meta_saved                     path=data/models/seq_30_seed2/meta.json
2026-05-16 11:22:30 [debug    ] model_saved                    epoch=50
2026-05-16 11:22:30 [info     ] epoch_complete                 epoch=50 is_best=True lr=1.0000000000000765e-05 total_epochs=50 train_loss=nan val_loss=0.022068
2026-05-16 11:22:30 [info     ] training_log_saved             path=data/models/seq_30_seed2/training_losses.csv
2026-05-16 11:22:30 [info     ] training_complete              best_val_loss=0.022068
2026-05-16 11:22:30 [info     ] train_typecode_done            typecode=A320
2026-05-16 11:22:30 [info     ] train_done                     typecodes=['A320']

$ uv run fdm train --arch adsb --config results_run2/seq_30_seed2/config.yaml --model-name seq_30_seed2 --epochs 50 --batch-size 64 --lr 0.001 --method rk4 --seq-len 30 --train-limit 5000 --activation relu --seed 2 --backbone-depth 3 --head-depth 2 --hidden-width 48 --device cuda --no-use-mode-weights
