2026-05-18 19:57:41 [info     ] train_start                    arch=adsb device=cuda typecodes=['A320']
2026-05-18 19:57:41 [info     ] train_typecode                 typecode=A320
2026-05-18 19:57:41 [info     ] loading_data                   train_flights=1594 val_flights=247
2026-05-18 19:57:41 [warning  ] e1_column_missing              column=fdm_g_sin_gamma_ms2
2026-05-18 19:57:41 [warning  ] e1_column_missing              column=fdm_cos_gamma
2026-05-18 19:57:41 [warning  ] e1_column_missing              column=fdm_q_pa
2026-05-18 19:57:41 [warning  ] e1_column_missing              column=fdm_g_over_v
2026-05-18 19:57:41 [warning  ] e1_column_missing              column=fdm_lat_wind_ms
2026-05-18 19:57:41 [warning  ] e1_column_missing              column=fdm_drift_rad
2026-05-18 19:57:41 [warning  ] e1_column_missing              column=fdm_track_rad
2026-05-18 19:57:41 [warning  ] e1_column_missing              column=fdm_heading_diff_rad
2026-05-18 19:57:46 [warning  ] e1_column_missing              column=fdm_g_sin_gamma_ms2
2026-05-18 19:57:46 [warning  ] e1_column_missing              column=fdm_cos_gamma
2026-05-18 19:57:46 [warning  ] e1_column_missing              column=fdm_q_pa
2026-05-18 19:57:46 [warning  ] e1_column_missing              column=fdm_g_over_v
2026-05-18 19:57:46 [warning  ] e1_column_missing              column=fdm_lat_wind_ms
2026-05-18 19:57:46 [warning  ] e1_column_missing              column=fdm_drift_rad
2026-05-18 19:57:46 [warning  ] e1_column_missing              column=fdm_track_rad
2026-05-18 19:57:46 [warning  ] e1_column_missing              column=fdm_heading_diff_rad
2026-05-18 19:57:47 [info     ] data_loaded                    train_samples=48117 val_samples=7518
2026-05-18 19:58:06 [debug    ] meta_saved                     path=data/models/bs_16_seed1/meta.json
2026-05-18 19:58:06 [info     ] trainer_initialized            architecture=node_adsb_v1 device=cuda train_samples=48117 val_samples=7518
2026-05-18 19:58:06 [info     ] preloading_data_to_gpu
2026-05-18 19:58:06 [debug    ] epoch_start                    epoch=1 total_epochs=50
/data/common/dataiku/config/projects/NODEFDM/lib/python/.venv/lib/python3.12/site-packages/torch/_inductor/compile_fx.py:321: UserWarning: TensorFloat32 tensor cores for float32 matrix multiplication available but not enabled. Consider setting `torch.set_float32_matmul_precision('high')` for better performance.
  warnings.warn(
2026-05-18 19:58:26 [info     ] debug_magnitudes               norm_mean=['8427.359375', '-0.000899', '211.646118', '3.252943'] norm_std=['2287.523926', '0.040447', '34.116577', '1.247240'] ode_loss=0.598634
2026-05-18 19:59:43 [warning  ] nan_or_inf_loss                loss=nan
W0518 20:22:09.131000 1359113 torch/_dynamo/convert_frame.py:1676] [0/8] torch._dynamo hit config.recompile_limit (8)
W0518 20:22:09.131000 1359113 torch/_dynamo/convert_frame.py:1676] [0/8]    function: 'forward' (/data/common/dataiku/config/projects/NODEFDM/lib/python/packages/node-fdm/src/node_fdm/models/fdm.py:181)
W0518 20:22:09.131000 1359113 torch/_dynamo/convert_frame.py:1676] [0/8]    last reason: 0/7: tensor 'self.history['raw_alt_m']' size mismatch at index 1. expected 1, actual 2
W0518 20:22:09.131000 1359113 torch/_dynamo/convert_frame.py:1676] [0/8] To log all recompilation reasons, use TORCH_LOGS="recompiles".
W0518 20:22:09.131000 1359113 torch/_dynamo/convert_frame.py:1676] [0/8] To diagnose recompilation issues, see https://pytorch.org/docs/main/compile/programming_model.recompilation.html
2026-05-18 20:22:09 [debug    ] meta_saved                     path=data/models/bs_16_seed1/meta.json
2026-05-18 20:22:09 [debug    ] model_saved                    epoch=1
2026-05-18 20:22:09 [info     ] epoch_complete                 epoch=1 is_best=True lr=0.00020800000000000403 total_epochs=50 train_loss=nan val_loss=0.030739
2026-05-18 20:22:09 [debug    ] epoch_start                    epoch=2 total_epochs=50
2026-05-18 20:43:25 [warning  ] nan_or_inf_loss                loss=nan
2026-05-18 20:44:42 [debug    ] meta_saved                     path=data/models/bs_16_seed1/meta.json
2026-05-18 20:44:42 [debug    ] model_saved                    epoch=2
2026-05-18 20:44:42 [info     ] epoch_complete                 epoch=2 is_best=True lr=0.00040600000000001177 total_epochs=50 train_loss=nan val_loss=0.027473
2026-05-18 20:44:42 [debug    ] epoch_start                    epoch=3 total_epochs=50
2026-05-18 20:52:19 [warning  ] nan_or_inf_loss                loss=nan
2026-05-18 21:07:13 [debug    ] meta_saved                     path=data/models/bs_16_seed1/meta.json
2026-05-18 21:07:13 [debug    ] model_saved                    epoch=3
2026-05-18 21:07:13 [info     ] epoch_complete                 epoch=3 is_best=True lr=0.0006040000000000205 total_epochs=50 train_loss=nan val_loss=0.025442
2026-05-18 21:07:13 [debug    ] epoch_start                    epoch=4 total_epochs=50
2026-05-18 21:13:43 [warning  ] nan_or_inf_loss                loss=nan
2026-05-18 21:29:50 [info     ] epoch_complete                 epoch=4 is_best=False lr=0.0008020000000000355 total_epochs=50 train_loss=nan val_loss=0.027316
2026-05-18 21:29:50 [debug    ] epoch_start                    epoch=5 total_epochs=50
2026-05-18 21:31:45 [warning  ] nan_or_inf_loss                loss=nan
2026-05-18 21:52:23 [debug    ] meta_saved                     path=data/models/bs_16_seed1/meta.json
2026-05-18 21:52:23 [debug    ] model_saved                    epoch=5
2026-05-18 21:52:23 [info     ] epoch_complete                 epoch=5 is_best=True lr=0.001 total_epochs=50 train_loss=nan val_loss=0.024554
2026-05-18 21:52:23 [debug    ] epoch_start                    epoch=6 total_epochs=50
2026-05-18 21:52:29 [warning  ] nan_or_inf_loss                loss=nan
2026-05-18 22:14:57 [info     ] epoch_complete                 epoch=6 is_best=False lr=0.0009779999999999641 total_epochs=50 train_loss=nan val_loss=0.024676
2026-05-18 22:14:57 [debug    ] epoch_start                    epoch=7 total_epochs=50
2026-05-18 22:35:44 [warning  ] nan_or_inf_loss                loss=nan
2026-05-18 22:36:57 [debug    ] meta_saved                     path=data/models/bs_16_seed1/meta.json
2026-05-18 22:36:57 [debug    ] model_saved                    epoch=7
2026-05-18 22:36:57 [info     ] epoch_complete                 epoch=7 is_best=True lr=0.000955999999999962 total_epochs=50 train_loss=nan val_loss=0.024127
2026-05-18 22:36:57 [debug    ] epoch_start                    epoch=8 total_epochs=50
2026-05-18 22:52:11 [warning  ] nan_or_inf_loss                loss=nan
2026-05-18 22:58:50 [debug    ] meta_saved                     path=data/models/bs_16_seed1/meta.json
2026-05-18 22:58:50 [debug    ] model_saved                    epoch=8
2026-05-18 22:58:50 [info     ] epoch_complete                 epoch=8 is_best=True lr=0.0009339999999999617 total_epochs=50 train_loss=nan val_loss=0.023571
2026-05-18 22:58:50 [debug    ] epoch_start                    epoch=9 total_epochs=50
2026-05-18 22:59:33 [warning  ] nan_or_inf_loss                loss=nan
2026-05-18 23:20:40 [debug    ] meta_saved                     path=data/models/bs_16_seed1/meta.json
2026-05-18 23:20:40 [debug    ] model_saved                    epoch=9
2026-05-18 23:20:40 [info     ] epoch_complete                 epoch=9 is_best=True lr=0.0009119999999999571 total_epochs=50 train_loss=nan val_loss=0.023354
2026-05-18 23:20:40 [debug    ] epoch_start                    epoch=10 total_epochs=50
2026-05-18 23:36:21 [warning  ] nan_or_inf_loss                loss=nan
2026-05-18 23:42:32 [info     ] epoch_complete                 epoch=10 is_best=False lr=0.0008899999999999466 total_epochs=50 train_loss=nan val_loss=0.023548
2026-05-18 23:42:32 [debug    ] epoch_start                    epoch=11 total_epochs=50
2026-05-18 23:57:13 [warning  ] nan_or_inf_loss                loss=nan
2026-05-19 00:04:23 [info     ] epoch_complete                 epoch=11 is_best=False lr=0.000867999999999934 total_epochs=50 train_loss=nan val_loss=0.023722
2026-05-19 00:04:23 [debug    ] epoch_start                    epoch=12 total_epochs=50
2026-05-19 00:25:30 [warning  ] nan_or_inf_loss                loss=nan
2026-05-19 00:26:16 [info     ] epoch_complete                 epoch=12 is_best=False lr=0.0008459999999999202 total_epochs=50 train_loss=nan val_loss=0.024283
2026-05-19 00:26:16 [debug    ] epoch_start                    epoch=13 total_epochs=50
2026-05-19 00:56:06 [warning  ] nan_or_inf_loss                loss=nan
2026-05-19 00:59:10 [info     ] epoch_complete                 epoch=13 is_best=False lr=0.0008239999999999032 total_epochs=50 train_loss=nan val_loss=0.023863
2026-05-19 00:59:10 [debug    ] epoch_start                    epoch=14 total_epochs=50
2026-05-19 01:05:23 [warning  ] nan_or_inf_loss                loss=nan
2026-05-19 01:21:06 [info     ] epoch_complete                 epoch=14 is_best=False lr=0.0008019999999998813 total_epochs=50 train_loss=nan val_loss=0.023575
2026-05-19 01:21:06 [debug    ] epoch_start                    epoch=15 total_epochs=50
2026-05-19 01:38:39 [warning  ] nan_or_inf_loss                loss=nan
2026-05-19 01:43:07 [info     ] epoch_complete                 epoch=15 is_best=False lr=0.0007799999999998565 total_epochs=50 train_loss=nan val_loss=0.023482
2026-05-19 01:43:07 [debug    ] epoch_start                    epoch=16 total_epochs=50
2026-05-19 01:46:43 [warning  ] nan_or_inf_loss                loss=nan
2026-05-19 02:05:13 [info     ] epoch_complete                 epoch=16 is_best=False lr=0.000757999999999829 total_epochs=50 train_loss=nan val_loss=0.023701
2026-05-19 02:05:13 [debug    ] epoch_start                    epoch=17 total_epochs=50
2026-05-19 02:17:05 [warning  ] nan_or_inf_loss                loss=nan
2026-05-19 02:27:15 [debug    ] meta_saved                     path=data/models/bs_16_seed1/meta.json
2026-05-19 02:27:15 [debug    ] model_saved                    epoch=17
2026-05-19 02:27:15 [info     ] epoch_complete                 epoch=17 is_best=True lr=0.0007359999999997962 total_epochs=50 train_loss=nan val_loss=0.022708
2026-05-19 02:27:15 [debug    ] epoch_start                    epoch=18 total_epochs=50
2026-05-19 02:41:30 [warning  ] nan_or_inf_loss                loss=nan
2026-05-19 02:49:15 [info     ] epoch_complete                 epoch=18 is_best=False lr=0.0007139999999997608 total_epochs=50 train_loss=nan val_loss=0.237793
2026-05-19 02:49:15 [debug    ] epoch_start                    epoch=19 total_epochs=50
2026-05-19 02:58:30 [warning  ] nan_or_inf_loss                loss=nan
2026-05-19 03:11:18 [info     ] epoch_complete                 epoch=19 is_best=False lr=0.000691999999999725 total_epochs=50 train_loss=nan val_loss=0.113183
2026-05-19 03:11:18 [debug    ] epoch_start                    epoch=20 total_epochs=50
2026-05-19 03:20:35 [warning  ] nan_or_inf_loss                loss=nan
2026-05-19 03:32:57 [info     ] epoch_complete                 epoch=20 is_best=False lr=0.0006699999999996891 total_epochs=50 train_loss=nan val_loss=0.57387
2026-05-19 03:32:57 [debug    ] epoch_start                    epoch=21 total_epochs=50
2026-05-19 03:47:33 [warning  ] nan_or_inf_loss                loss=nan
2026-05-19 03:54:43 [info     ] epoch_complete                 epoch=21 is_best=False lr=0.0006479999999996532 total_epochs=50 train_loss=nan val_loss=0.169111
2026-05-19 03:54:43 [debug    ] epoch_start                    epoch=22 total_epochs=50
2026-05-19 03:59:09 [warning  ] nan_or_inf_loss                loss=nan
2026-05-19 04:16:31 [info     ] epoch_complete                 epoch=22 is_best=False lr=0.0006259999999996173 total_epochs=50 train_loss=nan val_loss=0.199481
2026-05-19 04:16:31 [debug    ] epoch_start                    epoch=23 total_epochs=50
2026-05-19 04:19:42 [warning  ] nan_or_inf_loss                loss=nan
2026-05-19 04:38:21 [info     ] epoch_complete                 epoch=23 is_best=False lr=0.0006039999999995814 total_epochs=50 train_loss=nan val_loss=0.147777
2026-05-19 04:38:21 [debug    ] epoch_start                    epoch=24 total_epochs=50
2026-05-19 04:39:49 [warning  ] nan_or_inf_loss                loss=nan
2026-05-19 05:00:10 [info     ] epoch_complete                 epoch=24 is_best=False lr=0.0005819999999995456 total_epochs=50 train_loss=nan val_loss=0.137086
2026-05-19 05:00:10 [debug    ] epoch_start                    epoch=25 total_epochs=50
2026-05-19 05:17:13 [warning  ] nan_or_inf_loss                loss=nan
2026-05-19 05:21:59 [info     ] epoch_complete                 epoch=25 is_best=False lr=0.0005599999999995097 total_epochs=50 train_loss=nan val_loss=0.142639
2026-05-19 05:21:59 [debug    ] epoch_start                    epoch=26 total_epochs=50
2026-05-19 05:41:33 [warning  ] nan_or_inf_loss                loss=nan
2026-05-19 05:43:47 [info     ] epoch_complete                 epoch=26 is_best=False lr=0.0005379999999994738 total_epochs=50 train_loss=nan val_loss=0.159625
2026-05-19 05:43:47 [debug    ] epoch_start                    epoch=27 total_epochs=50
2026-05-19 05:58:58 [warning  ] nan_or_inf_loss                loss=nan
2026-05-19 06:05:37 [info     ] epoch_complete                 epoch=27 is_best=False lr=0.0005159999999994379 total_epochs=50 train_loss=nan val_loss=0.23545
2026-05-19 06:05:37 [debug    ] epoch_start                    epoch=28 total_epochs=50
2026-05-19 06:16:24 [warning  ] nan_or_inf_loss                loss=nan
2026-05-19 06:27:27 [info     ] epoch_complete                 epoch=28 is_best=False lr=0.000493999999999402 total_epochs=50 train_loss=nan val_loss=0.117054
2026-05-19 06:27:27 [debug    ] epoch_start                    epoch=29 total_epochs=50
2026-05-19 06:48:29 [warning  ] nan_or_inf_loss                loss=nan
2026-05-19 06:49:17 [info     ] epoch_complete                 epoch=29 is_best=False lr=0.0004719999999994111 total_epochs=50 train_loss=nan val_loss=0.159442
2026-05-19 06:49:17 [debug    ] epoch_start                    epoch=30 total_epochs=50
2026-05-19 07:09:32 [warning  ] nan_or_inf_loss                loss=nan
2026-05-19 07:11:09 [info     ] epoch_complete                 epoch=30 is_best=False lr=0.00044999999999943837 total_epochs=50 train_loss=nan val_loss=0.121505
2026-05-19 07:11:09 [debug    ] epoch_start                    epoch=31 total_epochs=50
2026-05-19 07:26:39 [warning  ] nan_or_inf_loss                loss=nan
2026-05-19 07:33:06 [info     ] epoch_complete                 epoch=31 is_best=False lr=0.00042799999999946353 total_epochs=50 train_loss=nan val_loss=0.120421
2026-05-19 07:33:06 [debug    ] epoch_start                    epoch=32 total_epochs=50
2026-05-19 07:43:05 [warning  ] nan_or_inf_loss                loss=nan
2026-05-19 07:59:10 [info     ] epoch_complete                 epoch=32 is_best=False lr=0.0004059999999994871 total_epochs=50 train_loss=nan val_loss=0.132344
2026-05-19 07:59:10 [debug    ] epoch_start                    epoch=33 total_epochs=50
2026-05-19 08:15:15 [warning  ] nan_or_inf_loss                loss=nan
2026-05-19 08:23:44 [info     ] epoch_complete                 epoch=33 is_best=False lr=0.0003839999999995121 total_epochs=50 train_loss=nan val_loss=0.12666
2026-05-19 08:23:44 [debug    ] epoch_start                    epoch=34 total_epochs=50
2026-05-19 08:25:59 [warning  ] nan_or_inf_loss                loss=nan
2026-05-19 08:50:26 [info     ] epoch_complete                 epoch=34 is_best=False lr=0.0003619999999995329 total_epochs=50 train_loss=nan val_loss=0.12424
2026-05-19 08:50:26 [debug    ] epoch_start                    epoch=35 total_epochs=50
2026-05-19 09:16:31 [warning  ] nan_or_inf_loss                loss=nan
2026-05-19 09:17:21 [info     ] epoch_complete                 epoch=35 is_best=False lr=0.0003399999999995574 total_epochs=50 train_loss=nan val_loss=0.123348
2026-05-19 09:17:21 [debug    ] epoch_start                    epoch=36 total_epochs=50
2026-05-19 09:32:48 [warning  ] nan_or_inf_loss                loss=nan
2026-05-19 09:44:44 [info     ] epoch_complete                 epoch=36 is_best=False lr=0.00031799999999957725 total_epochs=50 train_loss=nan val_loss=0.13141
2026-05-19 09:44:44 [debug    ] epoch_start                    epoch=37 total_epochs=50
2026-05-19 10:11:24 [warning  ] nan_or_inf_loss                loss=nan
2026-05-19 10:12:02 [info     ] epoch_complete                 epoch=37 is_best=False lr=0.00029599999999959845 total_epochs=50 train_loss=nan val_loss=0.133535
2026-05-19 10:12:02 [debug    ] epoch_start                    epoch=38 total_epochs=50
2026-05-19 10:27:19 [warning  ] nan_or_inf_loss                loss=nan
2026-05-19 10:39:08 [info     ] epoch_complete                 epoch=38 is_best=False lr=0.0002739999999996183 total_epochs=50 train_loss=nan val_loss=0.132467
2026-05-19 10:39:08 [debug    ] epoch_start                    epoch=39 total_epochs=50
2026-05-19 10:41:51 [warning  ] nan_or_inf_loss                loss=nan
2026-05-19 11:06:26 [info     ] epoch_complete                 epoch=39 is_best=False lr=0.00025199999999963614 total_epochs=50 train_loss=nan val_loss=0.126248
2026-05-19 11:06:26 [debug    ] epoch_start                    epoch=40 total_epochs=50
2026-05-19 11:22:20 [warning  ] nan_or_inf_loss                loss=nan
2026-05-19 11:33:32 [info     ] epoch_complete                 epoch=40 is_best=False lr=0.00022999999999966507 total_epochs=50 train_loss=nan val_loss=0.117582
2026-05-19 11:33:32 [debug    ] epoch_start                    epoch=41 total_epochs=50
2026-05-19 11:53:33 [warning  ] nan_or_inf_loss                loss=nan
2026-05-19 11:56:14 [info     ] epoch_complete                 epoch=41 is_best=False lr=0.00020799999999970018 total_epochs=50 train_loss=nan val_loss=0.115977
2026-05-19 11:56:14 [debug    ] epoch_start                    epoch=42 total_epochs=50
2026-05-19 12:00:46 [warning  ] nan_or_inf_loss                loss=nan
2026-05-19 12:18:09 [info     ] epoch_complete                 epoch=42 is_best=False lr=0.00018599999999973816 total_epochs=50 train_loss=nan val_loss=0.118337
2026-05-19 12:18:09 [debug    ] epoch_start                    epoch=43 total_epochs=50
2026-05-19 12:32:43 [warning  ] nan_or_inf_loss                loss=nan
2026-05-19 12:40:14 [info     ] epoch_complete                 epoch=43 is_best=False lr=0.00016399999999977863 total_epochs=50 train_loss=nan val_loss=0.122731
2026-05-19 12:40:14 [debug    ] epoch_start                    epoch=44 total_epochs=50
2026-05-19 12:43:59 [warning  ] nan_or_inf_loss                loss=nan
2026-05-19 13:02:08 [info     ] epoch_complete                 epoch=44 is_best=False lr=0.0001419999999998216 total_epochs=50 train_loss=nan val_loss=0.115321
2026-05-19 13:02:08 [debug    ] epoch_start                    epoch=45 total_epochs=50
2026-05-19 13:13:01 [warning  ] nan_or_inf_loss                loss=nan
2026-05-19 13:24:02 [info     ] epoch_complete                 epoch=45 is_best=False lr=0.00011999999999986392 total_epochs=50 train_loss=nan val_loss=0.111935
2026-05-19 13:24:02 [debug    ] epoch_start                    epoch=46 total_epochs=50
2026-05-19 13:27:15 [warning  ] nan_or_inf_loss                loss=nan
2026-05-19 13:46:00 [info     ] epoch_complete                 epoch=46 is_best=False lr=9.799999999988916e-05 total_epochs=50 train_loss=nan val_loss=0.113597
2026-05-19 13:46:00 [debug    ] epoch_start                    epoch=47 total_epochs=50
2026-05-19 13:47:31 [warning  ] nan_or_inf_loss                loss=nan
2026-05-19 14:08:00 [info     ] epoch_complete                 epoch=47 is_best=False lr=7.599999999991358e-05 total_epochs=50 train_loss=nan val_loss=0.110159
2026-05-19 14:08:00 [debug    ] epoch_start                    epoch=48 total_epochs=50
2026-05-19 14:12:56 [warning  ] nan_or_inf_loss                loss=nan
2026-05-19 14:30:02 [info     ] epoch_complete                 epoch=48 is_best=False lr=5.3999999999938415e-05 total_epochs=50 train_loss=nan val_loss=0.11008
2026-05-19 14:30:02 [debug    ] epoch_start                    epoch=49 total_epochs=50
2026-05-19 14:47:29 [warning  ] nan_or_inf_loss                loss=nan
2026-05-19 14:52:01 [info     ] epoch_complete                 epoch=49 is_best=False lr=3.1999999999963685e-05 total_epochs=50 train_loss=nan val_loss=0.109767
2026-05-19 14:52:01 [debug    ] epoch_start                    epoch=50 total_epochs=50
2026-05-19 15:01:24 [warning  ] nan_or_inf_loss                loss=nan
2026-05-19 15:14:04 [info     ] epoch_complete                 epoch=50 is_best=False lr=9.999999999988878e-06 total_epochs=50 train_loss=nan val_loss=0.10994
2026-05-19 15:14:04 [info     ] training_log_saved             path=data/models/bs_16_seed1/training_losses.csv
2026-05-19 15:14:04 [info     ] training_complete              best_val_loss=0.022708
2026-05-19 15:14:04 [info     ] train_typecode_done            typecode=A320
2026-05-19 15:14:05 [info     ] train_done                     typecodes=['A320']

$ uv run fdm train --arch adsb --config results_run3/bs_16_seed1/config.yaml --model-name bs_16_seed1 --epochs 50 --batch-size 16 --lr 0.001 --method rk4 --seq-len 30 --train-limit 5000 --activation relu --seed 1 --backbone-depth 2 --head-depth 2 --hidden-width 48 --device cuda --no-use-mode-weights
