2026-05-13 11:55:56 [info     ] evaluate_start                 arch=adsb typecodes=['A320']
2026-05-13 11:55:56 [info     ] evaluate_typecode              flights=542 typecode=A320
2026-05-13 11:56:08 [info     ] evaluate_done                  output=data/model_performance/lr_0.0005_seed1/performance.parquet rows=16
shape: (16, 11)
┌──────────┬─────────────────────────┬──────────────┬───────┬─────────┬──────────┬──────────┬──────────┬─────────┬──────────┬────────┐
│ Aircraft ┆ Variable                ┆ Phase        ┆ Model ┆ MAE     ┆ MAE_std  ┆ MAPE (%) ┆ MAPE_std ┆ ME      ┆ ME_std   ┆ Count  │
│ ---      ┆ ---                     ┆ ---          ┆ ---   ┆ ---     ┆ ---      ┆ ---      ┆ ---      ┆ ---     ┆ ---      ┆ ---    │
│ str      ┆ str                     ┆ str          ┆ str   ┆ f64     ┆ f64      ┆ f64      ┆ f64      ┆ f64     ┆ f64      ┆ i64    │
╞══════════╪═════════════════════════╪══════════════╪═══════╪═════════╪══════════╪══════════╪══════════╪═════════╪══════════╪════════╡
│ A320     ┆ Altitude [m]            ┆ All phases   ┆ PRED  ┆ 297.346 ┆ 614.757  ┆ 6.112    ┆ 19.298   ┆ 131.342 ┆ 670.142  ┆ 478843 │
│ A320     ┆ Altitude [m]            ┆ Climb        ┆ PRED  ┆ 832.577 ┆ 1091.821 ┆ 18.358   ┆ 37.657   ┆ 640.531 ┆ 1214.486 ┆ 90018  │
│ A320     ┆ Altitude [m]            ┆ Level flight ┆ PRED  ┆ 109.275 ┆ 211.165  ┆ 1.341    ┆ 5.712    ┆ 7.217   ┆ 237.654  ┆ 296839 │
│ A320     ┆ Altitude [m]            ┆ Descent      ┆ PRED  ┆ 380.472 ┆ 505.449  ┆ 9.522    ┆ 14.621   ┆ 33.600  ┆ 631.751  ┆ 91986  │
│ A320     ┆ Flight path angle [deg] ┆ All phases   ┆ PRED  ┆ 0.287   ┆ 0.609    ┆ NaN      ┆ NaN      ┆ -0.056  ┆ 0.671    ┆ 478843 │
│ A320     ┆ Flight path angle [deg] ┆ Climb        ┆ PRED  ┆ 0.714   ┆ 0.948    ┆ NaN      ┆ NaN      ┆ -0.415  ┆ 1.112    ┆ 90018  │
│ A320     ┆ Flight path angle [deg] ┆ Level flight ┆ PRED  ┆ 0.079   ┆ 0.246    ┆ NaN      ┆ NaN      ┆ -0.009  ┆ 0.258    ┆ 296839 │
│ A320     ┆ Flight path angle [deg] ┆ Descent      ┆ PRED  ┆ 0.539   ┆ 0.690    ┆ NaN      ┆ NaN      ┆ 0.144   ┆ 0.864    ┆ 91986  │
│ A320     ┆ Heading [deg]           ┆ All phases   ┆ PRED  ┆ 1.980   ┆ 7.122    ┆ NaN      ┆ NaN      ┆ 0.186   ┆ 7.390    ┆ 478843 │
│ A320     ┆ Heading [deg]           ┆ Climb        ┆ PRED  ┆ 2.289   ┆ 7.071    ┆ NaN      ┆ NaN      ┆ -0.017  ┆ 7.432    ┆ 90018  │
│ A320     ┆ Heading [deg]           ┆ Level flight ┆ PRED  ┆ 1.758   ┆ 6.814    ┆ NaN      ┆ NaN      ┆ 0.287   ┆ 7.031    ┆ 296839 │
│ A320     ┆ Heading [deg]           ┆ Descent      ┆ PRED  ┆ 2.391   ┆ 8.054    ┆ NaN      ┆ NaN      ┆ 0.057   ┆ 8.401    ┆ 91986  │
│ A320     ┆ True airspeed [m/s]     ┆ All phases   ┆ PRED  ┆ 2.963   ┆ 7.006    ┆ 1.691    ┆ 5.604    ┆ 0.377   ┆ 7.598    ┆ 478843 │
│ A320     ┆ True airspeed [m/s]     ┆ Climb        ┆ PRED  ┆ 5.317   ┆ 11.770   ┆ 3.330    ┆ 9.367    ┆ 2.819   ┆ 12.604   ┆ 90018  │
│ A320     ┆ True airspeed [m/s]     ┆ Level flight ┆ PRED  ┆ 1.912   ┆ 4.324    ┆ 0.960    ┆ 4.075    ┆ -0.132  ┆ 4.726    ┆ 296839 │
│ A320     ┆ True airspeed [m/s]     ┆ Descent      ┆ PRED  ┆ 4.048   ┆ 7.031    ┆ 2.448    ┆ 4.372    ┆ -0.370  ┆ 8.105    ┆ 91986  │
└──────────┴─────────────────────────┴──────────────┴───────┴─────────┴──────────┴──────────┴──────────┴─────────┴──────────┴────────┘

$ uv run fdm evaluate --arch adsb --config results/lr_0.0005_seed1/config.yaml --model-name lr_0.0005_seed1
