2026-05-21 06:26:44 [info     ] evaluate_start                 arch=adsb typecodes=['A320']
2026-05-21 06:26:44 [info     ] evaluate_typecode              flights=542 typecode=A320
2026-05-21 06:26:56 [info     ] evaluate_done                  output=data/model_performance/bs_32_seed1/performance.parquet rows=16
shape: (16, 11)
┌──────────┬─────────────────────────┬──────────────┬───────┬─────────┬──────────┬──────────┬──────────┬─────────┬──────────┬────────┐
│ Aircraft ┆ Variable                ┆ Phase        ┆ Model ┆ MAE     ┆ MAE_std  ┆ MAPE (%) ┆ MAPE_std ┆ ME      ┆ ME_std   ┆ Count  │
│ ---      ┆ ---                     ┆ ---          ┆ ---   ┆ ---     ┆ ---      ┆ ---      ┆ ---      ┆ ---     ┆ ---      ┆ ---    │
│ str      ┆ str                     ┆ str          ┆ str   ┆ f64     ┆ f64      ┆ f64      ┆ f64      ┆ f64     ┆ f64      ┆ i64    │
╞══════════╪═════════════════════════╪══════════════╪═══════╪═════════╪══════════╪══════════╪══════════╪═════════╪══════════╪════════╡
│ A320     ┆ Altitude [m]            ┆ All phases   ┆ PRED  ┆ 241.354 ┆ 630.065  ┆ 5.393    ┆ 19.769   ┆ 135.695 ┆ 660.924  ┆ 478843 │
│ A320     ┆ Altitude [m]            ┆ Climb        ┆ PRED  ┆ 816.271 ┆ 1139.232 ┆ 18.448   ┆ 39.334   ┆ 660.606 ┆ 1236.021 ┆ 90018  │
│ A320     ┆ Altitude [m]            ┆ Level flight ┆ PRED  ┆ 45.840  ┆ 187.687  ┆ 0.659    ┆ 5.352    ┆ 3.454   ┆ 193.173  ┆ 296839 │
│ A320     ┆ Altitude [m]            ┆ Descent      ┆ PRED  ┆ 309.665 ┆ 480.929  ┆ 7.896    ┆ 13.508   ┆ 48.755  ┆ 569.919  ┆ 91986  │
│ A320     ┆ Flight path angle [deg] ┆ All phases   ┆ PRED  ┆ 0.273   ┆ 0.617    ┆ NaN      ┆ NaN      ┆ -0.062  ┆ 0.672    ┆ 478843 │
│ A320     ┆ Flight path angle [deg] ┆ Climb        ┆ PRED  ┆ 0.720   ┆ 0.993    ┆ NaN      ┆ NaN      ┆ -0.418  ┆ 1.153    ┆ 90018  │
│ A320     ┆ Flight path angle [deg] ┆ Level flight ┆ PRED  ┆ 0.071   ┆ 0.241    ┆ NaN      ┆ NaN      ┆ -0.006  ┆ 0.251    ┆ 296839 │
│ A320     ┆ Flight path angle [deg] ┆ Descent      ┆ PRED  ┆ 0.489   ┆ 0.674    ┆ NaN      ┆ NaN      ┆ 0.106   ┆ 0.826    ┆ 91986  │
│ A320     ┆ Heading [deg]           ┆ All phases   ┆ PRED  ┆ 1.334   ┆ 6.661    ┆ NaN      ┆ NaN      ┆ 0.009   ┆ 6.793    ┆ 478843 │
│ A320     ┆ Heading [deg]           ┆ Climb        ┆ PRED  ┆ 2.065   ┆ 8.608    ┆ NaN      ┆ NaN      ┆ -0.051  ┆ 8.852    ┆ 90018  │
│ A320     ┆ Heading [deg]           ┆ Level flight ┆ PRED  ┆ 0.933   ┆ 5.601    ┆ NaN      ┆ NaN      ┆ 0.027   ┆ 5.678    ┆ 296839 │
│ A320     ┆ Heading [deg]           ┆ Descent      ┆ PRED  ┆ 1.911   ┆ 7.473    ┆ NaN      ┆ NaN      ┆ 0.008   ┆ 7.714    ┆ 91986  │
│ A320     ┆ True airspeed [m/s]     ┆ All phases   ┆ PRED  ┆ 3.259   ┆ 8.169    ┆ 1.830    ┆ 6.308    ┆ 0.954   ┆ 8.743    ┆ 478843 │
│ A320     ┆ True airspeed [m/s]     ┆ Climb        ┆ PRED  ┆ 5.970   ┆ 15.102   ┆ 3.756    ┆ 11.582   ┆ 3.446   ┆ 15.870   ┆ 90018  │
│ A320     ┆ True airspeed [m/s]     ┆ Level flight ┆ PRED  ┆ 2.251   ┆ 4.489    ┆ 1.100    ┆ 4.074    ┆ 0.659   ┆ 4.979    ┆ 296839 │
│ A320     ┆ True airspeed [m/s]     ┆ Descent      ┆ PRED  ┆ 3.859   ┆ 6.953    ┆ 2.299    ┆ 4.092    ┆ -0.534  ┆ 7.934    ┆ 91986  │
└──────────┴─────────────────────────┴──────────────┴───────┴─────────┴──────────┴──────────┴──────────┴─────────┴──────────┴────────┘

$ uv run fdm evaluate --arch adsb --config results_run4/bs_32_seed1/config.yaml --model-name bs_32_seed1
