2026-05-20 18:28:58 [info     ] train_start                    arch=adsb device=cuda typecodes=['A320']
2026-05-20 18:28:58 [info     ] train_typecode                 typecode=A320
2026-05-20 18:28:59 [info     ] loading_data                   train_flights=1594 val_flights=247
2026-05-20 18:28:59 [warning  ] e1_column_missing              column=fdm_g_sin_gamma_ms2
2026-05-20 18:28:59 [warning  ] e1_column_missing              column=fdm_cos_gamma
2026-05-20 18:28:59 [warning  ] e1_column_missing              column=fdm_q_pa
2026-05-20 18:28:59 [warning  ] e1_column_missing              column=fdm_g_over_v
2026-05-20 18:28:59 [warning  ] e1_column_missing              column=fdm_lat_wind_ms
2026-05-20 18:28:59 [warning  ] e1_column_missing              column=fdm_drift_rad
2026-05-20 18:28:59 [warning  ] e1_column_missing              column=fdm_track_rad
2026-05-20 18:28:59 [warning  ] e1_column_missing              column=fdm_heading_diff_rad
2026-05-20 18:29:13 [warning  ] e1_column_missing              column=fdm_g_sin_gamma_ms2
2026-05-20 18:29:13 [warning  ] e1_column_missing              column=fdm_cos_gamma
2026-05-20 18:29:13 [warning  ] e1_column_missing              column=fdm_q_pa
2026-05-20 18:29:13 [warning  ] e1_column_missing              column=fdm_g_over_v
2026-05-20 18:29:13 [warning  ] e1_column_missing              column=fdm_lat_wind_ms
2026-05-20 18:29:13 [warning  ] e1_column_missing              column=fdm_drift_rad
2026-05-20 18:29:13 [warning  ] e1_column_missing              column=fdm_track_rad
2026-05-20 18:29:13 [warning  ] e1_column_missing              column=fdm_heading_diff_rad
2026-05-20 18:29:14 [info     ] data_loaded                    train_samples=48117 val_samples=7518
2026-05-20 18:29:35 [debug    ] meta_saved                     path=data/models/bs_32_seed1/meta.json
2026-05-20 18:29:35 [info     ] trainer_initialized            architecture=node_adsb_v1 device=cuda train_samples=48117 val_samples=7518
2026-05-20 18:29:35 [info     ] preloading_data_to_gpu
2026-05-20 18:29:36 [debug    ] epoch_start                    epoch=1 total_epochs=50
/data/common/dataiku/config/projects/NODEFDM/lib/python/.venv/lib/python3.12/site-packages/torch/_inductor/compile_fx.py:321: UserWarning: TensorFloat32 tensor cores for float32 matrix multiplication available but not enabled. Consider setting `torch.set_float32_matmul_precision('high')` for better performance.
  warnings.warn(
2026-05-20 18:29:57 [info     ] debug_magnitudes               norm_mean=['8427.359375', '-0.000899', '211.646118', '3.252943'] norm_std=['2287.523926', '0.040447', '34.116577', '1.247240'] ode_loss=0.366533
2026-05-20 18:30:41 [warning  ] nan_or_inf_loss                loss=nan
W0520 18:42:46.119000 2208769 torch/_dynamo/convert_frame.py:1676] [0/8] torch._dynamo hit config.recompile_limit (8)
W0520 18:42:46.119000 2208769 torch/_dynamo/convert_frame.py:1676] [0/8]    function: 'forward' (/data/common/dataiku/config/projects/NODEFDM/lib/python/packages/node-fdm/src/node_fdm/models/fdm.py:181)
W0520 18:42:46.119000 2208769 torch/_dynamo/convert_frame.py:1676] [0/8]    last reason: 0/7: tensor 'self.history['raw_alt_m']' size mismatch at index 1. expected 1, actual 2
W0520 18:42:46.119000 2208769 torch/_dynamo/convert_frame.py:1676] [0/8] To log all recompilation reasons, use TORCH_LOGS="recompiles".
W0520 18:42:46.119000 2208769 torch/_dynamo/convert_frame.py:1676] [0/8] To diagnose recompilation issues, see https://pytorch.org/docs/main/compile/programming_model.recompilation.html
2026-05-20 18:42:46 [debug    ] meta_saved                     path=data/models/bs_32_seed1/meta.json
2026-05-20 18:42:46 [debug    ] model_saved                    epoch=1
2026-05-20 18:42:46 [info     ] epoch_complete                 epoch=1 is_best=True lr=0.00020800000000000077 total_epochs=50 train_loss=nan val_loss=0.033055
2026-05-20 18:42:46 [debug    ] epoch_start                    epoch=2 total_epochs=50
2026-05-20 18:53:51 [warning  ] nan_or_inf_loss                loss=nan
2026-05-20 18:54:32 [debug    ] meta_saved                     path=data/models/bs_32_seed1/meta.json
2026-05-20 18:54:32 [debug    ] model_saved                    epoch=2
2026-05-20 18:54:32 [info     ] epoch_complete                 epoch=2 is_best=True lr=0.00040600000000000174 total_epochs=50 train_loss=nan val_loss=0.027327
2026-05-20 18:54:32 [debug    ] epoch_start                    epoch=3 total_epochs=50
2026-05-20 18:58:31 [warning  ] nan_or_inf_loss                loss=nan
2026-05-20 19:06:16 [debug    ] meta_saved                     path=data/models/bs_32_seed1/meta.json
2026-05-20 19:06:16 [debug    ] model_saved                    epoch=3
2026-05-20 19:06:16 [info     ] epoch_complete                 epoch=3 is_best=True lr=0.0006040000000000034 total_epochs=50 train_loss=nan val_loss=0.026064
2026-05-20 19:06:16 [debug    ] epoch_start                    epoch=4 total_epochs=50
2026-05-20 19:09:37 [warning  ] nan_or_inf_loss                loss=nan
2026-05-20 19:17:58 [info     ] epoch_complete                 epoch=4 is_best=False lr=0.0008020000000000034 total_epochs=50 train_loss=nan val_loss=0.02642
2026-05-20 19:17:58 [debug    ] epoch_start                    epoch=5 total_epochs=50
2026-05-20 19:18:58 [warning  ] nan_or_inf_loss                loss=nan
2026-05-20 19:29:47 [debug    ] meta_saved                     path=data/models/bs_32_seed1/meta.json
2026-05-20 19:29:47 [debug    ] model_saved                    epoch=5
2026-05-20 19:29:47 [info     ] epoch_complete                 epoch=5 is_best=True lr=0.001 total_epochs=50 train_loss=nan val_loss=0.025351
2026-05-20 19:29:47 [debug    ] epoch_start                    epoch=6 total_epochs=50
2026-05-20 19:29:50 [warning  ] nan_or_inf_loss                loss=nan
2026-05-20 19:41:42 [debug    ] meta_saved                     path=data/models/bs_32_seed1/meta.json
2026-05-20 19:41:42 [debug    ] model_saved                    epoch=6
2026-05-20 19:41:42 [info     ] epoch_complete                 epoch=6 is_best=True lr=0.0009779999999999641 total_epochs=50 train_loss=nan val_loss=0.024493
2026-05-20 19:41:42 [debug    ] epoch_start                    epoch=7 total_epochs=50
2026-05-20 19:52:55 [warning  ] nan_or_inf_loss                loss=nan
2026-05-20 19:53:34 [debug    ] meta_saved                     path=data/models/bs_32_seed1/meta.json
2026-05-20 19:53:34 [debug    ] model_saved                    epoch=7
2026-05-20 19:53:34 [info     ] epoch_complete                 epoch=7 is_best=True lr=0.000955999999999966 total_epochs=50 train_loss=nan val_loss=0.023551
2026-05-20 19:53:34 [debug    ] epoch_start                    epoch=8 total_epochs=50
2026-05-20 20:01:43 [warning  ] nan_or_inf_loss                loss=nan
2026-05-20 20:05:17 [info     ] epoch_complete                 epoch=8 is_best=False lr=0.0009339999999999676 total_epochs=50 train_loss=nan val_loss=0.023798
2026-05-20 20:05:17 [debug    ] epoch_start                    epoch=9 total_epochs=50
2026-05-20 20:05:40 [warning  ] nan_or_inf_loss                loss=nan
2026-05-20 20:17:01 [info     ] epoch_complete                 epoch=9 is_best=False lr=0.0009119999999999646 total_epochs=50 train_loss=nan val_loss=0.023699
2026-05-20 20:17:01 [debug    ] epoch_start                    epoch=10 total_epochs=50
2026-05-20 20:25:27 [warning  ] nan_or_inf_loss                loss=nan
2026-05-20 20:28:48 [info     ] epoch_complete                 epoch=10 is_best=False lr=0.0008899999999999641 total_epochs=50 train_loss=nan val_loss=0.023998
2026-05-20 20:28:48 [debug    ] epoch_start                    epoch=11 total_epochs=50
2026-05-20 20:36:44 [warning  ] nan_or_inf_loss                loss=nan
2026-05-20 20:40:37 [info     ] epoch_complete                 epoch=11 is_best=False lr=0.0008679999999999602 total_epochs=50 train_loss=nan val_loss=0.024256
2026-05-20 20:40:37 [debug    ] epoch_start                    epoch=12 total_epochs=50
2026-05-20 20:52:01 [warning  ] nan_or_inf_loss                loss=nan
2026-05-20 20:52:26 [info     ] epoch_complete                 epoch=12 is_best=False lr=0.0008459999999999557 total_epochs=50 train_loss=nan val_loss=0.024324
2026-05-20 20:52:26 [debug    ] epoch_start                    epoch=13 total_epochs=50
2026-05-20 21:03:14 [warning  ] nan_or_inf_loss                loss=nan
2026-05-20 21:04:15 [debug    ] meta_saved                     path=data/models/bs_32_seed1/meta.json
2026-05-20 21:04:15 [debug    ] model_saved                    epoch=13
2026-05-20 21:04:15 [info     ] epoch_complete                 epoch=13 is_best=True lr=0.0008239999999999501 total_epochs=50 train_loss=nan val_loss=0.023374
2026-05-20 21:04:15 [debug    ] epoch_start                    epoch=14 total_epochs=50
2026-05-20 21:07:36 [warning  ] nan_or_inf_loss                loss=nan
2026-05-20 21:16:04 [info     ] epoch_complete                 epoch=14 is_best=False lr=0.0008019999999999432 total_epochs=50 train_loss=nan val_loss=0.034036
2026-05-20 21:16:04 [debug    ] epoch_start                    epoch=15 total_epochs=50
2026-05-20 21:25:28 [warning  ] nan_or_inf_loss                loss=nan
2026-05-20 21:27:52 [info     ] epoch_complete                 epoch=15 is_best=False lr=0.0007799999999999348 total_epochs=50 train_loss=nan val_loss=0.035063
2026-05-20 21:27:52 [debug    ] epoch_start                    epoch=16 total_epochs=50
2026-05-20 21:29:47 [warning  ] nan_or_inf_loss                loss=nan
2026-05-20 21:39:43 [info     ] epoch_complete                 epoch=16 is_best=False lr=0.0007579999999999236 total_epochs=50 train_loss=nan val_loss=0.02652
2026-05-20 21:39:43 [debug    ] epoch_start                    epoch=17 total_epochs=50
2026-05-20 21:46:04 [warning  ] nan_or_inf_loss                loss=nan
2026-05-20 21:51:33 [info     ] epoch_complete                 epoch=17 is_best=False lr=0.0007359999999999133 total_epochs=50 train_loss=nan val_loss=0.024553
2026-05-20 21:51:33 [debug    ] epoch_start                    epoch=18 total_epochs=50
2026-05-20 21:59:23 [warning  ] nan_or_inf_loss                loss=nan
2026-05-20 22:03:35 [info     ] epoch_complete                 epoch=18 is_best=False lr=0.0007139999999999008 total_epochs=50 train_loss=nan val_loss=0.024148
2026-05-20 22:03:35 [debug    ] epoch_start                    epoch=19 total_epochs=50
2026-05-20 22:08:32 [warning  ] nan_or_inf_loss                loss=nan
2026-05-20 22:15:22 [info     ] epoch_complete                 epoch=19 is_best=False lr=0.0006919999999998854 total_epochs=50 train_loss=nan val_loss=0.024543
2026-05-20 22:15:22 [debug    ] epoch_start                    epoch=20 total_epochs=50
2026-05-20 22:20:29 [warning  ] nan_or_inf_loss                loss=nan
2026-05-20 22:27:12 [debug    ] meta_saved                     path=data/models/bs_32_seed1/meta.json
2026-05-20 22:27:12 [debug    ] model_saved                    epoch=20
2026-05-20 22:27:12 [info     ] epoch_complete                 epoch=20 is_best=True lr=0.0006699999999998693 total_epochs=50 train_loss=nan val_loss=0.02315
2026-05-20 22:27:12 [debug    ] epoch_start                    epoch=21 total_epochs=50
2026-05-20 22:35:05 [warning  ] nan_or_inf_loss                loss=nan
2026-05-20 22:39:00 [info     ] epoch_complete                 epoch=21 is_best=False lr=0.0006479999999998547 total_epochs=50 train_loss=nan val_loss=0.023456
2026-05-20 22:39:00 [debug    ] epoch_start                    epoch=22 total_epochs=50
2026-05-20 22:41:22 [warning  ] nan_or_inf_loss                loss=nan
2026-05-20 22:50:47 [info     ] epoch_complete                 epoch=22 is_best=False lr=0.0006259999999998386 total_epochs=50 train_loss=nan val_loss=0.023178
2026-05-20 22:50:47 [debug    ] epoch_start                    epoch=23 total_epochs=50
2026-05-20 22:52:31 [warning  ] nan_or_inf_loss                loss=nan
2026-05-20 23:02:36 [debug    ] meta_saved                     path=data/models/bs_32_seed1/meta.json
2026-05-20 23:02:36 [debug    ] model_saved                    epoch=23
2026-05-20 23:02:36 [info     ] epoch_complete                 epoch=23 is_best=True lr=0.0006039999999998202 total_epochs=50 train_loss=nan val_loss=0.022801
2026-05-20 23:02:36 [debug    ] epoch_start                    epoch=24 total_epochs=50
2026-05-20 23:03:24 [warning  ] nan_or_inf_loss                loss=nan
2026-05-20 23:14:19 [info     ] epoch_complete                 epoch=24 is_best=False lr=0.0005819999999998049 total_epochs=50 train_loss=nan val_loss=0.02298
2026-05-20 23:14:19 [debug    ] epoch_start                    epoch=25 total_epochs=50
2026-05-20 23:23:35 [warning  ] nan_or_inf_loss                loss=nan
2026-05-20 23:26:10 [info     ] epoch_complete                 epoch=25 is_best=False lr=0.0005599999999997843 total_epochs=50 train_loss=nan val_loss=0.022849
2026-05-20 23:26:10 [debug    ] epoch_start                    epoch=26 total_epochs=50
2026-05-20 23:36:46 [warning  ] nan_or_inf_loss                loss=nan
2026-05-20 23:37:59 [info     ] epoch_complete                 epoch=26 is_best=False lr=0.0005379999999997661 total_epochs=50 train_loss=nan val_loss=0.023061
2026-05-20 23:37:59 [debug    ] epoch_start                    epoch=27 total_epochs=50
2026-05-20 23:46:14 [warning  ] nan_or_inf_loss                loss=nan
2026-05-20 23:49:51 [info     ] epoch_complete                 epoch=27 is_best=False lr=0.0005159999999997449 total_epochs=50 train_loss=nan val_loss=0.022987
2026-05-20 23:49:51 [debug    ] epoch_start                    epoch=28 total_epochs=50
2026-05-20 23:55:39 [warning  ] nan_or_inf_loss                loss=nan
2026-05-21 00:01:39 [info     ] epoch_complete                 epoch=28 is_best=False lr=0.0004939999999997231 total_epochs=50 train_loss=nan val_loss=0.0229
2026-05-21 00:01:39 [debug    ] epoch_start                    epoch=29 total_epochs=50
2026-05-21 00:13:01 [warning  ] nan_or_inf_loss                loss=nan
2026-05-21 00:13:27 [debug    ] meta_saved                     path=data/models/bs_32_seed1/meta.json
2026-05-21 00:13:27 [debug    ] model_saved                    epoch=29
2026-05-21 00:13:27 [info     ] epoch_complete                 epoch=29 is_best=True lr=0.00047199999999972654 total_epochs=50 train_loss=nan val_loss=0.022652
2026-05-21 00:13:27 [debug    ] epoch_start                    epoch=30 total_epochs=50
2026-05-21 00:24:26 [warning  ] nan_or_inf_loss                loss=nan
2026-05-21 00:25:19 [debug    ] meta_saved                     path=data/models/bs_32_seed1/meta.json
2026-05-21 00:25:19 [debug    ] model_saved                    epoch=30
2026-05-21 00:25:19 [info     ] epoch_complete                 epoch=30 is_best=True lr=0.00044999999999974005 total_epochs=50 train_loss=nan val_loss=0.022569
2026-05-21 00:25:19 [debug    ] epoch_start                    epoch=31 total_epochs=50
2026-05-21 00:35:51 [warning  ] nan_or_inf_loss                loss=nan
2026-05-21 00:41:55 [debug    ] meta_saved                     path=data/models/bs_32_seed1/meta.json
2026-05-21 00:41:55 [debug    ] model_saved                    epoch=31
2026-05-21 00:41:55 [info     ] epoch_complete                 epoch=31 is_best=True lr=0.00042799999999975404 total_epochs=50 train_loss=nan val_loss=0.022558
2026-05-21 00:41:55 [debug    ] epoch_start                    epoch=32 total_epochs=50
2026-05-21 00:50:08 [warning  ] nan_or_inf_loss                loss=nan
2026-05-21 01:01:02 [info     ] epoch_complete                 epoch=32 is_best=False lr=0.0004059999999997666 total_epochs=50 train_loss=nan val_loss=0.022692
2026-05-21 01:01:02 [debug    ] epoch_start                    epoch=33 total_epochs=50
2026-05-21 01:09:06 [warning  ] nan_or_inf_loss                loss=nan
2026-05-21 01:12:55 [debug    ] meta_saved                     path=data/models/bs_32_seed1/meta.json
2026-05-21 01:12:55 [debug    ] model_saved                    epoch=33
2026-05-21 01:12:55 [info     ] epoch_complete                 epoch=33 is_best=True lr=0.00038399999999978274 total_epochs=50 train_loss=nan val_loss=0.022391
2026-05-21 01:12:55 [debug    ] epoch_start                    epoch=34 total_epochs=50
2026-05-21 01:13:55 [warning  ] nan_or_inf_loss                loss=nan
2026-05-21 01:24:48 [debug    ] meta_saved                     path=data/models/bs_32_seed1/meta.json
2026-05-21 01:24:48 [debug    ] model_saved                    epoch=34
2026-05-21 01:24:48 [info     ] epoch_complete                 epoch=34 is_best=True lr=0.0003619999999997976 total_epochs=50 train_loss=nan val_loss=0.022303
2026-05-21 01:24:48 [debug    ] epoch_start                    epoch=35 total_epochs=50
2026-05-21 01:36:33 [warning  ] nan_or_inf_loss                loss=nan
2026-05-21 01:36:58 [debug    ] meta_saved                     path=data/models/bs_32_seed1/meta.json
2026-05-21 01:36:58 [debug    ] model_saved                    epoch=35
2026-05-21 01:36:58 [info     ] epoch_complete                 epoch=35 is_best=True lr=0.00033999999999981284 total_epochs=50 train_loss=nan val_loss=0.022078
2026-05-21 01:36:58 [debug    ] epoch_start                    epoch=36 total_epochs=50
2026-05-21 01:43:48 [warning  ] nan_or_inf_loss                loss=nan
2026-05-21 01:49:05 [debug    ] meta_saved                     path=data/models/bs_32_seed1/meta.json
2026-05-21 01:49:05 [debug    ] model_saved                    epoch=36
2026-05-21 01:49:05 [info     ] epoch_complete                 epoch=36 is_best=True lr=0.00031799999999982846 total_epochs=50 train_loss=nan val_loss=0.021949
2026-05-21 01:49:05 [debug    ] epoch_start                    epoch=37 total_epochs=50
2026-05-21 02:00:48 [warning  ] nan_or_inf_loss                loss=nan
2026-05-21 02:01:05 [info     ] epoch_complete                 epoch=37 is_best=False lr=0.00029599999999984576 total_epochs=50 train_loss=nan val_loss=0.02251
2026-05-21 02:01:05 [debug    ] epoch_start                    epoch=38 total_epochs=50
2026-05-21 02:07:55 [warning  ] nan_or_inf_loss                loss=nan
2026-05-21 02:13:08 [info     ] epoch_complete                 epoch=38 is_best=False lr=0.00027399999999986176 total_epochs=50 train_loss=nan val_loss=0.022141
2026-05-21 02:13:08 [debug    ] epoch_start                    epoch=39 total_epochs=50
2026-05-21 02:14:17 [warning  ] nan_or_inf_loss                loss=nan
2026-05-21 02:25:08 [info     ] epoch_complete                 epoch=39 is_best=False lr=0.0002519999999998791 total_epochs=50 train_loss=nan val_loss=0.025872
2026-05-21 02:25:08 [debug    ] epoch_start                    epoch=40 total_epochs=50
2026-05-21 02:32:07 [warning  ] nan_or_inf_loss                loss=nan
2026-05-21 02:36:59 [info     ] epoch_complete                 epoch=40 is_best=False lr=0.00022999999999989115 total_epochs=50 train_loss=nan val_loss=0.022
2026-05-21 02:36:59 [debug    ] epoch_start                    epoch=41 total_epochs=50
2026-05-21 02:47:23 [warning  ] nan_or_inf_loss                loss=nan
2026-05-21 02:48:49 [info     ] epoch_complete                 epoch=41 is_best=False lr=0.00020799999999989986 total_epochs=50 train_loss=nan val_loss=0.022136
2026-05-21 02:48:49 [debug    ] epoch_start                    epoch=42 total_epochs=50
2026-05-21 02:51:16 [warning  ] nan_or_inf_loss                loss=nan
2026-05-21 03:00:37 [debug    ] meta_saved                     path=data/models/bs_32_seed1/meta.json
2026-05-21 03:00:37 [debug    ] model_saved                    epoch=42
2026-05-21 03:00:37 [info     ] epoch_complete                 epoch=42 is_best=True lr=0.00018599999999990713 total_epochs=50 train_loss=nan val_loss=0.021778
2026-05-21 03:00:37 [debug    ] epoch_start                    epoch=43 total_epochs=50
2026-05-21 03:08:18 [warning  ] nan_or_inf_loss                loss=nan
2026-05-21 03:12:18 [info     ] epoch_complete                 epoch=43 is_best=False lr=0.00016399999999991286 total_epochs=50 train_loss=nan val_loss=0.022077
2026-05-21 03:12:18 [debug    ] epoch_start                    epoch=44 total_epochs=50
2026-05-21 03:14:18 [warning  ] nan_or_inf_loss                loss=nan
2026-05-21 03:23:45 [debug    ] meta_saved                     path=data/models/bs_32_seed1/meta.json
2026-05-21 03:23:45 [debug    ] model_saved                    epoch=44
2026-05-21 03:23:45 [info     ] epoch_complete                 epoch=44 is_best=True lr=0.00014199999999991775 total_epochs=50 train_loss=nan val_loss=0.021735
2026-05-21 03:23:45 [debug    ] epoch_start                    epoch=45 total_epochs=50
2026-05-21 03:29:23 [warning  ] nan_or_inf_loss                loss=nan
2026-05-21 03:35:01 [info     ] epoch_complete                 epoch=45 is_best=False lr=0.00011999999999992358 total_epochs=50 train_loss=nan val_loss=0.021782
2026-05-21 03:35:01 [debug    ] epoch_start                    epoch=46 total_epochs=50
2026-05-21 03:36:41 [warning  ] nan_or_inf_loss                loss=nan
2026-05-21 03:46:23 [info     ] epoch_complete                 epoch=46 is_best=False lr=9.799999999993738e-05 total_epochs=50 train_loss=nan val_loss=0.021916
2026-05-21 03:46:23 [debug    ] epoch_start                    epoch=47 total_epochs=50
2026-05-21 03:47:11 [warning  ] nan_or_inf_loss                loss=nan
2026-05-21 03:57:44 [info     ] epoch_complete                 epoch=47 is_best=False lr=7.599999999995096e-05 total_epochs=50 train_loss=nan val_loss=0.021742
2026-05-21 03:57:44 [debug    ] epoch_start                    epoch=48 total_epochs=50
2026-05-21 04:00:15 [warning  ] nan_or_inf_loss                loss=nan
2026-05-21 04:09:01 [info     ] epoch_complete                 epoch=48 is_best=False lr=5.399999999996508e-05 total_epochs=50 train_loss=nan val_loss=0.021777
2026-05-21 04:09:01 [debug    ] epoch_start                    epoch=49 total_epochs=50
2026-05-21 04:18:00 [warning  ] nan_or_inf_loss                loss=nan
2026-05-21 04:20:21 [debug    ] meta_saved                     path=data/models/bs_32_seed1/meta.json
2026-05-21 04:20:21 [debug    ] model_saved                    epoch=49
2026-05-21 04:20:21 [info     ] epoch_complete                 epoch=49 is_best=True lr=3.1999999999980124e-05 total_epochs=50 train_loss=nan val_loss=0.021692
2026-05-21 04:20:21 [debug    ] epoch_start                    epoch=50 total_epochs=50
2026-05-21 04:25:19 [warning  ] nan_or_inf_loss                loss=nan
2026-05-21 04:32:03 [info     ] epoch_complete                 epoch=50 is_best=False lr=9.999999999993956e-06 total_epochs=50 train_loss=nan val_loss=0.021693
2026-05-21 04:32:03 [info     ] training_log_saved             path=data/models/bs_32_seed1/training_losses.csv
2026-05-21 04:32:03 [info     ] training_complete              best_val_loss=0.021692
2026-05-21 04:32:03 [info     ] train_typecode_done            typecode=A320
2026-05-21 04:32:03 [info     ] train_done                     typecodes=['A320']

$ uv run fdm train --arch adsb --config results_run4/bs_32_seed1/config.yaml --model-name bs_32_seed1 --epochs 50 --batch-size 32 --lr 0.001 --method rk4 --seq-len 30 --train-limit 5000 --activation relu --seed 1 --backbone-depth 3 --head-depth 2 --hidden-width 48 --device cuda --no-use-mode-weights
