2026-05-21 01:26:17 [info     ] train_start                    arch=adsb device=cuda typecodes=['A320']
2026-05-21 01:26:17 [info     ] train_typecode                 typecode=A320
2026-05-21 01:26:17 [info     ] loading_data                   train_flights=1594 val_flights=247
2026-05-21 01:26:17 [warning  ] e1_column_missing              column=fdm_g_sin_gamma_ms2
2026-05-21 01:26:17 [warning  ] e1_column_missing              column=fdm_cos_gamma
2026-05-21 01:26:17 [warning  ] e1_column_missing              column=fdm_q_pa
2026-05-21 01:26:17 [warning  ] e1_column_missing              column=fdm_g_over_v
2026-05-21 01:26:17 [warning  ] e1_column_missing              column=fdm_lat_wind_ms
2026-05-21 01:26:17 [warning  ] e1_column_missing              column=fdm_drift_rad
2026-05-21 01:26:17 [warning  ] e1_column_missing              column=fdm_track_rad
2026-05-21 01:26:17 [warning  ] e1_column_missing              column=fdm_heading_diff_rad
2026-05-21 01:26:23 [warning  ] e1_column_missing              column=fdm_g_sin_gamma_ms2
2026-05-21 01:26:23 [warning  ] e1_column_missing              column=fdm_cos_gamma
2026-05-21 01:26:23 [warning  ] e1_column_missing              column=fdm_q_pa
2026-05-21 01:26:23 [warning  ] e1_column_missing              column=fdm_g_over_v
2026-05-21 01:26:23 [warning  ] e1_column_missing              column=fdm_lat_wind_ms
2026-05-21 01:26:23 [warning  ] e1_column_missing              column=fdm_drift_rad
2026-05-21 01:26:23 [warning  ] e1_column_missing              column=fdm_track_rad
2026-05-21 01:26:23 [warning  ] e1_column_missing              column=fdm_heading_diff_rad
2026-05-21 01:26:23 [info     ] data_loaded                    train_samples=48117 val_samples=7518
2026-05-21 01:26:43 [debug    ] meta_saved                     path=data/models/backbone_4_seed0/meta.json
2026-05-21 01:26:43 [info     ] trainer_initialized            architecture=node_adsb_v1 device=cuda train_samples=48117 val_samples=7518
2026-05-21 01:26:43 [info     ] preloading_data_to_gpu
2026-05-21 01:26:43 [debug    ] epoch_start                    epoch=1 total_epochs=50
/data/common/dataiku/config/projects/NODEFDM/lib/python/.venv/lib/python3.12/site-packages/torch/_inductor/compile_fx.py:321: UserWarning: TensorFloat32 tensor cores for float32 matrix multiplication available but not enabled. Consider setting `torch.set_float32_matmul_precision('high')` for better performance.
  warnings.warn(
2026-05-21 01:27:06 [info     ] debug_magnitudes               norm_mean=['8427.359375', '-0.000899', '211.646118', '3.252943'] norm_std=['2287.523926', '0.040447', '34.116577', '1.247240'] ode_loss=0.351739
2026-05-21 01:27:20 [warning  ] nan_or_inf_loss                loss=nan
W0521 01:34:28.283000 2385456 torch/_dynamo/convert_frame.py:1676] [0/8] torch._dynamo hit config.recompile_limit (8)
W0521 01:34:28.283000 2385456 torch/_dynamo/convert_frame.py:1676] [0/8]    function: 'forward' (/data/common/dataiku/config/projects/NODEFDM/lib/python/packages/node-fdm/src/node_fdm/models/fdm.py:181)
W0521 01:34:28.283000 2385456 torch/_dynamo/convert_frame.py:1676] [0/8]    last reason: 0/7: tensor 'self.history['raw_alt_m']' size mismatch at index 1. expected 1, actual 2
W0521 01:34:28.283000 2385456 torch/_dynamo/convert_frame.py:1676] [0/8] To log all recompilation reasons, use TORCH_LOGS="recompiles".
W0521 01:34:28.283000 2385456 torch/_dynamo/convert_frame.py:1676] [0/8] To diagnose recompilation issues, see https://pytorch.org/docs/main/compile/programming_model.recompilation.html
2026-05-21 01:34:28 [debug    ] meta_saved                     path=data/models/backbone_4_seed0/meta.json
2026-05-21 01:34:28 [debug    ] model_saved                    epoch=1
2026-05-21 01:34:28 [info     ] epoch_complete                 epoch=1 is_best=True lr=0.00020800000000000123 total_epochs=50 train_loss=nan val_loss=0.039116
2026-05-21 01:34:28 [debug    ] epoch_start                    epoch=2 total_epochs=50
2026-05-21 01:36:39 [warning  ] nan_or_inf_loss                loss=nan
2026-05-21 01:40:43 [debug    ] meta_saved                     path=data/models/backbone_4_seed0/meta.json
2026-05-21 01:40:43 [debug    ] model_saved                    epoch=2
2026-05-21 01:40:43 [info     ] epoch_complete                 epoch=2 is_best=True lr=0.0004060000000000046 total_epochs=50 train_loss=nan val_loss=0.027755
2026-05-21 01:40:43 [debug    ] epoch_start                    epoch=3 total_epochs=50
2026-05-21 01:42:33 [warning  ] nan_or_inf_loss                loss=nan
2026-05-21 01:46:55 [debug    ] meta_saved                     path=data/models/backbone_4_seed0/meta.json
2026-05-21 01:46:55 [debug    ] model_saved                    epoch=3
2026-05-21 01:46:55 [info     ] epoch_complete                 epoch=3 is_best=True lr=0.0006040000000000097 total_epochs=50 train_loss=nan val_loss=0.027492
2026-05-21 01:46:55 [debug    ] epoch_start                    epoch=4 total_epochs=50
2026-05-21 01:52:52 [warning  ] nan_or_inf_loss                loss=nan
2026-05-21 01:53:06 [debug    ] meta_saved                     path=data/models/backbone_4_seed0/meta.json
2026-05-21 01:53:06 [debug    ] model_saved                    epoch=4
2026-05-21 01:53:06 [info     ] epoch_complete                 epoch=4 is_best=True lr=0.0008020000000000093 total_epochs=50 train_loss=nan val_loss=0.024986
2026-05-21 01:53:06 [debug    ] epoch_start                    epoch=5 total_epochs=50
2026-05-21 01:53:20 [warning  ] nan_or_inf_loss                loss=nan
2026-05-21 01:59:20 [info     ] epoch_complete                 epoch=5 is_best=False lr=0.001 total_epochs=50 train_loss=nan val_loss=0.025072
2026-05-21 01:59:20 [debug    ] epoch_start                    epoch=6 total_epochs=50
2026-05-21 02:06:42 [warning  ] nan_or_inf_loss                loss=nan
2026-05-21 02:08:18 [debug    ] meta_saved                     path=data/models/backbone_4_seed0/meta.json
2026-05-21 02:08:18 [debug    ] model_saved                    epoch=6
2026-05-21 02:08:18 [info     ] epoch_complete                 epoch=6 is_best=True lr=0.0009779999999999641 total_epochs=50 train_loss=nan val_loss=0.024967
2026-05-21 02:08:18 [debug    ] epoch_start                    epoch=7 total_epochs=50
2026-05-21 02:11:51 [warning  ] nan_or_inf_loss                loss=nan
2026-05-21 02:14:42 [info     ] epoch_complete                 epoch=7 is_best=False lr=0.0009559999999999605 total_epochs=50 train_loss=nan val_loss=0.025368
2026-05-21 02:14:42 [debug    ] epoch_start                    epoch=8 total_epochs=50
2026-05-21 02:19:04 [warning  ] nan_or_inf_loss                loss=nan
2026-05-21 02:20:55 [debug    ] meta_saved                     path=data/models/backbone_4_seed0/meta.json
2026-05-21 02:20:55 [debug    ] model_saved                    epoch=8
2026-05-21 02:20:55 [info     ] epoch_complete                 epoch=8 is_best=True lr=0.0009339999999999578 total_epochs=50 train_loss=nan val_loss=0.024077
2026-05-21 02:20:55 [debug    ] epoch_start                    epoch=9 total_epochs=50
2026-05-21 02:23:38 [warning  ] nan_or_inf_loss                loss=nan
2026-05-21 02:27:09 [info     ] epoch_complete                 epoch=9 is_best=False lr=0.0009119999999999566 total_epochs=50 train_loss=nan val_loss=0.024273
2026-05-21 02:27:09 [debug    ] epoch_start                    epoch=10 total_epochs=50
2026-05-21 02:28:05 [warning  ] nan_or_inf_loss                loss=nan
2026-05-21 02:33:20 [debug    ] meta_saved                     path=data/models/backbone_4_seed0/meta.json
2026-05-21 02:33:20 [debug    ] model_saved                    epoch=10
2026-05-21 02:33:20 [info     ] epoch_complete                 epoch=10 is_best=True lr=0.000889999999999957 total_epochs=50 train_loss=nan val_loss=0.023444
2026-05-21 02:33:20 [debug    ] epoch_start                    epoch=11 total_epochs=50
2026-05-21 02:34:26 [warning  ] nan_or_inf_loss                loss=nan
2026-05-21 02:39:34 [info     ] epoch_complete                 epoch=11 is_best=False lr=0.0008679999999999566 total_epochs=50 train_loss=nan val_loss=0.024358
2026-05-21 02:39:34 [debug    ] epoch_start                    epoch=12 total_epochs=50
2026-05-21 02:40:39 [warning  ] nan_or_inf_loss                loss=nan
2026-05-21 02:45:46 [info     ] epoch_complete                 epoch=12 is_best=False lr=0.0008459999999999577 total_epochs=50 train_loss=nan val_loss=0.027222
2026-05-21 02:45:46 [debug    ] epoch_start                    epoch=13 total_epochs=50
2026-05-21 02:47:42 [warning  ] nan_or_inf_loss                loss=nan
2026-05-21 02:51:59 [info     ] epoch_complete                 epoch=13 is_best=False lr=0.0008239999999999574 total_epochs=50 train_loss=nan val_loss=0.023861
2026-05-21 02:51:59 [debug    ] epoch_start                    epoch=14 total_epochs=50
2026-05-21 02:53:06 [warning  ] nan_or_inf_loss                loss=nan
2026-05-21 02:58:12 [info     ] epoch_complete                 epoch=14 is_best=False lr=0.0008019999999999602 total_epochs=50 train_loss=nan val_loss=0.051669
2026-05-21 02:58:12 [debug    ] epoch_start                    epoch=15 total_epochs=50
2026-05-21 03:03:44 [warning  ] nan_or_inf_loss                loss=nan
2026-05-21 03:04:24 [info     ] epoch_complete                 epoch=15 is_best=False lr=0.0007799999999999617 total_epochs=50 train_loss=nan val_loss=0.028775
2026-05-21 03:04:24 [debug    ] epoch_start                    epoch=16 total_epochs=50
2026-05-21 03:04:56 [warning  ] nan_or_inf_loss                loss=nan
2026-05-21 03:10:38 [info     ] epoch_complete                 epoch=16 is_best=False lr=0.000757999999999961 total_epochs=50 train_loss=nan val_loss=0.024615
2026-05-21 03:10:38 [debug    ] epoch_start                    epoch=17 total_epochs=50
2026-05-21 03:14:34 [warning  ] nan_or_inf_loss                loss=nan
2026-05-21 03:16:51 [info     ] epoch_complete                 epoch=17 is_best=False lr=0.0007359999999999604 total_epochs=50 train_loss=nan val_loss=0.023602
2026-05-21 03:16:51 [debug    ] epoch_start                    epoch=18 total_epochs=50
2026-05-21 03:22:57 [warning  ] nan_or_inf_loss                loss=nan
2026-05-21 03:23:04 [info     ] epoch_complete                 epoch=18 is_best=False lr=0.0007139999999999597 total_epochs=50 train_loss=nan val_loss=0.023702
2026-05-21 03:23:05 [debug    ] epoch_start                    epoch=19 total_epochs=50
2026-05-21 03:28:16 [warning  ] nan_or_inf_loss                loss=nan
2026-05-21 03:29:15 [info     ] epoch_complete                 epoch=19 is_best=False lr=0.0006919999999999592 total_epochs=50 train_loss=nan val_loss=0.024272
2026-05-21 03:29:15 [debug    ] epoch_start                    epoch=20 total_epochs=50
2026-05-21 03:34:09 [warning  ] nan_or_inf_loss                loss=nan
2026-05-21 03:35:25 [info     ] epoch_complete                 epoch=20 is_best=False lr=0.000669999999999957 total_epochs=50 train_loss=nan val_loss=0.023717
2026-05-21 03:35:25 [debug    ] epoch_start                    epoch=21 total_epochs=50
2026-05-21 03:36:57 [warning  ] nan_or_inf_loss                loss=nan
2026-05-21 03:41:38 [debug    ] meta_saved                     path=data/models/backbone_4_seed0/meta.json
2026-05-21 03:41:38 [debug    ] model_saved                    epoch=21
2026-05-21 03:41:38 [info     ] epoch_complete                 epoch=21 is_best=True lr=0.0006479999999999561 total_epochs=50 train_loss=nan val_loss=0.023348
2026-05-21 03:41:38 [debug    ] epoch_start                    epoch=22 total_epochs=50
2026-05-21 03:45:06 [warning  ] nan_or_inf_loss                loss=nan
2026-05-21 03:47:49 [info     ] epoch_complete                 epoch=22 is_best=False lr=0.0006259999999999549 total_epochs=50 train_loss=nan val_loss=0.023539
2026-05-21 03:47:49 [debug    ] epoch_start                    epoch=23 total_epochs=50
2026-05-21 03:49:10 [warning  ] nan_or_inf_loss                loss=nan
2026-05-21 03:54:00 [info     ] epoch_complete                 epoch=23 is_best=False lr=0.0006039999999999555 total_epochs=50 train_loss=nan val_loss=0.02358
2026-05-21 03:54:00 [debug    ] epoch_start                    epoch=24 total_epochs=50
2026-05-21 03:58:26 [warning  ] nan_or_inf_loss                loss=nan
2026-05-21 04:00:09 [info     ] epoch_complete                 epoch=24 is_best=False lr=0.0005819999999999556 total_epochs=50 train_loss=nan val_loss=0.024053
2026-05-21 04:00:09 [debug    ] epoch_start                    epoch=25 total_epochs=50
2026-05-21 04:05:31 [warning  ] nan_or_inf_loss                loss=nan
2026-05-21 04:06:22 [debug    ] meta_saved                     path=data/models/backbone_4_seed0/meta.json
2026-05-21 04:06:22 [debug    ] model_saved                    epoch=25
2026-05-21 04:06:22 [info     ] epoch_complete                 epoch=25 is_best=True lr=0.000559999999999953 total_epochs=50 train_loss=nan val_loss=0.023162
2026-05-21 04:06:22 [debug    ] epoch_start                    epoch=26 total_epochs=50
2026-05-21 04:11:39 [warning  ] nan_or_inf_loss                loss=nan
2026-05-21 04:12:36 [debug    ] meta_saved                     path=data/models/backbone_4_seed0/meta.json
2026-05-21 04:12:36 [debug    ] model_saved                    epoch=26
2026-05-21 04:12:36 [info     ] epoch_complete                 epoch=26 is_best=True lr=0.0005379999999999528 total_epochs=50 train_loss=nan val_loss=0.023062
2026-05-21 04:12:36 [debug    ] epoch_start                    epoch=27 total_epochs=50
2026-05-21 04:13:10 [warning  ] nan_or_inf_loss                loss=nan
2026-05-21 04:18:48 [info     ] epoch_complete                 epoch=27 is_best=False lr=0.0005159999999999556 total_epochs=50 train_loss=nan val_loss=0.023348
2026-05-21 04:18:48 [debug    ] epoch_start                    epoch=28 total_epochs=50
2026-05-21 04:18:54 [warning  ] nan_or_inf_loss                loss=nan
2026-05-21 04:25:01 [debug    ] meta_saved                     path=data/models/backbone_4_seed0/meta.json
2026-05-21 04:25:01 [debug    ] model_saved                    epoch=28
2026-05-21 04:25:01 [info     ] epoch_complete                 epoch=28 is_best=True lr=0.0004939999999999543 total_epochs=50 train_loss=nan val_loss=0.023012
2026-05-21 04:25:01 [debug    ] epoch_start                    epoch=29 total_epochs=50
2026-05-21 04:27:17 [warning  ] nan_or_inf_loss                loss=nan
2026-05-21 04:31:14 [debug    ] meta_saved                     path=data/models/backbone_4_seed0/meta.json
2026-05-21 04:31:14 [debug    ] model_saved                    epoch=29
2026-05-21 04:31:14 [info     ] epoch_complete                 epoch=29 is_best=True lr=0.00047199999999995607 total_epochs=50 train_loss=nan val_loss=0.02293
2026-05-21 04:31:14 [debug    ] epoch_start                    epoch=30 total_epochs=50
2026-05-21 04:37:13 [warning  ] nan_or_inf_loss                loss=nan
2026-05-21 04:37:25 [debug    ] meta_saved                     path=data/models/backbone_4_seed0/meta.json
2026-05-21 04:37:25 [debug    ] model_saved                    epoch=30
2026-05-21 04:37:25 [info     ] epoch_complete                 epoch=30 is_best=True lr=0.00044999999999995944 total_epochs=50 train_loss=nan val_loss=0.022823
2026-05-21 04:37:25 [debug    ] epoch_start                    epoch=31 total_epochs=50
2026-05-21 04:37:30 [warning  ] nan_or_inf_loss                loss=nan
2026-05-21 04:43:29 [debug    ] meta_saved                     path=data/models/backbone_4_seed0/meta.json
2026-05-21 04:43:29 [debug    ] model_saved                    epoch=31
2026-05-21 04:43:29 [info     ] epoch_complete                 epoch=31 is_best=True lr=0.00042799999999996313 total_epochs=50 train_loss=nan val_loss=0.022648
2026-05-21 04:43:29 [debug    ] epoch_start                    epoch=32 total_epochs=50
2026-05-21 04:45:48 [warning  ] nan_or_inf_loss                loss=nan
2026-05-21 04:49:35 [debug    ] meta_saved                     path=data/models/backbone_4_seed0/meta.json
2026-05-21 04:49:35 [debug    ] model_saved                    epoch=32
2026-05-21 04:49:35 [info     ] epoch_complete                 epoch=32 is_best=True lr=0.00040599999999996786 total_epochs=50 train_loss=nan val_loss=0.022549
2026-05-21 04:49:35 [debug    ] epoch_start                    epoch=33 total_epochs=50
2026-05-21 04:52:58 [warning  ] nan_or_inf_loss                loss=nan
2026-05-21 04:55:37 [info     ] epoch_complete                 epoch=33 is_best=False lr=0.00038399999999997274 total_epochs=50 train_loss=nan val_loss=0.022971
2026-05-21 04:55:37 [debug    ] epoch_start                    epoch=34 total_epochs=50
2026-05-21 05:00:45 [warning  ] nan_or_inf_loss                loss=nan
2026-05-21 05:01:42 [info     ] epoch_complete                 epoch=34 is_best=False lr=0.00036199999999997763 total_epochs=50 train_loss=nan val_loss=0.022945
2026-05-21 05:01:42 [debug    ] epoch_start                    epoch=35 total_epochs=50
2026-05-21 05:07:16 [warning  ] nan_or_inf_loss                loss=nan
2026-05-21 05:07:40 [info     ] epoch_complete                 epoch=35 is_best=False lr=0.0003399999999999825 total_epochs=50 train_loss=nan val_loss=0.02266
2026-05-21 05:07:40 [debug    ] epoch_start                    epoch=36 total_epochs=50
2026-05-21 05:12:01 [warning  ] nan_or_inf_loss                loss=nan
2026-05-21 05:13:41 [debug    ] meta_saved                     path=data/models/backbone_4_seed0/meta.json
2026-05-21 05:13:41 [debug    ] model_saved                    epoch=36
2026-05-21 05:13:41 [info     ] epoch_complete                 epoch=36 is_best=True lr=0.0003179999999999874 total_epochs=50 train_loss=nan val_loss=0.022447
2026-05-21 05:13:41 [debug    ] epoch_start                    epoch=37 total_epochs=50
2026-05-21 05:14:47 [warning  ] nan_or_inf_loss                loss=nan
2026-05-21 05:19:48 [debug    ] meta_saved                     path=data/models/backbone_4_seed0/meta.json
2026-05-21 05:19:48 [debug    ] model_saved                    epoch=37
2026-05-21 05:19:48 [info     ] epoch_complete                 epoch=37 is_best=True lr=0.0002959999999999923 total_epochs=50 train_loss=nan val_loss=0.022253
2026-05-21 05:19:48 [debug    ] epoch_start                    epoch=38 total_epochs=50
2026-05-21 05:23:43 [warning  ] nan_or_inf_loss                loss=nan
2026-05-21 05:25:51 [info     ] epoch_complete                 epoch=38 is_best=False lr=0.0002739999999999972 total_epochs=50 train_loss=nan val_loss=0.022412
2026-05-21 05:25:51 [debug    ] epoch_start                    epoch=39 total_epochs=50
2026-05-21 05:26:59 [warning  ] nan_or_inf_loss                loss=nan
2026-05-21 05:31:52 [info     ] epoch_complete                 epoch=39 is_best=False lr=0.00025200000000000206 total_epochs=50 train_loss=nan val_loss=0.022604
2026-05-21 05:31:52 [debug    ] epoch_start                    epoch=40 total_epochs=50
2026-05-21 05:36:15 [warning  ] nan_or_inf_loss                loss=nan
2026-05-21 05:37:55 [debug    ] meta_saved                     path=data/models/backbone_4_seed0/meta.json
2026-05-21 05:37:55 [debug    ] model_saved                    epoch=40
2026-05-21 05:37:55 [info     ] epoch_complete                 epoch=40 is_best=True lr=0.00023000000000000348 total_epochs=50 train_loss=nan val_loss=0.02214
2026-05-21 05:37:55 [debug    ] epoch_start                    epoch=41 total_epochs=50
2026-05-21 05:37:58 [warning  ] nan_or_inf_loss                loss=nan
2026-05-21 05:43:59 [info     ] epoch_complete                 epoch=41 is_best=False lr=0.00020800000000000357 total_epochs=50 train_loss=nan val_loss=0.022167
2026-05-21 05:43:59 [debug    ] epoch_start                    epoch=42 total_epochs=50
2026-05-21 05:44:28 [warning  ] nan_or_inf_loss                loss=nan
2026-05-21 05:50:14 [debug    ] meta_saved                     path=data/models/backbone_4_seed0/meta.json
2026-05-21 05:50:14 [debug    ] model_saved                    epoch=42
2026-05-21 05:50:14 [info     ] epoch_complete                 epoch=42 is_best=True lr=0.00018600000000000447 total_epochs=50 train_loss=nan val_loss=0.022138
2026-05-21 05:50:14 [debug    ] epoch_start                    epoch=43 total_epochs=50
2026-05-21 05:51:04 [warning  ] nan_or_inf_loss                loss=nan
2026-05-21 05:56:30 [debug    ] meta_saved                     path=data/models/backbone_4_seed0/meta.json
2026-05-21 05:56:30 [debug    ] model_saved                    epoch=43
2026-05-21 05:56:30 [info     ] epoch_complete                 epoch=43 is_best=True lr=0.00016400000000000613 total_epochs=50 train_loss=nan val_loss=0.022031
2026-05-21 05:56:30 [debug    ] epoch_start                    epoch=44 total_epochs=50
2026-05-21 06:00:01 [warning  ] nan_or_inf_loss                loss=nan
2026-05-21 06:02:33 [info     ] epoch_complete                 epoch=44 is_best=False lr=0.00014200000000000754 total_epochs=50 train_loss=nan val_loss=0.022068
2026-05-21 06:02:33 [debug    ] epoch_start                    epoch=45 total_epochs=50
2026-05-21 06:07:59 [warning  ] nan_or_inf_loss                loss=nan
2026-05-21 06:08:36 [info     ] epoch_complete                 epoch=45 is_best=False lr=0.00012000000000000895 total_epochs=50 train_loss=nan val_loss=0.022073
2026-05-21 06:08:36 [debug    ] epoch_start                    epoch=46 total_epochs=50
2026-05-21 06:10:30 [warning  ] nan_or_inf_loss                loss=nan
2026-05-21 06:14:40 [debug    ] meta_saved                     path=data/models/backbone_4_seed0/meta.json
2026-05-21 06:14:40 [debug    ] model_saved                    epoch=46
2026-05-21 06:14:40 [info     ] epoch_complete                 epoch=46 is_best=True lr=9.800000000000715e-05 total_epochs=50 train_loss=nan val_loss=0.022026
2026-05-21 06:14:40 [debug    ] epoch_start                    epoch=47 total_epochs=50
2026-05-21 06:17:37 [warning  ] nan_or_inf_loss                loss=nan
2026-05-21 06:21:00 [debug    ] meta_saved                     path=data/models/backbone_4_seed0/meta.json
2026-05-21 06:21:00 [debug    ] model_saved                    epoch=47
2026-05-21 06:21:00 [info     ] epoch_complete                 epoch=47 is_best=True lr=7.600000000000502e-05 total_epochs=50 train_loss=nan val_loss=0.022009
2026-05-21 06:21:00 [debug    ] epoch_start                    epoch=48 total_epochs=50
2026-05-21 06:22:42 [warning  ] nan_or_inf_loss                loss=nan
2026-05-21 06:27:11 [info     ] epoch_complete                 epoch=48 is_best=False lr=5.4000000000003054e-05 total_epochs=50 train_loss=nan val_loss=0.022051
2026-05-21 06:27:11 [debug    ] epoch_start                    epoch=49 total_epochs=50
2026-05-21 06:31:59 [warning  ] nan_or_inf_loss                loss=nan
2026-05-21 06:33:16 [debug    ] meta_saved                     path=data/models/backbone_4_seed0/meta.json
2026-05-21 06:33:16 [debug    ] model_saved                    epoch=49
2026-05-21 06:33:16 [info     ] epoch_complete                 epoch=49 is_best=True lr=3.2000000000002384e-05 total_epochs=50 train_loss=nan val_loss=0.02193
2026-05-21 06:33:16 [debug    ] epoch_start                    epoch=50 total_epochs=50
2026-05-21 06:36:13 [warning  ] nan_or_inf_loss                loss=nan
2026-05-21 06:39:18 [info     ] epoch_complete                 epoch=50 is_best=False lr=1.0000000000000765e-05 total_epochs=50 train_loss=nan val_loss=0.021976
2026-05-21 06:39:18 [info     ] training_log_saved             path=data/models/backbone_4_seed0/training_losses.csv
2026-05-21 06:39:18 [info     ] training_complete              best_val_loss=0.02193
2026-05-21 06:39:18 [info     ] train_typecode_done            typecode=A320
2026-05-21 06:39:18 [info     ] train_done                     typecodes=['A320']

$ uv run fdm train --arch adsb --config results_run4/backbone_4_seed0/config.yaml --model-name backbone_4_seed0 --epochs 50 --batch-size 64 --lr 0.001 --method rk4 --seq-len 30 --train-limit 5000 --activation relu --seed 0 --backbone-depth 4 --head-depth 2 --hidden-width 48 --device cuda --no-use-mode-weights
