2026-05-13 04:11:13 [info     ] evaluate_start                 arch=adsb typecodes=['A320']
2026-05-13 04:11:14 [info     ] evaluate_typecode              flights=542 typecode=A320
2026-05-13 04:11:25 [info     ] evaluate_done                  output=data/model_performance/bs_32_seed2/performance.parquet rows=16
shape: (16, 11)
┌──────────┬─────────────────────────┬──────────────┬───────┬─────────┬──────────┬──────────┬──────────┬─────────┬──────────┬────────┐
│ Aircraft ┆ Variable                ┆ Phase        ┆ Model ┆ MAE     ┆ MAE_std  ┆ MAPE (%) ┆ MAPE_std ┆ ME      ┆ ME_std   ┆ Count  │
│ ---      ┆ ---                     ┆ ---          ┆ ---   ┆ ---     ┆ ---      ┆ ---      ┆ ---      ┆ ---     ┆ ---      ┆ ---    │
│ str      ┆ str                     ┆ str          ┆ str   ┆ f64     ┆ f64      ┆ f64      ┆ f64      ┆ f64     ┆ f64      ┆ i64    │
╞══════════╪═════════════════════════╪══════════════╪═══════╪═════════╪══════════╪══════════╪══════════╪═════════╪══════════╪════════╡
│ A320     ┆ Altitude [m]            ┆ All phases   ┆ PRED  ┆ 249.170 ┆ 602.729  ┆ 5.468    ┆ 19.180   ┆ 105.096 ┆ 643.679  ┆ 478843 │
│ A320     ┆ Altitude [m]            ┆ Climb        ┆ PRED  ┆ 785.752 ┆ 1076.782 ┆ 17.720   ┆ 37.808   ┆ 595.154 ┆ 1192.752 ┆ 90018  │
│ A320     ┆ Altitude [m]            ┆ Level flight ┆ PRED  ┆ 59.606  ┆ 176.230  ┆ 0.819    ┆ 5.367    ┆ -21.420 ┆ 184.800  ┆ 296839 │
│ A320     ┆ Altitude [m]            ┆ Descent      ┆ PRED  ┆ 335.794 ┆ 501.004  ┆ 8.483    ┆ 14.051   ┆ 33.792  ┆ 602.180  ┆ 91986  │
│ A320     ┆ Flight path angle [deg] ┆ All phases   ┆ PRED  ┆ 0.283   ┆ 0.619    ┆ NaN      ┆ NaN      ┆ -0.059  ┆ 0.679    ┆ 478843 │
│ A320     ┆ Flight path angle [deg] ┆ Climb        ┆ PRED  ┆ 0.726   ┆ 0.987    ┆ NaN      ┆ NaN      ┆ -0.420  ┆ 1.151    ┆ 90018  │
│ A320     ┆ Flight path angle [deg] ┆ Level flight ┆ PRED  ┆ 0.077   ┆ 0.250    ┆ NaN      ┆ NaN      ┆ -0.007  ┆ 0.262    ┆ 296839 │
│ A320     ┆ Flight path angle [deg] ┆ Descent      ┆ PRED  ┆ 0.515   ┆ 0.679    ┆ NaN      ┆ NaN      ┆ 0.128   ┆ 0.843    ┆ 91986  │
│ A320     ┆ Heading [deg]           ┆ All phases   ┆ PRED  ┆ 1.421   ┆ 6.480    ┆ NaN      ┆ NaN      ┆ -0.043  ┆ 6.634    ┆ 478843 │
│ A320     ┆ Heading [deg]           ┆ Climb        ┆ PRED  ┆ 1.881   ┆ 7.151    ┆ NaN      ┆ NaN      ┆ -0.240  ┆ 7.391    ┆ 90018  │
│ A320     ┆ Heading [deg]           ┆ Level flight ┆ PRED  ┆ 1.048   ┆ 5.539    ┆ NaN      ┆ NaN      ┆ 0.075   ┆ 5.636    ┆ 296839 │
│ A320     ┆ Heading [deg]           ┆ Descent      ┆ PRED  ┆ 2.176   ┆ 8.265    ┆ NaN      ┆ NaN      ┆ -0.233  ┆ 8.544    ┆ 91986  │
│ A320     ┆ True airspeed [m/s]     ┆ All phases   ┆ PRED  ┆ 2.920   ┆ 7.165    ┆ 1.673    ┆ 5.665    ┆ 0.648   ┆ 7.710    ┆ 478843 │
│ A320     ┆ True airspeed [m/s]     ┆ Climb        ┆ PRED  ┆ 5.471   ┆ 12.613   ┆ 3.444    ┆ 9.899    ┆ 3.195   ┆ 13.372   ┆ 90018  │
│ A320     ┆ True airspeed [m/s]     ┆ Level flight ┆ PRED  ┆ 1.851   ┆ 4.121    ┆ 0.934    ┆ 3.922    ┆ 0.204   ┆ 4.513    ┆ 296839 │
│ A320     ┆ True airspeed [m/s]     ┆ Descent      ┆ PRED  ┆ 3.873   ┆ 6.765    ┆ 2.324    ┆ 4.035    ┆ -0.408  ┆ 7.785    ┆ 91986  │
└──────────┴─────────────────────────┴──────────────┴───────┴─────────┴──────────┴──────────┴──────────┴─────────┴──────────┴────────┘

$ uv run fdm evaluate --arch adsb --config results/bs_32_seed2/config.yaml --model-name bs_32_seed2
