
$ uv run fdm train --arch adsb --config results/bs_32_seed2/config.yaml --model-name bs_32_seed2 --epochs 50 --batch-size 32 --lr 0.001 --method rk4 --seq-len 60 --train-limit 5000 --activation silu --seed 2 --device cuda --use-mode-weights --mode-weight-alpha 0.5
2026-05-12 16:19:18 [info     ] train_start                    arch=adsb device=cuda typecodes=['A320']
2026-05-12 16:19:18 [info     ] train_typecode                 typecode=A320
2026-05-12 16:19:19 [info     ] mode_weights_computed          alpha=0.5 bottom5_labels=[['ALT_MACH', 0.6206242276704164, 556092], ['ALT_UNK', 0.6891691293583678, 450975], ['TURN', 0.8913340435092099, 269602], ['UNKVERT_MACH', 0.9861637175043825, 220245], ['ALT_CAS', 1.0707556265239335, 186820]] imbalance_ratio=40.174252275682704 n_labels=13 top5_labels=[['VZ_CAS', 3.9337125975553753, 13842], ['VZ_UNK', 2.533593642654822, 33368], ['GAMMA_CAS', 2.453056495492336, 35595], ['VZ_MACH', 2.0015537788607305, 53465], ['UNKVERT_CAS', 1.936559122733483, 57114]] weight_ratio_max_over_min=6.33831620193271
2026-05-12 16:19:19 [info     ] loading_data                   train_flights=1594 val_flights=247
2026-05-12 16:19:19 [warning  ] e1_column_missing              column=fdm_g_sin_gamma_ms2
2026-05-12 16:19:19 [warning  ] e1_column_missing              column=fdm_cos_gamma
2026-05-12 16:19:19 [warning  ] e1_column_missing              column=fdm_q_pa
2026-05-12 16:19:19 [warning  ] e1_column_missing              column=fdm_g_over_v
2026-05-12 16:19:19 [warning  ] e1_column_missing              column=fdm_lat_wind_ms
2026-05-12 16:19:19 [warning  ] e1_column_missing              column=fdm_drift_rad
2026-05-12 16:19:19 [warning  ] e1_column_missing              column=fdm_track_rad
2026-05-12 16:19:19 [warning  ] e1_column_missing              column=fdm_heading_diff_rad
2026-05-12 16:19:37 [warning  ] e1_column_missing              column=fdm_g_sin_gamma_ms2
2026-05-12 16:19:37 [warning  ] e1_column_missing              column=fdm_cos_gamma
2026-05-12 16:19:37 [warning  ] e1_column_missing              column=fdm_q_pa
2026-05-12 16:19:37 [warning  ] e1_column_missing              column=fdm_g_over_v
2026-05-12 16:19:37 [warning  ] e1_column_missing              column=fdm_lat_wind_ms
2026-05-12 16:19:37 [warning  ] e1_column_missing              column=fdm_drift_rad
2026-05-12 16:19:37 [warning  ] e1_column_missing              column=fdm_track_rad
2026-05-12 16:19:37 [warning  ] e1_column_missing              column=fdm_heading_diff_rad
2026-05-12 16:19:39 [info     ] data_loaded                    train_samples=23212 val_samples=3628
2026-05-12 16:19:56 [debug    ] meta_saved                     path=data/models/bs_32_seed2/meta.json
2026-05-12 16:19:56 [info     ] trainer_initialized            architecture=node_adsb_v1 device=cuda train_samples=23212 val_samples=3628
2026-05-12 16:19:56 [info     ] preloading_data_to_gpu
2026-05-12 16:19:56 [debug    ] epoch_start                    epoch=1 total_epochs=50
/data/common/dataiku/config/projects/NODEFDM/lib/python/.venv/lib/python3.12/site-packages/torch/_inductor/compile_fx.py:321: UserWarning: TensorFloat32 tensor cores for float32 matrix multiplication available but not enabled. Consider setting `torch.set_float32_matmul_precision('high')` for better performance.
  warnings.warn(
2026-05-12 16:20:18 [info     ] debug_magnitudes               norm_mean=['8568.283203', '-0.001322', '213.622833', '3.253931'] norm_std=['2269.236084', '0.038830', '32.838379', '1.246786'] ode_loss=1.922975
W0512 16:33:11.430000 3804687 torch/_dynamo/convert_frame.py:1676] [0/8] torch._dynamo hit config.recompile_limit (8)
W0512 16:33:11.430000 3804687 torch/_dynamo/convert_frame.py:1676] [0/8]    function: 'forward' (/data/common/dataiku/config/projects/NODEFDM/lib/python/packages/node-fdm/src/node_fdm/models/fdm.py:181)
W0512 16:33:11.430000 3804687 torch/_dynamo/convert_frame.py:1676] [0/8]    last reason: 0/7: tensor 'self.history['raw_alt_m']' size mismatch at index 1. expected 1, actual 2
W0512 16:33:11.430000 3804687 torch/_dynamo/convert_frame.py:1676] [0/8] To log all recompilation reasons, use TORCH_LOGS="recompiles".
W0512 16:33:11.430000 3804687 torch/_dynamo/convert_frame.py:1676] [0/8] To diagnose recompilation issues, see https://pytorch.org/docs/main/compile/programming_model.recompilation.html
2026-05-12 16:33:12 [debug    ] meta_saved                     path=data/models/bs_32_seed2/meta.json
2026-05-12 16:33:12 [debug    ] model_saved                    epoch=1
2026-05-12 16:33:12 [info     ] epoch_complete                 epoch=1 is_best=True lr=0.0002079999999999997 total_epochs=50 train_loss=0.218445 val_loss=0.070814
2026-05-12 16:33:12 [debug    ] epoch_start                    epoch=2 total_epochs=50
2026-05-12 16:45:00 [debug    ] meta_saved                     path=data/models/bs_32_seed2/meta.json
2026-05-12 16:45:00 [debug    ] model_saved                    epoch=2
2026-05-12 16:45:00 [info     ] epoch_complete                 epoch=2 is_best=True lr=0.0004059999999999966 total_epochs=50 train_loss=0.064832 val_loss=0.044379
2026-05-12 16:45:00 [debug    ] epoch_start                    epoch=3 total_epochs=50
2026-05-12 16:56:54 [debug    ] meta_saved                     path=data/models/bs_32_seed2/meta.json
2026-05-12 16:56:54 [debug    ] model_saved                    epoch=3
2026-05-12 16:56:54 [info     ] epoch_complete                 epoch=3 is_best=True lr=0.0006039999999999978 total_epochs=50 train_loss=0.04679 val_loss=0.040719
2026-05-12 16:56:54 [debug    ] epoch_start                    epoch=4 total_epochs=50
2026-05-12 17:08:47 [debug    ] meta_saved                     path=data/models/bs_32_seed2/meta.json
2026-05-12 17:08:47 [debug    ] model_saved                    epoch=4
2026-05-12 17:08:47 [info     ] epoch_complete                 epoch=4 is_best=True lr=0.0008019999999999982 total_epochs=50 train_loss=0.045179 val_loss=0.040018
2026-05-12 17:08:47 [debug    ] epoch_start                    epoch=5 total_epochs=50
2026-05-12 17:20:43 [debug    ] meta_saved                     path=data/models/bs_32_seed2/meta.json
2026-05-12 17:20:43 [debug    ] model_saved                    epoch=5
2026-05-12 17:20:43 [info     ] epoch_complete                 epoch=5 is_best=True lr=0.001 total_epochs=50 train_loss=0.046856 val_loss=0.039047
2026-05-12 17:20:43 [debug    ] epoch_start                    epoch=6 total_epochs=50
2026-05-12 17:32:39 [debug    ] meta_saved                     path=data/models/bs_32_seed2/meta.json
2026-05-12 17:32:39 [debug    ] model_saved                    epoch=6
2026-05-12 17:32:39 [info     ] epoch_complete                 epoch=6 is_best=True lr=0.0009780000000000073 total_epochs=50 train_loss=0.042636 val_loss=0.03712
2026-05-12 17:32:39 [debug    ] epoch_start                    epoch=7 total_epochs=50
2026-05-12 17:44:34 [debug    ] meta_saved                     path=data/models/bs_32_seed2/meta.json
2026-05-12 17:44:34 [debug    ] model_saved                    epoch=7
2026-05-12 17:44:34 [info     ] epoch_complete                 epoch=7 is_best=True lr=0.0009560000000000082 total_epochs=50 train_loss=0.041433 val_loss=0.036446
2026-05-12 17:44:34 [debug    ] epoch_start                    epoch=8 total_epochs=50
2026-05-12 17:56:29 [debug    ] meta_saved                     path=data/models/bs_32_seed2/meta.json
2026-05-12 17:56:29 [debug    ] model_saved                    epoch=8
2026-05-12 17:56:29 [info     ] epoch_complete                 epoch=8 is_best=True lr=0.0009340000000000075 total_epochs=50 train_loss=0.039828 val_loss=0.036059
2026-05-12 17:56:29 [debug    ] epoch_start                    epoch=9 total_epochs=50
2026-05-12 18:08:35 [debug    ] meta_saved                     path=data/models/bs_32_seed2/meta.json
2026-05-12 18:08:35 [debug    ] model_saved                    epoch=9
2026-05-12 18:08:35 [info     ] epoch_complete                 epoch=9 is_best=True lr=0.0009120000000000046 total_epochs=50 train_loss=0.039251 val_loss=0.03537
2026-05-12 18:08:35 [debug    ] epoch_start                    epoch=10 total_epochs=50
2026-05-12 18:20:27 [info     ] epoch_complete                 epoch=10 is_best=False lr=0.0008900000000000022 total_epochs=50 train_loss=0.043371 val_loss=0.036555
2026-05-12 18:20:27 [debug    ] epoch_start                    epoch=11 total_epochs=50
2026-05-12 18:32:23 [info     ] epoch_complete                 epoch=11 is_best=False lr=0.000867999999999998 total_epochs=50 train_loss=0.039402 val_loss=0.036193
2026-05-12 18:32:23 [debug    ] epoch_start                    epoch=12 total_epochs=50
2026-05-12 18:44:18 [debug    ] meta_saved                     path=data/models/bs_32_seed2/meta.json
2026-05-12 18:44:18 [debug    ] model_saved                    epoch=12
2026-05-12 18:44:18 [info     ] epoch_complete                 epoch=12 is_best=True lr=0.0008459999999999935 total_epochs=50 train_loss=0.038637 val_loss=0.034858
2026-05-12 18:44:18 [debug    ] epoch_start                    epoch=13 total_epochs=50
2026-05-12 18:56:13 [info     ] epoch_complete                 epoch=13 is_best=False lr=0.0008239999999999882 total_epochs=50 train_loss=0.109307 val_loss=0.1019
2026-05-12 18:56:13 [debug    ] epoch_start                    epoch=14 total_epochs=50
2026-05-12 19:08:06 [info     ] epoch_complete                 epoch=14 is_best=False lr=0.0008019999999999828 total_epochs=50 train_loss=0.099686 val_loss=0.087192
2026-05-12 19:08:06 [debug    ] epoch_start                    epoch=15 total_epochs=50
2026-05-12 19:20:00 [info     ] epoch_complete                 epoch=15 is_best=False lr=0.0007799999999999775 total_epochs=50 train_loss=0.076281 val_loss=0.080005
2026-05-12 19:20:00 [debug    ] epoch_start                    epoch=16 total_epochs=50
2026-05-12 19:31:51 [info     ] epoch_complete                 epoch=16 is_best=False lr=0.0007579999999999722 total_epochs=50 train_loss=0.065371 val_loss=0.05209
2026-05-12 19:31:51 [debug    ] epoch_start                    epoch=17 total_epochs=50
2026-05-12 19:43:46 [info     ] epoch_complete                 epoch=17 is_best=False lr=0.0007359999999999669 total_epochs=50 train_loss=0.06734 val_loss=0.0816
2026-05-12 19:43:46 [debug    ] epoch_start                    epoch=18 total_epochs=50
2026-05-12 19:55:37 [info     ] epoch_complete                 epoch=18 is_best=False lr=0.0007139999999999616 total_epochs=50 train_loss=0.069785 val_loss=0.047502
2026-05-12 19:55:37 [debug    ] epoch_start                    epoch=19 total_epochs=50
2026-05-12 20:07:26 [info     ] epoch_complete                 epoch=19 is_best=False lr=0.0006919999999999563 total_epochs=50 train_loss=0.047084 val_loss=0.041195
2026-05-12 20:07:26 [debug    ] epoch_start                    epoch=20 total_epochs=50
2026-05-12 20:19:15 [info     ] epoch_complete                 epoch=20 is_best=False lr=0.000669999999999951 total_epochs=50 train_loss=0.042903 val_loss=0.03734
2026-05-12 20:19:15 [debug    ] epoch_start                    epoch=21 total_epochs=50
2026-05-12 20:31:03 [info     ] epoch_complete                 epoch=21 is_best=False lr=0.0006479999999999457 total_epochs=50 train_loss=0.041182 val_loss=0.036742
2026-05-12 20:31:03 [debug    ] epoch_start                    epoch=22 total_epochs=50
2026-05-12 20:42:56 [info     ] epoch_complete                 epoch=22 is_best=False lr=0.0006259999999999404 total_epochs=50 train_loss=0.040542 val_loss=0.035688
2026-05-12 20:42:56 [debug    ] epoch_start                    epoch=23 total_epochs=50
2026-05-12 20:54:50 [info     ] epoch_complete                 epoch=23 is_best=False lr=0.0006039999999999351 total_epochs=50 train_loss=0.039487 val_loss=0.035379
2026-05-12 20:54:50 [debug    ] epoch_start                    epoch=24 total_epochs=50
2026-05-12 21:06:49 [debug    ] meta_saved                     path=data/models/bs_32_seed2/meta.json
2026-05-12 21:06:49 [debug    ] model_saved                    epoch=24
2026-05-12 21:06:49 [info     ] epoch_complete                 epoch=24 is_best=True lr=0.0005819999999999298 total_epochs=50 train_loss=0.038728 val_loss=0.034515
2026-05-12 21:06:49 [debug    ] epoch_start                    epoch=25 total_epochs=50
2026-05-12 21:18:56 [debug    ] meta_saved                     path=data/models/bs_32_seed2/meta.json
2026-05-12 21:18:56 [debug    ] model_saved                    epoch=25
2026-05-12 21:18:56 [info     ] epoch_complete                 epoch=25 is_best=True lr=0.0005599999999999245 total_epochs=50 train_loss=0.038218 val_loss=0.033698
2026-05-12 21:18:56 [debug    ] epoch_start                    epoch=26 total_epochs=50
2026-05-12 21:30:50 [info     ] epoch_complete                 epoch=26 is_best=False lr=0.0005379999999999192 total_epochs=50 train_loss=0.037647 val_loss=0.034385
2026-05-12 21:30:50 [debug    ] epoch_start                    epoch=27 total_epochs=50
2026-05-12 21:42:38 [info     ] epoch_complete                 epoch=27 is_best=False lr=0.0005159999999999139 total_epochs=50 train_loss=0.03755 val_loss=0.034252
2026-05-12 21:42:38 [debug    ] epoch_start                    epoch=28 total_epochs=50
2026-05-12 21:54:04 [debug    ] meta_saved                     path=data/models/bs_32_seed2/meta.json
2026-05-12 21:54:04 [debug    ] model_saved                    epoch=28
2026-05-12 21:54:04 [info     ] epoch_complete                 epoch=28 is_best=True lr=0.0004939999999999086 total_epochs=50 train_loss=0.037156 val_loss=0.033544
2026-05-12 21:54:04 [debug    ] epoch_start                    epoch=29 total_epochs=50
2026-05-12 22:05:34 [debug    ] meta_saved                     path=data/models/bs_32_seed2/meta.json
2026-05-12 22:05:34 [debug    ] model_saved                    epoch=29
2026-05-12 22:05:34 [info     ] epoch_complete                 epoch=29 is_best=True lr=0.0004719999999999097 total_epochs=50 train_loss=0.036975 val_loss=0.033368
2026-05-12 22:05:34 [debug    ] epoch_start                    epoch=30 total_epochs=50
2026-05-12 22:17:04 [info     ] epoch_complete                 epoch=30 is_best=False lr=0.0004499999999999135 total_epochs=50 train_loss=0.045417 val_loss=0.035428
2026-05-12 22:17:04 [debug    ] epoch_start                    epoch=31 total_epochs=50
2026-05-12 22:28:33 [info     ] epoch_complete                 epoch=31 is_best=False lr=0.0004279999999999172 total_epochs=50 train_loss=0.038679 val_loss=0.033954
2026-05-12 22:28:33 [debug    ] epoch_start                    epoch=32 total_epochs=50
2026-05-12 22:40:03 [info     ] epoch_complete                 epoch=32 is_best=False lr=0.00040599999999991863 total_epochs=50 train_loss=0.037478 val_loss=0.033762
2026-05-12 22:40:03 [debug    ] epoch_start                    epoch=33 total_epochs=50
2026-05-12 22:51:32 [info     ] epoch_complete                 epoch=33 is_best=False lr=0.00038399999999991886 total_epochs=50 train_loss=0.037046 val_loss=0.033647
2026-05-12 22:51:32 [debug    ] epoch_start                    epoch=34 total_epochs=50
2026-05-12 23:03:02 [debug    ] meta_saved                     path=data/models/bs_32_seed2/meta.json
2026-05-12 23:03:02 [debug    ] model_saved                    epoch=34
2026-05-12 23:03:02 [info     ] epoch_complete                 epoch=34 is_best=True lr=0.00036199999999992076 total_epochs=50 train_loss=0.036838 val_loss=0.033267
2026-05-12 23:03:02 [debug    ] epoch_start                    epoch=35 total_epochs=50
2026-05-12 23:14:29 [info     ] epoch_complete                 epoch=35 is_best=False lr=0.00033999999999992115 total_epochs=50 train_loss=0.036807 val_loss=0.033302
2026-05-12 23:14:29 [debug    ] epoch_start                    epoch=36 total_epochs=50
2026-05-12 23:25:53 [debug    ] meta_saved                     path=data/models/bs_32_seed2/meta.json
2026-05-12 23:25:53 [debug    ] model_saved                    epoch=36
2026-05-12 23:25:53 [info     ] epoch_complete                 epoch=36 is_best=True lr=0.00031799999999992186 total_epochs=50 train_loss=0.036602 val_loss=0.033244
2026-05-12 23:25:53 [debug    ] epoch_start                    epoch=37 total_epochs=50
2026-05-12 23:37:22 [debug    ] meta_saved                     path=data/models/bs_32_seed2/meta.json
2026-05-12 23:37:22 [debug    ] model_saved                    epoch=37
2026-05-12 23:37:22 [info     ] epoch_complete                 epoch=37 is_best=True lr=0.00029599999999992284 total_epochs=50 train_loss=0.036343 val_loss=0.032941
2026-05-12 23:37:22 [debug    ] epoch_start                    epoch=38 total_epochs=50
2026-05-12 23:48:48 [info     ] epoch_complete                 epoch=38 is_best=False lr=0.00027399999999992263 total_epochs=50 train_loss=0.036204 val_loss=0.032958
2026-05-12 23:48:48 [debug    ] epoch_start                    epoch=39 total_epochs=50
2026-05-13 00:00:17 [debug    ] meta_saved                     path=data/models/bs_32_seed2/meta.json
2026-05-13 00:00:17 [debug    ] model_saved                    epoch=39
2026-05-13 00:00:17 [info     ] epoch_complete                 epoch=39 is_best=True lr=0.0002519999999999225 total_epochs=50 train_loss=0.036062 val_loss=0.032803
2026-05-13 00:00:17 [debug    ] epoch_start                    epoch=40 total_epochs=50
2026-05-13 00:11:45 [debug    ] meta_saved                     path=data/models/bs_32_seed2/meta.json
2026-05-13 00:11:45 [debug    ] model_saved                    epoch=40
2026-05-13 00:11:45 [info     ] epoch_complete                 epoch=40 is_best=True lr=0.00022999999999992737 total_epochs=50 train_loss=0.035959 val_loss=0.032706
2026-05-13 00:11:45 [debug    ] epoch_start                    epoch=41 total_epochs=50
2026-05-13 00:23:11 [debug    ] meta_saved                     path=data/models/bs_32_seed2/meta.json
2026-05-13 00:23:11 [debug    ] model_saved                    epoch=41
2026-05-13 00:23:11 [info     ] epoch_complete                 epoch=41 is_best=True lr=0.00020799999999993445 total_epochs=50 train_loss=0.035824 val_loss=0.032445
2026-05-13 00:23:11 [debug    ] epoch_start                    epoch=42 total_epochs=50
2026-05-13 00:37:10 [info     ] epoch_complete                 epoch=42 is_best=False lr=0.00018599999999994207 total_epochs=50 train_loss=0.03577 val_loss=0.032561
2026-05-13 00:37:10 [debug    ] epoch_start                    epoch=43 total_epochs=50
2026-05-13 00:55:50 [debug    ] meta_saved                     path=data/models/bs_32_seed2/meta.json
2026-05-13 00:55:50 [debug    ] model_saved                    epoch=43
2026-05-13 00:55:50 [info     ] epoch_complete                 epoch=43 is_best=True lr=0.00016399999999995 total_epochs=50 train_loss=0.035593 val_loss=0.032299
2026-05-13 00:55:50 [debug    ] epoch_start                    epoch=44 total_epochs=50
2026-05-13 01:08:32 [info     ] epoch_complete                 epoch=44 is_best=False lr=0.00014199999999995773 total_epochs=50 train_loss=0.035507 val_loss=0.032429
2026-05-13 01:08:32 [debug    ] epoch_start                    epoch=45 total_epochs=50
2026-05-13 01:20:00 [debug    ] meta_saved                     path=data/models/bs_32_seed2/meta.json
2026-05-13 01:20:00 [debug    ] model_saved                    epoch=45
2026-05-13 01:20:00 [info     ] epoch_complete                 epoch=45 is_best=True lr=0.00011999999999996525 total_epochs=50 train_loss=0.035442 val_loss=0.032129
2026-05-13 01:20:00 [debug    ] epoch_start                    epoch=46 total_epochs=50
2026-05-13 01:31:24 [info     ] epoch_complete                 epoch=46 is_best=False lr=9.799999999997127e-05 total_epochs=50 train_loss=0.035354 val_loss=0.032346
2026-05-13 01:31:24 [debug    ] epoch_start                    epoch=47 total_epochs=50
2026-05-13 01:42:47 [info     ] epoch_complete                 epoch=47 is_best=False lr=7.599999999997659e-05 total_epochs=50 train_loss=0.035256 val_loss=0.032316
2026-05-13 01:42:47 [debug    ] epoch_start                    epoch=48 total_epochs=50
2026-05-13 01:54:03 [debug    ] meta_saved                     path=data/models/bs_32_seed2/meta.json
2026-05-13 01:54:03 [debug    ] model_saved                    epoch=48
2026-05-13 01:54:03 [info     ] epoch_complete                 epoch=48 is_best=True lr=5.3999999999982325e-05 total_epochs=50 train_loss=0.035198 val_loss=0.031954
2026-05-13 01:54:03 [debug    ] epoch_start                    epoch=49 total_epochs=50
2026-05-13 02:05:29 [info     ] epoch_complete                 epoch=49 is_best=False lr=3.199999999998954e-05 total_epochs=50 train_loss=0.035102 val_loss=0.032117
2026-05-13 02:05:29 [debug    ] epoch_start                    epoch=50 total_epochs=50
2026-05-13 02:17:02 [info     ] epoch_complete                 epoch=50 is_best=False lr=9.999999999996658e-06 total_epochs=50 train_loss=0.035014 val_loss=0.032067
2026-05-13 02:17:02 [info     ] training_log_saved             path=data/models/bs_32_seed2/training_losses.csv
2026-05-13 02:17:02 [info     ] training_complete              best_val_loss=0.031954
2026-05-13 02:17:02 [info     ] train_typecode_done            typecode=A320
2026-05-13 02:17:02 [info     ] train_done                     typecodes=['A320']

$ uv run fdm train --arch adsb --config results/bs_32_seed2/config.yaml --model-name bs_32_seed2 --epochs 50 --batch-size 32 --lr 0.001 --method rk4 --seq-len 60 --train-limit 5000 --activation silu --seed 2 --device cuda --use-mode-weights --mode-weight-alpha 0.5
