2026-05-21 16:50:26 [info     ] train_start                    arch=adsb device=cuda typecodes=['A320']
2026-05-21 16:50:26 [info     ] train_typecode                 typecode=A320
2026-05-21 16:50:26 [info     ] loading_data                   train_flights=1594 val_flights=247
2026-05-21 16:50:26 [warning  ] e1_column_missing              column=fdm_g_sin_gamma_ms2
2026-05-21 16:50:26 [warning  ] e1_column_missing              column=fdm_cos_gamma
2026-05-21 16:50:26 [warning  ] e1_column_missing              column=fdm_q_pa
2026-05-21 16:50:26 [warning  ] e1_column_missing              column=fdm_g_over_v
2026-05-21 16:50:26 [warning  ] e1_column_missing              column=fdm_lat_wind_ms
2026-05-21 16:50:26 [warning  ] e1_column_missing              column=fdm_drift_rad
2026-05-21 16:50:26 [warning  ] e1_column_missing              column=fdm_track_rad
2026-05-21 16:50:26 [warning  ] e1_column_missing              column=fdm_heading_diff_rad
2026-05-21 16:50:31 [warning  ] e1_column_missing              column=fdm_g_sin_gamma_ms2
2026-05-21 16:50:31 [warning  ] e1_column_missing              column=fdm_cos_gamma
2026-05-21 16:50:31 [warning  ] e1_column_missing              column=fdm_q_pa
2026-05-21 16:50:31 [warning  ] e1_column_missing              column=fdm_g_over_v
2026-05-21 16:50:31 [warning  ] e1_column_missing              column=fdm_lat_wind_ms
2026-05-21 16:50:31 [warning  ] e1_column_missing              column=fdm_drift_rad
2026-05-21 16:50:31 [warning  ] e1_column_missing              column=fdm_track_rad
2026-05-21 16:50:31 [warning  ] e1_column_missing              column=fdm_heading_diff_rad
2026-05-21 16:50:32 [info     ] data_loaded                    train_samples=31530 val_samples=4928
2026-05-21 16:50:49 [debug    ] meta_saved                     path=data/models/seq_45_seed1/meta.json
2026-05-21 16:50:49 [info     ] trainer_initialized            architecture=node_adsb_v1 device=cuda train_samples=31530 val_samples=4928
2026-05-21 16:50:49 [info     ] preloading_data_to_gpu
2026-05-21 16:50:49 [debug    ] epoch_start                    epoch=1 total_epochs=50
/data/common/dataiku/config/projects/NODEFDM/lib/python/.venv/lib/python3.12/site-packages/torch/_inductor/compile_fx.py:321: UserWarning: TensorFloat32 tensor cores for float32 matrix multiplication available but not enabled. Consider setting `torch.set_float32_matmul_precision('high')` for better performance.
  warnings.warn(
2026-05-21 16:51:13 [info     ] debug_magnitudes               norm_mean=['8495.248047', '-0.001174', '212.596619', '3.253524'] norm_std=['2276.855957', '0.039489', '33.527290', '1.247010'] ode_loss=0.603620
W0521 16:58:15.688000 2829907 torch/_dynamo/convert_frame.py:1676] [0/8] torch._dynamo hit config.recompile_limit (8)
W0521 16:58:15.688000 2829907 torch/_dynamo/convert_frame.py:1676] [0/8]    function: 'forward' (/data/common/dataiku/config/projects/NODEFDM/lib/python/packages/node-fdm/src/node_fdm/models/fdm.py:181)
W0521 16:58:15.688000 2829907 torch/_dynamo/convert_frame.py:1676] [0/8]    last reason: 0/7: tensor 'self.history['raw_alt_m']' size mismatch at index 1. expected 1, actual 2
W0521 16:58:15.688000 2829907 torch/_dynamo/convert_frame.py:1676] [0/8] To log all recompilation reasons, use TORCH_LOGS="recompiles".
W0521 16:58:15.688000 2829907 torch/_dynamo/convert_frame.py:1676] [0/8] To diagnose recompilation issues, see https://pytorch.org/docs/main/compile/programming_model.recompilation.html
2026-05-21 16:58:16 [debug    ] meta_saved                     path=data/models/seq_45_seed1/meta.json
2026-05-21 16:58:16 [debug    ] model_saved                    epoch=1
2026-05-21 16:58:16 [info     ] epoch_complete                 epoch=1 is_best=True lr=0.00020799999999999947 total_epochs=50 train_loss=0.153822 val_loss=0.047386
2026-05-21 16:58:16 [debug    ] epoch_start                    epoch=2 total_epochs=50
2026-05-21 17:04:18 [debug    ] meta_saved                     path=data/models/seq_45_seed1/meta.json
2026-05-21 17:04:18 [debug    ] model_saved                    epoch=2
2026-05-21 17:04:18 [info     ] epoch_complete                 epoch=2 is_best=True lr=0.0004059999999999986 total_epochs=50 train_loss=0.043634 val_loss=0.03329
2026-05-21 17:04:18 [debug    ] epoch_start                    epoch=3 total_epochs=50
2026-05-21 17:10:13 [debug    ] meta_saved                     path=data/models/seq_45_seed1/meta.json
2026-05-21 17:10:13 [debug    ] model_saved                    epoch=3
2026-05-21 17:10:13 [info     ] epoch_complete                 epoch=3 is_best=True lr=0.0006039999999999993 total_epochs=50 train_loss=0.035735 val_loss=0.030196
2026-05-21 17:10:13 [debug    ] epoch_start                    epoch=4 total_epochs=50
2026-05-21 17:16:03 [info     ] epoch_complete                 epoch=4 is_best=False lr=0.0008020000000000024 total_epochs=50 train_loss=0.033601 val_loss=0.030545
2026-05-21 17:16:03 [debug    ] epoch_start                    epoch=5 total_epochs=50
2026-05-21 17:21:56 [debug    ] meta_saved                     path=data/models/seq_45_seed1/meta.json
2026-05-21 17:21:56 [debug    ] model_saved                    epoch=5
2026-05-21 17:21:56 [info     ] epoch_complete                 epoch=5 is_best=True lr=0.001 total_epochs=50 train_loss=0.032564 val_loss=0.02899
2026-05-21 17:21:56 [debug    ] epoch_start                    epoch=6 total_epochs=50
2026-05-21 17:27:51 [debug    ] meta_saved                     path=data/models/seq_45_seed1/meta.json
2026-05-21 17:27:51 [debug    ] model_saved                    epoch=6
2026-05-21 17:27:51 [info     ] epoch_complete                 epoch=6 is_best=True lr=0.0009779999999999759 total_epochs=50 train_loss=0.031824 val_loss=0.028155
2026-05-21 17:27:51 [debug    ] epoch_start                    epoch=7 total_epochs=50
2026-05-21 17:33:47 [info     ] epoch_complete                 epoch=7 is_best=False lr=0.0009559999999999743 total_epochs=50 train_loss=0.035724 val_loss=0.030598
2026-05-21 17:33:47 [debug    ] epoch_start                    epoch=8 total_epochs=50
2026-05-21 17:39:43 [debug    ] meta_saved                     path=data/models/seq_45_seed1/meta.json
2026-05-21 17:39:43 [debug    ] model_saved                    epoch=8
2026-05-21 17:39:43 [info     ] epoch_complete                 epoch=8 is_best=True lr=0.0009339999999999764 total_epochs=50 train_loss=0.031276 val_loss=0.027841
2026-05-21 17:39:43 [debug    ] epoch_start                    epoch=9 total_epochs=50
2026-05-21 17:45:41 [debug    ] meta_saved                     path=data/models/seq_45_seed1/meta.json
2026-05-21 17:45:41 [debug    ] model_saved                    epoch=9
2026-05-21 17:45:41 [info     ] epoch_complete                 epoch=9 is_best=True lr=0.0009119999999999764 total_epochs=50 train_loss=0.030581 val_loss=0.026776
2026-05-21 17:45:41 [debug    ] epoch_start                    epoch=10 total_epochs=50
2026-05-21 17:51:36 [info     ] epoch_complete                 epoch=10 is_best=False lr=0.0008899999999999779 total_epochs=50 train_loss=0.030205 val_loss=0.027084
2026-05-21 17:51:36 [debug    ] epoch_start                    epoch=11 total_epochs=50
2026-05-21 17:57:33 [info     ] epoch_complete                 epoch=11 is_best=False lr=0.0008679999999999783 total_epochs=50 train_loss=0.030076 val_loss=0.026857
2026-05-21 17:57:33 [debug    ] epoch_start                    epoch=12 total_epochs=50
2026-05-21 18:03:46 [info     ] epoch_complete                 epoch=12 is_best=False lr=0.0008459999999999791 total_epochs=50 train_loss=0.029755 val_loss=0.027076
2026-05-21 18:03:46 [debug    ] epoch_start                    epoch=13 total_epochs=50
2026-05-21 18:09:41 [debug    ] meta_saved                     path=data/models/seq_45_seed1/meta.json
2026-05-21 18:09:41 [debug    ] model_saved                    epoch=13
2026-05-21 18:09:41 [info     ] epoch_complete                 epoch=13 is_best=True lr=0.0008239999999999773 total_epochs=50 train_loss=0.029259 val_loss=0.026307
2026-05-21 18:09:41 [debug    ] epoch_start                    epoch=14 total_epochs=50
2026-05-21 18:15:40 [info     ] epoch_complete                 epoch=14 is_best=False lr=0.0008019999999999798 total_epochs=50 train_loss=0.036584 val_loss=0.040492
2026-05-21 18:15:40 [debug    ] epoch_start                    epoch=15 total_epochs=50
2026-05-21 18:21:38 [info     ] epoch_complete                 epoch=15 is_best=False lr=0.0007799999999999795 total_epochs=50 train_loss=0.035599 val_loss=0.029397
2026-05-21 18:21:38 [debug    ] epoch_start                    epoch=16 total_epochs=50
2026-05-21 18:27:35 [info     ] epoch_complete                 epoch=16 is_best=False lr=0.0007579999999999818 total_epochs=50 train_loss=0.031465 val_loss=0.028302
2026-05-21 18:27:35 [debug    ] epoch_start                    epoch=17 total_epochs=50
2026-05-21 18:33:32 [info     ] epoch_complete                 epoch=17 is_best=False lr=0.0007359999999999836 total_epochs=50 train_loss=0.030522 val_loss=0.027446
2026-05-21 18:33:32 [debug    ] epoch_start                    epoch=18 total_epochs=50
2026-05-21 18:39:31 [info     ] epoch_complete                 epoch=18 is_best=False lr=0.0007139999999999828 total_epochs=50 train_loss=0.032137 val_loss=0.0272
2026-05-21 18:39:31 [debug    ] epoch_start                    epoch=19 total_epochs=50
2026-05-21 18:45:29 [info     ] epoch_complete                 epoch=19 is_best=False lr=0.0006919999999999842 total_epochs=50 train_loss=0.029762 val_loss=0.026411
2026-05-21 18:45:29 [debug    ] epoch_start                    epoch=20 total_epochs=50
2026-05-21 18:51:29 [info     ] epoch_complete                 epoch=20 is_best=False lr=0.0006699999999999856 total_epochs=50 train_loss=0.029831 val_loss=0.026413
2026-05-21 18:51:29 [debug    ] epoch_start                    epoch=21 total_epochs=50
2026-05-21 18:57:23 [info     ] epoch_complete                 epoch=21 is_best=False lr=0.0006479999999999886 total_epochs=50 train_loss=0.02916 val_loss=0.026898
2026-05-21 18:57:23 [debug    ] epoch_start                    epoch=22 total_epochs=50
2026-05-21 19:03:25 [debug    ] meta_saved                     path=data/models/seq_45_seed1/meta.json
2026-05-21 19:03:25 [debug    ] model_saved                    epoch=22
2026-05-21 19:03:25 [info     ] epoch_complete                 epoch=22 is_best=True lr=0.0006259999999999902 total_epochs=50 train_loss=0.028995 val_loss=0.026197
2026-05-21 19:03:25 [debug    ] epoch_start                    epoch=23 total_epochs=50
2026-05-21 19:09:31 [debug    ] meta_saved                     path=data/models/seq_45_seed1/meta.json
2026-05-21 19:09:31 [debug    ] model_saved                    epoch=23
2026-05-21 19:09:31 [info     ] epoch_complete                 epoch=23 is_best=True lr=0.0006039999999999914 total_epochs=50 train_loss=0.028853 val_loss=0.026097
2026-05-21 19:09:31 [debug    ] epoch_start                    epoch=24 total_epochs=50
2026-05-21 19:15:29 [debug    ] meta_saved                     path=data/models/seq_45_seed1/meta.json
2026-05-21 19:15:29 [debug    ] model_saved                    epoch=24
2026-05-21 19:15:29 [info     ] epoch_complete                 epoch=24 is_best=True lr=0.0005819999999999928 total_epochs=50 train_loss=0.028662 val_loss=0.026031
2026-05-21 19:15:29 [debug    ] epoch_start                    epoch=25 total_epochs=50
2026-05-21 19:21:32 [debug    ] meta_saved                     path=data/models/seq_45_seed1/meta.json
2026-05-21 19:21:32 [debug    ] model_saved                    epoch=25
2026-05-21 19:21:32 [info     ] epoch_complete                 epoch=25 is_best=True lr=0.0005599999999999955 total_epochs=50 train_loss=0.028556 val_loss=0.026023
2026-05-21 19:21:32 [debug    ] epoch_start                    epoch=26 total_epochs=50
2026-05-21 19:27:28 [debug    ] meta_saved                     path=data/models/seq_45_seed1/meta.json
2026-05-21 19:27:28 [debug    ] model_saved                    epoch=26
2026-05-21 19:27:28 [info     ] epoch_complete                 epoch=26 is_best=True lr=0.0005379999999999979 total_epochs=50 train_loss=0.028403 val_loss=0.02562
2026-05-21 19:27:28 [debug    ] epoch_start                    epoch=27 total_epochs=50
2026-05-21 19:33:21 [info     ] epoch_complete                 epoch=27 is_best=False lr=0.0005160000000000007 total_epochs=50 train_loss=0.028273 val_loss=0.025668
2026-05-21 19:33:21 [debug    ] epoch_start                    epoch=28 total_epochs=50
2026-05-21 19:39:09 [debug    ] meta_saved                     path=data/models/seq_45_seed1/meta.json
2026-05-21 19:39:09 [debug    ] model_saved                    epoch=28
2026-05-21 19:39:09 [info     ] epoch_complete                 epoch=28 is_best=True lr=0.0004940000000000007 total_epochs=50 train_loss=0.028164 val_loss=0.025426
2026-05-21 19:39:09 [debug    ] epoch_start                    epoch=29 total_epochs=50
2026-05-21 19:44:58 [info     ] epoch_complete                 epoch=29 is_best=False lr=0.0004720000000000012 total_epochs=50 train_loss=0.027998 val_loss=0.025526
2026-05-21 19:44:58 [debug    ] epoch_start                    epoch=30 total_epochs=50
2026-05-21 19:50:45 [info     ] epoch_complete                 epoch=30 is_best=False lr=0.00045000000000000086 total_epochs=50 train_loss=0.028053 val_loss=0.026025
2026-05-21 19:50:45 [debug    ] epoch_start                    epoch=31 total_epochs=50
2026-05-21 19:56:31 [info     ] epoch_complete                 epoch=31 is_best=False lr=0.00042799999999999934 total_epochs=50 train_loss=0.029596 val_loss=0.025796
2026-05-21 19:56:31 [debug    ] epoch_start                    epoch=32 total_epochs=50
2026-05-21 20:02:17 [info     ] epoch_complete                 epoch=32 is_best=False lr=0.0004059999999999978 total_epochs=50 train_loss=0.02814 val_loss=0.02579
2026-05-21 20:02:17 [debug    ] epoch_start                    epoch=33 total_epochs=50
2026-05-21 20:08:04 [debug    ] meta_saved                     path=data/models/seq_45_seed1/meta.json
2026-05-21 20:08:04 [debug    ] model_saved                    epoch=33
2026-05-21 20:08:04 [info     ] epoch_complete                 epoch=33 is_best=True lr=0.0003839999999999962 total_epochs=50 train_loss=0.027987 val_loss=0.025354
2026-05-21 20:08:04 [debug    ] epoch_start                    epoch=34 total_epochs=50
2026-05-21 20:13:51 [debug    ] meta_saved                     path=data/models/seq_45_seed1/meta.json
2026-05-21 20:13:51 [debug    ] model_saved                    epoch=34
2026-05-21 20:13:51 [info     ] epoch_complete                 epoch=34 is_best=True lr=0.00036199999999999465 total_epochs=50 train_loss=0.027736 val_loss=0.025329
2026-05-21 20:13:51 [debug    ] epoch_start                    epoch=35 total_epochs=50
2026-05-21 20:19:36 [debug    ] meta_saved                     path=data/models/seq_45_seed1/meta.json
2026-05-21 20:19:36 [debug    ] model_saved                    epoch=35
2026-05-21 20:19:36 [info     ] epoch_complete                 epoch=35 is_best=True lr=0.0003399999999999931 total_epochs=50 train_loss=0.027543 val_loss=0.025311
2026-05-21 20:19:36 [debug    ] epoch_start                    epoch=36 total_epochs=50
2026-05-21 20:25:22 [debug    ] meta_saved                     path=data/models/seq_45_seed1/meta.json
2026-05-21 20:25:22 [debug    ] model_saved                    epoch=36
2026-05-21 20:25:22 [info     ] epoch_complete                 epoch=36 is_best=True lr=0.0003179999999999915 total_epochs=50 train_loss=0.027515 val_loss=0.025182
2026-05-21 20:25:22 [debug    ] epoch_start                    epoch=37 total_epochs=50
2026-05-21 20:31:09 [info     ] epoch_complete                 epoch=37 is_best=False lr=0.00029599999999998996 total_epochs=50 train_loss=0.02745 val_loss=0.025273
2026-05-21 20:31:09 [debug    ] epoch_start                    epoch=38 total_epochs=50
2026-05-21 20:36:58 [info     ] epoch_complete                 epoch=38 is_best=False lr=0.0002739999999999884 total_epochs=50 train_loss=0.027332 val_loss=0.025411
2026-05-21 20:36:58 [debug    ] epoch_start                    epoch=39 total_epochs=50
2026-05-21 20:42:45 [info     ] epoch_complete                 epoch=39 is_best=False lr=0.0002519999999999868 total_epochs=50 train_loss=0.028741 val_loss=0.026166
2026-05-21 20:42:45 [debug    ] epoch_start                    epoch=40 total_epochs=50
2026-05-21 20:48:32 [info     ] epoch_complete                 epoch=40 is_best=False lr=0.00022999999999998713 total_epochs=50 train_loss=0.027904 val_loss=0.02527
2026-05-21 20:48:32 [debug    ] epoch_start                    epoch=41 total_epochs=50
2026-05-21 20:54:20 [debug    ] meta_saved                     path=data/models/seq_45_seed1/meta.json
2026-05-21 20:54:20 [debug    ] model_saved                    epoch=41
2026-05-21 20:54:20 [info     ] epoch_complete                 epoch=41 is_best=True lr=0.0002079999999999882 total_epochs=50 train_loss=0.02735 val_loss=0.025038
2026-05-21 20:54:20 [debug    ] epoch_start                    epoch=42 total_epochs=50
2026-05-21 21:00:09 [info     ] epoch_complete                 epoch=42 is_best=False lr=0.00018599999999998847 total_epochs=50 train_loss=0.027203 val_loss=0.02509
2026-05-21 21:00:09 [debug    ] epoch_start                    epoch=43 total_epochs=50
2026-05-21 21:05:55 [debug    ] meta_saved                     path=data/models/seq_45_seed1/meta.json
2026-05-21 21:05:55 [debug    ] model_saved                    epoch=43
2026-05-21 21:05:55 [info     ] epoch_complete                 epoch=43 is_best=True lr=0.00016399999999998854 total_epochs=50 train_loss=0.027067 val_loss=0.025004
2026-05-21 21:05:55 [debug    ] epoch_start                    epoch=44 total_epochs=50
2026-05-21 21:11:44 [info     ] epoch_complete                 epoch=44 is_best=False lr=0.00014199999999998808 total_epochs=50 train_loss=0.026951 val_loss=0.025113
2026-05-21 21:11:44 [debug    ] epoch_start                    epoch=45 total_epochs=50
2026-05-21 21:17:29 [debug    ] meta_saved                     path=data/models/seq_45_seed1/meta.json
2026-05-21 21:17:29 [debug    ] model_saved                    epoch=45
2026-05-21 21:17:29 [info     ] epoch_complete                 epoch=45 is_best=True lr=0.00011999999999998798 total_epochs=50 train_loss=0.026861 val_loss=0.024891
2026-05-21 21:17:29 [debug    ] epoch_start                    epoch=46 total_epochs=50
2026-05-21 21:23:15 [info     ] epoch_complete                 epoch=46 is_best=False lr=9.799999999999032e-05 total_epochs=50 train_loss=0.026794 val_loss=0.024916
2026-05-21 21:23:15 [debug    ] epoch_start                    epoch=47 total_epochs=50
2026-05-21 21:29:03 [debug    ] meta_saved                     path=data/models/seq_45_seed1/meta.json
2026-05-21 21:29:03 [debug    ] model_saved                    epoch=47
2026-05-21 21:29:03 [info     ] epoch_complete                 epoch=47 is_best=True lr=7.59999999999925e-05 total_epochs=50 train_loss=0.026626 val_loss=0.02482
2026-05-21 21:29:03 [debug    ] epoch_start                    epoch=48 total_epochs=50
2026-05-21 21:34:45 [debug    ] meta_saved                     path=data/models/seq_45_seed1/meta.json
2026-05-21 21:34:45 [debug    ] model_saved                    epoch=48
2026-05-21 21:34:45 [info     ] epoch_complete                 epoch=48 is_best=True lr=5.399999999999481e-05 total_epochs=50 train_loss=0.026577 val_loss=0.024785
2026-05-21 21:34:45 [debug    ] epoch_start                    epoch=49 total_epochs=50
2026-05-21 21:40:32 [info     ] epoch_complete                 epoch=49 is_best=False lr=3.1999999999996624e-05 total_epochs=50 train_loss=0.02652 val_loss=0.024813
2026-05-21 21:40:32 [debug    ] epoch_start                    epoch=50 total_epochs=50
2026-05-21 21:46:20 [debug    ] meta_saved                     path=data/models/seq_45_seed1/meta.json
2026-05-21 21:46:20 [debug    ] model_saved                    epoch=50
2026-05-21 21:46:20 [info     ] epoch_complete                 epoch=50 is_best=True lr=9.999999999998913e-06 total_epochs=50 train_loss=0.026467 val_loss=0.02478
2026-05-21 21:46:20 [info     ] training_log_saved             path=data/models/seq_45_seed1/training_losses.csv
2026-05-21 21:46:20 [info     ] training_complete              best_val_loss=0.02478
2026-05-21 21:46:20 [info     ] train_typecode_done            typecode=A320
2026-05-21 21:46:20 [info     ] train_done                     typecodes=['A320']

$ uv run fdm train --arch adsb --config results_run4/seq_45_seed1/config.yaml --model-name seq_45_seed1 --epochs 50 --batch-size 64 --lr 0.001 --method rk4 --seq-len 45 --train-limit 5000 --activation relu --seed 1 --backbone-depth 3 --head-depth 2 --hidden-width 48 --device cuda --no-use-mode-weights
