2026-05-17 02:54:29 [info     ] evaluate_start                 arch=adsb typecodes=['A320']
2026-05-17 02:54:29 [info     ] evaluate_typecode              flights=542 typecode=A320
2026-05-17 02:54:41 [info     ] evaluate_done                  output=data/model_performance/hidden_96_seed2/performance.parquet rows=16
shape: (16, 11)
┌──────────┬─────────────────────────┬──────────────┬───────┬─────────┬──────────┬──────────┬──────────┬──────────┬──────────┬────────┐
│ Aircraft ┆ Variable                ┆ Phase        ┆ Model ┆ MAE     ┆ MAE_std  ┆ MAPE (%) ┆ MAPE_std ┆ ME       ┆ ME_std   ┆ Count  │
│ ---      ┆ ---                     ┆ ---          ┆ ---   ┆ ---     ┆ ---      ┆ ---      ┆ ---      ┆ ---      ┆ ---      ┆ ---    │
│ str      ┆ str                     ┆ str          ┆ str   ┆ f64     ┆ f64      ┆ f64      ┆ f64      ┆ f64      ┆ f64      ┆ i64    │
╞══════════╪═════════════════════════╪══════════════╪═══════╪═════════╪══════════╪══════════╪══════════╪══════════╪══════════╪════════╡
│ A320     ┆ Altitude [m]            ┆ All phases   ┆ PRED  ┆ 245.203 ┆ 600.598  ┆ 5.336    ┆ 18.509   ┆ 92.384   ┆ 642.112  ┆ 478843 │
│ A320     ┆ Altitude [m]            ┆ Climb        ┆ PRED  ┆ 798.454 ┆ 1084.692 ┆ 17.858   ┆ 36.827   ┆ 651.932  ┆ 1178.588 ┆ 90018  │
│ A320     ┆ Altitude [m]            ┆ Level flight ┆ PRED  ┆ 55.371  ┆ 172.953  ┆ 0.742    ┆ 4.935    ┆ -15.705  ┆ 180.920  ┆ 296839 │
│ A320     ┆ Altitude [m]            ┆ Descent      ┆ PRED  ┆ 316.376 ┆ 457.111  ┆ 7.907    ┆ 12.221   ┆ -106.388 ┆ 545.642  ┆ 91986  │
│ A320     ┆ Flight path angle [deg] ┆ All phases   ┆ PRED  ┆ 0.276   ┆ 0.603    ┆ NaN      ┆ NaN      ┆ -0.076   ┆ 0.659    ┆ 478843 │
│ A320     ┆ Flight path angle [deg] ┆ Climb        ┆ PRED  ┆ 0.703   ┆ 0.951    ┆ NaN      ┆ NaN      ┆ -0.392   ┆ 1.116    ┆ 90018  │
│ A320     ┆ Flight path angle [deg] ┆ Level flight ┆ PRED  ┆ 0.073   ┆ 0.234    ┆ NaN      ┆ NaN      ┆ -0.011   ┆ 0.245    ┆ 296839 │
│ A320     ┆ Flight path angle [deg] ┆ Descent      ┆ PRED  ┆ 0.516   ┆ 0.678    ┆ NaN      ┆ NaN      ┆ 0.025    ┆ 0.852    ┆ 91986  │
│ A320     ┆ Heading [deg]           ┆ All phases   ┆ PRED  ┆ 1.654   ┆ 6.920    ┆ NaN      ┆ NaN      ┆ 0.129    ┆ 7.114    ┆ 478843 │
│ A320     ┆ Heading [deg]           ┆ Climb        ┆ PRED  ┆ 2.184   ┆ 7.123    ┆ NaN      ┆ NaN      ┆ 0.217    ┆ 7.447    ┆ 90018  │
│ A320     ┆ Heading [deg]           ┆ Level flight ┆ PRED  ┆ 1.281   ┆ 6.305    ┆ NaN      ┆ NaN      ┆ 0.256    ┆ 6.428    ┆ 296839 │
│ A320     ┆ Heading [deg]           ┆ Descent      ┆ PRED  ┆ 2.338   ┆ 8.377    ┆ NaN      ┆ NaN      ┆ -0.369   ┆ 8.689    ┆ 91986  │
│ A320     ┆ True airspeed [m/s]     ┆ All phases   ┆ PRED  ┆ 2.973   ┆ 7.609    ┆ 1.712    ┆ 6.050    ┆ 0.654    ┆ 8.143    ┆ 478843 │
│ A320     ┆ True airspeed [m/s]     ┆ Climb        ┆ PRED  ┆ 5.679   ┆ 13.705   ┆ 3.569    ┆ 10.603   ┆ 2.864    ┆ 14.556   ┆ 90018  │
│ A320     ┆ True airspeed [m/s]     ┆ Level flight ┆ PRED  ┆ 1.890   ┆ 4.360    ┆ 0.961    ┆ 4.231    ┆ 0.296    ┆ 4.743    ┆ 296839 │
│ A320     ┆ True airspeed [m/s]     ┆ Descent      ┆ PRED  ┆ 3.819   ┆ 6.678    ┆ 2.318    ┆ 4.146    ┆ -0.351   ┆ 7.685    ┆ 91986  │
└──────────┴─────────────────────────┴──────────────┴───────┴─────────┴──────────┴──────────┴──────────┴──────────┴──────────┴────────┘

$ uv run fdm evaluate --arch adsb --config results_run2/hidden_96_seed2/config.yaml --model-name hidden_96_seed2
