2026-05-16 19:59:19 [info     ] train_start                    arch=adsb device=cuda typecodes=['A320']
2026-05-16 19:59:19 [info     ] train_typecode                 typecode=A320
2026-05-16 19:59:19 [info     ] loading_data                   train_flights=1594 val_flights=247
2026-05-16 19:59:19 [warning  ] e1_column_missing              column=fdm_g_sin_gamma_ms2
2026-05-16 19:59:19 [warning  ] e1_column_missing              column=fdm_cos_gamma
2026-05-16 19:59:19 [warning  ] e1_column_missing              column=fdm_q_pa
2026-05-16 19:59:19 [warning  ] e1_column_missing              column=fdm_g_over_v
2026-05-16 19:59:19 [warning  ] e1_column_missing              column=fdm_lat_wind_ms
2026-05-16 19:59:19 [warning  ] e1_column_missing              column=fdm_drift_rad
2026-05-16 19:59:19 [warning  ] e1_column_missing              column=fdm_track_rad
2026-05-16 19:59:19 [warning  ] e1_column_missing              column=fdm_heading_diff_rad
2026-05-16 19:59:25 [warning  ] e1_column_missing              column=fdm_g_sin_gamma_ms2
2026-05-16 19:59:25 [warning  ] e1_column_missing              column=fdm_cos_gamma
2026-05-16 19:59:25 [warning  ] e1_column_missing              column=fdm_q_pa
2026-05-16 19:59:25 [warning  ] e1_column_missing              column=fdm_g_over_v
2026-05-16 19:59:25 [warning  ] e1_column_missing              column=fdm_lat_wind_ms
2026-05-16 19:59:25 [warning  ] e1_column_missing              column=fdm_drift_rad
2026-05-16 19:59:25 [warning  ] e1_column_missing              column=fdm_track_rad
2026-05-16 19:59:25 [warning  ] e1_column_missing              column=fdm_heading_diff_rad
2026-05-16 19:59:26 [info     ] data_loaded                    train_samples=23212 val_samples=3628
2026-05-16 19:59:41 [debug    ] meta_saved                     path=data/models/hidden_96_seed2/meta.json
2026-05-16 19:59:41 [info     ] trainer_initialized            architecture=node_adsb_v1 device=cuda train_samples=23212 val_samples=3628
2026-05-16 19:59:41 [info     ] preloading_data_to_gpu
2026-05-16 19:59:42 [debug    ] epoch_start                    epoch=1 total_epochs=50
/data/common/dataiku/config/projects/NODEFDM/lib/python/.venv/lib/python3.12/site-packages/torch/_inductor/compile_fx.py:321: UserWarning: TensorFloat32 tensor cores for float32 matrix multiplication available but not enabled. Consider setting `torch.set_float32_matmul_precision('high')` for better performance.
  warnings.warn(
2026-05-16 20:00:05 [info     ] debug_magnitudes               norm_mean=['8568.283203', '-0.001322', '213.622833', '3.253931'] norm_std=['2269.236084', '0.038830', '32.838379', '1.246786'] ode_loss=1.493363
W0516 20:07:08.579000 637813 torch/_dynamo/convert_frame.py:1676] [0/8] torch._dynamo hit config.recompile_limit (8)
W0516 20:07:08.579000 637813 torch/_dynamo/convert_frame.py:1676] [0/8]    function: 'forward' (/data/common/dataiku/config/projects/NODEFDM/lib/python/packages/node-fdm/src/node_fdm/models/fdm.py:181)
W0516 20:07:08.579000 637813 torch/_dynamo/convert_frame.py:1676] [0/8]    last reason: 0/7: tensor 'self.history['raw_alt_m']' size mismatch at index 1. expected 1, actual 2
W0516 20:07:08.579000 637813 torch/_dynamo/convert_frame.py:1676] [0/8] To log all recompilation reasons, use TORCH_LOGS="recompiles".
W0516 20:07:08.579000 637813 torch/_dynamo/convert_frame.py:1676] [0/8] To diagnose recompilation issues, see https://pytorch.org/docs/main/compile/programming_model.recompilation.html
2026-05-16 20:07:09 [debug    ] meta_saved                     path=data/models/hidden_96_seed2/meta.json
2026-05-16 20:07:09 [debug    ] model_saved                    epoch=1
2026-05-16 20:07:09 [info     ] epoch_complete                 epoch=1 is_best=True lr=0.0002080000000000004 total_epochs=50 train_loss=0.171786 val_loss=0.049734
2026-05-16 20:07:09 [debug    ] epoch_start                    epoch=2 total_epochs=50
2026-05-16 20:13:02 [debug    ] meta_saved                     path=data/models/hidden_96_seed2/meta.json
2026-05-16 20:13:02 [debug    ] model_saved                    epoch=2
2026-05-16 20:13:02 [info     ] epoch_complete                 epoch=2 is_best=True lr=0.0004060000000000004 total_epochs=50 train_loss=0.04389 val_loss=0.038689
2026-05-16 20:13:02 [debug    ] epoch_start                    epoch=3 total_epochs=50
2026-05-16 20:18:53 [debug    ] meta_saved                     path=data/models/hidden_96_seed2/meta.json
2026-05-16 20:18:53 [debug    ] model_saved                    epoch=3
2026-05-16 20:18:53 [info     ] epoch_complete                 epoch=3 is_best=True lr=0.0006040000000000011 total_epochs=50 train_loss=0.037628 val_loss=0.035336
2026-05-16 20:18:53 [debug    ] epoch_start                    epoch=4 total_epochs=50
2026-05-16 20:24:45 [debug    ] meta_saved                     path=data/models/hidden_96_seed2/meta.json
2026-05-16 20:24:45 [debug    ] model_saved                    epoch=4
2026-05-16 20:24:45 [info     ] epoch_complete                 epoch=4 is_best=True lr=0.000801999999999999 total_epochs=50 train_loss=0.035627 val_loss=0.031429
2026-05-16 20:24:45 [debug    ] epoch_start                    epoch=5 total_epochs=50
2026-05-16 20:30:36 [debug    ] meta_saved                     path=data/models/hidden_96_seed2/meta.json
2026-05-16 20:30:36 [debug    ] model_saved                    epoch=5
2026-05-16 20:30:36 [info     ] epoch_complete                 epoch=5 is_best=True lr=0.001 total_epochs=50 train_loss=0.034793 val_loss=0.030548
2026-05-16 20:30:36 [debug    ] epoch_start                    epoch=6 total_epochs=50
2026-05-16 20:36:26 [info     ] epoch_complete                 epoch=6 is_best=False lr=0.0009779999999999947 total_epochs=50 train_loss=0.035454 val_loss=0.040049
2026-05-16 20:36:26 [debug    ] epoch_start                    epoch=7 total_epochs=50
2026-05-16 20:42:19 [debug    ] meta_saved                     path=data/models/hidden_96_seed2/meta.json
2026-05-16 20:42:19 [debug    ] model_saved                    epoch=7
2026-05-16 20:42:19 [info     ] epoch_complete                 epoch=7 is_best=True lr=0.0009559999999999942 total_epochs=50 train_loss=0.034748 val_loss=0.030375
2026-05-16 20:42:19 [debug    ] epoch_start                    epoch=8 total_epochs=50
2026-05-16 20:48:12 [debug    ] meta_saved                     path=data/models/hidden_96_seed2/meta.json
2026-05-16 20:48:12 [debug    ] model_saved                    epoch=8
2026-05-16 20:48:12 [info     ] epoch_complete                 epoch=8 is_best=True lr=0.0009339999999999934 total_epochs=50 train_loss=0.032504 val_loss=0.030251
2026-05-16 20:48:12 [debug    ] epoch_start                    epoch=9 total_epochs=50
2026-05-16 20:54:01 [info     ] epoch_complete                 epoch=9 is_best=False lr=0.0009119999999999924 total_epochs=50 train_loss=0.041181 val_loss=0.032368
2026-05-16 20:54:01 [debug    ] epoch_start                    epoch=10 total_epochs=50
2026-05-16 20:59:52 [info     ] epoch_complete                 epoch=10 is_best=False lr=0.0008899999999999917 total_epochs=50 train_loss=0.035063 val_loss=0.03062
2026-05-16 20:59:52 [debug    ] epoch_start                    epoch=11 total_epochs=50
2026-05-16 21:05:44 [debug    ] meta_saved                     path=data/models/hidden_96_seed2/meta.json
2026-05-16 21:05:44 [debug    ] model_saved                    epoch=11
2026-05-16 21:05:44 [info     ] epoch_complete                 epoch=11 is_best=True lr=0.0008679999999999905 total_epochs=50 train_loss=0.032669 val_loss=0.029664
2026-05-16 21:05:44 [debug    ] epoch_start                    epoch=12 total_epochs=50
2026-05-16 21:11:34 [debug    ] meta_saved                     path=data/models/hidden_96_seed2/meta.json
2026-05-16 21:11:34 [debug    ] model_saved                    epoch=12
2026-05-16 21:11:34 [info     ] epoch_complete                 epoch=12 is_best=True lr=0.000845999999999989 total_epochs=50 train_loss=0.032225 val_loss=0.02917
2026-05-16 21:11:34 [debug    ] epoch_start                    epoch=13 total_epochs=50
2026-05-16 21:17:24 [info     ] epoch_complete                 epoch=13 is_best=False lr=0.0008239999999999856 total_epochs=50 train_loss=0.040193 val_loss=0.031
2026-05-16 21:17:24 [debug    ] epoch_start                    epoch=14 total_epochs=50
2026-05-16 21:23:17 [info     ] epoch_complete                 epoch=14 is_best=False lr=0.0008019999999999825 total_epochs=50 train_loss=0.033164 val_loss=0.031127
2026-05-16 21:23:17 [debug    ] epoch_start                    epoch=15 total_epochs=50
2026-05-16 21:29:08 [info     ] epoch_complete                 epoch=15 is_best=False lr=0.0007799999999999793 total_epochs=50 train_loss=0.032301 val_loss=0.029886
2026-05-16 21:29:08 [debug    ] epoch_start                    epoch=16 total_epochs=50
2026-05-16 21:34:59 [debug    ] meta_saved                     path=data/models/hidden_96_seed2/meta.json
2026-05-16 21:34:59 [debug    ] model_saved                    epoch=16
2026-05-16 21:34:59 [info     ] epoch_complete                 epoch=16 is_best=True lr=0.0007579999999999761 total_epochs=50 train_loss=0.031736 val_loss=0.02911
2026-05-16 21:34:59 [debug    ] epoch_start                    epoch=17 total_epochs=50
2026-05-16 21:40:52 [debug    ] meta_saved                     path=data/models/hidden_96_seed2/meta.json
2026-05-16 21:40:52 [debug    ] model_saved                    epoch=17
2026-05-16 21:40:52 [info     ] epoch_complete                 epoch=17 is_best=True lr=0.0007359999999999731 total_epochs=50 train_loss=0.031174 val_loss=0.028147
2026-05-16 21:40:52 [debug    ] epoch_start                    epoch=18 total_epochs=50
2026-05-16 21:46:43 [info     ] epoch_complete                 epoch=18 is_best=False lr=0.0007139999999999699 total_epochs=50 train_loss=0.031139 val_loss=0.028417
2026-05-16 21:46:43 [debug    ] epoch_start                    epoch=19 total_epochs=50
2026-05-16 21:52:32 [info     ] epoch_complete                 epoch=19 is_best=False lr=0.0006919999999999653 total_epochs=50 train_loss=0.030929 val_loss=0.028307
2026-05-16 21:52:32 [debug    ] epoch_start                    epoch=20 total_epochs=50
2026-05-16 21:58:22 [debug    ] meta_saved                     path=data/models/hidden_96_seed2/meta.json
2026-05-16 21:58:22 [debug    ] model_saved                    epoch=20
2026-05-16 21:58:22 [info     ] epoch_complete                 epoch=20 is_best=True lr=0.0006699999999999609 total_epochs=50 train_loss=0.030693 val_loss=0.027881
2026-05-16 21:58:22 [debug    ] epoch_start                    epoch=21 total_epochs=50
2026-05-16 22:04:12 [info     ] epoch_complete                 epoch=21 is_best=False lr=0.0006479999999999558 total_epochs=50 train_loss=0.030625 val_loss=0.028401
2026-05-16 22:04:12 [debug    ] epoch_start                    epoch=22 total_epochs=50
2026-05-16 22:10:02 [info     ] epoch_complete                 epoch=22 is_best=False lr=0.0006259999999999505 total_epochs=50 train_loss=0.030573 val_loss=0.028117
2026-05-16 22:10:02 [debug    ] epoch_start                    epoch=23 total_epochs=50
2026-05-16 22:15:53 [info     ] epoch_complete                 epoch=23 is_best=False lr=0.0006039999999999452 total_epochs=50 train_loss=0.030164 val_loss=0.027978
2026-05-16 22:15:53 [debug    ] epoch_start                    epoch=24 total_epochs=50
2026-05-16 22:21:46 [debug    ] meta_saved                     path=data/models/hidden_96_seed2/meta.json
2026-05-16 22:21:46 [debug    ] model_saved                    epoch=24
2026-05-16 22:21:46 [info     ] epoch_complete                 epoch=24 is_best=True lr=0.0005819999999999399 total_epochs=50 train_loss=0.029994 val_loss=0.027822
2026-05-16 22:21:46 [debug    ] epoch_start                    epoch=25 total_epochs=50
2026-05-16 22:27:35 [debug    ] meta_saved                     path=data/models/hidden_96_seed2/meta.json
2026-05-16 22:27:35 [debug    ] model_saved                    epoch=25
2026-05-16 22:27:35 [info     ] epoch_complete                 epoch=25 is_best=True lr=0.0005599999999999346 total_epochs=50 train_loss=0.030112 val_loss=0.027755
2026-05-16 22:27:35 [debug    ] epoch_start                    epoch=26 total_epochs=50
2026-05-16 22:33:21 [debug    ] meta_saved                     path=data/models/hidden_96_seed2/meta.json
2026-05-16 22:33:21 [debug    ] model_saved                    epoch=26
2026-05-16 22:33:21 [info     ] epoch_complete                 epoch=26 is_best=True lr=0.0005379999999999293 total_epochs=50 train_loss=0.029833 val_loss=0.027509
2026-05-16 22:33:21 [debug    ] epoch_start                    epoch=27 total_epochs=50
2026-05-16 22:39:05 [info     ] epoch_complete                 epoch=27 is_best=False lr=0.000515999999999924 total_epochs=50 train_loss=0.029685 val_loss=0.027612
2026-05-16 22:39:05 [debug    ] epoch_start                    epoch=28 total_epochs=50
2026-05-16 22:44:46 [info     ] epoch_complete                 epoch=28 is_best=False lr=0.0004939999999999187 total_epochs=50 train_loss=0.029245 val_loss=0.027534
2026-05-16 22:44:46 [debug    ] epoch_start                    epoch=29 total_epochs=50
2026-05-16 22:50:27 [debug    ] meta_saved                     path=data/models/hidden_96_seed2/meta.json
2026-05-16 22:50:27 [debug    ] model_saved                    epoch=29
2026-05-16 22:50:27 [info     ] epoch_complete                 epoch=29 is_best=True lr=0.00047199999999991997 total_epochs=50 train_loss=0.029239 val_loss=0.027069
2026-05-16 22:50:27 [debug    ] epoch_start                    epoch=30 total_epochs=50
2026-05-16 22:56:09 [info     ] epoch_complete                 epoch=30 is_best=False lr=0.00044999999999992393 total_epochs=50 train_loss=0.029613 val_loss=0.027528
2026-05-16 22:56:09 [debug    ] epoch_start                    epoch=31 total_epochs=50
2026-05-16 23:01:51 [info     ] epoch_complete                 epoch=31 is_best=False lr=0.0004279999999999269 total_epochs=50 train_loss=0.029368 val_loss=0.02731
2026-05-16 23:01:51 [debug    ] epoch_start                    epoch=32 total_epochs=50
2026-05-16 23:07:30 [info     ] epoch_complete                 epoch=32 is_best=False lr=0.0004059999999999309 total_epochs=50 train_loss=0.029093 val_loss=0.027084
2026-05-16 23:07:30 [debug    ] epoch_start                    epoch=33 total_epochs=50
2026-05-16 23:13:15 [info     ] epoch_complete                 epoch=33 is_best=False lr=0.0003839999999999346 total_epochs=50 train_loss=0.029005 val_loss=0.038762
2026-05-16 23:13:15 [debug    ] epoch_start                    epoch=34 total_epochs=50
2026-05-16 23:18:59 [info     ] epoch_complete                 epoch=34 is_best=False lr=0.0003619999999999374 total_epochs=50 train_loss=0.174146 val_loss=0.496974
2026-05-16 23:18:59 [debug    ] epoch_start                    epoch=35 total_epochs=50
2026-05-16 23:24:40 [info     ] epoch_complete                 epoch=35 is_best=False lr=0.0003399999999999421 total_epochs=50 train_loss=0.101768 val_loss=0.048653
2026-05-16 23:24:40 [debug    ] epoch_start                    epoch=36 total_epochs=50
2026-05-16 23:30:19 [info     ] epoch_complete                 epoch=36 is_best=False lr=0.00031799999999994485 total_epochs=50 train_loss=0.046443 val_loss=0.03806
2026-05-16 23:30:19 [debug    ] epoch_start                    epoch=37 total_epochs=50
2026-05-16 23:36:01 [info     ] epoch_complete                 epoch=37 is_best=False lr=0.00029599999999994756 total_epochs=50 train_loss=0.039077 val_loss=0.034629
2026-05-16 23:36:01 [debug    ] epoch_start                    epoch=38 total_epochs=50
2026-05-16 23:41:44 [info     ] epoch_complete                 epoch=38 is_best=False lr=0.0002739999999999507 total_epochs=50 train_loss=0.036065 val_loss=0.03276
2026-05-16 23:41:44 [debug    ] epoch_start                    epoch=39 total_epochs=50
2026-05-16 23:47:25 [info     ] epoch_complete                 epoch=39 is_best=False lr=0.0002519999999999539 total_epochs=50 train_loss=0.034241 val_loss=0.032986
2026-05-16 23:47:25 [debug    ] epoch_start                    epoch=40 total_epochs=50
2026-05-16 23:53:04 [info     ] epoch_complete                 epoch=40 is_best=False lr=0.00022999999999995737 total_epochs=50 train_loss=0.033469 val_loss=0.03096
2026-05-16 23:53:04 [debug    ] epoch_start                    epoch=41 total_epochs=50
2026-05-16 23:58:44 [info     ] epoch_complete                 epoch=41 is_best=False lr=0.00020799999999996188 total_epochs=50 train_loss=0.032417 val_loss=0.029914
2026-05-16 23:58:44 [debug    ] epoch_start                    epoch=42 total_epochs=50
2026-05-17 00:04:23 [info     ] epoch_complete                 epoch=42 is_best=False lr=0.0001859999999999664 total_epochs=50 train_loss=0.031859 val_loss=0.029672
2026-05-17 00:04:23 [debug    ] epoch_start                    epoch=43 total_epochs=50
2026-05-17 00:10:02 [info     ] epoch_complete                 epoch=43 is_best=False lr=0.00016399999999997095 total_epochs=50 train_loss=0.031348 val_loss=0.029315
2026-05-17 00:10:02 [debug    ] epoch_start                    epoch=44 total_epochs=50
2026-05-17 00:15:41 [info     ] epoch_complete                 epoch=44 is_best=False lr=0.00014199999999997548 total_epochs=50 train_loss=0.030989 val_loss=0.028907
2026-05-17 00:15:41 [debug    ] epoch_start                    epoch=45 total_epochs=50
2026-05-17 00:21:19 [info     ] epoch_complete                 epoch=45 is_best=False lr=0.00011999999999997995 total_epochs=50 train_loss=0.030759 val_loss=0.028538
2026-05-17 00:21:19 [debug    ] epoch_start                    epoch=46 total_epochs=50
2026-05-17 00:26:58 [info     ] epoch_complete                 epoch=46 is_best=False lr=9.799999999998395e-05 total_epochs=50 train_loss=0.030524 val_loss=0.028418
2026-05-17 00:26:58 [debug    ] epoch_start                    epoch=47 total_epochs=50
2026-05-17 00:33:50 [info     ] epoch_complete                 epoch=47 is_best=False lr=7.599999999998802e-05 total_epochs=50 train_loss=0.030328 val_loss=0.028297
2026-05-17 00:33:50 [debug    ] epoch_start                    epoch=48 total_epochs=50
2026-05-17 00:43:06 [info     ] epoch_complete                 epoch=48 is_best=False lr=5.399999999999204e-05 total_epochs=50 train_loss=0.030262 val_loss=0.028189
2026-05-17 00:43:06 [debug    ] epoch_start                    epoch=49 total_epochs=50
2026-05-17 00:52:26 [info     ] epoch_complete                 epoch=49 is_best=False lr=3.199999999999529e-05 total_epochs=50 train_loss=0.030205 val_loss=0.028273
2026-05-17 00:52:26 [debug    ] epoch_start                    epoch=50 total_epochs=50
2026-05-17 01:00:46 [info     ] epoch_complete                 epoch=50 is_best=False lr=9.999999999998564e-06 total_epochs=50 train_loss=0.03009 val_loss=0.028132
2026-05-17 01:00:46 [info     ] training_log_saved             path=data/models/hidden_96_seed2/training_losses.csv
2026-05-17 01:00:46 [info     ] training_complete              best_val_loss=0.027069
2026-05-17 01:00:46 [info     ] train_typecode_done            typecode=A320
2026-05-17 01:00:46 [info     ] train_done                     typecodes=['A320']

$ uv run fdm train --arch adsb --config results_run2/hidden_96_seed2/config.yaml --model-name hidden_96_seed2 --epochs 50 --batch-size 64 --lr 0.001 --method rk4 --seq-len 60 --train-limit 5000 --activation relu --seed 2 --backbone-depth 3 --head-depth 2 --hidden-width 96 --device cuda --no-use-mode-weights
