2026-05-19 15:18:12 [info     ] train_start                    arch=adsb device=cuda typecodes=['A320']
2026-05-19 15:18:12 [info     ] train_typecode                 typecode=A320
2026-05-19 15:18:12 [info     ] loading_data                   train_flights=1594 val_flights=247
2026-05-19 15:18:12 [warning  ] e1_column_missing              column=fdm_g_sin_gamma_ms2
2026-05-19 15:18:12 [warning  ] e1_column_missing              column=fdm_cos_gamma
2026-05-19 15:18:12 [warning  ] e1_column_missing              column=fdm_q_pa
2026-05-19 15:18:12 [warning  ] e1_column_missing              column=fdm_g_over_v
2026-05-19 15:18:12 [warning  ] e1_column_missing              column=fdm_lat_wind_ms
2026-05-19 15:18:12 [warning  ] e1_column_missing              column=fdm_drift_rad
2026-05-19 15:18:12 [warning  ] e1_column_missing              column=fdm_track_rad
2026-05-19 15:18:12 [warning  ] e1_column_missing              column=fdm_heading_diff_rad
2026-05-19 15:18:18 [warning  ] e1_column_missing              column=fdm_g_sin_gamma_ms2
2026-05-19 15:18:18 [warning  ] e1_column_missing              column=fdm_cos_gamma
2026-05-19 15:18:18 [warning  ] e1_column_missing              column=fdm_q_pa
2026-05-19 15:18:18 [warning  ] e1_column_missing              column=fdm_g_over_v
2026-05-19 15:18:18 [warning  ] e1_column_missing              column=fdm_lat_wind_ms
2026-05-19 15:18:18 [warning  ] e1_column_missing              column=fdm_drift_rad
2026-05-19 15:18:18 [warning  ] e1_column_missing              column=fdm_track_rad
2026-05-19 15:18:18 [warning  ] e1_column_missing              column=fdm_heading_diff_rad
2026-05-19 15:18:18 [info     ] data_loaded                    train_samples=48117 val_samples=7518
2026-05-19 15:18:39 [debug    ] meta_saved                     path=data/models/hidden_32_seed1/meta.json
2026-05-19 15:18:39 [info     ] trainer_initialized            architecture=node_adsb_v1 device=cuda train_samples=48117 val_samples=7518
2026-05-19 15:18:39 [info     ] preloading_data_to_gpu
2026-05-19 15:18:39 [debug    ] epoch_start                    epoch=1 total_epochs=50
/data/common/dataiku/config/projects/NODEFDM/lib/python/.venv/lib/python3.12/site-packages/torch/_inductor/compile_fx.py:321: UserWarning: TensorFloat32 tensor cores for float32 matrix multiplication available but not enabled. Consider setting `torch.set_float32_matmul_precision('high')` for better performance.
  warnings.warn(
2026-05-19 15:18:59 [info     ] debug_magnitudes               norm_mean=['8427.359375', '-0.000899', '211.646118', '3.252943'] norm_std=['2287.523926', '0.040447', '34.116577', '1.247240'] ode_loss=0.366533
2026-05-19 15:19:45 [warning  ] nan_or_inf_loss                loss=nan
W0519 15:31:26.117000 2028375 torch/_dynamo/convert_frame.py:1676] [0/8] torch._dynamo hit config.recompile_limit (8)
W0519 15:31:26.117000 2028375 torch/_dynamo/convert_frame.py:1676] [0/8]    function: 'forward' (/data/common/dataiku/config/projects/NODEFDM/lib/python/packages/node-fdm/src/node_fdm/models/fdm.py:181)
W0519 15:31:26.117000 2028375 torch/_dynamo/convert_frame.py:1676] [0/8]    last reason: 0/7: tensor 'self.history['raw_alt_m']' size mismatch at index 1. expected 1, actual 2
W0519 15:31:26.117000 2028375 torch/_dynamo/convert_frame.py:1676] [0/8] To log all recompilation reasons, use TORCH_LOGS="recompiles".
W0519 15:31:26.117000 2028375 torch/_dynamo/convert_frame.py:1676] [0/8] To diagnose recompilation issues, see https://pytorch.org/docs/main/compile/programming_model.recompilation.html
2026-05-19 15:31:26 [debug    ] meta_saved                     path=data/models/hidden_32_seed1/meta.json
2026-05-19 15:31:26 [debug    ] model_saved                    epoch=1
2026-05-19 15:31:26 [info     ] epoch_complete                 epoch=1 is_best=True lr=0.00020800000000000077 total_epochs=50 train_loss=nan val_loss=0.035371
2026-05-19 15:31:26 [debug    ] epoch_start                    epoch=2 total_epochs=50
2026-05-19 15:42:13 [warning  ] nan_or_inf_loss                loss=nan
2026-05-19 15:42:52 [debug    ] meta_saved                     path=data/models/hidden_32_seed1/meta.json
2026-05-19 15:42:52 [debug    ] model_saved                    epoch=2
2026-05-19 15:42:52 [info     ] epoch_complete                 epoch=2 is_best=True lr=0.00040600000000000174 total_epochs=50 train_loss=nan val_loss=0.028071
2026-05-19 15:42:52 [debug    ] epoch_start                    epoch=3 total_epochs=50
2026-05-19 15:46:43 [warning  ] nan_or_inf_loss                loss=nan
2026-05-19 15:54:56 [debug    ] meta_saved                     path=data/models/hidden_32_seed1/meta.json
2026-05-19 15:54:56 [debug    ] model_saved                    epoch=3
2026-05-19 15:54:56 [info     ] epoch_complete                 epoch=3 is_best=True lr=0.0006040000000000034 total_epochs=50 train_loss=nan val_loss=0.026686
2026-05-19 15:54:56 [debug    ] epoch_start                    epoch=4 total_epochs=50
2026-05-19 15:58:44 [warning  ] nan_or_inf_loss                loss=nan
2026-05-19 16:06:54 [debug    ] meta_saved                     path=data/models/hidden_32_seed1/meta.json
2026-05-19 16:06:54 [debug    ] model_saved                    epoch=4
2026-05-19 16:06:54 [info     ] epoch_complete                 epoch=4 is_best=True lr=0.0008020000000000034 total_epochs=50 train_loss=nan val_loss=0.026132
2026-05-19 16:06:54 [debug    ] epoch_start                    epoch=5 total_epochs=50
2026-05-19 16:07:52 [warning  ] nan_or_inf_loss                loss=nan
2026-05-19 16:18:23 [debug    ] meta_saved                     path=data/models/hidden_32_seed1/meta.json
2026-05-19 16:18:23 [debug    ] model_saved                    epoch=5
2026-05-19 16:18:23 [info     ] epoch_complete                 epoch=5 is_best=True lr=0.001 total_epochs=50 train_loss=nan val_loss=0.025091
2026-05-19 16:18:23 [debug    ] epoch_start                    epoch=6 total_epochs=50
2026-05-19 16:18:26 [warning  ] nan_or_inf_loss                loss=nan
2026-05-19 16:29:49 [debug    ] meta_saved                     path=data/models/hidden_32_seed1/meta.json
2026-05-19 16:29:49 [debug    ] model_saved                    epoch=6
2026-05-19 16:29:49 [info     ] epoch_complete                 epoch=6 is_best=True lr=0.0009779999999999641 total_epochs=50 train_loss=nan val_loss=0.025034
2026-05-19 16:29:49 [debug    ] epoch_start                    epoch=7 total_epochs=50
2026-05-19 16:40:38 [warning  ] nan_or_inf_loss                loss=nan
2026-05-19 16:41:16 [debug    ] meta_saved                     path=data/models/hidden_32_seed1/meta.json
2026-05-19 16:41:16 [debug    ] model_saved                    epoch=7
2026-05-19 16:41:16 [info     ] epoch_complete                 epoch=7 is_best=True lr=0.000955999999999966 total_epochs=50 train_loss=nan val_loss=0.024649
2026-05-19 16:41:16 [debug    ] epoch_start                    epoch=8 total_epochs=50
2026-05-19 16:49:23 [warning  ] nan_or_inf_loss                loss=nan
2026-05-19 16:52:53 [debug    ] meta_saved                     path=data/models/hidden_32_seed1/meta.json
2026-05-19 16:52:53 [debug    ] model_saved                    epoch=8
2026-05-19 16:52:53 [info     ] epoch_complete                 epoch=8 is_best=True lr=0.0009339999999999676 total_epochs=50 train_loss=nan val_loss=0.024045
2026-05-19 16:52:53 [debug    ] epoch_start                    epoch=9 total_epochs=50
2026-05-19 16:53:15 [warning  ] nan_or_inf_loss                loss=nan
2026-05-19 17:04:24 [debug    ] meta_saved                     path=data/models/hidden_32_seed1/meta.json
2026-05-19 17:04:24 [debug    ] model_saved                    epoch=9
2026-05-19 17:04:24 [info     ] epoch_complete                 epoch=9 is_best=True lr=0.0009119999999999646 total_epochs=50 train_loss=nan val_loss=0.023786
2026-05-19 17:04:24 [debug    ] epoch_start                    epoch=10 total_epochs=50
2026-05-19 17:12:36 [warning  ] nan_or_inf_loss                loss=nan
2026-05-19 17:15:56 [debug    ] meta_saved                     path=data/models/hidden_32_seed1/meta.json
2026-05-19 17:15:56 [debug    ] model_saved                    epoch=10
2026-05-19 17:15:56 [info     ] epoch_complete                 epoch=10 is_best=True lr=0.0008899999999999641 total_epochs=50 train_loss=nan val_loss=0.023635
2026-05-19 17:15:56 [debug    ] epoch_start                    epoch=11 total_epochs=50
2026-05-19 17:23:30 [warning  ] nan_or_inf_loss                loss=nan
2026-05-19 17:27:13 [info     ] epoch_complete                 epoch=11 is_best=False lr=0.0008679999999999602 total_epochs=50 train_loss=nan val_loss=0.057165
2026-05-19 17:27:13 [debug    ] epoch_start                    epoch=12 total_epochs=50
2026-05-19 17:38:11 [warning  ] nan_or_inf_loss                loss=nan
2026-05-19 17:38:35 [info     ] epoch_complete                 epoch=12 is_best=False lr=0.0008459999999999557 total_epochs=50 train_loss=nan val_loss=0.201805
2026-05-19 17:38:35 [debug    ] epoch_start                    epoch=13 total_epochs=50
2026-05-19 17:49:00 [warning  ] nan_or_inf_loss                loss=nan
2026-05-19 17:49:58 [info     ] epoch_complete                 epoch=13 is_best=False lr=0.0008239999999999501 total_epochs=50 train_loss=nan val_loss=0.666928
2026-05-19 17:49:58 [debug    ] epoch_start                    epoch=14 total_epochs=50
2026-05-19 17:53:11 [warning  ] nan_or_inf_loss                loss=nan
2026-05-19 18:01:19 [info     ] epoch_complete                 epoch=14 is_best=False lr=0.0008019999999999432 total_epochs=50 train_loss=nan val_loss=0.584663
2026-05-19 18:01:19 [debug    ] epoch_start                    epoch=15 total_epochs=50
2026-05-19 18:10:28 [warning  ] nan_or_inf_loss                loss=nan
2026-05-19 18:12:46 [info     ] epoch_complete                 epoch=15 is_best=False lr=0.0007799999999999348 total_epochs=50 train_loss=nan val_loss=0.250139
2026-05-19 18:12:46 [debug    ] epoch_start                    epoch=16 total_epochs=50
2026-05-19 18:14:37 [warning  ] nan_or_inf_loss                loss=nan
2026-05-19 18:24:04 [info     ] epoch_complete                 epoch=16 is_best=False lr=0.0007579999999999236 total_epochs=50 train_loss=nan val_loss=0.164824
2026-05-19 18:24:04 [debug    ] epoch_start                    epoch=17 total_epochs=50
2026-05-19 18:30:10 [warning  ] nan_or_inf_loss                loss=nan
2026-05-19 18:35:25 [info     ] epoch_complete                 epoch=17 is_best=False lr=0.0007359999999999133 total_epochs=50 train_loss=nan val_loss=0.123271
2026-05-19 18:35:25 [debug    ] epoch_start                    epoch=18 total_epochs=50
2026-05-19 18:42:44 [warning  ] nan_or_inf_loss                loss=nan
2026-05-19 18:46:45 [info     ] epoch_complete                 epoch=18 is_best=False lr=0.0007139999999999008 total_epochs=50 train_loss=nan val_loss=0.110352
2026-05-19 18:46:45 [debug    ] epoch_start                    epoch=19 total_epochs=50
2026-05-19 18:51:31 [warning  ] nan_or_inf_loss                loss=nan
2026-05-19 18:58:05 [info     ] epoch_complete                 epoch=19 is_best=False lr=0.0006919999999998854 total_epochs=50 train_loss=nan val_loss=0.14402
2026-05-19 18:58:05 [debug    ] epoch_start                    epoch=20 total_epochs=50
2026-05-19 19:03:01 [warning  ] nan_or_inf_loss                loss=nan
2026-05-19 19:09:25 [info     ] epoch_complete                 epoch=20 is_best=False lr=0.0006699999999998693 total_epochs=50 train_loss=nan val_loss=0.592081
2026-05-19 19:09:25 [debug    ] epoch_start                    epoch=21 total_epochs=50
2026-05-19 19:16:58 [warning  ] nan_or_inf_loss                loss=nan
2026-05-19 19:20:40 [info     ] epoch_complete                 epoch=21 is_best=False lr=0.0006479999999998547 total_epochs=50 train_loss=nan val_loss=0.458996
2026-05-19 19:20:40 [debug    ] epoch_start                    epoch=22 total_epochs=50
2026-05-19 19:22:55 [warning  ] nan_or_inf_loss                loss=nan
2026-05-19 19:31:47 [info     ] epoch_complete                 epoch=22 is_best=False lr=0.0006259999999998386 total_epochs=50 train_loss=nan val_loss=0.131072
2026-05-19 19:31:47 [debug    ] epoch_start                    epoch=23 total_epochs=50
2026-05-19 19:33:24 [warning  ] nan_or_inf_loss                loss=nan
2026-05-19 19:42:51 [info     ] epoch_complete                 epoch=23 is_best=False lr=0.0006039999999998202 total_epochs=50 train_loss=nan val_loss=0.115929
2026-05-19 19:42:51 [debug    ] epoch_start                    epoch=24 total_epochs=50
2026-05-19 19:43:36 [warning  ] nan_or_inf_loss                loss=nan
2026-05-19 19:53:53 [info     ] epoch_complete                 epoch=24 is_best=False lr=0.0005819999999998049 total_epochs=50 train_loss=nan val_loss=0.128831
2026-05-19 19:53:53 [debug    ] epoch_start                    epoch=25 total_epochs=50
2026-05-19 20:02:30 [warning  ] nan_or_inf_loss                loss=nan
2026-05-19 20:04:55 [info     ] epoch_complete                 epoch=25 is_best=False lr=0.0005599999999997843 total_epochs=50 train_loss=nan val_loss=0.118655
2026-05-19 20:04:55 [debug    ] epoch_start                    epoch=26 total_epochs=50
2026-05-19 20:14:55 [warning  ] nan_or_inf_loss                loss=nan
2026-05-19 20:16:03 [info     ] epoch_complete                 epoch=26 is_best=False lr=0.0005379999999997661 total_epochs=50 train_loss=nan val_loss=0.106601
2026-05-19 20:16:03 [debug    ] epoch_start                    epoch=27 total_epochs=50
2026-05-19 20:23:47 [warning  ] nan_or_inf_loss                loss=nan
2026-05-19 20:27:08 [info     ] epoch_complete                 epoch=27 is_best=False lr=0.0005159999999997449 total_epochs=50 train_loss=nan val_loss=0.113732
2026-05-19 20:27:08 [debug    ] epoch_start                    epoch=28 total_epochs=50
2026-05-19 20:32:39 [warning  ] nan_or_inf_loss                loss=nan
2026-05-19 20:38:17 [info     ] epoch_complete                 epoch=28 is_best=False lr=0.0004939999999997231 total_epochs=50 train_loss=nan val_loss=0.112986
2026-05-19 20:38:17 [debug    ] epoch_start                    epoch=29 total_epochs=50
2026-05-19 20:48:57 [warning  ] nan_or_inf_loss                loss=nan
2026-05-19 20:49:22 [info     ] epoch_complete                 epoch=29 is_best=False lr=0.00047199999999972654 total_epochs=50 train_loss=nan val_loss=0.229819
2026-05-19 20:49:22 [debug    ] epoch_start                    epoch=30 total_epochs=50
2026-05-19 20:59:37 [warning  ] nan_or_inf_loss                loss=nan
2026-05-19 21:00:26 [info     ] epoch_complete                 epoch=30 is_best=False lr=0.00044999999999974005 total_epochs=50 train_loss=nan val_loss=0.200132
2026-05-19 21:00:26 [debug    ] epoch_start                    epoch=31 total_epochs=50
2026-05-19 21:08:15 [warning  ] nan_or_inf_loss                loss=nan
2026-05-19 21:11:30 [info     ] epoch_complete                 epoch=31 is_best=False lr=0.00042799999999975404 total_epochs=50 train_loss=nan val_loss=0.159621
2026-05-19 21:11:30 [debug    ] epoch_start                    epoch=32 total_epochs=50
2026-05-19 21:15:51 [warning  ] nan_or_inf_loss                loss=nan
2026-05-19 21:22:45 [info     ] epoch_complete                 epoch=32 is_best=False lr=0.0004059999999997666 total_epochs=50 train_loss=nan val_loss=0.182739
2026-05-19 21:22:45 [debug    ] epoch_start                    epoch=33 total_epochs=50
2026-05-19 21:30:15 [warning  ] nan_or_inf_loss                loss=nan
2026-05-19 21:33:45 [info     ] epoch_complete                 epoch=33 is_best=False lr=0.00038399999999978274 total_epochs=50 train_loss=nan val_loss=0.431441
2026-05-19 21:33:45 [debug    ] epoch_start                    epoch=34 total_epochs=50
2026-05-19 21:34:40 [warning  ] nan_or_inf_loss                loss=nan
2026-05-19 21:44:42 [info     ] epoch_complete                 epoch=34 is_best=False lr=0.0003619999999997976 total_epochs=50 train_loss=nan val_loss=0.293321
2026-05-19 21:44:42 [debug    ] epoch_start                    epoch=35 total_epochs=50
2026-05-19 21:55:19 [warning  ] nan_or_inf_loss                loss=nan
2026-05-19 21:55:42 [info     ] epoch_complete                 epoch=35 is_best=False lr=0.00033999999999981284 total_epochs=50 train_loss=nan val_loss=0.219615
2026-05-19 21:55:42 [debug    ] epoch_start                    epoch=36 total_epochs=50
2026-05-19 22:01:55 [warning  ] nan_or_inf_loss                loss=nan
2026-05-19 22:06:44 [info     ] epoch_complete                 epoch=36 is_best=False lr=0.00031799999999982846 total_epochs=50 train_loss=nan val_loss=0.162457
2026-05-19 22:06:44 [debug    ] epoch_start                    epoch=37 total_epochs=50
2026-05-19 22:17:30 [warning  ] nan_or_inf_loss                loss=nan
2026-05-19 22:17:46 [info     ] epoch_complete                 epoch=37 is_best=False lr=0.00029599999999984576 total_epochs=50 train_loss=nan val_loss=0.142174
2026-05-19 22:17:46 [debug    ] epoch_start                    epoch=38 total_epochs=50
2026-05-19 22:24:01 [warning  ] nan_or_inf_loss                loss=nan
2026-05-19 22:28:48 [info     ] epoch_complete                 epoch=38 is_best=False lr=0.00027399999999986176 total_epochs=50 train_loss=nan val_loss=0.169707
2026-05-19 22:28:48 [debug    ] epoch_start                    epoch=39 total_epochs=50
2026-05-19 22:29:52 [warning  ] nan_or_inf_loss                loss=nan
2026-05-19 22:39:48 [info     ] epoch_complete                 epoch=39 is_best=False lr=0.0002519999999998791 total_epochs=50 train_loss=nan val_loss=0.208656
2026-05-19 22:39:48 [debug    ] epoch_start                    epoch=40 total_epochs=50
2026-05-19 22:46:14 [warning  ] nan_or_inf_loss                loss=nan
2026-05-19 22:50:45 [info     ] epoch_complete                 epoch=40 is_best=False lr=0.00022999999999989115 total_epochs=50 train_loss=nan val_loss=0.153887
2026-05-19 22:50:45 [debug    ] epoch_start                    epoch=41 total_epochs=50
2026-05-19 23:00:22 [warning  ] nan_or_inf_loss                loss=nan
2026-05-19 23:01:43 [info     ] epoch_complete                 epoch=41 is_best=False lr=0.00020799999999989986 total_epochs=50 train_loss=nan val_loss=0.181774
2026-05-19 23:01:43 [debug    ] epoch_start                    epoch=42 total_epochs=50
2026-05-19 23:03:59 [warning  ] nan_or_inf_loss                loss=nan
2026-05-19 23:12:38 [info     ] epoch_complete                 epoch=42 is_best=False lr=0.00018599999999990713 total_epochs=50 train_loss=nan val_loss=0.162603
2026-05-19 23:12:38 [debug    ] epoch_start                    epoch=43 total_epochs=50
2026-05-19 23:19:49 [warning  ] nan_or_inf_loss                loss=nan
2026-05-19 23:23:37 [info     ] epoch_complete                 epoch=43 is_best=False lr=0.00016399999999991286 total_epochs=50 train_loss=nan val_loss=0.151632
2026-05-19 23:23:37 [debug    ] epoch_start                    epoch=44 total_epochs=50
2026-05-19 23:25:30 [warning  ] nan_or_inf_loss                loss=nan
2026-05-19 23:34:35 [info     ] epoch_complete                 epoch=44 is_best=False lr=0.00014199999999991775 total_epochs=50 train_loss=nan val_loss=0.151479
2026-05-19 23:34:35 [debug    ] epoch_start                    epoch=45 total_epochs=50
2026-05-19 23:40:01 [warning  ] nan_or_inf_loss                loss=nan
2026-05-19 23:45:29 [info     ] epoch_complete                 epoch=45 is_best=False lr=0.00011999999999992358 total_epochs=50 train_loss=nan val_loss=0.147579
2026-05-19 23:45:29 [debug    ] epoch_start                    epoch=46 total_epochs=50
2026-05-19 23:47:06 [warning  ] nan_or_inf_loss                loss=nan
2026-05-19 23:56:25 [info     ] epoch_complete                 epoch=46 is_best=False lr=9.799999999993738e-05 total_epochs=50 train_loss=nan val_loss=0.142613
2026-05-19 23:56:25 [debug    ] epoch_start                    epoch=47 total_epochs=50
2026-05-19 23:57:11 [warning  ] nan_or_inf_loss                loss=nan
2026-05-20 00:07:24 [info     ] epoch_complete                 epoch=47 is_best=False lr=7.599999999995096e-05 total_epochs=50 train_loss=nan val_loss=0.139953
2026-05-20 00:07:24 [debug    ] epoch_start                    epoch=48 total_epochs=50
2026-05-20 00:09:52 [warning  ] nan_or_inf_loss                loss=nan
2026-05-20 00:18:25 [info     ] epoch_complete                 epoch=48 is_best=False lr=5.399999999996508e-05 total_epochs=50 train_loss=nan val_loss=0.138288
2026-05-20 00:18:25 [debug    ] epoch_start                    epoch=49 total_epochs=50
2026-05-20 00:27:06 [warning  ] nan_or_inf_loss                loss=nan
2026-05-20 00:29:22 [info     ] epoch_complete                 epoch=49 is_best=False lr=3.1999999999980124e-05 total_epochs=50 train_loss=nan val_loss=0.137738
2026-05-20 00:29:22 [debug    ] epoch_start                    epoch=50 total_epochs=50
2026-05-20 00:36:03 [warning  ] nan_or_inf_loss                loss=nan
2026-05-20 00:46:57 [info     ] epoch_complete                 epoch=50 is_best=False lr=9.999999999993956e-06 total_epochs=50 train_loss=nan val_loss=0.137293
2026-05-20 00:46:57 [info     ] training_log_saved             path=data/models/hidden_32_seed1/training_losses.csv
2026-05-20 00:46:57 [info     ] training_complete              best_val_loss=0.023635
2026-05-20 00:46:57 [info     ] train_typecode_done            typecode=A320
2026-05-20 00:46:57 [info     ] train_done                     typecodes=['A320']

$ uv run fdm train --arch adsb --config results_run3/hidden_32_seed1/config.yaml --model-name hidden_32_seed1 --epochs 50 --batch-size 32 --lr 0.001 --method rk4 --seq-len 30 --train-limit 5000 --activation relu --seed 1 --backbone-depth 2 --head-depth 2 --hidden-width 32 --device cuda --no-use-mode-weights
