2026-05-15 18:55:23 [info     ] train_start                    arch=adsb device=cuda typecodes=['A320']
2026-05-15 18:55:23 [info     ] train_typecode                 typecode=A320
2026-05-15 18:55:23 [info     ] loading_data                   train_flights=1594 val_flights=247
2026-05-15 18:55:23 [warning  ] e1_column_missing              column=fdm_g_sin_gamma_ms2
2026-05-15 18:55:23 [warning  ] e1_column_missing              column=fdm_cos_gamma
2026-05-15 18:55:23 [warning  ] e1_column_missing              column=fdm_q_pa
2026-05-15 18:55:23 [warning  ] e1_column_missing              column=fdm_g_over_v
2026-05-15 18:55:23 [warning  ] e1_column_missing              column=fdm_lat_wind_ms
2026-05-15 18:55:23 [warning  ] e1_column_missing              column=fdm_drift_rad
2026-05-15 18:55:23 [warning  ] e1_column_missing              column=fdm_track_rad
2026-05-15 18:55:23 [warning  ] e1_column_missing              column=fdm_heading_diff_rad
2026-05-15 18:55:28 [warning  ] e1_column_missing              column=fdm_g_sin_gamma_ms2
2026-05-15 18:55:28 [warning  ] e1_column_missing              column=fdm_cos_gamma
2026-05-15 18:55:28 [warning  ] e1_column_missing              column=fdm_q_pa
2026-05-15 18:55:28 [warning  ] e1_column_missing              column=fdm_g_over_v
2026-05-15 18:55:28 [warning  ] e1_column_missing              column=fdm_lat_wind_ms
2026-05-15 18:55:28 [warning  ] e1_column_missing              column=fdm_drift_rad
2026-05-15 18:55:28 [warning  ] e1_column_missing              column=fdm_track_rad
2026-05-15 18:55:28 [warning  ] e1_column_missing              column=fdm_heading_diff_rad
2026-05-15 18:55:29 [info     ] data_loaded                    train_samples=23212 val_samples=3628
2026-05-15 18:55:44 [debug    ] meta_saved                     path=data/models/bs_128_seed2/meta.json
2026-05-15 18:55:44 [info     ] trainer_initialized            architecture=node_adsb_v1 device=cuda train_samples=23212 val_samples=3628
2026-05-15 18:55:44 [info     ] preloading_data_to_gpu
2026-05-15 18:55:44 [debug    ] epoch_start                    epoch=1 total_epochs=50
/data/common/dataiku/config/projects/NODEFDM/lib/python/.venv/lib/python3.12/site-packages/torch/_inductor/compile_fx.py:321: UserWarning: TensorFloat32 tensor cores for float32 matrix multiplication available but not enabled. Consider setting `torch.set_float32_matmul_precision('high')` for better performance.
  warnings.warn(
2026-05-15 18:56:09 [info     ] debug_magnitudes               norm_mean=['8568.283203', '-0.001322', '213.622833', '3.253931'] norm_std=['2269.236084', '0.038830', '32.838379', '1.246786'] ode_loss=1.356967
W0515 19:00:09.896000 411609 torch/_dynamo/convert_frame.py:1676] [0/8] torch._dynamo hit config.recompile_limit (8)
W0515 19:00:09.896000 411609 torch/_dynamo/convert_frame.py:1676] [0/8]    function: 'forward' (/data/common/dataiku/config/projects/NODEFDM/lib/python/packages/node-fdm/src/node_fdm/models/fdm.py:181)
W0515 19:00:09.896000 411609 torch/_dynamo/convert_frame.py:1676] [0/8]    last reason: 0/7: tensor 'self.history['raw_alt_m']' size mismatch at index 1. expected 1, actual 2
W0515 19:00:09.896000 411609 torch/_dynamo/convert_frame.py:1676] [0/8] To log all recompilation reasons, use TORCH_LOGS="recompiles".
W0515 19:00:09.896000 411609 torch/_dynamo/convert_frame.py:1676] [0/8] To diagnose recompilation issues, see https://pytorch.org/docs/main/compile/programming_model.recompilation.html
2026-05-15 19:00:10 [debug    ] meta_saved                     path=data/models/bs_128_seed2/meta.json
2026-05-15 19:00:10 [debug    ] model_saved                    epoch=1
2026-05-15 19:00:10 [info     ] epoch_complete                 epoch=1 is_best=True lr=0.000208 total_epochs=50 train_loss=0.272933 val_loss=0.108375
2026-05-15 19:00:10 [debug    ] epoch_start                    epoch=2 total_epochs=50
2026-05-15 19:03:09 [debug    ] meta_saved                     path=data/models/bs_128_seed2/meta.json
2026-05-15 19:03:09 [debug    ] model_saved                    epoch=2
2026-05-15 19:03:09 [info     ] epoch_complete                 epoch=2 is_best=True lr=0.00040600000000000087 total_epochs=50 train_loss=0.071586 val_loss=0.044256
2026-05-15 19:03:09 [debug    ] epoch_start                    epoch=3 total_epochs=50
2026-05-15 19:06:06 [debug    ] meta_saved                     path=data/models/bs_128_seed2/meta.json
2026-05-15 19:06:06 [debug    ] model_saved                    epoch=3
2026-05-15 19:06:06 [info     ] epoch_complete                 epoch=3 is_best=True lr=0.0006040000000000002 total_epochs=50 train_loss=0.043613 val_loss=0.036973
2026-05-15 19:06:06 [debug    ] epoch_start                    epoch=4 total_epochs=50
2026-05-15 19:09:05 [debug    ] meta_saved                     path=data/models/bs_128_seed2/meta.json
2026-05-15 19:09:05 [debug    ] model_saved                    epoch=4
2026-05-15 19:09:05 [info     ] epoch_complete                 epoch=4 is_best=True lr=0.0008020000000000004 total_epochs=50 train_loss=0.038373 val_loss=0.032956
2026-05-15 19:09:05 [debug    ] epoch_start                    epoch=5 total_epochs=50
2026-05-15 19:12:02 [debug    ] meta_saved                     path=data/models/bs_128_seed2/meta.json
2026-05-15 19:12:02 [debug    ] model_saved                    epoch=5
2026-05-15 19:12:02 [info     ] epoch_complete                 epoch=5 is_best=True lr=0.001 total_epochs=50 train_loss=0.036204 val_loss=0.031962
2026-05-15 19:12:02 [debug    ] epoch_start                    epoch=6 total_epochs=50
2026-05-15 19:15:01 [debug    ] meta_saved                     path=data/models/bs_128_seed2/meta.json
2026-05-15 19:15:01 [debug    ] model_saved                    epoch=6
2026-05-15 19:15:01 [info     ] epoch_complete                 epoch=6 is_best=True lr=0.0009780000000000014 total_epochs=50 train_loss=0.035194 val_loss=0.031069
2026-05-15 19:15:01 [debug    ] epoch_start                    epoch=7 total_epochs=50
2026-05-15 19:18:00 [debug    ] meta_saved                     path=data/models/bs_128_seed2/meta.json
2026-05-15 19:18:00 [debug    ] model_saved                    epoch=7
2026-05-15 19:18:00 [info     ] epoch_complete                 epoch=7 is_best=True lr=0.0009560000000000012 total_epochs=50 train_loss=0.033703 val_loss=0.030213
2026-05-15 19:18:00 [debug    ] epoch_start                    epoch=8 total_epochs=50
2026-05-15 19:20:58 [debug    ] meta_saved                     path=data/models/bs_128_seed2/meta.json
2026-05-15 19:20:58 [debug    ] model_saved                    epoch=8
2026-05-15 19:20:58 [info     ] epoch_complete                 epoch=8 is_best=True lr=0.0009340000000000011 total_epochs=50 train_loss=0.03379 val_loss=0.030025
2026-05-15 19:20:58 [debug    ] epoch_start                    epoch=9 total_epochs=50
2026-05-15 19:23:55 [debug    ] meta_saved                     path=data/models/bs_128_seed2/meta.json
2026-05-15 19:23:55 [debug    ] model_saved                    epoch=9
2026-05-15 19:23:55 [info     ] epoch_complete                 epoch=9 is_best=True lr=0.0009120000000000012 total_epochs=50 train_loss=0.033062 val_loss=0.029556
2026-05-15 19:23:55 [debug    ] epoch_start                    epoch=10 total_epochs=50
2026-05-15 19:26:55 [info     ] epoch_complete                 epoch=10 is_best=False lr=0.0008900000000000021 total_epochs=50 train_loss=0.032854 val_loss=0.030503
2026-05-15 19:26:55 [debug    ] epoch_start                    epoch=11 total_epochs=50
2026-05-15 19:29:54 [info     ] epoch_complete                 epoch=11 is_best=False lr=0.000868000000000003 total_epochs=50 train_loss=0.032533 val_loss=0.032371
2026-05-15 19:29:54 [debug    ] epoch_start                    epoch=12 total_epochs=50
2026-05-15 19:32:52 [info     ] epoch_complete                 epoch=12 is_best=False lr=0.0008460000000000041 total_epochs=50 train_loss=0.032639 val_loss=0.029665
2026-05-15 19:32:52 [debug    ] epoch_start                    epoch=13 total_epochs=50
2026-05-15 19:35:49 [info     ] epoch_complete                 epoch=13 is_best=False lr=0.0008240000000000053 total_epochs=50 train_loss=0.032332 val_loss=0.029735
2026-05-15 19:35:49 [debug    ] epoch_start                    epoch=14 total_epochs=50
2026-05-15 19:38:46 [debug    ] meta_saved                     path=data/models/bs_128_seed2/meta.json
2026-05-15 19:38:46 [debug    ] model_saved                    epoch=14
2026-05-15 19:38:46 [info     ] epoch_complete                 epoch=14 is_best=True lr=0.0008020000000000067 total_epochs=50 train_loss=0.032135 val_loss=0.029457
2026-05-15 19:38:46 [debug    ] epoch_start                    epoch=15 total_epochs=50
2026-05-15 19:41:45 [info     ] epoch_complete                 epoch=15 is_best=False lr=0.0007800000000000081 total_epochs=50 train_loss=0.032075 val_loss=0.029793
2026-05-15 19:41:45 [debug    ] epoch_start                    epoch=16 total_epochs=50
2026-05-15 19:44:45 [debug    ] meta_saved                     path=data/models/bs_128_seed2/meta.json
2026-05-15 19:44:45 [debug    ] model_saved                    epoch=16
2026-05-15 19:44:45 [info     ] epoch_complete                 epoch=16 is_best=True lr=0.0007580000000000095 total_epochs=50 train_loss=0.031748 val_loss=0.029085
2026-05-15 19:44:45 [debug    ] epoch_start                    epoch=17 total_epochs=50
2026-05-15 19:47:42 [debug    ] meta_saved                     path=data/models/bs_128_seed2/meta.json
2026-05-15 19:47:42 [debug    ] model_saved                    epoch=17
2026-05-15 19:47:42 [info     ] epoch_complete                 epoch=17 is_best=True lr=0.000736000000000011 total_epochs=50 train_loss=0.031389 val_loss=0.028933
2026-05-15 19:47:42 [debug    ] epoch_start                    epoch=18 total_epochs=50
2026-05-15 19:50:40 [info     ] epoch_complete                 epoch=18 is_best=False lr=0.0007140000000000124 total_epochs=50 train_loss=0.031352 val_loss=0.029057
2026-05-15 19:50:40 [debug    ] epoch_start                    epoch=19 total_epochs=50
2026-05-15 19:53:40 [debug    ] meta_saved                     path=data/models/bs_128_seed2/meta.json
2026-05-15 19:53:40 [debug    ] model_saved                    epoch=19
2026-05-15 19:53:40 [info     ] epoch_complete                 epoch=19 is_best=True lr=0.0006920000000000138 total_epochs=50 train_loss=0.030988 val_loss=0.028565
2026-05-15 19:53:40 [debug    ] epoch_start                    epoch=20 total_epochs=50
2026-05-15 19:56:39 [debug    ] meta_saved                     path=data/models/bs_128_seed2/meta.json
2026-05-15 19:56:39 [debug    ] model_saved                    epoch=20
2026-05-15 19:56:39 [info     ] epoch_complete                 epoch=20 is_best=True lr=0.0006700000000000152 total_epochs=50 train_loss=0.03101 val_loss=0.028247
2026-05-15 19:56:39 [debug    ] epoch_start                    epoch=21 total_epochs=50
2026-05-15 19:59:36 [info     ] epoch_complete                 epoch=21 is_best=False lr=0.0006480000000000166 total_epochs=50 train_loss=0.030776 val_loss=0.028326
2026-05-15 19:59:36 [debug    ] epoch_start                    epoch=22 total_epochs=50
2026-05-15 20:02:34 [info     ] epoch_complete                 epoch=22 is_best=False lr=0.000626000000000018 total_epochs=50 train_loss=0.031278 val_loss=0.029628
2026-05-15 20:02:34 [debug    ] epoch_start                    epoch=23 total_epochs=50
2026-05-15 20:05:34 [info     ] epoch_complete                 epoch=23 is_best=False lr=0.0006040000000000195 total_epochs=50 train_loss=0.031223 val_loss=0.028537
2026-05-15 20:05:34 [debug    ] epoch_start                    epoch=24 total_epochs=50
2026-05-15 20:08:31 [info     ] epoch_complete                 epoch=24 is_best=False lr=0.0005820000000000209 total_epochs=50 train_loss=0.030904 val_loss=0.028717
2026-05-15 20:08:31 [debug    ] epoch_start                    epoch=25 total_epochs=50
2026-05-15 20:11:32 [info     ] epoch_complete                 epoch=25 is_best=False lr=0.0005600000000000223 total_epochs=50 train_loss=0.03095 val_loss=0.029488
2026-05-15 20:11:32 [debug    ] epoch_start                    epoch=26 total_epochs=50
2026-05-15 20:14:31 [debug    ] meta_saved                     path=data/models/bs_128_seed2/meta.json
2026-05-15 20:14:31 [debug    ] model_saved                    epoch=26
2026-05-15 20:14:31 [info     ] epoch_complete                 epoch=26 is_best=True lr=0.0005380000000000237 total_epochs=50 train_loss=0.031121 val_loss=0.028234
2026-05-15 20:14:31 [debug    ] epoch_start                    epoch=27 total_epochs=50
2026-05-15 20:17:29 [info     ] epoch_complete                 epoch=27 is_best=False lr=0.0005160000000000251 total_epochs=50 train_loss=1.564791 val_loss=1.188645
2026-05-15 20:17:29 [debug    ] epoch_start                    epoch=28 total_epochs=50
2026-05-15 20:20:29 [info     ] epoch_complete                 epoch=28 is_best=False lr=0.0004940000000000265 total_epochs=50 train_loss=0.484435 val_loss=0.125835
2026-05-15 20:20:29 [debug    ] epoch_start                    epoch=29 total_epochs=50
2026-05-15 20:23:28 [info     ] epoch_complete                 epoch=29 is_best=False lr=0.00047200000000002616 total_epochs=50 train_loss=0.092151 val_loss=0.07295
2026-05-15 20:23:28 [debug    ] epoch_start                    epoch=30 total_epochs=50
2026-05-15 20:26:28 [info     ] epoch_complete                 epoch=30 is_best=False lr=0.00045000000000002476 total_epochs=50 train_loss=0.081917 val_loss=0.076055
2026-05-15 20:26:28 [debug    ] epoch_start                    epoch=31 total_epochs=50
2026-05-15 20:29:28 [info     ] epoch_complete                 epoch=31 is_best=False lr=0.0004280000000000241 total_epochs=50 train_loss=0.081027 val_loss=0.064101
2026-05-15 20:29:28 [debug    ] epoch_start                    epoch=32 total_epochs=50
2026-05-15 20:32:28 [info     ] epoch_complete                 epoch=32 is_best=False lr=0.0004060000000000233 total_epochs=50 train_loss=0.075879 val_loss=0.07512
2026-05-15 20:32:28 [debug    ] epoch_start                    epoch=33 total_epochs=50
2026-05-15 20:35:28 [info     ] epoch_complete                 epoch=33 is_best=False lr=0.0003840000000000225 total_epochs=50 train_loss=0.07452 val_loss=0.066072
2026-05-15 20:35:28 [debug    ] epoch_start                    epoch=34 total_epochs=50
2026-05-15 20:38:25 [info     ] epoch_complete                 epoch=34 is_best=False lr=0.0003620000000000219 total_epochs=50 train_loss=0.068733 val_loss=0.061708
2026-05-15 20:38:25 [debug    ] epoch_start                    epoch=35 total_epochs=50
2026-05-15 20:41:26 [info     ] epoch_complete                 epoch=35 is_best=False lr=0.00034000000000002106 total_epochs=50 train_loss=0.068583 val_loss=0.060736
2026-05-15 20:41:26 [debug    ] epoch_start                    epoch=36 total_epochs=50
2026-05-15 20:44:23 [info     ] epoch_complete                 epoch=36 is_best=False lr=0.0003180000000000207 total_epochs=50 train_loss=0.062069 val_loss=0.053615
2026-05-15 20:44:23 [debug    ] epoch_start                    epoch=37 total_epochs=50
2026-05-15 20:47:22 [info     ] epoch_complete                 epoch=37 is_best=False lr=0.0002960000000000202 total_epochs=50 train_loss=0.057187 val_loss=0.045909
2026-05-15 20:47:22 [debug    ] epoch_start                    epoch=38 total_epochs=50
2026-05-15 20:50:22 [info     ] epoch_complete                 epoch=38 is_best=False lr=0.0002740000000000199 total_epochs=50 train_loss=0.056045 val_loss=0.054465
2026-05-15 20:50:22 [debug    ] epoch_start                    epoch=39 total_epochs=50
2026-05-15 20:53:20 [info     ] epoch_complete                 epoch=39 is_best=False lr=0.0002520000000000196 total_epochs=50 train_loss=0.059921 val_loss=0.055375
2026-05-15 20:53:20 [debug    ] epoch_start                    epoch=40 total_epochs=50
2026-05-15 20:56:21 [info     ] epoch_complete                 epoch=40 is_best=False lr=0.00023000000000001863 total_epochs=50 train_loss=0.059636 val_loss=0.056755
2026-05-15 20:56:21 [debug    ] epoch_start                    epoch=41 total_epochs=50
2026-05-15 20:59:20 [info     ] epoch_complete                 epoch=41 is_best=False lr=0.00020800000000001674 total_epochs=50 train_loss=0.060449 val_loss=0.050835
2026-05-15 20:59:20 [debug    ] epoch_start                    epoch=42 total_epochs=50
2026-05-15 21:02:21 [info     ] epoch_complete                 epoch=42 is_best=False lr=0.00018600000000001458 total_epochs=50 train_loss=0.055849 val_loss=0.049446
2026-05-15 21:02:21 [debug    ] epoch_start                    epoch=43 total_epochs=50
2026-05-15 21:05:21 [info     ] epoch_complete                 epoch=43 is_best=False lr=0.00016400000000001252 total_epochs=50 train_loss=0.05679 val_loss=0.050148
2026-05-15 21:05:21 [debug    ] epoch_start                    epoch=44 total_epochs=50
2026-05-15 21:08:21 [info     ] epoch_complete                 epoch=44 is_best=False lr=0.00014200000000001072 total_epochs=50 train_loss=0.062203 val_loss=0.070397
2026-05-15 21:08:21 [debug    ] epoch_start                    epoch=45 total_epochs=50
2026-05-15 21:11:20 [info     ] epoch_complete                 epoch=45 is_best=False lr=0.00012000000000000884 total_epochs=50 train_loss=0.108043 val_loss=0.076631
2026-05-15 21:11:20 [debug    ] epoch_start                    epoch=46 total_epochs=50
2026-05-15 21:14:20 [info     ] epoch_complete                 epoch=46 is_best=False lr=9.800000000000718e-05 total_epochs=50 train_loss=0.100615 val_loss=0.110698
2026-05-15 21:14:20 [debug    ] epoch_start                    epoch=47 total_epochs=50
2026-05-15 21:17:20 [info     ] epoch_complete                 epoch=47 is_best=False lr=7.60000000000058e-05 total_epochs=50 train_loss=0.129065 val_loss=0.109854
2026-05-15 21:17:20 [debug    ] epoch_start                    epoch=48 total_epochs=50
2026-05-15 21:20:19 [info     ] epoch_complete                 epoch=48 is_best=False lr=5.400000000000429e-05 total_epochs=50 train_loss=0.153216 val_loss=0.147189
2026-05-15 21:20:19 [debug    ] epoch_start                    epoch=49 total_epochs=50
2026-05-15 21:23:21 [info     ] epoch_complete                 epoch=49 is_best=False lr=3.200000000000247e-05 total_epochs=50 train_loss=0.174856 val_loss=0.159978
2026-05-15 21:23:21 [debug    ] epoch_start                    epoch=50 total_epochs=50
2026-05-15 21:26:25 [info     ] epoch_complete                 epoch=50 is_best=False lr=1.000000000000079e-05 total_epochs=50 train_loss=0.168533 val_loss=0.151429
2026-05-15 21:26:25 [info     ] training_log_saved             path=data/models/bs_128_seed2/training_losses.csv
2026-05-15 21:26:25 [info     ] training_complete              best_val_loss=0.028234
2026-05-15 21:26:25 [info     ] train_typecode_done            typecode=A320
2026-05-15 21:26:25 [info     ] train_done                     typecodes=['A320']

$ uv run fdm train --arch adsb --config results_run2/bs_128_seed2/config.yaml --model-name bs_128_seed2 --epochs 50 --batch-size 128 --lr 0.001 --method rk4 --seq-len 60 --train-limit 5000 --activation relu --seed 2 --backbone-depth 3 --head-depth 2 --hidden-width 48 --device cuda --no-use-mode-weights
