2026-05-12 21:05:06 [info     ] evaluate_start                 arch=adsb typecodes=['A320']
2026-05-12 21:05:06 [info     ] evaluate_typecode              flights=542 typecode=A320
2026-05-12 21:05:18 [info     ] evaluate_done                  output=data/model_performance/baseline_seed0/performance.parquet rows=16
shape: (16, 11)
┌──────────┬─────────────────────────┬──────────────┬───────┬─────────┬──────────┬──────────┬──────────┬─────────┬──────────┬────────┐
│ Aircraft ┆ Variable                ┆ Phase        ┆ Model ┆ MAE     ┆ MAE_std  ┆ MAPE (%) ┆ MAPE_std ┆ ME      ┆ ME_std   ┆ Count  │
│ ---      ┆ ---                     ┆ ---          ┆ ---   ┆ ---     ┆ ---      ┆ ---      ┆ ---      ┆ ---     ┆ ---      ┆ ---    │
│ str      ┆ str                     ┆ str          ┆ str   ┆ f64     ┆ f64      ┆ f64      ┆ f64      ┆ f64     ┆ f64      ┆ i64    │
╞══════════╪═════════════════════════╪══════════════╪═══════╪═════════╪══════════╪══════════╪══════════╪═════════╪══════════╪════════╡
│ A320     ┆ Altitude [m]            ┆ All phases   ┆ PRED  ┆ 287.770 ┆ 645.174  ┆ 6.094    ┆ 20.272   ┆ 142.674 ┆ 691.885  ┆ 478843 │
│ A320     ┆ Altitude [m]            ┆ Climb        ┆ PRED  ┆ 873.098 ┆ 1160.103 ┆ 19.330   ┆ 39.907   ┆ 704.863 ┆ 1269.373 ┆ 90018  │
│ A320     ┆ Altitude [m]            ┆ Level flight ┆ PRED  ┆ 89.243  ┆ 205.191  ┆ 1.153    ┆ 5.806    ┆ 1.948   ┆ 223.749  ┆ 296839 │
│ A320     ┆ Altitude [m]            ┆ Descent      ┆ PRED  ┆ 355.611 ┆ 496.840  ┆ 9.083    ┆ 14.587   ┆ 46.637  ┆ 609.207  ┆ 91986  │
│ A320     ┆ Flight path angle [deg] ┆ All phases   ┆ PRED  ┆ 0.286   ┆ 0.612    ┆ NaN      ┆ NaN      ┆ -0.062  ┆ 0.673    ┆ 478843 │
│ A320     ┆ Flight path angle [deg] ┆ Climb        ┆ PRED  ┆ 0.722   ┆ 0.963    ┆ NaN      ┆ NaN      ┆ -0.426  ┆ 1.126    ┆ 90018  │
│ A320     ┆ Flight path angle [deg] ┆ Level flight ┆ PRED  ┆ 0.079   ┆ 0.246    ┆ NaN      ┆ NaN      ┆ -0.012  ┆ 0.258    ┆ 296839 │
│ A320     ┆ Flight path angle [deg] ┆ Descent      ┆ PRED  ┆ 0.527   ┆ 0.682    ┆ NaN      ┆ NaN      ┆ 0.135   ┆ 0.851    ┆ 91986  │
│ A320     ┆ Heading [deg]           ┆ All phases   ┆ PRED  ┆ 1.727   ┆ 6.578    ┆ NaN      ┆ NaN      ┆ 0.211   ┆ 6.798    ┆ 478843 │
│ A320     ┆ Heading [deg]           ┆ Climb        ┆ PRED  ┆ 2.117   ┆ 6.757    ┆ NaN      ┆ NaN      ┆ 0.133   ┆ 7.079    ┆ 90018  │
│ A320     ┆ Heading [deg]           ┆ Level flight ┆ PRED  ┆ 1.453   ┆ 6.008    ┆ NaN      ┆ NaN      ┆ 0.293   ┆ 6.174    ┆ 296839 │
│ A320     ┆ Heading [deg]           ┆ Descent      ┆ PRED  ┆ 2.229   ┆ 7.964    ┆ NaN      ┆ NaN      ┆ 0.023   ┆ 8.270    ┆ 91986  │
│ A320     ┆ True airspeed [m/s]     ┆ All phases   ┆ PRED  ┆ 2.914   ┆ 7.061    ┆ 1.675    ┆ 5.694    ┆ 0.480   ┆ 7.623    ┆ 478843 │
│ A320     ┆ True airspeed [m/s]     ┆ Climb        ┆ PRED  ┆ 5.346   ┆ 12.091   ┆ 3.369    ┆ 9.596    ┆ 3.060   ┆ 12.861   ┆ 90018  │
│ A320     ┆ True airspeed [m/s]     ┆ Level flight ┆ PRED  ┆ 1.839   ┆ 4.214    ┆ 0.934    ┆ 4.136    ┆ -0.025  ┆ 4.598    ┆ 296839 │
│ A320     ┆ True airspeed [m/s]     ┆ Descent      ┆ PRED  ┆ 4.002   ┆ 6.960    ┆ 2.409    ┆ 4.285    ┆ -0.414  ┆ 8.017    ┆ 91986  │
└──────────┴─────────────────────────┴──────────────┴───────┴─────────┴──────────┴──────────┴──────────┴─────────┴──────────┴────────┘

$ uv run fdm evaluate --arch adsb --config results/baseline_seed0/config.yaml --model-name baseline_seed0
