
$ uv run fdm train --arch adsb --config results/baseline_seed0/config.yaml --model-name baseline_seed0 --epochs 50 --batch-size 128 --lr 0.001 --method rk4 --seq-len 60 --train-limit 5000 --activation silu --seed 0 --device cuda --use-mode-weights --mode-weight-alpha 0.5
2026-05-12 16:18:24 [info     ] train_start                    arch=adsb device=cuda typecodes=['A320']
2026-05-12 16:18:24 [info     ] train_typecode                 typecode=A320
2026-05-12 16:18:25 [info     ] mode_weights_computed          alpha=0.5 bottom5_labels=[['ALT_MACH', 0.6206242276704164, 556092], ['ALT_UNK', 0.6891691293583678, 450975], ['TURN', 0.8913340435092099, 269602], ['UNKVERT_MACH', 0.9861637175043825, 220245], ['ALT_CAS', 1.0707556265239335, 186820]] imbalance_ratio=40.174252275682704 n_labels=13 top5_labels=[['VZ_CAS', 3.9337125975553753, 13842], ['VZ_UNK', 2.533593642654822, 33368], ['GAMMA_CAS', 2.453056495492336, 35595], ['VZ_MACH', 2.0015537788607305, 53465], ['UNKVERT_CAS', 1.936559122733483, 57114]] weight_ratio_max_over_min=6.33831620193271
2026-05-12 16:18:25 [info     ] loading_data                   train_flights=1594 val_flights=247
2026-05-12 16:18:25 [warning  ] e1_column_missing              column=fdm_g_sin_gamma_ms2
2026-05-12 16:18:25 [warning  ] e1_column_missing              column=fdm_cos_gamma
2026-05-12 16:18:25 [warning  ] e1_column_missing              column=fdm_q_pa
2026-05-12 16:18:25 [warning  ] e1_column_missing              column=fdm_g_over_v
2026-05-12 16:18:25 [warning  ] e1_column_missing              column=fdm_lat_wind_ms
2026-05-12 16:18:25 [warning  ] e1_column_missing              column=fdm_drift_rad
2026-05-12 16:18:25 [warning  ] e1_column_missing              column=fdm_track_rad
2026-05-12 16:18:25 [warning  ] e1_column_missing              column=fdm_heading_diff_rad
2026-05-12 16:18:31 [warning  ] e1_column_missing              column=fdm_g_sin_gamma_ms2
2026-05-12 16:18:31 [warning  ] e1_column_missing              column=fdm_cos_gamma
2026-05-12 16:18:31 [warning  ] e1_column_missing              column=fdm_q_pa
2026-05-12 16:18:31 [warning  ] e1_column_missing              column=fdm_g_over_v
2026-05-12 16:18:31 [warning  ] e1_column_missing              column=fdm_lat_wind_ms
2026-05-12 16:18:31 [warning  ] e1_column_missing              column=fdm_drift_rad
2026-05-12 16:18:31 [warning  ] e1_column_missing              column=fdm_track_rad
2026-05-12 16:18:31 [warning  ] e1_column_missing              column=fdm_heading_diff_rad
2026-05-12 16:18:32 [info     ] data_loaded                    train_samples=23212 val_samples=3628
2026-05-12 16:18:48 [debug    ] meta_saved                     path=data/models/baseline_seed0/meta.json
2026-05-12 16:18:48 [info     ] trainer_initialized            architecture=node_adsb_v1 device=cuda train_samples=23212 val_samples=3628
2026-05-12 16:18:48 [info     ] preloading_data_to_gpu
2026-05-12 16:18:48 [debug    ] epoch_start                    epoch=1 total_epochs=50
/data/common/dataiku/config/projects/NODEFDM/lib/python/.venv/lib/python3.12/site-packages/torch/_inductor/compile_fx.py:321: UserWarning: TensorFloat32 tensor cores for float32 matrix multiplication available but not enabled. Consider setting `torch.set_float32_matmul_precision('high')` for better performance.
  warnings.warn(
2026-05-12 16:19:12 [info     ] debug_magnitudes               norm_mean=['8568.283203', '-0.001322', '213.622833', '3.253931'] norm_std=['2269.236084', '0.038830', '32.838379', '1.246786'] ode_loss=0.840432
2026-05-12 16:19:18 [info     ] train_start                    arch=adsb device=cuda typecodes=['A320']
2026-05-12 16:19:18 [info     ] train_typecode                 typecode=A320
2026-05-12 16:19:18 [info     ] mode_weights_computed          alpha=0.5 bottom5_labels=[['ALT_MACH', 0.6206242276704164, 556092], ['ALT_UNK', 0.6891691293583678, 450975], ['TURN', 0.8913340435092099, 269602], ['UNKVERT_MACH', 0.9861637175043825, 220245], ['ALT_CAS', 1.0707556265239335, 186820]] imbalance_ratio=40.174252275682704 n_labels=13 top5_labels=[['VZ_CAS', 3.9337125975553753, 13842], ['VZ_UNK', 2.533593642654822, 33368], ['GAMMA_CAS', 2.453056495492336, 35595], ['VZ_MACH', 2.0015537788607305, 53465], ['UNKVERT_CAS', 1.936559122733483, 57114]] weight_ratio_max_over_min=6.33831620193271
2026-05-12 16:19:19 [info     ] loading_data                   train_flights=1594 val_flights=247
2026-05-12 16:19:19 [warning  ] e1_column_missing              column=fdm_g_sin_gamma_ms2
2026-05-12 16:19:19 [warning  ] e1_column_missing              column=fdm_cos_gamma
2026-05-12 16:19:19 [warning  ] e1_column_missing              column=fdm_q_pa
2026-05-12 16:19:19 [warning  ] e1_column_missing              column=fdm_g_over_v
2026-05-12 16:19:19 [warning  ] e1_column_missing              column=fdm_lat_wind_ms
2026-05-12 16:19:19 [warning  ] e1_column_missing              column=fdm_drift_rad
2026-05-12 16:19:19 [warning  ] e1_column_missing              column=fdm_track_rad
2026-05-12 16:19:19 [warning  ] e1_column_missing              column=fdm_heading_diff_rad
2026-05-12 16:19:37 [warning  ] e1_column_missing              column=fdm_g_sin_gamma_ms2
2026-05-12 16:19:37 [warning  ] e1_column_missing              column=fdm_cos_gamma
2026-05-12 16:19:37 [warning  ] e1_column_missing              column=fdm_q_pa
2026-05-12 16:19:37 [warning  ] e1_column_missing              column=fdm_g_over_v
2026-05-12 16:19:37 [warning  ] e1_column_missing              column=fdm_lat_wind_ms
2026-05-12 16:19:37 [warning  ] e1_column_missing              column=fdm_drift_rad
2026-05-12 16:19:37 [warning  ] e1_column_missing              column=fdm_track_rad
2026-05-12 16:19:37 [warning  ] e1_column_missing              column=fdm_heading_diff_rad
2026-05-12 16:19:39 [info     ] data_loaded                    train_samples=23212 val_samples=3628
2026-05-12 16:19:56 [debug    ] meta_saved                     path=data/models/baseline_seed0/meta.json
2026-05-12 16:19:56 [info     ] trainer_initialized            architecture=node_adsb_v1 device=cuda train_samples=23212 val_samples=3628
2026-05-12 16:19:56 [info     ] preloading_data_to_gpu
2026-05-12 16:19:56 [debug    ] epoch_start                    epoch=1 total_epochs=50
2026-05-12 16:20:01 [info     ] debug_magnitudes               norm_mean=['8568.283203', '-0.001322', '213.622833', '3.253931'] norm_std=['2269.236084', '0.038830', '32.838379', '1.246786'] ode_loss=0.840432
/data/common/dataiku/config/projects/NODEFDM/lib/python/.venv/lib/python3.12/site-packages/torch/_inductor/compile_fx.py:321: UserWarning: TensorFloat32 tensor cores for float32 matrix multiplication available but not enabled. Consider setting `torch.set_float32_matmul_precision('high')` for better performance.
  warnings.warn(
W0512 16:23:45.276000 3802950 torch/_dynamo/convert_frame.py:1676] [0/8] torch._dynamo hit config.recompile_limit (8)
W0512 16:23:45.276000 3802950 torch/_dynamo/convert_frame.py:1676] [0/8]    function: 'forward' (/data/common/dataiku/config/projects/NODEFDM/lib/python/packages/node-fdm/src/node_fdm/models/fdm.py:181)
W0512 16:23:45.276000 3802950 torch/_dynamo/convert_frame.py:1676] [0/8]    last reason: 0/7: tensor 'self.history['raw_alt_m']' size mismatch at index 1. expected 1, actual 2
W0512 16:23:45.276000 3802950 torch/_dynamo/convert_frame.py:1676] [0/8] To log all recompilation reasons, use TORCH_LOGS="recompiles".
W0512 16:23:45.276000 3802950 torch/_dynamo/convert_frame.py:1676] [0/8] To diagnose recompilation issues, see https://pytorch.org/docs/main/compile/programming_model.recompilation.html
W0512 16:23:46.142000 3804677 torch/_dynamo/convert_frame.py:1676] [0/8] torch._dynamo hit config.recompile_limit (8)
W0512 16:23:46.142000 3804677 torch/_dynamo/convert_frame.py:1676] [0/8]    function: 'forward' (/data/common/dataiku/config/projects/NODEFDM/lib/python/packages/node-fdm/src/node_fdm/models/fdm.py:181)
W0512 16:23:46.142000 3804677 torch/_dynamo/convert_frame.py:1676] [0/8]    last reason: 0/7: tensor 'self.history['raw_alt_m']' size mismatch at index 1. expected 1, actual 2
W0512 16:23:46.142000 3804677 torch/_dynamo/convert_frame.py:1676] [0/8] To log all recompilation reasons, use TORCH_LOGS="recompiles".
W0512 16:23:46.142000 3804677 torch/_dynamo/convert_frame.py:1676] [0/8] To diagnose recompilation issues, see https://pytorch.org/docs/main/compile/programming_model.recompilation.html
2026-05-12 16:23:46 [debug    ] meta_saved                     path=data/models/baseline_seed0/meta.json
2026-05-12 16:23:46 [debug    ] model_saved                    epoch=1
2026-05-12 16:23:46 [info     ] epoch_complete                 epoch=1 is_best=True lr=0.000208 total_epochs=50 train_loss=0.337407 val_loss=0.12315
2026-05-12 16:23:46 [debug    ] epoch_start                    epoch=2 total_epochs=50
2026-05-12 16:23:47 [debug    ] meta_saved                     path=data/models/baseline_seed0/meta.json
2026-05-12 16:23:47 [debug    ] model_saved                    epoch=1
2026-05-12 16:23:47 [info     ] epoch_complete                 epoch=1 is_best=True lr=0.000208 total_epochs=50 train_loss=0.337407 val_loss=0.12315
2026-05-12 16:23:47 [debug    ] epoch_start                    epoch=2 total_epochs=50
2026-05-12 16:27:03 [debug    ] meta_saved                     path=data/models/baseline_seed0/meta.json
2026-05-12 16:27:03 [debug    ] model_saved                    epoch=2
2026-05-12 16:27:03 [info     ] epoch_complete                 epoch=2 is_best=True lr=0.00040600000000000087 total_epochs=50 train_loss=0.092836 val_loss=0.07107
2026-05-12 16:27:03 [debug    ] epoch_start                    epoch=3 total_epochs=50
2026-05-12 16:27:05 [debug    ] meta_saved                     path=data/models/baseline_seed0/meta.json
2026-05-12 16:27:05 [debug    ] model_saved                    epoch=2
2026-05-12 16:27:05 [info     ] epoch_complete                 epoch=2 is_best=True lr=0.00040600000000000087 total_epochs=50 train_loss=0.092836 val_loss=0.07107
2026-05-12 16:27:05 [debug    ] epoch_start                    epoch=3 total_epochs=50
2026-05-12 16:30:29 [debug    ] meta_saved                     path=data/models/baseline_seed0/meta.json
2026-05-12 16:30:29 [debug    ] model_saved                    epoch=3
2026-05-12 16:30:29 [info     ] epoch_complete                 epoch=3 is_best=True lr=0.0006040000000000002 total_epochs=50 train_loss=0.072228 val_loss=0.050103
2026-05-12 16:30:29 [debug    ] epoch_start                    epoch=4 total_epochs=50
2026-05-12 16:30:32 [debug    ] meta_saved                     path=data/models/baseline_seed0/meta.json
2026-05-12 16:30:32 [debug    ] model_saved                    epoch=3
2026-05-12 16:30:32 [info     ] epoch_complete                 epoch=3 is_best=True lr=0.0006040000000000002 total_epochs=50 train_loss=0.072228 val_loss=0.050103
2026-05-12 16:30:32 [debug    ] epoch_start                    epoch=4 total_epochs=50
2026-05-12 16:33:57 [debug    ] meta_saved                     path=data/models/baseline_seed0/meta.json
2026-05-12 16:33:57 [debug    ] model_saved                    epoch=4
2026-05-12 16:33:57 [info     ] epoch_complete                 epoch=4 is_best=True lr=0.0008020000000000004 total_epochs=50 train_loss=0.050041 val_loss=0.040162
2026-05-12 16:33:57 [debug    ] epoch_start                    epoch=5 total_epochs=50
2026-05-12 16:34:02 [debug    ] meta_saved                     path=data/models/baseline_seed0/meta.json
2026-05-12 16:34:02 [debug    ] model_saved                    epoch=4
2026-05-12 16:34:02 [info     ] epoch_complete                 epoch=4 is_best=True lr=0.0008020000000000004 total_epochs=50 train_loss=0.050041 val_loss=0.040162
2026-05-12 16:34:02 [debug    ] epoch_start                    epoch=5 total_epochs=50
2026-05-12 16:37:25 [info     ] epoch_complete                 epoch=5 is_best=False lr=0.001 total_epochs=50 train_loss=0.069351 val_loss=0.364073
2026-05-12 16:37:25 [debug    ] epoch_start                    epoch=6 total_epochs=50
2026-05-12 16:37:31 [info     ] epoch_complete                 epoch=5 is_best=False lr=0.001 total_epochs=50 train_loss=0.069351 val_loss=0.364073
2026-05-12 16:37:31 [debug    ] epoch_start                    epoch=6 total_epochs=50
2026-05-12 16:40:51 [info     ] epoch_complete                 epoch=6 is_best=False lr=0.0009780000000000014 total_epochs=50 train_loss=0.06841 val_loss=0.040492
2026-05-12 16:40:51 [debug    ] epoch_start                    epoch=7 total_epochs=50
2026-05-12 16:40:58 [info     ] epoch_complete                 epoch=6 is_best=False lr=0.0009780000000000014 total_epochs=50 train_loss=0.06841 val_loss=0.040492
2026-05-12 16:40:58 [debug    ] epoch_start                    epoch=7 total_epochs=50
2026-05-12 16:44:16 [debug    ] meta_saved                     path=data/models/baseline_seed0/meta.json
2026-05-12 16:44:16 [debug    ] model_saved                    epoch=7
2026-05-12 16:44:16 [info     ] epoch_complete                 epoch=7 is_best=True lr=0.0009560000000000012 total_epochs=50 train_loss=0.044154 val_loss=0.038659
2026-05-12 16:44:16 [debug    ] epoch_start                    epoch=8 total_epochs=50
2026-05-12 16:44:26 [debug    ] meta_saved                     path=data/models/baseline_seed0/meta.json
2026-05-12 16:44:26 [debug    ] model_saved                    epoch=7
2026-05-12 16:44:26 [info     ] epoch_complete                 epoch=7 is_best=True lr=0.0009560000000000012 total_epochs=50 train_loss=0.044154 val_loss=0.038659
2026-05-12 16:44:26 [debug    ] epoch_start                    epoch=8 total_epochs=50
2026-05-12 16:47:42 [debug    ] meta_saved                     path=data/models/baseline_seed0/meta.json
2026-05-12 16:47:42 [debug    ] model_saved                    epoch=8
2026-05-12 16:47:42 [info     ] epoch_complete                 epoch=8 is_best=True lr=0.0009340000000000011 total_epochs=50 train_loss=0.043087 val_loss=0.037911
2026-05-12 16:47:42 [debug    ] epoch_start                    epoch=9 total_epochs=50
2026-05-12 16:47:54 [debug    ] meta_saved                     path=data/models/baseline_seed0/meta.json
2026-05-12 16:47:54 [debug    ] model_saved                    epoch=8
2026-05-12 16:47:54 [info     ] epoch_complete                 epoch=8 is_best=True lr=0.0009340000000000011 total_epochs=50 train_loss=0.043087 val_loss=0.037911
2026-05-12 16:47:54 [debug    ] epoch_start                    epoch=9 total_epochs=50
2026-05-12 16:51:10 [debug    ] meta_saved                     path=data/models/baseline_seed0/meta.json
2026-05-12 16:51:10 [debug    ] model_saved                    epoch=9
2026-05-12 16:51:10 [info     ] epoch_complete                 epoch=9 is_best=True lr=0.0009120000000000012 total_epochs=50 train_loss=0.042628 val_loss=0.037725
2026-05-12 16:51:10 [debug    ] epoch_start                    epoch=10 total_epochs=50
2026-05-12 16:51:20 [debug    ] meta_saved                     path=data/models/baseline_seed0/meta.json
2026-05-12 16:51:20 [debug    ] model_saved                    epoch=9
2026-05-12 16:51:20 [info     ] epoch_complete                 epoch=9 is_best=True lr=0.0009120000000000012 total_epochs=50 train_loss=0.042628 val_loss=0.037725
2026-05-12 16:51:20 [debug    ] epoch_start                    epoch=10 total_epochs=50
2026-05-12 16:54:36 [debug    ] meta_saved                     path=data/models/baseline_seed0/meta.json
2026-05-12 16:54:36 [debug    ] model_saved                    epoch=10
2026-05-12 16:54:36 [info     ] epoch_complete                 epoch=10 is_best=True lr=0.0008900000000000021 total_epochs=50 train_loss=0.042058 val_loss=0.037601
2026-05-12 16:54:36 [debug    ] epoch_start                    epoch=11 total_epochs=50
2026-05-12 16:54:47 [debug    ] meta_saved                     path=data/models/baseline_seed0/meta.json
2026-05-12 16:54:47 [debug    ] model_saved                    epoch=10
2026-05-12 16:54:47 [info     ] epoch_complete                 epoch=10 is_best=True lr=0.0008900000000000021 total_epochs=50 train_loss=0.042058 val_loss=0.037601
2026-05-12 16:54:47 [debug    ] epoch_start                    epoch=11 total_epochs=50
2026-05-12 16:58:01 [debug    ] meta_saved                     path=data/models/baseline_seed0/meta.json
2026-05-12 16:58:01 [debug    ] model_saved                    epoch=11
2026-05-12 16:58:01 [info     ] epoch_complete                 epoch=11 is_best=True lr=0.000868000000000003 total_epochs=50 train_loss=0.041657 val_loss=0.036962
2026-05-12 16:58:01 [debug    ] epoch_start                    epoch=12 total_epochs=50
2026-05-12 16:58:12 [debug    ] meta_saved                     path=data/models/baseline_seed0/meta.json
2026-05-12 16:58:12 [debug    ] model_saved                    epoch=11
2026-05-12 16:58:12 [info     ] epoch_complete                 epoch=11 is_best=True lr=0.000868000000000003 total_epochs=50 train_loss=0.041657 val_loss=0.036962
2026-05-12 16:58:12 [debug    ] epoch_start                    epoch=12 total_epochs=50
2026-05-12 17:01:26 [info     ] epoch_complete                 epoch=12 is_best=False lr=0.0008460000000000041 total_epochs=50 train_loss=0.04162 val_loss=0.03717
2026-05-12 17:01:26 [debug    ] epoch_start                    epoch=13 total_epochs=50
2026-05-12 17:01:38 [info     ] epoch_complete                 epoch=12 is_best=False lr=0.0008460000000000041 total_epochs=50 train_loss=0.04162 val_loss=0.03717
2026-05-12 17:01:38 [debug    ] epoch_start                    epoch=13 total_epochs=50
2026-05-12 17:04:49 [debug    ] meta_saved                     path=data/models/baseline_seed0/meta.json
2026-05-12 17:04:49 [debug    ] model_saved                    epoch=13
2026-05-12 17:04:49 [info     ] epoch_complete                 epoch=13 is_best=True lr=0.0008240000000000053 total_epochs=50 train_loss=0.040956 val_loss=0.036353
2026-05-12 17:04:49 [debug    ] epoch_start                    epoch=14 total_epochs=50
2026-05-12 17:05:05 [debug    ] meta_saved                     path=data/models/baseline_seed0/meta.json
2026-05-12 17:05:05 [debug    ] model_saved                    epoch=13
2026-05-12 17:05:05 [info     ] epoch_complete                 epoch=13 is_best=True lr=0.0008240000000000053 total_epochs=50 train_loss=0.040956 val_loss=0.036353
2026-05-12 17:05:05 [debug    ] epoch_start                    epoch=14 total_epochs=50
2026-05-12 17:08:11 [info     ] epoch_complete                 epoch=14 is_best=False lr=0.0008020000000000067 total_epochs=50 train_loss=0.04071 val_loss=0.036884
2026-05-12 17:08:11 [debug    ] epoch_start                    epoch=15 total_epochs=50
2026-05-12 17:08:30 [info     ] epoch_complete                 epoch=14 is_best=False lr=0.0008020000000000067 total_epochs=50 train_loss=0.04071 val_loss=0.036884
2026-05-12 17:08:30 [debug    ] epoch_start                    epoch=15 total_epochs=50
2026-05-12 17:11:36 [debug    ] meta_saved                     path=data/models/baseline_seed0/meta.json
2026-05-12 17:11:36 [debug    ] model_saved                    epoch=15
2026-05-12 17:11:36 [info     ] epoch_complete                 epoch=15 is_best=True lr=0.0007800000000000081 total_epochs=50 train_loss=0.040604 val_loss=0.03591
2026-05-12 17:11:36 [debug    ] epoch_start                    epoch=16 total_epochs=50
2026-05-12 17:11:54 [debug    ] meta_saved                     path=data/models/baseline_seed0/meta.json
2026-05-12 17:11:54 [debug    ] model_saved                    epoch=15
2026-05-12 17:11:54 [info     ] epoch_complete                 epoch=15 is_best=True lr=0.0007800000000000081 total_epochs=50 train_loss=0.040604 val_loss=0.03591
2026-05-12 17:11:54 [debug    ] epoch_start                    epoch=16 total_epochs=50
2026-05-12 17:14:57 [debug    ] meta_saved                     path=data/models/baseline_seed0/meta.json
2026-05-12 17:14:57 [debug    ] model_saved                    epoch=16
2026-05-12 17:14:57 [info     ] epoch_complete                 epoch=16 is_best=True lr=0.0007580000000000095 total_epochs=50 train_loss=0.040133 val_loss=0.035776
2026-05-12 17:14:57 [debug    ] epoch_start                    epoch=17 total_epochs=50
2026-05-12 17:15:17 [debug    ] meta_saved                     path=data/models/baseline_seed0/meta.json
2026-05-12 17:15:17 [debug    ] model_saved                    epoch=16
2026-05-12 17:15:17 [info     ] epoch_complete                 epoch=16 is_best=True lr=0.0007580000000000095 total_epochs=50 train_loss=0.040133 val_loss=0.035776
2026-05-12 17:15:17 [debug    ] epoch_start                    epoch=17 total_epochs=50
2026-05-12 17:18:22 [debug    ] meta_saved                     path=data/models/baseline_seed0/meta.json
2026-05-12 17:18:22 [debug    ] model_saved                    epoch=17
2026-05-12 17:18:22 [info     ] epoch_complete                 epoch=17 is_best=True lr=0.000736000000000011 total_epochs=50 train_loss=0.03978 val_loss=0.035721
2026-05-12 17:18:22 [debug    ] epoch_start                    epoch=18 total_epochs=50
2026-05-12 17:18:42 [debug    ] meta_saved                     path=data/models/baseline_seed0/meta.json
2026-05-12 17:18:42 [debug    ] model_saved                    epoch=17
2026-05-12 17:18:42 [info     ] epoch_complete                 epoch=17 is_best=True lr=0.000736000000000011 total_epochs=50 train_loss=0.03978 val_loss=0.035721
2026-05-12 17:18:42 [debug    ] epoch_start                    epoch=18 total_epochs=50
2026-05-12 17:21:45 [debug    ] meta_saved                     path=data/models/baseline_seed0/meta.json
2026-05-12 17:21:45 [debug    ] model_saved                    epoch=18
2026-05-12 17:21:45 [info     ] epoch_complete                 epoch=18 is_best=True lr=0.0007140000000000124 total_epochs=50 train_loss=0.039725 val_loss=0.035415
2026-05-12 17:21:45 [debug    ] epoch_start                    epoch=19 total_epochs=50
2026-05-12 17:22:03 [debug    ] meta_saved                     path=data/models/baseline_seed0/meta.json
2026-05-12 17:22:03 [debug    ] model_saved                    epoch=18
2026-05-12 17:22:03 [info     ] epoch_complete                 epoch=18 is_best=True lr=0.0007140000000000124 total_epochs=50 train_loss=0.039725 val_loss=0.035415
2026-05-12 17:22:03 [debug    ] epoch_start                    epoch=19 total_epochs=50
2026-05-12 17:25:08 [info     ] epoch_complete                 epoch=19 is_best=False lr=0.0006920000000000138 total_epochs=50 train_loss=0.039679 val_loss=0.035546
2026-05-12 17:25:08 [debug    ] epoch_start                    epoch=20 total_epochs=50
2026-05-12 17:25:25 [info     ] epoch_complete                 epoch=19 is_best=False lr=0.0006920000000000138 total_epochs=50 train_loss=0.039679 val_loss=0.035546
2026-05-12 17:25:25 [debug    ] epoch_start                    epoch=20 total_epochs=50
2026-05-12 17:28:33 [info     ] epoch_complete                 epoch=20 is_best=False lr=0.0006700000000000152 total_epochs=50 train_loss=0.039535 val_loss=0.035532
2026-05-12 17:28:33 [debug    ] epoch_start                    epoch=21 total_epochs=50
2026-05-12 17:28:49 [info     ] epoch_complete                 epoch=20 is_best=False lr=0.0006700000000000152 total_epochs=50 train_loss=0.039535 val_loss=0.035532
2026-05-12 17:28:49 [debug    ] epoch_start                    epoch=21 total_epochs=50
2026-05-12 17:31:57 [debug    ] meta_saved                     path=data/models/baseline_seed0/meta.json
2026-05-12 17:31:57 [debug    ] model_saved                    epoch=21
2026-05-12 17:31:57 [info     ] epoch_complete                 epoch=21 is_best=True lr=0.0006480000000000166 total_epochs=50 train_loss=0.03917 val_loss=0.03533
2026-05-12 17:31:57 [debug    ] epoch_start                    epoch=22 total_epochs=50
2026-05-12 17:32:09 [debug    ] meta_saved                     path=data/models/baseline_seed0/meta.json
2026-05-12 17:32:09 [debug    ] model_saved                    epoch=21
2026-05-12 17:32:09 [info     ] epoch_complete                 epoch=21 is_best=True lr=0.0006480000000000166 total_epochs=50 train_loss=0.03917 val_loss=0.03533
2026-05-12 17:32:09 [debug    ] epoch_start                    epoch=22 total_epochs=50
2026-05-12 17:35:23 [debug    ] meta_saved                     path=data/models/baseline_seed0/meta.json
2026-05-12 17:35:23 [debug    ] model_saved                    epoch=22
2026-05-12 17:35:23 [info     ] epoch_complete                 epoch=22 is_best=True lr=0.000626000000000018 total_epochs=50 train_loss=0.038978 val_loss=0.035114
2026-05-12 17:35:23 [debug    ] epoch_start                    epoch=23 total_epochs=50
2026-05-12 17:35:34 [debug    ] meta_saved                     path=data/models/baseline_seed0/meta.json
2026-05-12 17:35:34 [debug    ] model_saved                    epoch=22
2026-05-12 17:35:34 [info     ] epoch_complete                 epoch=22 is_best=True lr=0.000626000000000018 total_epochs=50 train_loss=0.038978 val_loss=0.035114
2026-05-12 17:35:34 [debug    ] epoch_start                    epoch=23 total_epochs=50
2026-05-12 17:38:47 [debug    ] meta_saved                     path=data/models/baseline_seed0/meta.json
2026-05-12 17:38:47 [debug    ] model_saved                    epoch=23
2026-05-12 17:38:47 [info     ] epoch_complete                 epoch=23 is_best=True lr=0.0006040000000000195 total_epochs=50 train_loss=0.038637 val_loss=0.03489
2026-05-12 17:38:47 [debug    ] epoch_start                    epoch=24 total_epochs=50
2026-05-12 17:38:51 [debug    ] meta_saved                     path=data/models/baseline_seed0/meta.json
2026-05-12 17:38:51 [debug    ] model_saved                    epoch=23
2026-05-12 17:38:51 [info     ] epoch_complete                 epoch=23 is_best=True lr=0.0006040000000000195 total_epochs=50 train_loss=0.038637 val_loss=0.03489
2026-05-12 17:38:51 [debug    ] epoch_start                    epoch=24 total_epochs=50
2026-05-12 17:42:12 [debug    ] meta_saved                     path=data/models/baseline_seed0/meta.json
2026-05-12 17:42:12 [debug    ] model_saved                    epoch=24
2026-05-12 17:42:12 [info     ] epoch_complete                 epoch=24 is_best=True lr=0.0005820000000000209 total_epochs=50 train_loss=0.038555 val_loss=0.034775
2026-05-12 17:42:12 [debug    ] epoch_start                    epoch=25 total_epochs=50
2026-05-12 17:42:16 [debug    ] meta_saved                     path=data/models/baseline_seed0/meta.json
2026-05-12 17:42:16 [debug    ] model_saved                    epoch=24
2026-05-12 17:42:16 [info     ] epoch_complete                 epoch=24 is_best=True lr=0.0005820000000000209 total_epochs=50 train_loss=0.038555 val_loss=0.034775
2026-05-12 17:42:16 [debug    ] epoch_start                    epoch=25 total_epochs=50
2026-05-12 17:45:37 [info     ] epoch_complete                 epoch=25 is_best=False lr=0.0005600000000000223 total_epochs=50 train_loss=0.038536 val_loss=0.034784
2026-05-12 17:45:37 [debug    ] epoch_start                    epoch=26 total_epochs=50
2026-05-12 17:45:38 [info     ] epoch_complete                 epoch=25 is_best=False lr=0.0005600000000000223 total_epochs=50 train_loss=0.038536 val_loss=0.034784
2026-05-12 17:45:38 [debug    ] epoch_start                    epoch=26 total_epochs=50
2026-05-12 17:49:00 [debug    ] meta_saved                     path=data/models/baseline_seed0/meta.json
2026-05-12 17:49:00 [debug    ] model_saved                    epoch=26
2026-05-12 17:49:00 [info     ] epoch_complete                 epoch=26 is_best=True lr=0.0005380000000000237 total_epochs=50 train_loss=0.038376 val_loss=0.034546
2026-05-12 17:49:00 [debug    ] epoch_start                    epoch=27 total_epochs=50
2026-05-12 17:49:01 [debug    ] meta_saved                     path=data/models/baseline_seed0/meta.json
2026-05-12 17:49:01 [debug    ] model_saved                    epoch=26
2026-05-12 17:49:01 [info     ] epoch_complete                 epoch=26 is_best=True lr=0.0005380000000000237 total_epochs=50 train_loss=0.038376 val_loss=0.034546
2026-05-12 17:49:01 [debug    ] epoch_start                    epoch=27 total_epochs=50
2026-05-12 17:52:25 [info     ] epoch_complete                 epoch=27 is_best=False lr=0.0005160000000000251 total_epochs=50 train_loss=0.03825 val_loss=0.034718
2026-05-12 17:52:25 [debug    ] epoch_start                    epoch=28 total_epochs=50
2026-05-12 17:52:26 [info     ] epoch_complete                 epoch=27 is_best=False lr=0.0005160000000000251 total_epochs=50 train_loss=0.03825 val_loss=0.034718
2026-05-12 17:52:26 [debug    ] epoch_start                    epoch=28 total_epochs=50
2026-05-12 17:55:45 [info     ] epoch_complete                 epoch=28 is_best=False lr=0.0004940000000000265 total_epochs=50 train_loss=0.038213 val_loss=0.034596
2026-05-12 17:55:45 [debug    ] epoch_start                    epoch=29 total_epochs=50
2026-05-12 17:55:50 [info     ] epoch_complete                 epoch=28 is_best=False lr=0.0004940000000000265 total_epochs=50 train_loss=0.038213 val_loss=0.034596
2026-05-12 17:55:50 [debug    ] epoch_start                    epoch=29 total_epochs=50
2026-05-12 17:59:07 [info     ] epoch_complete                 epoch=29 is_best=False lr=0.00047200000000002616 total_epochs=50 train_loss=0.038052 val_loss=0.034558
2026-05-12 17:59:07 [debug    ] epoch_start                    epoch=30 total_epochs=50
2026-05-12 17:59:15 [info     ] epoch_complete                 epoch=29 is_best=False lr=0.00047200000000002616 total_epochs=50 train_loss=0.038052 val_loss=0.034558
2026-05-12 17:59:15 [debug    ] epoch_start                    epoch=30 total_epochs=50
2026-05-12 18:02:28 [debug    ] meta_saved                     path=data/models/baseline_seed0/meta.json
2026-05-12 18:02:28 [debug    ] model_saved                    epoch=30
2026-05-12 18:02:28 [info     ] epoch_complete                 epoch=30 is_best=True lr=0.00045000000000002476 total_epochs=50 train_loss=0.037968 val_loss=0.034493
2026-05-12 18:02:28 [debug    ] epoch_start                    epoch=31 total_epochs=50
2026-05-12 18:02:41 [debug    ] meta_saved                     path=data/models/baseline_seed0/meta.json
2026-05-12 18:02:41 [debug    ] model_saved                    epoch=30
2026-05-12 18:02:41 [info     ] epoch_complete                 epoch=30 is_best=True lr=0.00045000000000002476 total_epochs=50 train_loss=0.037968 val_loss=0.034493
2026-05-12 18:02:41 [debug    ] epoch_start                    epoch=31 total_epochs=50
2026-05-12 18:05:51 [debug    ] meta_saved                     path=data/models/baseline_seed0/meta.json
2026-05-12 18:05:51 [debug    ] model_saved                    epoch=31
2026-05-12 18:05:51 [info     ] epoch_complete                 epoch=31 is_best=True lr=0.0004280000000000241 total_epochs=50 train_loss=0.037977 val_loss=0.034204
2026-05-12 18:05:51 [debug    ] epoch_start                    epoch=32 total_epochs=50
2026-05-12 18:06:06 [debug    ] meta_saved                     path=data/models/baseline_seed0/meta.json
2026-05-12 18:06:06 [debug    ] model_saved                    epoch=31
2026-05-12 18:06:06 [info     ] epoch_complete                 epoch=31 is_best=True lr=0.0004280000000000241 total_epochs=50 train_loss=0.037977 val_loss=0.034204
2026-05-12 18:06:06 [debug    ] epoch_start                    epoch=32 total_epochs=50
2026-05-12 18:09:13 [info     ] epoch_complete                 epoch=32 is_best=False lr=0.0004060000000000233 total_epochs=50 train_loss=0.037812 val_loss=0.034644
2026-05-12 18:09:13 [debug    ] epoch_start                    epoch=33 total_epochs=50
2026-05-12 18:09:31 [info     ] epoch_complete                 epoch=32 is_best=False lr=0.0004060000000000233 total_epochs=50 train_loss=0.037812 val_loss=0.034644
2026-05-12 18:09:31 [debug    ] epoch_start                    epoch=33 total_epochs=50
2026-05-12 18:12:35 [info     ] epoch_complete                 epoch=33 is_best=False lr=0.0003840000000000225 total_epochs=50 train_loss=0.037675 val_loss=0.034215
2026-05-12 18:12:35 [debug    ] epoch_start                    epoch=34 total_epochs=50
2026-05-12 18:12:57 [info     ] epoch_complete                 epoch=33 is_best=False lr=0.0003840000000000225 total_epochs=50 train_loss=0.037675 val_loss=0.034215
2026-05-12 18:12:57 [debug    ] epoch_start                    epoch=34 total_epochs=50
2026-05-12 18:15:56 [debug    ] meta_saved                     path=data/models/baseline_seed0/meta.json
2026-05-12 18:15:56 [debug    ] model_saved                    epoch=34
2026-05-12 18:15:56 [info     ] epoch_complete                 epoch=34 is_best=True lr=0.0003620000000000219 total_epochs=50 train_loss=0.037651 val_loss=0.034095
2026-05-12 18:15:56 [debug    ] epoch_start                    epoch=35 total_epochs=50
2026-05-12 18:16:21 [debug    ] meta_saved                     path=data/models/baseline_seed0/meta.json
2026-05-12 18:16:21 [debug    ] model_saved                    epoch=34
2026-05-12 18:16:21 [info     ] epoch_complete                 epoch=34 is_best=True lr=0.0003620000000000219 total_epochs=50 train_loss=0.037651 val_loss=0.034095
2026-05-12 18:16:21 [debug    ] epoch_start                    epoch=35 total_epochs=50
2026-05-12 18:19:15 [info     ] epoch_complete                 epoch=35 is_best=False lr=0.00034000000000002106 total_epochs=50 train_loss=0.037596 val_loss=0.034163
2026-05-12 18:19:15 [debug    ] epoch_start                    epoch=36 total_epochs=50
2026-05-12 18:19:45 [info     ] epoch_complete                 epoch=35 is_best=False lr=0.00034000000000002106 total_epochs=50 train_loss=0.037596 val_loss=0.034163
2026-05-12 18:19:45 [debug    ] epoch_start                    epoch=36 total_epochs=50
2026-05-12 18:22:37 [debug    ] meta_saved                     path=data/models/baseline_seed0/meta.json
2026-05-12 18:22:37 [debug    ] model_saved                    epoch=36
2026-05-12 18:22:37 [info     ] epoch_complete                 epoch=36 is_best=True lr=0.0003180000000000207 total_epochs=50 train_loss=0.037472 val_loss=0.034094
2026-05-12 18:22:37 [debug    ] epoch_start                    epoch=37 total_epochs=50
2026-05-12 18:23:09 [debug    ] meta_saved                     path=data/models/baseline_seed0/meta.json
2026-05-12 18:23:09 [debug    ] model_saved                    epoch=36
2026-05-12 18:23:09 [info     ] epoch_complete                 epoch=36 is_best=True lr=0.0003180000000000207 total_epochs=50 train_loss=0.037472 val_loss=0.034094
2026-05-12 18:23:09 [debug    ] epoch_start                    epoch=37 total_epochs=50
2026-05-12 18:25:57 [info     ] epoch_complete                 epoch=37 is_best=False lr=0.0002960000000000202 total_epochs=50 train_loss=0.037482 val_loss=0.034102
2026-05-12 18:25:57 [debug    ] epoch_start                    epoch=38 total_epochs=50
2026-05-12 18:26:32 [info     ] epoch_complete                 epoch=37 is_best=False lr=0.0002960000000000202 total_epochs=50 train_loss=0.037482 val_loss=0.034102
2026-05-12 18:26:32 [debug    ] epoch_start                    epoch=38 total_epochs=50
2026-05-12 18:29:17 [debug    ] meta_saved                     path=data/models/baseline_seed0/meta.json
2026-05-12 18:29:17 [debug    ] model_saved                    epoch=38
2026-05-12 18:29:17 [info     ] epoch_complete                 epoch=38 is_best=True lr=0.0002740000000000199 total_epochs=50 train_loss=0.037453 val_loss=0.033953
2026-05-12 18:29:17 [debug    ] epoch_start                    epoch=39 total_epochs=50
2026-05-12 18:29:56 [debug    ] meta_saved                     path=data/models/baseline_seed0/meta.json
2026-05-12 18:29:56 [debug    ] model_saved                    epoch=38
2026-05-12 18:29:56 [info     ] epoch_complete                 epoch=38 is_best=True lr=0.0002740000000000199 total_epochs=50 train_loss=0.037453 val_loss=0.033953
2026-05-12 18:29:56 [debug    ] epoch_start                    epoch=39 total_epochs=50
2026-05-12 18:32:37 [info     ] epoch_complete                 epoch=39 is_best=False lr=0.0002520000000000196 total_epochs=50 train_loss=0.037293 val_loss=0.034137
2026-05-12 18:32:37 [debug    ] epoch_start                    epoch=40 total_epochs=50
2026-05-12 18:33:20 [info     ] epoch_complete                 epoch=39 is_best=False lr=0.0002520000000000196 total_epochs=50 train_loss=0.037293 val_loss=0.034137
2026-05-12 18:33:20 [debug    ] epoch_start                    epoch=40 total_epochs=50
2026-05-12 18:36:01 [debug    ] meta_saved                     path=data/models/baseline_seed0/meta.json
2026-05-12 18:36:01 [debug    ] model_saved                    epoch=40
2026-05-12 18:36:01 [info     ] epoch_complete                 epoch=40 is_best=True lr=0.00023000000000001863 total_epochs=50 train_loss=0.037279 val_loss=0.033914
2026-05-12 18:36:01 [debug    ] epoch_start                    epoch=41 total_epochs=50
2026-05-12 18:36:44 [debug    ] meta_saved                     path=data/models/baseline_seed0/meta.json
2026-05-12 18:36:44 [debug    ] model_saved                    epoch=40
2026-05-12 18:36:44 [info     ] epoch_complete                 epoch=40 is_best=True lr=0.00023000000000001863 total_epochs=50 train_loss=0.037279 val_loss=0.033914
2026-05-12 18:36:44 [debug    ] epoch_start                    epoch=41 total_epochs=50
2026-05-12 18:39:23 [info     ] epoch_complete                 epoch=41 is_best=False lr=0.00020800000000001674 total_epochs=50 train_loss=0.037157 val_loss=0.033919
2026-05-12 18:39:23 [debug    ] epoch_start                    epoch=42 total_epochs=50
2026-05-12 18:40:09 [info     ] epoch_complete                 epoch=41 is_best=False lr=0.00020800000000001674 total_epochs=50 train_loss=0.037157 val_loss=0.033919
2026-05-12 18:40:09 [debug    ] epoch_start                    epoch=42 total_epochs=50
2026-05-12 18:42:43 [debug    ] meta_saved                     path=data/models/baseline_seed0/meta.json
2026-05-12 18:42:43 [debug    ] model_saved                    epoch=42
2026-05-12 18:42:43 [info     ] epoch_complete                 epoch=42 is_best=True lr=0.00018600000000001458 total_epochs=50 train_loss=0.03724 val_loss=0.033785
2026-05-12 18:42:43 [debug    ] epoch_start                    epoch=43 total_epochs=50
2026-05-12 18:43:34 [debug    ] meta_saved                     path=data/models/baseline_seed0/meta.json
2026-05-12 18:43:34 [debug    ] model_saved                    epoch=42
2026-05-12 18:43:34 [info     ] epoch_complete                 epoch=42 is_best=True lr=0.00018600000000001458 total_epochs=50 train_loss=0.03724 val_loss=0.033785
2026-05-12 18:43:34 [debug    ] epoch_start                    epoch=43 total_epochs=50
2026-05-12 18:46:02 [info     ] epoch_complete                 epoch=43 is_best=False lr=0.00016400000000001252 total_epochs=50 train_loss=0.037138 val_loss=0.033961
2026-05-12 18:46:02 [debug    ] epoch_start                    epoch=44 total_epochs=50
2026-05-12 18:46:59 [info     ] epoch_complete                 epoch=43 is_best=False lr=0.00016400000000001252 total_epochs=50 train_loss=0.037138 val_loss=0.033961
2026-05-12 18:46:59 [debug    ] epoch_start                    epoch=44 total_epochs=50
2026-05-12 18:49:22 [info     ] epoch_complete                 epoch=44 is_best=False lr=0.00014200000000001072 total_epochs=50 train_loss=0.037089 val_loss=0.033812
2026-05-12 18:49:22 [debug    ] epoch_start                    epoch=45 total_epochs=50
2026-05-12 18:50:21 [info     ] epoch_complete                 epoch=44 is_best=False lr=0.00014200000000001072 total_epochs=50 train_loss=0.037089 val_loss=0.033812
2026-05-12 18:50:21 [debug    ] epoch_start                    epoch=45 total_epochs=50
2026-05-12 18:52:43 [debug    ] meta_saved                     path=data/models/baseline_seed0/meta.json
2026-05-12 18:52:43 [debug    ] model_saved                    epoch=45
2026-05-12 18:52:43 [info     ] epoch_complete                 epoch=45 is_best=True lr=0.00012000000000000884 total_epochs=50 train_loss=0.03695 val_loss=0.033733
2026-05-12 18:52:43 [debug    ] epoch_start                    epoch=46 total_epochs=50
2026-05-12 18:53:45 [debug    ] meta_saved                     path=data/models/baseline_seed0/meta.json
2026-05-12 18:53:45 [debug    ] model_saved                    epoch=45
2026-05-12 18:53:45 [info     ] epoch_complete                 epoch=45 is_best=True lr=0.00012000000000000884 total_epochs=50 train_loss=0.03695 val_loss=0.033733
2026-05-12 18:53:45 [debug    ] epoch_start                    epoch=46 total_epochs=50
2026-05-12 18:56:05 [info     ] epoch_complete                 epoch=46 is_best=False lr=9.800000000000718e-05 total_epochs=50 train_loss=0.036937 val_loss=0.033805
2026-05-12 18:56:05 [debug    ] epoch_start                    epoch=47 total_epochs=50
2026-05-12 18:57:11 [info     ] epoch_complete                 epoch=46 is_best=False lr=9.800000000000718e-05 total_epochs=50 train_loss=0.036937 val_loss=0.033805
2026-05-12 18:57:11 [debug    ] epoch_start                    epoch=47 total_epochs=50
2026-05-12 18:59:24 [info     ] epoch_complete                 epoch=47 is_best=False lr=7.60000000000058e-05 total_epochs=50 train_loss=0.036924 val_loss=0.033748
2026-05-12 18:59:24 [debug    ] epoch_start                    epoch=48 total_epochs=50
2026-05-12 19:00:35 [info     ] epoch_complete                 epoch=47 is_best=False lr=7.60000000000058e-05 total_epochs=50 train_loss=0.036924 val_loss=0.033748
2026-05-12 19:00:35 [debug    ] epoch_start                    epoch=48 total_epochs=50
2026-05-12 19:02:46 [debug    ] meta_saved                     path=data/models/baseline_seed0/meta.json
2026-05-12 19:02:46 [debug    ] model_saved                    epoch=48
2026-05-12 19:02:46 [info     ] epoch_complete                 epoch=48 is_best=True lr=5.400000000000429e-05 total_epochs=50 train_loss=0.036781 val_loss=0.03372
2026-05-12 19:02:46 [debug    ] epoch_start                    epoch=49 total_epochs=50
2026-05-12 19:03:59 [debug    ] meta_saved                     path=data/models/baseline_seed0/meta.json
2026-05-12 19:03:59 [debug    ] model_saved                    epoch=48
2026-05-12 19:03:59 [info     ] epoch_complete                 epoch=48 is_best=True lr=5.400000000000429e-05 total_epochs=50 train_loss=0.036781 val_loss=0.03372
2026-05-12 19:03:59 [debug    ] epoch_start                    epoch=49 total_epochs=50
2026-05-12 19:06:07 [debug    ] meta_saved                     path=data/models/baseline_seed0/meta.json
2026-05-12 19:06:07 [debug    ] model_saved                    epoch=49
2026-05-12 19:06:07 [info     ] epoch_complete                 epoch=49 is_best=True lr=3.200000000000247e-05 total_epochs=50 train_loss=0.036772 val_loss=0.03367
2026-05-12 19:06:07 [debug    ] epoch_start                    epoch=50 total_epochs=50
2026-05-12 19:07:24 [debug    ] meta_saved                     path=data/models/baseline_seed0/meta.json
2026-05-12 19:07:24 [debug    ] model_saved                    epoch=49
2026-05-12 19:07:24 [info     ] epoch_complete                 epoch=49 is_best=True lr=3.200000000000247e-05 total_epochs=50 train_loss=0.036772 val_loss=0.03367
2026-05-12 19:07:24 [debug    ] epoch_start                    epoch=50 total_epochs=50
2026-05-12 19:09:29 [debug    ] meta_saved                     path=data/models/baseline_seed0/meta.json
2026-05-12 19:09:29 [debug    ] model_saved                    epoch=50
2026-05-12 19:09:29 [info     ] epoch_complete                 epoch=50 is_best=True lr=1.000000000000079e-05 total_epochs=50 train_loss=0.036747 val_loss=0.033651
2026-05-12 19:09:29 [info     ] training_log_saved             path=data/models/baseline_seed0/training_losses.csv
2026-05-12 19:09:29 [info     ] training_complete              best_val_loss=0.033651
2026-05-12 19:09:29 [info     ] train_typecode_done            typecode=A320
2026-05-12 19:09:29 [info     ] train_done                     typecodes=['A320']
2026-05-12 19:10:38 [debug    ] meta_saved                     path=data/models/baseline_seed0/meta.json
2026-05-12 19:10:38 [debug    ] model_saved                    epoch=50
2026-05-12 19:10:38 [info     ] epoch_complete                 epoch=50 is_best=True lr=1.000000000000079e-05 total_epochs=50 train_loss=0.036747 val_loss=0.033651
2026-05-12 19:10:38 [info     ] training_log_saved             path=data/models/baseline_seed0/training_losses.csv
2026-05-12 19:10:38 [info     ] training_complete              best_val_loss=0.033651
2026-05-12 19:10:38 [info     ] train_typecode_done            typecode=A320
2026-05-12 19:10:38 [info     ] train_done                     typecodes=['A320']

$ uv run fdm train --arch adsb --config results/baseline_seed0/config.yaml --model-name baseline_seed0 --epochs 50 --batch-size 128 --lr 0.001 --method rk4 --seq-len 60 --train-limit 5000 --activation silu --seed 0 --device cuda --use-mode-weights --mode-weight-alpha 0.5
