2026-05-21 08:49:15 [info     ] evaluate_start                 arch=adsb typecodes=['A320']
2026-05-21 08:49:15 [info     ] evaluate_typecode              flights=542 typecode=A320
2026-05-21 08:49:27 [info     ] evaluate_done                  output=data/model_performance/backbone_4_seed2/performance.parquet rows=16
shape: (16, 11)
┌──────────┬─────────────────────────┬──────────────┬───────┬─────────┬──────────┬──────────┬──────────┬─────────┬──────────┬────────┐
│ Aircraft ┆ Variable                ┆ Phase        ┆ Model ┆ MAE     ┆ MAE_std  ┆ MAPE (%) ┆ MAPE_std ┆ ME      ┆ ME_std   ┆ Count  │
│ ---      ┆ ---                     ┆ ---          ┆ ---   ┆ ---     ┆ ---      ┆ ---      ┆ ---      ┆ ---     ┆ ---      ┆ ---    │
│ str      ┆ str                     ┆ str          ┆ str   ┆ f64     ┆ f64      ┆ f64      ┆ f64      ┆ f64     ┆ f64      ┆ i64    │
╞══════════╪═════════════════════════╪══════════════╪═══════╪═════════╪══════════╪══════════╪══════════╪═════════╪══════════╪════════╡
│ A320     ┆ Altitude [m]            ┆ All phases   ┆ PRED  ┆ 250.120 ┆ 627.475  ┆ 5.557    ┆ 19.818   ┆ 128.373 ┆ 663.178  ┆ 478843 │
│ A320     ┆ Altitude [m]            ┆ Climb        ┆ PRED  ┆ 822.747 ┆ 1122.149 ┆ 18.602   ┆ 39.053   ┆ 657.190 ┆ 1226.472 ┆ 90018  │
│ A320     ┆ Altitude [m]            ┆ Level flight ┆ PRED  ┆ 51.291  ┆ 185.045  ┆ 0.724    ┆ 5.593    ┆ -6.630  ┆ 191.907  ┆ 296839 │
│ A320     ┆ Altitude [m]            ┆ Descent      ┆ PRED  ┆ 331.364 ┆ 501.737  ┆ 8.385    ┆ 14.186   ┆ 46.527  ┆ 599.480  ┆ 91986  │
│ A320     ┆ Flight path angle [deg] ┆ All phases   ┆ PRED  ┆ 0.283   ┆ 0.625    ┆ NaN      ┆ NaN      ┆ -0.065  ┆ 0.683    ┆ 478843 │
│ A320     ┆ Flight path angle [deg] ┆ Climb        ┆ PRED  ┆ 0.734   ┆ 0.993    ┆ NaN      ┆ NaN      ┆ -0.435  ┆ 1.156    ┆ 90018  │
│ A320     ┆ Flight path angle [deg] ┆ Level flight ┆ PRED  ┆ 0.075   ┆ 0.256    ┆ NaN      ┆ NaN      ┆ -0.009  ┆ 0.266    ┆ 296839 │
│ A320     ┆ Flight path angle [deg] ┆ Descent      ┆ PRED  ┆ 0.514   ┆ 0.684    ┆ NaN      ┆ NaN      ┆ 0.114   ┆ 0.848    ┆ 91986  │
│ A320     ┆ Heading [deg]           ┆ All phases   ┆ PRED  ┆ 1.614   ┆ 7.226    ┆ NaN      ┆ NaN      ┆ 0.042   ┆ 7.404    ┆ 478843 │
│ A320     ┆ Heading [deg]           ┆ Climb        ┆ PRED  ┆ 2.159   ┆ 8.171    ┆ NaN      ┆ NaN      ┆ 0.038   ┆ 8.451    ┆ 90018  │
│ A320     ┆ Heading [deg]           ┆ Level flight ┆ PRED  ┆ 1.195   ┆ 5.920    ┆ NaN      ┆ NaN      ┆ 0.030   ┆ 6.040    ┆ 296839 │
│ A320     ┆ Heading [deg]           ┆ Descent      ┆ PRED  ┆ 2.432   ┆ 9.584    ┆ NaN      ┆ NaN      ┆ 0.085   ┆ 9.888    ┆ 91986  │
│ A320     ┆ True airspeed [m/s]     ┆ All phases   ┆ PRED  ┆ 3.337   ┆ 8.079    ┆ 1.867    ┆ 6.169    ┆ 1.203   ┆ 8.658    ┆ 478843 │
│ A320     ┆ True airspeed [m/s]     ┆ Climb        ┆ PRED  ┆ 6.066   ┆ 14.436   ┆ 3.811    ┆ 11.080   ┆ 3.708   ┆ 15.213   ┆ 90018  │
│ A320     ┆ True airspeed [m/s]     ┆ Level flight ┆ PRED  ┆ 2.329   ┆ 4.856    ┆ 1.128    ┆ 4.093    ┆ 0.892   ┆ 5.312    ┆ 296839 │
│ A320     ┆ True airspeed [m/s]     ┆ Descent      ┆ PRED  ┆ 3.921   ┆ 6.985    ┆ 2.349    ┆ 4.270    ┆ -0.247  ┆ 8.007    ┆ 91986  │
└──────────┴─────────────────────────┴──────────────┴───────┴─────────┴──────────┴──────────┴──────────┴─────────┴──────────┴────────┘

$ uv run fdm evaluate --arch adsb --config results_run4/backbone_4_seed2/config.yaml --model-name backbone_4_seed2
