2026-05-21 01:37:37 [info     ] train_start                    arch=adsb device=cuda typecodes=['A320']
2026-05-21 01:37:37 [info     ] train_typecode                 typecode=A320
2026-05-21 01:37:37 [info     ] loading_data                   train_flights=1594 val_flights=247
2026-05-21 01:37:37 [warning  ] e1_column_missing              column=fdm_g_sin_gamma_ms2
2026-05-21 01:37:37 [warning  ] e1_column_missing              column=fdm_cos_gamma
2026-05-21 01:37:37 [warning  ] e1_column_missing              column=fdm_q_pa
2026-05-21 01:37:37 [warning  ] e1_column_missing              column=fdm_g_over_v
2026-05-21 01:37:37 [warning  ] e1_column_missing              column=fdm_lat_wind_ms
2026-05-21 01:37:37 [warning  ] e1_column_missing              column=fdm_drift_rad
2026-05-21 01:37:37 [warning  ] e1_column_missing              column=fdm_track_rad
2026-05-21 01:37:37 [warning  ] e1_column_missing              column=fdm_heading_diff_rad
2026-05-21 01:37:42 [warning  ] e1_column_missing              column=fdm_g_sin_gamma_ms2
2026-05-21 01:37:42 [warning  ] e1_column_missing              column=fdm_cos_gamma
2026-05-21 01:37:42 [warning  ] e1_column_missing              column=fdm_q_pa
2026-05-21 01:37:42 [warning  ] e1_column_missing              column=fdm_g_over_v
2026-05-21 01:37:42 [warning  ] e1_column_missing              column=fdm_lat_wind_ms
2026-05-21 01:37:42 [warning  ] e1_column_missing              column=fdm_drift_rad
2026-05-21 01:37:42 [warning  ] e1_column_missing              column=fdm_track_rad
2026-05-21 01:37:42 [warning  ] e1_column_missing              column=fdm_heading_diff_rad
2026-05-21 01:37:43 [info     ] data_loaded                    train_samples=48117 val_samples=7518
2026-05-21 01:38:02 [debug    ] meta_saved                     path=data/models/backbone_4_seed2/meta.json
2026-05-21 01:38:02 [info     ] trainer_initialized            architecture=node_adsb_v1 device=cuda train_samples=48117 val_samples=7518
2026-05-21 01:38:02 [info     ] preloading_data_to_gpu
2026-05-21 01:38:03 [debug    ] epoch_start                    epoch=1 total_epochs=50
/data/common/dataiku/config/projects/NODEFDM/lib/python/.venv/lib/python3.12/site-packages/torch/_inductor/compile_fx.py:321: UserWarning: TensorFloat32 tensor cores for float32 matrix multiplication available but not enabled. Consider setting `torch.set_float32_matmul_precision('high')` for better performance.
  warnings.warn(
2026-05-21 01:38:26 [info     ] debug_magnitudes               norm_mean=['8427.359375', '-0.000899', '211.646118', '3.252943'] norm_std=['2287.523926', '0.040447', '34.116577', '1.247240'] ode_loss=0.256979
2026-05-21 01:42:30 [warning  ] nan_or_inf_loss                loss=nan
W0521 01:45:43.499000 2393116 torch/_dynamo/convert_frame.py:1676] [0/8] torch._dynamo hit config.recompile_limit (8)
W0521 01:45:43.499000 2393116 torch/_dynamo/convert_frame.py:1676] [0/8]    function: 'forward' (/data/common/dataiku/config/projects/NODEFDM/lib/python/packages/node-fdm/src/node_fdm/models/fdm.py:181)
W0521 01:45:43.499000 2393116 torch/_dynamo/convert_frame.py:1676] [0/8]    last reason: 0/7: tensor 'self.history['raw_alt_m']' size mismatch at index 1. expected 1, actual 2
W0521 01:45:43.499000 2393116 torch/_dynamo/convert_frame.py:1676] [0/8] To log all recompilation reasons, use TORCH_LOGS="recompiles".
W0521 01:45:43.499000 2393116 torch/_dynamo/convert_frame.py:1676] [0/8] To diagnose recompilation issues, see https://pytorch.org/docs/main/compile/programming_model.recompilation.html
2026-05-21 01:45:44 [debug    ] meta_saved                     path=data/models/backbone_4_seed2/meta.json
2026-05-21 01:45:44 [debug    ] model_saved                    epoch=1
2026-05-21 01:45:44 [info     ] epoch_complete                 epoch=1 is_best=True lr=0.00020800000000000123 total_epochs=50 train_loss=nan val_loss=0.042298
2026-05-21 01:45:44 [debug    ] epoch_start                    epoch=2 total_epochs=50
2026-05-21 01:45:58 [warning  ] nan_or_inf_loss                loss=nan
2026-05-21 01:51:55 [debug    ] meta_saved                     path=data/models/backbone_4_seed2/meta.json
2026-05-21 01:51:55 [debug    ] model_saved                    epoch=2
2026-05-21 01:51:55 [info     ] epoch_complete                 epoch=2 is_best=True lr=0.0004060000000000046 total_epochs=50 train_loss=nan val_loss=0.029602
2026-05-21 01:51:55 [debug    ] epoch_start                    epoch=3 total_epochs=50
2026-05-21 01:52:55 [warning  ] nan_or_inf_loss                loss=nan
2026-05-21 01:58:08 [debug    ] meta_saved                     path=data/models/backbone_4_seed2/meta.json
2026-05-21 01:58:08 [debug    ] model_saved                    epoch=3
2026-05-21 01:58:08 [info     ] epoch_complete                 epoch=3 is_best=True lr=0.0006040000000000097 total_epochs=50 train_loss=nan val_loss=0.026845
2026-05-21 01:58:08 [debug    ] epoch_start                    epoch=4 total_epochs=50
2026-05-21 01:58:44 [warning  ] nan_or_inf_loss                loss=nan
2026-05-21 02:06:33 [debug    ] meta_saved                     path=data/models/backbone_4_seed2/meta.json
2026-05-21 02:06:33 [debug    ] model_saved                    epoch=4
2026-05-21 02:06:33 [info     ] epoch_complete                 epoch=4 is_best=True lr=0.0008020000000000093 total_epochs=50 train_loss=nan val_loss=0.026488
2026-05-21 02:06:33 [debug    ] epoch_start                    epoch=5 total_epochs=50
2026-05-21 02:13:23 [warning  ] nan_or_inf_loss                loss=nan
2026-05-21 02:13:28 [debug    ] meta_saved                     path=data/models/backbone_4_seed2/meta.json
2026-05-21 02:13:28 [debug    ] model_saved                    epoch=5
2026-05-21 02:13:28 [info     ] epoch_complete                 epoch=5 is_best=True lr=0.001 total_epochs=50 train_loss=nan val_loss=0.025226
2026-05-21 02:13:28 [debug    ] epoch_start                    epoch=6 total_epochs=50
2026-05-21 02:13:52 [warning  ] nan_or_inf_loss                loss=nan
2026-05-21 02:19:41 [info     ] epoch_complete                 epoch=6 is_best=False lr=0.0009779999999999641 total_epochs=50 train_loss=nan val_loss=0.04871
2026-05-21 02:19:41 [debug    ] epoch_start                    epoch=7 total_epochs=50
2026-05-21 02:20:42 [warning  ] nan_or_inf_loss                loss=nan
2026-05-21 02:25:52 [info     ] epoch_complete                 epoch=7 is_best=False lr=0.0009559999999999605 total_epochs=50 train_loss=nan val_loss=0.026485
2026-05-21 02:25:52 [debug    ] epoch_start                    epoch=8 total_epochs=50
2026-05-21 02:26:29 [warning  ] nan_or_inf_loss                loss=nan
2026-05-21 02:32:04 [info     ] epoch_complete                 epoch=8 is_best=False lr=0.0009339999999999578 total_epochs=50 train_loss=nan val_loss=0.02841
2026-05-21 02:32:04 [debug    ] epoch_start                    epoch=9 total_epochs=50
2026-05-21 02:35:19 [warning  ] nan_or_inf_loss                loss=nan
2026-05-21 02:38:16 [debug    ] meta_saved                     path=data/models/backbone_4_seed2/meta.json
2026-05-21 02:38:16 [debug    ] model_saved                    epoch=9
2026-05-21 02:38:16 [info     ] epoch_complete                 epoch=9 is_best=True lr=0.0009119999999999566 total_epochs=50 train_loss=nan val_loss=0.024135
2026-05-21 02:38:16 [debug    ] epoch_start                    epoch=10 total_epochs=50
2026-05-21 02:43:31 [warning  ] nan_or_inf_loss                loss=nan
2026-05-21 02:44:30 [info     ] epoch_complete                 epoch=10 is_best=False lr=0.000889999999999957 total_epochs=50 train_loss=nan val_loss=0.025353
2026-05-21 02:44:30 [debug    ] epoch_start                    epoch=11 total_epochs=50
2026-05-21 02:46:14 [warning  ] nan_or_inf_loss                loss=nan
2026-05-21 02:50:41 [info     ] epoch_complete                 epoch=11 is_best=False lr=0.0008679999999999566 total_epochs=50 train_loss=nan val_loss=0.024323
2026-05-21 02:50:41 [debug    ] epoch_start                    epoch=12 total_epochs=50
2026-05-21 02:52:45 [warning  ] nan_or_inf_loss                loss=nan
2026-05-21 02:56:52 [info     ] epoch_complete                 epoch=12 is_best=False lr=0.0008459999999999577 total_epochs=50 train_loss=nan val_loss=0.024352
2026-05-21 02:56:52 [debug    ] epoch_start                    epoch=13 total_epochs=50
2026-05-21 02:57:59 [warning  ] nan_or_inf_loss                loss=nan
2026-05-21 03:03:05 [debug    ] meta_saved                     path=data/models/backbone_4_seed2/meta.json
2026-05-21 03:03:05 [debug    ] model_saved                    epoch=13
2026-05-21 03:03:05 [info     ] epoch_complete                 epoch=13 is_best=True lr=0.0008239999999999574 total_epochs=50 train_loss=nan val_loss=0.023217
2026-05-21 03:03:05 [debug    ] epoch_start                    epoch=14 total_epochs=50
2026-05-21 03:07:39 [warning  ] nan_or_inf_loss                loss=nan
2026-05-21 03:09:16 [debug    ] meta_saved                     path=data/models/backbone_4_seed2/meta.json
2026-05-21 03:09:16 [debug    ] model_saved                    epoch=14
2026-05-21 03:09:16 [info     ] epoch_complete                 epoch=14 is_best=True lr=0.0008019999999999602 total_epochs=50 train_loss=nan val_loss=0.023146
2026-05-21 03:09:16 [debug    ] epoch_start                    epoch=15 total_epochs=50
2026-05-21 03:12:10 [warning  ] nan_or_inf_loss                loss=nan
2026-05-21 03:15:30 [info     ] epoch_complete                 epoch=15 is_best=False lr=0.0007799999999999617 total_epochs=50 train_loss=nan val_loss=0.024052
2026-05-21 03:15:30 [debug    ] epoch_start                    epoch=16 total_epochs=50
2026-05-21 03:20:02 [warning  ] nan_or_inf_loss                loss=nan
2026-05-21 03:21:43 [info     ] epoch_complete                 epoch=16 is_best=False lr=0.000757999999999961 total_epochs=50 train_loss=nan val_loss=0.023887
2026-05-21 03:21:43 [debug    ] epoch_start                    epoch=17 total_epochs=50
2026-05-21 03:25:34 [warning  ] nan_or_inf_loss                loss=nan
2026-05-21 03:27:55 [info     ] epoch_complete                 epoch=17 is_best=False lr=0.0007359999999999604 total_epochs=50 train_loss=nan val_loss=0.024057
2026-05-21 03:27:55 [debug    ] epoch_start                    epoch=18 total_epochs=50
2026-05-21 03:28:35 [warning  ] nan_or_inf_loss                loss=nan
2026-05-21 03:34:07 [info     ] epoch_complete                 epoch=18 is_best=False lr=0.0007139999999999597 total_epochs=50 train_loss=nan val_loss=0.024702
2026-05-21 03:34:07 [debug    ] epoch_start                    epoch=19 total_epochs=50
2026-05-21 03:35:58 [warning  ] nan_or_inf_loss                loss=nan
2026-05-21 03:40:19 [debug    ] meta_saved                     path=data/models/backbone_4_seed2/meta.json
2026-05-21 03:40:19 [debug    ] model_saved                    epoch=19
2026-05-21 03:40:19 [info     ] epoch_complete                 epoch=19 is_best=True lr=0.0006919999999999592 total_epochs=50 train_loss=nan val_loss=0.023085
2026-05-21 03:40:19 [debug    ] epoch_start                    epoch=20 total_epochs=50
2026-05-21 03:40:32 [warning  ] nan_or_inf_loss                loss=nan
2026-05-21 03:46:31 [info     ] epoch_complete                 epoch=20 is_best=False lr=0.000669999999999957 total_epochs=50 train_loss=nan val_loss=0.024166
2026-05-21 03:46:31 [debug    ] epoch_start                    epoch=21 total_epochs=50
2026-05-21 03:50:38 [warning  ] nan_or_inf_loss                loss=nan
2026-05-21 03:52:42 [info     ] epoch_complete                 epoch=21 is_best=False lr=0.0006479999999999561 total_epochs=50 train_loss=nan val_loss=0.023502
2026-05-21 03:52:42 [debug    ] epoch_start                    epoch=22 total_epochs=50
2026-05-21 03:55:31 [warning  ] nan_or_inf_loss                loss=nan
2026-05-21 03:58:55 [info     ] epoch_complete                 epoch=22 is_best=False lr=0.0006259999999999549 total_epochs=50 train_loss=nan val_loss=0.023562
2026-05-21 03:58:55 [debug    ] epoch_start                    epoch=23 total_epochs=50
2026-05-21 03:59:18 [warning  ] nan_or_inf_loss                loss=nan
2026-05-21 04:05:08 [info     ] epoch_complete                 epoch=23 is_best=False lr=0.0006039999999999555 total_epochs=50 train_loss=nan val_loss=0.023584
2026-05-21 04:05:08 [debug    ] epoch_start                    epoch=24 total_epochs=50
2026-05-21 04:05:43 [warning  ] nan_or_inf_loss                loss=nan
2026-05-21 04:11:23 [info     ] epoch_complete                 epoch=24 is_best=False lr=0.0005819999999999556 total_epochs=50 train_loss=nan val_loss=0.02319
2026-05-21 04:11:23 [debug    ] epoch_start                    epoch=25 total_epochs=50
2026-05-21 04:15:08 [warning  ] nan_or_inf_loss                loss=nan
2026-05-21 04:17:32 [info     ] epoch_complete                 epoch=25 is_best=False lr=0.000559999999999953 total_epochs=50 train_loss=nan val_loss=0.023102
2026-05-21 04:17:32 [debug    ] epoch_start                    epoch=26 total_epochs=50
2026-05-21 04:17:42 [warning  ] nan_or_inf_loss                loss=nan
2026-05-21 04:23:43 [debug    ] meta_saved                     path=data/models/backbone_4_seed2/meta.json
2026-05-21 04:23:43 [debug    ] model_saved                    epoch=26
2026-05-21 04:23:43 [info     ] epoch_complete                 epoch=26 is_best=True lr=0.0005379999999999528 total_epochs=50 train_loss=nan val_loss=0.022726
2026-05-21 04:23:43 [debug    ] epoch_start                    epoch=27 total_epochs=50
2026-05-21 04:29:52 [warning  ] nan_or_inf_loss                loss=nan
2026-05-21 04:29:55 [info     ] epoch_complete                 epoch=27 is_best=False lr=0.0005159999999999556 total_epochs=50 train_loss=nan val_loss=0.022927
2026-05-21 04:29:55 [debug    ] epoch_start                    epoch=28 total_epochs=50
2026-05-21 04:35:53 [warning  ] nan_or_inf_loss                loss=nan
2026-05-21 04:36:06 [info     ] epoch_complete                 epoch=28 is_best=False lr=0.0004939999999999543 total_epochs=50 train_loss=nan val_loss=0.023423
2026-05-21 04:36:06 [debug    ] epoch_start                    epoch=29 total_epochs=50
2026-05-21 04:40:04 [warning  ] nan_or_inf_loss                loss=nan
2026-05-21 04:42:15 [info     ] epoch_complete                 epoch=29 is_best=False lr=0.00047199999999995607 total_epochs=50 train_loss=nan val_loss=0.023604
2026-05-21 04:42:15 [debug    ] epoch_start                    epoch=30 total_epochs=50
2026-05-21 04:44:54 [warning  ] nan_or_inf_loss                loss=nan
2026-05-21 04:48:26 [info     ] epoch_complete                 epoch=30 is_best=False lr=0.00044999999999995944 total_epochs=50 train_loss=nan val_loss=0.022952
2026-05-21 04:48:26 [debug    ] epoch_start                    epoch=31 total_epochs=50
2026-05-21 04:52:56 [warning  ] nan_or_inf_loss                loss=nan
2026-05-21 04:54:34 [info     ] epoch_complete                 epoch=31 is_best=False lr=0.00042799999999996313 total_epochs=50 train_loss=nan val_loss=0.022804
2026-05-21 04:54:34 [debug    ] epoch_start                    epoch=32 total_epochs=50
2026-05-21 05:00:10 [warning  ] nan_or_inf_loss                loss=nan
2026-05-21 05:00:46 [info     ] epoch_complete                 epoch=32 is_best=False lr=0.00040599999999996786 total_epochs=50 train_loss=nan val_loss=0.022831
2026-05-21 05:00:46 [debug    ] epoch_start                    epoch=33 total_epochs=50
2026-05-21 05:06:26 [warning  ] nan_or_inf_loss                loss=nan
2026-05-21 05:06:54 [info     ] epoch_complete                 epoch=33 is_best=False lr=0.00038399999999997274 total_epochs=50 train_loss=nan val_loss=0.024998
2026-05-21 05:06:54 [debug    ] epoch_start                    epoch=34 total_epochs=50
2026-05-21 05:11:58 [warning  ] nan_or_inf_loss                loss=nan
2026-05-21 05:13:07 [info     ] epoch_complete                 epoch=34 is_best=False lr=0.00036199999999997763 total_epochs=50 train_loss=nan val_loss=0.022765
2026-05-21 05:13:07 [debug    ] epoch_start                    epoch=35 total_epochs=50
2026-05-21 05:14:55 [warning  ] nan_or_inf_loss                loss=nan
2026-05-21 05:19:19 [info     ] epoch_complete                 epoch=35 is_best=False lr=0.0003399999999999825 total_epochs=50 train_loss=nan val_loss=0.022838
2026-05-21 05:19:19 [debug    ] epoch_start                    epoch=36 total_epochs=50
2026-05-21 05:24:22 [warning  ] nan_or_inf_loss                loss=nan
2026-05-21 05:25:30 [info     ] epoch_complete                 epoch=36 is_best=False lr=0.0003179999999999874 total_epochs=50 train_loss=nan val_loss=0.023639
2026-05-21 05:25:30 [debug    ] epoch_start                    epoch=37 total_epochs=50
2026-05-21 05:29:06 [warning  ] nan_or_inf_loss                loss=nan
2026-05-21 05:31:40 [info     ] epoch_complete                 epoch=37 is_best=False lr=0.0002959999999999923 total_epochs=50 train_loss=nan val_loss=0.023032
2026-05-21 05:31:40 [debug    ] epoch_start                    epoch=38 total_epochs=50
2026-05-21 05:32:29 [warning  ] nan_or_inf_loss                loss=nan
2026-05-21 05:37:52 [debug    ] meta_saved                     path=data/models/backbone_4_seed2/meta.json
2026-05-21 05:37:52 [debug    ] model_saved                    epoch=38
2026-05-21 05:37:52 [info     ] epoch_complete                 epoch=38 is_best=True lr=0.0002739999999999972 total_epochs=50 train_loss=nan val_loss=0.022651
2026-05-21 05:37:52 [debug    ] epoch_start                    epoch=39 total_epochs=50
2026-05-21 05:38:22 [warning  ] nan_or_inf_loss                loss=nan
2026-05-21 05:44:04 [debug    ] meta_saved                     path=data/models/backbone_4_seed2/meta.json
2026-05-21 05:44:04 [debug    ] model_saved                    epoch=39
2026-05-21 05:44:04 [info     ] epoch_complete                 epoch=39 is_best=True lr=0.00025200000000000206 total_epochs=50 train_loss=nan val_loss=0.022612
2026-05-21 05:44:04 [debug    ] epoch_start                    epoch=40 total_epochs=50
2026-05-21 05:45:56 [warning  ] nan_or_inf_loss                loss=nan
2026-05-21 05:50:26 [info     ] epoch_complete                 epoch=40 is_best=False lr=0.00023000000000000348 total_epochs=50 train_loss=nan val_loss=0.022786
2026-05-21 05:50:26 [debug    ] epoch_start                    epoch=41 total_epochs=50
2026-05-21 05:52:28 [warning  ] nan_or_inf_loss                loss=nan
2026-05-21 05:56:52 [info     ] epoch_complete                 epoch=41 is_best=False lr=0.00020800000000000357 total_epochs=50 train_loss=nan val_loss=0.025206
2026-05-21 05:56:52 [debug    ] epoch_start                    epoch=42 total_epochs=50
2026-05-21 05:58:13 [warning  ] nan_or_inf_loss                loss=nan
2026-05-21 06:03:04 [info     ] epoch_complete                 epoch=42 is_best=False lr=0.00018600000000000447 total_epochs=50 train_loss=nan val_loss=0.023191
2026-05-21 06:03:04 [debug    ] epoch_start                    epoch=43 total_epochs=50
2026-05-21 06:03:49 [warning  ] nan_or_inf_loss                loss=nan
2026-05-21 06:09:15 [info     ] epoch_complete                 epoch=43 is_best=False lr=0.00016400000000000613 total_epochs=50 train_loss=nan val_loss=0.022992
2026-05-21 06:09:15 [debug    ] epoch_start                    epoch=44 total_epochs=50
2026-05-21 06:12:32 [warning  ] nan_or_inf_loss                loss=nan
2026-05-21 06:15:26 [info     ] epoch_complete                 epoch=44 is_best=False lr=0.00014200000000000754 total_epochs=50 train_loss=nan val_loss=0.022843
2026-05-21 06:15:26 [debug    ] epoch_start                    epoch=45 total_epochs=50
2026-05-21 06:16:38 [warning  ] nan_or_inf_loss                loss=nan
2026-05-21 06:21:52 [info     ] epoch_complete                 epoch=45 is_best=False lr=0.00012000000000000895 total_epochs=50 train_loss=nan val_loss=0.022727
2026-05-21 06:21:52 [debug    ] epoch_start                    epoch=46 total_epochs=50
2026-05-21 06:25:40 [warning  ] nan_or_inf_loss                loss=nan
2026-05-21 06:28:13 [info     ] epoch_complete                 epoch=46 is_best=False lr=9.800000000000715e-05 total_epochs=50 train_loss=nan val_loss=0.022734
2026-05-21 06:28:13 [debug    ] epoch_start                    epoch=47 total_epochs=50
2026-05-21 06:29:28 [warning  ] nan_or_inf_loss                loss=nan
2026-05-21 06:34:24 [info     ] epoch_complete                 epoch=47 is_best=False lr=7.600000000000502e-05 total_epochs=50 train_loss=nan val_loss=0.022676
2026-05-21 06:34:24 [debug    ] epoch_start                    epoch=48 total_epochs=50
2026-05-21 06:35:34 [warning  ] nan_or_inf_loss                loss=nan
2026-05-21 06:40:36 [debug    ] meta_saved                     path=data/models/backbone_4_seed2/meta.json
2026-05-21 06:40:36 [debug    ] model_saved                    epoch=48
2026-05-21 06:40:36 [info     ] epoch_complete                 epoch=48 is_best=True lr=5.4000000000003054e-05 total_epochs=50 train_loss=nan val_loss=0.022551
2026-05-21 06:40:36 [debug    ] epoch_start                    epoch=49 total_epochs=50
2026-05-21 06:41:19 [warning  ] nan_or_inf_loss                loss=nan
2026-05-21 06:46:53 [debug    ] meta_saved                     path=data/models/backbone_4_seed2/meta.json
2026-05-21 06:46:53 [debug    ] model_saved                    epoch=49
2026-05-21 06:46:53 [info     ] epoch_complete                 epoch=49 is_best=True lr=3.2000000000002384e-05 total_epochs=50 train_loss=nan val_loss=0.022496
2026-05-21 06:46:53 [debug    ] epoch_start                    epoch=50 total_epochs=50
2026-05-21 06:52:38 [warning  ] nan_or_inf_loss                loss=nan
2026-05-21 06:53:07 [debug    ] meta_saved                     path=data/models/backbone_4_seed2/meta.json
2026-05-21 06:53:07 [debug    ] model_saved                    epoch=50
2026-05-21 06:53:07 [info     ] epoch_complete                 epoch=50 is_best=True lr=1.0000000000000765e-05 total_epochs=50 train_loss=nan val_loss=0.022469
2026-05-21 06:53:07 [info     ] training_log_saved             path=data/models/backbone_4_seed2/training_losses.csv
2026-05-21 06:53:07 [info     ] training_complete              best_val_loss=0.022469
2026-05-21 06:53:07 [info     ] train_typecode_done            typecode=A320
2026-05-21 06:53:07 [info     ] train_done                     typecodes=['A320']

$ uv run fdm train --arch adsb --config results_run4/backbone_4_seed2/config.yaml --model-name backbone_4_seed2 --epochs 50 --batch-size 64 --lr 0.001 --method rk4 --seq-len 30 --train-limit 5000 --activation relu --seed 2 --backbone-depth 4 --head-depth 2 --hidden-width 48 --device cuda --no-use-mode-weights
