2026-05-16 06:08:16 [info     ] evaluate_start                 arch=adsb typecodes=['A320']
2026-05-16 06:08:16 [info     ] evaluate_typecode              flights=542 typecode=A320
2026-05-16 06:08:28 [info     ] evaluate_done                  output=data/model_performance/lr_8.5e-4_seed0/performance.parquet rows=16
shape: (16, 11)
┌──────────┬─────────────────────────┬──────────────┬───────┬─────────┬──────────┬──────────┬──────────┬─────────┬──────────┬────────┐
│ Aircraft ┆ Variable                ┆ Phase        ┆ Model ┆ MAE     ┆ MAE_std  ┆ MAPE (%) ┆ MAPE_std ┆ ME      ┆ ME_std   ┆ Count  │
│ ---      ┆ ---                     ┆ ---          ┆ ---   ┆ ---     ┆ ---      ┆ ---      ┆ ---      ┆ ---     ┆ ---      ┆ ---    │
│ str      ┆ str                     ┆ str          ┆ str   ┆ f64     ┆ f64      ┆ f64      ┆ f64      ┆ f64     ┆ f64      ┆ i64    │
╞══════════╪═════════════════════════╪══════════════╪═══════╪═════════╪══════════╪══════════╪══════════╪═════════╪══════════╪════════╡
│ A320     ┆ Altitude [m]            ┆ All phases   ┆ PRED  ┆ 246.962 ┆ 629.694  ┆ 5.454    ┆ 19.827   ┆ 124.311 ┆ 664.870  ┆ 478843 │
│ A320     ┆ Altitude [m]            ┆ Climb        ┆ PRED  ┆ 826.408 ┆ 1135.530 ┆ 18.613   ┆ 39.531   ┆ 672.899 ┆ 1232.714 ┆ 90018  │
│ A320     ┆ Altitude [m]            ┆ Level flight ┆ PRED  ┆ 50.722  ┆ 178.619  ┆ 0.727    ┆ 5.472    ┆ -9.170  ┆ 185.455  ┆ 296839 │
│ A320     ┆ Altitude [m]            ┆ Descent      ┆ PRED  ┆ 313.180 ┆ 492.006  ┆ 7.829    ┆ 13.161   ┆ 18.202  ┆ 582.941  ┆ 91986  │
│ A320     ┆ Flight path angle [deg] ┆ All phases   ┆ PRED  ┆ 0.279   ┆ 0.616    ┆ NaN      ┆ NaN      ┆ -0.062  ┆ 0.674    ┆ 478843 │
│ A320     ┆ Flight path angle [deg] ┆ Climb        ┆ PRED  ┆ 0.722   ┆ 0.985    ┆ NaN      ┆ NaN      ┆ -0.414  ┆ 1.149    ┆ 90018  │
│ A320     ┆ Flight path angle [deg] ┆ Level flight ┆ PRED  ┆ 0.074   ┆ 0.243    ┆ NaN      ┆ NaN      ┆ -0.007  ┆ 0.254    ┆ 296839 │
│ A320     ┆ Flight path angle [deg] ┆ Descent      ┆ PRED  ┆ 0.508   ┆ 0.674    ┆ NaN      ┆ NaN      ┆ 0.106   ┆ 0.838    ┆ 91986  │
│ A320     ┆ Heading [deg]           ┆ All phases   ┆ PRED  ┆ 1.712   ┆ 6.920    ┆ NaN      ┆ NaN      ┆ 0.061   ┆ 7.129    ┆ 478843 │
│ A320     ┆ Heading [deg]           ┆ Climb        ┆ PRED  ┆ 2.194   ┆ 6.915    ┆ NaN      ┆ NaN      ┆ 0.003   ┆ 7.255    ┆ 90018  │
│ A320     ┆ Heading [deg]           ┆ Level flight ┆ PRED  ┆ 1.378   ┆ 6.344    ┆ NaN      ┆ NaN      ┆ 0.171   ┆ 6.490    ┆ 296839 │
│ A320     ┆ Heading [deg]           ┆ Descent      ┆ PRED  ┆ 2.319   ┆ 8.465    ┆ NaN      ┆ NaN      ┆ -0.236  ┆ 8.774    ┆ 91986  │
│ A320     ┆ True airspeed [m/s]     ┆ All phases   ┆ PRED  ┆ 2.879   ┆ 6.859    ┆ 1.649    ┆ 5.559    ┆ 0.480   ┆ 7.423    ┆ 478843 │
│ A320     ┆ True airspeed [m/s]     ┆ Climb        ┆ PRED  ┆ 5.178   ┆ 11.675   ┆ 3.240    ┆ 9.200    ┆ 2.850   ┆ 12.450   ┆ 90018  │
│ A320     ┆ True airspeed [m/s]     ┆ Level flight ┆ PRED  ┆ 1.896   ┆ 4.210    ┆ 0.962    ┆ 4.149    ┆ -0.046  ┆ 4.617    ┆ 296839 │
│ A320     ┆ True airspeed [m/s]     ┆ Descent      ┆ PRED  ┆ 3.799   ┆ 6.720    ┆ 2.309    ┆ 4.249    ┆ -0.140  ┆ 7.719    ┆ 91986  │
└──────────┴─────────────────────────┴──────────────┴───────┴─────────┴──────────┴──────────┴──────────┴─────────┴──────────┴────────┘

$ uv run fdm evaluate --arch adsb --config results_run2/lr_8.5e-4_seed0/config.yaml --model-name lr_8.5e-4_seed0
