2026-05-16 13:16:00 [info     ] train_start                    arch=adsb device=cuda typecodes=['A320']
2026-05-16 13:16:00 [info     ] train_typecode                 typecode=A320
2026-05-16 13:16:00 [info     ] loading_data                   train_flights=1594 val_flights=247
2026-05-16 13:16:00 [warning  ] e1_column_missing              column=fdm_g_sin_gamma_ms2
2026-05-16 13:16:00 [warning  ] e1_column_missing              column=fdm_cos_gamma
2026-05-16 13:16:00 [warning  ] e1_column_missing              column=fdm_q_pa
2026-05-16 13:16:00 [warning  ] e1_column_missing              column=fdm_g_over_v
2026-05-16 13:16:00 [warning  ] e1_column_missing              column=fdm_lat_wind_ms
2026-05-16 13:16:00 [warning  ] e1_column_missing              column=fdm_drift_rad
2026-05-16 13:16:00 [warning  ] e1_column_missing              column=fdm_track_rad
2026-05-16 13:16:00 [warning  ] e1_column_missing              column=fdm_heading_diff_rad
2026-05-16 13:16:04 [warning  ] e1_column_missing              column=fdm_g_sin_gamma_ms2
2026-05-16 13:16:04 [warning  ] e1_column_missing              column=fdm_cos_gamma
2026-05-16 13:16:04 [warning  ] e1_column_missing              column=fdm_q_pa
2026-05-16 13:16:04 [warning  ] e1_column_missing              column=fdm_g_over_v
2026-05-16 13:16:04 [warning  ] e1_column_missing              column=fdm_lat_wind_ms
2026-05-16 13:16:04 [warning  ] e1_column_missing              column=fdm_drift_rad
2026-05-16 13:16:04 [warning  ] e1_column_missing              column=fdm_track_rad
2026-05-16 13:16:04 [warning  ] e1_column_missing              column=fdm_heading_diff_rad
2026-05-16 13:16:05 [info     ] data_loaded                    train_samples=23212 val_samples=3628
2026-05-16 13:16:20 [debug    ] meta_saved                     path=data/models/hidden_24_seed1/meta.json
2026-05-16 13:16:20 [info     ] trainer_initialized            architecture=node_adsb_v1 device=cuda train_samples=23212 val_samples=3628
2026-05-16 13:16:20 [info     ] preloading_data_to_gpu
2026-05-16 13:16:21 [debug    ] epoch_start                    epoch=1 total_epochs=50
/data/common/dataiku/config/projects/NODEFDM/lib/python/.venv/lib/python3.12/site-packages/torch/_inductor/compile_fx.py:321: UserWarning: TensorFloat32 tensor cores for float32 matrix multiplication available but not enabled. Consider setting `torch.set_float32_matmul_precision('high')` for better performance.
  warnings.warn(
2026-05-16 13:16:44 [info     ] debug_magnitudes               norm_mean=['8568.283203', '-0.001322', '213.622833', '3.253931'] norm_std=['2269.236084', '0.038830', '32.838379', '1.246786'] ode_loss=1.105478
W0516 13:23:39.461000 541429 torch/_dynamo/convert_frame.py:1676] [0/8] torch._dynamo hit config.recompile_limit (8)
W0516 13:23:39.461000 541429 torch/_dynamo/convert_frame.py:1676] [0/8]    function: 'forward' (/data/common/dataiku/config/projects/NODEFDM/lib/python/packages/node-fdm/src/node_fdm/models/fdm.py:181)
W0516 13:23:39.461000 541429 torch/_dynamo/convert_frame.py:1676] [0/8]    last reason: 0/7: tensor 'self.history['raw_alt_m']' size mismatch at index 1. expected 1, actual 2
W0516 13:23:39.461000 541429 torch/_dynamo/convert_frame.py:1676] [0/8] To log all recompilation reasons, use TORCH_LOGS="recompiles".
W0516 13:23:39.461000 541429 torch/_dynamo/convert_frame.py:1676] [0/8] To diagnose recompilation issues, see https://pytorch.org/docs/main/compile/programming_model.recompilation.html
2026-05-16 13:23:40 [debug    ] meta_saved                     path=data/models/hidden_24_seed1/meta.json
2026-05-16 13:23:40 [debug    ] model_saved                    epoch=1
2026-05-16 13:23:40 [info     ] epoch_complete                 epoch=1 is_best=True lr=0.0002080000000000004 total_epochs=50 train_loss=0.260006 val_loss=0.096516
2026-05-16 13:23:40 [debug    ] epoch_start                    epoch=2 total_epochs=50
2026-05-16 13:29:31 [debug    ] meta_saved                     path=data/models/hidden_24_seed1/meta.json
2026-05-16 13:29:31 [debug    ] model_saved                    epoch=2
2026-05-16 13:29:31 [info     ] epoch_complete                 epoch=2 is_best=True lr=0.0004060000000000004 total_epochs=50 train_loss=0.075119 val_loss=0.056463
2026-05-16 13:29:31 [debug    ] epoch_start                    epoch=3 total_epochs=50
2026-05-16 13:35:20 [debug    ] meta_saved                     path=data/models/hidden_24_seed1/meta.json
2026-05-16 13:35:20 [debug    ] model_saved                    epoch=3
2026-05-16 13:35:20 [info     ] epoch_complete                 epoch=3 is_best=True lr=0.0006040000000000011 total_epochs=50 train_loss=0.052146 val_loss=0.037916
2026-05-16 13:35:20 [debug    ] epoch_start                    epoch=4 total_epochs=50
2026-05-16 13:41:09 [debug    ] meta_saved                     path=data/models/hidden_24_seed1/meta.json
2026-05-16 13:41:09 [debug    ] model_saved                    epoch=4
2026-05-16 13:41:09 [info     ] epoch_complete                 epoch=4 is_best=True lr=0.000801999999999999 total_epochs=50 train_loss=0.039905 val_loss=0.034668
2026-05-16 13:41:09 [debug    ] epoch_start                    epoch=5 total_epochs=50
2026-05-16 13:46:56 [info     ] epoch_complete                 epoch=5 is_best=False lr=0.001 total_epochs=50 train_loss=0.038 val_loss=0.03504
2026-05-16 13:46:56 [debug    ] epoch_start                    epoch=6 total_epochs=50
2026-05-16 13:52:44 [debug    ] meta_saved                     path=data/models/hidden_24_seed1/meta.json
2026-05-16 13:52:44 [debug    ] model_saved                    epoch=6
2026-05-16 13:52:44 [info     ] epoch_complete                 epoch=6 is_best=True lr=0.0009779999999999947 total_epochs=50 train_loss=0.036828 val_loss=0.032585
2026-05-16 13:52:44 [debug    ] epoch_start                    epoch=7 total_epochs=50
2026-05-16 13:58:32 [debug    ] meta_saved                     path=data/models/hidden_24_seed1/meta.json
2026-05-16 13:58:32 [debug    ] model_saved                    epoch=7
2026-05-16 13:58:32 [info     ] epoch_complete                 epoch=7 is_best=True lr=0.0009559999999999942 total_epochs=50 train_loss=0.035677 val_loss=0.031698
2026-05-16 13:58:32 [debug    ] epoch_start                    epoch=8 total_epochs=50
2026-05-16 14:04:21 [info     ] epoch_complete                 epoch=8 is_best=False lr=0.0009339999999999934 total_epochs=50 train_loss=0.036707 val_loss=0.031993
2026-05-16 14:04:21 [debug    ] epoch_start                    epoch=9 total_epochs=50
2026-05-16 14:10:07 [info     ] epoch_complete                 epoch=9 is_best=False lr=0.0009119999999999924 total_epochs=50 train_loss=0.042052 val_loss=0.034055
2026-05-16 14:10:07 [debug    ] epoch_start                    epoch=10 total_epochs=50
2026-05-16 14:15:55 [info     ] epoch_complete                 epoch=10 is_best=False lr=0.0008899999999999917 total_epochs=50 train_loss=0.038065 val_loss=0.032899
2026-05-16 14:15:55 [debug    ] epoch_start                    epoch=11 total_epochs=50
2026-05-16 14:21:45 [info     ] epoch_complete                 epoch=11 is_best=False lr=0.0008679999999999905 total_epochs=50 train_loss=0.040531 val_loss=0.06822
2026-05-16 14:21:45 [debug    ] epoch_start                    epoch=12 total_epochs=50
2026-05-16 14:27:34 [info     ] epoch_complete                 epoch=12 is_best=False lr=0.000845999999999989 total_epochs=50 train_loss=0.04181 val_loss=0.032429
2026-05-16 14:27:34 [debug    ] epoch_start                    epoch=13 total_epochs=50
2026-05-16 14:33:20 [debug    ] meta_saved                     path=data/models/hidden_24_seed1/meta.json
2026-05-16 14:33:20 [debug    ] model_saved                    epoch=13
2026-05-16 14:33:20 [info     ] epoch_complete                 epoch=13 is_best=True lr=0.0008239999999999856 total_epochs=50 train_loss=0.035433 val_loss=0.03141
2026-05-16 14:33:20 [debug    ] epoch_start                    epoch=14 total_epochs=50
2026-05-16 14:39:11 [debug    ] meta_saved                     path=data/models/hidden_24_seed1/meta.json
2026-05-16 14:39:11 [debug    ] model_saved                    epoch=14
2026-05-16 14:39:11 [info     ] epoch_complete                 epoch=14 is_best=True lr=0.0008019999999999825 total_epochs=50 train_loss=0.034714 val_loss=0.030499
2026-05-16 14:39:11 [debug    ] epoch_start                    epoch=15 total_epochs=50
2026-05-16 14:45:02 [info     ] epoch_complete                 epoch=15 is_best=False lr=0.0007799999999999793 total_epochs=50 train_loss=0.034362 val_loss=0.030895
2026-05-16 14:45:02 [debug    ] epoch_start                    epoch=16 total_epochs=50
2026-05-16 14:50:52 [debug    ] meta_saved                     path=data/models/hidden_24_seed1/meta.json
2026-05-16 14:50:52 [debug    ] model_saved                    epoch=16
2026-05-16 14:50:52 [info     ] epoch_complete                 epoch=16 is_best=True lr=0.0007579999999999761 total_epochs=50 train_loss=0.033731 val_loss=0.030176
2026-05-16 14:50:52 [debug    ] epoch_start                    epoch=17 total_epochs=50
2026-05-16 14:56:41 [info     ] epoch_complete                 epoch=17 is_best=False lr=0.0007359999999999731 total_epochs=50 train_loss=0.035186 val_loss=0.039576
2026-05-16 14:56:41 [debug    ] epoch_start                    epoch=18 total_epochs=50
2026-05-16 15:02:31 [info     ] epoch_complete                 epoch=18 is_best=False lr=0.0007139999999999699 total_epochs=50 train_loss=0.041186 val_loss=0.032203
2026-05-16 15:02:31 [debug    ] epoch_start                    epoch=19 total_epochs=50
2026-05-16 15:08:21 [info     ] epoch_complete                 epoch=19 is_best=False lr=0.0006919999999999653 total_epochs=50 train_loss=0.034765 val_loss=0.030514
2026-05-16 15:08:21 [debug    ] epoch_start                    epoch=20 total_epochs=50
2026-05-16 15:14:08 [info     ] epoch_complete                 epoch=20 is_best=False lr=0.0006699999999999609 total_epochs=50 train_loss=0.033728 val_loss=0.030261
2026-05-16 15:14:08 [debug    ] epoch_start                    epoch=21 total_epochs=50
2026-05-16 15:19:55 [info     ] epoch_complete                 epoch=21 is_best=False lr=0.0006479999999999558 total_epochs=50 train_loss=0.033437 val_loss=0.030298
2026-05-16 15:19:55 [debug    ] epoch_start                    epoch=22 total_epochs=50
2026-05-16 15:25:46 [debug    ] meta_saved                     path=data/models/hidden_24_seed1/meta.json
2026-05-16 15:25:46 [debug    ] model_saved                    epoch=22
2026-05-16 15:25:46 [info     ] epoch_complete                 epoch=22 is_best=True lr=0.0006259999999999505 total_epochs=50 train_loss=0.032971 val_loss=0.030017
2026-05-16 15:25:46 [debug    ] epoch_start                    epoch=23 total_epochs=50
2026-05-16 15:31:35 [debug    ] meta_saved                     path=data/models/hidden_24_seed1/meta.json
2026-05-16 15:31:35 [debug    ] model_saved                    epoch=23
2026-05-16 15:31:35 [info     ] epoch_complete                 epoch=23 is_best=True lr=0.0006039999999999452 total_epochs=50 train_loss=0.032829 val_loss=0.029837
2026-05-16 15:31:35 [debug    ] epoch_start                    epoch=24 total_epochs=50
2026-05-16 15:37:23 [debug    ] meta_saved                     path=data/models/hidden_24_seed1/meta.json
2026-05-16 15:37:23 [debug    ] model_saved                    epoch=24
2026-05-16 15:37:23 [info     ] epoch_complete                 epoch=24 is_best=True lr=0.0005819999999999399 total_epochs=50 train_loss=0.032601 val_loss=0.029382
2026-05-16 15:37:23 [debug    ] epoch_start                    epoch=25 total_epochs=50
2026-05-16 15:43:11 [info     ] epoch_complete                 epoch=25 is_best=False lr=0.0005599999999999346 total_epochs=50 train_loss=0.032489 val_loss=0.029978
2026-05-16 15:43:11 [debug    ] epoch_start                    epoch=26 total_epochs=50
2026-05-16 15:49:00 [info     ] epoch_complete                 epoch=26 is_best=False lr=0.0005379999999999293 total_epochs=50 train_loss=0.032506 val_loss=0.029508
2026-05-16 15:49:00 [debug    ] epoch_start                    epoch=27 total_epochs=50
2026-05-16 15:55:42 [info     ] epoch_complete                 epoch=27 is_best=False lr=0.000515999999999924 total_epochs=50 train_loss=0.032095 val_loss=0.029682
2026-05-16 15:55:42 [debug    ] epoch_start                    epoch=28 total_epochs=50
2026-05-16 16:01:47 [debug    ] meta_saved                     path=data/models/hidden_24_seed1/meta.json
2026-05-16 16:01:47 [debug    ] model_saved                    epoch=28
2026-05-16 16:01:47 [info     ] epoch_complete                 epoch=28 is_best=True lr=0.0004939999999999187 total_epochs=50 train_loss=0.032582 val_loss=0.029054
2026-05-16 16:01:47 [debug    ] epoch_start                    epoch=29 total_epochs=50
2026-05-16 16:07:41 [debug    ] meta_saved                     path=data/models/hidden_24_seed1/meta.json
2026-05-16 16:07:41 [debug    ] model_saved                    epoch=29
2026-05-16 16:07:41 [info     ] epoch_complete                 epoch=29 is_best=True lr=0.00047199999999991997 total_epochs=50 train_loss=0.031896 val_loss=0.029024
2026-05-16 16:07:41 [debug    ] epoch_start                    epoch=30 total_epochs=50
2026-05-16 16:13:32 [debug    ] meta_saved                     path=data/models/hidden_24_seed1/meta.json
2026-05-16 16:13:32 [debug    ] model_saved                    epoch=30
2026-05-16 16:13:32 [info     ] epoch_complete                 epoch=30 is_best=True lr=0.00044999999999992393 total_epochs=50 train_loss=0.031754 val_loss=0.028706
2026-05-16 16:13:32 [debug    ] epoch_start                    epoch=31 total_epochs=50
2026-05-16 16:19:24 [info     ] epoch_complete                 epoch=31 is_best=False lr=0.0004279999999999269 total_epochs=50 train_loss=0.032144 val_loss=0.030236
2026-05-16 16:19:24 [debug    ] epoch_start                    epoch=32 total_epochs=50
2026-05-16 16:25:13 [info     ] epoch_complete                 epoch=32 is_best=False lr=0.0004059999999999309 total_epochs=50 train_loss=0.03174 val_loss=0.029047
2026-05-16 16:25:13 [debug    ] epoch_start                    epoch=33 total_epochs=50
2026-05-16 16:31:02 [info     ] epoch_complete                 epoch=33 is_best=False lr=0.0003839999999999346 total_epochs=50 train_loss=0.031432 val_loss=0.028973
2026-05-16 16:31:02 [debug    ] epoch_start                    epoch=34 total_epochs=50
2026-05-16 16:36:55 [info     ] epoch_complete                 epoch=34 is_best=False lr=0.0003619999999999374 total_epochs=50 train_loss=0.031375 val_loss=0.02914
2026-05-16 16:36:55 [debug    ] epoch_start                    epoch=35 total_epochs=50
2026-05-16 16:42:45 [info     ] epoch_complete                 epoch=35 is_best=False lr=0.0003399999999999421 total_epochs=50 train_loss=0.031228 val_loss=0.028738
2026-05-16 16:42:45 [debug    ] epoch_start                    epoch=36 total_epochs=50
2026-05-16 16:48:36 [debug    ] meta_saved                     path=data/models/hidden_24_seed1/meta.json
2026-05-16 16:48:36 [debug    ] model_saved                    epoch=36
2026-05-16 16:48:36 [info     ] epoch_complete                 epoch=36 is_best=True lr=0.00031799999999994485 total_epochs=50 train_loss=0.031205 val_loss=0.028678
2026-05-16 16:48:36 [debug    ] epoch_start                    epoch=37 total_epochs=50
2026-05-16 16:54:27 [debug    ] meta_saved                     path=data/models/hidden_24_seed1/meta.json
2026-05-16 16:54:27 [debug    ] model_saved                    epoch=37
2026-05-16 16:54:27 [info     ] epoch_complete                 epoch=37 is_best=True lr=0.00029599999999994756 total_epochs=50 train_loss=0.031146 val_loss=0.028582
2026-05-16 16:54:27 [debug    ] epoch_start                    epoch=38 total_epochs=50
2026-05-16 17:00:21 [debug    ] meta_saved                     path=data/models/hidden_24_seed1/meta.json
2026-05-16 17:00:21 [debug    ] model_saved                    epoch=38
2026-05-16 17:00:21 [info     ] epoch_complete                 epoch=38 is_best=True lr=0.0002739999999999507 total_epochs=50 train_loss=0.031015 val_loss=0.028472
2026-05-16 17:00:21 [debug    ] epoch_start                    epoch=39 total_epochs=50
2026-05-16 17:06:11 [info     ] epoch_complete                 epoch=39 is_best=False lr=0.0002519999999999539 total_epochs=50 train_loss=0.031015 val_loss=0.028592
2026-05-16 17:06:11 [debug    ] epoch_start                    epoch=40 total_epochs=50
2026-05-16 17:12:01 [info     ] epoch_complete                 epoch=40 is_best=False lr=0.00022999999999995737 total_epochs=50 train_loss=0.030906 val_loss=0.02852
2026-05-16 17:12:01 [debug    ] epoch_start                    epoch=41 total_epochs=50
2026-05-16 17:17:52 [debug    ] meta_saved                     path=data/models/hidden_24_seed1/meta.json
2026-05-16 17:17:52 [debug    ] model_saved                    epoch=41
2026-05-16 17:17:52 [info     ] epoch_complete                 epoch=41 is_best=True lr=0.00020799999999996188 total_epochs=50 train_loss=0.030838 val_loss=0.028357
2026-05-16 17:17:52 [debug    ] epoch_start                    epoch=42 total_epochs=50
2026-05-16 17:23:43 [info     ] epoch_complete                 epoch=42 is_best=False lr=0.0001859999999999664 total_epochs=50 train_loss=0.031225 val_loss=0.032201
2026-05-16 17:23:43 [debug    ] epoch_start                    epoch=43 total_epochs=50
2026-05-16 17:29:35 [info     ] epoch_complete                 epoch=43 is_best=False lr=0.00016399999999997095 total_epochs=50 train_loss=0.03209 val_loss=0.029911
2026-05-16 17:29:35 [debug    ] epoch_start                    epoch=44 total_epochs=50
2026-05-16 17:35:28 [info     ] epoch_complete                 epoch=44 is_best=False lr=0.00014199999999997548 total_epochs=50 train_loss=0.031294 val_loss=0.02871
2026-05-16 17:35:28 [debug    ] epoch_start                    epoch=45 total_epochs=50
2026-05-16 17:41:22 [info     ] epoch_complete                 epoch=45 is_best=False lr=0.00011999999999997995 total_epochs=50 train_loss=0.031337 val_loss=0.028806
2026-05-16 17:41:22 [debug    ] epoch_start                    epoch=46 total_epochs=50
2026-05-16 17:47:17 [info     ] epoch_complete                 epoch=46 is_best=False lr=9.799999999998395e-05 total_epochs=50 train_loss=0.031064 val_loss=0.028482
2026-05-16 17:47:17 [debug    ] epoch_start                    epoch=47 total_epochs=50
2026-05-16 17:53:09 [info     ] epoch_complete                 epoch=47 is_best=False lr=7.599999999998802e-05 total_epochs=50 train_loss=0.030788 val_loss=0.028795
2026-05-16 17:53:09 [debug    ] epoch_start                    epoch=48 total_epochs=50
2026-05-16 17:59:02 [debug    ] meta_saved                     path=data/models/hidden_24_seed1/meta.json
2026-05-16 17:59:02 [debug    ] model_saved                    epoch=48
2026-05-16 17:59:02 [info     ] epoch_complete                 epoch=48 is_best=True lr=5.399999999999204e-05 total_epochs=50 train_loss=0.030754 val_loss=0.028354
2026-05-16 17:59:02 [debug    ] epoch_start                    epoch=49 total_epochs=50
2026-05-16 18:04:54 [debug    ] meta_saved                     path=data/models/hidden_24_seed1/meta.json
2026-05-16 18:04:54 [debug    ] model_saved                    epoch=49
2026-05-16 18:04:54 [info     ] epoch_complete                 epoch=49 is_best=True lr=3.199999999999529e-05 total_epochs=50 train_loss=0.030627 val_loss=0.028313
2026-05-16 18:04:54 [debug    ] epoch_start                    epoch=50 total_epochs=50
2026-05-16 18:10:47 [debug    ] meta_saved                     path=data/models/hidden_24_seed1/meta.json
2026-05-16 18:10:47 [debug    ] model_saved                    epoch=50
2026-05-16 18:10:47 [info     ] epoch_complete                 epoch=50 is_best=True lr=9.999999999998564e-06 total_epochs=50 train_loss=0.030595 val_loss=0.028266
2026-05-16 18:10:47 [info     ] training_log_saved             path=data/models/hidden_24_seed1/training_losses.csv
2026-05-16 18:10:47 [info     ] training_complete              best_val_loss=0.028266
2026-05-16 18:10:47 [info     ] train_typecode_done            typecode=A320
2026-05-16 18:10:47 [info     ] train_done                     typecodes=['A320']

$ uv run fdm train --arch adsb --config results_run2/hidden_24_seed1/config.yaml --model-name hidden_24_seed1 --epochs 50 --batch-size 64 --lr 0.001 --method rk4 --seq-len 60 --train-limit 5000 --activation relu --seed 1 --backbone-depth 3 --head-depth 2 --hidden-width 24 --device cuda --no-use-mode-weights
