2026-05-15 23:11:28 [info     ] evaluate_start                 arch=adsb typecodes=['A320']
2026-05-15 23:11:28 [info     ] evaluate_typecode              flights=542 typecode=A320
2026-05-15 23:11:40 [info     ] evaluate_done                  output=data/model_performance/bs_128_seed0/performance.parquet rows=16
shape: (16, 11)
┌──────────┬─────────────────────────┬──────────────┬───────┬─────────┬──────────┬──────────┬──────────┬─────────┬──────────┬────────┐
│ Aircraft ┆ Variable                ┆ Phase        ┆ Model ┆ MAE     ┆ MAE_std  ┆ MAPE (%) ┆ MAPE_std ┆ ME      ┆ ME_std   ┆ Count  │
│ ---      ┆ ---                     ┆ ---          ┆ ---   ┆ ---     ┆ ---      ┆ ---      ┆ ---      ┆ ---     ┆ ---      ┆ ---    │
│ str      ┆ str                     ┆ str          ┆ str   ┆ f64     ┆ f64      ┆ f64      ┆ f64      ┆ f64     ┆ f64      ┆ i64    │
╞══════════╪═════════════════════════╪══════════════╪═══════╪═════════╪══════════╪══════════╪══════════╪═════════╪══════════╪════════╡
│ A320     ┆ Altitude [m]            ┆ All phases   ┆ PRED  ┆ 271.297 ┆ 661.358  ┆ 5.961    ┆ 20.766   ┆ 148.190 ┆ 699.311  ┆ 478843 │
│ A320     ┆ Altitude [m]            ┆ Climb        ┆ PRED  ┆ 881.823 ┆ 1198.726 ┆ 19.696   ┆ 41.240   ┆ 723.805 ┆ 1300.254 ┆ 90018  │
│ A320     ┆ Altitude [m]            ┆ Level flight ┆ PRED  ┆ 61.833  ┆ 178.242  ┆ 0.887    ┆ 5.626    ┆ -0.824  ┆ 188.660  ┆ 296839 │
│ A320     ┆ Altitude [m]            ┆ Descent      ┆ PRED  ┆ 349.773 ┆ 505.634  ┆ 8.896    ┆ 14.214   ┆ 65.756  ┆ 611.297  ┆ 91986  │
│ A320     ┆ Flight path angle [deg] ┆ All phases   ┆ PRED  ┆ 0.290   ┆ 0.619    ┆ NaN      ┆ NaN      ┆ -0.063  ┆ 0.681    ┆ 478843 │
│ A320     ┆ Flight path angle [deg] ┆ Climb        ┆ PRED  ┆ 0.742   ┆ 0.977    ┆ NaN      ┆ NaN      ┆ -0.428  ┆ 1.150    ┆ 90018  │
│ A320     ┆ Flight path angle [deg] ┆ Level flight ┆ PRED  ┆ 0.078   ┆ 0.253    ┆ NaN      ┆ NaN      ┆ -0.013  ┆ 0.265    ┆ 296839 │
│ A320     ┆ Flight path angle [deg] ┆ Descent      ┆ PRED  ┆ 0.530   ┆ 0.670    ┆ NaN      ┆ NaN      ┆ 0.135   ┆ 0.844    ┆ 91986  │
│ A320     ┆ Heading [deg]           ┆ All phases   ┆ PRED  ┆ 1.709   ┆ 6.947    ┆ NaN      ┆ NaN      ┆ 0.172   ┆ 7.152    ┆ 478843 │
│ A320     ┆ Heading [deg]           ┆ Climb        ┆ PRED  ┆ 2.200   ┆ 7.024    ┆ NaN      ┆ NaN      ┆ 0.061   ┆ 7.360    ┆ 90018  │
│ A320     ┆ Heading [deg]           ┆ Level flight ┆ PRED  ┆ 1.358   ┆ 6.362    ┆ NaN      ┆ NaN      ┆ 0.249   ┆ 6.500    ┆ 296839 │
│ A320     ┆ Heading [deg]           ┆ Descent      ┆ PRED  ┆ 2.359   ┆ 8.442    ┆ NaN      ┆ NaN      ┆ 0.031   ┆ 8.765    ┆ 91986  │
│ A320     ┆ True airspeed [m/s]     ┆ All phases   ┆ PRED  ┆ 3.051   ┆ 7.969    ┆ 1.768    ┆ 6.335    ┆ 0.772   ┆ 8.498    ┆ 478843 │
│ A320     ┆ True airspeed [m/s]     ┆ Climb        ┆ PRED  ┆ 6.108   ┆ 14.551   ┆ 3.870    ┆ 11.270   ┆ 4.000   ┆ 15.265   ┆ 90018  │
│ A320     ┆ True airspeed [m/s]     ┆ Level flight ┆ PRED  ┆ 1.837   ┆ 4.347    ┆ 0.935    ┆ 4.302    ┆ 0.102   ┆ 4.718    ┆ 296839 │
│ A320     ┆ True airspeed [m/s]     ┆ Descent      ┆ PRED  ┆ 3.976   ┆ 6.904    ┆ 2.396    ┆ 4.236    ┆ -0.224  ┆ 7.964    ┆ 91986  │
└──────────┴─────────────────────────┴──────────────┴───────┴─────────┴──────────┴──────────┴──────────┴─────────┴──────────┴────────┘

$ uv run fdm evaluate --arch adsb --config results_run2/bs_128_seed0/config.yaml --model-name bs_128_seed0
