2026-05-15 18:47:58 [info     ] train_start                    arch=adsb device=cuda typecodes=['A320']
2026-05-15 18:47:58 [info     ] train_typecode                 typecode=A320
2026-05-15 18:47:58 [info     ] loading_data                   train_flights=1594 val_flights=247
2026-05-15 18:47:58 [warning  ] e1_column_missing              column=fdm_g_sin_gamma_ms2
2026-05-15 18:47:58 [warning  ] e1_column_missing              column=fdm_cos_gamma
2026-05-15 18:47:58 [warning  ] e1_column_missing              column=fdm_q_pa
2026-05-15 18:47:58 [warning  ] e1_column_missing              column=fdm_g_over_v
2026-05-15 18:47:58 [warning  ] e1_column_missing              column=fdm_lat_wind_ms
2026-05-15 18:47:58 [warning  ] e1_column_missing              column=fdm_drift_rad
2026-05-15 18:47:58 [warning  ] e1_column_missing              column=fdm_track_rad
2026-05-15 18:47:58 [warning  ] e1_column_missing              column=fdm_heading_diff_rad
2026-05-15 18:48:07 [warning  ] e1_column_missing              column=fdm_g_sin_gamma_ms2
2026-05-15 18:48:07 [warning  ] e1_column_missing              column=fdm_cos_gamma
2026-05-15 18:48:07 [warning  ] e1_column_missing              column=fdm_q_pa
2026-05-15 18:48:07 [warning  ] e1_column_missing              column=fdm_g_over_v
2026-05-15 18:48:07 [warning  ] e1_column_missing              column=fdm_lat_wind_ms
2026-05-15 18:48:07 [warning  ] e1_column_missing              column=fdm_drift_rad
2026-05-15 18:48:07 [warning  ] e1_column_missing              column=fdm_track_rad
2026-05-15 18:48:07 [warning  ] e1_column_missing              column=fdm_heading_diff_rad
2026-05-15 18:48:08 [info     ] data_loaded                    train_samples=23212 val_samples=3628
2026-05-15 18:48:28 [debug    ] meta_saved                     path=data/models/bs_128_seed0/meta.json
2026-05-15 18:48:28 [info     ] trainer_initialized            architecture=node_adsb_v1 device=cuda train_samples=23212 val_samples=3628
2026-05-15 18:48:28 [info     ] preloading_data_to_gpu
2026-05-15 18:48:28 [debug    ] epoch_start                    epoch=1 total_epochs=50
/data/common/dataiku/config/projects/NODEFDM/lib/python/.venv/lib/python3.12/site-packages/torch/_inductor/compile_fx.py:321: UserWarning: TensorFloat32 tensor cores for float32 matrix multiplication available but not enabled. Consider setting `torch.set_float32_matmul_precision('high')` for better performance.
  warnings.warn(
2026-05-15 18:48:55 [info     ] debug_magnitudes               norm_mean=['8568.283203', '-0.001322', '213.622833', '3.253931'] norm_std=['2269.236084', '0.038830', '32.838379', '1.246786'] ode_loss=0.840432
W0515 18:53:22.880000 408486 torch/_dynamo/convert_frame.py:1676] [0/8] torch._dynamo hit config.recompile_limit (8)
W0515 18:53:22.880000 408486 torch/_dynamo/convert_frame.py:1676] [0/8]    function: 'forward' (/data/common/dataiku/config/projects/NODEFDM/lib/python/packages/node-fdm/src/node_fdm/models/fdm.py:181)
W0515 18:53:22.880000 408486 torch/_dynamo/convert_frame.py:1676] [0/8]    last reason: 0/7: tensor 'self.history['raw_alt_m']' size mismatch at index 1. expected 1, actual 2
W0515 18:53:22.880000 408486 torch/_dynamo/convert_frame.py:1676] [0/8] To log all recompilation reasons, use TORCH_LOGS="recompiles".
W0515 18:53:22.880000 408486 torch/_dynamo/convert_frame.py:1676] [0/8] To diagnose recompilation issues, see https://pytorch.org/docs/main/compile/programming_model.recompilation.html
2026-05-15 18:53:24 [debug    ] meta_saved                     path=data/models/bs_128_seed0/meta.json
2026-05-15 18:53:24 [debug    ] model_saved                    epoch=1
2026-05-15 18:53:24 [info     ] epoch_complete                 epoch=1 is_best=True lr=0.000208 total_epochs=50 train_loss=0.268619 val_loss=0.108532
2026-05-15 18:53:24 [debug    ] epoch_start                    epoch=2 total_epochs=50
2026-05-15 18:56:26 [debug    ] meta_saved                     path=data/models/bs_128_seed0/meta.json
2026-05-15 18:56:26 [debug    ] model_saved                    epoch=2
2026-05-15 18:56:26 [info     ] epoch_complete                 epoch=2 is_best=True lr=0.00040600000000000087 total_epochs=50 train_loss=0.074855 val_loss=0.052745
2026-05-15 18:56:26 [debug    ] epoch_start                    epoch=3 total_epochs=50
2026-05-15 18:59:20 [debug    ] meta_saved                     path=data/models/bs_128_seed0/meta.json
2026-05-15 18:59:20 [debug    ] model_saved                    epoch=3
2026-05-15 18:59:20 [info     ] epoch_complete                 epoch=3 is_best=True lr=0.0006040000000000002 total_epochs=50 train_loss=0.048385 val_loss=0.038714
2026-05-15 18:59:20 [debug    ] epoch_start                    epoch=4 total_epochs=50
2026-05-15 19:02:14 [debug    ] meta_saved                     path=data/models/bs_128_seed0/meta.json
2026-05-15 19:02:14 [debug    ] model_saved                    epoch=4
2026-05-15 19:02:14 [info     ] epoch_complete                 epoch=4 is_best=True lr=0.0008020000000000004 total_epochs=50 train_loss=0.040244 val_loss=0.033998
2026-05-15 19:02:14 [debug    ] epoch_start                    epoch=5 total_epochs=50
2026-05-15 19:05:10 [debug    ] meta_saved                     path=data/models/bs_128_seed0/meta.json
2026-05-15 19:05:10 [debug    ] model_saved                    epoch=5
2026-05-15 19:05:10 [info     ] epoch_complete                 epoch=5 is_best=True lr=0.001 total_epochs=50 train_loss=0.037223 val_loss=0.032463
2026-05-15 19:05:10 [debug    ] epoch_start                    epoch=6 total_epochs=50
2026-05-15 19:08:06 [info     ] epoch_complete                 epoch=6 is_best=False lr=0.0009780000000000014 total_epochs=50 train_loss=0.079743 val_loss=0.116458
2026-05-15 19:08:06 [debug    ] epoch_start                    epoch=7 total_epochs=50
2026-05-15 19:11:05 [info     ] epoch_complete                 epoch=7 is_best=False lr=0.0009560000000000012 total_epochs=50 train_loss=0.091054 val_loss=0.061272
2026-05-15 19:11:05 [debug    ] epoch_start                    epoch=8 total_epochs=50
2026-05-15 19:14:05 [info     ] epoch_complete                 epoch=8 is_best=False lr=0.0009340000000000011 total_epochs=50 train_loss=0.058323 val_loss=0.053004
2026-05-15 19:14:05 [debug    ] epoch_start                    epoch=9 total_epochs=50
2026-05-15 19:17:03 [info     ] epoch_complete                 epoch=9 is_best=False lr=0.0009120000000000012 total_epochs=50 train_loss=0.054945 val_loss=0.062673
2026-05-15 19:17:03 [debug    ] epoch_start                    epoch=10 total_epochs=50
2026-05-15 19:20:00 [info     ] epoch_complete                 epoch=10 is_best=False lr=0.0008900000000000021 total_epochs=50 train_loss=0.057913 val_loss=0.040545
2026-05-15 19:20:00 [debug    ] epoch_start                    epoch=11 total_epochs=50
2026-05-15 19:22:57 [info     ] epoch_complete                 epoch=11 is_best=False lr=0.000868000000000003 total_epochs=50 train_loss=0.044466 val_loss=0.038756
2026-05-15 19:22:57 [debug    ] epoch_start                    epoch=12 total_epochs=50
2026-05-15 19:25:57 [info     ] epoch_complete                 epoch=12 is_best=False lr=0.0008460000000000041 total_epochs=50 train_loss=0.043002 val_loss=0.038121
2026-05-15 19:25:57 [debug    ] epoch_start                    epoch=13 total_epochs=50
2026-05-15 19:28:54 [info     ] epoch_complete                 epoch=13 is_best=False lr=0.0008240000000000053 total_epochs=50 train_loss=0.042047 val_loss=0.037171
2026-05-15 19:28:54 [debug    ] epoch_start                    epoch=14 total_epochs=50
2026-05-15 19:31:53 [info     ] epoch_complete                 epoch=14 is_best=False lr=0.0008020000000000067 total_epochs=50 train_loss=0.041114 val_loss=0.036606
2026-05-15 19:31:53 [debug    ] epoch_start                    epoch=15 total_epochs=50
2026-05-15 19:34:49 [info     ] epoch_complete                 epoch=15 is_best=False lr=0.0007800000000000081 total_epochs=50 train_loss=0.040272 val_loss=0.035697
2026-05-15 19:34:49 [debug    ] epoch_start                    epoch=16 total_epochs=50
2026-05-15 19:37:44 [info     ] epoch_complete                 epoch=16 is_best=False lr=0.0007580000000000095 total_epochs=50 train_loss=0.039343 val_loss=0.035008
2026-05-15 19:37:45 [debug    ] epoch_start                    epoch=17 total_epochs=50
2026-05-15 19:40:42 [info     ] epoch_complete                 epoch=17 is_best=False lr=0.000736000000000011 total_epochs=50 train_loss=0.038471 val_loss=0.034021
2026-05-15 19:40:42 [debug    ] epoch_start                    epoch=18 total_epochs=50
2026-05-15 19:43:43 [info     ] epoch_complete                 epoch=18 is_best=False lr=0.0007140000000000124 total_epochs=50 train_loss=0.037971 val_loss=0.033853
2026-05-15 19:43:43 [debug    ] epoch_start                    epoch=19 total_epochs=50
2026-05-15 19:46:40 [info     ] epoch_complete                 epoch=19 is_best=False lr=0.0006920000000000138 total_epochs=50 train_loss=0.037309 val_loss=0.033327
2026-05-15 19:46:40 [debug    ] epoch_start                    epoch=20 total_epochs=50
2026-05-15 19:49:37 [info     ] epoch_complete                 epoch=20 is_best=False lr=0.0006700000000000152 total_epochs=50 train_loss=0.036618 val_loss=0.032942
2026-05-15 19:49:37 [debug    ] epoch_start                    epoch=21 total_epochs=50
2026-05-15 19:52:35 [debug    ] meta_saved                     path=data/models/bs_128_seed0/meta.json
2026-05-15 19:52:35 [debug    ] model_saved                    epoch=21
2026-05-15 19:52:35 [info     ] epoch_complete                 epoch=21 is_best=True lr=0.0006480000000000166 total_epochs=50 train_loss=0.036504 val_loss=0.032357
2026-05-15 19:52:35 [debug    ] epoch_start                    epoch=22 total_epochs=50
2026-05-15 19:55:34 [info     ] epoch_complete                 epoch=22 is_best=False lr=0.000626000000000018 total_epochs=50 train_loss=0.040323 val_loss=0.034519
2026-05-15 19:55:34 [debug    ] epoch_start                    epoch=23 total_epochs=50
2026-05-15 19:58:28 [info     ] epoch_complete                 epoch=23 is_best=False lr=0.0006040000000000195 total_epochs=50 train_loss=0.037159 val_loss=0.032692
2026-05-15 19:58:28 [debug    ] epoch_start                    epoch=24 total_epochs=50
2026-05-15 20:01:26 [info     ] epoch_complete                 epoch=24 is_best=False lr=0.0005820000000000209 total_epochs=50 train_loss=0.036822 val_loss=0.054591
2026-05-15 20:01:26 [debug    ] epoch_start                    epoch=25 total_epochs=50
2026-05-15 20:04:27 [info     ] epoch_complete                 epoch=25 is_best=False lr=0.0005600000000000223 total_epochs=50 train_loss=0.040914 val_loss=0.032917
2026-05-15 20:04:27 [debug    ] epoch_start                    epoch=26 total_epochs=50
2026-05-15 20:07:25 [debug    ] meta_saved                     path=data/models/bs_128_seed0/meta.json
2026-05-15 20:07:25 [debug    ] model_saved                    epoch=26
2026-05-15 20:07:25 [info     ] epoch_complete                 epoch=26 is_best=True lr=0.0005380000000000237 total_epochs=50 train_loss=0.036212 val_loss=0.032177
2026-05-15 20:07:25 [debug    ] epoch_start                    epoch=27 total_epochs=50
2026-05-15 20:10:23 [debug    ] meta_saved                     path=data/models/bs_128_seed0/meta.json
2026-05-15 20:10:23 [debug    ] model_saved                    epoch=27
2026-05-15 20:10:23 [info     ] epoch_complete                 epoch=27 is_best=True lr=0.0005160000000000251 total_epochs=50 train_loss=0.035321 val_loss=0.031589
2026-05-15 20:10:23 [debug    ] epoch_start                    epoch=28 total_epochs=50
2026-05-15 20:13:21 [debug    ] meta_saved                     path=data/models/bs_128_seed0/meta.json
2026-05-15 20:13:21 [debug    ] model_saved                    epoch=28
2026-05-15 20:13:21 [info     ] epoch_complete                 epoch=28 is_best=True lr=0.0004940000000000265 total_epochs=50 train_loss=0.034786 val_loss=0.031169
2026-05-15 20:13:21 [debug    ] epoch_start                    epoch=29 total_epochs=50
2026-05-15 20:16:20 [debug    ] meta_saved                     path=data/models/bs_128_seed0/meta.json
2026-05-15 20:16:20 [debug    ] model_saved                    epoch=29
2026-05-15 20:16:20 [info     ] epoch_complete                 epoch=29 is_best=True lr=0.00047200000000002616 total_epochs=50 train_loss=0.034324 val_loss=0.031049
2026-05-15 20:16:20 [debug    ] epoch_start                    epoch=30 total_epochs=50
2026-05-15 20:19:21 [debug    ] meta_saved                     path=data/models/bs_128_seed0/meta.json
2026-05-15 20:19:21 [debug    ] model_saved                    epoch=30
2026-05-15 20:19:21 [info     ] epoch_complete                 epoch=30 is_best=True lr=0.00045000000000002476 total_epochs=50 train_loss=0.033877 val_loss=0.030841
2026-05-15 20:19:21 [debug    ] epoch_start                    epoch=31 total_epochs=50
2026-05-15 20:22:17 [debug    ] meta_saved                     path=data/models/bs_128_seed0/meta.json
2026-05-15 20:22:17 [debug    ] model_saved                    epoch=31
2026-05-15 20:22:17 [info     ] epoch_complete                 epoch=31 is_best=True lr=0.0004280000000000241 total_epochs=50 train_loss=0.033568 val_loss=0.030201
2026-05-15 20:22:17 [debug    ] epoch_start                    epoch=32 total_epochs=50
2026-05-15 20:25:16 [info     ] epoch_complete                 epoch=32 is_best=False lr=0.0004060000000000233 total_epochs=50 train_loss=0.03366 val_loss=0.03077
2026-05-15 20:25:16 [debug    ] epoch_start                    epoch=33 total_epochs=50
2026-05-15 20:28:17 [debug    ] meta_saved                     path=data/models/bs_128_seed0/meta.json
2026-05-15 20:28:17 [debug    ] model_saved                    epoch=33
2026-05-15 20:28:17 [info     ] epoch_complete                 epoch=33 is_best=True lr=0.0003840000000000225 total_epochs=50 train_loss=0.032933 val_loss=0.029758
2026-05-15 20:28:17 [debug    ] epoch_start                    epoch=34 total_epochs=50
2026-05-15 20:31:15 [debug    ] meta_saved                     path=data/models/bs_128_seed0/meta.json
2026-05-15 20:31:15 [debug    ] model_saved                    epoch=34
2026-05-15 20:31:15 [info     ] epoch_complete                 epoch=34 is_best=True lr=0.0003620000000000219 total_epochs=50 train_loss=0.032659 val_loss=0.029727
2026-05-15 20:31:15 [debug    ] epoch_start                    epoch=35 total_epochs=50
2026-05-15 20:34:14 [debug    ] meta_saved                     path=data/models/bs_128_seed0/meta.json
2026-05-15 20:34:14 [debug    ] model_saved                    epoch=35
2026-05-15 20:34:14 [info     ] epoch_complete                 epoch=35 is_best=True lr=0.00034000000000002106 total_epochs=50 train_loss=0.032434 val_loss=0.029631
2026-05-15 20:34:14 [debug    ] epoch_start                    epoch=36 total_epochs=50
2026-05-15 20:37:13 [debug    ] meta_saved                     path=data/models/bs_128_seed0/meta.json
2026-05-15 20:37:13 [debug    ] model_saved                    epoch=36
2026-05-15 20:37:13 [info     ] epoch_complete                 epoch=36 is_best=True lr=0.0003180000000000207 total_epochs=50 train_loss=0.032247 val_loss=0.02958
2026-05-15 20:37:13 [debug    ] epoch_start                    epoch=37 total_epochs=50
2026-05-15 20:40:09 [info     ] epoch_complete                 epoch=37 is_best=False lr=0.0002960000000000202 total_epochs=50 train_loss=0.032177 val_loss=0.029744
2026-05-15 20:40:09 [debug    ] epoch_start                    epoch=38 total_epochs=50
2026-05-15 20:43:06 [debug    ] meta_saved                     path=data/models/bs_128_seed0/meta.json
2026-05-15 20:43:06 [debug    ] model_saved                    epoch=38
2026-05-15 20:43:06 [info     ] epoch_complete                 epoch=38 is_best=True lr=0.0002740000000000199 total_epochs=50 train_loss=0.031956 val_loss=0.029227
2026-05-15 20:43:06 [debug    ] epoch_start                    epoch=39 total_epochs=50
2026-05-15 20:46:04 [info     ] epoch_complete                 epoch=39 is_best=False lr=0.0002520000000000196 total_epochs=50 train_loss=0.031867 val_loss=0.029421
2026-05-15 20:46:04 [debug    ] epoch_start                    epoch=40 total_epochs=50
2026-05-15 20:49:03 [info     ] epoch_complete                 epoch=40 is_best=False lr=0.00023000000000001863 total_epochs=50 train_loss=0.033379 val_loss=0.02926
2026-05-15 20:49:03 [debug    ] epoch_start                    epoch=41 total_epochs=50
2026-05-15 20:51:58 [debug    ] meta_saved                     path=data/models/bs_128_seed0/meta.json
2026-05-15 20:51:58 [debug    ] model_saved                    epoch=41
2026-05-15 20:51:58 [info     ] epoch_complete                 epoch=41 is_best=True lr=0.00020800000000001674 total_epochs=50 train_loss=0.031706 val_loss=0.029169
2026-05-15 20:51:58 [debug    ] epoch_start                    epoch=42 total_epochs=50
2026-05-15 20:54:54 [info     ] epoch_complete                 epoch=42 is_best=False lr=0.00018600000000001458 total_epochs=50 train_loss=0.031765 val_loss=0.029208
2026-05-15 20:54:54 [debug    ] epoch_start                    epoch=43 total_epochs=50
2026-05-15 20:57:48 [debug    ] meta_saved                     path=data/models/bs_128_seed0/meta.json
2026-05-15 20:57:48 [debug    ] model_saved                    epoch=43
2026-05-15 20:57:48 [info     ] epoch_complete                 epoch=43 is_best=True lr=0.00016400000000001252 total_epochs=50 train_loss=0.031697 val_loss=0.029153
2026-05-15 20:57:48 [debug    ] epoch_start                    epoch=44 total_epochs=50
2026-05-15 21:00:42 [debug    ] meta_saved                     path=data/models/bs_128_seed0/meta.json
2026-05-15 21:00:42 [debug    ] model_saved                    epoch=44
2026-05-15 21:00:42 [info     ] epoch_complete                 epoch=44 is_best=True lr=0.00014200000000001072 total_epochs=50 train_loss=0.031479 val_loss=0.028975
2026-05-15 21:00:42 [debug    ] epoch_start                    epoch=45 total_epochs=50
2026-05-15 21:03:37 [info     ] epoch_complete                 epoch=45 is_best=False lr=0.00012000000000000884 total_epochs=50 train_loss=0.03215 val_loss=0.03035
2026-05-15 21:03:37 [debug    ] epoch_start                    epoch=46 total_epochs=50
2026-05-15 21:06:31 [debug    ] meta_saved                     path=data/models/bs_128_seed0/meta.json
2026-05-15 21:06:31 [debug    ] model_saved                    epoch=46
2026-05-15 21:06:31 [info     ] epoch_complete                 epoch=46 is_best=True lr=9.800000000000718e-05 total_epochs=50 train_loss=0.031577 val_loss=0.02895
2026-05-15 21:06:31 [debug    ] epoch_start                    epoch=47 total_epochs=50
2026-05-15 21:09:25 [debug    ] meta_saved                     path=data/models/bs_128_seed0/meta.json
2026-05-15 21:09:25 [debug    ] model_saved                    epoch=47
2026-05-15 21:09:25 [info     ] epoch_complete                 epoch=47 is_best=True lr=7.60000000000058e-05 total_epochs=50 train_loss=0.031364 val_loss=0.028901
2026-05-15 21:09:25 [debug    ] epoch_start                    epoch=48 total_epochs=50
2026-05-15 21:12:19 [info     ] epoch_complete                 epoch=48 is_best=False lr=5.400000000000429e-05 total_epochs=50 train_loss=0.031201 val_loss=0.028961
2026-05-15 21:12:19 [debug    ] epoch_start                    epoch=49 total_epochs=50
2026-05-15 21:15:14 [info     ] epoch_complete                 epoch=49 is_best=False lr=3.200000000000247e-05 total_epochs=50 train_loss=0.031185 val_loss=0.028908
2026-05-15 21:15:14 [debug    ] epoch_start                    epoch=50 total_epochs=50
2026-05-15 21:18:08 [debug    ] meta_saved                     path=data/models/bs_128_seed0/meta.json
2026-05-15 21:18:08 [debug    ] model_saved                    epoch=50
2026-05-15 21:18:08 [info     ] epoch_complete                 epoch=50 is_best=True lr=1.000000000000079e-05 total_epochs=50 train_loss=0.031107 val_loss=0.028818
2026-05-15 21:18:08 [info     ] training_log_saved             path=data/models/bs_128_seed0/training_losses.csv
2026-05-15 21:18:08 [info     ] training_complete              best_val_loss=0.028818
2026-05-15 21:18:08 [info     ] train_typecode_done            typecode=A320
2026-05-15 21:18:08 [info     ] train_done                     typecodes=['A320']

$ uv run fdm train --arch adsb --config results_run2/bs_128_seed0/config.yaml --model-name bs_128_seed0 --epochs 50 --batch-size 128 --lr 0.001 --method rk4 --seq-len 60 --train-limit 5000 --activation relu --seed 0 --backbone-depth 3 --head-depth 2 --hidden-width 48 --device cuda --no-use-mode-weights
