2026-05-13 11:33:12 [info     ] evaluate_start                 arch=adsb typecodes=['A320']
2026-05-13 11:33:12 [info     ] evaluate_typecode              flights=542 typecode=A320
2026-05-13 11:33:25 [info     ] evaluate_done                  output=data/model_performance/epochs_100_seed2/performance.parquet rows=16
shape: (16, 11)
┌──────────┬─────────────────────────┬──────────────┬───────┬─────────┬──────────┬──────────┬──────────┬─────────┬──────────┬────────┐
│ Aircraft ┆ Variable                ┆ Phase        ┆ Model ┆ MAE     ┆ MAE_std  ┆ MAPE (%) ┆ MAPE_std ┆ ME      ┆ ME_std   ┆ Count  │
│ ---      ┆ ---                     ┆ ---          ┆ ---   ┆ ---     ┆ ---      ┆ ---      ┆ ---      ┆ ---     ┆ ---      ┆ ---    │
│ str      ┆ str                     ┆ str          ┆ str   ┆ f64     ┆ f64      ┆ f64      ┆ f64      ┆ f64     ┆ f64      ┆ i64    │
╞══════════╪═════════════════════════╪══════════════╪═══════╪═════════╪══════════╪══════════╪══════════╪═════════╪══════════╪════════╡
│ A320     ┆ Altitude [m]            ┆ All phases   ┆ PRED  ┆ 363.361 ┆ 638.661  ┆ 7.021    ┆ 20.451   ┆ 84.251  ┆ 729.946  ┆ 478843 │
│ A320     ┆ Altitude [m]            ┆ Climb        ┆ PRED  ┆ 899.906 ┆ 1150.352 ┆ 19.924   ┆ 40.476   ┆ 653.707 ┆ 1306.066 ┆ 90018  │
│ A320     ┆ Altitude [m]            ┆ Level flight ┆ PRED  ┆ 178.495 ┆ 232.538  ┆ 2.063    ┆ 6.363    ┆ -43.120 ┆ 289.957  ┆ 296839 │
│ A320     ┆ Altitude [m]            ┆ Descent      ┆ PRED  ┆ 434.859 ┆ 506.644  ┆ 10.395   ┆ 13.773   ┆ -61.994 ┆ 664.791  ┆ 91986  │
│ A320     ┆ Flight path angle [deg] ┆ All phases   ┆ PRED  ┆ 0.310   ┆ 0.625    ┆ NaN      ┆ NaN      ┆ -0.071  ┆ 0.694    ┆ 478843 │
│ A320     ┆ Flight path angle [deg] ┆ Climb        ┆ PRED  ┆ 0.768   ┆ 0.958    ┆ NaN      ┆ NaN      ┆ -0.471  ┆ 1.134    ┆ 90018  │
│ A320     ┆ Flight path angle [deg] ┆ Level flight ┆ PRED  ┆ 0.087   ┆ 0.265    ┆ NaN      ┆ NaN      ┆ -0.012  ┆ 0.278    ┆ 296839 │
│ A320     ┆ Flight path angle [deg] ┆ Descent      ┆ PRED  ┆ 0.581   ┆ 0.684    ┆ NaN      ┆ NaN      ┆ 0.129   ┆ 0.889    ┆ 91986  │
│ A320     ┆ Heading [deg]           ┆ All phases   ┆ PRED  ┆ 2.159   ┆ 7.047    ┆ NaN      ┆ NaN      ┆ 0.319   ┆ 7.363    ┆ 478843 │
│ A320     ┆ Heading [deg]           ┆ Climb        ┆ PRED  ┆ 2.574   ┆ 7.228    ┆ NaN      ┆ NaN      ┆ 0.298   ┆ 7.666    ┆ 90018  │
│ A320     ┆ Heading [deg]           ┆ Level flight ┆ PRED  ┆ 1.822   ┆ 6.590    ┆ NaN      ┆ NaN      ┆ 0.264   ┆ 6.832    ┆ 296839 │
│ A320     ┆ Heading [deg]           ┆ Descent      ┆ PRED  ┆ 2.839   ┆ 8.140    ┆ NaN      ┆ NaN      ┆ 0.521   ┆ 8.605    ┆ 91986  │
│ A320     ┆ True airspeed [m/s]     ┆ All phases   ┆ PRED  ┆ 3.099   ┆ 7.574    ┆ 1.767    ┆ 5.834    ┆ 0.421   ┆ 8.173    ┆ 478843 │
│ A320     ┆ True airspeed [m/s]     ┆ Climb        ┆ PRED  ┆ 6.050   ┆ 13.402   ┆ 3.785    ┆ 10.287   ┆ 3.457   ┆ 14.292   ┆ 90018  │
│ A320     ┆ True airspeed [m/s]     ┆ Level flight ┆ PRED  ┆ 1.855   ┆ 4.206    ┆ 0.925    ┆ 3.925    ┆ -0.012  ┆ 4.597    ┆ 296839 │
│ A320     ┆ True airspeed [m/s]     ┆ Descent      ┆ PRED  ┆ 4.224   ┆ 7.142    ┆ 2.510    ┆ 4.132    ┆ -1.152  ┆ 8.217    ┆ 91986  │
└──────────┴─────────────────────────┴──────────────┴───────┴─────────┴──────────┴──────────┴──────────┴─────────┴──────────┴────────┘

$ uv run fdm evaluate --arch adsb --config results/epochs_100_seed2/config.yaml --model-name epochs_100_seed2
