2026-05-18 08:35:00 [info     ] evaluate_start                 arch=adsb typecodes=['A320']
2026-05-18 08:35:00 [info     ] evaluate_typecode              flights=542 typecode=A320
2026-05-18 08:35:14 [info     ] evaluate_done                  output=data/model_performance/baseline_seed0/performance.parquet rows=16
shape: (16, 11)
┌──────────┬─────────────────────────┬──────────────┬───────┬─────────┬──────────┬──────────┬──────────┬─────────┬──────────┬────────┐
│ Aircraft ┆ Variable                ┆ Phase        ┆ Model ┆ MAE     ┆ MAE_std  ┆ MAPE (%) ┆ MAPE_std ┆ ME      ┆ ME_std   ┆ Count  │
│ ---      ┆ ---                     ┆ ---          ┆ ---   ┆ ---     ┆ ---      ┆ ---      ┆ ---      ┆ ---     ┆ ---      ┆ ---    │
│ str      ┆ str                     ┆ str          ┆ str   ┆ f64     ┆ f64      ┆ f64      ┆ f64      ┆ f64     ┆ f64      ┆ i64    │
╞══════════╪═════════════════════════╪══════════════╪═══════╪═════════╪══════════╪══════════╪══════════╪═════════╪══════════╪════════╡
│ A320     ┆ Altitude [m]            ┆ All phases   ┆ PRED  ┆ 252.198 ┆ 616.889  ┆ 5.556    ┆ 19.502   ┆ 129.817 ┆ 653.685  ┆ 478843 │
│ A320     ┆ Altitude [m]            ┆ Climb        ┆ PRED  ┆ 816.023 ┆ 1100.295 ┆ 18.355   ┆ 38.240   ┆ 641.494 ┆ 1210.383 ┆ 90018  │
│ A320     ┆ Altitude [m]            ┆ Level flight ┆ PRED  ┆ 56.559  ┆ 184.270  ┆ 0.771    ┆ 5.485    ┆ -10.601 ┆ 192.463  ┆ 296839 │
│ A320     ┆ Altitude [m]            ┆ Descent      ┆ PRED  ┆ 331.763 ┆ 495.728  ┆ 8.472    ┆ 14.457   ┆ 82.219  ┆ 590.806  ┆ 91986  │
│ A320     ┆ Flight path angle [deg] ┆ All phases   ┆ PRED  ┆ 0.279   ┆ 0.620    ┆ NaN      ┆ NaN      ┆ -0.062  ┆ 0.677    ┆ 478843 │
│ A320     ┆ Flight path angle [deg] ┆ Climb        ┆ PRED  ┆ 0.721   ┆ 0.987    ┆ NaN      ┆ NaN      ┆ -0.427  ┆ 1.146    ┆ 90018  │
│ A320     ┆ Flight path angle [deg] ┆ Level flight ┆ PRED  ┆ 0.074   ┆ 0.252    ┆ NaN      ┆ NaN      ┆ -0.009  ┆ 0.263    ┆ 296839 │
│ A320     ┆ Flight path angle [deg] ┆ Descent      ┆ PRED  ┆ 0.510   ┆ 0.681    ┆ NaN      ┆ NaN      ┆ 0.124   ┆ 0.842    ┆ 91986  │
│ A320     ┆ Heading [deg]           ┆ All phases   ┆ PRED  ┆ 1.460   ┆ 7.465    ┆ NaN      ┆ NaN      ┆ -0.135  ┆ 7.605    ┆ 478843 │
│ A320     ┆ Heading [deg]           ┆ Climb        ┆ PRED  ┆ 2.276   ┆ 10.239   ┆ NaN      ┆ NaN      ┆ -0.120  ┆ 10.488   ┆ 90018  │
│ A320     ┆ Heading [deg]           ┆ Level flight ┆ PRED  ┆ 1.017   ┆ 5.848    ┆ NaN      ┆ NaN      ┆ -0.174  ┆ 5.933    ┆ 296839 │
│ A320     ┆ Heading [deg]           ┆ Descent      ┆ PRED  ┆ 2.092   ┆ 8.686    ┆ NaN      ┆ NaN      ┆ -0.022  ┆ 8.934    ┆ 91986  │
│ A320     ┆ True airspeed [m/s]     ┆ All phases   ┆ PRED  ┆ 3.312   ┆ 8.191    ┆ 1.854    ┆ 6.270    ┆ 1.124   ┆ 8.764    ┆ 478843 │
│ A320     ┆ True airspeed [m/s]     ┆ Climb        ┆ PRED  ┆ 6.142   ┆ 15.203   ┆ 3.868    ┆ 11.582   ┆ 3.963   ┆ 15.910   ┆ 90018  │
│ A320     ┆ True airspeed [m/s]     ┆ Level flight ┆ PRED  ┆ 2.270   ┆ 4.433    ┆ 1.099    ┆ 3.973    ┆ 0.738   ┆ 4.925    ┆ 296839 │
│ A320     ┆ True airspeed [m/s]     ┆ Descent      ┆ PRED  ┆ 3.905   ┆ 6.927    ┆ 2.320    ┆ 4.052    ┆ -0.409  ┆ 7.942    ┆ 91986  │
└──────────┴─────────────────────────┴──────────────┴───────┴─────────┴──────────┴──────────┴──────────┴─────────┴──────────┴────────┘

$ uv run fdm evaluate --arch adsb --config results_run3/baseline_seed0/config.yaml --model-name baseline_seed0
