2026-05-17 21:09:39 [info     ] train_start                    arch=adsb device=cuda typecodes=['A320']
2026-05-17 21:09:39 [info     ] train_typecode                 typecode=A320
2026-05-17 21:09:40 [info     ] loading_data                   train_flights=1594 val_flights=247
2026-05-17 21:09:40 [warning  ] e1_column_missing              column=fdm_g_sin_gamma_ms2
2026-05-17 21:09:40 [warning  ] e1_column_missing              column=fdm_cos_gamma
2026-05-17 21:09:40 [warning  ] e1_column_missing              column=fdm_q_pa
2026-05-17 21:09:40 [warning  ] e1_column_missing              column=fdm_g_over_v
2026-05-17 21:09:40 [warning  ] e1_column_missing              column=fdm_lat_wind_ms
2026-05-17 21:09:40 [warning  ] e1_column_missing              column=fdm_drift_rad
2026-05-17 21:09:40 [warning  ] e1_column_missing              column=fdm_track_rad
2026-05-17 21:09:40 [warning  ] e1_column_missing              column=fdm_heading_diff_rad
2026-05-17 21:09:54 [warning  ] e1_column_missing              column=fdm_g_sin_gamma_ms2
2026-05-17 21:09:54 [warning  ] e1_column_missing              column=fdm_cos_gamma
2026-05-17 21:09:54 [warning  ] e1_column_missing              column=fdm_q_pa
2026-05-17 21:09:54 [warning  ] e1_column_missing              column=fdm_g_over_v
2026-05-17 21:09:54 [warning  ] e1_column_missing              column=fdm_lat_wind_ms
2026-05-17 21:09:54 [warning  ] e1_column_missing              column=fdm_drift_rad
2026-05-17 21:09:54 [warning  ] e1_column_missing              column=fdm_track_rad
2026-05-17 21:09:54 [warning  ] e1_column_missing              column=fdm_heading_diff_rad
2026-05-17 21:09:55 [info     ] data_loaded                    train_samples=48117 val_samples=7518
2026-05-17 21:10:16 [debug    ] meta_saved                     path=data/models/baseline_seed0/meta.json
2026-05-17 21:10:16 [info     ] trainer_initialized            architecture=node_adsb_v1 device=cuda train_samples=48117 val_samples=7518
2026-05-17 21:10:16 [info     ] preloading_data_to_gpu
2026-05-17 21:10:16 [debug    ] epoch_start                    epoch=1 total_epochs=50
/data/common/dataiku/config/projects/NODEFDM/lib/python/.venv/lib/python3.12/site-packages/torch/_inductor/compile_fx.py:321: UserWarning: TensorFloat32 tensor cores for float32 matrix multiplication available but not enabled. Consider setting `torch.set_float32_matmul_precision('high')` for better performance.
  warnings.warn(
2026-05-17 21:10:37 [info     ] debug_magnitudes               norm_mean=['8427.359375', '-0.000899', '211.646118', '3.252943'] norm_std=['2287.523926', '0.040447', '34.116577', '1.247240'] ode_loss=0.509654
2026-05-17 21:10:54 [warning  ] nan_or_inf_loss                loss=nan
W0517 21:22:44.727000 727538 torch/_dynamo/convert_frame.py:1676] [0/8] torch._dynamo hit config.recompile_limit (8)
W0517 21:22:44.727000 727538 torch/_dynamo/convert_frame.py:1676] [0/8]    function: 'forward' (/data/common/dataiku/config/projects/NODEFDM/lib/python/packages/node-fdm/src/node_fdm/models/fdm.py:181)
W0517 21:22:44.727000 727538 torch/_dynamo/convert_frame.py:1676] [0/8]    last reason: 0/7: tensor 'self.history['raw_alt_m']' size mismatch at index 1. expected 1, actual 2
W0517 21:22:44.727000 727538 torch/_dynamo/convert_frame.py:1676] [0/8] To log all recompilation reasons, use TORCH_LOGS="recompiles".
W0517 21:22:44.727000 727538 torch/_dynamo/convert_frame.py:1676] [0/8] To diagnose recompilation issues, see https://pytorch.org/docs/main/compile/programming_model.recompilation.html
2026-05-17 21:22:45 [debug    ] meta_saved                     path=data/models/baseline_seed0/meta.json
2026-05-17 21:22:45 [debug    ] model_saved                    epoch=1
2026-05-17 21:22:45 [info     ] epoch_complete                 epoch=1 is_best=True lr=0.00020800000000000077 total_epochs=50 train_loss=nan val_loss=0.033544
2026-05-17 21:22:45 [debug    ] epoch_start                    epoch=2 total_epochs=50
2026-05-17 21:26:41 [warning  ] nan_or_inf_loss                loss=nan
2026-05-17 21:33:58 [debug    ] meta_saved                     path=data/models/baseline_seed0/meta.json
2026-05-17 21:33:58 [debug    ] model_saved                    epoch=2
2026-05-17 21:33:58 [info     ] epoch_complete                 epoch=2 is_best=True lr=0.00040600000000000174 total_epochs=50 train_loss=nan val_loss=0.027235
2026-05-17 21:33:58 [debug    ] epoch_start                    epoch=3 total_epochs=50
2026-05-17 21:37:14 [warning  ] nan_or_inf_loss                loss=nan
2026-05-17 21:45:08 [debug    ] meta_saved                     path=data/models/baseline_seed0/meta.json
2026-05-17 21:45:08 [debug    ] model_saved                    epoch=3
2026-05-17 21:45:08 [info     ] epoch_complete                 epoch=3 is_best=True lr=0.0006040000000000034 total_epochs=50 train_loss=nan val_loss=0.026588
2026-05-17 21:45:08 [debug    ] epoch_start                    epoch=4 total_epochs=50
2026-05-17 21:55:50 [warning  ] nan_or_inf_loss                loss=nan
2026-05-17 21:56:14 [debug    ] meta_saved                     path=data/models/baseline_seed0/meta.json
2026-05-17 21:56:14 [debug    ] model_saved                    epoch=4
2026-05-17 21:56:14 [info     ] epoch_complete                 epoch=4 is_best=True lr=0.0008020000000000034 total_epochs=50 train_loss=nan val_loss=0.025996
2026-05-17 21:56:14 [debug    ] epoch_start                    epoch=5 total_epochs=50
2026-05-17 21:56:40 [warning  ] nan_or_inf_loss                loss=nan
2026-05-17 22:07:30 [debug    ] meta_saved                     path=data/models/baseline_seed0/meta.json
2026-05-17 22:07:30 [debug    ] model_saved                    epoch=5
2026-05-17 22:07:30 [info     ] epoch_complete                 epoch=5 is_best=True lr=0.001 total_epochs=50 train_loss=nan val_loss=0.025549
2026-05-17 22:07:30 [debug    ] epoch_start                    epoch=6 total_epochs=50
2026-05-17 22:16:42 [warning  ] nan_or_inf_loss                loss=nan
2026-05-17 22:18:44 [debug    ] meta_saved                     path=data/models/baseline_seed0/meta.json
2026-05-17 22:18:44 [debug    ] model_saved                    epoch=6
2026-05-17 22:18:44 [info     ] epoch_complete                 epoch=6 is_best=True lr=0.0009779999999999641 total_epochs=50 train_loss=nan val_loss=0.025524
2026-05-17 22:18:44 [debug    ] epoch_start                    epoch=7 total_epochs=50
2026-05-17 22:24:53 [warning  ] nan_or_inf_loss                loss=nan
2026-05-17 22:29:59 [debug    ] meta_saved                     path=data/models/baseline_seed0/meta.json
2026-05-17 22:29:59 [debug    ] model_saved                    epoch=7
2026-05-17 22:29:59 [info     ] epoch_complete                 epoch=7 is_best=True lr=0.000955999999999966 total_epochs=50 train_loss=nan val_loss=0.025272
2026-05-17 22:29:59 [debug    ] epoch_start                    epoch=8 total_epochs=50
2026-05-17 22:37:52 [warning  ] nan_or_inf_loss                loss=nan
2026-05-17 22:41:16 [debug    ] meta_saved                     path=data/models/baseline_seed0/meta.json
2026-05-17 22:41:16 [debug    ] model_saved                    epoch=8
2026-05-17 22:41:16 [info     ] epoch_complete                 epoch=8 is_best=True lr=0.0009339999999999676 total_epochs=50 train_loss=nan val_loss=0.02507
2026-05-17 22:41:16 [debug    ] epoch_start                    epoch=9 total_epochs=50
2026-05-17 22:46:12 [warning  ] nan_or_inf_loss                loss=nan
2026-05-17 22:52:35 [debug    ] meta_saved                     path=data/models/baseline_seed0/meta.json
2026-05-17 22:52:35 [debug    ] model_saved                    epoch=9
2026-05-17 22:52:35 [info     ] epoch_complete                 epoch=9 is_best=True lr=0.0009119999999999646 total_epochs=50 train_loss=nan val_loss=0.024154
2026-05-17 22:52:35 [debug    ] epoch_start                    epoch=10 total_epochs=50
2026-05-17 22:54:16 [warning  ] nan_or_inf_loss                loss=nan
2026-05-17 23:03:51 [debug    ] meta_saved                     path=data/models/baseline_seed0/meta.json
2026-05-17 23:03:51 [debug    ] model_saved                    epoch=10
2026-05-17 23:03:51 [info     ] epoch_complete                 epoch=10 is_best=True lr=0.0008899999999999641 total_epochs=50 train_loss=nan val_loss=0.023807
2026-05-17 23:03:51 [debug    ] epoch_start                    epoch=11 total_epochs=50
2026-05-17 23:05:50 [warning  ] nan_or_inf_loss                loss=nan
2026-05-17 23:15:03 [info     ] epoch_complete                 epoch=11 is_best=False lr=0.0008679999999999602 total_epochs=50 train_loss=nan val_loss=0.024054
2026-05-17 23:15:03 [debug    ] epoch_start                    epoch=12 total_epochs=50
2026-05-17 23:16:57 [warning  ] nan_or_inf_loss                loss=nan
2026-05-17 23:26:12 [debug    ] meta_saved                     path=data/models/baseline_seed0/meta.json
2026-05-17 23:26:12 [debug    ] model_saved                    epoch=12
2026-05-17 23:26:12 [info     ] epoch_complete                 epoch=12 is_best=True lr=0.0008459999999999557 total_epochs=50 train_loss=nan val_loss=0.023676
2026-05-17 23:26:12 [debug    ] epoch_start                    epoch=13 total_epochs=50
2026-05-17 23:29:39 [warning  ] nan_or_inf_loss                loss=nan
2026-05-17 23:37:19 [info     ] epoch_complete                 epoch=13 is_best=False lr=0.0008239999999999501 total_epochs=50 train_loss=nan val_loss=0.024301
2026-05-17 23:37:19 [debug    ] epoch_start                    epoch=14 total_epochs=50
2026-05-17 23:39:18 [warning  ] nan_or_inf_loss                loss=nan
2026-05-17 23:48:31 [info     ] epoch_complete                 epoch=14 is_best=False lr=0.0008019999999999432 total_epochs=50 train_loss=nan val_loss=0.023848
2026-05-17 23:48:31 [debug    ] epoch_start                    epoch=15 total_epochs=50
2026-05-17 23:58:25 [warning  ] nan_or_inf_loss                loss=nan
2026-05-17 23:59:37 [debug    ] meta_saved                     path=data/models/baseline_seed0/meta.json
2026-05-17 23:59:37 [debug    ] model_saved                    epoch=15
2026-05-17 23:59:37 [info     ] epoch_complete                 epoch=15 is_best=True lr=0.0007799999999999348 total_epochs=50 train_loss=nan val_loss=0.02315
2026-05-17 23:59:37 [debug    ] epoch_start                    epoch=16 total_epochs=50
2026-05-18 00:00:34 [warning  ] nan_or_inf_loss                loss=nan
2026-05-18 00:10:42 [info     ] epoch_complete                 epoch=16 is_best=False lr=0.0007579999999999236 total_epochs=50 train_loss=nan val_loss=0.023563
2026-05-18 00:10:42 [debug    ] epoch_start                    epoch=17 total_epochs=50
2026-05-18 00:17:42 [warning  ] nan_or_inf_loss                loss=nan
2026-05-18 00:21:47 [info     ] epoch_complete                 epoch=17 is_best=False lr=0.0007359999999999133 total_epochs=50 train_loss=nan val_loss=0.024122
2026-05-18 00:21:47 [debug    ] epoch_start                    epoch=18 total_epochs=50
2026-05-18 00:33:49 [warning  ] nan_or_inf_loss                loss=nan
2026-05-18 00:34:10 [info     ] epoch_complete                 epoch=18 is_best=False lr=0.0007139999999999008 total_epochs=50 train_loss=nan val_loss=0.02325
2026-05-18 00:34:10 [debug    ] epoch_start                    epoch=19 total_epochs=50
2026-05-18 00:49:39 [warning  ] nan_or_inf_loss                loss=nan
2026-05-18 00:52:41 [info     ] epoch_complete                 epoch=19 is_best=False lr=0.0006919999999998854 total_epochs=50 train_loss=nan val_loss=0.025707
2026-05-18 00:52:41 [debug    ] epoch_start                    epoch=20 total_epochs=50
2026-05-18 01:04:16 [warning  ] nan_or_inf_loss                loss=nan
2026-05-18 01:06:32 [debug    ] meta_saved                     path=data/models/baseline_seed0/meta.json
2026-05-18 01:06:32 [debug    ] model_saved                    epoch=20
2026-05-18 01:06:32 [info     ] epoch_complete                 epoch=20 is_best=True lr=0.0006699999999998693 total_epochs=50 train_loss=nan val_loss=0.023072
2026-05-18 01:06:32 [debug    ] epoch_start                    epoch=21 total_epochs=50
2026-05-18 01:09:15 [warning  ] nan_or_inf_loss                loss=nan
2026-05-18 01:17:39 [info     ] epoch_complete                 epoch=21 is_best=False lr=0.0006479999999998547 total_epochs=50 train_loss=nan val_loss=0.023475
2026-05-18 01:17:39 [debug    ] epoch_start                    epoch=22 total_epochs=50
2026-05-18 01:23:53 [warning  ] nan_or_inf_loss                loss=nan
2026-05-18 01:28:46 [debug    ] meta_saved                     path=data/models/baseline_seed0/meta.json
2026-05-18 01:28:46 [debug    ] model_saved                    epoch=22
2026-05-18 01:28:46 [info     ] epoch_complete                 epoch=22 is_best=True lr=0.0006259999999998386 total_epochs=50 train_loss=nan val_loss=0.022874
2026-05-18 01:28:46 [debug    ] epoch_start                    epoch=23 total_epochs=50
2026-05-18 01:31:10 [warning  ] nan_or_inf_loss                loss=nan
2026-05-18 01:39:50 [info     ] epoch_complete                 epoch=23 is_best=False lr=0.0006039999999998202 total_epochs=50 train_loss=nan val_loss=0.023718
2026-05-18 01:39:53 [debug    ] epoch_start                    epoch=24 total_epochs=50
2026-05-18 01:47:50 [warning  ] nan_or_inf_loss                loss=nan
2026-05-18 01:50:57 [info     ] epoch_complete                 epoch=24 is_best=False lr=0.0005819999999998049 total_epochs=50 train_loss=nan val_loss=0.022953
2026-05-18 01:50:57 [debug    ] epoch_start                    epoch=25 total_epochs=50
2026-05-18 02:00:31 [warning  ] nan_or_inf_loss                loss=nan
2026-05-18 02:02:03 [info     ] epoch_complete                 epoch=25 is_best=False lr=0.0005599999999997843 total_epochs=50 train_loss=nan val_loss=0.02355
2026-05-18 02:02:03 [debug    ] epoch_start                    epoch=26 total_epochs=50
2026-05-18 02:14:19 [warning  ] nan_or_inf_loss                loss=nan
2026-05-18 02:16:00 [debug    ] meta_saved                     path=data/models/baseline_seed0/meta.json
2026-05-18 02:16:00 [debug    ] model_saved                    epoch=26
2026-05-18 02:16:00 [info     ] epoch_complete                 epoch=26 is_best=True lr=0.0005379999999997661 total_epochs=50 train_loss=nan val_loss=0.022598
2026-05-18 02:16:00 [debug    ] epoch_start                    epoch=27 total_epochs=50
2026-05-18 02:17:01 [warning  ] nan_or_inf_loss                loss=nan
2026-05-18 02:27:04 [info     ] epoch_complete                 epoch=27 is_best=False lr=0.0005159999999997449 total_epochs=50 train_loss=nan val_loss=0.02303
2026-05-18 02:27:04 [debug    ] epoch_start                    epoch=28 total_epochs=50
2026-05-18 02:27:14 [warning  ] nan_or_inf_loss                loss=nan
2026-05-18 02:38:08 [info     ] epoch_complete                 epoch=28 is_best=False lr=0.0004939999999997231 total_epochs=50 train_loss=nan val_loss=0.024588
2026-05-18 02:38:08 [debug    ] epoch_start                    epoch=29 total_epochs=50
2026-05-18 02:42:10 [warning  ] nan_or_inf_loss                loss=nan
2026-05-18 02:49:13 [debug    ] meta_saved                     path=data/models/baseline_seed0/meta.json
2026-05-18 02:49:13 [debug    ] model_saved                    epoch=29
2026-05-18 02:49:13 [info     ] epoch_complete                 epoch=29 is_best=True lr=0.00047199999999972654 total_epochs=50 train_loss=nan val_loss=0.022473
2026-05-18 02:49:13 [debug    ] epoch_start                    epoch=30 total_epochs=50
2026-05-18 02:59:55 [warning  ] nan_or_inf_loss                loss=nan
2026-05-18 03:00:15 [info     ] epoch_complete                 epoch=30 is_best=False lr=0.00044999999999974005 total_epochs=50 train_loss=nan val_loss=0.022722
2026-05-18 03:00:15 [debug    ] epoch_start                    epoch=31 total_epochs=50
2026-05-18 03:00:25 [warning  ] nan_or_inf_loss                loss=nan
2026-05-18 03:11:19 [debug    ] meta_saved                     path=data/models/baseline_seed0/meta.json
2026-05-18 03:11:19 [debug    ] model_saved                    epoch=31
2026-05-18 03:11:19 [info     ] epoch_complete                 epoch=31 is_best=True lr=0.00042799999999975404 total_epochs=50 train_loss=nan val_loss=0.022389
2026-05-18 03:11:19 [debug    ] epoch_start                    epoch=32 total_epochs=50
2026-05-18 03:15:30 [warning  ] nan_or_inf_loss                loss=nan
2026-05-18 03:22:23 [info     ] epoch_complete                 epoch=32 is_best=False lr=0.0004059999999997666 total_epochs=50 train_loss=nan val_loss=0.022443
2026-05-18 03:22:23 [debug    ] epoch_start                    epoch=33 total_epochs=50
2026-05-18 03:28:33 [warning  ] nan_or_inf_loss                loss=nan
2026-05-18 03:33:26 [info     ] epoch_complete                 epoch=33 is_best=False lr=0.00038399999999978274 total_epochs=50 train_loss=nan val_loss=0.022612
2026-05-18 03:33:26 [debug    ] epoch_start                    epoch=34 total_epochs=50
2026-05-18 03:42:47 [warning  ] nan_or_inf_loss                loss=nan
2026-05-18 03:44:31 [info     ] epoch_complete                 epoch=34 is_best=False lr=0.0003619999999997976 total_epochs=50 train_loss=nan val_loss=0.022678
2026-05-18 03:44:31 [debug    ] epoch_start                    epoch=35 total_epochs=50
2026-05-18 03:54:48 [warning  ] nan_or_inf_loss                loss=nan
2026-05-18 03:55:33 [info     ] epoch_complete                 epoch=35 is_best=False lr=0.00033999999999981284 total_epochs=50 train_loss=nan val_loss=0.02246
2026-05-18 03:55:33 [debug    ] epoch_start                    epoch=36 total_epochs=50
2026-05-18 04:03:36 [warning  ] nan_or_inf_loss                loss=nan
2026-05-18 04:06:37 [info     ] epoch_complete                 epoch=36 is_best=False lr=0.00031799999999982846 total_epochs=50 train_loss=nan val_loss=0.022417
2026-05-18 04:06:37 [debug    ] epoch_start                    epoch=37 total_epochs=50
2026-05-18 04:08:37 [warning  ] nan_or_inf_loss                loss=nan
2026-05-18 04:17:41 [debug    ] meta_saved                     path=data/models/baseline_seed0/meta.json
2026-05-18 04:17:41 [debug    ] model_saved                    epoch=37
2026-05-18 04:17:41 [info     ] epoch_complete                 epoch=37 is_best=True lr=0.00029599999999984576 total_epochs=50 train_loss=nan val_loss=0.022237
2026-05-18 04:17:41 [debug    ] epoch_start                    epoch=38 total_epochs=50
2026-05-18 04:24:50 [warning  ] nan_or_inf_loss                loss=nan
2026-05-18 04:28:44 [info     ] epoch_complete                 epoch=38 is_best=False lr=0.00027399999999986176 total_epochs=50 train_loss=nan val_loss=0.0225
2026-05-18 04:28:44 [debug    ] epoch_start                    epoch=39 total_epochs=50
2026-05-18 04:30:50 [warning  ] nan_or_inf_loss                loss=nan
2026-05-18 04:39:49 [info     ] epoch_complete                 epoch=39 is_best=False lr=0.0002519999999998791 total_epochs=50 train_loss=nan val_loss=0.022287
2026-05-18 04:39:49 [debug    ] epoch_start                    epoch=40 total_epochs=50
2026-05-18 04:47:48 [warning  ] nan_or_inf_loss                loss=nan
2026-05-18 04:50:53 [debug    ] meta_saved                     path=data/models/baseline_seed0/meta.json
2026-05-18 04:50:53 [debug    ] model_saved                    epoch=40
2026-05-18 04:50:53 [info     ] epoch_complete                 epoch=40 is_best=True lr=0.00022999999999989115 total_epochs=50 train_loss=nan val_loss=0.022118
2026-05-18 04:50:53 [debug    ] epoch_start                    epoch=41 total_epochs=50
2026-05-18 04:50:56 [warning  ] nan_or_inf_loss                loss=nan
2026-05-18 05:01:55 [info     ] epoch_complete                 epoch=41 is_best=False lr=0.00020799999999989986 total_epochs=50 train_loss=nan val_loss=0.022142
2026-05-18 05:01:55 [debug    ] epoch_start                    epoch=42 total_epochs=50
2026-05-18 05:02:47 [warning  ] nan_or_inf_loss                loss=nan
2026-05-18 05:12:57 [info     ] epoch_complete                 epoch=42 is_best=False lr=0.00018599999999990713 total_epochs=50 train_loss=nan val_loss=0.023087
2026-05-18 05:12:57 [debug    ] epoch_start                    epoch=43 total_epochs=50
2026-05-18 05:14:24 [warning  ] nan_or_inf_loss                loss=nan
2026-05-18 05:24:00 [debug    ] meta_saved                     path=data/models/baseline_seed0/meta.json
2026-05-18 05:24:00 [debug    ] model_saved                    epoch=43
2026-05-18 05:24:00 [info     ] epoch_complete                 epoch=43 is_best=True lr=0.00016399999999991286 total_epochs=50 train_loss=nan val_loss=0.021974
2026-05-18 05:24:00 [debug    ] epoch_start                    epoch=44 total_epochs=50
2026-05-18 05:30:24 [warning  ] nan_or_inf_loss                loss=nan
2026-05-18 05:35:02 [info     ] epoch_complete                 epoch=44 is_best=False lr=0.00014199999999991775 total_epochs=50 train_loss=nan val_loss=0.022096
2026-05-18 05:35:02 [debug    ] epoch_start                    epoch=45 total_epochs=50
2026-05-18 05:44:55 [warning  ] nan_or_inf_loss                loss=nan
2026-05-18 05:46:05 [debug    ] meta_saved                     path=data/models/baseline_seed0/meta.json
2026-05-18 05:46:05 [debug    ] model_saved                    epoch=45
2026-05-18 05:46:05 [info     ] epoch_complete                 epoch=45 is_best=True lr=0.00011999999999992358 total_epochs=50 train_loss=nan val_loss=0.021964
2026-05-18 05:46:05 [debug    ] epoch_start                    epoch=46 total_epochs=50
2026-05-18 05:49:32 [warning  ] nan_or_inf_loss                loss=nan
2026-05-18 05:57:06 [debug    ] meta_saved                     path=data/models/baseline_seed0/meta.json
2026-05-18 05:57:06 [debug    ] model_saved                    epoch=46
2026-05-18 05:57:06 [info     ] epoch_complete                 epoch=46 is_best=True lr=9.799999999993738e-05 total_epochs=50 train_loss=nan val_loss=0.021875
2026-05-18 05:57:06 [debug    ] epoch_start                    epoch=47 total_epochs=50
2026-05-18 06:02:13 [warning  ] nan_or_inf_loss                loss=nan
2026-05-18 06:08:09 [info     ] epoch_complete                 epoch=47 is_best=False lr=7.599999999995096e-05 total_epochs=50 train_loss=nan val_loss=0.0219
2026-05-18 06:08:09 [debug    ] epoch_start                    epoch=48 total_epochs=50
2026-05-18 06:11:15 [warning  ] nan_or_inf_loss                loss=nan
2026-05-18 06:19:12 [info     ] epoch_complete                 epoch=48 is_best=False lr=5.399999999996508e-05 total_epochs=50 train_loss=nan val_loss=0.021958
2026-05-18 06:19:12 [debug    ] epoch_start                    epoch=49 total_epochs=50
2026-05-18 06:27:57 [warning  ] nan_or_inf_loss                loss=nan
2026-05-18 06:30:14 [debug    ] meta_saved                     path=data/models/baseline_seed0/meta.json
2026-05-18 06:30:14 [debug    ] model_saved                    epoch=49
2026-05-18 06:30:14 [info     ] epoch_complete                 epoch=49 is_best=True lr=3.1999999999980124e-05 total_epochs=50 train_loss=nan val_loss=0.021846
2026-05-18 06:30:14 [debug    ] epoch_start                    epoch=50 total_epochs=50
2026-05-18 06:35:35 [warning  ] nan_or_inf_loss                loss=nan
2026-05-18 06:41:18 [info     ] epoch_complete                 epoch=50 is_best=False lr=9.999999999993956e-06 total_epochs=50 train_loss=nan val_loss=0.021853
2026-05-18 06:41:18 [info     ] training_log_saved             path=data/models/baseline_seed0/training_losses.csv
2026-05-18 06:41:18 [info     ] training_complete              best_val_loss=0.021846
2026-05-18 06:41:18 [info     ] train_typecode_done            typecode=A320
2026-05-18 06:41:18 [info     ] train_done                     typecodes=['A320']

$ uv run fdm train --arch adsb --config results_run3/baseline_seed0/config.yaml --model-name baseline_seed0 --epochs 50 --batch-size 32 --lr 0.001 --method rk4 --seq-len 30 --train-limit 5000 --activation relu --seed 0 --backbone-depth 2 --head-depth 2 --hidden-width 48 --device cuda --no-use-mode-weights
