2026-05-17 09:05:26 [info     ] evaluate_start                 arch=adsb typecodes=['A320']
2026-05-17 09:05:26 [info     ] evaluate_typecode              flights=542 typecode=A320
2026-05-17 09:05:37 [info     ] evaluate_done                  output=data/model_performance/backbone_4_seed1/performance.parquet rows=16
shape: (16, 11)
┌──────────┬─────────────────────────┬──────────────┬───────┬─────────┬─────────┬──────────┬──────────┬─────────┬──────────┬────────┐
│ Aircraft ┆ Variable                ┆ Phase        ┆ Model ┆ MAE     ┆ MAE_std ┆ MAPE (%) ┆ MAPE_std ┆ ME      ┆ ME_std   ┆ Count  │
│ ---      ┆ ---                     ┆ ---          ┆ ---   ┆ ---     ┆ ---     ┆ ---      ┆ ---      ┆ ---     ┆ ---      ┆ ---    │
│ str      ┆ str                     ┆ str          ┆ str   ┆ f64     ┆ f64     ┆ f64      ┆ f64      ┆ f64     ┆ f64      ┆ i64    │
╞══════════╪═════════════════════════╪══════════════╪═══════╪═════════╪═════════╪══════════╪══════════╪═════════╪══════════╪════════╡
│ A320     ┆ Altitude [m]            ┆ All phases   ┆ PRED  ┆ 234.425 ┆ 565.405 ┆ 5.173    ┆ 17.583   ┆ 116.002 ┆ 600.984  ┆ 478843 │
│ A320     ┆ Altitude [m]            ┆ Climb        ┆ PRED  ┆ 751.301 ┆ 976.594 ┆ 16.805   ┆ 34.081   ┆ 599.804 ┆ 1076.301 ┆ 90018  │
│ A320     ┆ Altitude [m]            ┆ Level flight ┆ PRED  ┆ 49.001  ┆ 170.364 ┆ 0.708    ┆ 4.995    ┆ -0.857  ┆ 177.269  ┆ 296839 │
│ A320     ┆ Altitude [m]            ┆ Descent      ┆ PRED  ┆ 326.971 ┆ 506.155 ┆ 8.201    ┆ 13.647   ┆ 19.657  ┆ 602.259  ┆ 91986  │
│ A320     ┆ Flight path angle [deg] ┆ All phases   ┆ PRED  ┆ 0.280   ┆ 0.605   ┆ NaN      ┆ NaN      ┆ -0.064  ┆ 0.663    ┆ 478843 │
│ A320     ┆ Flight path angle [deg] ┆ Climb        ┆ PRED  ┆ 0.707   ┆ 0.945   ┆ NaN      ┆ NaN      ┆ -0.402  ┆ 1.110    ┆ 90018  │
│ A320     ┆ Flight path angle [deg] ┆ Level flight ┆ PRED  ┆ 0.076   ┆ 0.246   ┆ NaN      ┆ NaN      ┆ -0.012  ┆ 0.257    ┆ 296839 │
│ A320     ┆ Flight path angle [deg] ┆ Descent      ┆ PRED  ┆ 0.520   ┆ 0.682   ┆ NaN      ┆ NaN      ┆ 0.099   ┆ 0.852    ┆ 91986  │
│ A320     ┆ Heading [deg]           ┆ All phases   ┆ PRED  ┆ 1.704   ┆ 6.793   ┆ NaN      ┆ NaN      ┆ 0.426   ┆ 6.991    ┆ 478843 │
│ A320     ┆ Heading [deg]           ┆ Climb        ┆ PRED  ┆ 2.126   ┆ 6.938   ┆ NaN      ┆ NaN      ┆ 0.353   ┆ 7.248    ┆ 90018  │
│ A320     ┆ Heading [deg]           ┆ Level flight ┆ PRED  ┆ 1.410   ┆ 6.227   ┆ NaN      ┆ NaN      ┆ 0.528   ┆ 6.363    ┆ 296839 │
│ A320     ┆ Heading [deg]           ┆ Descent      ┆ PRED  ┆ 2.241   ┆ 8.201   ┆ NaN      ┆ NaN      ┆ 0.167   ┆ 8.500    ┆ 91986  │
│ A320     ┆ True airspeed [m/s]     ┆ All phases   ┆ PRED  ┆ 2.988   ┆ 7.701   ┆ 1.724    ┆ 6.108    ┆ 0.721   ┆ 8.228    ┆ 478843 │
│ A320     ┆ True airspeed [m/s]     ┆ Climb        ┆ PRED  ┆ 5.919   ┆ 13.967  ┆ 3.750    ┆ 10.858   ┆ 3.975   ┆ 14.639   ┆ 90018  │
│ A320     ┆ True airspeed [m/s]     ┆ Level flight ┆ PRED  ┆ 1.836   ┆ 4.313   ┆ 0.930    ┆ 4.177    ┆ 0.044   ┆ 4.688    ┆ 296839 │
│ A320     ┆ True airspeed [m/s]     ┆ Descent      ┆ PRED  ┆ 3.834   ┆ 6.660   ┆ 2.304    ┆ 4.018    ┆ -0.278  ┆ 7.680    ┆ 91986  │
└──────────┴─────────────────────────┴──────────────┴───────┴─────────┴─────────┴──────────┴──────────┴─────────┴──────────┴────────┘

$ uv run fdm evaluate --arch adsb --config results_run2/backbone_4_seed1/config.yaml --model-name backbone_4_seed1
