2026-05-17 02:54:44 [info     ] train_start                    arch=adsb device=cuda typecodes=['A320']
2026-05-17 02:54:44 [info     ] train_typecode                 typecode=A320
2026-05-17 02:54:44 [info     ] loading_data                   train_flights=1594 val_flights=247
2026-05-17 02:54:44 [warning  ] e1_column_missing              column=fdm_g_sin_gamma_ms2
2026-05-17 02:54:44 [warning  ] e1_column_missing              column=fdm_cos_gamma
2026-05-17 02:54:44 [warning  ] e1_column_missing              column=fdm_q_pa
2026-05-17 02:54:44 [warning  ] e1_column_missing              column=fdm_g_over_v
2026-05-17 02:54:44 [warning  ] e1_column_missing              column=fdm_lat_wind_ms
2026-05-17 02:54:44 [warning  ] e1_column_missing              column=fdm_drift_rad
2026-05-17 02:54:44 [warning  ] e1_column_missing              column=fdm_track_rad
2026-05-17 02:54:44 [warning  ] e1_column_missing              column=fdm_heading_diff_rad
2026-05-17 02:54:49 [warning  ] e1_column_missing              column=fdm_g_sin_gamma_ms2
2026-05-17 02:54:49 [warning  ] e1_column_missing              column=fdm_cos_gamma
2026-05-17 02:54:49 [warning  ] e1_column_missing              column=fdm_q_pa
2026-05-17 02:54:49 [warning  ] e1_column_missing              column=fdm_g_over_v
2026-05-17 02:54:49 [warning  ] e1_column_missing              column=fdm_lat_wind_ms
2026-05-17 02:54:49 [warning  ] e1_column_missing              column=fdm_drift_rad
2026-05-17 02:54:49 [warning  ] e1_column_missing              column=fdm_track_rad
2026-05-17 02:54:49 [warning  ] e1_column_missing              column=fdm_heading_diff_rad
2026-05-17 02:54:49 [info     ] data_loaded                    train_samples=23212 val_samples=3628
2026-05-17 02:55:05 [debug    ] meta_saved                     path=data/models/backbone_4_seed1/meta.json
2026-05-17 02:55:05 [info     ] trainer_initialized            architecture=node_adsb_v1 device=cuda train_samples=23212 val_samples=3628
2026-05-17 02:55:05 [info     ] preloading_data_to_gpu
2026-05-17 02:55:05 [debug    ] epoch_start                    epoch=1 total_epochs=50
/data/common/dataiku/config/projects/NODEFDM/lib/python/.venv/lib/python3.12/site-packages/torch/_inductor/compile_fx.py:321: UserWarning: TensorFloat32 tensor cores for float32 matrix multiplication available but not enabled. Consider setting `torch.set_float32_matmul_precision('high')` for better performance.
  warnings.warn(
2026-05-17 02:55:28 [info     ] debug_magnitudes               norm_mean=['8568.283203', '-0.001322', '213.622833', '3.253931'] norm_std=['2269.236084', '0.038830', '32.838379', '1.246786'] ode_loss=1.105478
W0517 03:02:10.656000 667395 torch/_dynamo/convert_frame.py:1676] [0/8] torch._dynamo hit config.recompile_limit (8)
W0517 03:02:10.656000 667395 torch/_dynamo/convert_frame.py:1676] [0/8]    function: 'forward' (/data/common/dataiku/config/projects/NODEFDM/lib/python/packages/node-fdm/src/node_fdm/models/fdm.py:181)
W0517 03:02:10.656000 667395 torch/_dynamo/convert_frame.py:1676] [0/8]    last reason: 0/7: tensor 'self.history['raw_alt_m']' size mismatch at index 1. expected 1, actual 2
W0517 03:02:10.656000 667395 torch/_dynamo/convert_frame.py:1676] [0/8] To log all recompilation reasons, use TORCH_LOGS="recompiles".
W0517 03:02:10.656000 667395 torch/_dynamo/convert_frame.py:1676] [0/8] To diagnose recompilation issues, see https://pytorch.org/docs/main/compile/programming_model.recompilation.html
2026-05-17 03:02:11 [debug    ] meta_saved                     path=data/models/backbone_4_seed1/meta.json
2026-05-17 03:02:11 [debug    ] model_saved                    epoch=1
2026-05-17 03:02:11 [info     ] epoch_complete                 epoch=1 is_best=True lr=0.0002080000000000004 total_epochs=50 train_loss=0.220504 val_loss=0.070447
2026-05-17 03:02:11 [debug    ] epoch_start                    epoch=2 total_epochs=50
2026-05-17 03:07:41 [debug    ] meta_saved                     path=data/models/backbone_4_seed1/meta.json
2026-05-17 03:07:41 [debug    ] model_saved                    epoch=2
2026-05-17 03:07:41 [info     ] epoch_complete                 epoch=2 is_best=True lr=0.0004060000000000004 total_epochs=50 train_loss=0.057744 val_loss=0.040215
2026-05-17 03:07:41 [debug    ] epoch_start                    epoch=3 total_epochs=50
2026-05-17 03:13:13 [debug    ] meta_saved                     path=data/models/backbone_4_seed1/meta.json
2026-05-17 03:13:13 [debug    ] model_saved                    epoch=3
2026-05-17 03:13:13 [info     ] epoch_complete                 epoch=3 is_best=True lr=0.0006040000000000011 total_epochs=50 train_loss=0.039778 val_loss=0.035178
2026-05-17 03:13:13 [debug    ] epoch_start                    epoch=4 total_epochs=50
2026-05-17 03:18:40 [debug    ] meta_saved                     path=data/models/backbone_4_seed1/meta.json
2026-05-17 03:18:40 [debug    ] model_saved                    epoch=4
2026-05-17 03:18:40 [info     ] epoch_complete                 epoch=4 is_best=True lr=0.000801999999999999 total_epochs=50 train_loss=0.038075 val_loss=0.032352
2026-05-17 03:18:40 [debug    ] epoch_start                    epoch=5 total_epochs=50
2026-05-17 03:24:10 [debug    ] meta_saved                     path=data/models/backbone_4_seed1/meta.json
2026-05-17 03:24:10 [debug    ] model_saved                    epoch=5
2026-05-17 03:24:10 [info     ] epoch_complete                 epoch=5 is_best=True lr=0.001 total_epochs=50 train_loss=0.03504 val_loss=0.030547
2026-05-17 03:24:10 [debug    ] epoch_start                    epoch=6 total_epochs=50
2026-05-17 03:29:36 [info     ] epoch_complete                 epoch=6 is_best=False lr=0.0009779999999999947 total_epochs=50 train_loss=0.035374 val_loss=0.032887
2026-05-17 03:29:36 [debug    ] epoch_start                    epoch=7 total_epochs=50
2026-05-17 03:35:03 [info     ] epoch_complete                 epoch=7 is_best=False lr=0.0009559999999999942 total_epochs=50 train_loss=0.038068 val_loss=0.030735
2026-05-17 03:35:03 [debug    ] epoch_start                    epoch=8 total_epochs=50
2026-05-17 03:40:31 [debug    ] meta_saved                     path=data/models/backbone_4_seed1/meta.json
2026-05-17 03:40:31 [debug    ] model_saved                    epoch=8
2026-05-17 03:40:31 [info     ] epoch_complete                 epoch=8 is_best=True lr=0.0009339999999999934 total_epochs=50 train_loss=0.033666 val_loss=0.03018
2026-05-17 03:40:31 [debug    ] epoch_start                    epoch=9 total_epochs=50
2026-05-17 03:45:57 [info     ] epoch_complete                 epoch=9 is_best=False lr=0.0009119999999999924 total_epochs=50 train_loss=0.071776 val_loss=0.182773
2026-05-17 03:45:57 [debug    ] epoch_start                    epoch=10 total_epochs=50
2026-05-17 03:51:25 [info     ] epoch_complete                 epoch=10 is_best=False lr=0.0008899999999999917 total_epochs=50 train_loss=0.375488 val_loss=0.291957
2026-05-17 03:51:25 [debug    ] epoch_start                    epoch=11 total_epochs=50
2026-05-17 03:56:52 [info     ] epoch_complete                 epoch=11 is_best=False lr=0.0008679999999999905 total_epochs=50 train_loss=0.221535 val_loss=0.219563
2026-05-17 03:56:52 [debug    ] epoch_start                    epoch=12 total_epochs=50
2026-05-17 04:02:17 [info     ] epoch_complete                 epoch=12 is_best=False lr=0.000845999999999989 total_epochs=50 train_loss=0.223007 val_loss=0.219577
2026-05-17 04:02:17 [debug    ] epoch_start                    epoch=13 total_epochs=50
2026-05-17 04:07:44 [info     ] epoch_complete                 epoch=13 is_best=False lr=0.0008239999999999856 total_epochs=50 train_loss=0.223003 val_loss=0.219561
2026-05-17 04:07:44 [debug    ] epoch_start                    epoch=14 total_epochs=50
2026-05-17 04:13:11 [info     ] epoch_complete                 epoch=14 is_best=False lr=0.0008019999999999825 total_epochs=50 train_loss=0.222974 val_loss=0.219544
2026-05-17 04:13:11 [debug    ] epoch_start                    epoch=15 total_epochs=50
2026-05-17 04:18:40 [info     ] epoch_complete                 epoch=15 is_best=False lr=0.0007799999999999793 total_epochs=50 train_loss=0.223025 val_loss=0.219559
2026-05-17 04:18:40 [debug    ] epoch_start                    epoch=16 total_epochs=50
2026-05-17 04:24:08 [info     ] epoch_complete                 epoch=16 is_best=False lr=0.0007579999999999761 total_epochs=50 train_loss=0.223012 val_loss=0.219513
2026-05-17 04:24:08 [debug    ] epoch_start                    epoch=17 total_epochs=50
2026-05-17 04:29:35 [info     ] epoch_complete                 epoch=17 is_best=False lr=0.0007359999999999731 total_epochs=50 train_loss=0.222704 val_loss=0.212975
2026-05-17 04:29:35 [debug    ] epoch_start                    epoch=18 total_epochs=50
2026-05-17 04:35:03 [info     ] epoch_complete                 epoch=18 is_best=False lr=0.0007139999999999699 total_epochs=50 train_loss=0.125072 val_loss=0.066859
2026-05-17 04:35:03 [debug    ] epoch_start                    epoch=19 total_epochs=50
2026-05-17 04:40:33 [info     ] epoch_complete                 epoch=19 is_best=False lr=0.0006919999999999653 total_epochs=50 train_loss=0.059433 val_loss=0.041727
2026-05-17 04:40:33 [debug    ] epoch_start                    epoch=20 total_epochs=50
2026-05-17 04:46:01 [info     ] epoch_complete                 epoch=20 is_best=False lr=0.0006699999999999609 total_epochs=50 train_loss=0.046561 val_loss=0.053434
2026-05-17 04:46:01 [debug    ] epoch_start                    epoch=21 total_epochs=50
2026-05-17 04:51:30 [info     ] epoch_complete                 epoch=21 is_best=False lr=0.0006479999999999558 total_epochs=50 train_loss=0.044456 val_loss=0.03775
2026-05-17 04:51:30 [debug    ] epoch_start                    epoch=22 total_epochs=50
2026-05-17 04:56:58 [info     ] epoch_complete                 epoch=22 is_best=False lr=0.0006259999999999505 total_epochs=50 train_loss=0.042686 val_loss=0.036567
2026-05-17 04:56:58 [debug    ] epoch_start                    epoch=23 total_epochs=50
2026-05-17 05:02:26 [info     ] epoch_complete                 epoch=23 is_best=False lr=0.0006039999999999452 total_epochs=50 train_loss=0.038755 val_loss=0.034458
2026-05-17 05:02:26 [debug    ] epoch_start                    epoch=24 total_epochs=50
2026-05-17 05:07:53 [info     ] epoch_complete                 epoch=24 is_best=False lr=0.0005819999999999399 total_epochs=50 train_loss=0.036662 val_loss=0.033293
2026-05-17 05:07:53 [debug    ] epoch_start                    epoch=25 total_epochs=50
2026-05-17 05:13:15 [info     ] epoch_complete                 epoch=25 is_best=False lr=0.0005599999999999346 total_epochs=50 train_loss=0.035586 val_loss=0.032147
2026-05-17 05:13:15 [debug    ] epoch_start                    epoch=26 total_epochs=50
2026-05-17 05:18:29 [info     ] epoch_complete                 epoch=26 is_best=False lr=0.0005379999999999293 total_epochs=50 train_loss=0.034627 val_loss=0.031587
2026-05-17 05:18:29 [debug    ] epoch_start                    epoch=27 total_epochs=50
2026-05-17 05:23:41 [info     ] epoch_complete                 epoch=27 is_best=False lr=0.000515999999999924 total_epochs=50 train_loss=0.034343 val_loss=0.031535
2026-05-17 05:23:41 [debug    ] epoch_start                    epoch=28 total_epochs=50
2026-05-17 05:28:51 [info     ] epoch_complete                 epoch=28 is_best=False lr=0.0004939999999999187 total_epochs=50 train_loss=0.033787 val_loss=0.031371
2026-05-17 05:28:51 [debug    ] epoch_start                    epoch=29 total_epochs=50
2026-05-17 05:34:01 [info     ] epoch_complete                 epoch=29 is_best=False lr=0.00047199999999991997 total_epochs=50 train_loss=0.035043 val_loss=0.030729
2026-05-17 05:34:01 [debug    ] epoch_start                    epoch=30 total_epochs=50
2026-05-17 05:39:14 [debug    ] meta_saved                     path=data/models/backbone_4_seed1/meta.json
2026-05-17 05:39:14 [debug    ] model_saved                    epoch=30
2026-05-17 05:39:14 [info     ] epoch_complete                 epoch=30 is_best=True lr=0.00044999999999992393 total_epochs=50 train_loss=0.033062 val_loss=0.030079
2026-05-17 05:39:14 [debug    ] epoch_start                    epoch=31 total_epochs=50
2026-05-17 05:44:25 [debug    ] meta_saved                     path=data/models/backbone_4_seed1/meta.json
2026-05-17 05:44:25 [debug    ] model_saved                    epoch=31
2026-05-17 05:44:25 [info     ] epoch_complete                 epoch=31 is_best=True lr=0.0004279999999999269 total_epochs=50 train_loss=0.032561 val_loss=0.029827
2026-05-17 05:44:25 [debug    ] epoch_start                    epoch=32 total_epochs=50
2026-05-17 05:49:35 [debug    ] meta_saved                     path=data/models/backbone_4_seed1/meta.json
2026-05-17 05:49:35 [debug    ] model_saved                    epoch=32
2026-05-17 05:49:35 [info     ] epoch_complete                 epoch=32 is_best=True lr=0.0004059999999999309 total_epochs=50 train_loss=0.032339 val_loss=0.02962
2026-05-17 05:49:35 [debug    ] epoch_start                    epoch=33 total_epochs=50
2026-05-17 05:54:47 [info     ] epoch_complete                 epoch=33 is_best=False lr=0.0003839999999999346 total_epochs=50 train_loss=0.032033 val_loss=0.029768
2026-05-17 05:54:47 [debug    ] epoch_start                    epoch=34 total_epochs=50
2026-05-17 05:59:58 [debug    ] meta_saved                     path=data/models/backbone_4_seed1/meta.json
2026-05-17 05:59:58 [debug    ] model_saved                    epoch=34
2026-05-17 05:59:58 [info     ] epoch_complete                 epoch=34 is_best=True lr=0.0003619999999999374 total_epochs=50 train_loss=0.031869 val_loss=0.029564
2026-05-17 05:59:58 [debug    ] epoch_start                    epoch=35 total_epochs=50
2026-05-17 06:05:10 [debug    ] meta_saved                     path=data/models/backbone_4_seed1/meta.json
2026-05-17 06:05:10 [debug    ] model_saved                    epoch=35
2026-05-17 06:05:10 [info     ] epoch_complete                 epoch=35 is_best=True lr=0.0003399999999999421 total_epochs=50 train_loss=0.031728 val_loss=0.029404
2026-05-17 06:05:10 [debug    ] epoch_start                    epoch=36 total_epochs=50
2026-05-17 06:10:21 [debug    ] meta_saved                     path=data/models/backbone_4_seed1/meta.json
2026-05-17 06:10:21 [debug    ] model_saved                    epoch=36
2026-05-17 06:10:21 [info     ] epoch_complete                 epoch=36 is_best=True lr=0.00031799999999994485 total_epochs=50 train_loss=0.031626 val_loss=0.028763
2026-05-17 06:10:21 [debug    ] epoch_start                    epoch=37 total_epochs=50
2026-05-17 06:15:32 [info     ] epoch_complete                 epoch=37 is_best=False lr=0.00029599999999994756 total_epochs=50 train_loss=0.031383 val_loss=0.029014
2026-05-17 06:15:32 [debug    ] epoch_start                    epoch=38 total_epochs=50
2026-05-17 06:20:42 [info     ] epoch_complete                 epoch=38 is_best=False lr=0.0002739999999999507 total_epochs=50 train_loss=0.0313 val_loss=0.028978
2026-05-17 06:20:42 [debug    ] epoch_start                    epoch=39 total_epochs=50
2026-05-17 06:25:54 [info     ] epoch_complete                 epoch=39 is_best=False lr=0.0002519999999999539 total_epochs=50 train_loss=0.03114 val_loss=0.028837
2026-05-17 06:25:54 [debug    ] epoch_start                    epoch=40 total_epochs=50
2026-05-17 06:31:05 [info     ] epoch_complete                 epoch=40 is_best=False lr=0.00022999999999995737 total_epochs=50 train_loss=0.031118 val_loss=0.028863
2026-05-17 06:31:05 [debug    ] epoch_start                    epoch=41 total_epochs=50
2026-05-17 06:36:16 [debug    ] meta_saved                     path=data/models/backbone_4_seed1/meta.json
2026-05-17 06:36:16 [debug    ] model_saved                    epoch=41
2026-05-17 06:36:16 [info     ] epoch_complete                 epoch=41 is_best=True lr=0.00020799999999996188 total_epochs=50 train_loss=0.030897 val_loss=0.028614
2026-05-17 06:36:16 [debug    ] epoch_start                    epoch=42 total_epochs=50
2026-05-17 06:41:27 [debug    ] meta_saved                     path=data/models/backbone_4_seed1/meta.json
2026-05-17 06:41:27 [debug    ] model_saved                    epoch=42
2026-05-17 06:41:27 [info     ] epoch_complete                 epoch=42 is_best=True lr=0.0001859999999999664 total_epochs=50 train_loss=0.030742 val_loss=0.028558
2026-05-17 06:41:27 [debug    ] epoch_start                    epoch=43 total_epochs=50
2026-05-17 06:46:36 [debug    ] meta_saved                     path=data/models/backbone_4_seed1/meta.json
2026-05-17 06:46:36 [debug    ] model_saved                    epoch=43
2026-05-17 06:46:36 [info     ] epoch_complete                 epoch=43 is_best=True lr=0.00016399999999997095 total_epochs=50 train_loss=0.030641 val_loss=0.028343
2026-05-17 06:46:36 [debug    ] epoch_start                    epoch=44 total_epochs=50
2026-05-17 06:51:44 [info     ] epoch_complete                 epoch=44 is_best=False lr=0.00014199999999997548 total_epochs=50 train_loss=0.030577 val_loss=0.028386
2026-05-17 06:51:44 [debug    ] epoch_start                    epoch=45 total_epochs=50
2026-05-17 06:56:54 [debug    ] meta_saved                     path=data/models/backbone_4_seed1/meta.json
2026-05-17 06:56:54 [debug    ] model_saved                    epoch=45
2026-05-17 06:56:54 [info     ] epoch_complete                 epoch=45 is_best=True lr=0.00011999999999997995 total_epochs=50 train_loss=0.030486 val_loss=0.028147
2026-05-17 06:56:54 [debug    ] epoch_start                    epoch=46 total_epochs=50
2026-05-17 07:02:04 [info     ] epoch_complete                 epoch=46 is_best=False lr=9.799999999998395e-05 total_epochs=50 train_loss=0.030418 val_loss=0.028177
2026-05-17 07:02:04 [debug    ] epoch_start                    epoch=47 total_epochs=50
2026-05-17 07:07:15 [debug    ] meta_saved                     path=data/models/backbone_4_seed1/meta.json
2026-05-17 07:07:15 [debug    ] model_saved                    epoch=47
2026-05-17 07:07:15 [info     ] epoch_complete                 epoch=47 is_best=True lr=7.599999999998802e-05 total_epochs=50 train_loss=0.030217 val_loss=0.02812
2026-05-17 07:07:15 [debug    ] epoch_start                    epoch=48 total_epochs=50
2026-05-17 07:12:29 [debug    ] meta_saved                     path=data/models/backbone_4_seed1/meta.json
2026-05-17 07:12:29 [debug    ] model_saved                    epoch=48
2026-05-17 07:12:29 [info     ] epoch_complete                 epoch=48 is_best=True lr=5.399999999999204e-05 total_epochs=50 train_loss=0.030196 val_loss=0.028103
2026-05-17 07:12:29 [debug    ] epoch_start                    epoch=49 total_epochs=50
2026-05-17 07:17:40 [debug    ] meta_saved                     path=data/models/backbone_4_seed1/meta.json
2026-05-17 07:17:40 [debug    ] model_saved                    epoch=49
2026-05-17 07:17:40 [info     ] epoch_complete                 epoch=49 is_best=True lr=3.199999999999529e-05 total_epochs=50 train_loss=0.030134 val_loss=0.028006
2026-05-17 07:17:40 [debug    ] epoch_start                    epoch=50 total_epochs=50
2026-05-17 07:22:51 [debug    ] meta_saved                     path=data/models/backbone_4_seed1/meta.json
2026-05-17 07:22:51 [debug    ] model_saved                    epoch=50
2026-05-17 07:22:51 [info     ] epoch_complete                 epoch=50 is_best=True lr=9.999999999998564e-06 total_epochs=50 train_loss=0.030064 val_loss=0.027938
2026-05-17 07:22:51 [info     ] training_log_saved             path=data/models/backbone_4_seed1/training_losses.csv
2026-05-17 07:22:51 [info     ] training_complete              best_val_loss=0.027938
2026-05-17 07:22:51 [info     ] train_typecode_done            typecode=A320
2026-05-17 07:22:51 [info     ] train_done                     typecodes=['A320']

$ uv run fdm train --arch adsb --config results_run2/backbone_4_seed1/config.yaml --model-name backbone_4_seed1 --epochs 50 --batch-size 64 --lr 0.001 --method rk4 --seq-len 60 --train-limit 5000 --activation relu --seed 1 --backbone-depth 4 --head-depth 2 --hidden-width 48 --device cuda --no-use-mode-weights
