2026-05-19 03:01:54 [info     ] train_start                    arch=adsb device=cuda typecodes=['A320']
2026-05-19 03:01:54 [info     ] train_typecode                 typecode=A320
2026-05-19 03:01:54 [info     ] loading_data                   train_flights=1594 val_flights=247
2026-05-19 03:01:54 [warning  ] e1_column_missing              column=fdm_g_sin_gamma_ms2
2026-05-19 03:01:54 [warning  ] e1_column_missing              column=fdm_cos_gamma
2026-05-19 03:01:54 [warning  ] e1_column_missing              column=fdm_q_pa
2026-05-19 03:01:54 [warning  ] e1_column_missing              column=fdm_g_over_v
2026-05-19 03:01:54 [warning  ] e1_column_missing              column=fdm_lat_wind_ms
2026-05-19 03:01:54 [warning  ] e1_column_missing              column=fdm_drift_rad
2026-05-19 03:01:54 [warning  ] e1_column_missing              column=fdm_track_rad
2026-05-19 03:01:54 [warning  ] e1_column_missing              column=fdm_heading_diff_rad
2026-05-19 03:01:59 [warning  ] e1_column_missing              column=fdm_g_sin_gamma_ms2
2026-05-19 03:01:59 [warning  ] e1_column_missing              column=fdm_cos_gamma
2026-05-19 03:01:59 [warning  ] e1_column_missing              column=fdm_q_pa
2026-05-19 03:01:59 [warning  ] e1_column_missing              column=fdm_g_over_v
2026-05-19 03:01:59 [warning  ] e1_column_missing              column=fdm_lat_wind_ms
2026-05-19 03:01:59 [warning  ] e1_column_missing              column=fdm_drift_rad
2026-05-19 03:01:59 [warning  ] e1_column_missing              column=fdm_track_rad
2026-05-19 03:01:59 [warning  ] e1_column_missing              column=fdm_heading_diff_rad
2026-05-19 03:02:00 [info     ] data_loaded                    train_samples=48117 val_samples=7518
2026-05-19 03:02:19 [debug    ] meta_saved                     path=data/models/backbone_3_seed1/meta.json
2026-05-19 03:02:19 [info     ] trainer_initialized            architecture=node_adsb_v1 device=cuda train_samples=48117 val_samples=7518
2026-05-19 03:02:19 [info     ] preloading_data_to_gpu
2026-05-19 03:02:19 [debug    ] epoch_start                    epoch=1 total_epochs=50
/data/common/dataiku/config/projects/NODEFDM/lib/python/.venv/lib/python3.12/site-packages/torch/_inductor/compile_fx.py:321: UserWarning: TensorFloat32 tensor cores for float32 matrix multiplication available but not enabled. Consider setting `torch.set_float32_matmul_precision('high')` for better performance.
  warnings.warn(
2026-05-19 03:02:40 [info     ] debug_magnitudes               norm_mean=['8427.359375', '-0.000899', '211.646118', '3.252943'] norm_std=['2287.523926', '0.040447', '34.116577', '1.247240'] ode_loss=0.366533
2026-05-19 03:03:24 [warning  ] nan_or_inf_loss                loss=nan
W0519 03:15:28.020000 1539714 torch/_dynamo/convert_frame.py:1676] [0/8] torch._dynamo hit config.recompile_limit (8)
W0519 03:15:28.020000 1539714 torch/_dynamo/convert_frame.py:1676] [0/8]    function: 'forward' (/data/common/dataiku/config/projects/NODEFDM/lib/python/packages/node-fdm/src/node_fdm/models/fdm.py:181)
W0519 03:15:28.020000 1539714 torch/_dynamo/convert_frame.py:1676] [0/8]    last reason: 0/7: tensor 'self.history['raw_alt_m']' size mismatch at index 1. expected 1, actual 2
W0519 03:15:28.020000 1539714 torch/_dynamo/convert_frame.py:1676] [0/8] To log all recompilation reasons, use TORCH_LOGS="recompiles".
W0519 03:15:28.020000 1539714 torch/_dynamo/convert_frame.py:1676] [0/8] To diagnose recompilation issues, see https://pytorch.org/docs/main/compile/programming_model.recompilation.html
2026-05-19 03:15:28 [debug    ] meta_saved                     path=data/models/backbone_3_seed1/meta.json
2026-05-19 03:15:28 [debug    ] model_saved                    epoch=1
2026-05-19 03:15:28 [info     ] epoch_complete                 epoch=1 is_best=True lr=0.00020800000000000077 total_epochs=50 train_loss=nan val_loss=0.033055
2026-05-19 03:15:28 [debug    ] epoch_start                    epoch=2 total_epochs=50
2026-05-19 03:26:31 [warning  ] nan_or_inf_loss                loss=nan
2026-05-19 03:27:11 [debug    ] meta_saved                     path=data/models/backbone_3_seed1/meta.json
2026-05-19 03:27:11 [debug    ] model_saved                    epoch=2
2026-05-19 03:27:11 [info     ] epoch_complete                 epoch=2 is_best=True lr=0.00040600000000000174 total_epochs=50 train_loss=nan val_loss=0.027327
2026-05-19 03:27:11 [debug    ] epoch_start                    epoch=3 total_epochs=50
2026-05-19 03:31:10 [warning  ] nan_or_inf_loss                loss=nan
2026-05-19 03:39:02 [debug    ] meta_saved                     path=data/models/backbone_3_seed1/meta.json
2026-05-19 03:39:02 [debug    ] model_saved                    epoch=3
2026-05-19 03:39:02 [info     ] epoch_complete                 epoch=3 is_best=True lr=0.0006040000000000034 total_epochs=50 train_loss=nan val_loss=0.025924
2026-05-19 03:39:02 [debug    ] epoch_start                    epoch=4 total_epochs=50
2026-05-19 03:42:27 [warning  ] nan_or_inf_loss                loss=nan
2026-05-19 03:50:51 [info     ] epoch_complete                 epoch=4 is_best=False lr=0.0008020000000000034 total_epochs=50 train_loss=nan val_loss=0.026463
2026-05-19 03:50:51 [debug    ] epoch_start                    epoch=5 total_epochs=50
2026-05-19 03:51:51 [warning  ] nan_or_inf_loss                loss=nan
2026-05-19 04:02:38 [debug    ] meta_saved                     path=data/models/backbone_3_seed1/meta.json
2026-05-19 04:02:38 [debug    ] model_saved                    epoch=5
2026-05-19 04:02:38 [info     ] epoch_complete                 epoch=5 is_best=True lr=0.001 total_epochs=50 train_loss=nan val_loss=0.024576
2026-05-19 04:02:38 [debug    ] epoch_start                    epoch=6 total_epochs=50
2026-05-19 04:02:41 [warning  ] nan_or_inf_loss                loss=nan
2026-05-19 04:14:25 [info     ] epoch_complete                 epoch=6 is_best=False lr=0.0009779999999999641 total_epochs=50 train_loss=nan val_loss=0.024881
2026-05-19 04:14:25 [debug    ] epoch_start                    epoch=7 total_epochs=50
2026-05-19 04:25:32 [warning  ] nan_or_inf_loss                loss=nan
2026-05-19 04:26:12 [debug    ] meta_saved                     path=data/models/backbone_3_seed1/meta.json
2026-05-19 04:26:12 [debug    ] model_saved                    epoch=7
2026-05-19 04:26:12 [info     ] epoch_complete                 epoch=7 is_best=True lr=0.000955999999999966 total_epochs=50 train_loss=nan val_loss=0.023648
2026-05-19 04:26:12 [debug    ] epoch_start                    epoch=8 total_epochs=50
2026-05-19 04:34:22 [warning  ] nan_or_inf_loss                loss=nan
2026-05-19 04:37:58 [info     ] epoch_complete                 epoch=8 is_best=False lr=0.0009339999999999676 total_epochs=50 train_loss=nan val_loss=0.026298
2026-05-19 04:37:58 [debug    ] epoch_start                    epoch=9 total_epochs=50
2026-05-19 04:38:21 [warning  ] nan_or_inf_loss                loss=nan
2026-05-19 04:49:46 [info     ] epoch_complete                 epoch=9 is_best=False lr=0.0009119999999999646 total_epochs=50 train_loss=nan val_loss=0.023777
2026-05-19 04:49:46 [debug    ] epoch_start                    epoch=10 total_epochs=50
2026-05-19 04:58:13 [warning  ] nan_or_inf_loss                loss=nan
2026-05-19 05:01:33 [info     ] epoch_complete                 epoch=10 is_best=False lr=0.0008899999999999641 total_epochs=50 train_loss=nan val_loss=0.02396
2026-05-19 05:01:33 [debug    ] epoch_start                    epoch=11 total_epochs=50
2026-05-19 05:09:26 [warning  ] nan_or_inf_loss                loss=nan
2026-05-19 05:13:12 [info     ] epoch_complete                 epoch=11 is_best=False lr=0.0008679999999999602 total_epochs=50 train_loss=nan val_loss=0.02412
2026-05-19 05:13:12 [debug    ] epoch_start                    epoch=12 total_epochs=50
2026-05-19 05:24:13 [warning  ] nan_or_inf_loss                loss=nan
2026-05-19 05:24:38 [info     ] epoch_complete                 epoch=12 is_best=False lr=0.0008459999999999557 total_epochs=50 train_loss=nan val_loss=0.023673
2026-05-19 05:24:38 [debug    ] epoch_start                    epoch=13 total_epochs=50
2026-05-19 05:35:05 [warning  ] nan_or_inf_loss                loss=nan
2026-05-19 05:36:03 [debug    ] meta_saved                     path=data/models/backbone_3_seed1/meta.json
2026-05-19 05:36:03 [debug    ] model_saved                    epoch=13
2026-05-19 05:36:03 [info     ] epoch_complete                 epoch=13 is_best=True lr=0.0008239999999999501 total_epochs=50 train_loss=nan val_loss=0.023217
2026-05-19 05:36:03 [debug    ] epoch_start                    epoch=14 total_epochs=50
2026-05-19 05:39:19 [warning  ] nan_or_inf_loss                loss=nan
2026-05-19 05:47:29 [debug    ] meta_saved                     path=data/models/backbone_3_seed1/meta.json
2026-05-19 05:47:29 [debug    ] model_saved                    epoch=14
2026-05-19 05:47:29 [info     ] epoch_complete                 epoch=14 is_best=True lr=0.0008019999999999432 total_epochs=50 train_loss=nan val_loss=0.022902
2026-05-19 05:47:29 [debug    ] epoch_start                    epoch=15 total_epochs=50
2026-05-19 05:56:35 [warning  ] nan_or_inf_loss                loss=nan
2026-05-19 05:58:54 [info     ] epoch_complete                 epoch=15 is_best=False lr=0.0007799999999999348 total_epochs=50 train_loss=nan val_loss=0.023061
2026-05-19 05:58:54 [debug    ] epoch_start                    epoch=16 total_epochs=50
2026-05-19 06:00:46 [warning  ] nan_or_inf_loss                loss=nan
2026-05-19 06:10:22 [debug    ] meta_saved                     path=data/models/backbone_3_seed1/meta.json
2026-05-19 06:10:22 [debug    ] model_saved                    epoch=16
2026-05-19 06:10:22 [info     ] epoch_complete                 epoch=16 is_best=True lr=0.0007579999999999236 total_epochs=50 train_loss=nan val_loss=0.022849
2026-05-19 06:10:22 [debug    ] epoch_start                    epoch=17 total_epochs=50
2026-05-19 06:16:29 [warning  ] nan_or_inf_loss                loss=nan
2026-05-19 06:21:45 [info     ] epoch_complete                 epoch=17 is_best=False lr=0.0007359999999999133 total_epochs=50 train_loss=nan val_loss=0.023018
2026-05-19 06:21:45 [debug    ] epoch_start                    epoch=18 total_epochs=50
2026-05-19 06:29:07 [warning  ] nan_or_inf_loss                loss=nan
2026-05-19 06:33:09 [info     ] epoch_complete                 epoch=18 is_best=False lr=0.0007139999999999008 total_epochs=50 train_loss=nan val_loss=0.023069
2026-05-19 06:33:09 [debug    ] epoch_start                    epoch=19 total_epochs=50
2026-05-19 06:37:56 [warning  ] nan_or_inf_loss                loss=nan
2026-05-19 06:44:31 [info     ] epoch_complete                 epoch=19 is_best=False lr=0.0006919999999998854 total_epochs=50 train_loss=nan val_loss=0.022948
2026-05-19 06:44:31 [debug    ] epoch_start                    epoch=20 total_epochs=50
2026-05-19 06:49:26 [warning  ] nan_or_inf_loss                loss=nan
2026-05-19 06:55:53 [info     ] epoch_complete                 epoch=20 is_best=False lr=0.0006699999999998693 total_epochs=50 train_loss=nan val_loss=0.025035
2026-05-19 06:55:53 [debug    ] epoch_start                    epoch=21 total_epochs=50
2026-05-19 07:03:30 [warning  ] nan_or_inf_loss                loss=nan
2026-05-19 07:07:13 [debug    ] meta_saved                     path=data/models/backbone_3_seed1/meta.json
2026-05-19 07:07:13 [debug    ] model_saved                    epoch=21
2026-05-19 07:07:13 [info     ] epoch_complete                 epoch=21 is_best=True lr=0.0006479999999998547 total_epochs=50 train_loss=nan val_loss=0.022756
2026-05-19 07:07:13 [debug    ] epoch_start                    epoch=22 total_epochs=50
2026-05-19 07:09:33 [warning  ] nan_or_inf_loss                loss=nan
2026-05-19 07:18:36 [info     ] epoch_complete                 epoch=22 is_best=False lr=0.0006259999999998386 total_epochs=50 train_loss=nan val_loss=0.022805
2026-05-19 07:18:36 [debug    ] epoch_start                    epoch=23 total_epochs=50
2026-05-19 07:20:14 [warning  ] nan_or_inf_loss                loss=nan
2026-05-19 07:29:56 [info     ] epoch_complete                 epoch=23 is_best=False lr=0.0006039999999998202 total_epochs=50 train_loss=nan val_loss=0.034024
2026-05-19 07:29:56 [debug    ] epoch_start                    epoch=24 total_epochs=50
2026-05-19 07:30:42 [warning  ] nan_or_inf_loss                loss=nan
2026-05-19 07:42:33 [info     ] epoch_complete                 epoch=24 is_best=False lr=0.0005819999999998049 total_epochs=50 train_loss=nan val_loss=0.02405
2026-05-19 07:42:33 [debug    ] epoch_start                    epoch=25 total_epochs=50
2026-05-19 07:53:41 [warning  ] nan_or_inf_loss                loss=nan
2026-05-19 07:56:49 [debug    ] meta_saved                     path=data/models/backbone_3_seed1/meta.json
2026-05-19 07:56:49 [debug    ] model_saved                    epoch=25
2026-05-19 07:56:49 [info     ] epoch_complete                 epoch=25 is_best=True lr=0.0005599999999997843 total_epochs=50 train_loss=nan val_loss=0.022357
2026-05-19 07:56:49 [debug    ] epoch_start                    epoch=26 total_epochs=50
2026-05-19 08:08:23 [warning  ] nan_or_inf_loss                loss=nan
2026-05-19 08:09:32 [info     ] epoch_complete                 epoch=26 is_best=False lr=0.0005379999999997661 total_epochs=50 train_loss=nan val_loss=0.022522
2026-05-19 08:09:32 [debug    ] epoch_start                    epoch=27 total_epochs=50
2026-05-19 08:18:21 [warning  ] nan_or_inf_loss                loss=nan
2026-05-19 08:22:37 [info     ] epoch_complete                 epoch=27 is_best=False lr=0.0005159999999997449 total_epochs=50 train_loss=nan val_loss=0.025348
2026-05-19 08:22:37 [debug    ] epoch_start                    epoch=28 total_epochs=50
2026-05-19 08:29:37 [warning  ] nan_or_inf_loss                loss=nan
2026-05-19 08:36:35 [info     ] epoch_complete                 epoch=28 is_best=False lr=0.0004939999999997231 total_epochs=50 train_loss=nan val_loss=0.023322
2026-05-19 08:36:35 [debug    ] epoch_start                    epoch=29 total_epochs=50
2026-05-19 08:50:16 [warning  ] nan_or_inf_loss                loss=nan
2026-05-19 08:50:48 [info     ] epoch_complete                 epoch=29 is_best=False lr=0.00047199999999972654 total_epochs=50 train_loss=nan val_loss=0.025078
2026-05-19 08:50:48 [debug    ] epoch_start                    epoch=30 total_epochs=50
2026-05-19 09:04:09 [warning  ] nan_or_inf_loss                loss=nan
2026-05-19 09:05:15 [info     ] epoch_complete                 epoch=30 is_best=False lr=0.00044999999999974005 total_epochs=50 train_loss=nan val_loss=0.023191
2026-05-19 09:05:15 [debug    ] epoch_start                    epoch=31 total_epochs=50
2026-05-19 09:15:17 [warning  ] nan_or_inf_loss                loss=nan
2026-05-19 09:19:26 [info     ] epoch_complete                 epoch=31 is_best=False lr=0.00042799999999975404 total_epochs=50 train_loss=nan val_loss=0.022564
2026-05-19 09:19:26 [debug    ] epoch_start                    epoch=32 total_epochs=50
2026-05-19 09:25:13 [warning  ] nan_or_inf_loss                loss=nan
2026-05-19 09:33:59 [info     ] epoch_complete                 epoch=32 is_best=False lr=0.0004059999999997666 total_epochs=50 train_loss=nan val_loss=0.022531
2026-05-19 09:33:59 [debug    ] epoch_start                    epoch=33 total_epochs=50
2026-05-19 09:43:47 [warning  ] nan_or_inf_loss                loss=nan
2026-05-19 09:48:26 [info     ] epoch_complete                 epoch=33 is_best=False lr=0.00038399999999978274 total_epochs=50 train_loss=nan val_loss=0.022594
2026-05-19 09:48:26 [debug    ] epoch_start                    epoch=34 total_epochs=50
2026-05-19 09:49:31 [warning  ] nan_or_inf_loss                loss=nan
2026-05-19 10:02:43 [info     ] epoch_complete                 epoch=34 is_best=False lr=0.0003619999999997976 total_epochs=50 train_loss=nan val_loss=0.022394
2026-05-19 10:02:43 [debug    ] epoch_start                    epoch=35 total_epochs=50
2026-05-19 10:16:52 [warning  ] nan_or_inf_loss                loss=nan
2026-05-19 10:17:18 [debug    ] meta_saved                     path=data/models/backbone_3_seed1/meta.json
2026-05-19 10:17:18 [debug    ] model_saved                    epoch=35
2026-05-19 10:17:18 [info     ] epoch_complete                 epoch=35 is_best=True lr=0.00033999999999981284 total_epochs=50 train_loss=nan val_loss=0.022145
2026-05-19 10:17:18 [debug    ] epoch_start                    epoch=36 total_epochs=50
2026-05-19 10:25:13 [warning  ] nan_or_inf_loss                loss=nan
2026-05-19 10:31:44 [debug    ] meta_saved                     path=data/models/backbone_3_seed1/meta.json
2026-05-19 10:31:44 [debug    ] model_saved                    epoch=36
2026-05-19 10:31:44 [info     ] epoch_complete                 epoch=36 is_best=True lr=0.00031799999999982846 total_epochs=50 train_loss=nan val_loss=0.022118
2026-05-19 10:31:44 [debug    ] epoch_start                    epoch=37 total_epochs=50
2026-05-19 10:45:44 [warning  ] nan_or_inf_loss                loss=nan
2026-05-19 10:46:06 [info     ] epoch_complete                 epoch=37 is_best=False lr=0.00029599999999984576 total_epochs=50 train_loss=nan val_loss=0.0222
2026-05-19 10:46:06 [debug    ] epoch_start                    epoch=38 total_epochs=50
2026-05-19 10:53:59 [warning  ] nan_or_inf_loss                loss=nan
2026-05-19 11:00:09 [debug    ] meta_saved                     path=data/models/backbone_3_seed1/meta.json
2026-05-19 11:00:09 [debug    ] model_saved                    epoch=38
2026-05-19 11:00:09 [info     ] epoch_complete                 epoch=38 is_best=True lr=0.00027399999999986176 total_epochs=50 train_loss=nan val_loss=0.022005
2026-05-19 11:00:09 [debug    ] epoch_start                    epoch=39 total_epochs=50
2026-05-19 11:01:35 [warning  ] nan_or_inf_loss                loss=nan
2026-05-19 11:14:13 [debug    ] meta_saved                     path=data/models/backbone_3_seed1/meta.json
2026-05-19 11:14:13 [debug    ] model_saved                    epoch=39
2026-05-19 11:14:13 [info     ] epoch_complete                 epoch=39 is_best=True lr=0.0002519999999998791 total_epochs=50 train_loss=nan val_loss=0.022005
2026-05-19 11:14:13 [debug    ] epoch_start                    epoch=40 total_epochs=50
2026-05-19 11:22:40 [warning  ] nan_or_inf_loss                loss=nan
2026-05-19 11:28:38 [info     ] epoch_complete                 epoch=40 is_best=False lr=0.00022999999999989115 total_epochs=50 train_loss=nan val_loss=0.022708
2026-05-19 11:28:38 [debug    ] epoch_start                    epoch=41 total_epochs=50
2026-05-19 11:40:27 [warning  ] nan_or_inf_loss                loss=nan
2026-05-19 11:41:51 [debug    ] meta_saved                     path=data/models/backbone_3_seed1/meta.json
2026-05-19 11:41:51 [debug    ] model_saved                    epoch=41
2026-05-19 11:41:51 [info     ] epoch_complete                 epoch=41 is_best=True lr=0.00020799999999989986 total_epochs=50 train_loss=nan val_loss=0.021989
2026-05-19 11:41:51 [debug    ] epoch_start                    epoch=42 total_epochs=50
2026-05-19 11:44:14 [warning  ] nan_or_inf_loss                loss=nan
2026-05-19 11:53:16 [debug    ] meta_saved                     path=data/models/backbone_3_seed1/meta.json
2026-05-19 11:53:16 [debug    ] model_saved                    epoch=42
2026-05-19 11:53:16 [info     ] epoch_complete                 epoch=42 is_best=True lr=0.00018599999999990713 total_epochs=50 train_loss=nan val_loss=0.021905
2026-05-19 11:53:16 [debug    ] epoch_start                    epoch=43 total_epochs=50
2026-05-19 12:00:46 [warning  ] nan_or_inf_loss                loss=nan
2026-05-19 12:04:41 [info     ] epoch_complete                 epoch=43 is_best=False lr=0.00016399999999991286 total_epochs=50 train_loss=nan val_loss=0.021918
2026-05-19 12:04:41 [debug    ] epoch_start                    epoch=44 total_epochs=50
2026-05-19 12:06:39 [warning  ] nan_or_inf_loss                loss=nan
2026-05-19 12:16:04 [info     ] epoch_complete                 epoch=44 is_best=False lr=0.00014199999999991775 total_epochs=50 train_loss=nan val_loss=0.02197
2026-05-19 12:16:04 [debug    ] epoch_start                    epoch=45 total_epochs=50
2026-05-19 12:21:52 [warning  ] nan_or_inf_loss                loss=nan
2026-05-19 12:27:36 [debug    ] meta_saved                     path=data/models/backbone_3_seed1/meta.json
2026-05-19 12:27:36 [debug    ] model_saved                    epoch=45
2026-05-19 12:27:36 [info     ] epoch_complete                 epoch=45 is_best=True lr=0.00011999999999992358 total_epochs=50 train_loss=nan val_loss=0.021614
2026-05-19 12:27:36 [debug    ] epoch_start                    epoch=46 total_epochs=50
2026-05-19 12:29:16 [warning  ] nan_or_inf_loss                loss=nan
2026-05-19 12:38:56 [info     ] epoch_complete                 epoch=46 is_best=False lr=9.799999999993738e-05 total_epochs=50 train_loss=nan val_loss=0.021924
2026-05-19 12:38:56 [debug    ] epoch_start                    epoch=47 total_epochs=50
2026-05-19 12:39:43 [warning  ] nan_or_inf_loss                loss=nan
2026-05-19 12:50:16 [info     ] epoch_complete                 epoch=47 is_best=False lr=7.599999999995096e-05 total_epochs=50 train_loss=nan val_loss=0.021781
2026-05-19 12:50:16 [debug    ] epoch_start                    epoch=48 total_epochs=50
2026-05-19 12:52:48 [warning  ] nan_or_inf_loss                loss=nan
2026-05-19 13:01:37 [debug    ] meta_saved                     path=data/models/backbone_3_seed1/meta.json
2026-05-19 13:01:37 [debug    ] model_saved                    epoch=48
2026-05-19 13:01:37 [info     ] epoch_complete                 epoch=48 is_best=True lr=5.399999999996508e-05 total_epochs=50 train_loss=nan val_loss=0.021551
2026-05-19 13:01:37 [debug    ] epoch_start                    epoch=49 total_epochs=50
2026-05-19 13:10:36 [warning  ] nan_or_inf_loss                loss=nan
2026-05-19 13:12:57 [info     ] epoch_complete                 epoch=49 is_best=False lr=3.1999999999980124e-05 total_epochs=50 train_loss=nan val_loss=0.021599
2026-05-19 13:12:57 [debug    ] epoch_start                    epoch=50 total_epochs=50
2026-05-19 13:17:46 [warning  ] nan_or_inf_loss                loss=nan
2026-05-19 13:24:16 [debug    ] meta_saved                     path=data/models/backbone_3_seed1/meta.json
2026-05-19 13:24:16 [debug    ] model_saved                    epoch=50
2026-05-19 13:24:16 [info     ] epoch_complete                 epoch=50 is_best=True lr=9.999999999993956e-06 total_epochs=50 train_loss=nan val_loss=0.021503
2026-05-19 13:24:16 [info     ] training_log_saved             path=data/models/backbone_3_seed1/training_losses.csv
2026-05-19 13:24:16 [info     ] training_complete              best_val_loss=0.021503
2026-05-19 13:24:16 [info     ] train_typecode_done            typecode=A320
2026-05-19 13:24:16 [info     ] train_done                     typecodes=['A320']

$ uv run fdm train --arch adsb --config results_run3/backbone_3_seed1/config.yaml --model-name backbone_3_seed1 --epochs 50 --batch-size 32 --lr 0.001 --method rk4 --seq-len 30 --train-limit 5000 --activation relu --seed 1 --backbone-depth 3 --head-depth 2 --hidden-width 48 --device cuda --no-use-mode-weights
