2026-05-18 08:48:31 [info     ] train_start                    arch=adsb device=cuda typecodes=['A320']
2026-05-18 08:48:31 [info     ] train_typecode                 typecode=A320
2026-05-18 08:48:31 [info     ] loading_data                   train_flights=1594 val_flights=247
2026-05-18 08:48:31 [warning  ] e1_column_missing              column=fdm_g_sin_gamma_ms2
2026-05-18 08:48:31 [warning  ] e1_column_missing              column=fdm_cos_gamma
2026-05-18 08:48:31 [warning  ] e1_column_missing              column=fdm_q_pa
2026-05-18 08:48:31 [warning  ] e1_column_missing              column=fdm_g_over_v
2026-05-18 08:48:31 [warning  ] e1_column_missing              column=fdm_lat_wind_ms
2026-05-18 08:48:31 [warning  ] e1_column_missing              column=fdm_drift_rad
2026-05-18 08:48:31 [warning  ] e1_column_missing              column=fdm_track_rad
2026-05-18 08:48:31 [warning  ] e1_column_missing              column=fdm_heading_diff_rad
2026-05-18 08:48:36 [warning  ] e1_column_missing              column=fdm_g_sin_gamma_ms2
2026-05-18 08:48:36 [warning  ] e1_column_missing              column=fdm_cos_gamma
2026-05-18 08:48:36 [warning  ] e1_column_missing              column=fdm_q_pa
2026-05-18 08:48:36 [warning  ] e1_column_missing              column=fdm_g_over_v
2026-05-18 08:48:36 [warning  ] e1_column_missing              column=fdm_lat_wind_ms
2026-05-18 08:48:36 [warning  ] e1_column_missing              column=fdm_drift_rad
2026-05-18 08:48:36 [warning  ] e1_column_missing              column=fdm_track_rad
2026-05-18 08:48:36 [warning  ] e1_column_missing              column=fdm_heading_diff_rad
2026-05-18 08:48:37 [info     ] data_loaded                    train_samples=23212 val_samples=3628
2026-05-18 08:48:53 [debug    ] meta_saved                     path=data/models/seq_60_seed0/meta.json
2026-05-18 08:48:53 [info     ] trainer_initialized            architecture=node_adsb_v1 device=cuda train_samples=23212 val_samples=3628
2026-05-18 08:48:53 [info     ] preloading_data_to_gpu
2026-05-18 08:48:53 [debug    ] epoch_start                    epoch=1 total_epochs=50
/data/common/dataiku/config/projects/NODEFDM/lib/python/.venv/lib/python3.12/site-packages/torch/_inductor/compile_fx.py:321: UserWarning: TensorFloat32 tensor cores for float32 matrix multiplication available but not enabled. Consider setting `torch.set_float32_matmul_precision('high')` for better performance.
  warnings.warn(
2026-05-18 08:49:15 [info     ] debug_magnitudes               norm_mean=['8568.283203', '-0.001322', '213.622833', '3.253931'] norm_std=['2269.236084', '0.038830', '32.838379', '1.246786'] ode_loss=1.214532
W0518 09:01:31.803000 1098453 torch/_dynamo/convert_frame.py:1676] [0/8] torch._dynamo hit config.recompile_limit (8)
W0518 09:01:31.803000 1098453 torch/_dynamo/convert_frame.py:1676] [0/8]    function: 'forward' (/data/common/dataiku/config/projects/NODEFDM/lib/python/packages/node-fdm/src/node_fdm/models/fdm.py:181)
W0518 09:01:31.803000 1098453 torch/_dynamo/convert_frame.py:1676] [0/8]    last reason: 0/7: tensor 'self.history['raw_alt_m']' size mismatch at index 1. expected 1, actual 2
W0518 09:01:31.803000 1098453 torch/_dynamo/convert_frame.py:1676] [0/8] To log all recompilation reasons, use TORCH_LOGS="recompiles".
W0518 09:01:31.803000 1098453 torch/_dynamo/convert_frame.py:1676] [0/8] To diagnose recompilation issues, see https://pytorch.org/docs/main/compile/programming_model.recompilation.html
2026-05-18 09:01:32 [debug    ] meta_saved                     path=data/models/seq_60_seed0/meta.json
2026-05-18 09:01:32 [debug    ] model_saved                    epoch=1
2026-05-18 09:01:32 [info     ] epoch_complete                 epoch=1 is_best=True lr=0.0002079999999999997 total_epochs=50 train_loss=0.17458 val_loss=0.048549
2026-05-18 09:01:32 [debug    ] epoch_start                    epoch=2 total_epochs=50
2026-05-18 09:12:45 [debug    ] meta_saved                     path=data/models/seq_60_seed0/meta.json
2026-05-18 09:12:45 [debug    ] model_saved                    epoch=2
2026-05-18 09:12:45 [info     ] epoch_complete                 epoch=2 is_best=True lr=0.0004059999999999966 total_epochs=50 train_loss=0.044841 val_loss=0.034905
2026-05-18 09:12:45 [debug    ] epoch_start                    epoch=3 total_epochs=50
2026-05-18 09:23:55 [debug    ] meta_saved                     path=data/models/seq_60_seed0/meta.json
2026-05-18 09:23:55 [debug    ] model_saved                    epoch=3
2026-05-18 09:23:55 [info     ] epoch_complete                 epoch=3 is_best=True lr=0.0006039999999999978 total_epochs=50 train_loss=0.0382 val_loss=0.03343
2026-05-18 09:23:55 [debug    ] epoch_start                    epoch=4 total_epochs=50
2026-05-18 09:35:06 [debug    ] meta_saved                     path=data/models/seq_60_seed0/meta.json
2026-05-18 09:35:06 [debug    ] model_saved                    epoch=4
2026-05-18 09:35:06 [info     ] epoch_complete                 epoch=4 is_best=True lr=0.0008019999999999982 total_epochs=50 train_loss=0.03647 val_loss=0.031502
2026-05-18 09:35:06 [debug    ] epoch_start                    epoch=5 total_epochs=50
2026-05-18 09:46:16 [info     ] epoch_complete                 epoch=5 is_best=False lr=0.001 total_epochs=50 train_loss=0.035449 val_loss=0.032265
2026-05-18 09:46:16 [debug    ] epoch_start                    epoch=6 total_epochs=50
2026-05-18 09:57:26 [info     ] epoch_complete                 epoch=6 is_best=False lr=0.0009780000000000073 total_epochs=50 train_loss=0.034495 val_loss=0.03178
2026-05-18 09:57:26 [debug    ] epoch_start                    epoch=7 total_epochs=50
2026-05-18 10:08:39 [info     ] epoch_complete                 epoch=7 is_best=False lr=0.0009560000000000082 total_epochs=50 train_loss=0.03475 val_loss=0.246337
2026-05-18 10:08:39 [debug    ] epoch_start                    epoch=8 total_epochs=50
2026-05-18 10:19:52 [debug    ] meta_saved                     path=data/models/seq_60_seed0/meta.json
2026-05-18 10:19:52 [debug    ] model_saved                    epoch=8
2026-05-18 10:19:52 [info     ] epoch_complete                 epoch=8 is_best=True lr=0.0009340000000000075 total_epochs=50 train_loss=0.038447 val_loss=0.030519
2026-05-18 10:19:52 [debug    ] epoch_start                    epoch=9 total_epochs=50
2026-05-18 10:31:07 [debug    ] meta_saved                     path=data/models/seq_60_seed0/meta.json
2026-05-18 10:31:07 [debug    ] model_saved                    epoch=9
2026-05-18 10:31:07 [info     ] epoch_complete                 epoch=9 is_best=True lr=0.0009120000000000046 total_epochs=50 train_loss=0.033626 val_loss=0.030348
2026-05-18 10:31:07 [debug    ] epoch_start                    epoch=10 total_epochs=50
2026-05-18 10:42:20 [debug    ] meta_saved                     path=data/models/seq_60_seed0/meta.json
2026-05-18 10:42:20 [debug    ] model_saved                    epoch=10
2026-05-18 10:42:20 [info     ] epoch_complete                 epoch=10 is_best=True lr=0.0008900000000000022 total_epochs=50 train_loss=0.032747 val_loss=0.029579
2026-05-18 10:42:20 [debug    ] epoch_start                    epoch=11 total_epochs=50
2026-05-18 10:53:32 [info     ] epoch_complete                 epoch=11 is_best=False lr=0.000867999999999998 total_epochs=50 train_loss=0.035571 val_loss=0.030767
2026-05-18 10:53:32 [debug    ] epoch_start                    epoch=12 total_epochs=50
2026-05-18 11:04:45 [info     ] epoch_complete                 epoch=12 is_best=False lr=0.0008459999999999935 total_epochs=50 train_loss=0.032947 val_loss=0.040503
2026-05-18 11:04:45 [debug    ] epoch_start                    epoch=13 total_epochs=50
2026-05-18 11:16:01 [debug    ] meta_saved                     path=data/models/seq_60_seed0/meta.json
2026-05-18 11:16:01 [debug    ] model_saved                    epoch=13
2026-05-18 11:16:01 [info     ] epoch_complete                 epoch=13 is_best=True lr=0.0008239999999999882 total_epochs=50 train_loss=0.033221 val_loss=0.029404
2026-05-18 11:16:01 [debug    ] epoch_start                    epoch=14 total_epochs=50
2026-05-18 11:27:19 [info     ] epoch_complete                 epoch=14 is_best=False lr=0.0008019999999999828 total_epochs=50 train_loss=0.032763 val_loss=0.030747
2026-05-18 11:27:19 [debug    ] epoch_start                    epoch=15 total_epochs=50
2026-05-18 11:38:37 [debug    ] meta_saved                     path=data/models/seq_60_seed0/meta.json
2026-05-18 11:38:37 [debug    ] model_saved                    epoch=15
2026-05-18 11:38:37 [info     ] epoch_complete                 epoch=15 is_best=True lr=0.0007799999999999775 total_epochs=50 train_loss=0.032186 val_loss=0.028581
2026-05-18 11:38:37 [debug    ] epoch_start                    epoch=16 total_epochs=50
2026-05-18 11:49:53 [info     ] epoch_complete                 epoch=16 is_best=False lr=0.0007579999999999722 total_epochs=50 train_loss=0.033217 val_loss=0.029793
2026-05-18 11:49:53 [debug    ] epoch_start                    epoch=17 total_epochs=50
2026-05-18 12:01:07 [info     ] epoch_complete                 epoch=17 is_best=False lr=0.0007359999999999669 total_epochs=50 train_loss=0.033393 val_loss=0.028599
2026-05-18 12:01:07 [debug    ] epoch_start                    epoch=18 total_epochs=50
2026-05-18 12:12:21 [info     ] epoch_complete                 epoch=18 is_best=False lr=0.0007139999999999616 total_epochs=50 train_loss=0.039858 val_loss=0.030787
2026-05-18 12:12:21 [debug    ] epoch_start                    epoch=19 total_epochs=50
2026-05-18 12:23:33 [info     ] epoch_complete                 epoch=19 is_best=False lr=0.0006919999999999563 total_epochs=50 train_loss=0.033112 val_loss=0.029645
2026-05-18 12:23:33 [debug    ] epoch_start                    epoch=20 total_epochs=50
2026-05-18 12:34:46 [info     ] epoch_complete                 epoch=20 is_best=False lr=0.000669999999999951 total_epochs=50 train_loss=0.032102 val_loss=0.028965
2026-05-18 12:34:46 [debug    ] epoch_start                    epoch=21 total_epochs=50
2026-05-18 12:45:58 [info     ] epoch_complete                 epoch=21 is_best=False lr=0.0006479999999999457 total_epochs=50 train_loss=0.032159 val_loss=0.028615
2026-05-18 12:45:58 [debug    ] epoch_start                    epoch=22 total_epochs=50
2026-05-18 12:57:12 [info     ] epoch_complete                 epoch=22 is_best=False lr=0.0006259999999999404 total_epochs=50 train_loss=0.031342 val_loss=0.028612
2026-05-18 12:57:12 [debug    ] epoch_start                    epoch=23 total_epochs=50
2026-05-18 13:08:23 [debug    ] meta_saved                     path=data/models/seq_60_seed0/meta.json
2026-05-18 13:08:23 [debug    ] model_saved                    epoch=23
2026-05-18 13:08:23 [info     ] epoch_complete                 epoch=23 is_best=True lr=0.0006039999999999351 total_epochs=50 train_loss=0.031485 val_loss=0.028392
2026-05-18 13:08:23 [debug    ] epoch_start                    epoch=24 total_epochs=50
2026-05-18 13:19:33 [info     ] epoch_complete                 epoch=24 is_best=False lr=0.0005819999999999298 total_epochs=50 train_loss=0.031522 val_loss=0.028902
2026-05-18 13:19:33 [debug    ] epoch_start                    epoch=25 total_epochs=50
2026-05-18 13:30:46 [info     ] epoch_complete                 epoch=25 is_best=False lr=0.0005599999999999245 total_epochs=50 train_loss=0.033514 val_loss=0.031776
2026-05-18 13:30:46 [debug    ] epoch_start                    epoch=26 total_epochs=50
2026-05-18 13:41:57 [info     ] epoch_complete                 epoch=26 is_best=False lr=0.0005379999999999192 total_epochs=50 train_loss=0.031631 val_loss=0.028497
2026-05-18 13:41:57 [debug    ] epoch_start                    epoch=27 total_epochs=50
2026-05-18 13:53:10 [debug    ] meta_saved                     path=data/models/seq_60_seed0/meta.json
2026-05-18 13:53:10 [debug    ] model_saved                    epoch=27
2026-05-18 13:53:10 [info     ] epoch_complete                 epoch=27 is_best=True lr=0.0005159999999999139 total_epochs=50 train_loss=0.031017 val_loss=0.028134
2026-05-18 13:53:10 [debug    ] epoch_start                    epoch=28 total_epochs=50
2026-05-18 14:04:23 [info     ] epoch_complete                 epoch=28 is_best=False lr=0.0004939999999999086 total_epochs=50 train_loss=0.030836 val_loss=0.028204
2026-05-18 14:04:23 [debug    ] epoch_start                    epoch=29 total_epochs=50
2026-05-18 14:15:36 [info     ] epoch_complete                 epoch=29 is_best=False lr=0.0004719999999999097 total_epochs=50 train_loss=0.030682 val_loss=0.028463
2026-05-18 14:15:36 [debug    ] epoch_start                    epoch=30 total_epochs=50
2026-05-18 14:26:48 [info     ] epoch_complete                 epoch=30 is_best=False lr=0.0004499999999999135 total_epochs=50 train_loss=0.030476 val_loss=0.028402
2026-05-18 14:26:48 [debug    ] epoch_start                    epoch=31 total_epochs=50
2026-05-18 14:38:00 [debug    ] meta_saved                     path=data/models/seq_60_seed0/meta.json
2026-05-18 14:38:00 [debug    ] model_saved                    epoch=31
2026-05-18 14:38:00 [info     ] epoch_complete                 epoch=31 is_best=True lr=0.0004279999999999172 total_epochs=50 train_loss=0.030597 val_loss=0.028028
2026-05-18 14:38:00 [debug    ] epoch_start                    epoch=32 total_epochs=50
2026-05-18 14:49:14 [info     ] epoch_complete                 epoch=32 is_best=False lr=0.00040599999999991863 total_epochs=50 train_loss=0.030267 val_loss=0.028247
2026-05-18 14:49:14 [debug    ] epoch_start                    epoch=33 total_epochs=50
2026-05-18 15:00:25 [info     ] epoch_complete                 epoch=33 is_best=False lr=0.00038399999999991886 total_epochs=50 train_loss=0.03075 val_loss=0.0284
2026-05-18 15:00:25 [debug    ] epoch_start                    epoch=34 total_epochs=50
2026-05-18 15:11:37 [debug    ] meta_saved                     path=data/models/seq_60_seed0/meta.json
2026-05-18 15:11:37 [debug    ] model_saved                    epoch=34
2026-05-18 15:11:37 [info     ] epoch_complete                 epoch=34 is_best=True lr=0.00036199999999992076 total_epochs=50 train_loss=0.030053 val_loss=0.027725
2026-05-18 15:11:37 [debug    ] epoch_start                    epoch=35 total_epochs=50
2026-05-18 15:22:51 [info     ] epoch_complete                 epoch=35 is_best=False lr=0.00033999999999992115 total_epochs=50 train_loss=0.030151 val_loss=0.027867
2026-05-18 15:22:51 [debug    ] epoch_start                    epoch=36 total_epochs=50
2026-05-18 15:34:02 [debug    ] meta_saved                     path=data/models/seq_60_seed0/meta.json
2026-05-18 15:34:02 [debug    ] model_saved                    epoch=36
2026-05-18 15:34:02 [info     ] epoch_complete                 epoch=36 is_best=True lr=0.00031799999999992186 total_epochs=50 train_loss=0.029824 val_loss=0.027667
2026-05-18 15:34:02 [debug    ] epoch_start                    epoch=37 total_epochs=50
2026-05-18 15:45:12 [debug    ] meta_saved                     path=data/models/seq_60_seed0/meta.json
2026-05-18 15:45:12 [debug    ] model_saved                    epoch=37
2026-05-18 15:45:12 [info     ] epoch_complete                 epoch=37 is_best=True lr=0.00029599999999992284 total_epochs=50 train_loss=0.029588 val_loss=0.027537
2026-05-18 15:45:12 [debug    ] epoch_start                    epoch=38 total_epochs=50
2026-05-18 15:57:49 [debug    ] meta_saved                     path=data/models/seq_60_seed0/meta.json
2026-05-18 15:57:49 [debug    ] model_saved                    epoch=38
2026-05-18 15:57:49 [info     ] epoch_complete                 epoch=38 is_best=True lr=0.00027399999999992263 total_epochs=50 train_loss=0.029602 val_loss=0.027443
2026-05-18 15:57:49 [debug    ] epoch_start                    epoch=39 total_epochs=50
2026-05-18 16:09:20 [info     ] epoch_complete                 epoch=39 is_best=False lr=0.0002519999999999225 total_epochs=50 train_loss=0.02943 val_loss=0.027772
2026-05-18 16:09:20 [debug    ] epoch_start                    epoch=40 total_epochs=50
2026-05-18 16:21:38 [debug    ] meta_saved                     path=data/models/seq_60_seed0/meta.json
2026-05-18 16:21:38 [debug    ] model_saved                    epoch=40
2026-05-18 16:21:38 [info     ] epoch_complete                 epoch=40 is_best=True lr=0.00022999999999992737 total_epochs=50 train_loss=0.029289 val_loss=0.027283
2026-05-18 16:21:38 [debug    ] epoch_start                    epoch=41 total_epochs=50
2026-05-18 16:32:46 [info     ] epoch_complete                 epoch=41 is_best=False lr=0.00020799999999993445 total_epochs=50 train_loss=0.029384 val_loss=0.027349
2026-05-18 16:32:46 [debug    ] epoch_start                    epoch=42 total_epochs=50
2026-05-18 16:43:55 [debug    ] meta_saved                     path=data/models/seq_60_seed0/meta.json
2026-05-18 16:43:55 [debug    ] model_saved                    epoch=42
2026-05-18 16:43:55 [info     ] epoch_complete                 epoch=42 is_best=True lr=0.00018599999999994207 total_epochs=50 train_loss=0.029483 val_loss=0.027161
2026-05-18 16:43:55 [debug    ] epoch_start                    epoch=43 total_epochs=50
2026-05-18 16:55:03 [debug    ] meta_saved                     path=data/models/seq_60_seed0/meta.json
2026-05-18 16:55:03 [debug    ] model_saved                    epoch=43
2026-05-18 16:55:03 [info     ] epoch_complete                 epoch=43 is_best=True lr=0.00016399999999995 total_epochs=50 train_loss=0.029068 val_loss=0.027133
2026-05-18 16:55:03 [debug    ] epoch_start                    epoch=44 total_epochs=50
2026-05-18 17:06:25 [info     ] epoch_complete                 epoch=44 is_best=False lr=0.00014199999999995773 total_epochs=50 train_loss=0.028927 val_loss=0.027399
2026-05-18 17:06:25 [debug    ] epoch_start                    epoch=45 total_epochs=50
2026-05-18 17:18:00 [info     ] epoch_complete                 epoch=45 is_best=False lr=0.00011999999999996525 total_epochs=50 train_loss=0.028879 val_loss=0.027304
2026-05-18 17:18:00 [debug    ] epoch_start                    epoch=46 total_epochs=50
2026-05-18 17:29:12 [debug    ] meta_saved                     path=data/models/seq_60_seed0/meta.json
2026-05-18 17:29:12 [debug    ] model_saved                    epoch=46
2026-05-18 17:29:12 [info     ] epoch_complete                 epoch=46 is_best=True lr=9.799999999997127e-05 total_epochs=50 train_loss=0.028804 val_loss=0.026962
2026-05-18 17:29:12 [debug    ] epoch_start                    epoch=47 total_epochs=50
2026-05-18 17:40:20 [debug    ] meta_saved                     path=data/models/seq_60_seed0/meta.json
2026-05-18 17:40:20 [debug    ] model_saved                    epoch=47
2026-05-18 17:40:20 [info     ] epoch_complete                 epoch=47 is_best=True lr=7.599999999997659e-05 total_epochs=50 train_loss=0.028698 val_loss=0.026932
2026-05-18 17:40:20 [debug    ] epoch_start                    epoch=48 total_epochs=50
2026-05-18 17:51:32 [info     ] epoch_complete                 epoch=48 is_best=False lr=5.3999999999982325e-05 total_epochs=50 train_loss=0.028588 val_loss=0.027132
2026-05-18 17:51:32 [debug    ] epoch_start                    epoch=49 total_epochs=50
2026-05-18 18:02:55 [info     ] epoch_complete                 epoch=49 is_best=False lr=3.199999999998954e-05 total_epochs=50 train_loss=0.028506 val_loss=0.02705
2026-05-18 18:02:56 [debug    ] epoch_start                    epoch=50 total_epochs=50
2026-05-18 18:14:21 [debug    ] meta_saved                     path=data/models/seq_60_seed0/meta.json
2026-05-18 18:14:21 [debug    ] model_saved                    epoch=50
2026-05-18 18:14:21 [info     ] epoch_complete                 epoch=50 is_best=True lr=9.999999999996658e-06 total_epochs=50 train_loss=0.02849 val_loss=0.02678
2026-05-18 18:14:21 [info     ] training_log_saved             path=data/models/seq_60_seed0/training_losses.csv
2026-05-18 18:14:21 [info     ] training_complete              best_val_loss=0.02678
2026-05-18 18:14:21 [info     ] train_typecode_done            typecode=A320
2026-05-18 18:14:21 [info     ] train_done                     typecodes=['A320']

$ uv run fdm train --arch adsb --config results_run3/seq_60_seed0/config.yaml --model-name seq_60_seed0 --epochs 50 --batch-size 32 --lr 0.001 --method rk4 --seq-len 60 --train-limit 5000 --activation relu --seed 0 --backbone-depth 2 --head-depth 2 --hidden-width 48 --device cuda --no-use-mode-weights
