2026-05-13 04:14:11 [info     ] train_start                    arch=adsb device=cuda typecodes=['A320']
2026-05-13 04:14:11 [info     ] train_typecode                 typecode=A320
2026-05-13 04:14:11 [info     ] mode_weights_computed          alpha=0.5 bottom5_labels=[['ALT_MACH', 0.6206242276704164, 556092], ['ALT_UNK', 0.6891691293583678, 450975], ['TURN', 0.8913340435092099, 269602], ['UNKVERT_MACH', 0.9861637175043825, 220245], ['ALT_CAS', 1.0707556265239335, 186820]] imbalance_ratio=40.174252275682704 n_labels=13 top5_labels=[['VZ_CAS', 3.9337125975553753, 13842], ['VZ_UNK', 2.533593642654822, 33368], ['GAMMA_CAS', 2.453056495492336, 35595], ['VZ_MACH', 2.0015537788607305, 53465], ['UNKVERT_CAS', 1.936559122733483, 57114]] weight_ratio_max_over_min=6.33831620193271
2026-05-13 04:14:12 [info     ] loading_data                   train_flights=1594 val_flights=247
2026-05-13 04:14:12 [warning  ] e1_column_missing              column=fdm_g_sin_gamma_ms2
2026-05-13 04:14:12 [warning  ] e1_column_missing              column=fdm_cos_gamma
2026-05-13 04:14:12 [warning  ] e1_column_missing              column=fdm_q_pa
2026-05-13 04:14:12 [warning  ] e1_column_missing              column=fdm_g_over_v
2026-05-13 04:14:12 [warning  ] e1_column_missing              column=fdm_lat_wind_ms
2026-05-13 04:14:12 [warning  ] e1_column_missing              column=fdm_drift_rad
2026-05-13 04:14:12 [warning  ] e1_column_missing              column=fdm_track_rad
2026-05-13 04:14:12 [warning  ] e1_column_missing              column=fdm_heading_diff_rad
2026-05-13 04:14:18 [warning  ] e1_column_missing              column=fdm_g_sin_gamma_ms2
2026-05-13 04:14:18 [warning  ] e1_column_missing              column=fdm_cos_gamma
2026-05-13 04:14:18 [warning  ] e1_column_missing              column=fdm_q_pa
2026-05-13 04:14:18 [warning  ] e1_column_missing              column=fdm_g_over_v
2026-05-13 04:14:18 [warning  ] e1_column_missing              column=fdm_lat_wind_ms
2026-05-13 04:14:18 [warning  ] e1_column_missing              column=fdm_drift_rad
2026-05-13 04:14:18 [warning  ] e1_column_missing              column=fdm_track_rad
2026-05-13 04:14:18 [warning  ] e1_column_missing              column=fdm_heading_diff_rad
2026-05-13 04:14:19 [info     ] data_loaded                    train_samples=23212 val_samples=3628
2026-05-13 04:14:35 [debug    ] meta_saved                     path=data/models/bs_256_seed2/meta.json
2026-05-13 04:14:35 [info     ] trainer_initialized            architecture=node_adsb_v1 device=cuda train_samples=23212 val_samples=3628
2026-05-13 04:14:35 [info     ] preloading_data_to_gpu
2026-05-13 04:14:35 [debug    ] epoch_start                    epoch=1 total_epochs=50
/data/common/dataiku/config/projects/NODEFDM/lib/python/.venv/lib/python3.12/site-packages/torch/_inductor/compile_fx.py:321: UserWarning: TensorFloat32 tensor cores for float32 matrix multiplication available but not enabled. Consider setting `torch.set_float32_matmul_precision('high')` for better performance.
  warnings.warn(
2026-05-13 04:15:01 [info     ] debug_magnitudes               norm_mean=['8568.283203', '-0.001322', '213.622833', '3.253931'] norm_std=['2269.236084', '0.038830', '32.838379', '1.246786'] ode_loss=1.329535
W0513 04:17:52.326000 3895836 torch/_dynamo/convert_frame.py:1676] [0/8] torch._dynamo hit config.recompile_limit (8)
W0513 04:17:52.326000 3895836 torch/_dynamo/convert_frame.py:1676] [0/8]    function: 'forward' (/data/common/dataiku/config/projects/NODEFDM/lib/python/packages/node-fdm/src/node_fdm/models/fdm.py:181)
W0513 04:17:52.326000 3895836 torch/_dynamo/convert_frame.py:1676] [0/8]    last reason: 0/7: tensor 'self.history['raw_alt_m']' size mismatch at index 1. expected 1, actual 2
W0513 04:17:52.326000 3895836 torch/_dynamo/convert_frame.py:1676] [0/8] To log all recompilation reasons, use TORCH_LOGS="recompiles".
W0513 04:17:52.326000 3895836 torch/_dynamo/convert_frame.py:1676] [0/8] To diagnose recompilation issues, see https://pytorch.org/docs/main/compile/programming_model.recompilation.html
2026-05-13 04:17:53 [debug    ] meta_saved                     path=data/models/bs_256_seed2/meta.json
2026-05-13 04:17:53 [debug    ] model_saved                    epoch=1
2026-05-13 04:17:53 [info     ] epoch_complete                 epoch=1 is_best=True lr=0.00020800000000000023 total_epochs=50 train_loss=0.378243 val_loss=0.301806
2026-05-13 04:17:53 [debug    ] epoch_start                    epoch=2 total_epochs=50
2026-05-13 04:19:29 [debug    ] meta_saved                     path=data/models/bs_256_seed2/meta.json
2026-05-13 04:19:29 [debug    ] model_saved                    epoch=2
2026-05-13 04:19:29 [info     ] epoch_complete                 epoch=2 is_best=True lr=0.00040600000000000044 total_epochs=50 train_loss=0.188665 val_loss=0.078299
2026-05-13 04:19:29 [debug    ] epoch_start                    epoch=3 total_epochs=50
2026-05-13 04:21:05 [debug    ] meta_saved                     path=data/models/bs_256_seed2/meta.json
2026-05-13 04:21:05 [debug    ] model_saved                    epoch=3
2026-05-13 04:21:05 [info     ] epoch_complete                 epoch=3 is_best=True lr=0.0006040000000000016 total_epochs=50 train_loss=0.081019 val_loss=0.065744
2026-05-13 04:21:05 [debug    ] epoch_start                    epoch=4 total_epochs=50
2026-05-13 04:22:41 [debug    ] meta_saved                     path=data/models/bs_256_seed2/meta.json
2026-05-13 04:22:41 [debug    ] model_saved                    epoch=4
2026-05-13 04:22:41 [info     ] epoch_complete                 epoch=4 is_best=True lr=0.0008020000000000026 total_epochs=50 train_loss=0.060986 val_loss=0.046548
2026-05-13 04:22:41 [debug    ] epoch_start                    epoch=5 total_epochs=50
2026-05-13 04:24:16 [debug    ] meta_saved                     path=data/models/bs_256_seed2/meta.json
2026-05-13 04:24:16 [debug    ] model_saved                    epoch=5
2026-05-13 04:24:16 [info     ] epoch_complete                 epoch=5 is_best=True lr=0.001 total_epochs=50 train_loss=0.048505 val_loss=0.041156
2026-05-13 04:24:16 [debug    ] epoch_start                    epoch=6 total_epochs=50
2026-05-13 04:25:53 [debug    ] meta_saved                     path=data/models/bs_256_seed2/meta.json
2026-05-13 04:25:53 [debug    ] model_saved                    epoch=6
2026-05-13 04:25:53 [info     ] epoch_complete                 epoch=6 is_best=True lr=0.0009780000000000014 total_epochs=50 train_loss=0.044784 val_loss=0.039772
2026-05-13 04:25:53 [debug    ] epoch_start                    epoch=7 total_epochs=50
2026-05-13 04:27:29 [info     ] epoch_complete                 epoch=7 is_best=False lr=0.0009560000000000018 total_epochs=50 train_loss=0.239316 val_loss=0.055074
2026-05-13 04:27:29 [debug    ] epoch_start                    epoch=8 total_epochs=50
2026-05-13 04:29:06 [info     ] epoch_complete                 epoch=8 is_best=False lr=0.0009340000000000016 total_epochs=50 train_loss=0.120097 val_loss=0.120155
2026-05-13 04:29:06 [debug    ] epoch_start                    epoch=9 total_epochs=50
2026-05-13 04:31:03 [info     ] epoch_complete                 epoch=9 is_best=False lr=0.0009120000000000019 total_epochs=50 train_loss=0.19066 val_loss=0.080148
2026-05-13 04:31:03 [debug    ] epoch_start                    epoch=10 total_epochs=50
2026-05-13 04:32:40 [info     ] epoch_complete                 epoch=10 is_best=False lr=0.0008900000000000019 total_epochs=50 train_loss=0.072051 val_loss=0.05471
2026-05-13 04:32:40 [debug    ] epoch_start                    epoch=11 total_epochs=50
2026-05-13 04:34:16 [info     ] epoch_complete                 epoch=11 is_best=False lr=0.0008680000000000026 total_epochs=50 train_loss=0.058958 val_loss=0.050341
2026-05-13 04:34:16 [debug    ] epoch_start                    epoch=12 total_epochs=50
2026-05-13 04:35:53 [info     ] epoch_complete                 epoch=12 is_best=False lr=0.0008460000000000031 total_epochs=50 train_loss=0.05498 val_loss=0.047854
2026-05-13 04:35:53 [debug    ] epoch_start                    epoch=13 total_epochs=50
2026-05-13 04:37:27 [info     ] epoch_complete                 epoch=13 is_best=False lr=0.0008240000000000033 total_epochs=50 train_loss=0.052765 val_loss=0.04633
2026-05-13 04:37:27 [debug    ] epoch_start                    epoch=14 total_epochs=50
2026-05-13 04:39:02 [info     ] epoch_complete                 epoch=14 is_best=False lr=0.0008020000000000037 total_epochs=50 train_loss=0.051249 val_loss=0.04497
2026-05-13 04:39:02 [debug    ] epoch_start                    epoch=15 total_epochs=50
2026-05-13 04:40:39 [info     ] epoch_complete                 epoch=15 is_best=False lr=0.0007800000000000045 total_epochs=50 train_loss=0.049976 val_loss=0.044409
2026-05-13 04:40:39 [debug    ] epoch_start                    epoch=16 total_epochs=50
2026-05-13 04:42:15 [info     ] epoch_complete                 epoch=16 is_best=False lr=0.0007580000000000052 total_epochs=50 train_loss=0.048897 val_loss=0.043345
2026-05-13 04:42:15 [debug    ] epoch_start                    epoch=17 total_epochs=50
2026-05-13 04:43:51 [info     ] epoch_complete                 epoch=17 is_best=False lr=0.0007360000000000063 total_epochs=50 train_loss=0.048196 val_loss=0.042672
2026-05-13 04:43:51 [debug    ] epoch_start                    epoch=18 total_epochs=50
2026-05-13 04:45:29 [info     ] epoch_complete                 epoch=18 is_best=False lr=0.0007140000000000072 total_epochs=50 train_loss=0.047472 val_loss=0.042054
2026-05-13 04:45:29 [debug    ] epoch_start                    epoch=19 total_epochs=50
2026-05-13 04:47:05 [info     ] epoch_complete                 epoch=19 is_best=False lr=0.0006920000000000084 total_epochs=50 train_loss=0.047008 val_loss=0.041585
2026-05-13 04:47:05 [debug    ] epoch_start                    epoch=20 total_epochs=50
2026-05-13 04:48:41 [info     ] epoch_complete                 epoch=20 is_best=False lr=0.0006700000000000093 total_epochs=50 train_loss=0.046491 val_loss=0.041126
2026-05-13 04:48:41 [debug    ] epoch_start                    epoch=21 total_epochs=50
2026-05-13 04:50:18 [info     ] epoch_complete                 epoch=21 is_best=False lr=0.0006480000000000105 total_epochs=50 train_loss=0.04615 val_loss=0.040854
2026-05-13 04:50:18 [debug    ] epoch_start                    epoch=22 total_epochs=50
2026-05-13 04:51:54 [info     ] epoch_complete                 epoch=22 is_best=False lr=0.0006260000000000117 total_epochs=50 train_loss=0.045782 val_loss=0.040419
2026-05-13 04:51:54 [debug    ] epoch_start                    epoch=23 total_epochs=50
2026-05-13 04:53:30 [info     ] epoch_complete                 epoch=23 is_best=False lr=0.0006040000000000131 total_epochs=50 train_loss=0.045414 val_loss=0.040262
2026-05-13 04:53:30 [debug    ] epoch_start                    epoch=24 total_epochs=50
2026-05-13 04:55:07 [info     ] epoch_complete                 epoch=24 is_best=False lr=0.0005820000000000145 total_epochs=50 train_loss=0.045113 val_loss=0.039889
2026-05-13 04:55:07 [debug    ] epoch_start                    epoch=25 total_epochs=50
2026-05-13 04:56:43 [debug    ] meta_saved                     path=data/models/bs_256_seed2/meta.json
2026-05-13 04:56:43 [debug    ] model_saved                    epoch=25
2026-05-13 04:56:43 [info     ] epoch_complete                 epoch=25 is_best=True lr=0.0005600000000000159 total_epochs=50 train_loss=0.044805 val_loss=0.039653
2026-05-13 04:56:43 [debug    ] epoch_start                    epoch=26 total_epochs=50
2026-05-13 04:58:20 [debug    ] meta_saved                     path=data/models/bs_256_seed2/meta.json
2026-05-13 04:58:20 [debug    ] model_saved                    epoch=26
2026-05-13 04:58:20 [info     ] epoch_complete                 epoch=26 is_best=True lr=0.0005380000000000173 total_epochs=50 train_loss=0.044467 val_loss=0.039409
2026-05-13 04:58:20 [debug    ] epoch_start                    epoch=27 total_epochs=50
2026-05-13 04:59:56 [debug    ] meta_saved                     path=data/models/bs_256_seed2/meta.json
2026-05-13 04:59:56 [debug    ] model_saved                    epoch=27
2026-05-13 04:59:56 [info     ] epoch_complete                 epoch=27 is_best=True lr=0.0005160000000000187 total_epochs=50 train_loss=0.044261 val_loss=0.039382
2026-05-13 04:59:56 [debug    ] epoch_start                    epoch=28 total_epochs=50
2026-05-13 05:01:33 [debug    ] meta_saved                     path=data/models/bs_256_seed2/meta.json
2026-05-13 05:01:33 [debug    ] model_saved                    epoch=28
2026-05-13 05:01:33 [info     ] epoch_complete                 epoch=28 is_best=True lr=0.0004940000000000201 total_epochs=50 train_loss=0.044005 val_loss=0.038944
2026-05-13 05:01:33 [debug    ] epoch_start                    epoch=29 total_epochs=50
2026-05-13 05:03:11 [info     ] epoch_complete                 epoch=29 is_best=False lr=0.0004720000000000197 total_epochs=50 train_loss=0.04383 val_loss=0.038971
2026-05-13 05:03:11 [debug    ] epoch_start                    epoch=30 total_epochs=50
2026-05-13 05:04:48 [debug    ] meta_saved                     path=data/models/bs_256_seed2/meta.json
2026-05-13 05:04:48 [debug    ] model_saved                    epoch=30
2026-05-13 05:04:48 [info     ] epoch_complete                 epoch=30 is_best=True lr=0.000450000000000019 total_epochs=50 train_loss=0.043636 val_loss=0.038615
2026-05-13 05:04:48 [debug    ] epoch_start                    epoch=31 total_epochs=50
2026-05-13 05:06:26 [debug    ] meta_saved                     path=data/models/bs_256_seed2/meta.json
2026-05-13 05:06:26 [debug    ] model_saved                    epoch=31
2026-05-13 05:06:26 [info     ] epoch_complete                 epoch=31 is_best=True lr=0.00042800000000001794 total_epochs=50 train_loss=0.043374 val_loss=0.038597
2026-05-13 05:06:26 [debug    ] epoch_start                    epoch=32 total_epochs=50
2026-05-13 05:08:03 [debug    ] meta_saved                     path=data/models/bs_256_seed2/meta.json
2026-05-13 05:08:03 [debug    ] model_saved                    epoch=32
2026-05-13 05:08:03 [info     ] epoch_complete                 epoch=32 is_best=True lr=0.00040600000000001724 total_epochs=50 train_loss=0.043219 val_loss=0.038271
2026-05-13 05:08:03 [debug    ] epoch_start                    epoch=33 total_epochs=50
2026-05-13 05:09:40 [info     ] epoch_complete                 epoch=33 is_best=False lr=0.0003840000000000166 total_epochs=50 train_loss=0.043188 val_loss=0.038309
2026-05-13 05:09:40 [debug    ] epoch_start                    epoch=34 total_epochs=50
2026-05-13 05:11:17 [debug    ] meta_saved                     path=data/models/bs_256_seed2/meta.json
2026-05-13 05:11:17 [debug    ] model_saved                    epoch=34
2026-05-13 05:11:17 [info     ] epoch_complete                 epoch=34 is_best=True lr=0.0003620000000000155 total_epochs=50 train_loss=0.042963 val_loss=0.038024
2026-05-13 05:11:17 [debug    ] epoch_start                    epoch=35 total_epochs=50
2026-05-13 05:12:54 [debug    ] meta_saved                     path=data/models/bs_256_seed2/meta.json
2026-05-13 05:12:54 [debug    ] model_saved                    epoch=35
2026-05-13 05:12:54 [info     ] epoch_complete                 epoch=35 is_best=True lr=0.00034000000000001455 total_epochs=50 train_loss=0.042819 val_loss=0.037927
2026-05-13 05:12:54 [debug    ] epoch_start                    epoch=36 total_epochs=50
2026-05-13 05:14:31 [info     ] epoch_complete                 epoch=36 is_best=False lr=0.0003180000000000136 total_epochs=50 train_loss=0.0426 val_loss=0.038057
2026-05-13 05:14:31 [debug    ] epoch_start                    epoch=37 total_epochs=50
2026-05-13 05:16:07 [debug    ] meta_saved                     path=data/models/bs_256_seed2/meta.json
2026-05-13 05:16:07 [debug    ] model_saved                    epoch=37
2026-05-13 05:16:07 [info     ] epoch_complete                 epoch=37 is_best=True lr=0.00029600000000001267 total_epochs=50 train_loss=0.042476 val_loss=0.037827
2026-05-13 05:16:07 [debug    ] epoch_start                    epoch=38 total_epochs=50
2026-05-13 05:17:43 [info     ] epoch_complete                 epoch=38 is_best=False lr=0.00027400000000001165 total_epochs=50 train_loss=0.044718 val_loss=0.043974
2026-05-13 05:17:43 [debug    ] epoch_start                    epoch=39 total_epochs=50
2026-05-13 05:19:21 [info     ] epoch_complete                 epoch=39 is_best=False lr=0.00025200000000001084 total_epochs=50 train_loss=0.076735 val_loss=0.07082
2026-05-13 05:19:21 [debug    ] epoch_start                    epoch=40 total_epochs=50
2026-05-13 05:20:58 [info     ] epoch_complete                 epoch=40 is_best=False lr=0.00023000000000000987 total_epochs=50 train_loss=0.058449 val_loss=0.044088
2026-05-13 05:20:58 [debug    ] epoch_start                    epoch=41 total_epochs=50
2026-05-13 05:22:36 [info     ] epoch_complete                 epoch=41 is_best=False lr=0.00020800000000000882 total_epochs=50 train_loss=0.045792 val_loss=0.03995
2026-05-13 05:22:36 [debug    ] epoch_start                    epoch=42 total_epochs=50
2026-05-13 05:24:12 [info     ] epoch_complete                 epoch=42 is_best=False lr=0.00018600000000000777 total_epochs=50 train_loss=0.044191 val_loss=0.039256
2026-05-13 05:24:12 [debug    ] epoch_start                    epoch=43 total_epochs=50
2026-05-13 05:25:50 [info     ] epoch_complete                 epoch=43 is_best=False lr=0.00016400000000000672 total_epochs=50 train_loss=0.04433 val_loss=0.039805
2026-05-13 05:25:50 [debug    ] epoch_start                    epoch=44 total_epochs=50
2026-05-13 05:27:26 [info     ] epoch_complete                 epoch=44 is_best=False lr=0.00014200000000000567 total_epochs=50 train_loss=0.045499 val_loss=0.045344
2026-05-13 05:27:26 [debug    ] epoch_start                    epoch=45 total_epochs=50
2026-05-13 05:29:04 [info     ] epoch_complete                 epoch=45 is_best=False lr=0.00012000000000000462 total_epochs=50 train_loss=0.04667 val_loss=0.041435
2026-05-13 05:29:04 [debug    ] epoch_start                    epoch=46 total_epochs=50
2026-05-13 05:30:42 [info     ] epoch_complete                 epoch=46 is_best=False lr=9.800000000000367e-05 total_epochs=50 train_loss=0.045905 val_loss=0.040123
2026-05-13 05:30:42 [debug    ] epoch_start                    epoch=47 total_epochs=50
2026-05-13 05:32:19 [info     ] epoch_complete                 epoch=47 is_best=False lr=7.600000000000271e-05 total_epochs=50 train_loss=0.044565 val_loss=0.039706
2026-05-13 05:32:19 [debug    ] epoch_start                    epoch=48 total_epochs=50
2026-05-13 05:33:56 [info     ] epoch_complete                 epoch=48 is_best=False lr=5.400000000000178e-05 total_epochs=50 train_loss=0.044212 val_loss=0.039391
2026-05-13 05:33:56 [debug    ] epoch_start                    epoch=49 total_epochs=50
2026-05-13 05:35:34 [info     ] epoch_complete                 epoch=49 is_best=False lr=3.200000000000108e-05 total_epochs=50 train_loss=0.043827 val_loss=0.039087
2026-05-13 05:35:34 [debug    ] epoch_start                    epoch=50 total_epochs=50
2026-05-13 05:37:12 [info     ] epoch_complete                 epoch=50 is_best=False lr=1.000000000000034e-05 total_epochs=50 train_loss=0.043688 val_loss=0.038994
2026-05-13 05:37:12 [info     ] training_log_saved             path=data/models/bs_256_seed2/training_losses.csv
2026-05-13 05:37:12 [info     ] training_complete              best_val_loss=0.037827
2026-05-13 05:37:12 [info     ] train_typecode_done            typecode=A320
2026-05-13 05:37:12 [info     ] train_done                     typecodes=['A320']

$ uv run fdm train --arch adsb --config results/bs_256_seed2/config.yaml --model-name bs_256_seed2 --epochs 50 --batch-size 256 --lr 0.001 --method rk4 --seq-len 60 --train-limit 5000 --activation silu --seed 2 --device cuda --use-mode-weights --mode-weight-alpha 0.5
