2026-05-21 06:26:59 [info     ] train_start                    arch=adsb device=cuda typecodes=['A320']
2026-05-21 06:26:59 [info     ] train_typecode                 typecode=A320
2026-05-21 06:26:59 [info     ] loading_data                   train_flights=1594 val_flights=247
2026-05-21 06:26:59 [warning  ] e1_column_missing              column=fdm_g_sin_gamma_ms2
2026-05-21 06:26:59 [warning  ] e1_column_missing              column=fdm_cos_gamma
2026-05-21 06:26:59 [warning  ] e1_column_missing              column=fdm_q_pa
2026-05-21 06:26:59 [warning  ] e1_column_missing              column=fdm_g_over_v
2026-05-21 06:26:59 [warning  ] e1_column_missing              column=fdm_lat_wind_ms
2026-05-21 06:26:59 [warning  ] e1_column_missing              column=fdm_drift_rad
2026-05-21 06:26:59 [warning  ] e1_column_missing              column=fdm_track_rad
2026-05-21 06:26:59 [warning  ] e1_column_missing              column=fdm_heading_diff_rad
2026-05-21 06:27:05 [warning  ] e1_column_missing              column=fdm_g_sin_gamma_ms2
2026-05-21 06:27:05 [warning  ] e1_column_missing              column=fdm_cos_gamma
2026-05-21 06:27:05 [warning  ] e1_column_missing              column=fdm_q_pa
2026-05-21 06:27:05 [warning  ] e1_column_missing              column=fdm_g_over_v
2026-05-21 06:27:05 [warning  ] e1_column_missing              column=fdm_lat_wind_ms
2026-05-21 06:27:05 [warning  ] e1_column_missing              column=fdm_drift_rad
2026-05-21 06:27:05 [warning  ] e1_column_missing              column=fdm_track_rad
2026-05-21 06:27:05 [warning  ] e1_column_missing              column=fdm_heading_diff_rad
2026-05-21 06:27:06 [info     ] data_loaded                    train_samples=48117 val_samples=7518
2026-05-21 06:27:25 [debug    ] meta_saved                     path=data/models/backbone_5_seed2/meta.json
2026-05-21 06:27:25 [info     ] trainer_initialized            architecture=node_adsb_v1 device=cuda train_samples=48117 val_samples=7518
2026-05-21 06:27:25 [info     ] preloading_data_to_gpu
2026-05-21 06:27:25 [debug    ] epoch_start                    epoch=1 total_epochs=50
/data/common/dataiku/config/projects/NODEFDM/lib/python/.venv/lib/python3.12/site-packages/torch/_inductor/compile_fx.py:321: UserWarning: TensorFloat32 tensor cores for float32 matrix multiplication available but not enabled. Consider setting `torch.set_float32_matmul_precision('high')` for better performance.
  warnings.warn(
2026-05-21 06:27:49 [info     ] debug_magnitudes               norm_mean=['8427.359375', '-0.000899', '211.646118', '3.252943'] norm_std=['2287.523926', '0.040447', '34.116577', '1.247240'] ode_loss=0.256979
2026-05-21 06:31:55 [warning  ] nan_or_inf_loss                loss=nan
W0521 06:35:12.092000 2515321 torch/_dynamo/convert_frame.py:1676] [0/8] torch._dynamo hit config.recompile_limit (8)
W0521 06:35:12.092000 2515321 torch/_dynamo/convert_frame.py:1676] [0/8]    function: 'forward' (/data/common/dataiku/config/projects/NODEFDM/lib/python/packages/node-fdm/src/node_fdm/models/fdm.py:181)
W0521 06:35:12.092000 2515321 torch/_dynamo/convert_frame.py:1676] [0/8]    last reason: 0/7: tensor 'self.history['raw_alt_m']' size mismatch at index 1. expected 1, actual 2
W0521 06:35:12.092000 2515321 torch/_dynamo/convert_frame.py:1676] [0/8] To log all recompilation reasons, use TORCH_LOGS="recompiles".
W0521 06:35:12.092000 2515321 torch/_dynamo/convert_frame.py:1676] [0/8] To diagnose recompilation issues, see https://pytorch.org/docs/main/compile/programming_model.recompilation.html
2026-05-21 06:35:12 [debug    ] meta_saved                     path=data/models/backbone_5_seed2/meta.json
2026-05-21 06:35:12 [debug    ] model_saved                    epoch=1
2026-05-21 06:35:12 [info     ] epoch_complete                 epoch=1 is_best=True lr=0.00020800000000000123 total_epochs=50 train_loss=nan val_loss=0.04209
2026-05-21 06:35:12 [debug    ] epoch_start                    epoch=2 total_epochs=50
2026-05-21 06:35:26 [warning  ] nan_or_inf_loss                loss=nan
2026-05-21 06:41:29 [debug    ] meta_saved                     path=data/models/backbone_5_seed2/meta.json
2026-05-21 06:41:29 [debug    ] model_saved                    epoch=2
2026-05-21 06:41:29 [info     ] epoch_complete                 epoch=2 is_best=True lr=0.0004060000000000046 total_epochs=50 train_loss=nan val_loss=0.03214
2026-05-21 06:41:29 [debug    ] epoch_start                    epoch=3 total_epochs=50
2026-05-21 06:42:31 [warning  ] nan_or_inf_loss                loss=nan
2026-05-21 06:47:49 [debug    ] meta_saved                     path=data/models/backbone_5_seed2/meta.json
2026-05-21 06:47:49 [debug    ] model_saved                    epoch=3
2026-05-21 06:47:49 [info     ] epoch_complete                 epoch=3 is_best=True lr=0.0006040000000000097 total_epochs=50 train_loss=nan val_loss=0.027192
2026-05-21 06:47:49 [debug    ] epoch_start                    epoch=4 total_epochs=50
2026-05-21 06:48:27 [warning  ] nan_or_inf_loss                loss=nan
2026-05-21 06:54:10 [debug    ] meta_saved                     path=data/models/backbone_5_seed2/meta.json
2026-05-21 06:54:10 [debug    ] model_saved                    epoch=4
2026-05-21 06:54:10 [info     ] epoch_complete                 epoch=4 is_best=True lr=0.0008020000000000093 total_epochs=50 train_loss=nan val_loss=0.025555
2026-05-21 06:54:10 [debug    ] epoch_start                    epoch=5 total_epochs=50
2026-05-21 07:00:23 [warning  ] nan_or_inf_loss                loss=nan
2026-05-21 07:00:28 [info     ] epoch_complete                 epoch=5 is_best=False lr=0.001 total_epochs=50 train_loss=nan val_loss=0.030206
2026-05-21 07:00:28 [debug    ] epoch_start                    epoch=6 total_epochs=50
2026-05-21 07:00:51 [warning  ] nan_or_inf_loss                loss=nan
2026-05-21 07:06:47 [info     ] epoch_complete                 epoch=6 is_best=False lr=0.0009779999999999641 total_epochs=50 train_loss=nan val_loss=0.027096
2026-05-21 07:06:47 [debug    ] epoch_start                    epoch=7 total_epochs=50
2026-05-21 07:07:49 [warning  ] nan_or_inf_loss                loss=nan
2026-05-21 07:13:09 [info     ] epoch_complete                 epoch=7 is_best=False lr=0.0009559999999999605 total_epochs=50 train_loss=nan val_loss=0.025956
2026-05-21 07:13:09 [debug    ] epoch_start                    epoch=8 total_epochs=50
2026-05-21 07:13:46 [warning  ] nan_or_inf_loss                loss=nan
2026-05-21 07:19:30 [info     ] epoch_complete                 epoch=8 is_best=False lr=0.0009339999999999578 total_epochs=50 train_loss=nan val_loss=0.026463
2026-05-21 07:19:30 [debug    ] epoch_start                    epoch=9 total_epochs=50
2026-05-21 07:22:50 [warning  ] nan_or_inf_loss                loss=nan
2026-05-21 07:25:53 [info     ] epoch_complete                 epoch=9 is_best=False lr=0.0009119999999999566 total_epochs=50 train_loss=nan val_loss=0.988106
2026-05-21 07:25:53 [debug    ] epoch_start                    epoch=10 total_epochs=50
2026-05-21 07:31:14 [warning  ] nan_or_inf_loss                loss=nan
2026-05-21 07:32:15 [info     ] epoch_complete                 epoch=10 is_best=False lr=0.000889999999999957 total_epochs=50 train_loss=nan val_loss=0.07438
2026-05-21 07:32:15 [debug    ] epoch_start                    epoch=11 total_epochs=50
2026-05-21 07:34:02 [warning  ] nan_or_inf_loss                loss=nan
2026-05-21 07:38:38 [info     ] epoch_complete                 epoch=11 is_best=False lr=0.0008679999999999566 total_epochs=50 train_loss=nan val_loss=0.071248
2026-05-21 07:38:38 [debug    ] epoch_start                    epoch=12 total_epochs=50
2026-05-21 07:40:45 [warning  ] nan_or_inf_loss                loss=nan
2026-05-21 07:45:02 [info     ] epoch_complete                 epoch=12 is_best=False lr=0.0008459999999999577 total_epochs=50 train_loss=nan val_loss=0.067932
2026-05-21 07:45:02 [debug    ] epoch_start                    epoch=13 total_epochs=50
2026-05-21 07:46:12 [warning  ] nan_or_inf_loss                loss=nan
2026-05-21 07:51:28 [info     ] epoch_complete                 epoch=13 is_best=False lr=0.0008239999999999574 total_epochs=50 train_loss=nan val_loss=0.069552
2026-05-21 07:51:28 [debug    ] epoch_start                    epoch=14 total_epochs=50
2026-05-21 07:56:12 [warning  ] nan_or_inf_loss                loss=nan
2026-05-21 07:57:51 [info     ] epoch_complete                 epoch=14 is_best=False lr=0.0008019999999999602 total_epochs=50 train_loss=nan val_loss=0.084106
2026-05-21 07:57:51 [debug    ] epoch_start                    epoch=15 total_epochs=50
2026-05-21 08:00:49 [warning  ] nan_or_inf_loss                loss=nan
2026-05-21 08:04:16 [info     ] epoch_complete                 epoch=15 is_best=False lr=0.0007799999999999617 total_epochs=50 train_loss=nan val_loss=0.149255
2026-05-21 08:04:16 [debug    ] epoch_start                    epoch=16 total_epochs=50
2026-05-21 08:08:55 [warning  ] nan_or_inf_loss                loss=nan
2026-05-21 08:10:40 [info     ] epoch_complete                 epoch=16 is_best=False lr=0.000757999999999961 total_epochs=50 train_loss=nan val_loss=0.085568
2026-05-21 08:10:40 [debug    ] epoch_start                    epoch=17 total_epochs=50
2026-05-21 08:14:34 [warning  ] nan_or_inf_loss                loss=nan
2026-05-21 08:17:01 [info     ] epoch_complete                 epoch=17 is_best=False lr=0.0007359999999999604 total_epochs=50 train_loss=nan val_loss=0.251995
2026-05-21 08:17:01 [debug    ] epoch_start                    epoch=18 total_epochs=50
2026-05-21 08:17:42 [warning  ] nan_or_inf_loss                loss=nan
2026-05-21 08:23:25 [info     ] epoch_complete                 epoch=18 is_best=False lr=0.0007139999999999597 total_epochs=50 train_loss=nan val_loss=1.197283
2026-05-21 08:23:25 [debug    ] epoch_start                    epoch=19 total_epochs=50
2026-05-21 08:25:20 [warning  ] nan_or_inf_loss                loss=nan
2026-05-21 08:29:49 [info     ] epoch_complete                 epoch=19 is_best=False lr=0.0006919999999999592 total_epochs=50 train_loss=nan val_loss=0.519541
2026-05-21 08:29:49 [debug    ] epoch_start                    epoch=20 total_epochs=50
2026-05-21 08:30:03 [warning  ] nan_or_inf_loss                loss=nan
2026-05-21 08:36:14 [info     ] epoch_complete                 epoch=20 is_best=False lr=0.000669999999999957 total_epochs=50 train_loss=nan val_loss=0.098811
2026-05-21 08:36:14 [debug    ] epoch_start                    epoch=21 total_epochs=50
2026-05-21 08:40:41 [warning  ] nan_or_inf_loss                loss=nan
2026-05-21 08:42:50 [info     ] epoch_complete                 epoch=21 is_best=False lr=0.0006479999999999561 total_epochs=50 train_loss=nan val_loss=0.0734
2026-05-21 08:42:50 [debug    ] epoch_start                    epoch=22 total_epochs=50
2026-05-21 08:45:45 [warning  ] nan_or_inf_loss                loss=nan
2026-05-21 08:49:18 [info     ] epoch_complete                 epoch=22 is_best=False lr=0.0006259999999999549 total_epochs=50 train_loss=nan val_loss=0.066512
2026-05-21 08:49:18 [debug    ] epoch_start                    epoch=23 total_epochs=50
2026-05-21 08:49:47 [warning  ] nan_or_inf_loss                loss=nan
2026-05-21 08:55:49 [info     ] epoch_complete                 epoch=23 is_best=False lr=0.0006039999999999555 total_epochs=50 train_loss=nan val_loss=0.065237
2026-05-21 08:55:49 [debug    ] epoch_start                    epoch=24 total_epochs=50
2026-05-21 08:56:26 [warning  ] nan_or_inf_loss                loss=nan
2026-05-21 09:02:15 [info     ] epoch_complete                 epoch=24 is_best=False lr=0.0005819999999999556 total_epochs=50 train_loss=nan val_loss=0.063864
2026-05-21 09:02:15 [debug    ] epoch_start                    epoch=25 total_epochs=50
2026-05-21 09:06:12 [warning  ] nan_or_inf_loss                loss=nan
2026-05-21 09:08:42 [info     ] epoch_complete                 epoch=25 is_best=False lr=0.000559999999999953 total_epochs=50 train_loss=nan val_loss=0.085398
2026-05-21 09:08:42 [debug    ] epoch_start                    epoch=26 total_epochs=50
2026-05-21 09:08:53 [warning  ] nan_or_inf_loss                loss=nan
2026-05-21 09:15:10 [info     ] epoch_complete                 epoch=26 is_best=False lr=0.0005379999999999528 total_epochs=50 train_loss=nan val_loss=0.06814
2026-05-21 09:15:10 [debug    ] epoch_start                    epoch=27 total_epochs=50
2026-05-21 09:21:34 [warning  ] nan_or_inf_loss                loss=nan
2026-05-21 09:21:37 [info     ] epoch_complete                 epoch=27 is_best=False lr=0.0005159999999999556 total_epochs=50 train_loss=nan val_loss=0.063949
2026-05-21 09:21:37 [debug    ] epoch_start                    epoch=28 total_epochs=50
2026-05-21 09:27:58 [warning  ] nan_or_inf_loss                loss=nan
2026-05-21 09:28:16 [info     ] epoch_complete                 epoch=28 is_best=False lr=0.0004939999999999543 total_epochs=50 train_loss=nan val_loss=0.065339
2026-05-21 09:28:16 [debug    ] epoch_start                    epoch=29 total_epochs=50
2026-05-21 09:33:48 [warning  ] nan_or_inf_loss                loss=nan
2026-05-21 09:36:47 [info     ] epoch_complete                 epoch=29 is_best=False lr=0.00047199999999995607 total_epochs=50 train_loss=nan val_loss=0.06381
2026-05-21 09:36:47 [debug    ] epoch_start                    epoch=30 total_epochs=50
2026-05-21 09:40:25 [warning  ] nan_or_inf_loss                loss=nan
2026-05-21 09:45:18 [info     ] epoch_complete                 epoch=30 is_best=False lr=0.00044999999999995944 total_epochs=50 train_loss=nan val_loss=0.061151
2026-05-21 09:45:18 [debug    ] epoch_start                    epoch=31 total_epochs=50
2026-05-21 09:51:10 [warning  ] nan_or_inf_loss                loss=nan
2026-05-21 09:53:31 [info     ] epoch_complete                 epoch=31 is_best=False lr=0.00042799999999996313 total_epochs=50 train_loss=nan val_loss=0.06069
2026-05-21 09:53:31 [debug    ] epoch_start                    epoch=32 total_epochs=50
2026-05-21 10:01:05 [warning  ] nan_or_inf_loss                loss=nan
2026-05-21 10:01:55 [info     ] epoch_complete                 epoch=32 is_best=False lr=0.00040599999999996786 total_epochs=50 train_loss=nan val_loss=0.06028
2026-05-21 10:01:55 [debug    ] epoch_start                    epoch=33 total_epochs=50
2026-05-21 10:09:39 [warning  ] nan_or_inf_loss                loss=nan
2026-05-21 10:10:19 [info     ] epoch_complete                 epoch=33 is_best=False lr=0.00038399999999997274 total_epochs=50 train_loss=nan val_loss=0.060728
2026-05-21 10:10:19 [debug    ] epoch_start                    epoch=34 total_epochs=50
2026-05-21 10:17:12 [warning  ] nan_or_inf_loss                loss=nan
2026-05-21 10:18:45 [info     ] epoch_complete                 epoch=34 is_best=False lr=0.00036199999999997763 total_epochs=50 train_loss=nan val_loss=0.059331
2026-05-21 10:18:45 [debug    ] epoch_start                    epoch=35 total_epochs=50
2026-05-21 10:21:14 [warning  ] nan_or_inf_loss                loss=nan
2026-05-21 10:26:58 [info     ] epoch_complete                 epoch=35 is_best=False lr=0.0003399999999999825 total_epochs=50 train_loss=nan val_loss=0.059253
2026-05-21 10:26:58 [debug    ] epoch_start                    epoch=36 total_epochs=50
2026-05-21 10:33:54 [warning  ] nan_or_inf_loss                loss=nan
2026-05-21 10:35:22 [info     ] epoch_complete                 epoch=36 is_best=False lr=0.0003179999999999874 total_epochs=50 train_loss=nan val_loss=0.057204
2026-05-21 10:35:22 [debug    ] epoch_start                    epoch=37 total_epochs=50
2026-05-21 10:40:35 [warning  ] nan_or_inf_loss                loss=nan
2026-05-21 10:44:10 [info     ] epoch_complete                 epoch=37 is_best=False lr=0.0002959999999999923 total_epochs=50 train_loss=nan val_loss=0.057822
2026-05-21 10:44:10 [debug    ] epoch_start                    epoch=38 total_epochs=50
2026-05-21 10:45:15 [warning  ] nan_or_inf_loss                loss=nan
2026-05-21 10:52:45 [info     ] epoch_complete                 epoch=38 is_best=False lr=0.0002739999999999972 total_epochs=50 train_loss=nan val_loss=0.056616
2026-05-21 10:52:45 [debug    ] epoch_start                    epoch=39 total_epochs=50
2026-05-21 10:53:29 [warning  ] nan_or_inf_loss                loss=nan
2026-05-21 11:01:12 [info     ] epoch_complete                 epoch=39 is_best=False lr=0.00025200000000000206 total_epochs=50 train_loss=nan val_loss=0.05577
2026-05-21 11:01:12 [debug    ] epoch_start                    epoch=40 total_epochs=50
2026-05-21 11:03:34 [warning  ] nan_or_inf_loss                loss=nan
2026-05-21 11:09:25 [info     ] epoch_complete                 epoch=40 is_best=False lr=0.00023000000000000348 total_epochs=50 train_loss=nan val_loss=0.056928
2026-05-21 11:09:25 [debug    ] epoch_start                    epoch=41 total_epochs=50
2026-05-21 11:11:52 [warning  ] nan_or_inf_loss                loss=nan
2026-05-21 11:17:59 [info     ] epoch_complete                 epoch=41 is_best=False lr=0.00020800000000000357 total_epochs=50 train_loss=nan val_loss=0.055194
2026-05-21 11:17:59 [debug    ] epoch_start                    epoch=42 total_epochs=50
2026-05-21 11:19:45 [warning  ] nan_or_inf_loss                loss=nan
2026-05-21 11:26:13 [info     ] epoch_complete                 epoch=42 is_best=False lr=0.00018600000000000447 total_epochs=50 train_loss=nan val_loss=0.055614
2026-05-21 11:26:13 [debug    ] epoch_start                    epoch=43 total_epochs=50
2026-05-21 11:27:10 [warning  ] nan_or_inf_loss                loss=nan
2026-05-21 11:34:28 [info     ] epoch_complete                 epoch=43 is_best=False lr=0.00016400000000000613 total_epochs=50 train_loss=nan val_loss=0.055136
2026-05-21 11:34:28 [debug    ] epoch_start                    epoch=44 total_epochs=50
2026-05-21 11:39:00 [warning  ] nan_or_inf_loss                loss=nan
2026-05-21 11:42:48 [info     ] epoch_complete                 epoch=44 is_best=False lr=0.00014200000000000754 total_epochs=50 train_loss=nan val_loss=0.055304
2026-05-21 11:42:48 [debug    ] epoch_start                    epoch=45 total_epochs=50
2026-05-21 11:44:23 [warning  ] nan_or_inf_loss                loss=nan
2026-05-21 11:51:13 [info     ] epoch_complete                 epoch=45 is_best=False lr=0.00012000000000000895 total_epochs=50 train_loss=nan val_loss=0.054696
2026-05-21 11:51:13 [debug    ] epoch_start                    epoch=46 total_epochs=50
2026-05-21 11:56:17 [warning  ] nan_or_inf_loss                loss=nan
2026-05-21 11:59:32 [info     ] epoch_complete                 epoch=46 is_best=False lr=9.800000000000715e-05 total_epochs=50 train_loss=nan val_loss=0.054497
2026-05-21 11:59:32 [debug    ] epoch_start                    epoch=47 total_epochs=50
2026-05-21 12:01:14 [warning  ] nan_or_inf_loss                loss=nan
2026-05-21 12:07:43 [info     ] epoch_complete                 epoch=47 is_best=False lr=7.600000000000502e-05 total_epochs=50 train_loss=nan val_loss=0.054484
2026-05-21 12:07:43 [debug    ] epoch_start                    epoch=48 total_epochs=50
2026-05-21 12:09:15 [warning  ] nan_or_inf_loss                loss=nan
2026-05-21 12:15:55 [info     ] epoch_complete                 epoch=48 is_best=False lr=5.4000000000003054e-05 total_epochs=50 train_loss=nan val_loss=0.054779
2026-05-21 12:15:55 [debug    ] epoch_start                    epoch=49 total_epochs=50
2026-05-21 12:16:52 [warning  ] nan_or_inf_loss                loss=nan
2026-05-21 12:24:22 [info     ] epoch_complete                 epoch=49 is_best=False lr=3.2000000000002384e-05 total_epochs=50 train_loss=nan val_loss=0.054684
2026-05-21 12:24:22 [debug    ] epoch_start                    epoch=50 total_epochs=50
2026-05-21 12:31:56 [warning  ] nan_or_inf_loss                loss=nan
2026-05-21 12:32:36 [info     ] epoch_complete                 epoch=50 is_best=False lr=1.0000000000000765e-05 total_epochs=50 train_loss=nan val_loss=0.05449
2026-05-21 12:32:36 [info     ] training_log_saved             path=data/models/backbone_5_seed2/training_losses.csv
2026-05-21 12:32:36 [info     ] training_complete              best_val_loss=0.025555
2026-05-21 12:32:36 [info     ] train_typecode_done            typecode=A320
2026-05-21 12:32:36 [info     ] train_done                     typecodes=['A320']

$ uv run fdm train --arch adsb --config results_run4/backbone_5_seed2/config.yaml --model-name backbone_5_seed2 --epochs 50 --batch-size 64 --lr 0.001 --method rk4 --seq-len 30 --train-limit 5000 --activation relu --seed 2 --backbone-depth 5 --head-depth 2 --hidden-width 48 --device cuda --no-use-mode-weights
