2026-05-21 08:39:06 [info     ] evaluate_start                 arch=adsb typecodes=['A320']
2026-05-21 08:39:06 [info     ] evaluate_typecode              flights=542 typecode=A320
2026-05-21 08:39:19 [info     ] evaluate_done                  output=data/model_performance/backbone_4_seed1/performance.parquet rows=16
shape: (16, 11)
┌──────────┬─────────────────────────┬──────────────┬───────┬─────────┬─────────┬──────────┬──────────┬─────────┬──────────┬────────┐
│ Aircraft ┆ Variable                ┆ Phase        ┆ Model ┆ MAE     ┆ MAE_std ┆ MAPE (%) ┆ MAPE_std ┆ ME      ┆ ME_std   ┆ Count  │
│ ---      ┆ ---                     ┆ ---          ┆ ---   ┆ ---     ┆ ---     ┆ ---      ┆ ---      ┆ ---     ┆ ---      ┆ ---    │
│ str      ┆ str                     ┆ str          ┆ str   ┆ f64     ┆ f64     ┆ f64      ┆ f64      ┆ f64     ┆ f64      ┆ i64    │
╞══════════╪═════════════════════════╪══════════════╪═══════╪═════════╪═════════╪══════════╪══════════╪═════════╪══════════╪════════╡
│ A320     ┆ Altitude [m]            ┆ All phases   ┆ PRED  ┆ 227.999 ┆ 567.862 ┆ 5.035    ┆ 17.568   ┆ 89.682  ┆ 605.317  ┆ 478843 │
│ A320     ┆ Altitude [m]            ┆ Climb        ┆ PRED  ┆ 730.750 ┆ 989.880 ┆ 16.276   ┆ 34.081   ┆ 508.607 ┆ 1120.347 ┆ 90018  │
│ A320     ┆ Altitude [m]            ┆ Level flight ┆ PRED  ┆ 46.872  ┆ 182.378 ┆ 0.670    ┆ 5.017    ┆ -17.681 ┆ 187.473  ┆ 296839 │
│ A320     ┆ Altitude [m]            ┆ Descent      ┆ PRED  ┆ 320.500 ┆ 500.630 ┆ 8.119    ┆ 13.930   ┆ 26.184  ┆ 593.857  ┆ 91986  │
│ A320     ┆ Flight path angle [deg] ┆ All phases   ┆ PRED  ┆ 0.270   ┆ 0.604   ┆ NaN      ┆ NaN      ┆ -0.055  ┆ 0.659    ┆ 478843 │
│ A320     ┆ Flight path angle [deg] ┆ Climb        ┆ PRED  ┆ 0.696   ┆ 0.955   ┆ NaN      ┆ NaN      ┆ -0.389  ┆ 1.116    ┆ 90018  │
│ A320     ┆ Flight path angle [deg] ┆ Level flight ┆ PRED  ┆ 0.070   ┆ 0.241   ┆ NaN      ┆ NaN      ┆ -0.004  ┆ 0.251    ┆ 296839 │
│ A320     ┆ Flight path angle [deg] ┆ Descent      ┆ PRED  ┆ 0.500   ┆ 0.676   ┆ NaN      ┆ NaN      ┆ 0.107   ┆ 0.834    ┆ 91986  │
│ A320     ┆ Heading [deg]           ┆ All phases   ┆ PRED  ┆ 1.607   ┆ 7.223   ┆ NaN      ┆ NaN      ┆ 0.067   ┆ 7.399    ┆ 478843 │
│ A320     ┆ Heading [deg]           ┆ Climb        ┆ PRED  ┆ 2.243   ┆ 8.432   ┆ NaN      ┆ NaN      ┆ 0.113   ┆ 8.725    ┆ 90018  │
│ A320     ┆ Heading [deg]           ┆ Level flight ┆ PRED  ┆ 1.229   ┆ 6.286   ┆ NaN      ┆ NaN      ┆ 0.082   ┆ 6.405    ┆ 296839 │
│ A320     ┆ Heading [deg]           ┆ Descent      ┆ PRED  ┆ 2.203   ┆ 8.560   ┆ NaN      ┆ NaN      ┆ -0.027  ┆ 8.839    ┆ 91986  │
│ A320     ┆ True airspeed [m/s]     ┆ All phases   ┆ PRED  ┆ 3.297   ┆ 9.005   ┆ 1.850    ┆ 6.838    ┆ 1.231   ┆ 9.510    ┆ 478843 │
│ A320     ┆ True airspeed [m/s]     ┆ Climb        ┆ PRED  ┆ 6.182   ┆ 17.375  ┆ 3.904    ┆ 12.995   ┆ 3.669   ┆ 18.074   ┆ 90018  │
│ A320     ┆ True airspeed [m/s]     ┆ Level flight ┆ PRED  ┆ 2.260   ┆ 4.581   ┆ 1.098    ┆ 4.179    ┆ 0.990   ┆ 5.012    ┆ 296839 │
│ A320     ┆ True airspeed [m/s]     ┆ Descent      ┆ PRED  ┆ 3.819   ┆ 6.859   ┆ 2.264    ┆ 3.963    ┆ -0.376  ┆ 7.841    ┆ 91986  │
└──────────┴─────────────────────────┴──────────────┴───────┴─────────┴─────────┴──────────┴──────────┴─────────┴──────────┴────────┘

$ uv run fdm evaluate --arch adsb --config results_run4/backbone_4_seed1/config.yaml --model-name backbone_4_seed1
