2026-05-13 15:56:40 [info     ] evaluate_start                 arch=adsb typecodes=['A320']
2026-05-13 15:56:40 [info     ] evaluate_typecode              flights=542 typecode=A320
2026-05-13 15:56:52 [info     ] evaluate_done                  output=data/model_performance/lr_0.003_seed1/performance.parquet rows=16
shape: (16, 11)
┌──────────┬─────────────────────────┬──────────────┬───────┬─────────┬─────────┬──────────┬──────────┬─────────┬──────────┬────────┐
│ Aircraft ┆ Variable                ┆ Phase        ┆ Model ┆ MAE     ┆ MAE_std ┆ MAPE (%) ┆ MAPE_std ┆ ME      ┆ ME_std   ┆ Count  │
│ ---      ┆ ---                     ┆ ---          ┆ ---   ┆ ---     ┆ ---     ┆ ---      ┆ ---      ┆ ---     ┆ ---      ┆ ---    │
│ str      ┆ str                     ┆ str          ┆ str   ┆ f64     ┆ f64     ┆ f64      ┆ f64      ┆ f64     ┆ f64      ┆ i64    │
╞══════════╪═════════════════════════╪══════════════╪═══════╪═════════╪═════════╪══════════╪══════════╪═════════╪══════════╪════════╡
│ A320     ┆ Altitude [m]            ┆ All phases   ┆ PRED  ┆ 277.112 ┆ 557.877 ┆ 5.846    ┆ 17.833   ┆ 98.460  ┆ 615.080  ┆ 478843 │
│ A320     ┆ Altitude [m]            ┆ Climb        ┆ PRED  ┆ 754.067 ┆ 947.320 ┆ 16.598   ┆ 33.415   ┆ 412.481 ┆ 1138.373 ┆ 90018  │
│ A320     ┆ Altitude [m]            ┆ Level flight ┆ PRED  ┆ 97.587  ┆ 198.437 ┆ 1.235    ┆ 5.475    ┆ -13.971 ┆ 220.693  ┆ 296839 │
│ A320     ┆ Altitude [m]            ┆ Descent      ┆ PRED  ┆ 389.689 ┆ 524.917 ┆ 10.202   ┆ 16.290   ┆ 153.974 ┆ 635.364  ┆ 91986  │
│ A320     ┆ Flight path angle [deg] ┆ All phases   ┆ PRED  ┆ 0.284   ┆ 0.609   ┆ NaN      ┆ NaN      ┆ -0.044  ┆ 0.670    ┆ 478843 │
│ A320     ┆ Flight path angle [deg] ┆ Climb        ┆ PRED  ┆ 0.703   ┆ 0.956   ┆ NaN      ┆ NaN      ┆ -0.414  ┆ 1.112    ┆ 90018  │
│ A320     ┆ Flight path angle [deg] ┆ Level flight ┆ PRED  ┆ 0.081   ┆ 0.244   ┆ NaN      ┆ NaN      ┆ -0.001  ┆ 0.257    ┆ 296839 │
│ A320     ┆ Flight path angle [deg] ┆ Descent      ┆ PRED  ┆ 0.530   ┆ 0.691   ┆ NaN      ┆ NaN      ┆ 0.180   ┆ 0.852    ┆ 91986  │
│ A320     ┆ Heading [deg]           ┆ All phases   ┆ PRED  ┆ 2.062   ┆ 6.887   ┆ NaN      ┆ NaN      ┆ 0.278   ┆ 7.184    ┆ 478843 │
│ A320     ┆ Heading [deg]           ┆ Climb        ┆ PRED  ┆ 2.441   ┆ 7.543   ┆ NaN      ┆ NaN      ┆ -0.303  ┆ 7.922    ┆ 90018  │
│ A320     ┆ Heading [deg]           ┆ Level flight ┆ PRED  ┆ 1.823   ┆ 6.292   ┆ NaN      ┆ NaN      ┆ 0.580   ┆ 6.525    ┆ 296839 │
│ A320     ┆ Heading [deg]           ┆ Descent      ┆ PRED  ┆ 2.464   ┆ 7.939   ┆ NaN      ┆ NaN      ┆ -0.128  ┆ 8.312    ┆ 91986  │
│ A320     ┆ True airspeed [m/s]     ┆ All phases   ┆ PRED  ┆ 3.034   ┆ 8.055   ┆ 1.752    ┆ 6.263    ┆ 0.749   ┆ 8.575    ┆ 478843 │
│ A320     ┆ True airspeed [m/s]     ┆ Climb        ┆ PRED  ┆ 6.079   ┆ 14.694  ┆ 3.857    ┆ 11.328   ┆ 3.842   ┆ 15.431   ┆ 90018  │
│ A320     ┆ True airspeed [m/s]     ┆ Level flight ┆ PRED  ┆ 1.797   ┆ 4.285   ┆ 0.904    ┆ 4.044    ┆ 0.112   ┆ 4.645    ┆ 296839 │
│ A320     ┆ True airspeed [m/s]     ┆ Descent      ┆ PRED  ┆ 4.049   ┆ 7.223   ┆ 2.427    ┆ 4.329    ┆ -0.222  ┆ 8.278    ┆ 91986  │
└──────────┴─────────────────────────┴──────────────┴───────┴─────────┴─────────┴──────────┴──────────┴─────────┴──────────┴────────┘

$ uv run fdm evaluate --arch adsb --config results/lr_0.003_seed1/config.yaml --model-name lr_0.003_seed1
