2026-05-13 11:28:29 [info     ] train_start                    arch=adsb device=cuda typecodes=['A320']
2026-05-13 11:28:29 [info     ] train_typecode                 typecode=A320
2026-05-13 11:28:29 [info     ] mode_weights_computed          alpha=0.5 bottom5_labels=[['ALT_MACH', 0.6206242276704164, 556092], ['ALT_UNK', 0.6891691293583678, 450975], ['TURN', 0.8913340435092099, 269602], ['UNKVERT_MACH', 0.9861637175043825, 220245], ['ALT_CAS', 1.0707556265239335, 186820]] imbalance_ratio=40.174252275682704 n_labels=13 top5_labels=[['VZ_CAS', 3.9337125975553753, 13842], ['VZ_UNK', 2.533593642654822, 33368], ['GAMMA_CAS', 2.453056495492336, 35595], ['VZ_MACH', 2.0015537788607305, 53465], ['UNKVERT_CAS', 1.936559122733483, 57114]] weight_ratio_max_over_min=6.33831620193271
2026-05-13 11:28:29 [info     ] loading_data                   train_flights=1594 val_flights=247
2026-05-13 11:28:29 [warning  ] e1_column_missing              column=fdm_g_sin_gamma_ms2
2026-05-13 11:28:29 [warning  ] e1_column_missing              column=fdm_cos_gamma
2026-05-13 11:28:29 [warning  ] e1_column_missing              column=fdm_q_pa
2026-05-13 11:28:29 [warning  ] e1_column_missing              column=fdm_g_over_v
2026-05-13 11:28:29 [warning  ] e1_column_missing              column=fdm_lat_wind_ms
2026-05-13 11:28:29 [warning  ] e1_column_missing              column=fdm_drift_rad
2026-05-13 11:28:29 [warning  ] e1_column_missing              column=fdm_track_rad
2026-05-13 11:28:29 [warning  ] e1_column_missing              column=fdm_heading_diff_rad
2026-05-13 11:28:36 [warning  ] e1_column_missing              column=fdm_g_sin_gamma_ms2
2026-05-13 11:28:36 [warning  ] e1_column_missing              column=fdm_cos_gamma
2026-05-13 11:28:36 [warning  ] e1_column_missing              column=fdm_q_pa
2026-05-13 11:28:36 [warning  ] e1_column_missing              column=fdm_g_over_v
2026-05-13 11:28:36 [warning  ] e1_column_missing              column=fdm_lat_wind_ms
2026-05-13 11:28:36 [warning  ] e1_column_missing              column=fdm_drift_rad
2026-05-13 11:28:36 [warning  ] e1_column_missing              column=fdm_track_rad
2026-05-13 11:28:36 [warning  ] e1_column_missing              column=fdm_heading_diff_rad
2026-05-13 11:28:37 [info     ] data_loaded                    train_samples=23212 val_samples=3628
2026-05-13 11:28:52 [debug    ] meta_saved                     path=data/models/lr_0.003_seed1/meta.json
2026-05-13 11:28:52 [info     ] trainer_initialized            architecture=node_adsb_v1 device=cuda train_samples=23212 val_samples=3628
2026-05-13 11:28:52 [info     ] preloading_data_to_gpu
2026-05-13 11:28:52 [debug    ] epoch_start                    epoch=1 total_epochs=50
/data/common/dataiku/config/projects/NODEFDM/lib/python/.venv/lib/python3.12/site-packages/torch/_inductor/compile_fx.py:321: UserWarning: TensorFloat32 tensor cores for float32 matrix multiplication available but not enabled. Consider setting `torch.set_float32_matmul_precision('high')` for better performance.
  warnings.warn(
2026-05-13 11:29:17 [info     ] debug_magnitudes               norm_mean=['8568.283203', '-0.001322', '213.622833', '3.253931'] norm_std=['2269.236084', '0.038830', '32.838379', '1.246786'] ode_loss=1.181994
W0513 11:33:32.004000 4021964 torch/_dynamo/convert_frame.py:1676] [0/8] torch._dynamo hit config.recompile_limit (8)
W0513 11:33:32.004000 4021964 torch/_dynamo/convert_frame.py:1676] [0/8]    function: 'forward' (/data/common/dataiku/config/projects/NODEFDM/lib/python/packages/node-fdm/src/node_fdm/models/fdm.py:181)
W0513 11:33:32.004000 4021964 torch/_dynamo/convert_frame.py:1676] [0/8]    last reason: 0/7: tensor 'self.history['raw_alt_m']' size mismatch at index 1. expected 1, actual 2
W0513 11:33:32.004000 4021964 torch/_dynamo/convert_frame.py:1676] [0/8] To log all recompilation reasons, use TORCH_LOGS="recompiles".
W0513 11:33:32.004000 4021964 torch/_dynamo/convert_frame.py:1676] [0/8] To diagnose recompilation issues, see https://pytorch.org/docs/main/compile/programming_model.recompilation.html
2026-05-13 11:33:32 [debug    ] meta_saved                     path=data/models/lr_0.003_seed1/meta.json
2026-05-13 11:33:32 [debug    ] model_saved                    epoch=1
2026-05-13 11:33:32 [info     ] epoch_complete                 epoch=1 is_best=True lr=0.0006080000000000004 total_epochs=50 train_loss=0.258741 val_loss=0.071308
2026-05-13 11:33:32 [debug    ] epoch_start                    epoch=2 total_epochs=50
2026-05-13 11:36:31 [debug    ] meta_saved                     path=data/models/lr_0.003_seed1/meta.json
2026-05-13 11:36:31 [debug    ] model_saved                    epoch=2
2026-05-13 11:36:31 [info     ] epoch_complete                 epoch=2 is_best=True lr=0.0012060000000000013 total_epochs=50 train_loss=0.065634 val_loss=0.044943
2026-05-13 11:36:31 [debug    ] epoch_start                    epoch=3 total_epochs=50
2026-05-13 11:39:29 [debug    ] meta_saved                     path=data/models/lr_0.003_seed1/meta.json
2026-05-13 11:39:29 [debug    ] model_saved                    epoch=3
2026-05-13 11:39:29 [info     ] epoch_complete                 epoch=3 is_best=True lr=0.001803999999999998 total_epochs=50 train_loss=0.046366 val_loss=0.040336
2026-05-13 11:39:29 [debug    ] epoch_start                    epoch=4 total_epochs=50
2026-05-13 11:42:30 [debug    ] meta_saved                     path=data/models/lr_0.003_seed1/meta.json
2026-05-13 11:42:30 [debug    ] model_saved                    epoch=4
2026-05-13 11:42:30 [info     ] epoch_complete                 epoch=4 is_best=True lr=0.0024019999999999957 total_epochs=50 train_loss=0.151268 val_loss=0.040252
2026-05-13 11:42:30 [debug    ] epoch_start                    epoch=5 total_epochs=50
2026-05-13 11:45:31 [debug    ] meta_saved                     path=data/models/lr_0.003_seed1/meta.json
2026-05-13 11:45:31 [debug    ] model_saved                    epoch=5
2026-05-13 11:45:31 [info     ] epoch_complete                 epoch=5 is_best=True lr=0.003 total_epochs=50 train_loss=0.043829 val_loss=0.039391
2026-05-13 11:45:31 [debug    ] epoch_start                    epoch=6 total_epochs=50
2026-05-13 11:48:38 [debug    ] meta_saved                     path=data/models/lr_0.003_seed1/meta.json
2026-05-13 11:48:38 [debug    ] model_saved                    epoch=6
2026-05-13 11:48:38 [info     ] epoch_complete                 epoch=6 is_best=True lr=0.0029335555555555586 total_epochs=50 train_loss=0.042971 val_loss=0.037589
2026-05-13 11:48:38 [debug    ] epoch_start                    epoch=7 total_epochs=50
2026-05-13 11:51:40 [debug    ] meta_saved                     path=data/models/lr_0.003_seed1/meta.json
2026-05-13 11:51:40 [debug    ] model_saved                    epoch=7
2026-05-13 11:51:40 [info     ] epoch_complete                 epoch=7 is_best=True lr=0.002867111111111115 total_epochs=50 train_loss=0.04124 val_loss=0.035927
2026-05-13 11:51:40 [debug    ] epoch_start                    epoch=8 total_epochs=50
2026-05-13 11:54:41 [debug    ] meta_saved                     path=data/models/lr_0.003_seed1/meta.json
2026-05-13 11:54:41 [debug    ] model_saved                    epoch=8
2026-05-13 11:54:41 [info     ] epoch_complete                 epoch=8 is_best=True lr=0.0028006666666666727 total_epochs=50 train_loss=0.040895 val_loss=0.035709
2026-05-13 11:54:41 [debug    ] epoch_start                    epoch=9 total_epochs=50
2026-05-13 11:57:49 [debug    ] meta_saved                     path=data/models/lr_0.003_seed1/meta.json
2026-05-13 11:57:49 [debug    ] model_saved                    epoch=9
2026-05-13 11:57:49 [info     ] epoch_complete                 epoch=9 is_best=True lr=0.0027342222222222308 total_epochs=50 train_loss=0.040056 val_loss=0.035691
2026-05-13 11:57:49 [debug    ] epoch_start                    epoch=10 total_epochs=50
2026-05-13 12:00:49 [debug    ] meta_saved                     path=data/models/lr_0.003_seed1/meta.json
2026-05-13 12:00:49 [debug    ] model_saved                    epoch=10
2026-05-13 12:00:49 [info     ] epoch_complete                 epoch=10 is_best=True lr=0.0026677777777777897 total_epochs=50 train_loss=0.041225 val_loss=0.035684
2026-05-13 12:00:49 [debug    ] epoch_start                    epoch=11 total_epochs=50
2026-05-13 12:03:58 [debug    ] meta_saved                     path=data/models/lr_0.003_seed1/meta.json
2026-05-13 12:03:58 [debug    ] model_saved                    epoch=11
2026-05-13 12:03:58 [info     ] epoch_complete                 epoch=11 is_best=True lr=0.002601333333333351 total_epochs=50 train_loss=0.039526 val_loss=0.035093
2026-05-13 12:03:58 [debug    ] epoch_start                    epoch=12 total_epochs=50
2026-05-13 12:07:00 [debug    ] meta_saved                     path=data/models/lr_0.003_seed1/meta.json
2026-05-13 12:07:00 [debug    ] model_saved                    epoch=12
2026-05-13 12:07:00 [info     ] epoch_complete                 epoch=12 is_best=True lr=0.00253488888888891 total_epochs=50 train_loss=0.038662 val_loss=0.03495
2026-05-13 12:07:00 [debug    ] epoch_start                    epoch=13 total_epochs=50
2026-05-13 12:10:02 [debug    ] meta_saved                     path=data/models/lr_0.003_seed1/meta.json
2026-05-13 12:10:02 [debug    ] model_saved                    epoch=13
2026-05-13 12:10:02 [info     ] epoch_complete                 epoch=13 is_best=True lr=0.0024684444444444684 total_epochs=50 train_loss=0.038378 val_loss=0.034736
2026-05-13 12:10:02 [debug    ] epoch_start                    epoch=14 total_epochs=50
2026-05-13 12:13:03 [debug    ] meta_saved                     path=data/models/lr_0.003_seed1/meta.json
2026-05-13 12:13:03 [debug    ] model_saved                    epoch=14
2026-05-13 12:13:03 [info     ] epoch_complete                 epoch=14 is_best=True lr=0.0024020000000000217 total_epochs=50 train_loss=0.038103 val_loss=0.034261
2026-05-13 12:13:03 [debug    ] epoch_start                    epoch=15 total_epochs=50
2026-05-13 12:16:04 [info     ] epoch_complete                 epoch=15 is_best=False lr=0.002335555555555575 total_epochs=50 train_loss=0.037929 val_loss=0.03471
2026-05-13 12:16:04 [debug    ] epoch_start                    epoch=16 total_epochs=50
2026-05-13 12:19:07 [info     ] epoch_complete                 epoch=16 is_best=False lr=0.00226911111111113 total_epochs=50 train_loss=0.037723 val_loss=0.034316
2026-05-13 12:19:07 [debug    ] epoch_start                    epoch=17 total_epochs=50
2026-05-13 12:22:06 [info     ] epoch_complete                 epoch=17 is_best=False lr=0.0022026666666666904 total_epochs=50 train_loss=0.037811 val_loss=0.034544
2026-05-13 12:22:06 [debug    ] epoch_start                    epoch=18 total_epochs=50
2026-05-13 12:25:06 [debug    ] meta_saved                     path=data/models/lr_0.003_seed1/meta.json
2026-05-13 12:25:06 [debug    ] model_saved                    epoch=18
2026-05-13 12:25:06 [info     ] epoch_complete                 epoch=18 is_best=True lr=0.0021362222222222503 total_epochs=50 train_loss=0.037302 val_loss=0.033998
2026-05-13 12:25:06 [debug    ] epoch_start                    epoch=19 total_epochs=50
2026-05-13 12:28:08 [info     ] epoch_complete                 epoch=19 is_best=False lr=0.0020697777777778066 total_epochs=50 train_loss=0.03721 val_loss=0.034075
2026-05-13 12:28:08 [debug    ] epoch_start                    epoch=20 total_epochs=50
2026-05-13 12:31:10 [info     ] epoch_complete                 epoch=20 is_best=False lr=0.0020033333333333704 total_epochs=50 train_loss=0.037219 val_loss=0.138887
2026-05-13 12:31:10 [debug    ] epoch_start                    epoch=21 total_epochs=50
2026-05-13 12:34:11 [info     ] epoch_complete                 epoch=21 is_best=False lr=0.0019368888888889261 total_epochs=50 train_loss=2.960143 val_loss=3.525872
2026-05-13 12:34:11 [debug    ] epoch_start                    epoch=22 total_epochs=50
2026-05-13 12:37:13 [info     ] epoch_complete                 epoch=22 is_best=False lr=0.0018704444444444805 total_epochs=50 train_loss=3.626455 val_loss=3.547531
2026-05-13 12:37:13 [debug    ] epoch_start                    epoch=23 total_epochs=50
2026-05-13 12:40:16 [info     ] epoch_complete                 epoch=23 is_best=False lr=0.0018040000000000334 total_epochs=50 train_loss=3.602095 val_loss=3.388706
2026-05-13 12:40:16 [debug    ] epoch_start                    epoch=24 total_epochs=50
2026-05-13 12:43:17 [info     ] epoch_complete                 epoch=24 is_best=False lr=0.001737555555555587 total_epochs=50 train_loss=3.466516 val_loss=3.352117
2026-05-13 12:43:17 [debug    ] epoch_start                    epoch=25 total_epochs=50
2026-05-13 12:46:19 [info     ] epoch_complete                 epoch=25 is_best=False lr=0.0016711111111111393 total_epochs=50 train_loss=3.454595 val_loss=3.347028
2026-05-13 12:46:19 [debug    ] epoch_start                    epoch=26 total_epochs=50
2026-05-13 12:49:21 [info     ] epoch_complete                 epoch=26 is_best=False lr=0.0016046666666666913 total_epochs=50 train_loss=3.451272 val_loss=3.343749
2026-05-13 12:49:21 [debug    ] epoch_start                    epoch=27 total_epochs=50
2026-05-13 12:52:23 [info     ] epoch_complete                 epoch=27 is_best=False lr=0.0015382222222222422 total_epochs=50 train_loss=3.448966 val_loss=3.341225
2026-05-13 12:52:23 [debug    ] epoch_start                    epoch=28 total_epochs=50
2026-05-13 12:55:25 [info     ] epoch_complete                 epoch=28 is_best=False lr=0.0014717777777777923 total_epochs=50 train_loss=3.447397 val_loss=3.340103
2026-05-13 12:55:25 [debug    ] epoch_start                    epoch=29 total_epochs=50
2026-05-13 12:58:27 [info     ] epoch_complete                 epoch=29 is_best=False lr=0.0014053333333333422 total_epochs=50 train_loss=3.445673 val_loss=3.339116
2026-05-13 12:58:27 [debug    ] epoch_start                    epoch=30 total_epochs=50
2026-05-13 13:01:31 [info     ] epoch_complete                 epoch=30 is_best=False lr=0.001338888888888892 total_epochs=50 train_loss=3.446871 val_loss=3.338286
2026-05-13 13:01:31 [debug    ] epoch_start                    epoch=31 total_epochs=50
2026-05-13 13:04:34 [info     ] epoch_complete                 epoch=31 is_best=False lr=0.001272444444444442 total_epochs=50 train_loss=3.130673 val_loss=1.83951
2026-05-13 13:04:34 [debug    ] epoch_start                    epoch=32 total_epochs=50
2026-05-13 13:07:37 [info     ] epoch_complete                 epoch=32 is_best=False lr=0.0012059999999999918 total_epochs=50 train_loss=1.711009 val_loss=1.677925
2026-05-13 13:07:37 [debug    ] epoch_start                    epoch=33 total_epochs=50
2026-05-13 13:10:40 [info     ] epoch_complete                 epoch=33 is_best=False lr=0.0011395555555555417 total_epochs=50 train_loss=1.549963 val_loss=1.267789
2026-05-13 13:10:40 [debug    ] epoch_start                    epoch=34 total_epochs=50
2026-05-13 13:13:41 [info     ] epoch_complete                 epoch=34 is_best=False lr=0.0010731111111110915 total_epochs=50 train_loss=1.703307 val_loss=2.191435
2026-05-13 13:13:41 [debug    ] epoch_start                    epoch=35 total_epochs=50
2026-05-13 13:16:43 [info     ] epoch_complete                 epoch=35 is_best=False lr=0.0010066666666666414 total_epochs=50 train_loss=1.942929 val_loss=1.675344
2026-05-13 13:16:43 [debug    ] epoch_start                    epoch=36 total_epochs=50
2026-05-13 13:19:44 [info     ] epoch_complete                 epoch=36 is_best=False lr=0.0009402222222221965 total_epochs=50 train_loss=2.894302 val_loss=2.916922
2026-05-13 13:19:44 [debug    ] epoch_start                    epoch=37 total_epochs=50
2026-05-13 13:22:47 [info     ] epoch_complete                 epoch=37 is_best=False lr=0.0008737777777777531 total_epochs=50 train_loss=2.979221 val_loss=2.887597
2026-05-13 13:22:47 [debug    ] epoch_start                    epoch=38 total_epochs=50
2026-05-13 13:25:48 [info     ] epoch_complete                 epoch=38 is_best=False lr=0.0008073333333333103 total_epochs=50 train_loss=2.952874 val_loss=2.878064
2026-05-13 13:25:48 [debug    ] epoch_start                    epoch=39 total_epochs=50
2026-05-13 13:28:51 [info     ] epoch_complete                 epoch=39 is_best=False lr=0.0007408888888888679 total_epochs=50 train_loss=2.902257 val_loss=2.85085
2026-05-13 13:28:51 [debug    ] epoch_start                    epoch=40 total_epochs=50
2026-05-13 13:31:52 [info     ] epoch_complete                 epoch=40 is_best=False lr=0.0006744444444444237 total_epochs=50 train_loss=2.926892 val_loss=2.840799
2026-05-13 13:31:52 [debug    ] epoch_start                    epoch=41 total_epochs=50
2026-05-13 13:34:55 [info     ] epoch_complete                 epoch=41 is_best=False lr=0.000607999999999981 total_epochs=50 train_loss=2.991235 val_loss=2.987366
2026-05-13 13:34:55 [debug    ] epoch_start                    epoch=42 total_epochs=50
2026-05-13 13:37:57 [info     ] epoch_complete                 epoch=42 is_best=False lr=0.000541555555555537 total_epochs=50 train_loss=3.048253 val_loss=2.981812
2026-05-13 13:37:57 [debug    ] epoch_start                    epoch=43 total_epochs=50
2026-05-13 13:41:00 [info     ] epoch_complete                 epoch=43 is_best=False lr=0.0004751111111110937 total_epochs=50 train_loss=2.083896 val_loss=1.879033
2026-05-13 13:41:00 [debug    ] epoch_start                    epoch=44 total_epochs=50
2026-05-13 13:44:02 [info     ] epoch_complete                 epoch=44 is_best=False lr=0.0004086666666666522 total_epochs=50 train_loss=2.672561 val_loss=2.081007
2026-05-13 13:44:02 [debug    ] epoch_start                    epoch=45 total_epochs=50
2026-05-13 13:47:04 [info     ] epoch_complete                 epoch=45 is_best=False lr=0.000342222222222211 total_epochs=50 train_loss=2.178209 val_loss=2.099804
2026-05-13 13:47:04 [debug    ] epoch_start                    epoch=46 total_epochs=50
2026-05-13 13:50:07 [info     ] epoch_complete                 epoch=46 is_best=False lr=0.0002757777777777704 total_epochs=50 train_loss=2.101113 val_loss=2.154804
2026-05-13 13:50:07 [debug    ] epoch_start                    epoch=47 total_epochs=50
2026-05-13 13:53:09 [info     ] epoch_complete                 epoch=47 is_best=False lr=0.0002093333333333286 total_epochs=50 train_loss=2.408726 val_loss=2.376585
2026-05-13 13:53:09 [debug    ] epoch_start                    epoch=48 total_epochs=50
2026-05-13 13:56:09 [info     ] epoch_complete                 epoch=48 is_best=False lr=0.00014288888888888557 total_epochs=50 train_loss=2.557055 val_loss=2.326648
2026-05-13 13:56:09 [debug    ] epoch_start                    epoch=49 total_epochs=50
2026-05-13 13:59:13 [info     ] epoch_complete                 epoch=49 is_best=False lr=7.644444444444272e-05 total_epochs=50 train_loss=2.442497 val_loss=2.377798
2026-05-13 13:59:13 [debug    ] epoch_start                    epoch=50 total_epochs=50
2026-05-13 14:02:16 [info     ] epoch_complete                 epoch=50 is_best=False lr=9.999999999999703e-06 total_epochs=50 train_loss=2.462058 val_loss=2.333036
2026-05-13 14:02:16 [info     ] training_log_saved             path=data/models/lr_0.003_seed1/training_losses.csv
2026-05-13 14:02:16 [info     ] training_complete              best_val_loss=0.033998
2026-05-13 14:02:16 [info     ] train_typecode_done            typecode=A320
2026-05-13 14:02:16 [info     ] train_done                     typecodes=['A320']

$ uv run fdm train --arch adsb --config results/lr_0.003_seed1/config.yaml --model-name lr_0.003_seed1 --epochs 50 --batch-size 128 --lr 0.003 --method rk4 --seq-len 60 --train-limit 5000 --activation silu --seed 1 --device cuda --use-mode-weights --mode-weight-alpha 0.5
