2026-05-14 01:02:28 [info     ] evaluate_start                 arch=adsb typecodes=['A320']
2026-05-14 01:02:28 [info     ] evaluate_typecode              flights=542 typecode=A320
2026-05-14 01:02:39 [info     ] evaluate_done                  output=data/model_performance/activation_relu_seed2/performance.parquet rows=16
shape: (16, 11)
┌──────────┬─────────────────────────┬──────────────┬───────┬─────────┬──────────┬──────────┬──────────┬─────────┬──────────┬────────┐
│ Aircraft ┆ Variable                ┆ Phase        ┆ Model ┆ MAE     ┆ MAE_std  ┆ MAPE (%) ┆ MAPE_std ┆ ME      ┆ ME_std   ┆ Count  │
│ ---      ┆ ---                     ┆ ---          ┆ ---   ┆ ---     ┆ ---      ┆ ---      ┆ ---      ┆ ---     ┆ ---      ┆ ---    │
│ str      ┆ str                     ┆ str          ┆ str   ┆ f64     ┆ f64      ┆ f64      ┆ f64      ┆ f64     ┆ f64      ┆ i64    │
╞══════════╪═════════════════════════╪══════════════╪═══════╪═════════╪══════════╪══════════╪══════════╪═════════╪══════════╪════════╡
│ A320     ┆ Altitude [m]            ┆ All phases   ┆ PRED  ┆ 250.651 ┆ 587.697  ┆ 5.422    ┆ 18.619   ┆ 130.566 ┆ 625.432  ┆ 478843 │
│ A320     ┆ Altitude [m]            ┆ Climb        ┆ PRED  ┆ 783.550 ┆ 1044.541 ┆ 17.644   ┆ 36.656   ┆ 625.023 ┆ 1146.456 ┆ 90018  │
│ A320     ┆ Altitude [m]            ┆ Level flight ┆ PRED  ┆ 66.803  ┆ 180.414  ┆ 0.881    ┆ 5.188    ┆ 12.162  ┆ 192.000  ┆ 296839 │
│ A320     ┆ Altitude [m]            ┆ Descent      ┆ PRED  ┆ 322.431 ┆ 482.764  ┆ 8.117    ┆ 13.520   ┆ 28.780  ┆ 579.823  ┆ 91986  │
│ A320     ┆ Flight path angle [deg] ┆ All phases   ┆ PRED  ┆ 0.275   ┆ 0.606    ┆ NaN      ┆ NaN      ┆ -0.058  ┆ 0.663    ┆ 478843 │
│ A320     ┆ Flight path angle [deg] ┆ Climb        ┆ PRED  ┆ 0.708   ┆ 0.962    ┆ NaN      ┆ NaN      ┆ -0.399  ┆ 1.126    ┆ 90018  │
│ A320     ┆ Flight path angle [deg] ┆ Level flight ┆ PRED  ┆ 0.073   ┆ 0.240    ┆ NaN      ┆ NaN      ┆ -0.007  ┆ 0.251    ┆ 296839 │
│ A320     ┆ Flight path angle [deg] ┆ Descent      ┆ PRED  ┆ 0.505   ┆ 0.671    ┆ NaN      ┆ NaN      ┆ 0.112   ┆ 0.832    ┆ 91986  │
│ A320     ┆ Heading [deg]           ┆ All phases   ┆ PRED  ┆ 1.965   ┆ 6.930    ┆ NaN      ┆ NaN      ┆ 0.284   ┆ 7.198    ┆ 478843 │
│ A320     ┆ Heading [deg]           ┆ Climb        ┆ PRED  ┆ 2.286   ┆ 6.814    ┆ NaN      ┆ NaN      ┆ 0.074   ┆ 7.187    ┆ 90018  │
│ A320     ┆ Heading [deg]           ┆ Level flight ┆ PRED  ┆ 1.688   ┆ 6.565    ┆ NaN      ┆ NaN      ┆ 0.375   ┆ 6.769    ┆ 296839 │
│ A320     ┆ Heading [deg]           ┆ Descent      ┆ PRED  ┆ 2.544   ┆ 8.050    ┆ NaN      ┆ NaN      ┆ 0.198   ┆ 8.440    ┆ 91986  │
│ A320     ┆ True airspeed [m/s]     ┆ All phases   ┆ PRED  ┆ 2.963   ┆ 7.340    ┆ 1.700    ┆ 5.929    ┆ 0.417   ┆ 7.905    ┆ 478843 │
│ A320     ┆ True airspeed [m/s]     ┆ Climb        ┆ PRED  ┆ 5.400   ┆ 13.001   ┆ 3.410    ┆ 10.262   ┆ 3.193   ┆ 13.711   ┆ 90018  │
│ A320     ┆ True airspeed [m/s]     ┆ Level flight ┆ PRED  ┆ 1.950   ┆ 4.255    ┆ 0.983    ┆ 4.199    ┆ -0.205  ┆ 4.676    ┆ 296839 │
│ A320     ┆ True airspeed [m/s]     ┆ Descent      ┆ PRED  ┆ 3.849   ┆ 6.835    ┆ 2.337    ┆ 4.258    ┆ -0.289  ┆ 7.839    ┆ 91986  │
└──────────┴─────────────────────────┴──────────────┴───────┴─────────┴──────────┴──────────┴──────────┴─────────┴──────────┴────────┘

$ uv run fdm evaluate --arch adsb --config results/activation_relu_seed2/config.yaml --model-name activation_relu_seed2
