2026-05-18 20:11:25 [info     ] evaluate_start                 arch=adsb typecodes=['A320']
2026-05-18 20:11:25 [info     ] evaluate_typecode              flights=542 typecode=A320
2026-05-18 20:11:38 [info     ] evaluate_done                  output=data/model_performance/seq_60_seed1/performance.parquet rows=16
shape: (16, 11)
┌──────────┬─────────────────────────┬──────────────┬───────┬─────────┬─────────┬──────────┬──────────┬─────────┬──────────┬────────┐
│ Aircraft ┆ Variable                ┆ Phase        ┆ Model ┆ MAE     ┆ MAE_std ┆ MAPE (%) ┆ MAPE_std ┆ ME      ┆ ME_std   ┆ Count  │
│ ---      ┆ ---                     ┆ ---          ┆ ---   ┆ ---     ┆ ---     ┆ ---      ┆ ---      ┆ ---     ┆ ---      ┆ ---    │
│ str      ┆ str                     ┆ str          ┆ str   ┆ f64     ┆ f64     ┆ f64      ┆ f64      ┆ f64     ┆ f64      ┆ i64    │
╞══════════╪═════════════════════════╪══════════════╪═══════╪═════════╪═════════╪══════════╪══════════╪═════════╪══════════╪════════╡
│ A320     ┆ Altitude [m]            ┆ All phases   ┆ PRED  ┆ 265.570 ┆ 543.830 ┆ 5.494    ┆ 17.389   ┆ 55.128  ┆ 602.693  ┆ 478843 │
│ A320     ┆ Altitude [m]            ┆ Climb        ┆ PRED  ┆ 738.240 ┆ 947.995 ┆ 16.457   ┆ 33.549   ┆ 478.260 ┆ 1102.252 ┆ 90018  │
│ A320     ┆ Altitude [m]            ┆ Level flight ┆ PRED  ┆ 98.953  ┆ 181.968 ┆ 1.192    ┆ 5.174    ┆ -64.473 ┆ 196.843  ┆ 296839 │
│ A320     ┆ Altitude [m]            ┆ Descent      ┆ PRED  ┆ 340.686 ┆ 489.261 ┆ 8.648    ┆ 14.102   ┆ 27.002  ┆ 595.578  ┆ 91986  │
│ A320     ┆ Flight path angle [deg] ┆ All phases   ┆ PRED  ┆ 0.279   ┆ 0.607   ┆ NaN      ┆ NaN      ┆ -0.055  ┆ 0.666    ┆ 478843 │
│ A320     ┆ Flight path angle [deg] ┆ Climb        ┆ PRED  ┆ 0.702   ┆ 0.956   ┆ NaN      ┆ NaN      ┆ -0.392  ┆ 1.120    ┆ 90018  │
│ A320     ┆ Flight path angle [deg] ┆ Level flight ┆ PRED  ┆ 0.077   ┆ 0.256   ┆ NaN      ┆ NaN      ┆ -0.010  ┆ 0.267    ┆ 296839 │
│ A320     ┆ Flight path angle [deg] ┆ Descent      ┆ PRED  ┆ 0.517   ┆ 0.669   ┆ NaN      ┆ NaN      ┆ 0.130   ┆ 0.836    ┆ 91986  │
│ A320     ┆ Heading [deg]           ┆ All phases   ┆ PRED  ┆ 1.647   ┆ 6.665   ┆ NaN      ┆ NaN      ┆ -0.511  ┆ 6.847    ┆ 478843 │
│ A320     ┆ Heading [deg]           ┆ Climb        ┆ PRED  ┆ 1.910   ┆ 6.792   ┆ NaN      ┆ NaN      ┆ -0.325  ┆ 7.048    ┆ 90018  │
│ A320     ┆ Heading [deg]           ┆ Level flight ┆ PRED  ┆ 1.413   ┆ 6.231   ┆ NaN      ┆ NaN      ┆ -0.558  ┆ 6.365    ┆ 296839 │
│ A320     ┆ Heading [deg]           ┆ Descent      ┆ PRED  ┆ 2.145   ┆ 7.766   ┆ NaN      ┆ NaN      ┆ -0.545  ┆ 8.039    ┆ 91986  │
│ A320     ┆ True airspeed [m/s]     ┆ All phases   ┆ PRED  ┆ 3.022   ┆ 7.183   ┆ 1.716    ┆ 5.621    ┆ 0.178   ┆ 7.791    ┆ 478843 │
│ A320     ┆ True airspeed [m/s]     ┆ Climb        ┆ PRED  ┆ 5.552   ┆ 12.521  ┆ 3.474    ┆ 9.764    ┆ 2.729   ┆ 13.422   ┆ 90018  │
│ A320     ┆ True airspeed [m/s]     ┆ Level flight ┆ PRED  ┆ 1.946   ┆ 4.213   ┆ 0.973    ┆ 3.944    ┆ -0.069  ┆ 4.640    ┆ 296839 │
│ A320     ┆ True airspeed [m/s]     ┆ Descent      ┆ PRED  ┆ 4.022   ┆ 6.847   ┆ 2.391    ┆ 3.966    ┆ -1.522  ┆ 7.794    ┆ 91986  │
└──────────┴─────────────────────────┴──────────────┴───────┴─────────┴─────────┴──────────┴──────────┴─────────┴──────────┴────────┘

$ uv run fdm evaluate --arch adsb --config results_run3/seq_60_seed1/config.yaml --model-name seq_60_seed1
