2026-05-13 04:29:27 [info     ] evaluate_start                 arch=adsb typecodes=['A320']
2026-05-13 04:29:27 [info     ] evaluate_typecode              flights=542 typecode=A320
2026-05-13 04:29:40 [info     ] evaluate_done                  output=data/model_performance/bs_64_seed0/performance.parquet rows=16
shape: (16, 11)
┌──────────┬─────────────────────────┬──────────────┬───────┬─────────┬──────────┬──────────┬──────────┬─────────┬──────────┬────────┐
│ Aircraft ┆ Variable                ┆ Phase        ┆ Model ┆ MAE     ┆ MAE_std  ┆ MAPE (%) ┆ MAPE_std ┆ ME      ┆ ME_std   ┆ Count  │
│ ---      ┆ ---                     ┆ ---          ┆ ---   ┆ ---     ┆ ---      ┆ ---      ┆ ---      ┆ ---     ┆ ---      ┆ ---    │
│ str      ┆ str                     ┆ str          ┆ str   ┆ f64     ┆ f64      ┆ f64      ┆ f64      ┆ f64     ┆ f64      ┆ i64    │
╞══════════╪═════════════════════════╪══════════════╪═══════╪═════════╪══════════╪══════════╪══════════╪═════════╪══════════╪════════╡
│ A320     ┆ Altitude [m]            ┆ All phases   ┆ PRED  ┆ 250.104 ┆ 613.921  ┆ 5.501    ┆ 19.401   ┆ 128.807 ┆ 650.277  ┆ 478843 │
│ A320     ┆ Altitude [m]            ┆ Climb        ┆ PRED  ┆ 822.083 ┆ 1099.990 ┆ 18.489   ┆ 38.326   ┆ 672.374 ┆ 1197.376 ┆ 90018  │
│ A320     ┆ Altitude [m]            ┆ Level flight ┆ PRED  ┆ 54.583  ┆ 168.530  ┆ 0.765    ┆ 5.511    ┆ -5.138  ┆ 177.075  ┆ 296839 │
│ A320     ┆ Altitude [m]            ┆ Descent      ┆ PRED  ┆ 321.308 ┆ 487.495  ┆ 8.076    ┆ 13.406   ┆ 29.109  ┆ 583.132  ┆ 91986  │
│ A320     ┆ Flight path angle [deg] ┆ All phases   ┆ PRED  ┆ 0.288   ┆ 0.606    ┆ NaN      ┆ NaN      ┆ -0.065  ┆ 0.668    ┆ 478843 │
│ A320     ┆ Flight path angle [deg] ┆ Climb        ┆ PRED  ┆ 0.725   ┆ 0.961    ┆ NaN      ┆ NaN      ┆ -0.421  ┆ 1.127    ┆ 90018  │
│ A320     ┆ Flight path angle [deg] ┆ Level flight ┆ PRED  ┆ 0.086   ┆ 0.242    ┆ NaN      ┆ NaN      ┆ -0.009  ┆ 0.256    ┆ 296839 │
│ A320     ┆ Flight path angle [deg] ┆ Descent      ┆ PRED  ┆ 0.514   ┆ 0.672    ┆ NaN      ┆ NaN      ┆ 0.104   ┆ 0.839    ┆ 91986  │
│ A320     ┆ Heading [deg]           ┆ All phases   ┆ PRED  ┆ 1.692   ┆ 6.730    ┆ NaN      ┆ NaN      ┆ 0.052   ┆ 6.939    ┆ 478843 │
│ A320     ┆ Heading [deg]           ┆ Climb        ┆ PRED  ┆ 2.132   ┆ 7.202    ┆ NaN      ┆ NaN      ┆ -0.080  ┆ 7.511    ┆ 90018  │
│ A320     ┆ Heading [deg]           ┆ Level flight ┆ PRED  ┆ 1.416   ┆ 6.063    ┆ NaN      ┆ NaN      ┆ 0.125   ┆ 6.224    ┆ 296839 │
│ A320     ┆ Heading [deg]           ┆ Descent      ┆ PRED  ┆ 2.154   ┆ 8.107    ┆ NaN      ┆ NaN      ┆ -0.054  ┆ 8.388    ┆ 91986  │
│ A320     ┆ True airspeed [m/s]     ┆ All phases   ┆ PRED  ┆ 2.950   ┆ 7.341    ┆ 1.705    ┆ 5.923    ┆ 0.609   ┆ 7.888    ┆ 478843 │
│ A320     ┆ True airspeed [m/s]     ┆ Climb        ┆ PRED  ┆ 5.569   ┆ 12.981   ┆ 3.522    ┆ 10.211   ┆ 3.308   ┆ 13.733   ┆ 90018  │
│ A320     ┆ True airspeed [m/s]     ┆ Level flight ┆ PRED  ┆ 1.863   ┆ 4.242    ┆ 0.953    ┆ 4.227    ┆ 0.088   ┆ 4.632    ┆ 296839 │
│ A320     ┆ True airspeed [m/s]     ┆ Descent      ┆ PRED  ┆ 3.895   ┆ 6.790    ┆ 2.354    ┆ 4.180    ┆ -0.351  ┆ 7.820    ┆ 91986  │
└──────────┴─────────────────────────┴──────────────┴───────┴─────────┴──────────┴──────────┴──────────┴─────────┴──────────┴────────┘

$ uv run fdm evaluate --arch adsb --config results/bs_64_seed0/config.yaml --model-name bs_64_seed0
