2026-05-12 21:05:21 [info     ] train_start                    arch=adsb device=cuda typecodes=['A320']
2026-05-12 21:05:21 [info     ] train_typecode                 typecode=A320
2026-05-12 21:05:22 [info     ] mode_weights_computed          alpha=0.5 bottom5_labels=[['ALT_MACH', 0.6206242276704164, 556092], ['ALT_UNK', 0.6891691293583678, 450975], ['TURN', 0.8913340435092099, 269602], ['UNKVERT_MACH', 0.9861637175043825, 220245], ['ALT_CAS', 1.0707556265239335, 186820]] imbalance_ratio=40.174252275682704 n_labels=13 top5_labels=[['VZ_CAS', 3.9337125975553753, 13842], ['VZ_UNK', 2.533593642654822, 33368], ['GAMMA_CAS', 2.453056495492336, 35595], ['VZ_MACH', 2.0015537788607305, 53465], ['UNKVERT_CAS', 1.936559122733483, 57114]] weight_ratio_max_over_min=6.33831620193271
2026-05-12 21:05:22 [info     ] loading_data                   train_flights=1594 val_flights=247
2026-05-12 21:05:22 [warning  ] e1_column_missing              column=fdm_g_sin_gamma_ms2
2026-05-12 21:05:22 [warning  ] e1_column_missing              column=fdm_cos_gamma
2026-05-12 21:05:22 [warning  ] e1_column_missing              column=fdm_q_pa
2026-05-12 21:05:22 [warning  ] e1_column_missing              column=fdm_g_over_v
2026-05-12 21:05:22 [warning  ] e1_column_missing              column=fdm_lat_wind_ms
2026-05-12 21:05:22 [warning  ] e1_column_missing              column=fdm_drift_rad
2026-05-12 21:05:22 [warning  ] e1_column_missing              column=fdm_track_rad
2026-05-12 21:05:22 [warning  ] e1_column_missing              column=fdm_heading_diff_rad
2026-05-12 21:05:28 [warning  ] e1_column_missing              column=fdm_g_sin_gamma_ms2
2026-05-12 21:05:28 [warning  ] e1_column_missing              column=fdm_cos_gamma
2026-05-12 21:05:28 [warning  ] e1_column_missing              column=fdm_q_pa
2026-05-12 21:05:28 [warning  ] e1_column_missing              column=fdm_g_over_v
2026-05-12 21:05:28 [warning  ] e1_column_missing              column=fdm_lat_wind_ms
2026-05-12 21:05:28 [warning  ] e1_column_missing              column=fdm_drift_rad
2026-05-12 21:05:28 [warning  ] e1_column_missing              column=fdm_track_rad
2026-05-12 21:05:28 [warning  ] e1_column_missing              column=fdm_heading_diff_rad
2026-05-12 21:05:29 [info     ] data_loaded                    train_samples=23212 val_samples=3628
2026-05-12 21:05:45 [debug    ] meta_saved                     path=data/models/bs_64_seed0/meta.json
2026-05-12 21:05:45 [info     ] trainer_initialized            architecture=node_adsb_v1 device=cuda train_samples=23212 val_samples=3628
2026-05-12 21:05:45 [info     ] preloading_data_to_gpu
2026-05-12 21:05:45 [debug    ] epoch_start                    epoch=1 total_epochs=50
/data/common/dataiku/config/projects/NODEFDM/lib/python/.venv/lib/python3.12/site-packages/torch/_inductor/compile_fx.py:321: UserWarning: TensorFloat32 tensor cores for float32 matrix multiplication available but not enabled. Consider setting `torch.set_float32_matmul_precision('high')` for better performance.
  warnings.warn(
2026-05-12 21:06:09 [info     ] debug_magnitudes               norm_mean=['8568.283203', '-0.001322', '213.622833', '3.253931'] norm_std=['2269.236084', '0.038830', '32.838379', '1.246786'] ode_loss=0.902837
W0512 21:13:17.048000 3866411 torch/_dynamo/convert_frame.py:1676] [0/8] torch._dynamo hit config.recompile_limit (8)
W0512 21:13:17.048000 3866411 torch/_dynamo/convert_frame.py:1676] [0/8]    function: 'forward' (/data/common/dataiku/config/projects/NODEFDM/lib/python/packages/node-fdm/src/node_fdm/models/fdm.py:181)
W0512 21:13:17.048000 3866411 torch/_dynamo/convert_frame.py:1676] [0/8]    last reason: 0/7: tensor 'self.history['raw_alt_m']' size mismatch at index 1. expected 1, actual 2
W0512 21:13:17.048000 3866411 torch/_dynamo/convert_frame.py:1676] [0/8] To log all recompilation reasons, use TORCH_LOGS="recompiles".
W0512 21:13:17.048000 3866411 torch/_dynamo/convert_frame.py:1676] [0/8] To diagnose recompilation issues, see https://pytorch.org/docs/main/compile/programming_model.recompilation.html
2026-05-12 21:13:18 [debug    ] meta_saved                     path=data/models/bs_64_seed0/meta.json
2026-05-12 21:13:18 [debug    ] model_saved                    epoch=1
2026-05-12 21:13:18 [info     ] epoch_complete                 epoch=1 is_best=True lr=0.0002080000000000004 total_epochs=50 train_loss=0.27046 val_loss=0.080775
2026-05-12 21:13:18 [debug    ] epoch_start                    epoch=2 total_epochs=50
2026-05-12 21:19:11 [debug    ] meta_saved                     path=data/models/bs_64_seed0/meta.json
2026-05-12 21:19:11 [debug    ] model_saved                    epoch=2
2026-05-12 21:19:11 [info     ] epoch_complete                 epoch=2 is_best=True lr=0.0004060000000000004 total_epochs=50 train_loss=0.081052 val_loss=0.065181
2026-05-12 21:19:11 [debug    ] epoch_start                    epoch=3 total_epochs=50
2026-05-12 21:25:10 [debug    ] meta_saved                     path=data/models/bs_64_seed0/meta.json
2026-05-12 21:25:10 [debug    ] model_saved                    epoch=3
2026-05-12 21:25:10 [info     ] epoch_complete                 epoch=3 is_best=True lr=0.0006040000000000011 total_epochs=50 train_loss=0.055135 val_loss=0.042049
2026-05-12 21:25:10 [debug    ] epoch_start                    epoch=4 total_epochs=50
2026-05-12 21:31:10 [debug    ] meta_saved                     path=data/models/bs_64_seed0/meta.json
2026-05-12 21:31:10 [debug    ] model_saved                    epoch=4
2026-05-12 21:31:10 [info     ] epoch_complete                 epoch=4 is_best=True lr=0.000801999999999999 total_epochs=50 train_loss=0.046019 val_loss=0.03913
2026-05-12 21:31:10 [debug    ] epoch_start                    epoch=5 total_epochs=50
2026-05-12 21:37:11 [info     ] epoch_complete                 epoch=5 is_best=False lr=0.001 total_epochs=50 train_loss=0.049401 val_loss=0.040186
2026-05-12 21:37:11 [debug    ] epoch_start                    epoch=6 total_epochs=50
2026-05-12 21:43:09 [info     ] epoch_complete                 epoch=6 is_best=False lr=0.0009779999999999947 total_epochs=50 train_loss=0.055516 val_loss=0.043811
2026-05-12 21:43:09 [debug    ] epoch_start                    epoch=7 total_epochs=50
2026-05-12 21:49:08 [debug    ] meta_saved                     path=data/models/bs_64_seed0/meta.json
2026-05-12 21:49:08 [debug    ] model_saved                    epoch=7
2026-05-12 21:49:08 [info     ] epoch_complete                 epoch=7 is_best=True lr=0.0009559999999999942 total_epochs=50 train_loss=0.04483 val_loss=0.038282
2026-05-12 21:49:08 [debug    ] epoch_start                    epoch=8 total_epochs=50
2026-05-12 21:55:09 [debug    ] meta_saved                     path=data/models/bs_64_seed0/meta.json
2026-05-12 21:55:09 [debug    ] model_saved                    epoch=8
2026-05-12 21:55:09 [info     ] epoch_complete                 epoch=8 is_best=True lr=0.0009339999999999934 total_epochs=50 train_loss=0.042114 val_loss=0.037265
2026-05-12 21:55:09 [debug    ] epoch_start                    epoch=9 total_epochs=50
2026-05-12 22:01:10 [debug    ] meta_saved                     path=data/models/bs_64_seed0/meta.json
2026-05-12 22:01:10 [debug    ] model_saved                    epoch=9
2026-05-12 22:01:10 [info     ] epoch_complete                 epoch=9 is_best=True lr=0.0009119999999999924 total_epochs=50 train_loss=0.041051 val_loss=0.036078
2026-05-12 22:01:10 [debug    ] epoch_start                    epoch=10 total_epochs=50
2026-05-12 22:07:11 [info     ] epoch_complete                 epoch=10 is_best=False lr=0.0008899999999999917 total_epochs=50 train_loss=0.04003 val_loss=0.036098
2026-05-12 22:07:11 [debug    ] epoch_start                    epoch=11 total_epochs=50
2026-05-12 22:13:10 [debug    ] meta_saved                     path=data/models/bs_64_seed0/meta.json
2026-05-12 22:13:10 [debug    ] model_saved                    epoch=11
2026-05-12 22:13:10 [info     ] epoch_complete                 epoch=11 is_best=True lr=0.0008679999999999905 total_epochs=50 train_loss=0.039625 val_loss=0.035621
2026-05-12 22:13:10 [debug    ] epoch_start                    epoch=12 total_epochs=50
2026-05-12 22:19:10 [debug    ] meta_saved                     path=data/models/bs_64_seed0/meta.json
2026-05-12 22:19:10 [debug    ] model_saved                    epoch=12
2026-05-12 22:19:10 [info     ] epoch_complete                 epoch=12 is_best=True lr=0.000845999999999989 total_epochs=50 train_loss=0.039555 val_loss=0.035515
2026-05-12 22:19:10 [debug    ] epoch_start                    epoch=13 total_epochs=50
2026-05-12 22:25:08 [info     ] epoch_complete                 epoch=13 is_best=False lr=0.0008239999999999856 total_epochs=50 train_loss=0.039219 val_loss=0.035578
2026-05-12 22:25:08 [debug    ] epoch_start                    epoch=14 total_epochs=50
2026-05-12 22:31:07 [debug    ] meta_saved                     path=data/models/bs_64_seed0/meta.json
2026-05-12 22:31:07 [debug    ] model_saved                    epoch=14
2026-05-12 22:31:07 [info     ] epoch_complete                 epoch=14 is_best=True lr=0.0008019999999999825 total_epochs=50 train_loss=0.039042 val_loss=0.035264
2026-05-12 22:31:07 [debug    ] epoch_start                    epoch=15 total_epochs=50
2026-05-12 22:37:05 [info     ] epoch_complete                 epoch=15 is_best=False lr=0.0007799999999999793 total_epochs=50 train_loss=0.044341 val_loss=0.036498
2026-05-12 22:37:05 [debug    ] epoch_start                    epoch=16 total_epochs=50
2026-05-12 22:43:05 [debug    ] meta_saved                     path=data/models/bs_64_seed0/meta.json
2026-05-12 22:43:05 [debug    ] model_saved                    epoch=16
2026-05-12 22:43:05 [info     ] epoch_complete                 epoch=16 is_best=True lr=0.0007579999999999761 total_epochs=50 train_loss=0.039143 val_loss=0.03515
2026-05-12 22:43:05 [debug    ] epoch_start                    epoch=17 total_epochs=50
2026-05-12 22:49:07 [debug    ] meta_saved                     path=data/models/bs_64_seed0/meta.json
2026-05-12 22:49:07 [debug    ] model_saved                    epoch=17
2026-05-12 22:49:07 [info     ] epoch_complete                 epoch=17 is_best=True lr=0.0007359999999999731 total_epochs=50 train_loss=0.038569 val_loss=0.034909
2026-05-12 22:49:07 [debug    ] epoch_start                    epoch=18 total_epochs=50
2026-05-12 22:55:07 [debug    ] meta_saved                     path=data/models/bs_64_seed0/meta.json
2026-05-12 22:55:07 [debug    ] model_saved                    epoch=18
2026-05-12 22:55:07 [info     ] epoch_complete                 epoch=18 is_best=True lr=0.0007139999999999699 total_epochs=50 train_loss=0.038489 val_loss=0.034634
2026-05-12 22:55:07 [debug    ] epoch_start                    epoch=19 total_epochs=50
2026-05-12 23:01:07 [debug    ] meta_saved                     path=data/models/bs_64_seed0/meta.json
2026-05-12 23:01:07 [debug    ] model_saved                    epoch=19
2026-05-12 23:01:07 [info     ] epoch_complete                 epoch=19 is_best=True lr=0.0006919999999999653 total_epochs=50 train_loss=0.038993 val_loss=0.034571
2026-05-12 23:01:07 [debug    ] epoch_start                    epoch=20 total_epochs=50
2026-05-12 23:07:02 [debug    ] meta_saved                     path=data/models/bs_64_seed0/meta.json
2026-05-12 23:07:02 [debug    ] model_saved                    epoch=20
2026-05-12 23:07:02 [info     ] epoch_complete                 epoch=20 is_best=True lr=0.0006699999999999609 total_epochs=50 train_loss=0.03817 val_loss=0.034513
2026-05-12 23:07:02 [debug    ] epoch_start                    epoch=21 total_epochs=50
2026-05-12 23:13:00 [debug    ] meta_saved                     path=data/models/bs_64_seed0/meta.json
2026-05-12 23:13:00 [debug    ] model_saved                    epoch=21
2026-05-12 23:13:00 [info     ] epoch_complete                 epoch=21 is_best=True lr=0.0006479999999999558 total_epochs=50 train_loss=0.037997 val_loss=0.034122
2026-05-12 23:13:00 [debug    ] epoch_start                    epoch=22 total_epochs=50
2026-05-12 23:19:02 [info     ] epoch_complete                 epoch=22 is_best=False lr=0.0006259999999999505 total_epochs=50 train_loss=0.037863 val_loss=0.034961
2026-05-12 23:19:02 [debug    ] epoch_start                    epoch=23 total_epochs=50
2026-05-12 23:25:01 [info     ] epoch_complete                 epoch=23 is_best=False lr=0.0006039999999999452 total_epochs=50 train_loss=0.037703 val_loss=0.034346
2026-05-12 23:25:01 [debug    ] epoch_start                    epoch=24 total_epochs=50
2026-05-12 23:30:59 [info     ] epoch_complete                 epoch=24 is_best=False lr=0.0005819999999999399 total_epochs=50 train_loss=0.03754 val_loss=0.0343
2026-05-12 23:30:59 [debug    ] epoch_start                    epoch=25 total_epochs=50
2026-05-12 23:36:58 [debug    ] meta_saved                     path=data/models/bs_64_seed0/meta.json
2026-05-12 23:36:58 [debug    ] model_saved                    epoch=25
2026-05-12 23:36:58 [info     ] epoch_complete                 epoch=25 is_best=True lr=0.0005599999999999346 total_epochs=50 train_loss=0.037441 val_loss=0.033958
2026-05-12 23:36:58 [debug    ] epoch_start                    epoch=26 total_epochs=50
2026-05-12 23:42:55 [info     ] epoch_complete                 epoch=26 is_best=False lr=0.0005379999999999293 total_epochs=50 train_loss=0.037313 val_loss=0.034246
2026-05-12 23:42:55 [debug    ] epoch_start                    epoch=27 total_epochs=50
2026-05-12 23:48:51 [info     ] epoch_complete                 epoch=27 is_best=False lr=0.000515999999999924 total_epochs=50 train_loss=0.037091 val_loss=0.03401
2026-05-12 23:48:51 [debug    ] epoch_start                    epoch=28 total_epochs=50
2026-05-12 23:54:51 [debug    ] meta_saved                     path=data/models/bs_64_seed0/meta.json
2026-05-12 23:54:51 [debug    ] model_saved                    epoch=28
2026-05-12 23:54:51 [info     ] epoch_complete                 epoch=28 is_best=True lr=0.0004939999999999187 total_epochs=50 train_loss=0.037117 val_loss=0.03376
2026-05-12 23:54:51 [debug    ] epoch_start                    epoch=29 total_epochs=50
2026-05-13 00:00:49 [debug    ] meta_saved                     path=data/models/bs_64_seed0/meta.json
2026-05-13 00:00:49 [debug    ] model_saved                    epoch=29
2026-05-13 00:00:49 [info     ] epoch_complete                 epoch=29 is_best=True lr=0.00047199999999991997 total_epochs=50 train_loss=0.036983 val_loss=0.033716
2026-05-13 00:00:49 [debug    ] epoch_start                    epoch=30 total_epochs=50
2026-05-13 00:06:46 [debug    ] meta_saved                     path=data/models/bs_64_seed0/meta.json
2026-05-13 00:06:46 [debug    ] model_saved                    epoch=30
2026-05-13 00:06:46 [info     ] epoch_complete                 epoch=30 is_best=True lr=0.00044999999999992393 total_epochs=50 train_loss=0.036738 val_loss=0.033185
2026-05-13 00:06:46 [debug    ] epoch_start                    epoch=31 total_epochs=50
2026-05-13 00:12:41 [info     ] epoch_complete                 epoch=31 is_best=False lr=0.0004279999999999269 total_epochs=50 train_loss=0.036797 val_loss=0.033669
2026-05-13 00:12:41 [debug    ] epoch_start                    epoch=32 total_epochs=50
2026-05-13 00:18:39 [info     ] epoch_complete                 epoch=32 is_best=False lr=0.0004059999999999309 total_epochs=50 train_loss=0.036473 val_loss=0.033416
2026-05-13 00:18:39 [debug    ] epoch_start                    epoch=33 total_epochs=50
2026-05-13 00:24:39 [info     ] epoch_complete                 epoch=33 is_best=False lr=0.0003839999999999346 total_epochs=50 train_loss=0.036366 val_loss=0.033558
2026-05-13 00:24:39 [debug    ] epoch_start                    epoch=34 total_epochs=50
2026-05-13 00:30:38 [info     ] epoch_complete                 epoch=34 is_best=False lr=0.0003619999999999374 total_epochs=50 train_loss=0.036144 val_loss=0.033307
2026-05-13 00:30:38 [debug    ] epoch_start                    epoch=35 total_epochs=50
2026-05-13 00:40:09 [debug    ] meta_saved                     path=data/models/bs_64_seed0/meta.json
2026-05-13 00:40:09 [debug    ] model_saved                    epoch=35
2026-05-13 00:40:09 [info     ] epoch_complete                 epoch=35 is_best=True lr=0.0003399999999999421 total_epochs=50 train_loss=0.036093 val_loss=0.033159
2026-05-13 00:40:09 [debug    ] epoch_start                    epoch=36 total_epochs=50
2026-05-13 00:49:47 [debug    ] meta_saved                     path=data/models/bs_64_seed0/meta.json
2026-05-13 00:49:47 [debug    ] model_saved                    epoch=36
2026-05-13 00:49:47 [info     ] epoch_complete                 epoch=36 is_best=True lr=0.00031799999999994485 total_epochs=50 train_loss=0.036883 val_loss=0.033034
2026-05-13 00:49:47 [debug    ] epoch_start                    epoch=37 total_epochs=50
2026-05-13 00:59:28 [debug    ] meta_saved                     path=data/models/bs_64_seed0/meta.json
2026-05-13 00:59:28 [debug    ] model_saved                    epoch=37
2026-05-13 00:59:28 [info     ] epoch_complete                 epoch=37 is_best=True lr=0.00029599999999994756 total_epochs=50 train_loss=0.036075 val_loss=0.032678
2026-05-13 00:59:28 [debug    ] epoch_start                    epoch=38 total_epochs=50
2026-05-13 01:05:31 [info     ] epoch_complete                 epoch=38 is_best=False lr=0.0002739999999999507 total_epochs=50 train_loss=0.035962 val_loss=0.032788
2026-05-13 01:05:31 [debug    ] epoch_start                    epoch=39 total_epochs=50
2026-05-13 01:11:33 [info     ] epoch_complete                 epoch=39 is_best=False lr=0.0002519999999999539 total_epochs=50 train_loss=0.035754 val_loss=0.032707
2026-05-13 01:11:33 [debug    ] epoch_start                    epoch=40 total_epochs=50
2026-05-13 01:17:35 [info     ] epoch_complete                 epoch=40 is_best=False lr=0.00022999999999995737 total_epochs=50 train_loss=0.035696 val_loss=0.03281
2026-05-13 01:17:35 [debug    ] epoch_start                    epoch=41 total_epochs=50
2026-05-13 01:23:38 [debug    ] meta_saved                     path=data/models/bs_64_seed0/meta.json
2026-05-13 01:23:38 [debug    ] model_saved                    epoch=41
2026-05-13 01:23:38 [info     ] epoch_complete                 epoch=41 is_best=True lr=0.00020799999999996188 total_epochs=50 train_loss=0.035685 val_loss=0.032586
2026-05-13 01:23:38 [debug    ] epoch_start                    epoch=42 total_epochs=50
2026-05-13 01:29:38 [debug    ] meta_saved                     path=data/models/bs_64_seed0/meta.json
2026-05-13 01:29:38 [debug    ] model_saved                    epoch=42
2026-05-13 01:29:38 [info     ] epoch_complete                 epoch=42 is_best=True lr=0.0001859999999999664 total_epochs=50 train_loss=0.035905 val_loss=0.032573
2026-05-13 01:29:38 [debug    ] epoch_start                    epoch=43 total_epochs=50
2026-05-13 01:35:40 [debug    ] meta_saved                     path=data/models/bs_64_seed0/meta.json
2026-05-13 01:35:40 [debug    ] model_saved                    epoch=43
2026-05-13 01:35:40 [info     ] epoch_complete                 epoch=43 is_best=True lr=0.00016399999999997095 total_epochs=50 train_loss=0.035594 val_loss=0.032566
2026-05-13 01:35:40 [debug    ] epoch_start                    epoch=44 total_epochs=50
2026-05-13 01:41:42 [debug    ] meta_saved                     path=data/models/bs_64_seed0/meta.json
2026-05-13 01:41:42 [debug    ] model_saved                    epoch=44
2026-05-13 01:41:42 [info     ] epoch_complete                 epoch=44 is_best=True lr=0.00014199999999997548 total_epochs=50 train_loss=0.035443 val_loss=0.032309
2026-05-13 01:41:42 [debug    ] epoch_start                    epoch=45 total_epochs=50
2026-05-13 01:47:40 [debug    ] meta_saved                     path=data/models/bs_64_seed0/meta.json
2026-05-13 01:47:40 [debug    ] model_saved                    epoch=45
2026-05-13 01:47:40 [info     ] epoch_complete                 epoch=45 is_best=True lr=0.00011999999999997995 total_epochs=50 train_loss=0.035297 val_loss=0.032283
2026-05-13 01:47:40 [debug    ] epoch_start                    epoch=46 total_epochs=50
2026-05-13 01:53:41 [info     ] epoch_complete                 epoch=46 is_best=False lr=9.799999999998395e-05 total_epochs=50 train_loss=0.03528 val_loss=0.032299
2026-05-13 01:53:41 [debug    ] epoch_start                    epoch=47 total_epochs=50
2026-05-13 01:59:43 [debug    ] meta_saved                     path=data/models/bs_64_seed0/meta.json
2026-05-13 01:59:43 [debug    ] model_saved                    epoch=47
2026-05-13 01:59:43 [info     ] epoch_complete                 epoch=47 is_best=True lr=7.599999999998802e-05 total_epochs=50 train_loss=0.035196 val_loss=0.032167
2026-05-13 01:59:43 [debug    ] epoch_start                    epoch=48 total_epochs=50
2026-05-13 02:08:45 [info     ] epoch_complete                 epoch=48 is_best=False lr=5.399999999999204e-05 total_epochs=50 train_loss=0.035279 val_loss=0.032224
2026-05-13 02:08:45 [debug    ] epoch_start                    epoch=49 total_epochs=50
2026-05-13 02:18:28 [info     ] epoch_complete                 epoch=49 is_best=False lr=3.199999999999529e-05 total_epochs=50 train_loss=0.035143 val_loss=0.032184
2026-05-13 02:18:28 [debug    ] epoch_start                    epoch=50 total_epochs=50
2026-05-13 02:27:04 [debug    ] meta_saved                     path=data/models/bs_64_seed0/meta.json
2026-05-13 02:27:04 [debug    ] model_saved                    epoch=50
2026-05-13 02:27:04 [info     ] epoch_complete                 epoch=50 is_best=True lr=9.999999999998564e-06 total_epochs=50 train_loss=0.035092 val_loss=0.032139
2026-05-13 02:27:04 [info     ] training_log_saved             path=data/models/bs_64_seed0/training_losses.csv
2026-05-13 02:27:04 [info     ] training_complete              best_val_loss=0.032139
2026-05-13 02:27:04 [info     ] train_typecode_done            typecode=A320
2026-05-13 02:27:04 [info     ] train_done                     typecodes=['A320']

$ uv run fdm train --arch adsb --config results/bs_64_seed0/config.yaml --model-name bs_64_seed0 --epochs 50 --batch-size 64 --lr 0.001 --method rk4 --seq-len 60 --train-limit 5000 --activation silu --seed 0 --device cuda --use-mode-weights --mode-weight-alpha 0.5
