2026-05-21 23:30:00 [info     ] evaluate_start                 arch=adsb typecodes=['A320']
2026-05-21 23:30:00 [info     ] evaluate_typecode              flights=542 typecode=A320
2026-05-21 23:30:12 [info     ] evaluate_done                  output=data/model_performance/seq_45_seed0/performance.parquet rows=16
shape: (16, 11)
┌──────────┬─────────────────────────┬──────────────┬───────┬─────────┬──────────┬──────────┬──────────┬─────────┬──────────┬────────┐
│ Aircraft ┆ Variable                ┆ Phase        ┆ Model ┆ MAE     ┆ MAE_std  ┆ MAPE (%) ┆ MAPE_std ┆ ME      ┆ ME_std   ┆ Count  │
│ ---      ┆ ---                     ┆ ---          ┆ ---   ┆ ---     ┆ ---      ┆ ---      ┆ ---      ┆ ---     ┆ ---      ┆ ---    │
│ str      ┆ str                     ┆ str          ┆ str   ┆ f64     ┆ f64      ┆ f64      ┆ f64      ┆ f64     ┆ f64      ┆ i64    │
╞══════════╪═════════════════════════╪══════════════╪═══════╪═════════╪══════════╪══════════╪══════════╪═════════╪══════════╪════════╡
│ A320     ┆ Altitude [m]            ┆ All phases   ┆ PRED  ┆ 266.637 ┆ 612.921  ┆ 5.594    ┆ 19.117   ┆ 91.759  ┆ 662.078  ┆ 478843 │
│ A320     ┆ Altitude [m]            ┆ Climb        ┆ PRED  ┆ 823.107 ┆ 1104.672 ┆ 18.273   ┆ 37.855   ┆ 616.401 ┆ 1232.012 ┆ 90018  │
│ A320     ┆ Altitude [m]            ┆ Level flight ┆ PRED  ┆ 79.984  ┆ 180.422  ┆ 0.986    ┆ 5.316    ┆ -40.451 ┆ 193.166  ┆ 296839 │
│ A320     ┆ Altitude [m]            ┆ Descent      ┆ PRED  ┆ 324.402 ┆ 487.408  ┆ 8.054    ┆ 13.307   ┆ 4.982   ┆ 585.473  ┆ 91986  │
│ A320     ┆ Flight path angle [deg] ┆ All phases   ┆ PRED  ┆ 0.280   ┆ 0.608    ┆ NaN      ┆ NaN      ┆ -0.060  ┆ 0.666    ┆ 478843 │
│ A320     ┆ Flight path angle [deg] ┆ Climb        ┆ PRED  ┆ 0.710   ┆ 0.960    ┆ NaN      ┆ NaN      ┆ -0.400  ┆ 1.125    ┆ 90018  │
│ A320     ┆ Flight path angle [deg] ┆ Level flight ┆ PRED  ┆ 0.076   ┆ 0.243    ┆ NaN      ┆ NaN      ┆ -0.010  ┆ 0.255    ┆ 296839 │
│ A320     ┆ Flight path angle [deg] ┆ Descent      ┆ PRED  ┆ 0.516   ┆ 0.678    ┆ NaN      ┆ NaN      ┆ 0.110   ┆ 0.845    ┆ 91986  │
│ A320     ┆ Heading [deg]           ┆ All phases   ┆ PRED  ┆ 1.619   ┆ 6.795    ┆ NaN      ┆ NaN      ┆ 0.385   ┆ 6.974    ┆ 478843 │
│ A320     ┆ Heading [deg]           ┆ Climb        ┆ PRED  ┆ 2.053   ┆ 7.095    ┆ NaN      ┆ NaN      ┆ 0.172   ┆ 7.384    ┆ 90018  │
│ A320     ┆ Heading [deg]           ┆ Level flight ┆ PRED  ┆ 1.249   ┆ 6.115    ┆ NaN      ┆ NaN      ┆ 0.396   ┆ 6.229    ┆ 296839 │
│ A320     ┆ Heading [deg]           ┆ Descent      ┆ PRED  ┆ 2.387   ┆ 8.318    ┆ NaN      ┆ NaN      ┆ 0.560   ┆ 8.635    ┆ 91986  │
│ A320     ┆ True airspeed [m/s]     ┆ All phases   ┆ PRED  ┆ 3.040   ┆ 7.270    ┆ 1.725    ┆ 5.729    ┆ 0.394   ┆ 7.871    ┆ 478843 │
│ A320     ┆ True airspeed [m/s]     ┆ Climb        ┆ PRED  ┆ 5.502   ┆ 12.786   ┆ 3.449    ┆ 9.994    ┆ 3.021   ┆ 13.588   ┆ 90018  │
│ A320     ┆ True airspeed [m/s]     ┆ Level flight ┆ PRED  ┆ 2.023   ┆ 4.232    ┆ 1.008    ┆ 3.980    ┆ -0.155  ┆ 4.688    ┆ 296839 │
│ A320     ┆ True airspeed [m/s]     ┆ Descent      ┆ PRED  ┆ 3.912   ┆ 6.881    ┆ 2.353    ┆ 4.125    ┆ -0.406  ┆ 7.905    ┆ 91986  │
└──────────┴─────────────────────────┴──────────────┴───────┴─────────┴──────────┴──────────┴──────────┴─────────┴──────────┴────────┘

$ uv run fdm evaluate --arch adsb --config results_run4/seq_45_seed0/config.yaml --model-name seq_45_seed0
