2026-05-21 16:43:02 [info     ] train_start                    arch=adsb device=cuda typecodes=['A320']
2026-05-21 16:43:02 [info     ] train_typecode                 typecode=A320
2026-05-21 16:43:02 [info     ] loading_data                   train_flights=1594 val_flights=247
2026-05-21 16:43:02 [warning  ] e1_column_missing              column=fdm_g_sin_gamma_ms2
2026-05-21 16:43:02 [warning  ] e1_column_missing              column=fdm_cos_gamma
2026-05-21 16:43:02 [warning  ] e1_column_missing              column=fdm_q_pa
2026-05-21 16:43:02 [warning  ] e1_column_missing              column=fdm_g_over_v
2026-05-21 16:43:02 [warning  ] e1_column_missing              column=fdm_lat_wind_ms
2026-05-21 16:43:02 [warning  ] e1_column_missing              column=fdm_drift_rad
2026-05-21 16:43:02 [warning  ] e1_column_missing              column=fdm_track_rad
2026-05-21 16:43:02 [warning  ] e1_column_missing              column=fdm_heading_diff_rad
2026-05-21 16:43:07 [warning  ] e1_column_missing              column=fdm_g_sin_gamma_ms2
2026-05-21 16:43:07 [warning  ] e1_column_missing              column=fdm_cos_gamma
2026-05-21 16:43:07 [warning  ] e1_column_missing              column=fdm_q_pa
2026-05-21 16:43:07 [warning  ] e1_column_missing              column=fdm_g_over_v
2026-05-21 16:43:07 [warning  ] e1_column_missing              column=fdm_lat_wind_ms
2026-05-21 16:43:07 [warning  ] e1_column_missing              column=fdm_drift_rad
2026-05-21 16:43:07 [warning  ] e1_column_missing              column=fdm_track_rad
2026-05-21 16:43:07 [warning  ] e1_column_missing              column=fdm_heading_diff_rad
2026-05-21 16:43:08 [info     ] data_loaded                    train_samples=31530 val_samples=4928
2026-05-21 16:43:29 [debug    ] meta_saved                     path=data/models/seq_45_seed0/meta.json
2026-05-21 16:43:29 [info     ] trainer_initialized            architecture=node_adsb_v1 device=cuda train_samples=31530 val_samples=4928
2026-05-21 16:43:29 [info     ] preloading_data_to_gpu
2026-05-21 16:43:29 [debug    ] epoch_start                    epoch=1 total_epochs=50
/data/common/dataiku/config/projects/NODEFDM/lib/python/.venv/lib/python3.12/site-packages/torch/_inductor/compile_fx.py:321: UserWarning: TensorFloat32 tensor cores for float32 matrix multiplication available but not enabled. Consider setting `torch.set_float32_matmul_precision('high')` for better performance.
  warnings.warn(
2026-05-21 16:44:02 [info     ] debug_magnitudes               norm_mean=['8495.248047', '-0.001174', '212.596619', '3.253524'] norm_std=['2276.855957', '0.039489', '33.527290', '1.247010'] ode_loss=0.132136
W0521 16:51:12.564000 2825823 torch/_dynamo/convert_frame.py:1676] [0/8] torch._dynamo hit config.recompile_limit (8)
W0521 16:51:12.564000 2825823 torch/_dynamo/convert_frame.py:1676] [0/8]    function: 'forward' (/data/common/dataiku/config/projects/NODEFDM/lib/python/packages/node-fdm/src/node_fdm/models/fdm.py:181)
W0521 16:51:12.564000 2825823 torch/_dynamo/convert_frame.py:1676] [0/8]    last reason: 0/7: tensor 'self.history['raw_alt_m']' size mismatch at index 1. expected 1, actual 2
W0521 16:51:12.564000 2825823 torch/_dynamo/convert_frame.py:1676] [0/8] To log all recompilation reasons, use TORCH_LOGS="recompiles".
W0521 16:51:12.564000 2825823 torch/_dynamo/convert_frame.py:1676] [0/8] To diagnose recompilation issues, see https://pytorch.org/docs/main/compile/programming_model.recompilation.html
2026-05-21 16:51:13 [debug    ] meta_saved                     path=data/models/seq_45_seed0/meta.json
2026-05-21 16:51:13 [debug    ] model_saved                    epoch=1
2026-05-21 16:51:13 [info     ] epoch_complete                 epoch=1 is_best=True lr=0.00020799999999999947 total_epochs=50 train_loss=0.151388 val_loss=0.052028
2026-05-21 16:51:13 [debug    ] epoch_start                    epoch=2 total_epochs=50
2026-05-21 16:57:15 [debug    ] meta_saved                     path=data/models/seq_45_seed0/meta.json
2026-05-21 16:57:15 [debug    ] model_saved                    epoch=2
2026-05-21 16:57:15 [info     ] epoch_complete                 epoch=2 is_best=True lr=0.0004059999999999986 total_epochs=50 train_loss=0.050462 val_loss=0.03552
2026-05-21 16:57:15 [debug    ] epoch_start                    epoch=3 total_epochs=50
2026-05-21 17:03:10 [debug    ] meta_saved                     path=data/models/seq_45_seed0/meta.json
2026-05-21 17:03:10 [debug    ] model_saved                    epoch=3
2026-05-21 17:03:10 [info     ] epoch_complete                 epoch=3 is_best=True lr=0.0006039999999999993 total_epochs=50 train_loss=0.037009 val_loss=0.030836
2026-05-21 17:03:10 [debug    ] epoch_start                    epoch=4 total_epochs=50
2026-05-21 17:09:10 [debug    ] meta_saved                     path=data/models/seq_45_seed0/meta.json
2026-05-21 17:09:10 [debug    ] model_saved                    epoch=4
2026-05-21 17:09:10 [info     ] epoch_complete                 epoch=4 is_best=True lr=0.0008020000000000024 total_epochs=50 train_loss=0.034636 val_loss=0.030333
2026-05-21 17:09:10 [debug    ] epoch_start                    epoch=5 total_epochs=50
2026-05-21 17:14:57 [debug    ] meta_saved                     path=data/models/seq_45_seed0/meta.json
2026-05-21 17:14:57 [debug    ] model_saved                    epoch=5
2026-05-21 17:14:57 [info     ] epoch_complete                 epoch=5 is_best=True lr=0.001 total_epochs=50 train_loss=0.033737 val_loss=0.029439
2026-05-21 17:14:57 [debug    ] epoch_start                    epoch=6 total_epochs=50
2026-05-21 17:20:52 [debug    ] meta_saved                     path=data/models/seq_45_seed0/meta.json
2026-05-21 17:20:52 [debug    ] model_saved                    epoch=6
2026-05-21 17:20:52 [info     ] epoch_complete                 epoch=6 is_best=True lr=0.0009779999999999759 total_epochs=50 train_loss=0.032581 val_loss=0.028381
2026-05-21 17:20:52 [debug    ] epoch_start                    epoch=7 total_epochs=50
2026-05-21 17:26:46 [info     ] epoch_complete                 epoch=7 is_best=False lr=0.0009559999999999743 total_epochs=50 train_loss=0.037759 val_loss=0.030995
2026-05-21 17:26:46 [debug    ] epoch_start                    epoch=8 total_epochs=50
2026-05-21 17:32:38 [info     ] epoch_complete                 epoch=8 is_best=False lr=0.0009339999999999764 total_epochs=50 train_loss=0.032503 val_loss=0.028699
2026-05-21 17:32:38 [debug    ] epoch_start                    epoch=9 total_epochs=50
2026-05-21 17:38:33 [info     ] epoch_complete                 epoch=9 is_best=False lr=0.0009119999999999764 total_epochs=50 train_loss=0.031658 val_loss=0.028626
2026-05-21 17:38:33 [debug    ] epoch_start                    epoch=10 total_epochs=50
2026-05-21 17:44:22 [debug    ] meta_saved                     path=data/models/seq_45_seed0/meta.json
2026-05-21 17:44:22 [debug    ] model_saved                    epoch=10
2026-05-21 17:44:22 [info     ] epoch_complete                 epoch=10 is_best=True lr=0.0008899999999999779 total_epochs=50 train_loss=0.030929 val_loss=0.028335
2026-05-21 17:44:22 [debug    ] epoch_start                    epoch=11 total_epochs=50
2026-05-21 17:50:09 [debug    ] meta_saved                     path=data/models/seq_45_seed0/meta.json
2026-05-21 17:50:09 [debug    ] model_saved                    epoch=11
2026-05-21 17:50:09 [info     ] epoch_complete                 epoch=11 is_best=True lr=0.0008679999999999783 total_epochs=50 train_loss=0.030651 val_loss=0.027836
2026-05-21 17:50:09 [debug    ] epoch_start                    epoch=12 total_epochs=50
2026-05-21 17:55:56 [info     ] epoch_complete                 epoch=12 is_best=False lr=0.0008459999999999791 total_epochs=50 train_loss=0.030226 val_loss=0.028749
2026-05-21 17:55:56 [debug    ] epoch_start                    epoch=13 total_epochs=50
2026-05-21 18:01:47 [debug    ] meta_saved                     path=data/models/seq_45_seed0/meta.json
2026-05-21 18:01:47 [debug    ] model_saved                    epoch=13
2026-05-21 18:01:47 [info     ] epoch_complete                 epoch=13 is_best=True lr=0.0008239999999999773 total_epochs=50 train_loss=0.029886 val_loss=0.026743
2026-05-21 18:01:47 [debug    ] epoch_start                    epoch=14 total_epochs=50
2026-05-21 18:07:51 [debug    ] meta_saved                     path=data/models/seq_45_seed0/meta.json
2026-05-21 18:07:51 [debug    ] model_saved                    epoch=14
2026-05-21 18:07:51 [info     ] epoch_complete                 epoch=14 is_best=True lr=0.0008019999999999798 total_epochs=50 train_loss=0.029424 val_loss=0.026658
2026-05-21 18:07:51 [debug    ] epoch_start                    epoch=15 total_epochs=50
2026-05-21 18:13:37 [debug    ] meta_saved                     path=data/models/seq_45_seed0/meta.json
2026-05-21 18:13:37 [debug    ] model_saved                    epoch=15
2026-05-21 18:13:37 [info     ] epoch_complete                 epoch=15 is_best=True lr=0.0007799999999999795 total_epochs=50 train_loss=0.029254 val_loss=0.0263
2026-05-21 18:13:37 [debug    ] epoch_start                    epoch=16 total_epochs=50
2026-05-21 18:19:23 [info     ] epoch_complete                 epoch=16 is_best=False lr=0.0007579999999999818 total_epochs=50 train_loss=0.029176 val_loss=0.026335
2026-05-21 18:19:23 [debug    ] epoch_start                    epoch=17 total_epochs=50
2026-05-21 18:25:10 [info     ] epoch_complete                 epoch=17 is_best=False lr=0.0007359999999999836 total_epochs=50 train_loss=0.0289 val_loss=0.02632
2026-05-21 18:25:10 [debug    ] epoch_start                    epoch=18 total_epochs=50
2026-05-21 18:30:58 [info     ] epoch_complete                 epoch=18 is_best=False lr=0.0007139999999999828 total_epochs=50 train_loss=0.029097 val_loss=0.026986
2026-05-21 18:30:58 [debug    ] epoch_start                    epoch=19 total_epochs=50
2026-05-21 18:36:46 [info     ] epoch_complete                 epoch=19 is_best=False lr=0.0006919999999999842 total_epochs=50 train_loss=0.028762 val_loss=0.026552
2026-05-21 18:36:46 [debug    ] epoch_start                    epoch=20 total_epochs=50
2026-05-21 18:42:32 [debug    ] meta_saved                     path=data/models/seq_45_seed0/meta.json
2026-05-21 18:42:32 [debug    ] model_saved                    epoch=20
2026-05-21 18:42:32 [info     ] epoch_complete                 epoch=20 is_best=True lr=0.0006699999999999856 total_epochs=50 train_loss=0.02858 val_loss=0.026052
2026-05-21 18:42:32 [debug    ] epoch_start                    epoch=21 total_epochs=50
2026-05-21 18:48:17 [info     ] epoch_complete                 epoch=21 is_best=False lr=0.0006479999999999886 total_epochs=50 train_loss=0.028284 val_loss=0.026673
2026-05-21 18:48:17 [debug    ] epoch_start                    epoch=22 total_epochs=50
2026-05-21 18:54:03 [info     ] epoch_complete                 epoch=22 is_best=False lr=0.0006259999999999902 total_epochs=50 train_loss=0.029097 val_loss=0.032387
2026-05-21 18:54:03 [debug    ] epoch_start                    epoch=23 total_epochs=50
2026-05-21 18:59:52 [debug    ] meta_saved                     path=data/models/seq_45_seed0/meta.json
2026-05-21 18:59:52 [debug    ] model_saved                    epoch=23
2026-05-21 18:59:52 [info     ] epoch_complete                 epoch=23 is_best=True lr=0.0006039999999999914 total_epochs=50 train_loss=0.02904 val_loss=0.025755
2026-05-21 18:59:52 [debug    ] epoch_start                    epoch=24 total_epochs=50
2026-05-21 19:05:46 [info     ] epoch_complete                 epoch=24 is_best=False lr=0.0005819999999999928 total_epochs=50 train_loss=0.028515 val_loss=0.025807
2026-05-21 19:05:46 [debug    ] epoch_start                    epoch=25 total_epochs=50
2026-05-21 19:11:39 [info     ] epoch_complete                 epoch=25 is_best=False lr=0.0005599999999999955 total_epochs=50 train_loss=0.028018 val_loss=0.025776
2026-05-21 19:11:39 [debug    ] epoch_start                    epoch=26 total_epochs=50
2026-05-21 19:17:25 [info     ] epoch_complete                 epoch=26 is_best=False lr=0.0005379999999999979 total_epochs=50 train_loss=0.027777 val_loss=0.027156
2026-05-21 19:17:25 [debug    ] epoch_start                    epoch=27 total_epochs=50
2026-05-21 19:23:20 [info     ] epoch_complete                 epoch=27 is_best=False lr=0.0005160000000000007 total_epochs=50 train_loss=0.02819 val_loss=0.025914
2026-05-21 19:23:20 [debug    ] epoch_start                    epoch=28 total_epochs=50
2026-05-21 19:29:07 [info     ] epoch_complete                 epoch=28 is_best=False lr=0.0004940000000000007 total_epochs=50 train_loss=0.029675 val_loss=0.044553
2026-05-21 19:29:07 [debug    ] epoch_start                    epoch=29 total_epochs=50
2026-05-21 19:34:56 [info     ] epoch_complete                 epoch=29 is_best=False lr=0.0004720000000000012 total_epochs=50 train_loss=0.110805 val_loss=0.098727
2026-05-21 19:34:56 [debug    ] epoch_start                    epoch=30 total_epochs=50
2026-05-21 19:40:43 [info     ] epoch_complete                 epoch=30 is_best=False lr=0.00045000000000000086 total_epochs=50 train_loss=0.054824 val_loss=0.041203
2026-05-21 19:40:43 [debug    ] epoch_start                    epoch=31 total_epochs=50
2026-05-21 19:46:31 [info     ] epoch_complete                 epoch=31 is_best=False lr=0.00042799999999999934 total_epochs=50 train_loss=0.042128 val_loss=0.035675
2026-05-21 19:46:31 [debug    ] epoch_start                    epoch=32 total_epochs=50
2026-05-21 19:52:17 [info     ] epoch_complete                 epoch=32 is_best=False lr=0.0004059999999999978 total_epochs=50 train_loss=0.036978 val_loss=0.031495
2026-05-21 19:52:17 [debug    ] epoch_start                    epoch=33 total_epochs=50
2026-05-21 19:58:01 [info     ] epoch_complete                 epoch=33 is_best=False lr=0.0003839999999999962 total_epochs=50 train_loss=0.034699 val_loss=0.030307
2026-05-21 19:58:01 [debug    ] epoch_start                    epoch=34 total_epochs=50
2026-05-21 20:03:47 [info     ] epoch_complete                 epoch=34 is_best=False lr=0.00036199999999999465 total_epochs=50 train_loss=0.034452 val_loss=0.031947
2026-05-21 20:03:47 [debug    ] epoch_start                    epoch=35 total_epochs=50
2026-05-21 20:09:36 [info     ] epoch_complete                 epoch=35 is_best=False lr=0.0003399999999999931 total_epochs=50 train_loss=0.034091 val_loss=0.030533
2026-05-21 20:09:36 [debug    ] epoch_start                    epoch=36 total_epochs=50
2026-05-21 20:15:20 [info     ] epoch_complete                 epoch=36 is_best=False lr=0.0003179999999999915 total_epochs=50 train_loss=0.032247 val_loss=0.030003
2026-05-21 20:15:20 [debug    ] epoch_start                    epoch=37 total_epochs=50
2026-05-21 20:21:06 [info     ] epoch_complete                 epoch=37 is_best=False lr=0.00029599999999998996 total_epochs=50 train_loss=0.033818 val_loss=0.030036
2026-05-21 20:21:06 [debug    ] epoch_start                    epoch=38 total_epochs=50
2026-05-21 20:26:51 [info     ] epoch_complete                 epoch=38 is_best=False lr=0.0002739999999999884 total_epochs=50 train_loss=0.031982 val_loss=0.02929
2026-05-21 20:26:51 [debug    ] epoch_start                    epoch=39 total_epochs=50
2026-05-21 20:32:38 [info     ] epoch_complete                 epoch=39 is_best=False lr=0.0002519999999999868 total_epochs=50 train_loss=0.03024 val_loss=0.02764
2026-05-21 20:32:38 [debug    ] epoch_start                    epoch=40 total_epochs=50
2026-05-21 20:38:24 [info     ] epoch_complete                 epoch=40 is_best=False lr=0.00022999999999998713 total_epochs=50 train_loss=0.030058 val_loss=0.027306
2026-05-21 20:38:24 [debug    ] epoch_start                    epoch=41 total_epochs=50
2026-05-21 20:44:09 [info     ] epoch_complete                 epoch=41 is_best=False lr=0.0002079999999999882 total_epochs=50 train_loss=0.029917 val_loss=0.032195
2026-05-21 20:44:09 [debug    ] epoch_start                    epoch=42 total_epochs=50
2026-05-21 20:49:55 [info     ] epoch_complete                 epoch=42 is_best=False lr=0.00018599999999998847 total_epochs=50 train_loss=0.030771 val_loss=0.027996
2026-05-21 20:49:55 [debug    ] epoch_start                    epoch=43 total_epochs=50
2026-05-21 20:55:40 [info     ] epoch_complete                 epoch=43 is_best=False lr=0.00016399999999998854 total_epochs=50 train_loss=0.029558 val_loss=0.027366
2026-05-21 20:55:40 [debug    ] epoch_start                    epoch=44 total_epochs=50
2026-05-21 21:01:26 [info     ] epoch_complete                 epoch=44 is_best=False lr=0.00014199999999998808 total_epochs=50 train_loss=0.029341 val_loss=0.026943
2026-05-21 21:01:26 [debug    ] epoch_start                    epoch=45 total_epochs=50
2026-05-21 21:07:11 [info     ] epoch_complete                 epoch=45 is_best=False lr=0.00011999999999998798 total_epochs=50 train_loss=0.028956 val_loss=0.026816
2026-05-21 21:07:11 [debug    ] epoch_start                    epoch=46 total_epochs=50
2026-05-21 21:12:58 [info     ] epoch_complete                 epoch=46 is_best=False lr=9.799999999999032e-05 total_epochs=50 train_loss=0.029131 val_loss=0.026806
2026-05-21 21:12:58 [debug    ] epoch_start                    epoch=47 total_epochs=50
2026-05-21 21:18:43 [info     ] epoch_complete                 epoch=47 is_best=False lr=7.59999999999925e-05 total_epochs=50 train_loss=0.02881 val_loss=0.02663
2026-05-21 21:18:43 [debug    ] epoch_start                    epoch=48 total_epochs=50
2026-05-21 21:24:28 [info     ] epoch_complete                 epoch=48 is_best=False lr=5.399999999999481e-05 total_epochs=50 train_loss=0.028654 val_loss=0.026638
2026-05-21 21:24:28 [debug    ] epoch_start                    epoch=49 total_epochs=50
2026-05-21 21:30:15 [info     ] epoch_complete                 epoch=49 is_best=False lr=3.1999999999996624e-05 total_epochs=50 train_loss=0.02854 val_loss=0.026426
2026-05-21 21:30:15 [debug    ] epoch_start                    epoch=50 total_epochs=50
2026-05-21 21:35:56 [info     ] epoch_complete                 epoch=50 is_best=False lr=9.999999999998913e-06 total_epochs=50 train_loss=0.028473 val_loss=0.026451
2026-05-21 21:35:56 [info     ] training_log_saved             path=data/models/seq_45_seed0/training_losses.csv
2026-05-21 21:35:56 [info     ] training_complete              best_val_loss=0.025755
2026-05-21 21:35:56 [info     ] train_typecode_done            typecode=A320
2026-05-21 21:35:56 [info     ] train_done                     typecodes=['A320']

$ uv run fdm train --arch adsb --config results_run4/seq_45_seed0/config.yaml --model-name seq_45_seed0 --epochs 50 --batch-size 64 --lr 0.001 --method rk4 --seq-len 45 --train-limit 5000 --activation relu --seed 0 --backbone-depth 3 --head-depth 2 --hidden-width 48 --device cuda --no-use-mode-weights
