2026-05-13 15:48:56 [info     ] train_start                    arch=adsb device=cuda typecodes=['A320']
2026-05-13 15:48:56 [info     ] train_typecode                 typecode=A320
2026-05-13 15:48:56 [info     ] mode_weights_computed          alpha=0.3 bottom5_labels=[['ALT_MACH', 0.7683956122550655, 556092], ['ALT_UNK', 0.818244566870509, 450975], ['TURN', 0.9547989606166885, 269602], ['UNKVERT_MACH', 1.0145116839707757, 220245], ['ALT_CAS', 1.065864162348386, 186820]] imbalance_ratio=40.174252275682704 n_labels=13 top5_labels=[['VZ_CAS', 2.32685444435189, 13842], ['VZ_UNK', 1.787021663702281, 33368], ['GAMMA_CAS', 1.7527185023932093, 35595], ['VZ_MACH', 1.551343602639206, 53465], ['UNKVERT_CAS', 1.5209190418961087, 57114]] weight_ratio_max_over_min=3.0281985050944056
2026-05-13 15:48:56 [info     ] loading_data                   train_flights=1594 val_flights=247
2026-05-13 15:48:56 [warning  ] e1_column_missing              column=fdm_g_sin_gamma_ms2
2026-05-13 15:48:56 [warning  ] e1_column_missing              column=fdm_cos_gamma
2026-05-13 15:48:56 [warning  ] e1_column_missing              column=fdm_q_pa
2026-05-13 15:48:56 [warning  ] e1_column_missing              column=fdm_g_over_v
2026-05-13 15:48:56 [warning  ] e1_column_missing              column=fdm_lat_wind_ms
2026-05-13 15:48:56 [warning  ] e1_column_missing              column=fdm_drift_rad
2026-05-13 15:48:56 [warning  ] e1_column_missing              column=fdm_track_rad
2026-05-13 15:48:56 [warning  ] e1_column_missing              column=fdm_heading_diff_rad
2026-05-13 15:49:03 [warning  ] e1_column_missing              column=fdm_g_sin_gamma_ms2
2026-05-13 15:49:03 [warning  ] e1_column_missing              column=fdm_cos_gamma
2026-05-13 15:49:03 [warning  ] e1_column_missing              column=fdm_q_pa
2026-05-13 15:49:03 [warning  ] e1_column_missing              column=fdm_g_over_v
2026-05-13 15:49:03 [warning  ] e1_column_missing              column=fdm_lat_wind_ms
2026-05-13 15:49:03 [warning  ] e1_column_missing              column=fdm_drift_rad
2026-05-13 15:49:03 [warning  ] e1_column_missing              column=fdm_track_rad
2026-05-13 15:49:03 [warning  ] e1_column_missing              column=fdm_heading_diff_rad
2026-05-13 15:49:04 [info     ] data_loaded                    train_samples=23212 val_samples=3628
2026-05-13 15:49:19 [debug    ] meta_saved                     path=data/models/alpha_0.3_seed0/meta.json
2026-05-13 15:49:19 [info     ] trainer_initialized            architecture=node_adsb_v1 device=cuda train_samples=23212 val_samples=3628
2026-05-13 15:49:19 [info     ] preloading_data_to_gpu
2026-05-13 15:49:19 [debug    ] epoch_start                    epoch=1 total_epochs=50
/data/common/dataiku/config/projects/NODEFDM/lib/python/.venv/lib/python3.12/site-packages/torch/_inductor/compile_fx.py:321: UserWarning: TensorFloat32 tensor cores for float32 matrix multiplication available but not enabled. Consider setting `torch.set_float32_matmul_precision('high')` for better performance.
  warnings.warn(
2026-05-13 15:49:44 [info     ] debug_magnitudes               norm_mean=['8568.283203', '-0.001322', '213.622833', '3.253931'] norm_std=['2269.236084', '0.038830', '32.838379', '1.246786'] ode_loss=0.840432
W0513 15:54:13.668000 4144785 torch/_dynamo/convert_frame.py:1676] [0/8] torch._dynamo hit config.recompile_limit (8)
W0513 15:54:13.668000 4144785 torch/_dynamo/convert_frame.py:1676] [0/8]    function: 'forward' (/data/common/dataiku/config/projects/NODEFDM/lib/python/packages/node-fdm/src/node_fdm/models/fdm.py:181)
W0513 15:54:13.668000 4144785 torch/_dynamo/convert_frame.py:1676] [0/8]    last reason: 0/7: tensor 'self.history['raw_alt_m']' size mismatch at index 1. expected 1, actual 2
W0513 15:54:13.668000 4144785 torch/_dynamo/convert_frame.py:1676] [0/8] To log all recompilation reasons, use TORCH_LOGS="recompiles".
W0513 15:54:13.668000 4144785 torch/_dynamo/convert_frame.py:1676] [0/8] To diagnose recompilation issues, see https://pytorch.org/docs/main/compile/programming_model.recompilation.html
2026-05-13 15:54:14 [debug    ] meta_saved                     path=data/models/alpha_0.3_seed0/meta.json
2026-05-13 15:54:14 [debug    ] model_saved                    epoch=1
2026-05-13 15:54:14 [info     ] epoch_complete                 epoch=1 is_best=True lr=0.000208 total_epochs=50 train_loss=0.312259 val_loss=0.120403
2026-05-13 15:54:14 [debug    ] epoch_start                    epoch=2 total_epochs=50
2026-05-13 15:58:06 [debug    ] meta_saved                     path=data/models/alpha_0.3_seed0/meta.json
2026-05-13 15:58:06 [debug    ] model_saved                    epoch=2
2026-05-13 15:58:06 [info     ] epoch_complete                 epoch=2 is_best=True lr=0.00040600000000000087 total_epochs=50 train_loss=0.087758 val_loss=0.066729
2026-05-13 15:58:06 [debug    ] epoch_start                    epoch=3 total_epochs=50
2026-05-13 16:01:08 [debug    ] meta_saved                     path=data/models/alpha_0.3_seed0/meta.json
2026-05-13 16:01:08 [debug    ] model_saved                    epoch=3
2026-05-13 16:01:08 [info     ] epoch_complete                 epoch=3 is_best=True lr=0.0006040000000000002 total_epochs=50 train_loss=0.068744 val_loss=0.04754
2026-05-13 16:01:08 [debug    ] epoch_start                    epoch=4 total_epochs=50
2026-05-13 16:04:13 [debug    ] meta_saved                     path=data/models/alpha_0.3_seed0/meta.json
2026-05-13 16:04:13 [debug    ] model_saved                    epoch=4
2026-05-13 16:04:13 [info     ] epoch_complete                 epoch=4 is_best=True lr=0.0008020000000000004 total_epochs=50 train_loss=0.04729 val_loss=0.038083
2026-05-13 16:04:13 [debug    ] epoch_start                    epoch=5 total_epochs=50
2026-05-13 16:07:15 [info     ] epoch_complete                 epoch=5 is_best=False lr=0.001 total_epochs=50 train_loss=0.046609 val_loss=0.039223
2026-05-13 16:07:15 [debug    ] epoch_start                    epoch=6 total_epochs=50
2026-05-13 16:10:12 [debug    ] meta_saved                     path=data/models/alpha_0.3_seed0/meta.json
2026-05-13 16:10:12 [debug    ] model_saved                    epoch=6
2026-05-13 16:10:12 [info     ] epoch_complete                 epoch=6 is_best=True lr=0.0009780000000000014 total_epochs=50 train_loss=0.041965 val_loss=0.036243
2026-05-13 16:10:12 [debug    ] epoch_start                    epoch=7 total_epochs=50
2026-05-13 16:13:13 [info     ] epoch_complete                 epoch=7 is_best=False lr=0.0009560000000000012 total_epochs=50 train_loss=0.094822 val_loss=0.050051
2026-05-13 16:13:13 [debug    ] epoch_start                    epoch=8 total_epochs=50
2026-05-13 16:16:21 [info     ] epoch_complete                 epoch=8 is_best=False lr=0.0009340000000000011 total_epochs=50 train_loss=0.0496 val_loss=0.03998
2026-05-13 16:16:21 [debug    ] epoch_start                    epoch=9 total_epochs=50
2026-05-13 16:19:23 [info     ] epoch_complete                 epoch=9 is_best=False lr=0.0009120000000000012 total_epochs=50 train_loss=0.042962 val_loss=0.037399
2026-05-13 16:19:23 [debug    ] epoch_start                    epoch=10 total_epochs=50
2026-05-13 16:22:25 [info     ] epoch_complete                 epoch=10 is_best=False lr=0.0008900000000000021 total_epochs=50 train_loss=0.041429 val_loss=0.037224
2026-05-13 16:22:25 [debug    ] epoch_start                    epoch=11 total_epochs=50
2026-05-13 16:25:34 [debug    ] meta_saved                     path=data/models/alpha_0.3_seed0/meta.json
2026-05-13 16:25:34 [debug    ] model_saved                    epoch=11
2026-05-13 16:25:34 [info     ] epoch_complete                 epoch=11 is_best=True lr=0.000868000000000003 total_epochs=50 train_loss=0.040965 val_loss=0.036184
2026-05-13 16:25:34 [debug    ] epoch_start                    epoch=12 total_epochs=50
2026-05-13 16:28:34 [debug    ] meta_saved                     path=data/models/alpha_0.3_seed0/meta.json
2026-05-13 16:28:34 [debug    ] model_saved                    epoch=12
2026-05-13 16:28:34 [info     ] epoch_complete                 epoch=12 is_best=True lr=0.0008460000000000041 total_epochs=50 train_loss=0.0404 val_loss=0.035877
2026-05-13 16:28:34 [debug    ] epoch_start                    epoch=13 total_epochs=50
2026-05-13 16:31:36 [debug    ] meta_saved                     path=data/models/alpha_0.3_seed0/meta.json
2026-05-13 16:31:36 [debug    ] model_saved                    epoch=13
2026-05-13 16:31:36 [info     ] epoch_complete                 epoch=13 is_best=True lr=0.0008240000000000053 total_epochs=50 train_loss=0.040048 val_loss=0.035463
2026-05-13 16:31:36 [debug    ] epoch_start                    epoch=14 total_epochs=50
2026-05-13 16:34:46 [debug    ] meta_saved                     path=data/models/alpha_0.3_seed0/meta.json
2026-05-13 16:34:46 [debug    ] model_saved                    epoch=14
2026-05-13 16:34:46 [info     ] epoch_complete                 epoch=14 is_best=True lr=0.0008020000000000067 total_epochs=50 train_loss=0.03953 val_loss=0.035266
2026-05-13 16:34:46 [debug    ] epoch_start                    epoch=15 total_epochs=50
2026-05-13 16:37:47 [debug    ] meta_saved                     path=data/models/alpha_0.3_seed0/meta.json
2026-05-13 16:37:47 [debug    ] model_saved                    epoch=15
2026-05-13 16:37:47 [info     ] epoch_complete                 epoch=15 is_best=True lr=0.0007800000000000081 total_epochs=50 train_loss=0.039207 val_loss=0.034862
2026-05-13 16:37:47 [debug    ] epoch_start                    epoch=16 total_epochs=50
2026-05-13 16:40:49 [debug    ] meta_saved                     path=data/models/alpha_0.3_seed0/meta.json
2026-05-13 16:40:49 [debug    ] model_saved                    epoch=16
2026-05-13 16:40:49 [info     ] epoch_complete                 epoch=16 is_best=True lr=0.0007580000000000095 total_epochs=50 train_loss=0.03897 val_loss=0.034505
2026-05-13 16:40:49 [debug    ] epoch_start                    epoch=17 total_epochs=50
2026-05-13 16:43:49 [debug    ] meta_saved                     path=data/models/alpha_0.3_seed0/meta.json
2026-05-13 16:43:49 [debug    ] model_saved                    epoch=17
2026-05-13 16:43:49 [info     ] epoch_complete                 epoch=17 is_best=True lr=0.000736000000000011 total_epochs=50 train_loss=0.039082 val_loss=0.034376
2026-05-13 16:43:49 [debug    ] epoch_start                    epoch=18 total_epochs=50
2026-05-13 16:46:48 [debug    ] meta_saved                     path=data/models/alpha_0.3_seed0/meta.json
2026-05-13 16:46:48 [debug    ] model_saved                    epoch=18
2026-05-13 16:46:48 [info     ] epoch_complete                 epoch=18 is_best=True lr=0.0007140000000000124 total_epochs=50 train_loss=0.038184 val_loss=0.034036
2026-05-13 16:46:48 [debug    ] epoch_start                    epoch=19 total_epochs=50
2026-05-13 16:49:45 [info     ] epoch_complete                 epoch=19 is_best=False lr=0.0006920000000000138 total_epochs=50 train_loss=0.037903 val_loss=0.034296
2026-05-13 16:49:45 [debug    ] epoch_start                    epoch=20 total_epochs=50
2026-05-13 16:52:41 [debug    ] meta_saved                     path=data/models/alpha_0.3_seed0/meta.json
2026-05-13 16:52:41 [debug    ] model_saved                    epoch=20
2026-05-13 16:52:41 [info     ] epoch_complete                 epoch=20 is_best=True lr=0.0006700000000000152 total_epochs=50 train_loss=0.037635 val_loss=0.033882
2026-05-13 16:52:41 [debug    ] epoch_start                    epoch=21 total_epochs=50
2026-05-13 16:55:38 [debug    ] meta_saved                     path=data/models/alpha_0.3_seed0/meta.json
2026-05-13 16:55:38 [debug    ] model_saved                    epoch=21
2026-05-13 16:55:38 [info     ] epoch_complete                 epoch=21 is_best=True lr=0.0006480000000000166 total_epochs=50 train_loss=0.037435 val_loss=0.033731
2026-05-13 16:55:38 [debug    ] epoch_start                    epoch=22 total_epochs=50
2026-05-13 16:58:34 [info     ] epoch_complete                 epoch=22 is_best=False lr=0.000626000000000018 total_epochs=50 train_loss=0.037241 val_loss=0.034089
2026-05-13 16:58:34 [debug    ] epoch_start                    epoch=23 total_epochs=50
2026-05-13 17:01:30 [debug    ] meta_saved                     path=data/models/alpha_0.3_seed0/meta.json
2026-05-13 17:01:30 [debug    ] model_saved                    epoch=23
2026-05-13 17:01:30 [info     ] epoch_complete                 epoch=23 is_best=True lr=0.0006040000000000195 total_epochs=50 train_loss=0.036937 val_loss=0.033237
2026-05-13 17:01:30 [debug    ] epoch_start                    epoch=24 total_epochs=50
2026-05-13 17:04:27 [info     ] epoch_complete                 epoch=24 is_best=False lr=0.0005820000000000209 total_epochs=50 train_loss=0.036746 val_loss=0.033463
2026-05-13 17:04:27 [debug    ] epoch_start                    epoch=25 total_epochs=50
2026-05-13 17:07:24 [info     ] epoch_complete                 epoch=25 is_best=False lr=0.0005600000000000223 total_epochs=50 train_loss=0.036734 val_loss=0.033301
2026-05-13 17:07:24 [debug    ] epoch_start                    epoch=26 total_epochs=50
2026-05-13 17:10:21 [debug    ] meta_saved                     path=data/models/alpha_0.3_seed0/meta.json
2026-05-13 17:10:21 [debug    ] model_saved                    epoch=26
2026-05-13 17:10:21 [info     ] epoch_complete                 epoch=26 is_best=True lr=0.0005380000000000237 total_epochs=50 train_loss=0.036579 val_loss=0.032981
2026-05-13 17:10:21 [debug    ] epoch_start                    epoch=27 total_epochs=50
2026-05-13 17:13:18 [info     ] epoch_complete                 epoch=27 is_best=False lr=0.0005160000000000251 total_epochs=50 train_loss=0.036435 val_loss=0.033077
2026-05-13 17:13:18 [debug    ] epoch_start                    epoch=28 total_epochs=50
2026-05-13 17:16:16 [debug    ] meta_saved                     path=data/models/alpha_0.3_seed0/meta.json
2026-05-13 17:16:16 [debug    ] model_saved                    epoch=28
2026-05-13 17:16:16 [info     ] epoch_complete                 epoch=28 is_best=True lr=0.0004940000000000265 total_epochs=50 train_loss=0.036347 val_loss=0.032757
2026-05-13 17:16:16 [debug    ] epoch_start                    epoch=29 total_epochs=50
2026-05-13 17:19:12 [info     ] epoch_complete                 epoch=29 is_best=False lr=0.00047200000000002616 total_epochs=50 train_loss=0.036236 val_loss=0.032824
2026-05-13 17:19:12 [debug    ] epoch_start                    epoch=30 total_epochs=50
2026-05-13 17:22:08 [info     ] epoch_complete                 epoch=30 is_best=False lr=0.00045000000000002476 total_epochs=50 train_loss=0.036139 val_loss=0.032877
2026-05-13 17:22:08 [debug    ] epoch_start                    epoch=31 total_epochs=50
2026-05-13 17:25:05 [debug    ] meta_saved                     path=data/models/alpha_0.3_seed0/meta.json
2026-05-13 17:25:05 [debug    ] model_saved                    epoch=31
2026-05-13 17:25:05 [info     ] epoch_complete                 epoch=31 is_best=True lr=0.0004280000000000241 total_epochs=50 train_loss=0.036029 val_loss=0.032621
2026-05-13 17:25:05 [debug    ] epoch_start                    epoch=32 total_epochs=50
2026-05-13 17:28:02 [info     ] epoch_complete                 epoch=32 is_best=False lr=0.0004060000000000233 total_epochs=50 train_loss=0.035916 val_loss=0.032941
2026-05-13 17:28:02 [debug    ] epoch_start                    epoch=33 total_epochs=50
2026-05-13 17:30:58 [debug    ] meta_saved                     path=data/models/alpha_0.3_seed0/meta.json
2026-05-13 17:30:58 [debug    ] model_saved                    epoch=33
2026-05-13 17:30:58 [info     ] epoch_complete                 epoch=33 is_best=True lr=0.0003840000000000225 total_epochs=50 train_loss=0.035833 val_loss=0.032527
2026-05-13 17:30:58 [debug    ] epoch_start                    epoch=34 total_epochs=50
2026-05-13 17:33:55 [info     ] epoch_complete                 epoch=34 is_best=False lr=0.0003620000000000219 total_epochs=50 train_loss=0.035776 val_loss=0.032644
2026-05-13 17:33:55 [debug    ] epoch_start                    epoch=35 total_epochs=50
2026-05-13 17:36:53 [debug    ] meta_saved                     path=data/models/alpha_0.3_seed0/meta.json
2026-05-13 17:36:53 [debug    ] model_saved                    epoch=35
2026-05-13 17:36:53 [info     ] epoch_complete                 epoch=35 is_best=True lr=0.00034000000000002106 total_epochs=50 train_loss=0.035643 val_loss=0.032408
2026-05-13 17:36:53 [debug    ] epoch_start                    epoch=36 total_epochs=50
2026-05-13 17:39:50 [info     ] epoch_complete                 epoch=36 is_best=False lr=0.0003180000000000207 total_epochs=50 train_loss=0.035553 val_loss=0.032438
2026-05-13 17:39:50 [debug    ] epoch_start                    epoch=37 total_epochs=50
2026-05-13 17:42:47 [debug    ] meta_saved                     path=data/models/alpha_0.3_seed0/meta.json
2026-05-13 17:42:47 [debug    ] model_saved                    epoch=37
2026-05-13 17:42:47 [info     ] epoch_complete                 epoch=37 is_best=True lr=0.0002960000000000202 total_epochs=50 train_loss=0.035525 val_loss=0.032345
2026-05-13 17:42:47 [debug    ] epoch_start                    epoch=38 total_epochs=50
2026-05-13 17:45:43 [debug    ] meta_saved                     path=data/models/alpha_0.3_seed0/meta.json
2026-05-13 17:45:43 [debug    ] model_saved                    epoch=38
2026-05-13 17:45:43 [info     ] epoch_complete                 epoch=38 is_best=True lr=0.0002740000000000199 total_epochs=50 train_loss=0.035516 val_loss=0.032156
2026-05-13 17:45:43 [debug    ] epoch_start                    epoch=39 total_epochs=50
2026-05-13 17:48:39 [info     ] epoch_complete                 epoch=39 is_best=False lr=0.0002520000000000196 total_epochs=50 train_loss=0.035394 val_loss=0.032503
2026-05-13 17:48:39 [debug    ] epoch_start                    epoch=40 total_epochs=50
2026-05-13 17:51:35 [info     ] epoch_complete                 epoch=40 is_best=False lr=0.00023000000000001863 total_epochs=50 train_loss=0.035363 val_loss=0.032287
2026-05-13 17:51:35 [debug    ] epoch_start                    epoch=41 total_epochs=50
2026-05-13 17:54:32 [info     ] epoch_complete                 epoch=41 is_best=False lr=0.00020800000000001674 total_epochs=50 train_loss=0.035636 val_loss=0.032338
2026-05-13 17:54:32 [debug    ] epoch_start                    epoch=42 total_epochs=50
2026-05-13 17:57:29 [info     ] epoch_complete                 epoch=42 is_best=False lr=0.00018600000000001458 total_epochs=50 train_loss=0.035244 val_loss=0.032218
2026-05-13 17:57:29 [debug    ] epoch_start                    epoch=43 total_epochs=50
2026-05-13 18:00:26 [info     ] epoch_complete                 epoch=43 is_best=False lr=0.00016400000000001252 total_epochs=50 train_loss=0.035182 val_loss=0.032308
2026-05-13 18:00:26 [debug    ] epoch_start                    epoch=44 total_epochs=50
2026-05-13 18:03:22 [debug    ] meta_saved                     path=data/models/alpha_0.3_seed0/meta.json
2026-05-13 18:03:22 [debug    ] model_saved                    epoch=44
2026-05-13 18:03:22 [info     ] epoch_complete                 epoch=44 is_best=True lr=0.00014200000000001072 total_epochs=50 train_loss=0.035152 val_loss=0.032153
2026-05-13 18:03:22 [debug    ] epoch_start                    epoch=45 total_epochs=50
2026-05-13 18:06:19 [debug    ] meta_saved                     path=data/models/alpha_0.3_seed0/meta.json
2026-05-13 18:06:19 [debug    ] model_saved                    epoch=45
2026-05-13 18:06:19 [info     ] epoch_complete                 epoch=45 is_best=True lr=0.00012000000000000884 total_epochs=50 train_loss=0.035013 val_loss=0.032084
2026-05-13 18:06:19 [debug    ] epoch_start                    epoch=46 total_epochs=50
2026-05-13 18:09:15 [info     ] epoch_complete                 epoch=46 is_best=False lr=9.800000000000718e-05 total_epochs=50 train_loss=0.03503 val_loss=0.032139
2026-05-13 18:09:15 [debug    ] epoch_start                    epoch=47 total_epochs=50
2026-05-13 18:12:11 [debug    ] meta_saved                     path=data/models/alpha_0.3_seed0/meta.json
2026-05-13 18:12:11 [debug    ] model_saved                    epoch=47
2026-05-13 18:12:11 [info     ] epoch_complete                 epoch=47 is_best=True lr=7.60000000000058e-05 total_epochs=50 train_loss=0.035016 val_loss=0.031969
2026-05-13 18:12:11 [debug    ] epoch_start                    epoch=48 total_epochs=50
2026-05-13 18:15:08 [info     ] epoch_complete                 epoch=48 is_best=False lr=5.400000000000429e-05 total_epochs=50 train_loss=0.034848 val_loss=0.032057
2026-05-13 18:15:08 [debug    ] epoch_start                    epoch=49 total_epochs=50
2026-05-13 18:18:06 [info     ] epoch_complete                 epoch=49 is_best=False lr=3.200000000000247e-05 total_epochs=50 train_loss=0.034889 val_loss=0.032031
2026-05-13 18:18:06 [debug    ] epoch_start                    epoch=50 total_epochs=50
2026-05-13 18:21:03 [info     ] epoch_complete                 epoch=50 is_best=False lr=1.000000000000079e-05 total_epochs=50 train_loss=0.034827 val_loss=0.032004
2026-05-13 18:21:03 [info     ] training_log_saved             path=data/models/alpha_0.3_seed0/training_losses.csv
2026-05-13 18:21:03 [info     ] training_complete              best_val_loss=0.031969
2026-05-13 18:21:03 [info     ] train_typecode_done            typecode=A320
2026-05-13 18:21:03 [info     ] train_done                     typecodes=['A320']

$ uv run fdm train --arch adsb --config results/alpha_0.3_seed0/config.yaml --model-name alpha_0.3_seed0 --epochs 50 --batch-size 128 --lr 0.001 --method rk4 --seq-len 60 --train-limit 5000 --activation silu --seed 0 --device cuda --use-mode-weights --mode-weight-alpha 0.3
