2026-05-18 08:46:35 [info     ] train_start                    arch=adsb device=cuda typecodes=['A320']
2026-05-18 08:46:35 [info     ] train_typecode                 typecode=A320
2026-05-18 08:46:35 [info     ] loading_data                   train_flights=1594 val_flights=247
2026-05-18 08:46:35 [warning  ] e1_column_missing              column=fdm_g_sin_gamma_ms2
2026-05-18 08:46:35 [warning  ] e1_column_missing              column=fdm_cos_gamma
2026-05-18 08:46:35 [warning  ] e1_column_missing              column=fdm_q_pa
2026-05-18 08:46:35 [warning  ] e1_column_missing              column=fdm_g_over_v
2026-05-18 08:46:35 [warning  ] e1_column_missing              column=fdm_lat_wind_ms
2026-05-18 08:46:35 [warning  ] e1_column_missing              column=fdm_drift_rad
2026-05-18 08:46:35 [warning  ] e1_column_missing              column=fdm_track_rad
2026-05-18 08:46:35 [warning  ] e1_column_missing              column=fdm_heading_diff_rad
2026-05-18 08:46:42 [warning  ] e1_column_missing              column=fdm_g_sin_gamma_ms2
2026-05-18 08:46:42 [warning  ] e1_column_missing              column=fdm_cos_gamma
2026-05-18 08:46:42 [warning  ] e1_column_missing              column=fdm_q_pa
2026-05-18 08:46:42 [warning  ] e1_column_missing              column=fdm_g_over_v
2026-05-18 08:46:42 [warning  ] e1_column_missing              column=fdm_lat_wind_ms
2026-05-18 08:46:42 [warning  ] e1_column_missing              column=fdm_drift_rad
2026-05-18 08:46:42 [warning  ] e1_column_missing              column=fdm_track_rad
2026-05-18 08:46:42 [warning  ] e1_column_missing              column=fdm_heading_diff_rad
2026-05-18 08:46:43 [info     ] data_loaded                    train_samples=97960 val_samples=15337
2026-05-18 08:47:11 [debug    ] meta_saved                     path=data/models/seq_15_seed2/meta.json
2026-05-18 08:47:11 [info     ] trainer_initialized            architecture=node_adsb_v1 device=cuda train_samples=97960 val_samples=15337
2026-05-18 08:47:11 [info     ] preloading_data_to_gpu
2026-05-18 08:47:11 [debug    ] epoch_start                    epoch=1 total_epochs=50
/data/common/dataiku/config/projects/NODEFDM/lib/python/.venv/lib/python3.12/site-packages/torch/_inductor/compile_fx.py:321: UserWarning: TensorFloat32 tensor cores for float32 matrix multiplication available but not enabled. Consider setting `torch.set_float32_matmul_precision('high')` for better performance.
  warnings.warn(
2026-05-18 08:47:34 [info     ] debug_magnitudes               norm_mean=['8354.749023', '-0.000742', '210.518036', '3.252582'] norm_std=['2305.812012', '0.040960', '34.659386', '1.247552'] ode_loss=0.058337
2026-05-18 08:48:14 [warning  ] nan_or_inf_loss                loss=nan
2026-05-18 08:48:48 [warning  ] nan_or_inf_loss                loss=nan
2026-05-18 08:49:52 [warning  ] nan_or_inf_loss                loss=nan
2026-05-18 08:50:54 [warning  ] nan_or_inf_loss                loss=nan
2026-05-18 08:52:00 [warning  ] nan_or_inf_loss                loss=nan
2026-05-18 08:52:03 [warning  ] nan_or_inf_loss                loss=nan
2026-05-18 08:52:49 [warning  ] nan_or_inf_loss                loss=nan
2026-05-18 08:53:09 [warning  ] nan_or_inf_loss                loss=nan
2026-05-18 08:57:12 [warning  ] nan_or_inf_loss                loss=nan
2026-05-18 08:57:24 [warning  ] nan_or_inf_loss                loss=nan
2026-05-18 08:57:45 [warning  ] nan_or_inf_loss                loss=nan
2026-05-18 08:58:44 [warning  ] nan_or_inf_loss                loss=nan
W0518 08:59:55.602000 1092910 torch/_dynamo/convert_frame.py:1676] [0/8] torch._dynamo hit config.recompile_limit (8)
W0518 08:59:55.602000 1092910 torch/_dynamo/convert_frame.py:1676] [0/8]    function: 'forward' (/data/common/dataiku/config/projects/NODEFDM/lib/python/packages/node-fdm/src/node_fdm/models/fdm.py:181)
W0518 08:59:55.602000 1092910 torch/_dynamo/convert_frame.py:1676] [0/8]    last reason: 0/7: tensor 'self.history['raw_alt_m']' size mismatch at index 1. expected 1, actual 2
W0518 08:59:55.602000 1092910 torch/_dynamo/convert_frame.py:1676] [0/8] To log all recompilation reasons, use TORCH_LOGS="recompiles".
W0518 08:59:55.602000 1092910 torch/_dynamo/convert_frame.py:1676] [0/8] To diagnose recompilation issues, see https://pytorch.org/docs/main/compile/programming_model.recompilation.html
2026-05-18 08:59:55 [warning  ] nan_or_inf_loss                loss=nan
2026-05-18 08:59:56 [info     ] epoch_complete                 epoch=1 is_best=False lr=0.0002080000000000001 total_epochs=50 train_loss=nan val_loss=nan
2026-05-18 08:59:56 [debug    ] epoch_start                    epoch=2 total_epochs=50
2026-05-18 09:00:33 [warning  ] nan_or_inf_loss                loss=nan
2026-05-18 09:01:28 [warning  ] nan_or_inf_loss                loss=nan
2026-05-18 09:02:33 [warning  ] nan_or_inf_loss                loss=nan
2026-05-18 09:03:08 [warning  ] nan_or_inf_loss                loss=nan
2026-05-18 09:04:20 [warning  ] nan_or_inf_loss                loss=nan
2026-05-18 09:04:53 [warning  ] nan_or_inf_loss                loss=nan
2026-05-18 09:04:57 [warning  ] nan_or_inf_loss                loss=nan
2026-05-18 09:05:33 [warning  ] nan_or_inf_loss                loss=nan
2026-05-18 09:08:17 [warning  ] nan_or_inf_loss                loss=nan
2026-05-18 09:09:28 [warning  ] nan_or_inf_loss                loss=nan
2026-05-18 09:10:38 [warning  ] nan_or_inf_loss                loss=nan
2026-05-18 09:11:03 [warning  ] nan_or_inf_loss                loss=nan
2026-05-18 09:11:03 [info     ] epoch_complete                 epoch=2 is_best=False lr=0.0004060000000000114 total_epochs=50 train_loss=nan val_loss=nan
2026-05-18 09:11:03 [debug    ] epoch_start                    epoch=3 total_epochs=50
2026-05-18 09:11:08 [warning  ] nan_or_inf_loss                loss=nan
2026-05-18 09:11:30 [warning  ] nan_or_inf_loss                loss=nan
2026-05-18 09:13:08 [warning  ] nan_or_inf_loss                loss=nan
2026-05-18 09:14:12 [warning  ] nan_or_inf_loss                loss=nan
2026-05-18 09:14:13 [warning  ] nan_or_inf_loss                loss=nan
2026-05-18 09:14:16 [warning  ] nan_or_inf_loss                loss=nan
2026-05-18 09:14:38 [warning  ] nan_or_inf_loss                loss=nan
2026-05-18 09:16:17 [warning  ] nan_or_inf_loss                loss=nan
2026-05-18 09:18:13 [warning  ] nan_or_inf_loss                loss=nan
2026-05-18 09:19:25 [warning  ] nan_or_inf_loss                loss=nan
2026-05-18 09:20:10 [warning  ] nan_or_inf_loss                loss=nan
2026-05-18 09:21:20 [warning  ] nan_or_inf_loss                loss=nan
2026-05-18 09:22:12 [warning  ] nan_or_inf_loss                loss=nan
2026-05-18 09:22:12 [info     ] epoch_complete                 epoch=3 is_best=False lr=0.0006040000000000199 total_epochs=50 train_loss=nan val_loss=nan
2026-05-18 09:22:12 [debug    ] epoch_start                    epoch=4 total_epochs=50
2026-05-18 09:22:18 [warning  ] nan_or_inf_loss                loss=nan
2026-05-18 09:23:35 [warning  ] nan_or_inf_loss                loss=nan
2026-05-18 09:24:37 [warning  ] nan_or_inf_loss                loss=nan
2026-05-18 09:25:06 [warning  ] nan_or_inf_loss                loss=nan
2026-05-18 09:25:17 [warning  ] nan_or_inf_loss                loss=nan
2026-05-18 09:26:18 [warning  ] nan_or_inf_loss                loss=nan
2026-05-18 09:27:29 [warning  ] nan_or_inf_loss                loss=nan
2026-05-18 09:27:31 [warning  ] nan_or_inf_loss                loss=nan
2026-05-18 09:28:55 [warning  ] nan_or_inf_loss                loss=nan
2026-05-18 09:31:20 [warning  ] nan_or_inf_loss                loss=nan
2026-05-18 09:32:14 [warning  ] nan_or_inf_loss                loss=nan
2026-05-18 09:32:45 [warning  ] nan_or_inf_loss                loss=nan
2026-05-18 09:33:20 [warning  ] nan_or_inf_loss                loss=nan
2026-05-18 09:33:20 [info     ] epoch_complete                 epoch=4 is_best=False lr=0.0008020000000000108 total_epochs=50 train_loss=nan val_loss=nan
2026-05-18 09:33:20 [debug    ] epoch_start                    epoch=5 total_epochs=50
2026-05-18 09:35:02 [warning  ] nan_or_inf_loss                loss=nan
2026-05-18 09:35:32 [warning  ] nan_or_inf_loss                loss=nan
2026-05-18 09:35:59 [warning  ] nan_or_inf_loss                loss=nan
2026-05-18 09:36:58 [warning  ] nan_or_inf_loss                loss=nan
2026-05-18 09:37:17 [warning  ] nan_or_inf_loss                loss=nan
2026-05-18 09:38:28 [warning  ] nan_or_inf_loss                loss=nan
2026-05-18 09:39:43 [warning  ] nan_or_inf_loss                loss=nan
2026-05-18 09:39:43 [warning  ] nan_or_inf_loss                loss=nan
2026-05-18 09:40:42 [warning  ] nan_or_inf_loss                loss=nan
2026-05-18 09:40:58 [warning  ] nan_or_inf_loss                loss=nan
2026-05-18 09:41:17 [warning  ] nan_or_inf_loss                loss=nan
2026-05-18 09:42:26 [warning  ] nan_or_inf_loss                loss=nan
2026-05-18 09:44:25 [warning  ] nan_or_inf_loss                loss=nan
2026-05-18 09:44:26 [info     ] epoch_complete                 epoch=5 is_best=False lr=0.001 total_epochs=50 train_loss=nan val_loss=nan
2026-05-18 09:44:26 [debug    ] epoch_start                    epoch=6 total_epochs=50
2026-05-18 09:44:37 [warning  ] nan_or_inf_loss                loss=nan
2026-05-18 09:44:43 [warning  ] nan_or_inf_loss                loss=nan
2026-05-18 09:47:51 [warning  ] nan_or_inf_loss                loss=nan
2026-05-18 09:48:58 [warning  ] nan_or_inf_loss                loss=nan
2026-05-18 09:49:32 [warning  ] nan_or_inf_loss                loss=nan
2026-05-18 09:50:33 [warning  ] nan_or_inf_loss                loss=nan
2026-05-18 09:51:42 [warning  ] nan_or_inf_loss                loss=nan
2026-05-18 09:51:53 [warning  ] nan_or_inf_loss                loss=nan
2026-05-18 09:53:09 [warning  ] nan_or_inf_loss                loss=nan
2026-05-18 09:53:11 [warning  ] nan_or_inf_loss                loss=nan
2026-05-18 09:53:37 [warning  ] nan_or_inf_loss                loss=nan
2026-05-18 09:53:52 [warning  ] nan_or_inf_loss                loss=nan
2026-05-18 09:55:36 [warning  ] nan_or_inf_loss                loss=nan
2026-05-18 09:55:37 [info     ] epoch_complete                 epoch=6 is_best=False lr=0.0009780000000001333 total_epochs=50 train_loss=nan val_loss=nan
2026-05-18 09:55:37 [debug    ] epoch_start                    epoch=7 total_epochs=50
2026-05-18 09:57:16 [warning  ] nan_or_inf_loss                loss=nan
2026-05-18 09:57:25 [warning  ] nan_or_inf_loss                loss=nan
2026-05-18 09:58:01 [warning  ] nan_or_inf_loss                loss=nan
2026-05-18 09:58:03 [warning  ] nan_or_inf_loss                loss=nan
2026-05-18 09:58:21 [warning  ] nan_or_inf_loss                loss=nan
2026-05-18 09:58:28 [warning  ] nan_or_inf_loss                loss=nan
2026-05-18 09:59:21 [warning  ] nan_or_inf_loss                loss=nan
2026-05-18 10:00:12 [warning  ] nan_or_inf_loss                loss=nan
2026-05-18 10:02:49 [warning  ] nan_or_inf_loss                loss=nan
2026-05-18 10:03:49 [warning  ] nan_or_inf_loss                loss=nan
2026-05-18 10:06:24 [warning  ] nan_or_inf_loss                loss=nan
2026-05-18 10:06:45 [warning  ] nan_or_inf_loss                loss=nan
2026-05-18 10:06:50 [warning  ] nan_or_inf_loss                loss=nan
2026-05-18 10:06:51 [info     ] epoch_complete                 epoch=7 is_best=False lr=0.000956000000000138 total_epochs=50 train_loss=nan val_loss=nan
2026-05-18 10:06:51 [debug    ] epoch_start                    epoch=8 total_epochs=50
2026-05-18 10:06:55 [warning  ] nan_or_inf_loss                loss=nan
2026-05-18 10:07:21 [warning  ] nan_or_inf_loss                loss=nan
2026-05-18 10:08:42 [warning  ] nan_or_inf_loss                loss=nan
2026-05-18 10:09:47 [warning  ] nan_or_inf_loss                loss=nan
2026-05-18 10:11:11 [warning  ] nan_or_inf_loss                loss=nan
2026-05-18 10:11:37 [warning  ] nan_or_inf_loss                loss=nan
2026-05-18 10:11:49 [warning  ] nan_or_inf_loss                loss=nan
2026-05-18 10:13:16 [warning  ] nan_or_inf_loss                loss=nan
2026-05-18 10:15:00 [warning  ] nan_or_inf_loss                loss=nan
2026-05-18 10:15:07 [warning  ] nan_or_inf_loss                loss=nan
2026-05-18 10:15:29 [warning  ] nan_or_inf_loss                loss=nan
2026-05-18 10:16:14 [warning  ] nan_or_inf_loss                loss=nan
2026-05-18 10:18:05 [warning  ] nan_or_inf_loss                loss=nan
2026-05-18 10:18:05 [info     ] epoch_complete                 epoch=8 is_best=False lr=0.0009340000000001336 total_epochs=50 train_loss=nan val_loss=nan
2026-05-18 10:18:05 [debug    ] epoch_start                    epoch=9 total_epochs=50
2026-05-18 10:18:54 [warning  ] nan_or_inf_loss                loss=nan
2026-05-18 10:21:48 [warning  ] nan_or_inf_loss                loss=nan
2026-05-18 10:21:56 [warning  ] nan_or_inf_loss                loss=nan
2026-05-18 10:24:38 [warning  ] nan_or_inf_loss                loss=nan
2026-05-18 10:25:14 [warning  ] nan_or_inf_loss                loss=nan
2026-05-18 10:26:07 [warning  ] nan_or_inf_loss                loss=nan
2026-05-18 10:26:30 [warning  ] nan_or_inf_loss                loss=nan
2026-05-18 10:27:13 [warning  ] nan_or_inf_loss                loss=nan
2026-05-18 10:27:34 [warning  ] nan_or_inf_loss                loss=nan
2026-05-18 10:28:25 [warning  ] nan_or_inf_loss                loss=nan
2026-05-18 10:28:47 [warning  ] nan_or_inf_loss                loss=nan
2026-05-18 10:29:10 [warning  ] nan_or_inf_loss                loss=nan
2026-05-18 10:29:18 [warning  ] nan_or_inf_loss                loss=nan
2026-05-18 10:29:18 [info     ] epoch_complete                 epoch=9 is_best=False lr=0.0009120000000001297 total_epochs=50 train_loss=nan val_loss=nan
2026-05-18 10:29:18 [debug    ] epoch_start                    epoch=10 total_epochs=50
2026-05-18 10:29:30 [warning  ] nan_or_inf_loss                loss=nan
2026-05-18 10:29:38 [warning  ] nan_or_inf_loss                loss=nan
2026-05-18 10:30:57 [warning  ] nan_or_inf_loss                loss=nan
2026-05-18 10:31:36 [warning  ] nan_or_inf_loss                loss=nan
2026-05-18 10:32:19 [warning  ] nan_or_inf_loss                loss=nan
2026-05-18 10:34:02 [warning  ] nan_or_inf_loss                loss=nan
2026-05-18 10:35:30 [warning  ] nan_or_inf_loss                loss=nan
2026-05-18 10:35:34 [warning  ] nan_or_inf_loss                loss=nan
2026-05-18 10:35:54 [warning  ] nan_or_inf_loss                loss=nan
2026-05-18 10:38:16 [warning  ] nan_or_inf_loss                loss=nan
2026-05-18 10:38:52 [warning  ] nan_or_inf_loss                loss=nan
2026-05-18 10:40:10 [warning  ] nan_or_inf_loss                loss=nan
2026-05-18 10:40:31 [warning  ] nan_or_inf_loss                loss=nan
2026-05-18 10:40:32 [info     ] epoch_complete                 epoch=10 is_best=False lr=0.0008900000000001308 total_epochs=50 train_loss=nan val_loss=nan
2026-05-18 10:40:32 [debug    ] epoch_start                    epoch=11 total_epochs=50
2026-05-18 10:40:57 [warning  ] nan_or_inf_loss                loss=nan
2026-05-18 10:41:38 [warning  ] nan_or_inf_loss                loss=nan
2026-05-18 10:42:12 [warning  ] nan_or_inf_loss                loss=nan
2026-05-18 10:42:22 [warning  ] nan_or_inf_loss                loss=nan
2026-05-18 10:44:21 [warning  ] nan_or_inf_loss                loss=nan
2026-05-18 10:44:50 [warning  ] nan_or_inf_loss                loss=nan
2026-05-18 10:45:36 [warning  ] nan_or_inf_loss                loss=nan
2026-05-18 10:47:09 [warning  ] nan_or_inf_loss                loss=nan
2026-05-18 10:47:50 [warning  ] nan_or_inf_loss                loss=nan
2026-05-18 10:48:16 [warning  ] nan_or_inf_loss                loss=nan
2026-05-18 10:51:19 [warning  ] nan_or_inf_loss                loss=nan
2026-05-18 10:51:36 [warning  ] nan_or_inf_loss                loss=nan
2026-05-18 10:51:45 [warning  ] nan_or_inf_loss                loss=nan
2026-05-18 10:51:45 [info     ] epoch_complete                 epoch=11 is_best=False lr=0.0008680000000001309 total_epochs=50 train_loss=nan val_loss=nan
2026-05-18 10:51:45 [debug    ] epoch_start                    epoch=12 total_epochs=50
2026-05-18 10:52:16 [warning  ] nan_or_inf_loss                loss=nan
2026-05-18 10:53:05 [warning  ] nan_or_inf_loss                loss=nan
2026-05-18 10:55:29 [warning  ] nan_or_inf_loss                loss=nan
2026-05-18 10:56:58 [warning  ] nan_or_inf_loss                loss=nan
2026-05-18 10:59:07 [warning  ] nan_or_inf_loss                loss=nan
2026-05-18 10:59:40 [warning  ] nan_or_inf_loss                loss=nan
2026-05-18 11:00:56 [warning  ] nan_or_inf_loss                loss=nan
2026-05-18 11:01:12 [warning  ] nan_or_inf_loss                loss=nan
2026-05-18 11:01:24 [warning  ] nan_or_inf_loss                loss=nan
2026-05-18 11:01:57 [warning  ] nan_or_inf_loss                loss=nan
2026-05-18 11:02:24 [warning  ] nan_or_inf_loss                loss=nan
2026-05-18 11:02:40 [warning  ] nan_or_inf_loss                loss=nan
2026-05-18 11:02:59 [warning  ] nan_or_inf_loss                loss=nan
2026-05-18 11:03:00 [info     ] epoch_complete                 epoch=12 is_best=False lr=0.000846000000000129 total_epochs=50 train_loss=nan val_loss=nan
2026-05-18 11:03:00 [debug    ] epoch_start                    epoch=13 total_epochs=50
2026-05-18 11:03:19 [warning  ] nan_or_inf_loss                loss=nan
2026-05-18 11:04:10 [warning  ] nan_or_inf_loss                loss=nan
2026-05-18 11:04:10 [warning  ] nan_or_inf_loss                loss=nan
2026-05-18 11:04:47 [warning  ] nan_or_inf_loss                loss=nan
2026-05-18 11:05:38 [warning  ] nan_or_inf_loss                loss=nan
2026-05-18 11:06:27 [warning  ] nan_or_inf_loss                loss=nan
2026-05-18 11:08:04 [warning  ] nan_or_inf_loss                loss=nan
2026-05-18 11:08:58 [warning  ] nan_or_inf_loss                loss=nan
2026-05-18 11:09:15 [warning  ] nan_or_inf_loss                loss=nan
2026-05-18 11:11:16 [warning  ] nan_or_inf_loss                loss=nan
2026-05-18 11:13:08 [warning  ] nan_or_inf_loss                loss=nan
2026-05-18 11:13:29 [warning  ] nan_or_inf_loss                loss=nan
2026-05-18 11:14:13 [warning  ] nan_or_inf_loss                loss=nan
2026-05-18 11:14:13 [info     ] epoch_complete                 epoch=13 is_best=False lr=0.0008240000000001275 total_epochs=50 train_loss=nan val_loss=nan
2026-05-18 11:14:13 [debug    ] epoch_start                    epoch=14 total_epochs=50
2026-05-18 11:14:43 [warning  ] nan_or_inf_loss                loss=nan
2026-05-18 11:16:41 [warning  ] nan_or_inf_loss                loss=nan
2026-05-18 11:16:48 [warning  ] nan_or_inf_loss                loss=nan
2026-05-18 11:17:46 [warning  ] nan_or_inf_loss                loss=nan
2026-05-18 11:19:55 [warning  ] nan_or_inf_loss                loss=nan
2026-05-18 11:20:27 [warning  ] nan_or_inf_loss                loss=nan
2026-05-18 11:21:15 [warning  ] nan_or_inf_loss                loss=nan
2026-05-18 11:21:49 [warning  ] nan_or_inf_loss                loss=nan
2026-05-18 11:22:07 [warning  ] nan_or_inf_loss                loss=nan
2026-05-18 11:22:36 [warning  ] nan_or_inf_loss                loss=nan
2026-05-18 11:24:17 [warning  ] nan_or_inf_loss                loss=nan
2026-05-18 11:25:29 [warning  ] nan_or_inf_loss                loss=nan
2026-05-18 11:25:33 [warning  ] nan_or_inf_loss                loss=nan
2026-05-18 11:25:33 [info     ] epoch_complete                 epoch=14 is_best=False lr=0.000802000000000128 total_epochs=50 train_loss=nan val_loss=nan
2026-05-18 11:25:33 [debug    ] epoch_start                    epoch=15 total_epochs=50
2026-05-18 11:28:05 [warning  ] nan_or_inf_loss                loss=nan
2026-05-18 11:28:09 [warning  ] nan_or_inf_loss                loss=nan
2026-05-18 11:28:21 [warning  ] nan_or_inf_loss                loss=nan
2026-05-18 11:28:43 [warning  ] nan_or_inf_loss                loss=nan
2026-05-18 11:30:13 [warning  ] nan_or_inf_loss                loss=nan
2026-05-18 11:33:26 [warning  ] nan_or_inf_loss                loss=nan
2026-05-18 11:34:03 [warning  ] nan_or_inf_loss                loss=nan
2026-05-18 11:34:39 [warning  ] nan_or_inf_loss                loss=nan
2026-05-18 11:34:50 [warning  ] nan_or_inf_loss                loss=nan
2026-05-18 11:35:08 [warning  ] nan_or_inf_loss                loss=nan
2026-05-18 11:36:04 [warning  ] nan_or_inf_loss                loss=nan
2026-05-18 11:36:50 [warning  ] nan_or_inf_loss                loss=nan
2026-05-18 11:36:50 [info     ] epoch_complete                 epoch=15 is_best=False lr=0.0007800000000001313 total_epochs=50 train_loss=nan val_loss=nan
2026-05-18 11:36:50 [debug    ] epoch_start                    epoch=16 total_epochs=50
2026-05-18 11:37:41 [warning  ] nan_or_inf_loss                loss=nan
2026-05-18 11:38:50 [warning  ] nan_or_inf_loss                loss=nan
2026-05-18 11:38:51 [warning  ] nan_or_inf_loss                loss=nan
2026-05-18 11:40:06 [warning  ] nan_or_inf_loss                loss=nan
2026-05-18 11:42:54 [warning  ] nan_or_inf_loss                loss=nan
2026-05-18 11:42:58 [warning  ] nan_or_inf_loss                loss=nan
2026-05-18 11:43:07 [warning  ] nan_or_inf_loss                loss=nan
2026-05-18 11:44:23 [warning  ] nan_or_inf_loss                loss=nan
2026-05-18 11:44:30 [warning  ] nan_or_inf_loss                loss=nan
2026-05-18 11:45:27 [warning  ] nan_or_inf_loss                loss=nan
2026-05-18 11:45:41 [warning  ] nan_or_inf_loss                loss=nan
2026-05-18 11:46:42 [warning  ] nan_or_inf_loss                loss=nan
2026-05-18 11:48:09 [warning  ] nan_or_inf_loss                loss=nan
2026-05-18 11:48:09 [info     ] epoch_complete                 epoch=16 is_best=False lr=0.0007580000000001387 total_epochs=50 train_loss=nan val_loss=nan
2026-05-18 11:48:09 [debug    ] epoch_start                    epoch=17 total_epochs=50
2026-05-18 11:49:14 [warning  ] nan_or_inf_loss                loss=nan
2026-05-18 11:50:12 [warning  ] nan_or_inf_loss                loss=nan
2026-05-18 11:51:05 [warning  ] nan_or_inf_loss                loss=nan
2026-05-18 11:52:54 [warning  ] nan_or_inf_loss                loss=nan
2026-05-18 11:53:25 [warning  ] nan_or_inf_loss                loss=nan
2026-05-18 11:53:44 [warning  ] nan_or_inf_loss                loss=nan
2026-05-18 11:54:22 [warning  ] nan_or_inf_loss                loss=nan
2026-05-18 11:55:25 [warning  ] nan_or_inf_loss                loss=nan
2026-05-18 11:55:56 [warning  ] nan_or_inf_loss                loss=nan
2026-05-18 11:56:18 [warning  ] nan_or_inf_loss                loss=nan
2026-05-18 11:57:15 [warning  ] nan_or_inf_loss                loss=nan
2026-05-18 11:59:27 [warning  ] nan_or_inf_loss                loss=nan
2026-05-18 11:59:27 [warning  ] nan_or_inf_loss                loss=nan
2026-05-18 11:59:28 [info     ] epoch_complete                 epoch=17 is_best=False lr=0.0007360000000001429 total_epochs=50 train_loss=nan val_loss=nan
2026-05-18 11:59:28 [debug    ] epoch_start                    epoch=18 total_epochs=50
2026-05-18 11:59:55 [warning  ] nan_or_inf_loss                loss=nan
2026-05-18 12:00:26 [warning  ] nan_or_inf_loss                loss=nan
2026-05-18 12:01:33 [warning  ] nan_or_inf_loss                loss=nan
2026-05-18 12:03:46 [warning  ] nan_or_inf_loss                loss=nan
2026-05-18 12:05:11 [warning  ] nan_or_inf_loss                loss=nan
2026-05-18 12:05:44 [warning  ] nan_or_inf_loss                loss=nan
2026-05-18 12:06:18 [warning  ] nan_or_inf_loss                loss=nan
2026-05-18 12:06:30 [warning  ] nan_or_inf_loss                loss=nan
2026-05-18 12:07:36 [warning  ] nan_or_inf_loss                loss=nan
2026-05-18 12:08:53 [warning  ] nan_or_inf_loss                loss=nan
2026-05-18 12:09:14 [warning  ] nan_or_inf_loss                loss=nan
2026-05-18 12:10:09 [warning  ] nan_or_inf_loss                loss=nan
2026-05-18 12:10:44 [warning  ] nan_or_inf_loss                loss=nan
2026-05-18 12:10:45 [info     ] epoch_complete                 epoch=18 is_best=False lr=0.0007140000000001504 total_epochs=50 train_loss=nan val_loss=nan
2026-05-18 12:10:45 [debug    ] epoch_start                    epoch=19 total_epochs=50
2026-05-18 12:12:17 [warning  ] nan_or_inf_loss                loss=nan
2026-05-18 12:12:36 [warning  ] nan_or_inf_loss                loss=nan
2026-05-18 12:12:39 [warning  ] nan_or_inf_loss                loss=nan
2026-05-18 12:12:58 [warning  ] nan_or_inf_loss                loss=nan
2026-05-18 12:13:17 [warning  ] nan_or_inf_loss                loss=nan
2026-05-18 12:13:33 [warning  ] nan_or_inf_loss                loss=nan
2026-05-18 12:14:35 [warning  ] nan_or_inf_loss                loss=nan
2026-05-18 12:14:59 [warning  ] nan_or_inf_loss                loss=nan
2026-05-18 12:15:18 [warning  ] nan_or_inf_loss                loss=nan
2026-05-18 12:15:57 [warning  ] nan_or_inf_loss                loss=nan
2026-05-18 12:16:18 [warning  ] nan_or_inf_loss                loss=nan
2026-05-18 12:16:27 [warning  ] nan_or_inf_loss                loss=nan
2026-05-18 12:21:59 [warning  ] nan_or_inf_loss                loss=nan
2026-05-18 12:21:59 [info     ] epoch_complete                 epoch=19 is_best=False lr=0.0006920000000001541 total_epochs=50 train_loss=nan val_loss=nan
2026-05-18 12:21:59 [debug    ] epoch_start                    epoch=20 total_epochs=50
2026-05-18 12:22:10 [warning  ] nan_or_inf_loss                loss=nan
2026-05-18 12:26:00 [warning  ] nan_or_inf_loss                loss=nan
2026-05-18 12:26:31 [warning  ] nan_or_inf_loss                loss=nan
2026-05-18 12:26:50 [warning  ] nan_or_inf_loss                loss=nan
2026-05-18 12:27:54 [warning  ] nan_or_inf_loss                loss=nan
2026-05-18 12:28:09 [warning  ] nan_or_inf_loss                loss=nan
2026-05-18 12:28:11 [warning  ] nan_or_inf_loss                loss=nan
2026-05-18 12:29:18 [warning  ] nan_or_inf_loss                loss=nan
2026-05-18 12:29:36 [warning  ] nan_or_inf_loss                loss=nan
2026-05-18 12:30:36 [warning  ] nan_or_inf_loss                loss=nan
2026-05-18 12:30:41 [warning  ] nan_or_inf_loss                loss=nan
2026-05-18 12:32:36 [warning  ] nan_or_inf_loss                loss=nan
2026-05-18 12:33:16 [warning  ] nan_or_inf_loss                loss=nan
2026-05-18 12:33:16 [info     ] epoch_complete                 epoch=20 is_best=False lr=0.0006700000000001633 total_epochs=50 train_loss=nan val_loss=nan
2026-05-18 12:33:16 [debug    ] epoch_start                    epoch=21 total_epochs=50
2026-05-18 12:36:46 [warning  ] nan_or_inf_loss                loss=nan
2026-05-18 12:36:52 [warning  ] nan_or_inf_loss                loss=nan
2026-05-18 12:38:00 [warning  ] nan_or_inf_loss                loss=nan
2026-05-18 12:38:51 [warning  ] nan_or_inf_loss                loss=nan
2026-05-18 12:39:35 [warning  ] nan_or_inf_loss                loss=nan
2026-05-18 12:40:00 [warning  ] nan_or_inf_loss                loss=nan
2026-05-18 12:40:10 [warning  ] nan_or_inf_loss                loss=nan
2026-05-18 12:40:55 [warning  ] nan_or_inf_loss                loss=nan
2026-05-18 12:42:56 [warning  ] nan_or_inf_loss                loss=nan
2026-05-18 12:43:18 [warning  ] nan_or_inf_loss                loss=nan
2026-05-18 12:43:53 [warning  ] nan_or_inf_loss                loss=nan
2026-05-18 12:44:21 [warning  ] nan_or_inf_loss                loss=nan
2026-05-18 12:44:32 [warning  ] nan_or_inf_loss                loss=nan
2026-05-18 12:44:32 [info     ] epoch_complete                 epoch=21 is_best=False lr=0.0006480000000001756 total_epochs=50 train_loss=nan val_loss=nan
2026-05-18 12:44:32 [debug    ] epoch_start                    epoch=22 total_epochs=50
2026-05-18 12:44:43 [warning  ] nan_or_inf_loss                loss=nan
2026-05-18 12:45:50 [warning  ] nan_or_inf_loss                loss=nan
2026-05-18 12:46:25 [warning  ] nan_or_inf_loss                loss=nan
2026-05-18 12:47:36 [warning  ] nan_or_inf_loss                loss=nan
2026-05-18 12:48:31 [warning  ] nan_or_inf_loss                loss=nan
2026-05-18 12:49:09 [warning  ] nan_or_inf_loss                loss=nan
2026-05-18 12:51:30 [warning  ] nan_or_inf_loss                loss=nan
2026-05-18 12:52:23 [warning  ] nan_or_inf_loss                loss=nan
2026-05-18 12:53:09 [warning  ] nan_or_inf_loss                loss=nan
2026-05-18 12:54:11 [warning  ] nan_or_inf_loss                loss=nan
2026-05-18 12:55:05 [warning  ] nan_or_inf_loss                loss=nan
2026-05-18 12:55:25 [warning  ] nan_or_inf_loss                loss=nan
2026-05-18 12:55:47 [warning  ] nan_or_inf_loss                loss=nan
2026-05-18 12:55:47 [info     ] epoch_complete                 epoch=22 is_best=False lr=0.0006260000000001816 total_epochs=50 train_loss=nan val_loss=nan
2026-05-18 12:55:47 [debug    ] epoch_start                    epoch=23 total_epochs=50
2026-05-18 12:56:08 [warning  ] nan_or_inf_loss                loss=nan
2026-05-18 12:57:21 [warning  ] nan_or_inf_loss                loss=nan
2026-05-18 12:58:42 [warning  ] nan_or_inf_loss                loss=nan
2026-05-18 13:00:11 [warning  ] nan_or_inf_loss                loss=nan
2026-05-18 13:00:39 [warning  ] nan_or_inf_loss                loss=nan
2026-05-18 13:01:07 [warning  ] nan_or_inf_loss                loss=nan
2026-05-18 13:03:05 [warning  ] nan_or_inf_loss                loss=nan
2026-05-18 13:03:12 [warning  ] nan_or_inf_loss                loss=nan
2026-05-18 13:03:49 [warning  ] nan_or_inf_loss                loss=nan
2026-05-18 13:04:40 [warning  ] nan_or_inf_loss                loss=nan
2026-05-18 13:06:10 [warning  ] nan_or_inf_loss                loss=nan
2026-05-18 13:06:22 [warning  ] nan_or_inf_loss                loss=nan
2026-05-18 13:06:58 [warning  ] nan_or_inf_loss                loss=nan
2026-05-18 13:06:58 [info     ] epoch_complete                 epoch=23 is_best=False lr=0.0006040000000001929 total_epochs=50 train_loss=nan val_loss=nan
2026-05-18 13:06:58 [debug    ] epoch_start                    epoch=24 total_epochs=50
2026-05-18 13:07:55 [warning  ] nan_or_inf_loss                loss=nan
2026-05-18 13:10:06 [warning  ] nan_or_inf_loss                loss=nan
2026-05-18 13:10:19 [warning  ] nan_or_inf_loss                loss=nan
2026-05-18 13:10:53 [warning  ] nan_or_inf_loss                loss=nan
2026-05-18 13:13:30 [warning  ] nan_or_inf_loss                loss=nan
2026-05-18 13:14:06 [warning  ] nan_or_inf_loss                loss=nan
2026-05-18 13:14:11 [warning  ] nan_or_inf_loss                loss=nan
2026-05-18 13:14:19 [warning  ] nan_or_inf_loss                loss=nan
2026-05-18 13:16:49 [warning  ] nan_or_inf_loss                loss=nan
2026-05-18 13:17:49 [warning  ] nan_or_inf_loss                loss=nan
2026-05-18 13:17:50 [warning  ] nan_or_inf_loss                loss=nan
2026-05-18 13:17:52 [warning  ] nan_or_inf_loss                loss=nan
2026-05-18 13:18:09 [warning  ] nan_or_inf_loss                loss=nan
2026-05-18 13:18:09 [info     ] epoch_complete                 epoch=24 is_best=False lr=0.0005820000000002037 total_epochs=50 train_loss=nan val_loss=nan
2026-05-18 13:18:09 [debug    ] epoch_start                    epoch=25 total_epochs=50
2026-05-18 13:20:14 [warning  ] nan_or_inf_loss                loss=nan
2026-05-18 13:20:32 [warning  ] nan_or_inf_loss                loss=nan
2026-05-18 13:21:09 [warning  ] nan_or_inf_loss                loss=nan
2026-05-18 13:21:26 [warning  ] nan_or_inf_loss                loss=nan
2026-05-18 13:21:34 [warning  ] nan_or_inf_loss                loss=nan
2026-05-18 13:21:58 [warning  ] nan_or_inf_loss                loss=nan
2026-05-18 13:23:06 [warning  ] nan_or_inf_loss                loss=nan
2026-05-18 13:23:41 [warning  ] nan_or_inf_loss                loss=nan
2026-05-18 13:26:04 [warning  ] nan_or_inf_loss                loss=nan
2026-05-18 13:28:15 [warning  ] nan_or_inf_loss                loss=nan
2026-05-18 13:28:26 [warning  ] nan_or_inf_loss                loss=nan
2026-05-18 13:28:36 [warning  ] nan_or_inf_loss                loss=nan
2026-05-18 13:29:25 [warning  ] nan_or_inf_loss                loss=nan
2026-05-18 13:29:25 [info     ] epoch_complete                 epoch=25 is_best=False lr=0.000560000000000212 total_epochs=50 train_loss=nan val_loss=nan
2026-05-18 13:29:25 [debug    ] epoch_start                    epoch=26 total_epochs=50
2026-05-18 13:29:55 [warning  ] nan_or_inf_loss                loss=nan
2026-05-18 13:31:19 [warning  ] nan_or_inf_loss                loss=nan
2026-05-18 13:31:21 [warning  ] nan_or_inf_loss                loss=nan
2026-05-18 13:31:22 [warning  ] nan_or_inf_loss                loss=nan
2026-05-18 13:32:35 [warning  ] nan_or_inf_loss                loss=nan
2026-05-18 13:33:08 [warning  ] nan_or_inf_loss                loss=nan
2026-05-18 13:34:56 [warning  ] nan_or_inf_loss                loss=nan
2026-05-18 13:35:46 [warning  ] nan_or_inf_loss                loss=nan
2026-05-18 13:37:45 [warning  ] nan_or_inf_loss                loss=nan
2026-05-18 13:38:01 [warning  ] nan_or_inf_loss                loss=nan
2026-05-18 13:39:21 [warning  ] nan_or_inf_loss                loss=nan
2026-05-18 13:39:53 [warning  ] nan_or_inf_loss                loss=nan
2026-05-18 13:40:37 [warning  ] nan_or_inf_loss                loss=nan
2026-05-18 13:40:37 [info     ] epoch_complete                 epoch=26 is_best=False lr=0.0005380000000002199 total_epochs=50 train_loss=nan val_loss=nan
2026-05-18 13:40:37 [debug    ] epoch_start                    epoch=27 total_epochs=50
2026-05-18 13:42:48 [warning  ] nan_or_inf_loss                loss=nan
2026-05-18 13:42:55 [warning  ] nan_or_inf_loss                loss=nan
2026-05-18 13:43:34 [warning  ] nan_or_inf_loss                loss=nan
2026-05-18 13:44:12 [warning  ] nan_or_inf_loss                loss=nan
2026-05-18 13:44:41 [warning  ] nan_or_inf_loss                loss=nan
2026-05-18 13:45:00 [warning  ] nan_or_inf_loss                loss=nan
2026-05-18 13:48:07 [warning  ] nan_or_inf_loss                loss=nan
2026-05-18 13:49:04 [warning  ] nan_or_inf_loss                loss=nan
2026-05-18 13:50:10 [warning  ] nan_or_inf_loss                loss=nan
2026-05-18 13:50:25 [warning  ] nan_or_inf_loss                loss=nan
2026-05-18 13:50:43 [warning  ] nan_or_inf_loss                loss=nan
2026-05-18 13:51:12 [warning  ] nan_or_inf_loss                loss=nan
2026-05-18 13:51:49 [warning  ] nan_or_inf_loss                loss=nan
2026-05-18 13:51:49 [info     ] epoch_complete                 epoch=27 is_best=False lr=0.0005160000000002324 total_epochs=50 train_loss=nan val_loss=nan
2026-05-18 13:51:49 [debug    ] epoch_start                    epoch=28 total_epochs=50
2026-05-18 13:51:50 [warning  ] nan_or_inf_loss                loss=nan
2026-05-18 13:53:18 [warning  ] nan_or_inf_loss                loss=nan
2026-05-18 13:53:23 [warning  ] nan_or_inf_loss                loss=nan
2026-05-18 13:53:31 [warning  ] nan_or_inf_loss                loss=nan
2026-05-18 13:54:19 [warning  ] nan_or_inf_loss                loss=nan
2026-05-18 13:54:32 [warning  ] nan_or_inf_loss                loss=nan
2026-05-18 13:56:04 [warning  ] nan_or_inf_loss                loss=nan
2026-05-18 13:57:11 [warning  ] nan_or_inf_loss                loss=nan
2026-05-18 13:58:15 [warning  ] nan_or_inf_loss                loss=nan
2026-05-18 14:01:36 [warning  ] nan_or_inf_loss                loss=nan
2026-05-18 14:02:18 [warning  ] nan_or_inf_loss                loss=nan
2026-05-18 14:02:39 [warning  ] nan_or_inf_loss                loss=nan
2026-05-18 14:03:00 [warning  ] nan_or_inf_loss                loss=nan
2026-05-18 14:03:00 [info     ] epoch_complete                 epoch=28 is_best=False lr=0.0004940000000002435 total_epochs=50 train_loss=nan val_loss=nan
2026-05-18 14:03:00 [debug    ] epoch_start                    epoch=29 total_epochs=50
2026-05-18 14:04:22 [warning  ] nan_or_inf_loss                loss=nan
2026-05-18 14:05:53 [warning  ] nan_or_inf_loss                loss=nan
2026-05-18 14:06:08 [warning  ] nan_or_inf_loss                loss=nan
2026-05-18 14:07:49 [warning  ] nan_or_inf_loss                loss=nan
2026-05-18 14:07:53 [warning  ] nan_or_inf_loss                loss=nan
2026-05-18 14:08:41 [warning  ] nan_or_inf_loss                loss=nan
2026-05-18 14:09:21 [warning  ] nan_or_inf_loss                loss=nan
2026-05-18 14:10:23 [warning  ] nan_or_inf_loss                loss=nan
2026-05-18 14:10:46 [warning  ] nan_or_inf_loss                loss=nan
2026-05-18 14:10:49 [warning  ] nan_or_inf_loss                loss=nan
2026-05-18 14:11:56 [warning  ] nan_or_inf_loss                loss=nan
2026-05-18 14:12:41 [warning  ] nan_or_inf_loss                loss=nan
2026-05-18 14:14:09 [warning  ] nan_or_inf_loss                loss=nan
2026-05-18 14:14:09 [info     ] epoch_complete                 epoch=29 is_best=False lr=0.0004720000000002361 total_epochs=50 train_loss=nan val_loss=nan
2026-05-18 14:14:09 [debug    ] epoch_start                    epoch=30 total_epochs=50
2026-05-18 14:15:13 [warning  ] nan_or_inf_loss                loss=nan
2026-05-18 14:16:52 [warning  ] nan_or_inf_loss                loss=nan
2026-05-18 14:17:45 [warning  ] nan_or_inf_loss                loss=nan
2026-05-18 14:19:13 [warning  ] nan_or_inf_loss                loss=nan
2026-05-18 14:19:33 [warning  ] nan_or_inf_loss                loss=nan
2026-05-18 14:20:14 [warning  ] nan_or_inf_loss                loss=nan
2026-05-18 14:20:32 [warning  ] nan_or_inf_loss                loss=nan
2026-05-18 14:20:40 [warning  ] nan_or_inf_loss                loss=nan
2026-05-18 14:20:44 [warning  ] nan_or_inf_loss                loss=nan
2026-05-18 14:21:34 [warning  ] nan_or_inf_loss                loss=nan
2026-05-18 14:23:24 [warning  ] nan_or_inf_loss                loss=nan
2026-05-18 14:23:52 [warning  ] nan_or_inf_loss                loss=nan
2026-05-18 14:25:19 [warning  ] nan_or_inf_loss                loss=nan
2026-05-18 14:25:19 [info     ] epoch_complete                 epoch=30 is_best=False lr=0.0004500000000002223 total_epochs=50 train_loss=nan val_loss=nan
2026-05-18 14:25:19 [debug    ] epoch_start                    epoch=31 total_epochs=50
2026-05-18 14:25:33 [warning  ] nan_or_inf_loss                loss=nan
2026-05-18 14:25:57 [warning  ] nan_or_inf_loss                loss=nan
2026-05-18 14:26:10 [warning  ] nan_or_inf_loss                loss=nan
2026-05-18 14:26:26 [warning  ] nan_or_inf_loss                loss=nan
2026-05-18 14:27:11 [warning  ] nan_or_inf_loss                loss=nan
2026-05-18 14:27:50 [warning  ] nan_or_inf_loss                loss=nan
2026-05-18 14:30:21 [warning  ] nan_or_inf_loss                loss=nan
2026-05-18 14:31:11 [warning  ] nan_or_inf_loss                loss=nan
2026-05-18 14:32:22 [warning  ] nan_or_inf_loss                loss=nan
2026-05-18 14:33:53 [warning  ] nan_or_inf_loss                loss=nan
2026-05-18 14:34:07 [warning  ] nan_or_inf_loss                loss=nan
2026-05-18 14:35:43 [warning  ] nan_or_inf_loss                loss=nan
2026-05-18 14:36:29 [warning  ] nan_or_inf_loss                loss=nan
2026-05-18 14:36:29 [info     ] epoch_complete                 epoch=31 is_best=False lr=0.0004280000000002049 total_epochs=50 train_loss=nan val_loss=nan
2026-05-18 14:36:29 [debug    ] epoch_start                    epoch=32 total_epochs=50
2026-05-18 14:36:56 [warning  ] nan_or_inf_loss                loss=nan
2026-05-18 14:38:07 [warning  ] nan_or_inf_loss                loss=nan
2026-05-18 14:41:35 [warning  ] nan_or_inf_loss                loss=nan
2026-05-18 14:42:01 [warning  ] nan_or_inf_loss                loss=nan
2026-05-18 14:42:57 [warning  ] nan_or_inf_loss                loss=nan
2026-05-18 14:43:14 [warning  ] nan_or_inf_loss                loss=nan
2026-05-18 14:43:40 [warning  ] nan_or_inf_loss                loss=nan
2026-05-18 14:44:01 [warning  ] nan_or_inf_loss                loss=nan
2026-05-18 14:45:55 [warning  ] nan_or_inf_loss                loss=nan
2026-05-18 14:45:57 [warning  ] nan_or_inf_loss                loss=nan
2026-05-18 14:45:58 [warning  ] nan_or_inf_loss                loss=nan
2026-05-18 14:47:38 [warning  ] nan_or_inf_loss                loss=nan
2026-05-18 14:47:40 [warning  ] nan_or_inf_loss                loss=nan
2026-05-18 14:47:41 [info     ] epoch_complete                 epoch=32 is_best=False lr=0.0004060000000001844 total_epochs=50 train_loss=nan val_loss=nan
2026-05-18 14:47:41 [debug    ] epoch_start                    epoch=33 total_epochs=50
2026-05-18 14:48:28 [warning  ] nan_or_inf_loss                loss=nan
2026-05-18 14:48:43 [warning  ] nan_or_inf_loss                loss=nan
2026-05-18 14:49:20 [warning  ] nan_or_inf_loss                loss=nan
2026-05-18 14:49:52 [warning  ] nan_or_inf_loss                loss=nan
2026-05-18 14:51:21 [warning  ] nan_or_inf_loss                loss=nan
2026-05-18 14:51:39 [warning  ] nan_or_inf_loss                loss=nan
2026-05-18 14:53:28 [warning  ] nan_or_inf_loss                loss=nan
2026-05-18 14:53:34 [warning  ] nan_or_inf_loss                loss=nan
2026-05-18 14:54:18 [warning  ] nan_or_inf_loss                loss=nan
2026-05-18 14:57:39 [warning  ] nan_or_inf_loss                loss=nan
2026-05-18 14:57:49 [warning  ] nan_or_inf_loss                loss=nan
2026-05-18 14:58:20 [warning  ] nan_or_inf_loss                loss=nan
2026-05-18 14:58:52 [warning  ] nan_or_inf_loss                loss=nan
2026-05-18 14:58:52 [info     ] epoch_complete                 epoch=33 is_best=False lr=0.0003840000000001615 total_epochs=50 train_loss=nan val_loss=nan
2026-05-18 14:58:52 [debug    ] epoch_start                    epoch=34 total_epochs=50
2026-05-18 14:59:02 [warning  ] nan_or_inf_loss                loss=nan
2026-05-18 15:00:01 [warning  ] nan_or_inf_loss                loss=nan
2026-05-18 15:01:28 [warning  ] nan_or_inf_loss                loss=nan
2026-05-18 15:02:15 [warning  ] nan_or_inf_loss                loss=nan
2026-05-18 15:04:24 [warning  ] nan_or_inf_loss                loss=nan
2026-05-18 15:04:51 [warning  ] nan_or_inf_loss                loss=nan
2026-05-18 15:05:05 [warning  ] nan_or_inf_loss                loss=nan
2026-05-18 15:05:26 [warning  ] nan_or_inf_loss                loss=nan
2026-05-18 15:05:38 [warning  ] nan_or_inf_loss                loss=nan
2026-05-18 15:08:58 [warning  ] nan_or_inf_loss                loss=nan
2026-05-18 15:08:59 [warning  ] nan_or_inf_loss                loss=nan
2026-05-18 15:09:20 [warning  ] nan_or_inf_loss                loss=nan
2026-05-18 15:10:03 [warning  ] nan_or_inf_loss                loss=nan
2026-05-18 15:10:03 [info     ] epoch_complete                 epoch=34 is_best=False lr=0.0003620000000001343 total_epochs=50 train_loss=nan val_loss=nan
2026-05-18 15:10:03 [debug    ] epoch_start                    epoch=35 total_epochs=50
2026-05-18 15:10:21 [warning  ] nan_or_inf_loss                loss=nan
2026-05-18 15:12:30 [warning  ] nan_or_inf_loss                loss=nan
2026-05-18 15:12:42 [warning  ] nan_or_inf_loss                loss=nan
2026-05-18 15:15:00 [warning  ] nan_or_inf_loss                loss=nan
2026-05-18 15:15:35 [warning  ] nan_or_inf_loss                loss=nan
2026-05-18 15:15:45 [warning  ] nan_or_inf_loss                loss=nan
2026-05-18 15:15:51 [warning  ] nan_or_inf_loss                loss=nan
2026-05-18 15:16:11 [warning  ] nan_or_inf_loss                loss=nan
2026-05-18 15:18:16 [warning  ] nan_or_inf_loss                loss=nan
2026-05-18 15:18:23 [warning  ] nan_or_inf_loss                loss=nan
2026-05-18 15:18:25 [warning  ] nan_or_inf_loss                loss=nan
2026-05-18 15:19:30 [warning  ] nan_or_inf_loss                loss=nan
2026-05-18 15:21:12 [warning  ] nan_or_inf_loss                loss=nan
2026-05-18 15:21:12 [info     ] epoch_complete                 epoch=35 is_best=False lr=0.0003400000000001049 total_epochs=50 train_loss=nan val_loss=nan
2026-05-18 15:21:12 [debug    ] epoch_start                    epoch=36 total_epochs=50
2026-05-18 15:22:43 [warning  ] nan_or_inf_loss                loss=nan
2026-05-18 15:23:39 [warning  ] nan_or_inf_loss                loss=nan
2026-05-18 15:24:57 [warning  ] nan_or_inf_loss                loss=nan
2026-05-18 15:25:56 [warning  ] nan_or_inf_loss                loss=nan
2026-05-18 15:27:26 [warning  ] nan_or_inf_loss                loss=nan
2026-05-18 15:29:36 [warning  ] nan_or_inf_loss                loss=nan
2026-05-18 15:29:53 [warning  ] nan_or_inf_loss                loss=nan
2026-05-18 15:29:54 [warning  ] nan_or_inf_loss                loss=nan
2026-05-18 15:29:56 [warning  ] nan_or_inf_loss                loss=nan
2026-05-18 15:30:48 [warning  ] nan_or_inf_loss                loss=nan
2026-05-18 15:31:35 [warning  ] nan_or_inf_loss                loss=nan
2026-05-18 15:32:11 [warning  ] nan_or_inf_loss                loss=nan
2026-05-18 15:32:22 [warning  ] nan_or_inf_loss                loss=nan
2026-05-18 15:32:22 [info     ] epoch_complete                 epoch=36 is_best=False lr=0.0003180000000000723 total_epochs=50 train_loss=nan val_loss=nan
2026-05-18 15:32:22 [debug    ] epoch_start                    epoch=37 total_epochs=50
2026-05-18 15:32:45 [warning  ] nan_or_inf_loss                loss=nan
2026-05-18 15:33:25 [warning  ] nan_or_inf_loss                loss=nan
2026-05-18 15:34:26 [warning  ] nan_or_inf_loss                loss=nan
2026-05-18 15:36:11 [warning  ] nan_or_inf_loss                loss=nan
2026-05-18 15:38:41 [warning  ] nan_or_inf_loss                loss=nan
2026-05-18 15:39:00 [warning  ] nan_or_inf_loss                loss=nan
2026-05-18 15:39:01 [warning  ] nan_or_inf_loss                loss=nan
2026-05-18 15:40:01 [warning  ] nan_or_inf_loss                loss=nan
2026-05-18 15:40:23 [warning  ] nan_or_inf_loss                loss=nan
2026-05-18 15:42:10 [warning  ] nan_or_inf_loss                loss=nan
2026-05-18 15:42:41 [warning  ] nan_or_inf_loss                loss=nan
2026-05-18 15:42:48 [warning  ] nan_or_inf_loss                loss=nan
2026-05-18 15:43:36 [warning  ] nan_or_inf_loss                loss=nan
2026-05-18 15:43:36 [info     ] epoch_complete                 epoch=37 is_best=False lr=0.00029600000000003956 total_epochs=50 train_loss=nan val_loss=nan
2026-05-18 15:43:36 [debug    ] epoch_start                    epoch=38 total_epochs=50
2026-05-18 15:45:14 [warning  ] nan_or_inf_loss                loss=nan
2026-05-18 15:45:27 [warning  ] nan_or_inf_loss                loss=nan
2026-05-18 15:46:35 [warning  ] nan_or_inf_loss                loss=nan
2026-05-18 15:48:36 [warning  ] nan_or_inf_loss                loss=nan
2026-05-18 15:48:44 [warning  ] nan_or_inf_loss                loss=nan
2026-05-18 15:49:26 [warning  ] nan_or_inf_loss                loss=nan
2026-05-18 15:49:54 [warning  ] nan_or_inf_loss                loss=nan
2026-05-18 15:51:32 [warning  ] nan_or_inf_loss                loss=nan
2026-05-18 15:51:55 [warning  ] nan_or_inf_loss                loss=nan
2026-05-18 15:51:55 [warning  ] nan_or_inf_loss                loss=nan
2026-05-18 15:52:36 [warning  ] nan_or_inf_loss                loss=nan
2026-05-18 15:52:53 [warning  ] nan_or_inf_loss                loss=nan
2026-05-18 15:55:56 [warning  ] nan_or_inf_loss                loss=nan
2026-05-18 15:55:57 [info     ] epoch_complete                 epoch=38 is_best=False lr=0.0002740000000000068 total_epochs=50 train_loss=nan val_loss=nan
2026-05-18 15:55:57 [debug    ] epoch_start                    epoch=39 total_epochs=50
2026-05-18 15:56:03 [warning  ] nan_or_inf_loss                loss=nan
2026-05-18 15:57:06 [warning  ] nan_or_inf_loss                loss=nan
2026-05-18 15:58:49 [warning  ] nan_or_inf_loss                loss=nan
2026-05-18 15:58:49 [warning  ] nan_or_inf_loss                loss=nan
2026-05-18 15:59:58 [warning  ] nan_or_inf_loss                loss=nan
2026-05-18 16:03:48 [warning  ] nan_or_inf_loss                loss=nan
2026-05-18 16:03:57 [warning  ] nan_or_inf_loss                loss=nan
2026-05-18 16:04:15 [warning  ] nan_or_inf_loss                loss=nan
2026-05-18 16:05:50 [warning  ] nan_or_inf_loss                loss=nan
2026-05-18 16:06:19 [warning  ] nan_or_inf_loss                loss=nan
2026-05-18 16:06:34 [warning  ] nan_or_inf_loss                loss=nan
2026-05-18 16:07:29 [warning  ] nan_or_inf_loss                loss=nan
2026-05-18 16:07:50 [warning  ] nan_or_inf_loss                loss=nan
2026-05-18 16:07:50 [info     ] epoch_complete                 epoch=39 is_best=False lr=0.0002519999999999741 total_epochs=50 train_loss=nan val_loss=nan
2026-05-18 16:07:50 [debug    ] epoch_start                    epoch=40 total_epochs=50
2026-05-18 16:08:38 [warning  ] nan_or_inf_loss                loss=nan
2026-05-18 16:08:54 [warning  ] nan_or_inf_loss                loss=nan
2026-05-18 16:11:07 [warning  ] nan_or_inf_loss                loss=nan
2026-05-18 16:11:59 [warning  ] nan_or_inf_loss                loss=nan
2026-05-18 16:12:51 [warning  ] nan_or_inf_loss                loss=nan
2026-05-18 16:12:57 [warning  ] nan_or_inf_loss                loss=nan
2026-05-18 16:13:38 [warning  ] nan_or_inf_loss                loss=nan
2026-05-18 16:13:38 [warning  ] nan_or_inf_loss                loss=nan
2026-05-18 16:14:32 [warning  ] nan_or_inf_loss                loss=nan
2026-05-18 16:15:05 [warning  ] nan_or_inf_loss                loss=nan
2026-05-18 16:16:53 [warning  ] nan_or_inf_loss                loss=nan
2026-05-18 16:18:25 [warning  ] nan_or_inf_loss                loss=nan
2026-05-18 16:20:26 [warning  ] nan_or_inf_loss                loss=nan
2026-05-18 16:20:27 [info     ] epoch_complete                 epoch=40 is_best=False lr=0.00022999999999996314 total_epochs=50 train_loss=nan val_loss=nan
2026-05-18 16:20:27 [debug    ] epoch_start                    epoch=41 total_epochs=50
2026-05-18 16:21:09 [warning  ] nan_or_inf_loss                loss=nan
2026-05-18 16:21:10 [warning  ] nan_or_inf_loss                loss=nan
2026-05-18 16:21:27 [warning  ] nan_or_inf_loss                loss=nan
2026-05-18 16:22:00 [warning  ] nan_or_inf_loss                loss=nan
2026-05-18 16:23:02 [warning  ] nan_or_inf_loss                loss=nan
2026-05-18 16:23:38 [warning  ] nan_or_inf_loss                loss=nan
2026-05-18 16:23:57 [warning  ] nan_or_inf_loss                loss=nan
2026-05-18 16:24:51 [warning  ] nan_or_inf_loss                loss=nan
2026-05-18 16:25:37 [warning  ] nan_or_inf_loss                loss=nan
2026-05-18 16:26:18 [warning  ] nan_or_inf_loss                loss=nan
2026-05-18 16:27:13 [warning  ] nan_or_inf_loss                loss=nan
2026-05-18 16:27:49 [warning  ] nan_or_inf_loss                loss=nan
2026-05-18 16:31:33 [warning  ] nan_or_inf_loss                loss=nan
2026-05-18 16:31:34 [info     ] epoch_complete                 epoch=41 is_best=False lr=0.00020799999999996562 total_epochs=50 train_loss=nan val_loss=nan
2026-05-18 16:31:34 [debug    ] epoch_start                    epoch=42 total_epochs=50
2026-05-18 16:32:16 [warning  ] nan_or_inf_loss                loss=nan
2026-05-18 16:33:26 [warning  ] nan_or_inf_loss                loss=nan
2026-05-18 16:35:03 [warning  ] nan_or_inf_loss                loss=nan
2026-05-18 16:35:07 [warning  ] nan_or_inf_loss                loss=nan
2026-05-18 16:35:46 [warning  ] nan_or_inf_loss                loss=nan
2026-05-18 16:36:17 [warning  ] nan_or_inf_loss                loss=nan
2026-05-18 16:37:25 [warning  ] nan_or_inf_loss                loss=nan
2026-05-18 16:37:58 [warning  ] nan_or_inf_loss                loss=nan
2026-05-18 16:38:39 [warning  ] nan_or_inf_loss                loss=nan
2026-05-18 16:39:00 [warning  ] nan_or_inf_loss                loss=nan
2026-05-18 16:39:34 [warning  ] nan_or_inf_loss                loss=nan
2026-05-18 16:40:08 [warning  ] nan_or_inf_loss                loss=nan
2026-05-18 16:42:28 [warning  ] nan_or_inf_loss                loss=nan
2026-05-18 16:42:28 [info     ] epoch_complete                 epoch=42 is_best=False lr=0.00018599999999996796 total_epochs=50 train_loss=nan val_loss=nan
2026-05-18 16:42:28 [debug    ] epoch_start                    epoch=43 total_epochs=50
2026-05-18 16:42:43 [warning  ] nan_or_inf_loss                loss=nan
2026-05-18 16:44:44 [warning  ] nan_or_inf_loss                loss=nan
2026-05-18 16:45:29 [warning  ] nan_or_inf_loss                loss=nan
2026-05-18 16:45:59 [warning  ] nan_or_inf_loss                loss=nan
2026-05-18 16:46:16 [warning  ] nan_or_inf_loss                loss=nan
2026-05-18 16:46:25 [warning  ] nan_or_inf_loss                loss=nan
2026-05-18 16:47:11 [warning  ] nan_or_inf_loss                loss=nan
2026-05-18 16:47:33 [warning  ] nan_or_inf_loss                loss=nan
2026-05-18 16:48:41 [warning  ] nan_or_inf_loss                loss=nan
2026-05-18 16:51:03 [warning  ] nan_or_inf_loss                loss=nan
2026-05-18 16:51:29 [warning  ] nan_or_inf_loss                loss=nan
2026-05-18 16:52:00 [warning  ] nan_or_inf_loss                loss=nan
2026-05-18 16:53:14 [warning  ] nan_or_inf_loss                loss=nan
2026-05-18 16:53:14 [info     ] epoch_complete                 epoch=43 is_best=False lr=0.00016399999999996902 total_epochs=50 train_loss=nan val_loss=nan
2026-05-18 16:53:14 [debug    ] epoch_start                    epoch=44 total_epochs=50
2026-05-18 16:53:50 [warning  ] nan_or_inf_loss                loss=nan
2026-05-18 16:56:45 [warning  ] nan_or_inf_loss                loss=nan
2026-05-18 16:57:19 [warning  ] nan_or_inf_loss                loss=nan
2026-05-18 16:57:36 [warning  ] nan_or_inf_loss                loss=nan
2026-05-18 16:59:07 [warning  ] nan_or_inf_loss                loss=nan
2026-05-18 16:59:11 [warning  ] nan_or_inf_loss                loss=nan
2026-05-18 17:00:37 [warning  ] nan_or_inf_loss                loss=nan
2026-05-18 17:00:45 [warning  ] nan_or_inf_loss                loss=nan
2026-05-18 17:01:08 [warning  ] nan_or_inf_loss                loss=nan
2026-05-18 17:01:40 [warning  ] nan_or_inf_loss                loss=nan
2026-05-18 17:03:53 [warning  ] nan_or_inf_loss                loss=nan
2026-05-18 17:04:00 [warning  ] nan_or_inf_loss                loss=nan
2026-05-18 17:04:01 [warning  ] nan_or_inf_loss                loss=nan
2026-05-18 17:04:01 [info     ] epoch_complete                 epoch=44 is_best=False lr=0.00014199999999997063 total_epochs=50 train_loss=nan val_loss=nan
2026-05-18 17:04:01 [debug    ] epoch_start                    epoch=45 total_epochs=50
2026-05-18 17:04:09 [warning  ] nan_or_inf_loss                loss=nan
2026-05-18 17:04:44 [warning  ] nan_or_inf_loss                loss=nan
2026-05-18 17:04:46 [warning  ] nan_or_inf_loss                loss=nan
2026-05-18 17:06:35 [warning  ] nan_or_inf_loss                loss=nan
2026-05-18 17:07:11 [warning  ] nan_or_inf_loss                loss=nan
2026-05-18 17:09:57 [warning  ] nan_or_inf_loss                loss=nan
2026-05-18 17:10:25 [warning  ] nan_or_inf_loss                loss=nan
2026-05-18 17:10:44 [warning  ] nan_or_inf_loss                loss=nan
2026-05-18 17:13:11 [warning  ] nan_or_inf_loss                loss=nan
2026-05-18 17:13:40 [warning  ] nan_or_inf_loss                loss=nan
2026-05-18 17:15:05 [warning  ] nan_or_inf_loss                loss=nan
2026-05-18 17:15:10 [warning  ] nan_or_inf_loss                loss=nan
2026-05-18 17:15:21 [warning  ] nan_or_inf_loss                loss=nan
2026-05-18 17:15:22 [info     ] epoch_complete                 epoch=45 is_best=False lr=0.00011999999999997276 total_epochs=50 train_loss=nan val_loss=nan
2026-05-18 17:15:22 [debug    ] epoch_start                    epoch=46 total_epochs=50
2026-05-18 17:19:32 [warning  ] nan_or_inf_loss                loss=nan
2026-05-18 17:20:26 [warning  ] nan_or_inf_loss                loss=nan
2026-05-18 17:20:48 [warning  ] nan_or_inf_loss                loss=nan
2026-05-18 17:21:17 [warning  ] nan_or_inf_loss                loss=nan
2026-05-18 17:21:18 [warning  ] nan_or_inf_loss                loss=nan
2026-05-18 17:21:25 [warning  ] nan_or_inf_loss                loss=nan
2026-05-18 17:22:45 [warning  ] nan_or_inf_loss                loss=nan
2026-05-18 17:23:10 [warning  ] nan_or_inf_loss                loss=nan
2026-05-18 17:23:15 [warning  ] nan_or_inf_loss                loss=nan
2026-05-18 17:23:53 [warning  ] nan_or_inf_loss                loss=nan
2026-05-18 17:24:37 [warning  ] nan_or_inf_loss                loss=nan
2026-05-18 17:26:04 [warning  ] nan_or_inf_loss                loss=nan
2026-05-18 17:26:12 [warning  ] nan_or_inf_loss                loss=nan
2026-05-18 17:26:12 [info     ] epoch_complete                 epoch=46 is_best=False lr=9.799999999997965e-05 total_epochs=50 train_loss=nan val_loss=nan
2026-05-18 17:26:12 [debug    ] epoch_start                    epoch=47 total_epochs=50
2026-05-18 17:27:28 [warning  ] nan_or_inf_loss                loss=nan
2026-05-18 17:27:51 [warning  ] nan_or_inf_loss                loss=nan
2026-05-18 17:28:12 [warning  ] nan_or_inf_loss                loss=nan
2026-05-18 17:28:52 [warning  ] nan_or_inf_loss                loss=nan
2026-05-18 17:29:27 [warning  ] nan_or_inf_loss                loss=nan
2026-05-18 17:30:30 [warning  ] nan_or_inf_loss                loss=nan
2026-05-18 17:32:27 [warning  ] nan_or_inf_loss                loss=nan
2026-05-18 17:33:53 [warning  ] nan_or_inf_loss                loss=nan
2026-05-18 17:34:16 [warning  ] nan_or_inf_loss                loss=nan
2026-05-18 17:34:30 [warning  ] nan_or_inf_loss                loss=nan
2026-05-18 17:34:32 [warning  ] nan_or_inf_loss                loss=nan
2026-05-18 17:36:01 [warning  ] nan_or_inf_loss                loss=nan
2026-05-18 17:36:51 [warning  ] nan_or_inf_loss                loss=nan
2026-05-18 17:36:51 [info     ] epoch_complete                 epoch=47 is_best=False lr=7.599999999998842e-05 total_epochs=50 train_loss=nan val_loss=nan
2026-05-18 17:36:51 [debug    ] epoch_start                    epoch=48 total_epochs=50
2026-05-18 17:37:00 [warning  ] nan_or_inf_loss                loss=nan
2026-05-18 17:38:27 [warning  ] nan_or_inf_loss                loss=nan
2026-05-18 17:39:17 [warning  ] nan_or_inf_loss                loss=nan
2026-05-18 17:39:35 [warning  ] nan_or_inf_loss                loss=nan
2026-05-18 17:39:38 [warning  ] nan_or_inf_loss                loss=nan
2026-05-18 17:40:16 [warning  ] nan_or_inf_loss                loss=nan
2026-05-18 17:40:48 [warning  ] nan_or_inf_loss                loss=nan
2026-05-18 17:45:21 [warning  ] nan_or_inf_loss                loss=nan
2026-05-18 17:45:26 [warning  ] nan_or_inf_loss                loss=nan
2026-05-18 17:46:25 [warning  ] nan_or_inf_loss                loss=nan
2026-05-18 17:46:46 [warning  ] nan_or_inf_loss                loss=nan
2026-05-18 17:47:26 [warning  ] nan_or_inf_loss                loss=nan
2026-05-18 17:47:32 [warning  ] nan_or_inf_loss                loss=nan
2026-05-18 17:47:32 [info     ] epoch_complete                 epoch=48 is_best=False lr=5.399999999999506e-05 total_epochs=50 train_loss=nan val_loss=nan
2026-05-18 17:47:32 [debug    ] epoch_start                    epoch=49 total_epochs=50
2026-05-18 17:49:13 [warning  ] nan_or_inf_loss                loss=nan
2026-05-18 17:50:25 [warning  ] nan_or_inf_loss                loss=nan
2026-05-18 17:50:31 [warning  ] nan_or_inf_loss                loss=nan
2026-05-18 17:51:01 [warning  ] nan_or_inf_loss                loss=nan
2026-05-18 17:51:10 [warning  ] nan_or_inf_loss                loss=nan
2026-05-18 17:51:31 [warning  ] nan_or_inf_loss                loss=nan
2026-05-18 17:51:37 [warning  ] nan_or_inf_loss                loss=nan
2026-05-18 17:51:54 [warning  ] nan_or_inf_loss                loss=nan
2026-05-18 17:53:55 [warning  ] nan_or_inf_loss                loss=nan
2026-05-18 17:54:46 [warning  ] nan_or_inf_loss                loss=nan
2026-05-18 17:54:57 [warning  ] nan_or_inf_loss                loss=nan
2026-05-18 17:55:55 [warning  ] nan_or_inf_loss                loss=nan
2026-05-18 17:58:24 [warning  ] nan_or_inf_loss                loss=nan
2026-05-18 17:58:24 [info     ] epoch_complete                 epoch=49 is_best=False lr=3.199999999999823e-05 total_epochs=50 train_loss=nan val_loss=nan
2026-05-18 17:58:24 [debug    ] epoch_start                    epoch=50 total_epochs=50
2026-05-18 17:58:27 [warning  ] nan_or_inf_loss                loss=nan
2026-05-18 17:59:10 [warning  ] nan_or_inf_loss                loss=nan
2026-05-18 17:59:30 [warning  ] nan_or_inf_loss                loss=nan
2026-05-18 18:00:24 [warning  ] nan_or_inf_loss                loss=nan
2026-05-18 18:01:09 [warning  ] nan_or_inf_loss                loss=nan
2026-05-18 18:01:58 [warning  ] nan_or_inf_loss                loss=nan
2026-05-18 18:03:40 [warning  ] nan_or_inf_loss                loss=nan
2026-05-18 18:06:27 [warning  ] nan_or_inf_loss                loss=nan
2026-05-18 18:06:43 [warning  ] nan_or_inf_loss                loss=nan
2026-05-18 18:07:20 [warning  ] nan_or_inf_loss                loss=nan
2026-05-18 18:07:36 [warning  ] nan_or_inf_loss                loss=nan
2026-05-18 18:09:07 [warning  ] nan_or_inf_loss                loss=nan
2026-05-18 18:09:19 [warning  ] nan_or_inf_loss                loss=nan
2026-05-18 18:09:19 [info     ] epoch_complete                 epoch=50 is_best=False lr=9.999999999999242e-06 total_epochs=50 train_loss=nan val_loss=nan
2026-05-18 18:09:19 [info     ] training_log_saved             path=data/models/seq_15_seed2/training_losses.csv
2026-05-18 18:09:19 [info     ] training_complete              best_val_loss=inf
2026-05-18 18:09:19 [info     ] train_typecode_done            typecode=A320
2026-05-18 18:09:20 [info     ] train_done                     typecodes=['A320']

$ uv run fdm train --arch adsb --config results_run3/seq_15_seed2/config.yaml --model-name seq_15_seed2 --epochs 50 --batch-size 32 --lr 0.001 --method rk4 --seq-len 15 --train-limit 5000 --activation relu --seed 2 --backbone-depth 2 --head-depth 2 --hidden-width 48 --device cuda --no-use-mode-weights
