2026-05-16 13:15:44 [info     ] evaluate_start                 arch=adsb typecodes=['A320']
2026-05-16 13:15:44 [info     ] evaluate_typecode              flights=542 typecode=A320
2026-05-16 13:15:56 [info     ] evaluate_done                  output=data/model_performance/seq_120_seed2/performance.parquet rows=16
shape: (16, 11)
┌──────────┬─────────────────────────┬──────────────┬───────┬─────────┬──────────┬──────────┬──────────┬─────────┬──────────┬────────┐
│ Aircraft ┆ Variable                ┆ Phase        ┆ Model ┆ MAE     ┆ MAE_std  ┆ MAPE (%) ┆ MAPE_std ┆ ME      ┆ ME_std   ┆ Count  │
│ ---      ┆ ---                     ┆ ---          ┆ ---   ┆ ---     ┆ ---      ┆ ---      ┆ ---      ┆ ---     ┆ ---      ┆ ---    │
│ str      ┆ str                     ┆ str          ┆ str   ┆ f64     ┆ f64      ┆ f64      ┆ f64      ┆ f64     ┆ f64      ┆ i64    │
╞══════════╪═════════════════════════╪══════════════╪═══════╪═════════╪══════════╪══════════╪══════════╪═════════╪══════════╪════════╡
│ A320     ┆ Altitude [m]            ┆ All phases   ┆ PRED  ┆ 238.650 ┆ 586.224  ┆ 5.250    ┆ 18.472   ┆ 119.511 ┆ 621.554  ┆ 478843 │
│ A320     ┆ Altitude [m]            ┆ Climb        ┆ PRED  ┆ 784.094 ┆ 1049.507 ┆ 17.594   ┆ 36.820   ┆ 638.802 ┆ 1143.766 ┆ 90018  │
│ A320     ┆ Altitude [m]            ┆ Level flight ┆ PRED  ┆ 50.148  ┆ 170.336  ┆ 0.721    ┆ 5.069    ┆ 5.576   ┆ 177.477  ┆ 296839 │
│ A320     ┆ Altitude [m]            ┆ Descent      ┆ PRED  ┆ 313.173 ┆ 453.937  ┆ 7.783    ┆ 12.035   ┆ -21.001 ┆ 551.085  ┆ 91986  │
│ A320     ┆ Flight path angle [deg] ┆ All phases   ┆ PRED  ┆ 0.282   ┆ 0.603    ┆ NaN      ┆ NaN      ┆ -0.065  ┆ 0.662    ┆ 478843 │
│ A320     ┆ Flight path angle [deg] ┆ Climb        ┆ PRED  ┆ 0.713   ┆ 0.947    ┆ NaN      ┆ NaN      ┆ -0.397  ┆ 1.116    ┆ 90018  │
│ A320     ┆ Flight path angle [deg] ┆ Level flight ┆ PRED  ┆ 0.076   ┆ 0.242    ┆ NaN      ┆ NaN      ┆ -0.010  ┆ 0.254    ┆ 296839 │
│ A320     ┆ Flight path angle [deg] ┆ Descent      ┆ PRED  ┆ 0.528   ┆ 0.668    ┆ NaN      ┆ NaN      ┆ 0.082   ┆ 0.847    ┆ 91986  │
│ A320     ┆ Heading [deg]           ┆ All phases   ┆ PRED  ┆ 1.621   ┆ 6.729    ┆ NaN      ┆ NaN      ┆ -0.121  ┆ 6.921    ┆ 478843 │
│ A320     ┆ Heading [deg]           ┆ Climb        ┆ PRED  ┆ 2.052   ┆ 6.745    ┆ NaN      ┆ NaN      ┆ -0.219  ┆ 7.047    ┆ 90018  │
│ A320     ┆ Heading [deg]           ┆ Level flight ┆ PRED  ┆ 1.301   ┆ 6.202    ┆ NaN      ┆ NaN      ┆ -0.167  ┆ 6.334    ┆ 296839 │
│ A320     ┆ Heading [deg]           ┆ Descent      ┆ PRED  ┆ 2.230   ┆ 8.136    ┆ NaN      ┆ NaN      ┆ 0.126   ┆ 8.436    ┆ 91986  │
│ A320     ┆ True airspeed [m/s]     ┆ All phases   ┆ PRED  ┆ 2.932   ┆ 7.117    ┆ 1.701    ┆ 5.835    ┆ 0.522   ┆ 7.679    ┆ 478843 │
│ A320     ┆ True airspeed [m/s]     ┆ Climb        ┆ PRED  ┆ 5.504   ┆ 12.349   ┆ 3.458    ┆ 9.721    ┆ 3.234   ┆ 13.128   ┆ 90018  │
│ A320     ┆ True airspeed [m/s]     ┆ Level flight ┆ PRED  ┆ 1.840   ┆ 4.209    ┆ 0.947    ┆ 4.294    ┆ 0.038   ┆ 4.594    ┆ 296839 │
│ A320     ┆ True airspeed [m/s]     ┆ Descent      ┆ PRED  ┆ 3.939   ┆ 6.776    ┆ 2.412    ┆ 4.462    ┆ -0.570  ┆ 7.817    ┆ 91986  │
└──────────┴─────────────────────────┴──────────────┴───────┴─────────┴──────────┴──────────┴──────────┴─────────┴──────────┴────────┘

$ uv run fdm evaluate --arch adsb --config results_run2/seq_120_seed2/config.yaml --model-name seq_120_seed2
