2026-05-15 23:29:52 [info     ] train_start                    arch=adsb device=cuda typecodes=['A320']
2026-05-15 23:29:52 [info     ] train_typecode                 typecode=A320
2026-05-15 23:29:52 [info     ] loading_data                   train_flights=1594 val_flights=247
2026-05-15 23:29:52 [warning  ] e1_column_missing              column=fdm_g_sin_gamma_ms2
2026-05-15 23:29:52 [warning  ] e1_column_missing              column=fdm_cos_gamma
2026-05-15 23:29:52 [warning  ] e1_column_missing              column=fdm_q_pa
2026-05-15 23:29:52 [warning  ] e1_column_missing              column=fdm_g_over_v
2026-05-15 23:29:52 [warning  ] e1_column_missing              column=fdm_lat_wind_ms
2026-05-15 23:29:52 [warning  ] e1_column_missing              column=fdm_drift_rad
2026-05-15 23:29:52 [warning  ] e1_column_missing              column=fdm_track_rad
2026-05-15 23:29:52 [warning  ] e1_column_missing              column=fdm_heading_diff_rad
2026-05-15 23:29:57 [warning  ] e1_column_missing              column=fdm_g_sin_gamma_ms2
2026-05-15 23:29:57 [warning  ] e1_column_missing              column=fdm_cos_gamma
2026-05-15 23:29:57 [warning  ] e1_column_missing              column=fdm_q_pa
2026-05-15 23:29:57 [warning  ] e1_column_missing              column=fdm_g_over_v
2026-05-15 23:29:57 [warning  ] e1_column_missing              column=fdm_lat_wind_ms
2026-05-15 23:29:57 [warning  ] e1_column_missing              column=fdm_drift_rad
2026-05-15 23:29:57 [warning  ] e1_column_missing              column=fdm_track_rad
2026-05-15 23:29:57 [warning  ] e1_column_missing              column=fdm_heading_diff_rad
2026-05-15 23:29:58 [info     ] data_loaded                    train_samples=23212 val_samples=3628
2026-05-15 23:30:13 [debug    ] meta_saved                     path=data/models/lr_1.5e-3_seed2/meta.json
2026-05-15 23:30:13 [info     ] trainer_initialized            architecture=node_adsb_v1 device=cuda train_samples=23212 val_samples=3628
2026-05-15 23:30:13 [info     ] preloading_data_to_gpu
2026-05-15 23:30:13 [debug    ] epoch_start                    epoch=1 total_epochs=50
/data/common/dataiku/config/projects/NODEFDM/lib/python/.venv/lib/python3.12/site-packages/torch/_inductor/compile_fx.py:321: UserWarning: TensorFloat32 tensor cores for float32 matrix multiplication available but not enabled. Consider setting `torch.set_float32_matmul_precision('high')` for better performance.
  warnings.warn(
2026-05-15 23:30:37 [info     ] debug_magnitudes               norm_mean=['8568.283203', '-0.001322', '213.622833', '3.253931'] norm_std=['2269.236084', '0.038830', '32.838379', '1.246786'] ode_loss=1.493363
W0515 23:37:31.886000 433590 torch/_dynamo/convert_frame.py:1676] [0/8] torch._dynamo hit config.recompile_limit (8)
W0515 23:37:31.886000 433590 torch/_dynamo/convert_frame.py:1676] [0/8]    function: 'forward' (/data/common/dataiku/config/projects/NODEFDM/lib/python/packages/node-fdm/src/node_fdm/models/fdm.py:181)
W0515 23:37:31.886000 433590 torch/_dynamo/convert_frame.py:1676] [0/8]    last reason: 0/7: tensor 'self.history['raw_alt_m']' size mismatch at index 1. expected 1, actual 2
W0515 23:37:31.886000 433590 torch/_dynamo/convert_frame.py:1676] [0/8] To log all recompilation reasons, use TORCH_LOGS="recompiles".
W0515 23:37:31.886000 433590 torch/_dynamo/convert_frame.py:1676] [0/8] To diagnose recompilation issues, see https://pytorch.org/docs/main/compile/programming_model.recompilation.html
2026-05-15 23:37:32 [debug    ] meta_saved                     path=data/models/lr_1.5e-3_seed2/meta.json
2026-05-15 23:37:32 [debug    ] model_saved                    epoch=1
2026-05-15 23:37:32 [info     ] epoch_complete                 epoch=1 is_best=True lr=0.0003079999999999989 total_epochs=50 train_loss=0.194205 val_loss=0.058019
2026-05-15 23:37:32 [debug    ] epoch_start                    epoch=2 total_epochs=50
2026-05-15 23:43:31 [debug    ] meta_saved                     path=data/models/lr_1.5e-3_seed2/meta.json
2026-05-15 23:43:31 [debug    ] model_saved                    epoch=2
2026-05-15 23:43:31 [info     ] epoch_complete                 epoch=2 is_best=True lr=0.0006059999999999994 total_epochs=50 train_loss=0.04714 val_loss=0.037441
2026-05-15 23:43:31 [debug    ] epoch_start                    epoch=3 total_epochs=50
2026-05-15 23:49:27 [debug    ] meta_saved                     path=data/models/lr_1.5e-3_seed2/meta.json
2026-05-15 23:49:27 [debug    ] model_saved                    epoch=3
2026-05-15 23:49:27 [info     ] epoch_complete                 epoch=3 is_best=True lr=0.0009039999999999965 total_epochs=50 train_loss=0.03827 val_loss=0.033031
2026-05-15 23:49:27 [debug    ] epoch_start                    epoch=4 total_epochs=50
2026-05-15 23:55:24 [debug    ] meta_saved                     path=data/models/lr_1.5e-3_seed2/meta.json
2026-05-15 23:55:24 [debug    ] model_saved                    epoch=4
2026-05-15 23:55:24 [info     ] epoch_complete                 epoch=4 is_best=True lr=0.0012019999999999963 total_epochs=50 train_loss=0.035751 val_loss=0.031693
2026-05-15 23:55:24 [debug    ] epoch_start                    epoch=5 total_epochs=50
2026-05-16 00:01:24 [debug    ] meta_saved                     path=data/models/lr_1.5e-3_seed2/meta.json
2026-05-16 00:01:24 [debug    ] model_saved                    epoch=5
2026-05-16 00:01:24 [info     ] epoch_complete                 epoch=5 is_best=True lr=0.0015 total_epochs=50 train_loss=0.034752 val_loss=0.030888
2026-05-16 00:01:24 [debug    ] epoch_start                    epoch=6 total_epochs=50
2026-05-16 00:07:20 [info     ] epoch_complete                 epoch=6 is_best=False lr=0.0014668888888888822 total_epochs=50 train_loss=0.043177 val_loss=0.054278
2026-05-16 00:07:20 [debug    ] epoch_start                    epoch=7 total_epochs=50
2026-05-16 00:13:18 [info     ] epoch_complete                 epoch=7 is_best=False lr=0.001433777777777763 total_epochs=50 train_loss=0.046593 val_loss=0.033478
2026-05-16 00:13:18 [debug    ] epoch_start                    epoch=8 total_epochs=50
2026-05-16 00:19:16 [debug    ] meta_saved                     path=data/models/lr_1.5e-3_seed2/meta.json
2026-05-16 00:19:16 [debug    ] model_saved                    epoch=8
2026-05-16 00:19:16 [info     ] epoch_complete                 epoch=8 is_best=True lr=0.0014006666666666427 total_epochs=50 train_loss=0.035141 val_loss=0.030853
2026-05-16 00:19:16 [debug    ] epoch_start                    epoch=9 total_epochs=50
2026-05-16 00:25:13 [info     ] epoch_complete                 epoch=9 is_best=False lr=0.001367555555555521 total_epochs=50 train_loss=0.034631 val_loss=0.035287
2026-05-16 00:25:13 [debug    ] epoch_start                    epoch=10 total_epochs=50
2026-05-16 00:31:20 [debug    ] meta_saved                     path=data/models/lr_1.5e-3_seed2/meta.json
2026-05-16 00:31:20 [debug    ] model_saved                    epoch=10
2026-05-16 00:31:20 [info     ] epoch_complete                 epoch=10 is_best=True lr=0.0013344444444443996 total_epochs=50 train_loss=0.034838 val_loss=0.030438
2026-05-16 00:31:20 [debug    ] epoch_start                    epoch=11 total_epochs=50
2026-05-16 00:41:09 [info     ] epoch_complete                 epoch=11 is_best=False lr=0.0013013333333332796 total_epochs=50 train_loss=0.039172 val_loss=0.036468
2026-05-16 00:41:09 [debug    ] epoch_start                    epoch=12 total_epochs=50
2026-05-16 00:51:02 [info     ] epoch_complete                 epoch=12 is_best=False lr=0.001268222222222159 total_epochs=50 train_loss=0.036228 val_loss=0.031536
2026-05-16 00:51:02 [debug    ] epoch_start                    epoch=13 total_epochs=50
2026-05-16 01:00:05 [info     ] epoch_complete                 epoch=13 is_best=False lr=0.001235111111111036 total_epochs=50 train_loss=0.033482 val_loss=0.030715
2026-05-16 01:00:05 [debug    ] epoch_start                    epoch=14 total_epochs=50
2026-05-16 01:06:01 [debug    ] meta_saved                     path=data/models/lr_1.5e-3_seed2/meta.json
2026-05-16 01:06:01 [debug    ] model_saved                    epoch=14
2026-05-16 01:06:01 [info     ] epoch_complete                 epoch=14 is_best=True lr=0.0012019999999999134 total_epochs=50 train_loss=0.032984 val_loss=0.029631
2026-05-16 01:06:01 [debug    ] epoch_start                    epoch=15 total_epochs=50
2026-05-16 01:11:58 [info     ] epoch_complete                 epoch=15 is_best=False lr=0.0011688888888887897 total_epochs=50 train_loss=0.035225 val_loss=0.031412
2026-05-16 01:11:58 [debug    ] epoch_start                    epoch=16 total_epochs=50
2026-05-16 01:17:53 [info     ] epoch_complete                 epoch=16 is_best=False lr=0.0011357777777776664 total_epochs=50 train_loss=0.033279 val_loss=0.029935
2026-05-16 01:17:53 [debug    ] epoch_start                    epoch=17 total_epochs=50
2026-05-16 01:23:49 [info     ] epoch_complete                 epoch=17 is_best=False lr=0.0011026666666665427 total_epochs=50 train_loss=0.033233 val_loss=0.02996
2026-05-16 01:23:49 [debug    ] epoch_start                    epoch=18 total_epochs=50
2026-05-16 01:29:45 [debug    ] meta_saved                     path=data/models/lr_1.5e-3_seed2/meta.json
2026-05-16 01:29:45 [debug    ] model_saved                    epoch=18
2026-05-16 01:29:45 [info     ] epoch_complete                 epoch=18 is_best=True lr=0.001069555555555419 total_epochs=50 train_loss=0.032464 val_loss=0.029336
2026-05-16 01:29:45 [debug    ] epoch_start                    epoch=19 total_epochs=50
2026-05-16 01:35:43 [debug    ] meta_saved                     path=data/models/lr_1.5e-3_seed2/meta.json
2026-05-16 01:35:43 [debug    ] model_saved                    epoch=19
2026-05-16 01:35:43 [info     ] epoch_complete                 epoch=19 is_best=True lr=0.001036444444444296 total_epochs=50 train_loss=0.032154 val_loss=0.028893
2026-05-16 01:35:43 [debug    ] epoch_start                    epoch=20 total_epochs=50
2026-05-16 01:41:37 [info     ] epoch_complete                 epoch=20 is_best=False lr=0.001003333333333172 total_epochs=50 train_loss=0.032044 val_loss=0.028936
2026-05-16 01:41:37 [debug    ] epoch_start                    epoch=21 total_epochs=50
2026-05-16 01:47:32 [info     ] epoch_complete                 epoch=21 is_best=False lr=0.0009702222222220513 total_epochs=50 train_loss=0.636351 val_loss=1.091131
2026-05-16 01:47:32 [debug    ] epoch_start                    epoch=22 total_epochs=50
2026-05-16 01:53:29 [info     ] epoch_complete                 epoch=22 is_best=False lr=0.0009371111111109452 total_epochs=50 train_loss=1.032727 val_loss=1.070681
2026-05-16 01:53:29 [debug    ] epoch_start                    epoch=23 total_epochs=50
2026-05-16 01:59:23 [info     ] epoch_complete                 epoch=23 is_best=False lr=0.0009039999999998395 total_epochs=50 train_loss=0.941176 val_loss=1.153502
2026-05-16 01:59:23 [debug    ] epoch_start                    epoch=24 total_epochs=50
2026-05-16 02:05:22 [info     ] epoch_complete                 epoch=24 is_best=False lr=0.0008708888888887346 total_epochs=50 train_loss=0.963296 val_loss=0.778343
2026-05-16 02:05:22 [debug    ] epoch_start                    epoch=25 total_epochs=50
2026-05-16 02:11:25 [info     ] epoch_complete                 epoch=25 is_best=False lr=0.0008377777777776302 total_epochs=50 train_loss=0.810076 val_loss=0.797954
2026-05-16 02:11:25 [debug    ] epoch_start                    epoch=26 total_epochs=50
2026-05-16 02:17:22 [info     ] epoch_complete                 epoch=26 is_best=False lr=0.0008046666666665248 total_epochs=50 train_loss=0.863257 val_loss=0.806433
2026-05-16 02:17:22 [debug    ] epoch_start                    epoch=27 total_epochs=50
2026-05-16 02:23:19 [info     ] epoch_complete                 epoch=27 is_best=False lr=0.0007715555555554186 total_epochs=50 train_loss=0.82607 val_loss=0.826599
2026-05-16 02:23:19 [debug    ] epoch_start                    epoch=28 total_epochs=50
2026-05-16 02:29:17 [info     ] epoch_complete                 epoch=28 is_best=False lr=0.0007384444444443146 total_epochs=50 train_loss=0.833577 val_loss=0.806302
2026-05-16 02:29:17 [debug    ] epoch_start                    epoch=29 total_epochs=50
2026-05-16 02:35:17 [info     ] epoch_complete                 epoch=29 is_best=False lr=0.0007053333333332093 total_epochs=50 train_loss=0.841392 val_loss=0.808782
2026-05-16 02:35:17 [debug    ] epoch_start                    epoch=30 total_epochs=50
2026-05-16 02:41:12 [info     ] epoch_complete                 epoch=30 is_best=False lr=0.0006722222222221051 total_epochs=50 train_loss=0.855416 val_loss=0.888128
2026-05-16 02:41:12 [debug    ] epoch_start                    epoch=31 total_epochs=50
2026-05-16 02:47:08 [info     ] epoch_complete                 epoch=31 is_best=False lr=0.0006391111111109997 total_epochs=50 train_loss=0.93813 val_loss=0.953487
2026-05-16 02:47:08 [debug    ] epoch_start                    epoch=32 total_epochs=50
2026-05-16 02:53:08 [info     ] epoch_complete                 epoch=32 is_best=False lr=0.0006059999999998934 total_epochs=50 train_loss=0.975975 val_loss=0.96629
2026-05-16 02:53:08 [debug    ] epoch_start                    epoch=33 total_epochs=50
2026-05-16 02:59:06 [info     ] epoch_complete                 epoch=33 is_best=False lr=0.0005728888888887895 total_epochs=50 train_loss=1.019301 val_loss=0.929556
2026-05-16 02:59:06 [debug    ] epoch_start                    epoch=34 total_epochs=50
2026-05-16 03:05:02 [info     ] epoch_complete                 epoch=34 is_best=False lr=0.0005397777777776848 total_epochs=50 train_loss=0.961639 val_loss=0.955695
2026-05-16 03:05:02 [debug    ] epoch_start                    epoch=35 total_epochs=50
2026-05-16 03:10:59 [info     ] epoch_complete                 epoch=35 is_best=False lr=0.0005066666666665805 total_epochs=50 train_loss=1.022 val_loss=1.006851
2026-05-16 03:10:59 [debug    ] epoch_start                    epoch=36 total_epochs=50
2026-05-16 03:16:58 [info     ] epoch_complete                 epoch=36 is_best=False lr=0.0004735555555554755 total_epochs=50 train_loss=1.061235 val_loss=1.041466
2026-05-16 03:16:58 [debug    ] epoch_start                    epoch=37 total_epochs=50
2026-05-16 03:22:55 [info     ] epoch_complete                 epoch=37 is_best=False lr=0.0004404444444443697 total_epochs=50 train_loss=1.038881 val_loss=1.002282
2026-05-16 03:22:55 [debug    ] epoch_start                    epoch=38 total_epochs=50
2026-05-16 03:28:51 [info     ] epoch_complete                 epoch=38 is_best=False lr=0.00040733333333326394 total_epochs=50 train_loss=1.067366 val_loss=1.041657
2026-05-16 03:28:51 [debug    ] epoch_start                    epoch=39 total_epochs=50
2026-05-16 03:34:47 [info     ] epoch_complete                 epoch=39 is_best=False lr=0.00037422222222215816 total_epochs=50 train_loss=1.074897 val_loss=1.033342
2026-05-16 03:34:47 [debug    ] epoch_start                    epoch=40 total_epochs=50
2026-05-16 03:40:49 [info     ] epoch_complete                 epoch=40 is_best=False lr=0.0003411111111110524 total_epochs=50 train_loss=1.06635 val_loss=1.017328
2026-05-16 03:40:49 [debug    ] epoch_start                    epoch=41 total_epochs=50
2026-05-16 03:46:48 [info     ] epoch_complete                 epoch=41 is_best=False lr=0.0003079999999999466 total_epochs=50 train_loss=1.040302 val_loss=0.999718
2026-05-16 03:46:48 [debug    ] epoch_start                    epoch=42 total_epochs=50
2026-05-16 03:52:46 [info     ] epoch_complete                 epoch=42 is_best=False lr=0.00027488888888884083 total_epochs=50 train_loss=1.024811 val_loss=0.976053
2026-05-16 03:52:46 [debug    ] epoch_start                    epoch=43 total_epochs=50
2026-05-16 03:58:43 [info     ] epoch_complete                 epoch=43 is_best=False lr=0.0002417777777777351 total_epochs=50 train_loss=1.01186 val_loss=0.9835
2026-05-16 03:58:43 [debug    ] epoch_start                    epoch=44 total_epochs=50
2026-05-16 04:04:46 [info     ] epoch_complete                 epoch=44 is_best=False lr=0.00020866666666662946 total_epochs=50 train_loss=1.004832 val_loss=0.964237
2026-05-16 04:04:46 [debug    ] epoch_start                    epoch=45 total_epochs=50
2026-05-16 04:10:45 [info     ] epoch_complete                 epoch=45 is_best=False lr=0.00017555555555552369 total_epochs=50 train_loss=0.993202 val_loss=0.966169
2026-05-16 04:10:45 [debug    ] epoch_start                    epoch=46 total_epochs=50
2026-05-16 04:16:44 [info     ] epoch_complete                 epoch=46 is_best=False lr=0.0001424444444444179 total_epochs=50 train_loss=0.992834 val_loss=0.963719
2026-05-16 04:16:44 [debug    ] epoch_start                    epoch=47 total_epochs=50
2026-05-16 04:22:42 [info     ] epoch_complete                 epoch=47 is_best=False lr=0.00010933333333331247 total_epochs=50 train_loss=0.991932 val_loss=0.961804
2026-05-16 04:22:42 [debug    ] epoch_start                    epoch=48 total_epochs=50
2026-05-16 04:28:43 [info     ] epoch_complete                 epoch=48 is_best=False lr=7.622222222220731e-05 total_epochs=50 train_loss=0.99057 val_loss=0.963936
2026-05-16 04:28:43 [debug    ] epoch_start                    epoch=49 total_epochs=50
2026-05-16 04:34:44 [info     ] epoch_complete                 epoch=49 is_best=False lr=4.311111111110244e-05 total_epochs=50 train_loss=0.994073 val_loss=0.963606
2026-05-16 04:34:44 [debug    ] epoch_start                    epoch=50 total_epochs=50
2026-05-16 04:40:45 [info     ] epoch_complete                 epoch=50 is_best=False lr=9.999999999998042e-06 total_epochs=50 train_loss=0.993528 val_loss=0.966018
2026-05-16 04:40:45 [info     ] training_log_saved             path=data/models/lr_1.5e-3_seed2/training_losses.csv
2026-05-16 04:40:45 [info     ] training_complete              best_val_loss=0.028893
2026-05-16 04:40:45 [info     ] train_typecode_done            typecode=A320
2026-05-16 04:40:45 [info     ] train_done                     typecodes=['A320']

$ uv run fdm train --arch adsb --config results_run2/lr_1.5e-3_seed2/config.yaml --model-name lr_1.5e-3_seed2 --epochs 50 --batch-size 64 --lr 0.0015 --method rk4 --seq-len 60 --train-limit 5000 --activation relu --seed 2 --backbone-depth 3 --head-depth 2 --hidden-width 48 --device cuda --no-use-mode-weights
