2026-05-17 03:08:47 [info     ] evaluate_start                 arch=adsb typecodes=['A320']
2026-05-17 03:08:47 [info     ] evaluate_typecode              flights=542 typecode=A320
2026-05-17 03:08:59 [info     ] evaluate_done                  output=data/model_performance/backbone_2_seed2/performance.parquet rows=16
shape: (16, 11)
┌──────────┬─────────────────────────┬──────────────┬───────┬─────────┬──────────┬──────────┬──────────┬─────────┬──────────┬────────┐
│ Aircraft ┆ Variable                ┆ Phase        ┆ Model ┆ MAE     ┆ MAE_std  ┆ MAPE (%) ┆ MAPE_std ┆ ME      ┆ ME_std   ┆ Count  │
│ ---      ┆ ---                     ┆ ---          ┆ ---   ┆ ---     ┆ ---      ┆ ---      ┆ ---      ┆ ---     ┆ ---      ┆ ---    │
│ str      ┆ str                     ┆ str          ┆ str   ┆ f64     ┆ f64      ┆ f64      ┆ f64      ┆ f64     ┆ f64      ┆ i64    │
╞══════════╪═════════════════════════╪══════════════╪═══════╪═════════╪══════════╪══════════╪══════════╪═════════╪══════════╪════════╡
│ A320     ┆ Altitude [m]            ┆ All phases   ┆ PRED  ┆ 262.092 ┆ 606.136  ┆ 5.585    ┆ 19.242   ┆ 104.368 ┆ 652.074  ┆ 478843 │
│ A320     ┆ Altitude [m]            ┆ Climb        ┆ PRED  ┆ 800.543 ┆ 1095.625 ┆ 18.051   ┆ 38.205   ┆ 632.461 ┆ 1200.523 ┆ 90018  │
│ A320     ┆ Altitude [m]            ┆ Level flight ┆ PRED  ┆ 77.280  ┆ 179.387  ┆ 0.984    ┆ 5.351    ┆ -20.044 ┆ 194.294  ┆ 296839 │
│ A320     ┆ Altitude [m]            ┆ Descent      ┆ PRED  ┆ 331.548 ┆ 484.991  ┆ 8.234    ┆ 13.390   ┆ -10.949 ┆ 587.385  ┆ 91986  │
│ A320     ┆ Flight path angle [deg] ┆ All phases   ┆ PRED  ┆ 0.283   ┆ 0.615    ┆ NaN      ┆ NaN      ┆ -0.066  ┆ 0.674    ┆ 478843 │
│ A320     ┆ Flight path angle [deg] ┆ Climb        ┆ PRED  ┆ 0.718   ┆ 0.980    ┆ NaN      ┆ NaN      ┆ -0.419  ┆ 1.140    ┆ 90018  │
│ A320     ┆ Flight path angle [deg] ┆ Level flight ┆ PRED  ┆ 0.079   ┆ 0.238    ┆ NaN      ┆ NaN      ┆ -0.013  ┆ 0.250    ┆ 296839 │
│ A320     ┆ Flight path angle [deg] ┆ Descent      ┆ PRED  ┆ 0.519   ┆ 0.687    ┆ NaN      ┆ NaN      ┆ 0.111   ┆ 0.854    ┆ 91986  │
│ A320     ┆ Heading [deg]           ┆ All phases   ┆ PRED  ┆ 1.881   ┆ 6.799    ┆ NaN      ┆ NaN      ┆ -0.631  ┆ 7.026    ┆ 478843 │
│ A320     ┆ Heading [deg]           ┆ Climb        ┆ PRED  ┆ 2.422   ┆ 7.261    ┆ NaN      ┆ NaN      ┆ -0.919  ┆ 7.599    ┆ 90018  │
│ A320     ┆ Heading [deg]           ┆ Level flight ┆ PRED  ┆ 1.535   ┆ 6.180    ┆ NaN      ┆ NaN      ┆ -0.459  ┆ 6.351    ┆ 296839 │
│ A320     ┆ Heading [deg]           ┆ Descent      ┆ PRED  ┆ 2.468   ┆ 8.049    ┆ NaN      ┆ NaN      ┆ -0.903  ┆ 8.370    ┆ 91986  │
│ A320     ┆ True airspeed [m/s]     ┆ All phases   ┆ PRED  ┆ 2.986   ┆ 7.424    ┆ 1.720    ┆ 5.983    ┆ 0.444   ┆ 7.990    ┆ 478843 │
│ A320     ┆ True airspeed [m/s]     ┆ Climb        ┆ PRED  ┆ 5.546   ┆ 13.092   ┆ 3.499    ┆ 10.344   ┆ 3.198   ┆ 13.854   ┆ 90018  │
│ A320     ┆ True airspeed [m/s]     ┆ Level flight ┆ PRED  ┆ 1.891   ┆ 4.326    ┆ 0.964    ┆ 4.268    ┆ 0.093   ┆ 4.721    ┆ 296839 │
│ A320     ┆ True airspeed [m/s]     ┆ Descent      ┆ PRED  ┆ 4.014   ┆ 6.890    ┆ 2.416    ┆ 4.173    ┆ -1.118  ┆ 7.895    ┆ 91986  │
└──────────┴─────────────────────────┴──────────────┴───────┴─────────┴──────────┴──────────┴──────────┴─────────┴──────────┴────────┘

$ uv run fdm evaluate --arch adsb --config results_run2/backbone_2_seed2/config.yaml --model-name backbone_2_seed2
