2026-05-16 20:12:55 [info     ] train_start                    arch=adsb device=cuda typecodes=['A320']
2026-05-16 20:12:55 [info     ] train_typecode                 typecode=A320
2026-05-16 20:12:55 [info     ] loading_data                   train_flights=1594 val_flights=247
2026-05-16 20:12:55 [warning  ] e1_column_missing              column=fdm_g_sin_gamma_ms2
2026-05-16 20:12:55 [warning  ] e1_column_missing              column=fdm_cos_gamma
2026-05-16 20:12:55 [warning  ] e1_column_missing              column=fdm_q_pa
2026-05-16 20:12:55 [warning  ] e1_column_missing              column=fdm_g_over_v
2026-05-16 20:12:55 [warning  ] e1_column_missing              column=fdm_lat_wind_ms
2026-05-16 20:12:55 [warning  ] e1_column_missing              column=fdm_drift_rad
2026-05-16 20:12:55 [warning  ] e1_column_missing              column=fdm_track_rad
2026-05-16 20:12:55 [warning  ] e1_column_missing              column=fdm_heading_diff_rad
2026-05-16 20:13:00 [warning  ] e1_column_missing              column=fdm_g_sin_gamma_ms2
2026-05-16 20:13:00 [warning  ] e1_column_missing              column=fdm_cos_gamma
2026-05-16 20:13:00 [warning  ] e1_column_missing              column=fdm_q_pa
2026-05-16 20:13:00 [warning  ] e1_column_missing              column=fdm_g_over_v
2026-05-16 20:13:00 [warning  ] e1_column_missing              column=fdm_lat_wind_ms
2026-05-16 20:13:00 [warning  ] e1_column_missing              column=fdm_drift_rad
2026-05-16 20:13:00 [warning  ] e1_column_missing              column=fdm_track_rad
2026-05-16 20:13:00 [warning  ] e1_column_missing              column=fdm_heading_diff_rad
2026-05-16 20:13:00 [info     ] data_loaded                    train_samples=23212 val_samples=3628
2026-05-16 20:13:16 [debug    ] meta_saved                     path=data/models/backbone_2_seed2/meta.json
2026-05-16 20:13:16 [info     ] trainer_initialized            architecture=node_adsb_v1 device=cuda train_samples=23212 val_samples=3628
2026-05-16 20:13:16 [info     ] preloading_data_to_gpu
2026-05-16 20:13:16 [debug    ] epoch_start                    epoch=1 total_epochs=50
/data/common/dataiku/config/projects/NODEFDM/lib/python/.venv/lib/python3.12/site-packages/torch/_inductor/compile_fx.py:321: UserWarning: TensorFloat32 tensor cores for float32 matrix multiplication available but not enabled. Consider setting `torch.set_float32_matmul_precision('high')` for better performance.
  warnings.warn(
2026-05-16 20:13:39 [info     ] debug_magnitudes               norm_mean=['8568.283203', '-0.001322', '213.622833', '3.253931'] norm_std=['2269.236084', '0.038830', '32.838379', '1.246786'] ode_loss=1.493363
W0516 20:20:26.327000 643392 torch/_dynamo/convert_frame.py:1676] [0/8] torch._dynamo hit config.recompile_limit (8)
W0516 20:20:26.327000 643392 torch/_dynamo/convert_frame.py:1676] [0/8]    function: 'forward' (/data/common/dataiku/config/projects/NODEFDM/lib/python/packages/node-fdm/src/node_fdm/models/fdm.py:181)
W0516 20:20:26.327000 643392 torch/_dynamo/convert_frame.py:1676] [0/8]    last reason: 0/7: tensor 'self.history['raw_alt_m']' size mismatch at index 1. expected 1, actual 2
W0516 20:20:26.327000 643392 torch/_dynamo/convert_frame.py:1676] [0/8] To log all recompilation reasons, use TORCH_LOGS="recompiles".
W0516 20:20:26.327000 643392 torch/_dynamo/convert_frame.py:1676] [0/8] To diagnose recompilation issues, see https://pytorch.org/docs/main/compile/programming_model.recompilation.html
2026-05-16 20:20:27 [debug    ] meta_saved                     path=data/models/backbone_2_seed2/meta.json
2026-05-16 20:20:27 [debug    ] model_saved                    epoch=1
2026-05-16 20:20:27 [info     ] epoch_complete                 epoch=1 is_best=True lr=0.0002080000000000004 total_epochs=50 train_loss=0.211449 val_loss=0.065232
2026-05-16 20:20:27 [debug    ] epoch_start                    epoch=2 total_epochs=50
2026-05-16 20:26:14 [debug    ] meta_saved                     path=data/models/backbone_2_seed2/meta.json
2026-05-16 20:26:14 [debug    ] model_saved                    epoch=2
2026-05-16 20:26:14 [info     ] epoch_complete                 epoch=2 is_best=True lr=0.0004060000000000004 total_epochs=50 train_loss=0.053458 val_loss=0.039133
2026-05-16 20:26:14 [debug    ] epoch_start                    epoch=3 total_epochs=50
2026-05-16 20:31:59 [debug    ] meta_saved                     path=data/models/backbone_2_seed2/meta.json
2026-05-16 20:31:59 [debug    ] model_saved                    epoch=3
2026-05-16 20:31:59 [info     ] epoch_complete                 epoch=3 is_best=True lr=0.0006040000000000011 total_epochs=50 train_loss=0.040066 val_loss=0.034136
2026-05-16 20:31:59 [debug    ] epoch_start                    epoch=4 total_epochs=50
2026-05-16 20:37:42 [debug    ] meta_saved                     path=data/models/backbone_2_seed2/meta.json
2026-05-16 20:37:42 [debug    ] model_saved                    epoch=4
2026-05-16 20:37:42 [info     ] epoch_complete                 epoch=4 is_best=True lr=0.000801999999999999 total_epochs=50 train_loss=0.036589 val_loss=0.031621
2026-05-16 20:37:42 [debug    ] epoch_start                    epoch=5 total_epochs=50
2026-05-16 20:43:27 [debug    ] meta_saved                     path=data/models/backbone_2_seed2/meta.json
2026-05-16 20:43:27 [debug    ] model_saved                    epoch=5
2026-05-16 20:43:27 [info     ] epoch_complete                 epoch=5 is_best=True lr=0.001 total_epochs=50 train_loss=0.035471 val_loss=0.031395
2026-05-16 20:43:27 [debug    ] epoch_start                    epoch=6 total_epochs=50
2026-05-16 20:49:11 [debug    ] meta_saved                     path=data/models/backbone_2_seed2/meta.json
2026-05-16 20:49:11 [debug    ] model_saved                    epoch=6
2026-05-16 20:49:11 [info     ] epoch_complete                 epoch=6 is_best=True lr=0.0009779999999999947 total_epochs=50 train_loss=0.034384 val_loss=0.029943
2026-05-16 20:49:11 [debug    ] epoch_start                    epoch=7 total_epochs=50
2026-05-16 20:54:55 [info     ] epoch_complete                 epoch=7 is_best=False lr=0.0009559999999999942 total_epochs=50 train_loss=0.033794 val_loss=0.030254
2026-05-16 20:54:55 [debug    ] epoch_start                    epoch=8 total_epochs=50
2026-05-16 21:00:39 [debug    ] meta_saved                     path=data/models/backbone_2_seed2/meta.json
2026-05-16 21:00:39 [debug    ] model_saved                    epoch=8
2026-05-16 21:00:39 [info     ] epoch_complete                 epoch=8 is_best=True lr=0.0009339999999999934 total_epochs=50 train_loss=0.033351 val_loss=0.029605
2026-05-16 21:00:39 [debug    ] epoch_start                    epoch=9 total_epochs=50
2026-05-16 21:06:26 [info     ] epoch_complete                 epoch=9 is_best=False lr=0.0009119999999999924 total_epochs=50 train_loss=0.032865 val_loss=0.030319
2026-05-16 21:06:26 [debug    ] epoch_start                    epoch=10 total_epochs=50
2026-05-16 21:12:11 [debug    ] meta_saved                     path=data/models/backbone_2_seed2/meta.json
2026-05-16 21:12:11 [debug    ] model_saved                    epoch=10
2026-05-16 21:12:11 [info     ] epoch_complete                 epoch=10 is_best=True lr=0.0008899999999999917 total_epochs=50 train_loss=0.032308 val_loss=0.029104
2026-05-16 21:12:11 [debug    ] epoch_start                    epoch=11 total_epochs=50
2026-05-16 21:17:56 [debug    ] meta_saved                     path=data/models/backbone_2_seed2/meta.json
2026-05-16 21:17:56 [debug    ] model_saved                    epoch=11
2026-05-16 21:17:56 [info     ] epoch_complete                 epoch=11 is_best=True lr=0.0008679999999999905 total_epochs=50 train_loss=0.033478 val_loss=0.029001
2026-05-16 21:17:56 [debug    ] epoch_start                    epoch=12 total_epochs=50
2026-05-16 21:23:40 [debug    ] meta_saved                     path=data/models/backbone_2_seed2/meta.json
2026-05-16 21:23:40 [debug    ] model_saved                    epoch=12
2026-05-16 21:23:40 [info     ] epoch_complete                 epoch=12 is_best=True lr=0.000845999999999989 total_epochs=50 train_loss=0.032108 val_loss=0.028613
2026-05-16 21:23:40 [debug    ] epoch_start                    epoch=13 total_epochs=50
2026-05-16 21:29:21 [info     ] epoch_complete                 epoch=13 is_best=False lr=0.0008239999999999856 total_epochs=50 train_loss=0.031582 val_loss=0.02905
2026-05-16 21:29:21 [debug    ] epoch_start                    epoch=14 total_epochs=50
2026-05-16 21:35:05 [info     ] epoch_complete                 epoch=14 is_best=False lr=0.0008019999999999825 total_epochs=50 train_loss=0.031981 val_loss=0.029872
2026-05-16 21:35:05 [debug    ] epoch_start                    epoch=15 total_epochs=50
2026-05-16 21:40:49 [debug    ] meta_saved                     path=data/models/backbone_2_seed2/meta.json
2026-05-16 21:40:49 [debug    ] model_saved                    epoch=15
2026-05-16 21:40:49 [info     ] epoch_complete                 epoch=15 is_best=True lr=0.0007799999999999793 total_epochs=50 train_loss=0.031689 val_loss=0.028576
2026-05-16 21:40:49 [debug    ] epoch_start                    epoch=16 total_epochs=50
2026-05-16 21:46:32 [info     ] epoch_complete                 epoch=16 is_best=False lr=0.0007579999999999761 total_epochs=50 train_loss=0.032192 val_loss=0.038525
2026-05-16 21:46:32 [debug    ] epoch_start                    epoch=17 total_epochs=50
2026-05-16 21:52:17 [debug    ] meta_saved                     path=data/models/backbone_2_seed2/meta.json
2026-05-16 21:52:17 [debug    ] model_saved                    epoch=17
2026-05-16 21:52:17 [info     ] epoch_complete                 epoch=17 is_best=True lr=0.0007359999999999731 total_epochs=50 train_loss=0.032176 val_loss=0.028378
2026-05-16 21:52:17 [debug    ] epoch_start                    epoch=18 total_epochs=50
2026-05-16 21:57:56 [info     ] epoch_complete                 epoch=18 is_best=False lr=0.0007139999999999699 total_epochs=50 train_loss=0.032467 val_loss=0.029244
2026-05-16 21:57:56 [debug    ] epoch_start                    epoch=19 total_epochs=50
2026-05-16 22:03:39 [debug    ] meta_saved                     path=data/models/backbone_2_seed2/meta.json
2026-05-16 22:03:39 [debug    ] model_saved                    epoch=19
2026-05-16 22:03:39 [info     ] epoch_complete                 epoch=19 is_best=True lr=0.0006919999999999653 total_epochs=50 train_loss=0.030957 val_loss=0.028228
2026-05-16 22:03:39 [debug    ] epoch_start                    epoch=20 total_epochs=50
2026-05-16 22:09:19 [debug    ] meta_saved                     path=data/models/backbone_2_seed2/meta.json
2026-05-16 22:09:19 [debug    ] model_saved                    epoch=20
2026-05-16 22:09:19 [info     ] epoch_complete                 epoch=20 is_best=True lr=0.0006699999999999609 total_epochs=50 train_loss=0.030747 val_loss=0.02799
2026-05-16 22:09:19 [debug    ] epoch_start                    epoch=21 total_epochs=50
2026-05-16 22:15:02 [info     ] epoch_complete                 epoch=21 is_best=False lr=0.0006479999999999558 total_epochs=50 train_loss=0.03067 val_loss=0.028735
2026-05-16 22:15:02 [debug    ] epoch_start                    epoch=22 total_epochs=50
2026-05-16 22:20:45 [debug    ] meta_saved                     path=data/models/backbone_2_seed2/meta.json
2026-05-16 22:20:45 [debug    ] model_saved                    epoch=22
2026-05-16 22:20:45 [info     ] epoch_complete                 epoch=22 is_best=True lr=0.0006259999999999505 total_epochs=50 train_loss=0.030555 val_loss=0.027642
2026-05-16 22:20:45 [debug    ] epoch_start                    epoch=23 total_epochs=50
2026-05-16 22:26:27 [info     ] epoch_complete                 epoch=23 is_best=False lr=0.0006039999999999452 total_epochs=50 train_loss=0.03006 val_loss=0.027838
2026-05-16 22:26:27 [debug    ] epoch_start                    epoch=24 total_epochs=50
2026-05-16 22:32:09 [info     ] epoch_complete                 epoch=24 is_best=False lr=0.0005819999999999399 total_epochs=50 train_loss=0.029953 val_loss=0.027887
2026-05-16 22:32:09 [debug    ] epoch_start                    epoch=25 total_epochs=50
2026-05-16 22:37:50 [debug    ] meta_saved                     path=data/models/backbone_2_seed2/meta.json
2026-05-16 22:37:50 [debug    ] model_saved                    epoch=25
2026-05-16 22:37:50 [info     ] epoch_complete                 epoch=25 is_best=True lr=0.0005599999999999346 total_epochs=50 train_loss=0.030163 val_loss=0.027414
2026-05-16 22:37:50 [debug    ] epoch_start                    epoch=26 total_epochs=50
2026-05-16 22:43:37 [info     ] epoch_complete                 epoch=26 is_best=False lr=0.0005379999999999293 total_epochs=50 train_loss=0.846426 val_loss=2.567632
2026-05-16 22:43:37 [debug    ] epoch_start                    epoch=27 total_epochs=50
2026-05-16 22:49:20 [info     ] epoch_complete                 epoch=27 is_best=False lr=0.000515999999999924 total_epochs=50 train_loss=2.612325 val_loss=2.577047
2026-05-16 22:49:20 [debug    ] epoch_start                    epoch=28 total_epochs=50
2026-05-16 22:55:02 [info     ] epoch_complete                 epoch=28 is_best=False lr=0.0004939999999999187 total_epochs=50 train_loss=2.732741 val_loss=2.694377
2026-05-16 22:55:02 [debug    ] epoch_start                    epoch=29 total_epochs=50
2026-05-16 23:00:44 [info     ] epoch_complete                 epoch=29 is_best=False lr=0.00047199999999991997 total_epochs=50 train_loss=2.63471 val_loss=2.736806
2026-05-16 23:00:44 [debug    ] epoch_start                    epoch=30 total_epochs=50
2026-05-16 23:06:25 [info     ] epoch_complete                 epoch=30 is_best=False lr=0.00044999999999992393 total_epochs=50 train_loss=2.707928 val_loss=2.657102
2026-05-16 23:06:25 [debug    ] epoch_start                    epoch=31 total_epochs=50
2026-05-16 23:12:09 [info     ] epoch_complete                 epoch=31 is_best=False lr=0.0004279999999999269 total_epochs=50 train_loss=2.763607 val_loss=2.855132
2026-05-16 23:12:09 [debug    ] epoch_start                    epoch=32 total_epochs=50
2026-05-16 23:17:55 [info     ] epoch_complete                 epoch=32 is_best=False lr=0.0004059999999999309 total_epochs=50 train_loss=2.795421 val_loss=2.72062
2026-05-16 23:17:55 [debug    ] epoch_start                    epoch=33 total_epochs=50
2026-05-16 23:23:41 [info     ] epoch_complete                 epoch=33 is_best=False lr=0.0003839999999999346 total_epochs=50 train_loss=2.718023 val_loss=2.693802
2026-05-16 23:23:41 [debug    ] epoch_start                    epoch=34 total_epochs=50
2026-05-16 23:29:27 [info     ] epoch_complete                 epoch=34 is_best=False lr=0.0003619999999999374 total_epochs=50 train_loss=2.71496 val_loss=2.743765
2026-05-16 23:29:27 [debug    ] epoch_start                    epoch=35 total_epochs=50
2026-05-16 23:35:13 [info     ] epoch_complete                 epoch=35 is_best=False lr=0.0003399999999999421 total_epochs=50 train_loss=2.717928 val_loss=2.733982
2026-05-16 23:35:13 [debug    ] epoch_start                    epoch=36 total_epochs=50
2026-05-16 23:40:57 [info     ] epoch_complete                 epoch=36 is_best=False lr=0.00031799999999994485 total_epochs=50 train_loss=2.719639 val_loss=2.673971
2026-05-16 23:40:57 [debug    ] epoch_start                    epoch=37 total_epochs=50
2026-05-16 23:46:40 [info     ] epoch_complete                 epoch=37 is_best=False lr=0.00029599999999994756 total_epochs=50 train_loss=2.679779 val_loss=2.75819
2026-05-16 23:46:40 [debug    ] epoch_start                    epoch=38 total_epochs=50
2026-05-16 23:52:21 [info     ] epoch_complete                 epoch=38 is_best=False lr=0.0002739999999999507 total_epochs=50 train_loss=2.706875 val_loss=2.724223
2026-05-16 23:52:21 [debug    ] epoch_start                    epoch=39 total_epochs=50
2026-05-16 23:58:05 [info     ] epoch_complete                 epoch=39 is_best=False lr=0.0002519999999999539 total_epochs=50 train_loss=2.694046 val_loss=2.671865
2026-05-16 23:58:05 [debug    ] epoch_start                    epoch=40 total_epochs=50
2026-05-17 00:03:47 [info     ] epoch_complete                 epoch=40 is_best=False lr=0.00022999999999995737 total_epochs=50 train_loss=2.677518 val_loss=2.667686
2026-05-17 00:03:47 [debug    ] epoch_start                    epoch=41 total_epochs=50
2026-05-17 00:09:31 [info     ] epoch_complete                 epoch=41 is_best=False lr=0.00020799999999996188 total_epochs=50 train_loss=2.694123 val_loss=2.69419
2026-05-17 00:09:31 [debug    ] epoch_start                    epoch=42 total_epochs=50
2026-05-17 00:15:15 [info     ] epoch_complete                 epoch=42 is_best=False lr=0.0001859999999999664 total_epochs=50 train_loss=2.691397 val_loss=2.791727
2026-05-17 00:15:15 [debug    ] epoch_start                    epoch=43 total_epochs=50
2026-05-17 00:20:57 [info     ] epoch_complete                 epoch=43 is_best=False lr=0.00016399999999997095 total_epochs=50 train_loss=2.798418 val_loss=2.81549
2026-05-17 00:20:57 [debug    ] epoch_start                    epoch=44 total_epochs=50
2026-05-17 00:26:36 [info     ] epoch_complete                 epoch=44 is_best=False lr=0.00014199999999997548 total_epochs=50 train_loss=2.815198 val_loss=2.826674
2026-05-17 00:26:36 [debug    ] epoch_start                    epoch=45 total_epochs=50
2026-05-17 00:33:13 [info     ] epoch_complete                 epoch=45 is_best=False lr=0.00011999999999997995 total_epochs=50 train_loss=2.814047 val_loss=2.82476
2026-05-17 00:33:13 [debug    ] epoch_start                    epoch=46 total_epochs=50
2026-05-17 00:42:41 [info     ] epoch_complete                 epoch=46 is_best=False lr=9.799999999998395e-05 total_epochs=50 train_loss=2.813271 val_loss=2.827868
2026-05-17 00:42:41 [debug    ] epoch_start                    epoch=47 total_epochs=50
2026-05-17 00:52:19 [info     ] epoch_complete                 epoch=47 is_best=False lr=7.599999999998802e-05 total_epochs=50 train_loss=2.821941 val_loss=2.832392
2026-05-17 00:52:19 [debug    ] epoch_start                    epoch=48 total_epochs=50
2026-05-17 01:00:44 [info     ] epoch_complete                 epoch=48 is_best=False lr=5.399999999999204e-05 total_epochs=50 train_loss=2.81926 val_loss=2.813083
2026-05-17 01:00:44 [debug    ] epoch_start                    epoch=49 total_epochs=50
2026-05-17 01:06:34 [info     ] epoch_complete                 epoch=49 is_best=False lr=3.199999999999529e-05 total_epochs=50 train_loss=2.811648 val_loss=2.823644
2026-05-17 01:06:34 [debug    ] epoch_start                    epoch=50 total_epochs=50
2026-05-17 01:12:22 [info     ] epoch_complete                 epoch=50 is_best=False lr=9.999999999998564e-06 total_epochs=50 train_loss=2.81407 val_loss=2.821914
2026-05-17 01:12:22 [info     ] training_log_saved             path=data/models/backbone_2_seed2/training_losses.csv
2026-05-17 01:12:22 [info     ] training_complete              best_val_loss=0.027414
2026-05-17 01:12:22 [info     ] train_typecode_done            typecode=A320
2026-05-17 01:12:22 [info     ] train_done                     typecodes=['A320']

$ uv run fdm train --arch adsb --config results_run2/backbone_2_seed2/config.yaml --model-name backbone_2_seed2 --epochs 50 --batch-size 64 --lr 0.001 --method rk4 --seq-len 60 --train-limit 5000 --activation relu --seed 2 --backbone-depth 2 --head-depth 2 --hidden-width 48 --device cuda --no-use-mode-weights
