2026-05-16 19:58:59 [info     ] evaluate_start                 arch=adsb typecodes=['A320']
2026-05-16 19:58:59 [info     ] evaluate_typecode              flights=542 typecode=A320
2026-05-16 19:59:15 [info     ] evaluate_done                  output=data/model_performance/hidden_24_seed0/performance.parquet rows=16
shape: (16, 11)
┌──────────┬─────────────────────────┬──────────────┬───────┬─────────┬──────────┬──────────┬──────────┬─────────┬──────────┬────────┐
│ Aircraft ┆ Variable                ┆ Phase        ┆ Model ┆ MAE     ┆ MAE_std  ┆ MAPE (%) ┆ MAPE_std ┆ ME      ┆ ME_std   ┆ Count  │
│ ---      ┆ ---                     ┆ ---          ┆ ---   ┆ ---     ┆ ---      ┆ ---      ┆ ---      ┆ ---     ┆ ---      ┆ ---    │
│ str      ┆ str                     ┆ str          ┆ str   ┆ f64     ┆ f64      ┆ f64      ┆ f64      ┆ f64     ┆ f64      ┆ i64    │
╞══════════╪═════════════════════════╪══════════════╪═══════╪═════════╪══════════╪══════════╪══════════╪═════════╪══════════╪════════╡
│ A320     ┆ Altitude [m]            ┆ All phases   ┆ PRED  ┆ 247.220 ┆ 598.470  ┆ 5.525    ┆ 18.837   ┆ 119.537 ┆ 636.392  ┆ 478843 │
│ A320     ┆ Altitude [m]            ┆ Climb        ┆ PRED  ┆ 799.539 ┆ 1058.393 ┆ 17.832   ┆ 36.652   ┆ 606.575 ┆ 1179.630 ┆ 90018  │
│ A320     ┆ Altitude [m]            ┆ Level flight ┆ PRED  ┆ 48.852  ┆ 171.234  ┆ 0.740    ┆ 5.410    ┆ -14.725 ┆ 177.457  ┆ 296839 │
│ A320     ┆ Altitude [m]            ┆ Descent      ┆ PRED  ┆ 346.851 ┆ 488.039  ┆ 8.924    ┆ 14.295   ┆ 76.182  ┆ 593.872  ┆ 91986  │
│ A320     ┆ Flight path angle [deg] ┆ All phases   ┆ PRED  ┆ 0.284   ┆ 0.607    ┆ NaN      ┆ NaN      ┆ -0.059  ┆ 0.668    ┆ 478843 │
│ A320     ┆ Flight path angle [deg] ┆ Climb        ┆ PRED  ┆ 0.720   ┆ 0.948    ┆ NaN      ┆ NaN      ┆ -0.415  ┆ 1.116    ┆ 90018  │
│ A320     ┆ Flight path angle [deg] ┆ Level flight ┆ PRED  ┆ 0.077   ┆ 0.252    ┆ NaN      ┆ NaN      ┆ -0.009  ┆ 0.264    ┆ 296839 │
│ A320     ┆ Flight path angle [deg] ┆ Descent      ┆ PRED  ┆ 0.527   ┆ 0.672    ┆ NaN      ┆ NaN      ┆ 0.130   ┆ 0.844    ┆ 91986  │
│ A320     ┆ Heading [deg]           ┆ All phases   ┆ PRED  ┆ 2.021   ┆ 6.922    ┆ NaN      ┆ NaN      ┆ 0.388   ┆ 7.200    ┆ 478843 │
│ A320     ┆ Heading [deg]           ┆ Climb        ┆ PRED  ┆ 2.396   ┆ 7.126    ┆ NaN      ┆ NaN      ┆ 0.514   ┆ 7.500    ┆ 90018  │
│ A320     ┆ Heading [deg]           ┆ Level flight ┆ PRED  ┆ 1.719   ┆ 6.500    ┆ NaN      ┆ NaN      ┆ 0.226   ┆ 6.720    ┆ 296839 │
│ A320     ┆ Heading [deg]           ┆ Descent      ┆ PRED  ┆ 2.627   ┆ 7.911    ┆ NaN      ┆ NaN      ┆ 0.790   ┆ 8.298    ┆ 91986  │
│ A320     ┆ True airspeed [m/s]     ┆ All phases   ┆ PRED  ┆ 3.087   ┆ 7.886    ┆ 1.810    ┆ 6.501    ┆ 0.879   ┆ 8.423    ┆ 478843 │
│ A320     ┆ True airspeed [m/s]     ┆ Climb        ┆ PRED  ┆ 6.087   ┆ 14.132   ┆ 3.868    ┆ 11.135   ┆ 4.099   ┆ 14.831   ┆ 90018  │
│ A320     ┆ True airspeed [m/s]     ┆ Level flight ┆ PRED  ┆ 1.886   ┆ 4.480    ┆ 0.975    ┆ 4.624    ┆ 0.163   ┆ 4.859    ┆ 296839 │
│ A320     ┆ True airspeed [m/s]     ┆ Descent      ┆ PRED  ┆ 4.024   ┆ 7.014    ┆ 2.491    ┆ 4.778    ┆ 0.037   ┆ 8.086    ┆ 91986  │
└──────────┴─────────────────────────┴──────────────┴───────┴─────────┴──────────┴──────────┴──────────┴─────────┴──────────┴────────┘

$ uv run fdm evaluate --arch adsb --config results_run2/hidden_24_seed0/config.yaml --model-name hidden_24_seed0
