2026-05-16 13:09:55 [info     ] train_start                    arch=adsb device=cuda typecodes=['A320']
2026-05-16 13:09:55 [info     ] train_typecode                 typecode=A320
2026-05-16 13:09:55 [info     ] loading_data                   train_flights=1594 val_flights=247
2026-05-16 13:09:55 [warning  ] e1_column_missing              column=fdm_g_sin_gamma_ms2
2026-05-16 13:09:55 [warning  ] e1_column_missing              column=fdm_cos_gamma
2026-05-16 13:09:55 [warning  ] e1_column_missing              column=fdm_q_pa
2026-05-16 13:09:55 [warning  ] e1_column_missing              column=fdm_g_over_v
2026-05-16 13:09:55 [warning  ] e1_column_missing              column=fdm_lat_wind_ms
2026-05-16 13:09:55 [warning  ] e1_column_missing              column=fdm_drift_rad
2026-05-16 13:09:55 [warning  ] e1_column_missing              column=fdm_track_rad
2026-05-16 13:09:55 [warning  ] e1_column_missing              column=fdm_heading_diff_rad
2026-05-16 13:10:00 [warning  ] e1_column_missing              column=fdm_g_sin_gamma_ms2
2026-05-16 13:10:00 [warning  ] e1_column_missing              column=fdm_cos_gamma
2026-05-16 13:10:00 [warning  ] e1_column_missing              column=fdm_q_pa
2026-05-16 13:10:00 [warning  ] e1_column_missing              column=fdm_g_over_v
2026-05-16 13:10:00 [warning  ] e1_column_missing              column=fdm_lat_wind_ms
2026-05-16 13:10:00 [warning  ] e1_column_missing              column=fdm_drift_rad
2026-05-16 13:10:00 [warning  ] e1_column_missing              column=fdm_track_rad
2026-05-16 13:10:00 [warning  ] e1_column_missing              column=fdm_heading_diff_rad
2026-05-16 13:10:00 [info     ] data_loaded                    train_samples=23212 val_samples=3628
2026-05-16 13:10:16 [debug    ] meta_saved                     path=data/models/hidden_24_seed0/meta.json
2026-05-16 13:10:16 [info     ] trainer_initialized            architecture=node_adsb_v1 device=cuda train_samples=23212 val_samples=3628
2026-05-16 13:10:16 [info     ] preloading_data_to_gpu
2026-05-16 13:10:16 [debug    ] epoch_start                    epoch=1 total_epochs=50
/data/common/dataiku/config/projects/NODEFDM/lib/python/.venv/lib/python3.12/site-packages/torch/_inductor/compile_fx.py:321: UserWarning: TensorFloat32 tensor cores for float32 matrix multiplication available but not enabled. Consider setting `torch.set_float32_matmul_precision('high')` for better performance.
  warnings.warn(
2026-05-16 13:10:39 [info     ] debug_magnitudes               norm_mean=['8568.283203', '-0.001322', '213.622833', '3.253931'] norm_std=['2269.236084', '0.038830', '32.838379', '1.246786'] ode_loss=0.902837
W0516 13:17:42.144000 539638 torch/_dynamo/convert_frame.py:1676] [0/8] torch._dynamo hit config.recompile_limit (8)
W0516 13:17:42.144000 539638 torch/_dynamo/convert_frame.py:1676] [0/8]    function: 'forward' (/data/common/dataiku/config/projects/NODEFDM/lib/python/packages/node-fdm/src/node_fdm/models/fdm.py:181)
W0516 13:17:42.144000 539638 torch/_dynamo/convert_frame.py:1676] [0/8]    last reason: 0/7: tensor 'self.history['raw_alt_m']' size mismatch at index 1. expected 1, actual 2
W0516 13:17:42.144000 539638 torch/_dynamo/convert_frame.py:1676] [0/8] To log all recompilation reasons, use TORCH_LOGS="recompiles".
W0516 13:17:42.144000 539638 torch/_dynamo/convert_frame.py:1676] [0/8] To diagnose recompilation issues, see https://pytorch.org/docs/main/compile/programming_model.recompilation.html
2026-05-16 13:17:43 [debug    ] meta_saved                     path=data/models/hidden_24_seed0/meta.json
2026-05-16 13:17:43 [debug    ] model_saved                    epoch=1
2026-05-16 13:17:43 [info     ] epoch_complete                 epoch=1 is_best=True lr=0.0002080000000000004 total_epochs=50 train_loss=0.266217 val_loss=0.111773
2026-05-16 13:17:43 [debug    ] epoch_start                    epoch=2 total_epochs=50
2026-05-16 13:23:30 [debug    ] meta_saved                     path=data/models/hidden_24_seed0/meta.json
2026-05-16 13:23:30 [debug    ] model_saved                    epoch=2
2026-05-16 13:23:30 [info     ] epoch_complete                 epoch=2 is_best=True lr=0.0004060000000000004 total_epochs=50 train_loss=0.078902 val_loss=0.053632
2026-05-16 13:23:30 [debug    ] epoch_start                    epoch=3 total_epochs=50
2026-05-16 13:29:20 [debug    ] meta_saved                     path=data/models/hidden_24_seed0/meta.json
2026-05-16 13:29:20 [debug    ] model_saved                    epoch=3
2026-05-16 13:29:20 [info     ] epoch_complete                 epoch=3 is_best=True lr=0.0006040000000000011 total_epochs=50 train_loss=0.048768 val_loss=0.037423
2026-05-16 13:29:20 [debug    ] epoch_start                    epoch=4 total_epochs=50
2026-05-16 13:35:11 [debug    ] meta_saved                     path=data/models/hidden_24_seed0/meta.json
2026-05-16 13:35:11 [debug    ] model_saved                    epoch=4
2026-05-16 13:35:11 [info     ] epoch_complete                 epoch=4 is_best=True lr=0.000801999999999999 total_epochs=50 train_loss=0.039353 val_loss=0.033905
2026-05-16 13:35:11 [debug    ] epoch_start                    epoch=5 total_epochs=50
2026-05-16 13:41:01 [debug    ] meta_saved                     path=data/models/hidden_24_seed0/meta.json
2026-05-16 13:41:01 [debug    ] model_saved                    epoch=5
2026-05-16 13:41:01 [info     ] epoch_complete                 epoch=5 is_best=True lr=0.001 total_epochs=50 train_loss=0.036961 val_loss=0.032202
2026-05-16 13:41:01 [debug    ] epoch_start                    epoch=6 total_epochs=50
2026-05-16 13:46:48 [debug    ] meta_saved                     path=data/models/hidden_24_seed0/meta.json
2026-05-16 13:46:48 [debug    ] model_saved                    epoch=6
2026-05-16 13:46:48 [info     ] epoch_complete                 epoch=6 is_best=True lr=0.0009779999999999947 total_epochs=50 train_loss=0.039275 val_loss=0.031514
2026-05-16 13:46:48 [debug    ] epoch_start                    epoch=7 total_epochs=50
2026-05-16 13:52:39 [info     ] epoch_complete                 epoch=7 is_best=False lr=0.0009559999999999942 total_epochs=50 train_loss=0.042077 val_loss=0.033367
2026-05-16 13:52:39 [debug    ] epoch_start                    epoch=8 total_epochs=50
2026-05-16 13:58:29 [info     ] epoch_complete                 epoch=8 is_best=False lr=0.0009339999999999934 total_epochs=50 train_loss=0.035683 val_loss=0.031628
2026-05-16 13:58:29 [debug    ] epoch_start                    epoch=9 total_epochs=50
2026-05-16 14:04:20 [debug    ] meta_saved                     path=data/models/hidden_24_seed0/meta.json
2026-05-16 14:04:20 [debug    ] model_saved                    epoch=9
2026-05-16 14:04:20 [info     ] epoch_complete                 epoch=9 is_best=True lr=0.0009119999999999924 total_epochs=50 train_loss=0.034344 val_loss=0.030572
2026-05-16 14:04:20 [debug    ] epoch_start                    epoch=10 total_epochs=50
2026-05-16 14:10:08 [info     ] epoch_complete                 epoch=10 is_best=False lr=0.0008899999999999917 total_epochs=50 train_loss=0.034185 val_loss=0.032342
2026-05-16 14:10:08 [debug    ] epoch_start                    epoch=11 total_epochs=50
2026-05-16 14:15:59 [info     ] epoch_complete                 epoch=11 is_best=False lr=0.0008679999999999905 total_epochs=50 train_loss=0.040888 val_loss=0.032695
2026-05-16 14:15:59 [debug    ] epoch_start                    epoch=12 total_epochs=50
2026-05-16 14:21:51 [debug    ] meta_saved                     path=data/models/hidden_24_seed0/meta.json
2026-05-16 14:21:51 [debug    ] model_saved                    epoch=12
2026-05-16 14:21:51 [info     ] epoch_complete                 epoch=12 is_best=True lr=0.000845999999999989 total_epochs=50 train_loss=0.037291 val_loss=0.030537
2026-05-16 14:21:51 [debug    ] epoch_start                    epoch=13 total_epochs=50
2026-05-16 14:27:40 [debug    ] meta_saved                     path=data/models/hidden_24_seed0/meta.json
2026-05-16 14:27:40 [debug    ] model_saved                    epoch=13
2026-05-16 14:27:40 [info     ] epoch_complete                 epoch=13 is_best=True lr=0.0008239999999999856 total_epochs=50 train_loss=0.033571 val_loss=0.030295
2026-05-16 14:27:40 [debug    ] epoch_start                    epoch=14 total_epochs=50
2026-05-16 14:33:31 [debug    ] meta_saved                     path=data/models/hidden_24_seed0/meta.json
2026-05-16 14:33:31 [debug    ] model_saved                    epoch=14
2026-05-16 14:33:31 [info     ] epoch_complete                 epoch=14 is_best=True lr=0.0008019999999999825 total_epochs=50 train_loss=0.033148 val_loss=0.029959
2026-05-16 14:33:31 [debug    ] epoch_start                    epoch=15 total_epochs=50
2026-05-16 14:39:22 [debug    ] meta_saved                     path=data/models/hidden_24_seed0/meta.json
2026-05-16 14:39:22 [debug    ] model_saved                    epoch=15
2026-05-16 14:39:22 [info     ] epoch_complete                 epoch=15 is_best=True lr=0.0007799999999999793 total_epochs=50 train_loss=0.033016 val_loss=0.029888
2026-05-16 14:39:22 [debug    ] epoch_start                    epoch=16 total_epochs=50
2026-05-16 14:45:12 [debug    ] meta_saved                     path=data/models/hidden_24_seed0/meta.json
2026-05-16 14:45:12 [debug    ] model_saved                    epoch=16
2026-05-16 14:45:12 [info     ] epoch_complete                 epoch=16 is_best=True lr=0.0007579999999999761 total_epochs=50 train_loss=0.032612 val_loss=0.029686
2026-05-16 14:45:12 [debug    ] epoch_start                    epoch=17 total_epochs=50
2026-05-16 14:51:05 [info     ] epoch_complete                 epoch=17 is_best=False lr=0.0007359999999999731 total_epochs=50 train_loss=0.034204 val_loss=0.030866
2026-05-16 14:51:05 [debug    ] epoch_start                    epoch=18 total_epochs=50
2026-05-16 14:56:55 [info     ] epoch_complete                 epoch=18 is_best=False lr=0.0007139999999999699 total_epochs=50 train_loss=0.032749 val_loss=0.029747
2026-05-16 14:56:55 [debug    ] epoch_start                    epoch=19 total_epochs=50
2026-05-16 15:02:45 [debug    ] meta_saved                     path=data/models/hidden_24_seed0/meta.json
2026-05-16 15:02:45 [debug    ] model_saved                    epoch=19
2026-05-16 15:02:45 [info     ] epoch_complete                 epoch=19 is_best=True lr=0.0006919999999999653 total_epochs=50 train_loss=0.032436 val_loss=0.029258
2026-05-16 15:02:45 [debug    ] epoch_start                    epoch=20 total_epochs=50
2026-05-16 15:08:38 [debug    ] meta_saved                     path=data/models/hidden_24_seed0/meta.json
2026-05-16 15:08:38 [debug    ] model_saved                    epoch=20
2026-05-16 15:08:38 [info     ] epoch_complete                 epoch=20 is_best=True lr=0.0006699999999999609 total_epochs=50 train_loss=0.032107 val_loss=0.029054
2026-05-16 15:08:38 [debug    ] epoch_start                    epoch=21 total_epochs=50
2026-05-16 15:14:29 [debug    ] meta_saved                     path=data/models/hidden_24_seed0/meta.json
2026-05-16 15:14:29 [debug    ] model_saved                    epoch=21
2026-05-16 15:14:29 [info     ] epoch_complete                 epoch=21 is_best=True lr=0.0006479999999999558 total_epochs=50 train_loss=0.032105 val_loss=0.028967
2026-05-16 15:14:29 [debug    ] epoch_start                    epoch=22 total_epochs=50
2026-05-16 15:20:19 [info     ] epoch_complete                 epoch=22 is_best=False lr=0.0006259999999999505 total_epochs=50 train_loss=0.031994 val_loss=0.029503
2026-05-16 15:20:19 [debug    ] epoch_start                    epoch=23 total_epochs=50
2026-05-16 15:26:10 [info     ] epoch_complete                 epoch=23 is_best=False lr=0.0006039999999999452 total_epochs=50 train_loss=0.031827 val_loss=0.031277
2026-05-16 15:26:10 [debug    ] epoch_start                    epoch=24 total_epochs=50
2026-05-16 15:32:01 [info     ] epoch_complete                 epoch=24 is_best=False lr=0.0005819999999999399 total_epochs=50 train_loss=0.031845 val_loss=0.029239
2026-05-16 15:32:01 [debug    ] epoch_start                    epoch=25 total_epochs=50
2026-05-16 15:37:50 [debug    ] meta_saved                     path=data/models/hidden_24_seed0/meta.json
2026-05-16 15:37:50 [debug    ] model_saved                    epoch=25
2026-05-16 15:37:50 [info     ] epoch_complete                 epoch=25 is_best=True lr=0.0005599999999999346 total_epochs=50 train_loss=0.031844 val_loss=0.028832
2026-05-16 15:37:50 [debug    ] epoch_start                    epoch=26 total_epochs=50
2026-05-16 15:43:41 [info     ] epoch_complete                 epoch=26 is_best=False lr=0.0005379999999999293 total_epochs=50 train_loss=0.031593 val_loss=0.029006
2026-05-16 15:43:41 [debug    ] epoch_start                    epoch=27 total_epochs=50
2026-05-16 15:49:32 [info     ] epoch_complete                 epoch=27 is_best=False lr=0.000515999999999924 total_epochs=50 train_loss=0.050182 val_loss=0.081019
2026-05-16 15:49:32 [debug    ] epoch_start                    epoch=28 total_epochs=50
2026-05-16 15:56:28 [info     ] epoch_complete                 epoch=28 is_best=False lr=0.0004939999999999187 total_epochs=50 train_loss=0.053938 val_loss=0.039208
2026-05-16 15:56:28 [debug    ] epoch_start                    epoch=29 total_epochs=50
2026-05-16 16:02:19 [info     ] epoch_complete                 epoch=29 is_best=False lr=0.00047199999999991997 total_epochs=50 train_loss=0.045222 val_loss=0.039916
2026-05-16 16:02:19 [debug    ] epoch_start                    epoch=30 total_epochs=50
2026-05-16 16:08:13 [info     ] epoch_complete                 epoch=30 is_best=False lr=0.00044999999999992393 total_epochs=50 train_loss=0.042217 val_loss=0.035346
2026-05-16 16:08:13 [debug    ] epoch_start                    epoch=31 total_epochs=50
2026-05-16 16:14:06 [info     ] epoch_complete                 epoch=31 is_best=False lr=0.0004279999999999269 total_epochs=50 train_loss=0.038488 val_loss=0.034542
2026-05-16 16:14:06 [debug    ] epoch_start                    epoch=32 total_epochs=50
2026-05-16 16:19:55 [info     ] epoch_complete                 epoch=32 is_best=False lr=0.0004059999999999309 total_epochs=50 train_loss=0.039248 val_loss=0.033447
2026-05-16 16:19:55 [debug    ] epoch_start                    epoch=33 total_epochs=50
2026-05-16 16:25:40 [info     ] epoch_complete                 epoch=33 is_best=False lr=0.0003839999999999346 total_epochs=50 train_loss=0.038762 val_loss=0.035426
2026-05-16 16:25:40 [debug    ] epoch_start                    epoch=34 total_epochs=50
2026-05-16 16:31:31 [info     ] epoch_complete                 epoch=34 is_best=False lr=0.0003619999999999374 total_epochs=50 train_loss=0.037649 val_loss=0.037288
2026-05-16 16:31:31 [debug    ] epoch_start                    epoch=35 total_epochs=50
2026-05-16 16:37:23 [info     ] epoch_complete                 epoch=35 is_best=False lr=0.0003399999999999421 total_epochs=50 train_loss=0.037504 val_loss=0.032512
2026-05-16 16:37:23 [debug    ] epoch_start                    epoch=36 total_epochs=50
2026-05-16 16:43:11 [info     ] epoch_complete                 epoch=36 is_best=False lr=0.00031799999999994485 total_epochs=50 train_loss=0.036075 val_loss=0.031772
2026-05-16 16:43:11 [debug    ] epoch_start                    epoch=37 total_epochs=50
2026-05-16 16:49:00 [info     ] epoch_complete                 epoch=37 is_best=False lr=0.00029599999999994756 total_epochs=50 train_loss=0.035658 val_loss=0.032187
2026-05-16 16:49:00 [debug    ] epoch_start                    epoch=38 total_epochs=50
2026-05-16 16:54:53 [info     ] epoch_complete                 epoch=38 is_best=False lr=0.0002739999999999507 total_epochs=50 train_loss=0.034919 val_loss=0.031415
2026-05-16 16:54:53 [debug    ] epoch_start                    epoch=39 total_epochs=50
2026-05-16 17:00:42 [info     ] epoch_complete                 epoch=39 is_best=False lr=0.0002519999999999539 total_epochs=50 train_loss=0.034373 val_loss=0.031005
2026-05-16 17:00:42 [debug    ] epoch_start                    epoch=40 total_epochs=50
2026-05-16 17:06:32 [info     ] epoch_complete                 epoch=40 is_best=False lr=0.00022999999999995737 total_epochs=50 train_loss=0.033643 val_loss=0.030544
2026-05-16 17:06:32 [debug    ] epoch_start                    epoch=41 total_epochs=50
2026-05-16 17:12:21 [info     ] epoch_complete                 epoch=41 is_best=False lr=0.00020799999999996188 total_epochs=50 train_loss=0.033287 val_loss=0.030315
2026-05-16 17:12:21 [debug    ] epoch_start                    epoch=42 total_epochs=50
2026-05-16 17:18:11 [info     ] epoch_complete                 epoch=42 is_best=False lr=0.0001859999999999664 total_epochs=50 train_loss=0.033823 val_loss=0.031498
2026-05-16 17:18:11 [debug    ] epoch_start                    epoch=43 total_epochs=50
2026-05-16 17:23:59 [info     ] epoch_complete                 epoch=43 is_best=False lr=0.00016399999999997095 total_epochs=50 train_loss=0.033188 val_loss=0.029948
2026-05-16 17:23:59 [debug    ] epoch_start                    epoch=44 total_epochs=50
2026-05-16 17:29:52 [info     ] epoch_complete                 epoch=44 is_best=False lr=0.00014199999999997548 total_epochs=50 train_loss=0.032632 val_loss=0.029789
2026-05-16 17:29:52 [debug    ] epoch_start                    epoch=45 total_epochs=50
2026-05-16 17:35:43 [info     ] epoch_complete                 epoch=45 is_best=False lr=0.00011999999999997995 total_epochs=50 train_loss=0.032453 val_loss=0.029735
2026-05-16 17:35:43 [debug    ] epoch_start                    epoch=46 total_epochs=50
2026-05-16 17:41:36 [info     ] epoch_complete                 epoch=46 is_best=False lr=9.799999999998395e-05 total_epochs=50 train_loss=0.03311 val_loss=0.029862
2026-05-16 17:41:36 [debug    ] epoch_start                    epoch=47 total_epochs=50
2026-05-16 17:47:29 [info     ] epoch_complete                 epoch=47 is_best=False lr=7.599999999998802e-05 total_epochs=50 train_loss=0.032557 val_loss=0.029677
2026-05-16 17:47:29 [debug    ] epoch_start                    epoch=48 total_epochs=50
2026-05-16 17:53:24 [info     ] epoch_complete                 epoch=48 is_best=False lr=5.399999999999204e-05 total_epochs=50 train_loss=0.0324 val_loss=0.02965
2026-05-16 17:53:24 [debug    ] epoch_start                    epoch=49 total_epochs=50
2026-05-16 17:59:15 [info     ] epoch_complete                 epoch=49 is_best=False lr=3.199999999999529e-05 total_epochs=50 train_loss=0.032312 val_loss=0.029732
2026-05-16 17:59:15 [debug    ] epoch_start                    epoch=50 total_epochs=50
2026-05-16 18:05:11 [info     ] epoch_complete                 epoch=50 is_best=False lr=9.999999999998564e-06 total_epochs=50 train_loss=0.032194 val_loss=0.029562
2026-05-16 18:05:11 [info     ] training_log_saved             path=data/models/hidden_24_seed0/training_losses.csv
2026-05-16 18:05:11 [info     ] training_complete              best_val_loss=0.028832
2026-05-16 18:05:11 [info     ] train_typecode_done            typecode=A320
2026-05-16 18:05:11 [info     ] train_done                     typecodes=['A320']

$ uv run fdm train --arch adsb --config results_run2/hidden_24_seed0/config.yaml --model-name hidden_24_seed0 --epochs 50 --batch-size 64 --lr 0.001 --method rk4 --seq-len 60 --train-limit 5000 --activation relu --seed 0 --backbone-depth 3 --head-depth 2 --hidden-width 24 --device cuda --no-use-mode-weights
