2026-05-13 11:28:13 [info     ] evaluate_start                 arch=adsb typecodes=['A320']
2026-05-13 11:28:13 [info     ] evaluate_typecode              flights=542 typecode=A320
2026-05-13 11:28:26 [info     ] evaluate_done                  output=data/model_performance/epochs_100_seed1/performance.parquet rows=16
shape: (16, 11)
┌──────────┬─────────────────────────┬──────────────┬───────┬─────────┬──────────┬──────────┬──────────┬─────────┬──────────┬────────┐
│ Aircraft ┆ Variable                ┆ Phase        ┆ Model ┆ MAE     ┆ MAE_std  ┆ MAPE (%) ┆ MAPE_std ┆ ME      ┆ ME_std   ┆ Count  │
│ ---      ┆ ---                     ┆ ---          ┆ ---   ┆ ---     ┆ ---      ┆ ---      ┆ ---      ┆ ---     ┆ ---      ┆ ---    │
│ str      ┆ str                     ┆ str          ┆ str   ┆ f64     ┆ f64      ┆ f64      ┆ f64      ┆ f64     ┆ f64      ┆ i64    │
╞══════════╪═════════════════════════╪══════════════╪═══════╪═════════╪══════════╪══════════╪══════════╪═════════╪══════════╪════════╡
│ A320     ┆ Altitude [m]            ┆ All phases   ┆ PRED  ┆ 260.291 ┆ 600.180  ┆ 5.571    ┆ 19.217   ┆ 104.566 ┆ 645.781  ┆ 478843 │
│ A320     ┆ Altitude [m]            ┆ Climb        ┆ PRED  ┆ 802.535 ┆ 1077.886 ┆ 18.087   ┆ 37.881   ┆ 635.975 ┆ 1183.823 ┆ 90018  │
│ A320     ┆ Altitude [m]            ┆ Level flight ┆ PRED  ┆ 75.844  ┆ 179.988  ┆ 0.954    ┆ 5.515    ┆ -34.746 ┆ 192.200  ┆ 296839 │
│ A320     ┆ Altitude [m]            ┆ Descent      ┆ PRED  ┆ 324.860 ┆ 481.587  ┆ 8.223    ┆ 13.818   ┆ 34.084  ┆ 579.912  ┆ 91986  │
│ A320     ┆ Flight path angle [deg] ┆ All phases   ┆ PRED  ┆ 0.281   ┆ 0.617    ┆ NaN      ┆ NaN      ┆ -0.061  ┆ 0.676    ┆ 478843 │
│ A320     ┆ Flight path angle [deg] ┆ Climb        ┆ PRED  ┆ 0.725   ┆ 0.987    ┆ NaN      ┆ NaN      ┆ -0.418  ┆ 1.151    ┆ 90018  │
│ A320     ┆ Flight path angle [deg] ┆ Level flight ┆ PRED  ┆ 0.075   ┆ 0.247    ┆ NaN      ┆ NaN      ┆ -0.010  ┆ 0.258    ┆ 296839 │
│ A320     ┆ Flight path angle [deg] ┆ Descent      ┆ PRED  ┆ 0.511   ┆ 0.672    ┆ NaN      ┆ NaN      ┆ 0.124   ┆ 0.835    ┆ 91986  │
│ A320     ┆ Heading [deg]           ┆ All phases   ┆ PRED  ┆ 1.830   ┆ 6.651    ┆ NaN      ┆ NaN      ┆ 0.028   ┆ 6.898    ┆ 478843 │
│ A320     ┆ Heading [deg]           ┆ Climb        ┆ PRED  ┆ 2.225   ┆ 7.261    ┆ NaN      ┆ NaN      ┆ -0.331  ┆ 7.588    ┆ 90018  │
│ A320     ┆ Heading [deg]           ┆ Level flight ┆ PRED  ┆ 1.593   ┆ 6.129    ┆ NaN      ┆ NaN      ┆ 0.204   ┆ 6.329    ┆ 296839 │
│ A320     ┆ Heading [deg]           ┆ Descent      ┆ PRED  ┆ 2.207   ┆ 7.551    ┆ NaN      ┆ NaN      ┆ -0.189  ┆ 7.865    ┆ 91986  │
│ A320     ┆ True airspeed [m/s]     ┆ All phases   ┆ PRED  ┆ 2.938   ┆ 7.415    ┆ 1.693    ┆ 5.915    ┆ 0.553   ┆ 7.956    ┆ 478843 │
│ A320     ┆ True airspeed [m/s]     ┆ Climb        ┆ PRED  ┆ 5.552   ┆ 13.005   ┆ 3.500    ┆ 10.243   ┆ 3.254   ┆ 13.761   ┆ 90018  │
│ A320     ┆ True airspeed [m/s]     ┆ Level flight ┆ PRED  ┆ 1.823   ┆ 4.282    ┆ 0.929    ┆ 4.166    ┆ 0.155   ┆ 4.651    ┆ 296839 │
│ A320     ┆ True airspeed [m/s]     ┆ Descent      ┆ PRED  ┆ 3.979   ┆ 7.052    ┆ 2.388    ┆ 4.229    ┆ -0.807  ┆ 8.057    ┆ 91986  │
└──────────┴─────────────────────────┴──────────────┴───────┴─────────┴──────────┴──────────┴──────────┴─────────┴──────────┴────────┘

$ uv run fdm evaluate --arch adsb --config results/epochs_100_seed1/config.yaml --model-name epochs_100_seed1
