2026-05-13 04:29:52 [info     ] train_start                    arch=adsb device=cuda typecodes=['A320']
2026-05-13 04:29:52 [info     ] train_typecode                 typecode=A320
2026-05-13 04:29:53 [info     ] mode_weights_computed          alpha=0.5 bottom5_labels=[['ALT_MACH', 0.6206242276704164, 556092], ['ALT_UNK', 0.6891691293583678, 450975], ['TURN', 0.8913340435092099, 269602], ['UNKVERT_MACH', 0.9861637175043825, 220245], ['ALT_CAS', 1.0707556265239335, 186820]] imbalance_ratio=40.174252275682704 n_labels=13 top5_labels=[['VZ_CAS', 3.9337125975553753, 13842], ['VZ_UNK', 2.533593642654822, 33368], ['GAMMA_CAS', 2.453056495492336, 35595], ['VZ_MACH', 2.0015537788607305, 53465], ['UNKVERT_CAS', 1.936559122733483, 57114]] weight_ratio_max_over_min=6.33831620193271
2026-05-13 04:29:53 [info     ] loading_data                   train_flights=1594 val_flights=247
2026-05-13 04:29:53 [warning  ] e1_column_missing              column=fdm_g_sin_gamma_ms2
2026-05-13 04:29:53 [warning  ] e1_column_missing              column=fdm_cos_gamma
2026-05-13 04:29:53 [warning  ] e1_column_missing              column=fdm_q_pa
2026-05-13 04:29:53 [warning  ] e1_column_missing              column=fdm_g_over_v
2026-05-13 04:29:53 [warning  ] e1_column_missing              column=fdm_lat_wind_ms
2026-05-13 04:29:53 [warning  ] e1_column_missing              column=fdm_drift_rad
2026-05-13 04:29:53 [warning  ] e1_column_missing              column=fdm_track_rad
2026-05-13 04:29:53 [warning  ] e1_column_missing              column=fdm_heading_diff_rad
2026-05-13 04:30:00 [warning  ] e1_column_missing              column=fdm_g_sin_gamma_ms2
2026-05-13 04:30:00 [warning  ] e1_column_missing              column=fdm_cos_gamma
2026-05-13 04:30:00 [warning  ] e1_column_missing              column=fdm_q_pa
2026-05-13 04:30:00 [warning  ] e1_column_missing              column=fdm_g_over_v
2026-05-13 04:30:00 [warning  ] e1_column_missing              column=fdm_lat_wind_ms
2026-05-13 04:30:00 [warning  ] e1_column_missing              column=fdm_drift_rad
2026-05-13 04:30:00 [warning  ] e1_column_missing              column=fdm_track_rad
2026-05-13 04:30:00 [warning  ] e1_column_missing              column=fdm_heading_diff_rad
2026-05-13 04:30:01 [info     ] data_loaded                    train_samples=23212 val_samples=3628
2026-05-13 04:30:18 [debug    ] meta_saved                     path=data/models/epochs_100_seed1/meta.json
2026-05-13 04:30:18 [info     ] trainer_initialized            architecture=node_adsb_v1 device=cuda train_samples=23212 val_samples=3628
2026-05-13 04:30:18 [info     ] preloading_data_to_gpu
2026-05-13 04:30:18 [debug    ] epoch_start                    epoch=1 total_epochs=100
/data/common/dataiku/config/projects/NODEFDM/lib/python/.venv/lib/python3.12/site-packages/torch/_inductor/compile_fx.py:321: UserWarning: TensorFloat32 tensor cores for float32 matrix multiplication available but not enabled. Consider setting `torch.set_float32_matmul_precision('high')` for better performance.
  warnings.warn(
2026-05-13 04:30:47 [info     ] debug_magnitudes               norm_mean=['8568.283203', '-0.001322', '213.622833', '3.253931'] norm_std=['2269.236084', '0.038830', '32.838379', '1.246786'] ode_loss=1.181994
W0513 04:34:54.085000 3898847 torch/_dynamo/convert_frame.py:1676] [0/8] torch._dynamo hit config.recompile_limit (8)
W0513 04:34:54.085000 3898847 torch/_dynamo/convert_frame.py:1676] [0/8]    function: 'forward' (/data/common/dataiku/config/projects/NODEFDM/lib/python/packages/node-fdm/src/node_fdm/models/fdm.py:181)
W0513 04:34:54.085000 3898847 torch/_dynamo/convert_frame.py:1676] [0/8]    last reason: 0/7: tensor 'self.history['raw_alt_m']' size mismatch at index 1. expected 1, actual 2
W0513 04:34:54.085000 3898847 torch/_dynamo/convert_frame.py:1676] [0/8] To log all recompilation reasons, use TORCH_LOGS="recompiles".
W0513 04:34:54.085000 3898847 torch/_dynamo/convert_frame.py:1676] [0/8] To diagnose recompilation issues, see https://pytorch.org/docs/main/compile/programming_model.recompilation.html
2026-05-13 04:34:54 [debug    ] meta_saved                     path=data/models/epochs_100_seed1/meta.json
2026-05-13 04:34:54 [debug    ] model_saved                    epoch=1
2026-05-13 04:34:54 [info     ] epoch_complete                 epoch=1 is_best=True lr=0.000208 total_epochs=100 train_loss=0.344259 val_loss=0.148894
2026-05-13 04:34:54 [debug    ] epoch_start                    epoch=2 total_epochs=100
2026-05-13 04:37:56 [debug    ] meta_saved                     path=data/models/epochs_100_seed1/meta.json
2026-05-13 04:37:56 [debug    ] model_saved                    epoch=2
2026-05-13 04:37:56 [info     ] epoch_complete                 epoch=2 is_best=True lr=0.00040600000000000087 total_epochs=100 train_loss=0.094372 val_loss=0.069198
2026-05-13 04:37:56 [debug    ] epoch_start                    epoch=3 total_epochs=100
2026-05-13 04:40:58 [debug    ] meta_saved                     path=data/models/epochs_100_seed1/meta.json
2026-05-13 04:40:58 [debug    ] model_saved                    epoch=3
2026-05-13 04:40:58 [info     ] epoch_complete                 epoch=3 is_best=True lr=0.0006040000000000002 total_epochs=100 train_loss=0.066419 val_loss=0.047431
2026-05-13 04:40:58 [debug    ] epoch_start                    epoch=4 total_epochs=100
2026-05-13 04:44:01 [debug    ] meta_saved                     path=data/models/epochs_100_seed1/meta.json
2026-05-13 04:44:01 [debug    ] model_saved                    epoch=4
2026-05-13 04:44:01 [info     ] epoch_complete                 epoch=4 is_best=True lr=0.0008020000000000004 total_epochs=100 train_loss=0.048999 val_loss=0.041111
2026-05-13 04:44:01 [debug    ] epoch_start                    epoch=5 total_epochs=100
2026-05-13 04:47:05 [debug    ] meta_saved                     path=data/models/epochs_100_seed1/meta.json
2026-05-13 04:47:05 [debug    ] model_saved                    epoch=5
2026-05-13 04:47:05 [info     ] epoch_complete                 epoch=5 is_best=True lr=0.001 total_epochs=100 train_loss=0.045176 val_loss=0.040291
2026-05-13 04:47:05 [debug    ] epoch_start                    epoch=6 total_epochs=100
2026-05-13 04:50:08 [debug    ] meta_saved                     path=data/models/epochs_100_seed1/meta.json
2026-05-13 04:50:08 [debug    ] model_saved                    epoch=6
2026-05-13 04:50:08 [info     ] epoch_complete                 epoch=6 is_best=True lr=0.0009895789473684275 total_epochs=100 train_loss=0.043906 val_loss=0.038555
2026-05-13 04:50:08 [debug    ] epoch_start                    epoch=7 total_epochs=100
2026-05-13 04:53:11 [debug    ] meta_saved                     path=data/models/epochs_100_seed1/meta.json
2026-05-13 04:53:11 [debug    ] model_saved                    epoch=7
2026-05-13 04:53:11 [info     ] epoch_complete                 epoch=7 is_best=True lr=0.0009791578947368547 total_epochs=100 train_loss=0.042858 val_loss=0.037389
2026-05-13 04:53:11 [debug    ] epoch_start                    epoch=8 total_epochs=100
2026-05-13 04:56:15 [info     ] epoch_complete                 epoch=8 is_best=False lr=0.000968736842105278 total_epochs=100 train_loss=0.042225 val_loss=0.037434
2026-05-13 04:56:15 [debug    ] epoch_start                    epoch=9 total_epochs=100
2026-05-13 04:59:19 [debug    ] meta_saved                     path=data/models/epochs_100_seed1/meta.json
2026-05-13 04:59:19 [debug    ] model_saved                    epoch=9
2026-05-13 04:59:19 [info     ] epoch_complete                 epoch=9 is_best=True lr=0.0009583157894736982 total_epochs=100 train_loss=0.041425 val_loss=0.036908
2026-05-13 04:59:19 [debug    ] epoch_start                    epoch=10 total_epochs=100
2026-05-13 05:02:21 [debug    ] meta_saved                     path=data/models/epochs_100_seed1/meta.json
2026-05-13 05:02:21 [debug    ] model_saved                    epoch=10
2026-05-13 05:02:21 [info     ] epoch_complete                 epoch=10 is_best=True lr=0.0009478947368421197 total_epochs=100 train_loss=0.040722 val_loss=0.036219
2026-05-13 05:02:21 [debug    ] epoch_start                    epoch=11 total_epochs=100
2026-05-13 05:05:24 [debug    ] meta_saved                     path=data/models/epochs_100_seed1/meta.json
2026-05-13 05:05:24 [debug    ] model_saved                    epoch=11
2026-05-13 05:05:24 [info     ] epoch_complete                 epoch=11 is_best=True lr=0.0009374736842105424 total_epochs=100 train_loss=0.040132 val_loss=0.036069
2026-05-13 05:05:24 [debug    ] epoch_start                    epoch=12 total_epochs=100
2026-05-13 05:08:28 [debug    ] meta_saved                     path=data/models/epochs_100_seed1/meta.json
2026-05-13 05:08:28 [debug    ] model_saved                    epoch=12
2026-05-13 05:08:28 [info     ] epoch_complete                 epoch=12 is_best=True lr=0.0009270526315789621 total_epochs=100 train_loss=0.039722 val_loss=0.035284
2026-05-13 05:08:28 [debug    ] epoch_start                    epoch=13 total_epochs=100
2026-05-13 05:11:32 [info     ] epoch_complete                 epoch=13 is_best=False lr=0.0009166315789473836 total_epochs=100 train_loss=0.03952 val_loss=0.036523
2026-05-13 05:11:32 [debug    ] epoch_start                    epoch=14 total_epochs=100
2026-05-13 05:14:34 [debug    ] meta_saved                     path=data/models/epochs_100_seed1/meta.json
2026-05-13 05:14:34 [debug    ] model_saved                    epoch=14
2026-05-13 05:14:34 [info     ] epoch_complete                 epoch=14 is_best=True lr=0.000906210526315804 total_epochs=100 train_loss=0.039059 val_loss=0.035196
2026-05-13 05:14:34 [debug    ] epoch_start                    epoch=15 total_epochs=100
2026-05-13 05:17:36 [info     ] epoch_complete                 epoch=15 is_best=False lr=0.0008957894736842237 total_epochs=100 train_loss=0.039026 val_loss=0.035804
2026-05-13 05:17:36 [debug    ] epoch_start                    epoch=16 total_epochs=100
2026-05-13 05:20:38 [debug    ] meta_saved                     path=data/models/epochs_100_seed1/meta.json
2026-05-13 05:20:38 [debug    ] model_saved                    epoch=16
2026-05-13 05:20:38 [info     ] epoch_complete                 epoch=16 is_best=True lr=0.0008853684210526422 total_epochs=100 train_loss=0.038697 val_loss=0.034789
2026-05-13 05:20:38 [debug    ] epoch_start                    epoch=17 total_epochs=100
2026-05-13 05:23:40 [info     ] epoch_complete                 epoch=17 is_best=False lr=0.0008749473684210618 total_epochs=100 train_loss=0.038367 val_loss=0.034952
2026-05-13 05:23:40 [debug    ] epoch_start                    epoch=18 total_epochs=100
2026-05-13 05:26:41 [info     ] epoch_complete                 epoch=18 is_best=False lr=0.0008645263157894818 total_epochs=100 train_loss=0.038318 val_loss=0.034795
2026-05-13 05:26:41 [debug    ] epoch_start                    epoch=19 total_epochs=100
2026-05-13 05:29:42 [debug    ] meta_saved                     path=data/models/epochs_100_seed1/meta.json
2026-05-13 05:29:42 [debug    ] model_saved                    epoch=19
2026-05-13 05:29:42 [info     ] epoch_complete                 epoch=19 is_best=True lr=0.0008541052631579014 total_epochs=100 train_loss=0.038344 val_loss=0.03464
2026-05-13 05:29:42 [debug    ] epoch_start                    epoch=20 total_epochs=100
2026-05-13 05:32:42 [info     ] epoch_complete                 epoch=20 is_best=False lr=0.0008436842105263218 total_epochs=100 train_loss=0.038129 val_loss=0.035535
2026-05-13 05:32:42 [debug    ] epoch_start                    epoch=21 total_epochs=100
2026-05-13 05:35:43 [info     ] epoch_complete                 epoch=21 is_best=False lr=0.0008332631578947421 total_epochs=100 train_loss=0.038258 val_loss=0.035132
2026-05-13 05:35:43 [debug    ] epoch_start                    epoch=22 total_epochs=100
2026-05-13 05:38:46 [info     ] epoch_complete                 epoch=22 is_best=False lr=0.0008228421052631622 total_epochs=100 train_loss=0.038113 val_loss=0.03482
2026-05-13 05:38:46 [debug    ] epoch_start                    epoch=23 total_epochs=100
2026-05-13 05:41:46 [debug    ] meta_saved                     path=data/models/epochs_100_seed1/meta.json
2026-05-13 05:41:46 [debug    ] model_saved                    epoch=23
2026-05-13 05:41:46 [info     ] epoch_complete                 epoch=23 is_best=True lr=0.000812421052631582 total_epochs=100 train_loss=0.037835 val_loss=0.034266
2026-05-13 05:41:46 [debug    ] epoch_start                    epoch=24 total_epochs=100
2026-05-13 05:44:49 [debug    ] meta_saved                     path=data/models/epochs_100_seed1/meta.json
2026-05-13 05:44:49 [debug    ] model_saved                    epoch=24
2026-05-13 05:44:49 [info     ] epoch_complete                 epoch=24 is_best=True lr=0.0008020000000000018 total_epochs=100 train_loss=0.037806 val_loss=0.034259
2026-05-13 05:44:49 [debug    ] epoch_start                    epoch=25 total_epochs=100
2026-05-13 05:47:49 [debug    ] meta_saved                     path=data/models/epochs_100_seed1/meta.json
2026-05-13 05:47:49 [debug    ] model_saved                    epoch=25
2026-05-13 05:47:49 [info     ] epoch_complete                 epoch=25 is_best=True lr=0.000791578947368422 total_epochs=100 train_loss=0.037404 val_loss=0.034116
2026-05-13 05:47:49 [debug    ] epoch_start                    epoch=26 total_epochs=100
2026-05-13 05:50:50 [info     ] epoch_complete                 epoch=26 is_best=False lr=0.0007811578947368423 total_epochs=100 train_loss=0.03748 val_loss=0.034136
2026-05-13 05:50:50 [debug    ] epoch_start                    epoch=27 total_epochs=100
2026-05-13 05:53:51 [info     ] epoch_complete                 epoch=27 is_best=False lr=0.0007707368421052632 total_epochs=100 train_loss=0.037434 val_loss=0.034689
2026-05-13 05:53:51 [debug    ] epoch_start                    epoch=28 total_epochs=100
2026-05-13 05:56:53 [debug    ] meta_saved                     path=data/models/epochs_100_seed1/meta.json
2026-05-13 05:56:53 [debug    ] model_saved                    epoch=28
2026-05-13 05:56:53 [info     ] epoch_complete                 epoch=28 is_best=True lr=0.0007603157894736837 total_epochs=100 train_loss=0.037139 val_loss=0.033817
2026-05-13 05:56:53 [debug    ] epoch_start                    epoch=29 total_epochs=100
2026-05-13 05:59:54 [info     ] epoch_complete                 epoch=29 is_best=False lr=0.0007498947368421038 total_epochs=100 train_loss=0.037034 val_loss=0.033936
2026-05-13 05:59:54 [debug    ] epoch_start                    epoch=30 total_epochs=100
2026-05-13 06:02:59 [debug    ] meta_saved                     path=data/models/epochs_100_seed1/meta.json
2026-05-13 06:02:59 [debug    ] model_saved                    epoch=30
2026-05-13 06:02:59 [info     ] epoch_complete                 epoch=30 is_best=True lr=0.0007394736842105223 total_epochs=100 train_loss=0.037021 val_loss=0.033441
2026-05-13 06:02:59 [debug    ] epoch_start                    epoch=31 total_epochs=100
2026-05-13 06:06:00 [info     ] epoch_complete                 epoch=31 is_best=False lr=0.0007290526315789426 total_epochs=100 train_loss=0.036772 val_loss=0.033592
2026-05-13 06:06:00 [debug    ] epoch_start                    epoch=32 total_epochs=100
2026-05-13 06:09:01 [debug    ] meta_saved                     path=data/models/epochs_100_seed1/meta.json
2026-05-13 06:09:01 [debug    ] model_saved                    epoch=32
2026-05-13 06:09:01 [info     ] epoch_complete                 epoch=32 is_best=True lr=0.0007186315789473616 total_epochs=100 train_loss=0.036978 val_loss=0.033368
2026-05-13 06:09:01 [debug    ] epoch_start                    epoch=33 total_epochs=100
2026-05-13 06:12:02 [info     ] epoch_complete                 epoch=33 is_best=False lr=0.0007082105263157816 total_epochs=100 train_loss=0.036639 val_loss=0.033563
2026-05-13 06:12:02 [debug    ] epoch_start                    epoch=34 total_epochs=100
2026-05-13 06:15:05 [info     ] epoch_complete                 epoch=34 is_best=False lr=0.0006977894736842015 total_epochs=100 train_loss=0.037342 val_loss=0.033375
2026-05-13 06:15:05 [debug    ] epoch_start                    epoch=35 total_epochs=100
2026-05-13 06:18:08 [info     ] epoch_complete                 epoch=35 is_best=False lr=0.0006873684210526215 total_epochs=100 train_loss=0.03716 val_loss=0.035002
2026-05-13 06:18:08 [debug    ] epoch_start                    epoch=36 total_epochs=100
2026-05-13 06:21:10 [debug    ] meta_saved                     path=data/models/epochs_100_seed1/meta.json
2026-05-13 06:21:10 [debug    ] model_saved                    epoch=36
2026-05-13 06:21:10 [info     ] epoch_complete                 epoch=36 is_best=True lr=0.0006769473684210418 total_epochs=100 train_loss=0.036686 val_loss=0.033118
2026-05-13 06:21:10 [debug    ] epoch_start                    epoch=37 total_epochs=100
2026-05-13 06:24:12 [debug    ] meta_saved                     path=data/models/epochs_100_seed1/meta.json
2026-05-13 06:24:12 [debug    ] model_saved                    epoch=37
2026-05-13 06:24:12 [info     ] epoch_complete                 epoch=37 is_best=True lr=0.0006665263157894633 total_epochs=100 train_loss=0.036322 val_loss=0.032989
2026-05-13 06:24:12 [debug    ] epoch_start                    epoch=38 total_epochs=100
2026-05-13 06:27:15 [debug    ] meta_saved                     path=data/models/epochs_100_seed1/meta.json
2026-05-13 06:27:15 [debug    ] model_saved                    epoch=38
2026-05-13 06:27:15 [info     ] epoch_complete                 epoch=38 is_best=True lr=0.0006561052631578826 total_epochs=100 train_loss=0.03621 val_loss=0.032905
2026-05-13 06:27:15 [debug    ] epoch_start                    epoch=39 total_epochs=100
2026-05-13 06:30:18 [info     ] epoch_complete                 epoch=39 is_best=False lr=0.0006456842105263011 total_epochs=100 train_loss=0.036202 val_loss=0.032981
2026-05-13 06:30:18 [debug    ] epoch_start                    epoch=40 total_epochs=100
2026-05-13 06:33:21 [debug    ] meta_saved                     path=data/models/epochs_100_seed1/meta.json
2026-05-13 06:33:21 [debug    ] model_saved                    epoch=40
2026-05-13 06:33:21 [info     ] epoch_complete                 epoch=40 is_best=True lr=0.000635263157894721 total_epochs=100 train_loss=0.03603 val_loss=0.032678
2026-05-13 06:33:21 [debug    ] epoch_start                    epoch=41 total_epochs=100
2026-05-13 06:36:23 [debug    ] meta_saved                     path=data/models/epochs_100_seed1/meta.json
2026-05-13 06:36:23 [debug    ] model_saved                    epoch=41
2026-05-13 06:36:23 [info     ] epoch_complete                 epoch=41 is_best=True lr=0.000624842105263141 total_epochs=100 train_loss=0.036112 val_loss=0.032555
2026-05-13 06:36:23 [debug    ] epoch_start                    epoch=42 total_epochs=100
2026-05-13 06:39:25 [info     ] epoch_complete                 epoch=42 is_best=False lr=0.000614421052631561 total_epochs=100 train_loss=0.036054 val_loss=0.032836
2026-05-13 06:39:25 [debug    ] epoch_start                    epoch=43 total_epochs=100
2026-05-13 06:42:27 [info     ] epoch_complete                 epoch=43 is_best=False lr=0.0006039999999999804 total_epochs=100 train_loss=0.03597 val_loss=0.032579
2026-05-13 06:42:27 [debug    ] epoch_start                    epoch=44 total_epochs=100
2026-05-13 06:45:30 [info     ] epoch_complete                 epoch=44 is_best=False lr=0.0005935789473683994 total_epochs=100 train_loss=0.035938 val_loss=0.032894
2026-05-13 06:45:30 [debug    ] epoch_start                    epoch=45 total_epochs=100
2026-05-13 06:48:32 [debug    ] meta_saved                     path=data/models/epochs_100_seed1/meta.json
2026-05-13 06:48:32 [debug    ] model_saved                    epoch=45
2026-05-13 06:48:32 [info     ] epoch_complete                 epoch=45 is_best=True lr=0.0005831578947368191 total_epochs=100 train_loss=0.035908 val_loss=0.032428
2026-05-13 06:48:32 [debug    ] epoch_start                    epoch=46 total_epochs=100
2026-05-13 06:51:35 [debug    ] meta_saved                     path=data/models/epochs_100_seed1/meta.json
2026-05-13 06:51:35 [debug    ] model_saved                    epoch=46
2026-05-13 06:51:35 [info     ] epoch_complete                 epoch=46 is_best=True lr=0.0005727368421052382 total_epochs=100 train_loss=0.035724 val_loss=0.032362
2026-05-13 06:51:35 [debug    ] epoch_start                    epoch=47 total_epochs=100
2026-05-13 06:54:38 [info     ] epoch_complete                 epoch=47 is_best=False lr=0.0005623157894736578 total_epochs=100 train_loss=0.046978 val_loss=0.034408
2026-05-13 06:54:38 [debug    ] epoch_start                    epoch=48 total_epochs=100
2026-05-13 06:57:41 [info     ] epoch_complete                 epoch=48 is_best=False lr=0.0005518947368420759 total_epochs=100 train_loss=0.037119 val_loss=0.033658
2026-05-13 06:57:41 [debug    ] epoch_start                    epoch=49 total_epochs=100
2026-05-13 07:00:43 [info     ] epoch_complete                 epoch=49 is_best=False lr=0.0005414736842104961 total_epochs=100 train_loss=0.036515 val_loss=0.03298
2026-05-13 07:00:43 [debug    ] epoch_start                    epoch=50 total_epochs=100
2026-05-13 07:03:46 [info     ] epoch_complete                 epoch=50 is_best=False lr=0.0005310526315789146 total_epochs=100 train_loss=0.036275 val_loss=0.032977
2026-05-13 07:03:46 [debug    ] epoch_start                    epoch=51 total_epochs=100
2026-05-13 07:06:48 [info     ] epoch_complete                 epoch=51 is_best=False lr=0.000520631578947333 total_epochs=100 train_loss=0.036102 val_loss=0.032822
2026-05-13 07:06:48 [debug    ] epoch_start                    epoch=52 total_epochs=100
2026-05-13 07:09:50 [info     ] epoch_complete                 epoch=52 is_best=False lr=0.0005102105263157525 total_epochs=100 train_loss=0.03579 val_loss=0.032881
2026-05-13 07:09:50 [debug    ] epoch_start                    epoch=53 total_epochs=100
2026-05-13 07:12:51 [info     ] epoch_complete                 epoch=53 is_best=False lr=0.0004997894736841728 total_epochs=100 train_loss=0.035697 val_loss=0.032719
2026-05-13 07:12:51 [debug    ] epoch_start                    epoch=54 total_epochs=100
2026-05-13 07:15:53 [info     ] epoch_complete                 epoch=54 is_best=False lr=0.0004893684210525919 total_epochs=100 train_loss=0.035651 val_loss=0.032691
2026-05-13 07:15:53 [debug    ] epoch_start                    epoch=55 total_epochs=100
2026-05-13 07:19:02 [info     ] epoch_complete                 epoch=55 is_best=False lr=0.0004789473684210131 total_epochs=100 train_loss=0.035735 val_loss=0.032601
2026-05-13 07:19:02 [debug    ] epoch_start                    epoch=56 total_epochs=100
2026-05-13 07:22:05 [info     ] epoch_complete                 epoch=56 is_best=False lr=0.0004685263157894354 total_epochs=100 train_loss=0.035601 val_loss=0.032703
2026-05-13 07:22:05 [debug    ] epoch_start                    epoch=57 total_epochs=100
2026-05-13 07:25:08 [info     ] epoch_complete                 epoch=57 is_best=False lr=0.0004581052631578573 total_epochs=100 train_loss=0.035537 val_loss=0.032498
2026-05-13 07:25:08 [debug    ] epoch_start                    epoch=58 total_epochs=100
2026-05-13 07:28:09 [debug    ] meta_saved                     path=data/models/epochs_100_seed1/meta.json
2026-05-13 07:28:09 [debug    ] model_saved                    epoch=58
2026-05-13 07:28:09 [info     ] epoch_complete                 epoch=58 is_best=True lr=0.0004476842105262795 total_epochs=100 train_loss=0.035557 val_loss=0.032353
2026-05-13 07:28:09 [debug    ] epoch_start                    epoch=59 total_epochs=100
2026-05-13 07:31:23 [debug    ] meta_saved                     path=data/models/epochs_100_seed1/meta.json
2026-05-13 07:31:23 [debug    ] model_saved                    epoch=59
2026-05-13 07:31:23 [info     ] epoch_complete                 epoch=59 is_best=True lr=0.0004372631578947018 total_epochs=100 train_loss=0.035504 val_loss=0.032198
2026-05-13 07:31:23 [debug    ] epoch_start                    epoch=60 total_epochs=100
2026-05-13 07:34:26 [debug    ] meta_saved                     path=data/models/epochs_100_seed1/meta.json
2026-05-13 07:34:26 [debug    ] model_saved                    epoch=60
2026-05-13 07:34:26 [info     ] epoch_complete                 epoch=60 is_best=True lr=0.0004268421052631232 total_epochs=100 train_loss=0.035365 val_loss=0.032179
2026-05-13 07:34:26 [debug    ] epoch_start                    epoch=61 total_epochs=100
2026-05-13 07:37:28 [info     ] epoch_complete                 epoch=61 is_best=False lr=0.0004164210526315453 total_epochs=100 train_loss=0.03529 val_loss=0.033197
2026-05-13 07:37:28 [debug    ] epoch_start                    epoch=62 total_epochs=100
2026-05-13 07:40:31 [info     ] epoch_complete                 epoch=62 is_best=False lr=0.0004059999999999677 total_epochs=100 train_loss=0.035238 val_loss=0.032244
2026-05-13 07:40:31 [debug    ] epoch_start                    epoch=63 total_epochs=100
2026-05-13 07:43:32 [info     ] epoch_complete                 epoch=63 is_best=False lr=0.00039557894736839017 total_epochs=100 train_loss=0.364671 val_loss=0.529723
2026-05-13 07:43:32 [debug    ] epoch_start                    epoch=64 total_epochs=100
2026-05-13 07:46:34 [info     ] epoch_complete                 epoch=64 is_best=False lr=0.000385157894736813 total_epochs=100 train_loss=0.566645 val_loss=0.520602
2026-05-13 07:46:34 [debug    ] epoch_start                    epoch=65 total_epochs=100
2026-05-13 07:49:35 [info     ] epoch_complete                 epoch=65 is_best=False lr=0.0003747368421052355 total_epochs=100 train_loss=0.56562 val_loss=0.521731
2026-05-13 07:49:35 [debug    ] epoch_start                    epoch=66 total_epochs=100
2026-05-13 07:52:38 [info     ] epoch_complete                 epoch=66 is_best=False lr=0.00036431578947365787 total_epochs=100 train_loss=0.56616 val_loss=0.520586
2026-05-13 07:52:38 [debug    ] epoch_start                    epoch=67 total_epochs=100
2026-05-13 07:55:40 [info     ] epoch_complete                 epoch=67 is_best=False lr=0.00035389473684208046 total_epochs=100 train_loss=0.565867 val_loss=0.520774
2026-05-13 07:55:40 [debug    ] epoch_start                    epoch=68 total_epochs=100
2026-05-13 07:58:40 [info     ] epoch_complete                 epoch=68 is_best=False lr=0.00034347368421050375 total_epochs=100 train_loss=0.564674 val_loss=0.521492
2026-05-13 07:58:40 [debug    ] epoch_start                    epoch=69 total_epochs=100
2026-05-13 08:01:41 [info     ] epoch_complete                 epoch=69 is_best=False lr=0.00033305263157892655 total_epochs=100 train_loss=0.56619 val_loss=0.520976
2026-05-13 08:01:41 [debug    ] epoch_start                    epoch=70 total_epochs=100
2026-05-13 08:04:42 [info     ] epoch_complete                 epoch=70 is_best=False lr=0.0003226315789473494 total_epochs=100 train_loss=0.565942 val_loss=0.519827
2026-05-13 08:04:42 [debug    ] epoch_start                    epoch=71 total_epochs=100
2026-05-13 08:07:42 [info     ] epoch_complete                 epoch=71 is_best=False lr=0.00031221052631577205 total_epochs=100 train_loss=0.565139 val_loss=0.520093
2026-05-13 08:07:42 [debug    ] epoch_start                    epoch=72 total_epochs=100
2026-05-13 08:10:38 [info     ] epoch_complete                 epoch=72 is_best=False lr=0.00030178947368419485 total_epochs=100 train_loss=0.565873 val_loss=0.519663
2026-05-13 08:10:38 [debug    ] epoch_start                    epoch=73 total_epochs=100
2026-05-13 08:13:35 [info     ] epoch_complete                 epoch=73 is_best=False lr=0.00029136842105261787 total_epochs=100 train_loss=0.565525 val_loss=0.520405
2026-05-13 08:13:35 [debug    ] epoch_start                    epoch=74 total_epochs=100
2026-05-13 08:16:29 [info     ] epoch_complete                 epoch=74 is_best=False lr=0.0002809473684210407 total_epochs=100 train_loss=0.565909 val_loss=0.520405
2026-05-13 08:16:29 [debug    ] epoch_start                    epoch=75 total_epochs=100
2026-05-13 08:19:26 [info     ] epoch_complete                 epoch=75 is_best=False lr=0.00027052631578946336 total_epochs=100 train_loss=0.565321 val_loss=0.520405
2026-05-13 08:19:26 [debug    ] epoch_start                    epoch=76 total_epochs=100
2026-05-13 08:22:22 [info     ] epoch_complete                 epoch=76 is_best=False lr=0.00026010526315788665 total_epochs=100 train_loss=0.565462 val_loss=0.520405
2026-05-13 08:22:22 [debug    ] epoch_start                    epoch=77 total_epochs=100
2026-05-13 08:25:17 [info     ] epoch_complete                 epoch=77 is_best=False lr=0.00024968421052630984 total_epochs=100 train_loss=0.566188 val_loss=0.520405
2026-05-13 08:25:17 [debug    ] epoch_start                    epoch=78 total_epochs=100
2026-05-13 08:28:14 [info     ] epoch_complete                 epoch=78 is_best=False lr=0.00023926315789473201 total_epochs=100 train_loss=0.565742 val_loss=0.520405
2026-05-13 08:28:14 [debug    ] epoch_start                    epoch=79 total_epochs=100
2026-05-13 08:31:11 [info     ] epoch_complete                 epoch=79 is_best=False lr=0.00022884210526315322 total_epochs=100 train_loss=0.566128 val_loss=0.520405
2026-05-13 08:31:11 [debug    ] epoch_start                    epoch=80 total_epochs=100
2026-05-13 08:34:04 [info     ] epoch_complete                 epoch=80 is_best=False lr=0.00021842105263157442 total_epochs=100 train_loss=0.566202 val_loss=0.520405
2026-05-13 08:34:04 [debug    ] epoch_start                    epoch=81 total_epochs=100
2026-05-13 08:36:59 [info     ] epoch_complete                 epoch=81 is_best=False lr=0.00020799999999999568 total_epochs=100 train_loss=0.566346 val_loss=0.520405
2026-05-13 08:36:59 [debug    ] epoch_start                    epoch=82 total_epochs=100
2026-05-13 08:39:55 [info     ] epoch_complete                 epoch=82 is_best=False lr=0.00019757894736841696 total_epochs=100 train_loss=0.565861 val_loss=0.520405
2026-05-13 08:39:55 [debug    ] epoch_start                    epoch=83 total_epochs=100
2026-05-13 08:42:52 [info     ] epoch_complete                 epoch=83 is_best=False lr=0.00018715789473683814 total_epochs=100 train_loss=0.566253 val_loss=0.520405
2026-05-13 08:42:52 [debug    ] epoch_start                    epoch=84 total_epochs=100
2026-05-13 08:45:47 [info     ] epoch_complete                 epoch=84 is_best=False lr=0.0001767368421052593 total_epochs=100 train_loss=0.56595 val_loss=0.520405
2026-05-13 08:45:47 [debug    ] epoch_start                    epoch=85 total_epochs=100
2026-05-13 08:48:42 [info     ] epoch_complete                 epoch=85 is_best=False lr=0.0001663157894736805 total_epochs=100 train_loss=0.566615 val_loss=0.520405
2026-05-13 08:48:42 [debug    ] epoch_start                    epoch=86 total_epochs=100
2026-05-13 08:51:37 [info     ] epoch_complete                 epoch=86 is_best=False lr=0.00015589473684210177 total_epochs=100 train_loss=0.56539 val_loss=0.520405
2026-05-13 08:51:37 [debug    ] epoch_start                    epoch=87 total_epochs=100
2026-05-13 08:54:33 [info     ] epoch_complete                 epoch=87 is_best=False lr=0.00014547368421052273 total_epochs=100 train_loss=0.566196 val_loss=0.520405
2026-05-13 08:54:33 [debug    ] epoch_start                    epoch=88 total_epochs=100
2026-05-13 08:57:26 [info     ] epoch_complete                 epoch=88 is_best=False lr=0.0001350526315789436 total_epochs=100 train_loss=0.566337 val_loss=0.520405
2026-05-13 08:57:26 [debug    ] epoch_start                    epoch=89 total_epochs=100
2026-05-13 09:00:22 [info     ] epoch_complete                 epoch=89 is_best=False lr=0.00012463157894736446 total_epochs=100 train_loss=0.565303 val_loss=0.520405
2026-05-13 09:00:22 [debug    ] epoch_start                    epoch=90 total_epochs=100
2026-05-13 09:03:19 [info     ] epoch_complete                 epoch=90 is_best=False lr=0.00011421052631578583 total_epochs=100 train_loss=0.564932 val_loss=0.520405
2026-05-13 09:03:19 [debug    ] epoch_start                    epoch=91 total_epochs=100
2026-05-13 09:06:14 [info     ] epoch_complete                 epoch=91 is_best=False lr=0.00010378947368420738 total_epochs=100 train_loss=0.567311 val_loss=0.520405
2026-05-13 09:06:14 [debug    ] epoch_start                    epoch=92 total_epochs=100
2026-05-13 09:09:10 [info     ] epoch_complete                 epoch=92 is_best=False lr=9.336842105262894e-05 total_epochs=100 train_loss=0.565663 val_loss=0.520405
2026-05-13 09:09:10 [debug    ] epoch_start                    epoch=93 total_epochs=100
2026-05-13 09:12:04 [info     ] epoch_complete                 epoch=93 is_best=False lr=8.294736842105052e-05 total_epochs=100 train_loss=0.565453 val_loss=0.520405
2026-05-13 09:12:04 [debug    ] epoch_start                    epoch=94 total_epochs=100
2026-05-13 09:15:00 [info     ] epoch_complete                 epoch=94 is_best=False lr=7.252631578947223e-05 total_epochs=100 train_loss=0.566057 val_loss=0.520405
2026-05-13 09:15:00 [debug    ] epoch_start                    epoch=95 total_epochs=100
2026-05-13 09:17:56 [info     ] epoch_complete                 epoch=95 is_best=False lr=6.210526315789394e-05 total_epochs=100 train_loss=0.566425 val_loss=0.520405
2026-05-13 09:17:56 [debug    ] epoch_start                    epoch=96 total_epochs=100
2026-05-13 09:20:52 [info     ] epoch_complete                 epoch=96 is_best=False lr=5.168421052631513e-05 total_epochs=100 train_loss=0.565393 val_loss=0.520405
2026-05-13 09:20:52 [debug    ] epoch_start                    epoch=97 total_epochs=100
2026-05-13 09:23:49 [info     ] epoch_complete                 epoch=97 is_best=False lr=4.126315789473632e-05 total_epochs=100 train_loss=0.566278 val_loss=0.520405
2026-05-13 09:23:49 [debug    ] epoch_start                    epoch=98 total_epochs=100
2026-05-13 09:26:45 [info     ] epoch_complete                 epoch=98 is_best=False lr=3.0842105263157485e-05 total_epochs=100 train_loss=0.566105 val_loss=0.520405
2026-05-13 09:26:45 [debug    ] epoch_start                    epoch=99 total_epochs=100
2026-05-13 09:29:43 [info     ] epoch_complete                 epoch=99 is_best=False lr=2.042105263157871e-05 total_epochs=100 train_loss=0.565488 val_loss=0.520405
2026-05-13 09:29:43 [debug    ] epoch_start                    epoch=100 total_epochs=100
2026-05-13 09:32:41 [info     ] epoch_complete                 epoch=100 is_best=False lr=9.999999999999911e-06 total_epochs=100 train_loss=0.566077 val_loss=0.520405
2026-05-13 09:32:41 [info     ] training_log_saved             path=data/models/epochs_100_seed1/training_losses.csv
2026-05-13 09:32:41 [info     ] training_complete              best_val_loss=0.032179
2026-05-13 09:32:41 [info     ] train_typecode_done            typecode=A320
2026-05-13 09:32:41 [info     ] train_done                     typecodes=['A320']

$ uv run fdm train --arch adsb --config results/epochs_100_seed1/config.yaml --model-name epochs_100_seed1 --epochs 100 --batch-size 128 --lr 0.001 --method rk4 --seq-len 60 --train-limit 5000 --activation silu --seed 1 --device cuda --use-mode-weights --mode-weight-alpha 0.5
