2026-05-20 18:28:58 [info     ] train_start                    arch=adsb device=cuda typecodes=['A320']
2026-05-20 18:28:58 [info     ] train_typecode                 typecode=A320
2026-05-20 18:28:58 [info     ] loading_data                   train_flights=1594 val_flights=247
2026-05-20 18:28:58 [warning  ] e1_column_missing              column=fdm_g_sin_gamma_ms2
2026-05-20 18:28:58 [warning  ] e1_column_missing              column=fdm_cos_gamma
2026-05-20 18:28:58 [warning  ] e1_column_missing              column=fdm_q_pa
2026-05-20 18:28:58 [warning  ] e1_column_missing              column=fdm_g_over_v
2026-05-20 18:28:58 [warning  ] e1_column_missing              column=fdm_lat_wind_ms
2026-05-20 18:28:58 [warning  ] e1_column_missing              column=fdm_drift_rad
2026-05-20 18:28:58 [warning  ] e1_column_missing              column=fdm_track_rad
2026-05-20 18:28:58 [warning  ] e1_column_missing              column=fdm_heading_diff_rad
2026-05-20 18:29:13 [warning  ] e1_column_missing              column=fdm_g_sin_gamma_ms2
2026-05-20 18:29:13 [warning  ] e1_column_missing              column=fdm_cos_gamma
2026-05-20 18:29:13 [warning  ] e1_column_missing              column=fdm_q_pa
2026-05-20 18:29:13 [warning  ] e1_column_missing              column=fdm_g_over_v
2026-05-20 18:29:13 [warning  ] e1_column_missing              column=fdm_lat_wind_ms
2026-05-20 18:29:13 [warning  ] e1_column_missing              column=fdm_drift_rad
2026-05-20 18:29:13 [warning  ] e1_column_missing              column=fdm_track_rad
2026-05-20 18:29:13 [warning  ] e1_column_missing              column=fdm_heading_diff_rad
2026-05-20 18:29:14 [info     ] data_loaded                    train_samples=48117 val_samples=7518
2026-05-20 18:29:35 [debug    ] meta_saved                     path=data/models/bs_32_seed2/meta.json
2026-05-20 18:29:35 [info     ] trainer_initialized            architecture=node_adsb_v1 device=cuda train_samples=48117 val_samples=7518
2026-05-20 18:29:35 [info     ] preloading_data_to_gpu
2026-05-20 18:29:35 [debug    ] epoch_start                    epoch=1 total_epochs=50
/data/common/dataiku/config/projects/NODEFDM/lib/python/.venv/lib/python3.12/site-packages/torch/_inductor/compile_fx.py:321: UserWarning: TensorFloat32 tensor cores for float32 matrix multiplication available but not enabled. Consider setting `torch.set_float32_matmul_precision('high')` for better performance.
  warnings.warn(
2026-05-20 18:29:57 [info     ] debug_magnitudes               norm_mean=['8427.359375', '-0.000899', '211.646118', '3.252943'] norm_std=['2287.523926', '0.040447', '34.116577', '1.247240'] ode_loss=0.124480
2026-05-20 18:37:29 [warning  ] nan_or_inf_loss                loss=nan
W0520 18:42:41.878000 2208768 torch/_dynamo/convert_frame.py:1676] [0/8] torch._dynamo hit config.recompile_limit (8)
W0520 18:42:41.878000 2208768 torch/_dynamo/convert_frame.py:1676] [0/8]    function: 'forward' (/data/common/dataiku/config/projects/NODEFDM/lib/python/packages/node-fdm/src/node_fdm/models/fdm.py:181)
W0520 18:42:41.878000 2208768 torch/_dynamo/convert_frame.py:1676] [0/8]    last reason: 0/7: tensor 'self.history['raw_alt_m']' size mismatch at index 1. expected 1, actual 2
W0520 18:42:41.878000 2208768 torch/_dynamo/convert_frame.py:1676] [0/8] To log all recompilation reasons, use TORCH_LOGS="recompiles".
W0520 18:42:41.878000 2208768 torch/_dynamo/convert_frame.py:1676] [0/8] To diagnose recompilation issues, see https://pytorch.org/docs/main/compile/programming_model.recompilation.html
2026-05-20 18:42:42 [debug    ] meta_saved                     path=data/models/bs_32_seed2/meta.json
2026-05-20 18:42:42 [debug    ] model_saved                    epoch=1
2026-05-20 18:42:42 [info     ] epoch_complete                 epoch=1 is_best=True lr=0.00020800000000000077 total_epochs=50 train_loss=nan val_loss=0.032435
2026-05-20 18:42:42 [debug    ] epoch_start                    epoch=2 total_epochs=50
2026-05-20 18:43:09 [warning  ] nan_or_inf_loss                loss=nan
2026-05-20 18:54:27 [debug    ] meta_saved                     path=data/models/bs_32_seed2/meta.json
2026-05-20 18:54:27 [debug    ] model_saved                    epoch=2
2026-05-20 18:54:27 [info     ] epoch_complete                 epoch=2 is_best=True lr=0.00040600000000000174 total_epochs=50 train_loss=nan val_loss=0.027413
2026-05-20 18:54:27 [debug    ] epoch_start                    epoch=3 total_epochs=50
2026-05-20 18:56:22 [warning  ] nan_or_inf_loss                loss=nan
2026-05-20 19:06:07 [debug    ] meta_saved                     path=data/models/bs_32_seed2/meta.json
2026-05-20 19:06:07 [debug    ] model_saved                    epoch=3
2026-05-20 19:06:07 [info     ] epoch_complete                 epoch=3 is_best=True lr=0.0006040000000000034 total_epochs=50 train_loss=nan val_loss=0.025429
2026-05-20 19:06:07 [debug    ] epoch_start                    epoch=4 total_epochs=50
2026-05-20 19:07:16 [warning  ] nan_or_inf_loss                loss=nan
2026-05-20 19:17:45 [debug    ] meta_saved                     path=data/models/bs_32_seed2/meta.json
2026-05-20 19:17:45 [debug    ] model_saved                    epoch=4
2026-05-20 19:17:45 [info     ] epoch_complete                 epoch=4 is_best=True lr=0.0008020000000000034 total_epochs=50 train_loss=nan val_loss=0.025394
2026-05-20 19:17:45 [debug    ] epoch_start                    epoch=5 total_epochs=50
2026-05-20 19:29:18 [warning  ] nan_or_inf_loss                loss=nan
2026-05-20 19:29:27 [debug    ] meta_saved                     path=data/models/bs_32_seed2/meta.json
2026-05-20 19:29:27 [debug    ] model_saved                    epoch=5
2026-05-20 19:29:27 [info     ] epoch_complete                 epoch=5 is_best=True lr=0.001 total_epochs=50 train_loss=nan val_loss=0.025017
2026-05-20 19:29:27 [debug    ] epoch_start                    epoch=6 total_epochs=50
2026-05-20 19:30:11 [warning  ] nan_or_inf_loss                loss=nan
2026-05-20 19:41:13 [debug    ] meta_saved                     path=data/models/bs_32_seed2/meta.json
2026-05-20 19:41:13 [debug    ] model_saved                    epoch=6
2026-05-20 19:41:13 [info     ] epoch_complete                 epoch=6 is_best=True lr=0.0009779999999999641 total_epochs=50 train_loss=nan val_loss=0.024503
2026-05-20 19:41:13 [debug    ] epoch_start                    epoch=7 total_epochs=50
2026-05-20 19:43:09 [warning  ] nan_or_inf_loss                loss=nan
2026-05-20 19:52:59 [debug    ] meta_saved                     path=data/models/bs_32_seed2/meta.json
2026-05-20 19:52:59 [debug    ] model_saved                    epoch=7
2026-05-20 19:52:59 [info     ] epoch_complete                 epoch=7 is_best=True lr=0.000955999999999966 total_epochs=50 train_loss=nan val_loss=0.023951
2026-05-20 19:52:59 [debug    ] epoch_start                    epoch=8 total_epochs=50
2026-05-20 19:54:08 [warning  ] nan_or_inf_loss                loss=nan
2026-05-20 20:04:35 [debug    ] meta_saved                     path=data/models/bs_32_seed2/meta.json
2026-05-20 20:04:35 [debug    ] model_saved                    epoch=8
2026-05-20 20:04:35 [info     ] epoch_complete                 epoch=8 is_best=True lr=0.0009339999999999676 total_epochs=50 train_loss=nan val_loss=0.023458
2026-05-20 20:04:35 [debug    ] epoch_start                    epoch=9 total_epochs=50
2026-05-20 20:10:40 [warning  ] nan_or_inf_loss                loss=nan
2026-05-20 20:16:16 [info     ] epoch_complete                 epoch=9 is_best=False lr=0.0009119999999999646 total_epochs=50 train_loss=nan val_loss=0.028368
2026-05-20 20:16:16 [debug    ] epoch_start                    epoch=10 total_epochs=50
2026-05-20 20:26:08 [warning  ] nan_or_inf_loss                loss=nan
2026-05-20 20:27:58 [info     ] epoch_complete                 epoch=10 is_best=False lr=0.0008899999999999641 total_epochs=50 train_loss=nan val_loss=0.023829
2026-05-20 20:27:58 [debug    ] epoch_start                    epoch=11 total_epochs=50
2026-05-20 20:31:16 [warning  ] nan_or_inf_loss                loss=nan
2026-05-20 20:39:45 [info     ] epoch_complete                 epoch=11 is_best=False lr=0.0008679999999999602 total_epochs=50 train_loss=nan val_loss=0.02419
2026-05-20 20:39:45 [debug    ] epoch_start                    epoch=12 total_epochs=50
2026-05-20 20:43:37 [warning  ] nan_or_inf_loss                loss=nan
2026-05-20 20:51:33 [info     ] epoch_complete                 epoch=12 is_best=False lr=0.0008459999999999557 total_epochs=50 train_loss=nan val_loss=0.023846
2026-05-20 20:51:33 [debug    ] epoch_start                    epoch=13 total_epochs=50
2026-05-20 20:53:40 [warning  ] nan_or_inf_loss                loss=nan
2026-05-20 21:03:16 [debug    ] meta_saved                     path=data/models/bs_32_seed2/meta.json
2026-05-20 21:03:16 [debug    ] model_saved                    epoch=13
2026-05-20 21:03:16 [info     ] epoch_complete                 epoch=13 is_best=True lr=0.0008239999999999501 total_epochs=50 train_loss=nan val_loss=0.023077
2026-05-20 21:03:16 [debug    ] epoch_start                    epoch=14 total_epochs=50
2026-05-20 21:11:57 [warning  ] nan_or_inf_loss                loss=nan
2026-05-20 21:15:01 [info     ] epoch_complete                 epoch=14 is_best=False lr=0.0008019999999999432 total_epochs=50 train_loss=nan val_loss=0.023269
2026-05-20 21:15:01 [debug    ] epoch_start                    epoch=15 total_epochs=50
2026-05-20 21:20:29 [warning  ] nan_or_inf_loss                loss=nan
2026-05-20 21:26:45 [info     ] epoch_complete                 epoch=15 is_best=False lr=0.0007799999999999348 total_epochs=50 train_loss=nan val_loss=0.02318
2026-05-20 21:26:45 [debug    ] epoch_start                    epoch=16 total_epochs=50
2026-05-20 21:35:17 [warning  ] nan_or_inf_loss                loss=nan
2026-05-20 21:38:29 [info     ] epoch_complete                 epoch=16 is_best=False lr=0.0007579999999999236 total_epochs=50 train_loss=nan val_loss=0.023759
2026-05-20 21:38:29 [debug    ] epoch_start                    epoch=17 total_epochs=50
2026-05-20 21:45:44 [warning  ] nan_or_inf_loss                loss=nan
2026-05-20 21:50:14 [info     ] epoch_complete                 epoch=17 is_best=False lr=0.0007359999999999133 total_epochs=50 train_loss=nan val_loss=0.023244
2026-05-20 21:50:14 [debug    ] epoch_start                    epoch=18 total_epochs=50
2026-05-20 21:51:28 [warning  ] nan_or_inf_loss                loss=nan
2026-05-20 22:02:07 [info     ] epoch_complete                 epoch=18 is_best=False lr=0.0007139999999999008 total_epochs=50 train_loss=nan val_loss=0.02317
2026-05-20 22:02:07 [debug    ] epoch_start                    epoch=19 total_epochs=50
2026-05-20 22:05:39 [warning  ] nan_or_inf_loss                loss=nan
2026-05-20 22:13:53 [info     ] epoch_complete                 epoch=19 is_best=False lr=0.0006919999999998854 total_epochs=50 train_loss=nan val_loss=0.023248
2026-05-20 22:13:53 [debug    ] epoch_start                    epoch=20 total_epochs=50
2026-05-20 22:14:17 [warning  ] nan_or_inf_loss                loss=nan
2026-05-20 22:25:36 [info     ] epoch_complete                 epoch=20 is_best=False lr=0.0006699999999998693 total_epochs=50 train_loss=nan val_loss=0.023402
2026-05-20 22:25:36 [debug    ] epoch_start                    epoch=21 total_epochs=50
2026-05-20 22:33:20 [warning  ] nan_or_inf_loss                loss=nan
2026-05-20 22:37:18 [info     ] epoch_complete                 epoch=21 is_best=False lr=0.0006479999999998547 total_epochs=50 train_loss=nan val_loss=0.023749
2026-05-20 22:37:18 [debug    ] epoch_start                    epoch=22 total_epochs=50
2026-05-20 22:42:34 [warning  ] nan_or_inf_loss                loss=nan
2026-05-20 22:49:00 [debug    ] meta_saved                     path=data/models/bs_32_seed2/meta.json
2026-05-20 22:49:00 [debug    ] model_saved                    epoch=22
2026-05-20 22:49:00 [info     ] epoch_complete                 epoch=22 is_best=True lr=0.0006259999999998386 total_epochs=50 train_loss=nan val_loss=0.023032
2026-05-20 22:49:00 [debug    ] epoch_start                    epoch=23 total_epochs=50
2026-05-20 22:49:44 [warning  ] nan_or_inf_loss                loss=nan
2026-05-20 23:00:40 [debug    ] meta_saved                     path=data/models/bs_32_seed2/meta.json
2026-05-20 23:00:40 [debug    ] model_saved                    epoch=23
2026-05-20 23:00:40 [info     ] epoch_complete                 epoch=23 is_best=True lr=0.0006039999999998202 total_epochs=50 train_loss=nan val_loss=0.022992
2026-05-20 23:00:40 [debug    ] epoch_start                    epoch=24 total_epochs=50
2026-05-20 23:01:47 [warning  ] nan_or_inf_loss                loss=nan
2026-05-20 23:12:22 [debug    ] meta_saved                     path=data/models/bs_32_seed2/meta.json
2026-05-20 23:12:22 [debug    ] model_saved                    epoch=24
2026-05-20 23:12:22 [info     ] epoch_complete                 epoch=24 is_best=True lr=0.0005819999999998049 total_epochs=50 train_loss=nan val_loss=0.022877
2026-05-20 23:12:22 [debug    ] epoch_start                    epoch=25 total_epochs=50
2026-05-20 23:19:31 [warning  ] nan_or_inf_loss                loss=nan
2026-05-20 23:24:05 [info     ] epoch_complete                 epoch=25 is_best=False lr=0.0005599999999997843 total_epochs=50 train_loss=nan val_loss=0.022898
2026-05-20 23:24:05 [debug    ] epoch_start                    epoch=26 total_epochs=50
2026-05-20 23:24:25 [warning  ] nan_or_inf_loss                loss=nan
2026-05-20 23:35:46 [debug    ] meta_saved                     path=data/models/bs_32_seed2/meta.json
2026-05-20 23:35:46 [debug    ] model_saved                    epoch=26
2026-05-20 23:35:46 [info     ] epoch_complete                 epoch=26 is_best=True lr=0.0005379999999997661 total_epochs=50 train_loss=nan val_loss=0.022288
2026-05-20 23:35:46 [debug    ] epoch_start                    epoch=27 total_epochs=50
2026-05-20 23:47:27 [warning  ] nan_or_inf_loss                loss=nan
2026-05-20 23:47:32 [info     ] epoch_complete                 epoch=27 is_best=False lr=0.0005159999999997449 total_epochs=50 train_loss=nan val_loss=0.022497
2026-05-20 23:47:32 [debug    ] epoch_start                    epoch=28 total_epochs=50
2026-05-20 23:58:52 [warning  ] nan_or_inf_loss                loss=nan
2026-05-20 23:59:16 [info     ] epoch_complete                 epoch=28 is_best=False lr=0.0004939999999997231 total_epochs=50 train_loss=nan val_loss=0.023188
2026-05-20 23:59:16 [debug    ] epoch_start                    epoch=29 total_epochs=50
2026-05-21 00:06:50 [warning  ] nan_or_inf_loss                loss=nan
2026-05-21 00:11:01 [info     ] epoch_complete                 epoch=29 is_best=False lr=0.00047199999999972654 total_epochs=50 train_loss=nan val_loss=0.022425
2026-05-21 00:11:01 [debug    ] epoch_start                    epoch=30 total_epochs=50
2026-05-21 00:16:03 [warning  ] nan_or_inf_loss                loss=nan
2026-05-21 00:22:44 [info     ] epoch_complete                 epoch=30 is_best=False lr=0.00044999999999974005 total_epochs=50 train_loss=nan val_loss=0.022628
2026-05-21 00:22:44 [debug    ] epoch_start                    epoch=31 total_epochs=50
2026-05-21 00:31:40 [warning  ] nan_or_inf_loss                loss=nan
2026-05-21 00:37:11 [info     ] epoch_complete                 epoch=31 is_best=False lr=0.00042799999999975404 total_epochs=50 train_loss=nan val_loss=0.022452
2026-05-21 00:37:11 [debug    ] epoch_start                    epoch=32 total_epochs=50
2026-05-21 00:55:39 [warning  ] nan_or_inf_loss                loss=nan
2026-05-21 00:57:34 [info     ] epoch_complete                 epoch=32 is_best=False lr=0.0004059999999997666 total_epochs=50 train_loss=nan val_loss=0.022408
2026-05-21 00:57:34 [debug    ] epoch_start                    epoch=33 total_epochs=50
2026-05-21 01:09:11 [warning  ] nan_or_inf_loss                loss=nan
2026-05-21 01:10:04 [info     ] epoch_complete                 epoch=33 is_best=False lr=0.00038399999999978274 total_epochs=50 train_loss=nan val_loss=0.022449
2026-05-21 01:10:04 [debug    ] epoch_start                    epoch=34 total_epochs=50
2026-05-21 01:19:38 [warning  ] nan_or_inf_loss                loss=nan
2026-05-21 01:21:47 [debug    ] meta_saved                     path=data/models/bs_32_seed2/meta.json
2026-05-21 01:21:47 [debug    ] model_saved                    epoch=34
2026-05-21 01:21:47 [info     ] epoch_complete                 epoch=34 is_best=True lr=0.0003619999999997976 total_epochs=50 train_loss=nan val_loss=0.022267
2026-05-21 01:21:47 [debug    ] epoch_start                    epoch=35 total_epochs=50
2026-05-21 01:25:08 [warning  ] nan_or_inf_loss                loss=nan
2026-05-21 01:33:31 [debug    ] meta_saved                     path=data/models/bs_32_seed2/meta.json
2026-05-21 01:33:31 [debug    ] model_saved                    epoch=35
2026-05-21 01:33:31 [info     ] epoch_complete                 epoch=35 is_best=True lr=0.00033999999999981284 total_epochs=50 train_loss=nan val_loss=0.022219
2026-05-21 01:33:31 [debug    ] epoch_start                    epoch=36 total_epochs=50
2026-05-21 01:42:59 [warning  ] nan_or_inf_loss                loss=nan
2026-05-21 01:45:04 [debug    ] meta_saved                     path=data/models/bs_32_seed2/meta.json
2026-05-21 01:45:04 [debug    ] model_saved                    epoch=36
2026-05-21 01:45:04 [info     ] epoch_complete                 epoch=36 is_best=True lr=0.00031799999999982846 total_epochs=50 train_loss=nan val_loss=0.022121
2026-05-21 01:45:04 [debug    ] epoch_start                    epoch=37 total_epochs=50
2026-05-21 01:51:41 [warning  ] nan_or_inf_loss                loss=nan
2026-05-21 01:56:24 [info     ] epoch_complete                 epoch=37 is_best=False lr=0.00029599999999984576 total_epochs=50 train_loss=nan val_loss=0.022335
2026-05-21 01:56:24 [debug    ] epoch_start                    epoch=38 total_epochs=50
2026-05-21 01:57:55 [warning  ] nan_or_inf_loss                loss=nan
2026-05-21 02:07:55 [info     ] epoch_complete                 epoch=38 is_best=False lr=0.00027399999999986176 total_epochs=50 train_loss=nan val_loss=0.087245
2026-05-21 02:07:55 [debug    ] epoch_start                    epoch=39 total_epochs=50
2026-05-21 02:08:51 [warning  ] nan_or_inf_loss                loss=nan
2026-05-21 02:19:20 [info     ] epoch_complete                 epoch=39 is_best=False lr=0.0002519999999998791 total_epochs=50 train_loss=nan val_loss=0.112983
2026-05-21 02:19:20 [debug    ] epoch_start                    epoch=40 total_epochs=50
2026-05-21 02:22:42 [warning  ] nan_or_inf_loss                loss=nan
2026-05-21 02:30:45 [info     ] epoch_complete                 epoch=40 is_best=False lr=0.00022999999999989115 total_epochs=50 train_loss=nan val_loss=0.049101
2026-05-21 02:30:45 [debug    ] epoch_start                    epoch=41 total_epochs=50
2026-05-21 02:34:02 [warning  ] nan_or_inf_loss                loss=nan
2026-05-21 02:42:03 [info     ] epoch_complete                 epoch=41 is_best=False lr=0.00020799999999989986 total_epochs=50 train_loss=nan val_loss=0.052775
2026-05-21 02:42:03 [debug    ] epoch_start                    epoch=42 total_epochs=50
2026-05-21 02:44:32 [warning  ] nan_or_inf_loss                loss=nan
2026-05-21 02:53:22 [info     ] epoch_complete                 epoch=42 is_best=False lr=0.00018599999999990713 total_epochs=50 train_loss=nan val_loss=0.06027
2026-05-21 02:53:22 [debug    ] epoch_start                    epoch=43 total_epochs=50
2026-05-21 02:54:45 [warning  ] nan_or_inf_loss                loss=nan
2026-05-21 03:04:37 [info     ] epoch_complete                 epoch=43 is_best=False lr=0.00016399999999991286 total_epochs=50 train_loss=nan val_loss=0.052018
2026-05-21 03:04:37 [debug    ] epoch_start                    epoch=44 total_epochs=50
2026-05-21 03:10:38 [warning  ] nan_or_inf_loss                loss=nan
2026-05-21 03:16:00 [info     ] epoch_complete                 epoch=44 is_best=False lr=0.00014199999999991775 total_epochs=50 train_loss=nan val_loss=0.030459
2026-05-21 03:16:00 [debug    ] epoch_start                    epoch=45 total_epochs=50
2026-05-21 03:17:58 [warning  ] nan_or_inf_loss                loss=nan
2026-05-21 03:27:21 [info     ] epoch_complete                 epoch=45 is_best=False lr=0.00011999999999992358 total_epochs=50 train_loss=nan val_loss=0.028702
2026-05-21 03:27:21 [debug    ] epoch_start                    epoch=46 total_epochs=50
2026-05-21 03:34:11 [warning  ] nan_or_inf_loss                loss=nan
2026-05-21 03:38:34 [info     ] epoch_complete                 epoch=46 is_best=False lr=9.799999999993738e-05 total_epochs=50 train_loss=nan val_loss=0.025614
2026-05-21 03:38:34 [debug    ] epoch_start                    epoch=47 total_epochs=50
2026-05-21 03:40:52 [warning  ] nan_or_inf_loss                loss=nan
2026-05-21 03:49:54 [info     ] epoch_complete                 epoch=47 is_best=False lr=7.599999999995096e-05 total_epochs=50 train_loss=nan val_loss=0.024648
2026-05-21 03:49:54 [debug    ] epoch_start                    epoch=48 total_epochs=50
2026-05-21 03:52:00 [warning  ] nan_or_inf_loss                loss=nan
2026-05-21 04:01:08 [info     ] epoch_complete                 epoch=48 is_best=False lr=5.399999999996508e-05 total_epochs=50 train_loss=nan val_loss=0.024043
2026-05-21 04:01:08 [debug    ] epoch_start                    epoch=49 total_epochs=50
2026-05-21 04:02:24 [warning  ] nan_or_inf_loss                loss=nan
2026-05-21 04:12:20 [info     ] epoch_complete                 epoch=49 is_best=False lr=3.1999999999980124e-05 total_epochs=50 train_loss=nan val_loss=0.023632
2026-05-21 04:12:20 [debug    ] epoch_start                    epoch=50 total_epochs=50
2026-05-21 04:22:48 [warning  ] nan_or_inf_loss                loss=nan
2026-05-21 04:23:40 [info     ] epoch_complete                 epoch=50 is_best=False lr=9.999999999993956e-06 total_epochs=50 train_loss=nan val_loss=0.023466
2026-05-21 04:23:40 [info     ] training_log_saved             path=data/models/bs_32_seed2/training_losses.csv
2026-05-21 04:23:40 [info     ] training_complete              best_val_loss=0.022121
2026-05-21 04:23:40 [info     ] train_typecode_done            typecode=A320
2026-05-21 04:23:40 [info     ] train_done                     typecodes=['A320']

$ uv run fdm train --arch adsb --config results_run4/bs_32_seed2/config.yaml --model-name bs_32_seed2 --epochs 50 --batch-size 32 --lr 0.001 --method rk4 --seq-len 30 --train-limit 5000 --activation relu --seed 2 --backbone-depth 3 --head-depth 2 --hidden-width 48 --device cuda --no-use-mode-weights
