2026-05-12 19:11:46 [info     ] predict_start                  arch=adsb device=cuda local_model=True rows=607746 typecodes=['A320']
2026-05-12 19:11:48 [info     ] predict_typecode               typecode=A320
2026-05-12 19:11:48 [debug    ] checkpoint_loaded              layer=trajectory
2026-05-12 19:11:48 [debug    ] checkpoint_loaded              layer=data_ode_long
2026-05-12 19:11:48 [debug    ] checkpoint_loaded              layer=data_ode_lat
2026-05-12 19:11:48 [debug    ] checkpoint_loaded              layer=physics
2026-05-12 19:11:48 [info     ] predictor_loaded               architecture=node_adsb_v1 model_path=data/models/baseline_seed2
2026-05-12 19:16:42 [warning  ] predict_skip_nan               crop_len=7 flight_id=4009d8_NOCALL_s3 nan_rows=7
2026-05-12 19:16:42 [warning  ] predict_skip_nan               crop_len=1 flight_id=4009d8_NOCALL_s6 nan_rows=1
2026-05-12 19:22:03 [warning  ] predict_skip_nan               crop_len=22 flight_id=405f12_EZY84TB_s0 nan_rows=22
2026-05-12 19:22:52 [warning  ] predict_skip_nan               crop_len=49 flight_id=405f12_EZY91BK_s1 nan_rows=49
2026-05-12 19:22:52 [warning  ] predict_skip_nan               crop_len=82 flight_id=405f12_NOCALL_s9 nan_rows=82
2026-05-12 19:28:46 [warning  ] predict_skip_nan               crop_len=82 flight_id=40643a_NOCALL_s11 nan_rows=82
2026-05-12 19:28:46 [warning  ] predict_skip_nan               crop_len=48 flight_id=40643a_NOCALL_s4 nan_rows=48
2026-05-12 19:30:52 [warning  ] predict_skip_nan               crop_len=33 flight_id=406666_EZY36CV_s1 nan_rows=33
2026-05-12 19:30:53 [warning  ] predict_skip_nan               crop_len=124 flight_id=406666_EZY38HC_s0 nan_rows=124
2026-05-12 19:32:08 [warning  ] predict_skip_nan               crop_len=3 flight_id=406666_EZY54FN_s1 nan_rows=3
2026-05-12 19:32:39 [warning  ] predict_skip_nan               crop_len=112 flight_id=406666_EZY59AQ_s2 nan_rows=112
2026-05-12 19:33:58 [warning  ] predict_skip_nan               crop_len=1 flight_id=406666_NOCALL_s20 nan_rows=1
2026-05-12 19:33:58 [warning  ] predict_skip_nan               crop_len=47 flight_id=406666_NOCALL_s6 nan_rows=47
2026-05-12 19:36:21 [warning  ] predict_skip_nan               crop_len=29 flight_id=40666a_EZY58HC_s1 nan_rows=29
2026-05-12 19:40:07 [warning  ] predict_skip_nan               crop_len=77 flight_id=40666a_NOCALL_s1 nan_rows=77
2026-05-12 19:41:56 [warning  ] predict_skip_nan               crop_len=45 flight_id=406c72_EZY27WN_s0 nan_rows=45
2026-05-12 19:46:05 [warning  ] predict_skip_nan               crop_len=62 flight_id=406c72_NOCALL_s11 nan_rows=62
2026-05-12 19:46:51 [warning  ] predict_skip_nan               crop_len=49 flight_id=406e65_EZY31AJ_s0 nan_rows=49
2026-05-12 19:47:10 [warning  ] predict_skip_nan               crop_len=88 flight_id=406e65_EZY32XR_s2 nan_rows=88
2026-05-12 19:49:07 [warning  ] predict_skip_nan               crop_len=38 flight_id=406e65_EZY68HY_s0 nan_rows=38
2026-05-12 19:49:16 [warning  ] predict_skip_nan               crop_len=117 flight_id=406e65_EZY68HY_s2 nan_rows=117
2026-05-12 19:57:11 [warning  ] predict_skip_nan               crop_len=65 flight_id=4071d9_NOCALL_s1 nan_rows=65
2026-05-12 19:57:11 [warning  ] predict_skip_nan               crop_len=6 flight_id=4071d9_NOCALL_s8 nan_rows=6
2026-05-12 20:00:12 [warning  ] predict_skip_nan               crop_len=238 flight_id=4b15ed_EDW299_s2 nan_rows=238
2026-05-12 20:00:36 [warning  ] predict_skip_nan               crop_len=1 flight_id=4b15ed_EDW29Y_s1 nan_rows=1
2026-05-12 20:00:49 [warning  ] predict_skip_nan               crop_len=142 flight_id=4b15ed_EDW332_s1 nan_rows=142
2026-05-12 20:00:49 [warning  ] predict_skip_nan               crop_len=31 flight_id=4b15ed_EDW332_s2 nan_rows=31
2026-05-12 20:01:21 [warning  ] predict_skip_nan               crop_len=118 flight_id=4b15ed_EDW49Q_s0 nan_rows=118
2026-05-12 20:01:45 [warning  ] predict_skip_nan               crop_len=70 flight_id=4b15ed_NOCALL_s17 nan_rows=70
2026-05-12 20:02:06 [warning  ] predict_skip_nan               crop_len=15 flight_id=4b1614_NOCALL_s5 nan_rows=15
2026-05-12 20:02:42 [warning  ] predict_skip_nan               crop_len=33 flight_id=4b1614_SWR357K_s0 nan_rows=33
2026-05-12 20:05:22 [warning  ] predict_skip_nan               crop_len=32 flight_id=4ca217_EIN55G_s1 nan_rows=32
2026-05-12 20:05:22 [warning  ] predict_skip_nan               crop_len=77 flight_id=4ca217_EIN55G_s2 nan_rows=77
2026-05-12 20:05:22 [warning  ] predict_skip_nan               crop_len=78 flight_id=4ca217_EIN56V_s0 nan_rows=78
2026-05-12 20:08:09 [warning  ] predict_skip_nan               crop_len=76 flight_id=4ca217_EIN680_s0 nan_rows=76
2026-05-12 20:09:52 [warning  ] predict_skip_nan               crop_len=75 flight_id=4ca217_NOCALL_s13 nan_rows=75
2026-05-12 20:09:52 [warning  ] predict_skip_nan               crop_len=1 flight_id=4ca217_NOCALL_s3 nan_rows=1
2026-05-12 20:11:32 [warning  ] predict_skip_nan               crop_len=60 flight_id=4ca5c8_EIN52V_s0 nan_rows=60
2026-05-12 20:12:04 [warning  ] predict_skip_nan               crop_len=36 flight_id=4ca5c8_EIN5KM_s1 nan_rows=36
2026-05-12 20:12:46 [warning  ] predict_skip_nan               crop_len=80 flight_id=4ca5c8_EIN65W_s2 nan_rows=80
2026-05-12 20:13:09 [warning  ] predict_skip_nan               crop_len=1 flight_id=4ca5c8_EIN65Y_s1 nan_rows=1
2026-05-12 20:13:31 [warning  ] predict_skip_nan               crop_len=86 flight_id=4ca5c8_EIN67H_s0 nan_rows=86
2026-05-12 20:14:53 [warning  ] predict_skip_nan               crop_len=7 flight_id=4ca5c8_NOCALL_s0 nan_rows=7
2026-05-12 20:15:38 [warning  ] predict_skip_nan               crop_len=77 flight_id=7c6b0e_JST664_s0 nan_rows=77
2026-05-12 20:18:10 [warning  ] predict_skip_nan               crop_len=30 flight_id=7c6b0e__s0 nan_rows=30
2026-05-12 20:18:10 [warning  ] predict_skip_nan               crop_len=75 flight_id=7c6b0e__s1 nan_rows=75
2026-05-12 20:18:10 [warning  ] predict_skip_nan               crop_len=12 flight_id=7c6b0e__s10 nan_rows=12
2026-05-12 20:18:10 [warning  ] predict_skip_nan               crop_len=42 flight_id=7c6b0e__s11 nan_rows=42
2026-05-12 20:18:10 [warning  ] predict_skip_nan               crop_len=87 flight_id=7c6b0e__s4 nan_rows=87
2026-05-12 20:18:10 [warning  ] predict_skip_nan               crop_len=25 flight_id=7c6b0e__s7 nan_rows=25
2026-05-12 20:18:10 [warning  ] predict_skip_nan               crop_len=111 flight_id=7c6b0e__s8 nan_rows=111
2026-05-12 20:18:10 [warning  ] predict_skip_nan               crop_len=56 flight_id=a0681c_AA0013_s0 nan_rows=56
2026-05-12 20:18:10 [warning  ] predict_skip_nan               crop_len=75 flight_id=a0681c_AA0013_s1 nan_rows=75
2026-05-12 20:18:10 [warning  ] predict_skip_nan               crop_len=414 flight_id=a0681c_AA0013_s2 nan_rows=414
2026-05-12 20:18:10 [warning  ] predict_skip_nan               crop_len=75 flight_id=a0681c_AA0013_s3 nan_rows=75
2026-05-12 20:18:10 [warning  ] predict_skip_nan               crop_len=222 flight_id=a0681c_AA0013_s4 nan_rows=222
2026-05-12 20:18:10 [warning  ] predict_skip_nan               crop_len=185 flight_id=a0681c_AA0013_s5 nan_rows=185
2026-05-12 20:19:08 [warning  ] predict_skip_nan               crop_len=1 flight_id=a0681c_AAL2368_s2 nan_rows=1
2026-05-12 20:19:08 [warning  ] predict_skip_nan               crop_len=1 flight_id=a0681c_AAL2368_s3 nan_rows=1
2026-05-12 20:20:43 [warning  ] predict_skip_nan               crop_len=75 flight_id=a0681c_AAL634_s2 nan_rows=75
2026-05-12 20:21:05 [warning  ] predict_skip_nan               crop_len=1225 flight_id=a06bd3_AAL1518_s0 nan_rows=1225
2026-05-12 20:21:05 [warning  ] predict_skip_nan               crop_len=1684 flight_id=a06bd3_AAL1518_s1 nan_rows=1684
2026-05-12 20:21:05 [warning  ] predict_skip_nan               crop_len=394 flight_id=a06bd3_AAL1518_s2 nan_rows=394
2026-05-12 20:22:26 [warning  ] predict_skip_nan               crop_len=534 flight_id=a06bd3_AAL489_s0 nan_rows=534
2026-05-12 20:23:26 [warning  ] predict_skip_nan               crop_len=85 flight_id=a06bd3_N126UW_s0 nan_rows=85
2026-05-12 20:23:26 [warning  ] predict_skip_nan               crop_len=125 flight_id=a06bd3_N126UW_s1 nan_rows=125
2026-05-12 20:23:26 [warning  ] predict_skip_nan               crop_len=462 flight_id=a06bd3_N126UW_s2 nan_rows=462
2026-05-12 20:30:56 [warning  ] predict_skip_nan               crop_len=38 flight_id=a31829_AAY1570_s0 nan_rows=38
2026-05-12 20:37:25 [warning  ] predict_skip_nan               crop_len=79 flight_id=a438c3_DAL330_s0 nan_rows=79
2026-05-12 20:37:46 [warning  ] predict_skip_nan               crop_len=3 flight_id=a438c3_DAL360_s0 nan_rows=3
2026-05-12 20:38:02 [warning  ] predict_skip_nan               crop_len=75 flight_id=a438c3_DAL360_s2 nan_rows=75
2026-05-12 20:38:17 [warning  ] predict_skip_nan               crop_len=11 flight_id=a438c3_DAL537_s0 nan_rows=11
2026-05-12 20:38:33 [warning  ] predict_skip_nan               crop_len=87 flight_id=a438c3_DAL926_s0 nan_rows=87
2026-05-12 20:39:06 [warning  ] predict_skip_nan               crop_len=57 flight_id=a438c3_NOCALL_s13 nan_rows=57
2026-05-12 20:39:06 [warning  ] predict_skip_nan               crop_len=75 flight_id=a438c3_NOCALL_s17 nan_rows=75
2026-05-12 20:42:14 [warning  ] predict_skip_nan               crop_len=1 flight_id=a43c7a_DAL2749_s1 nan_rows=1
2026-05-12 20:43:29 [warning  ] predict_skip_nan               crop_len=33 flight_id=a43c7a_DAL420_s1 nan_rows=33
2026-05-12 20:44:34 [warning  ] predict_skip_nan               crop_len=76 flight_id=a43c7a_NOCALL_s11 nan_rows=76
2026-05-12 20:44:34 [warning  ] predict_skip_nan               crop_len=79 flight_id=a5b916_NOCALL_s8 nan_rows=79
2026-05-12 20:44:46 [warning  ] predict_skip_nan               crop_len=53 flight_id=a5b916_UAL1479_s0 nan_rows=53
2026-05-12 20:45:53 [warning  ] predict_skip_nan               crop_len=87 flight_id=a5b916_UAL1781_s1 nan_rows=87
2026-05-12 20:45:53 [warning  ] predict_skip_nan               crop_len=29 flight_id=a5b916_UAL1874_s0 nan_rows=29
2026-05-12 20:46:45 [warning  ] predict_skip_nan               crop_len=19 flight_id=a5b916_UAL2265_s0 nan_rows=19
2026-05-12 20:47:25 [warning  ] predict_skip_nan               crop_len=52 flight_id=a5b916_UAL347_s0 nan_rows=52
2026-05-12 20:48:12 [warning  ] predict_skip_nan               crop_len=22 flight_id=a5b916_UAL616_s0 nan_rows=22
2026-05-12 20:49:01 [warning  ] predict_skip_nan               crop_len=111 flight_id=a6a4d5_NOCALL_s0 nan_rows=111
2026-05-12 20:50:03 [warning  ] predict_skip_nan               crop_len=1 flight_id=a6a4d5_VOI3193_s0 nan_rows=1
2026-05-12 20:51:34 [warning  ] predict_skip_nan               crop_len=2 flight_id=a6c6cb_NOCALL_s3 nan_rows=2
2026-05-12 20:53:01 [warning  ] predict_skip_nan               crop_len=39 flight_id=a6cb48_JBU1334_s3 nan_rows=39
2026-05-12 20:53:07 [warning  ] predict_skip_nan               crop_len=41 flight_id=a6cb48_JBU1608_s0 nan_rows=41
2026-05-12 20:54:25 [warning  ] predict_skip_nan               crop_len=120 flight_id=a6cb48_JBU893_s0 nan_rows=120
2026-05-12 20:54:56 [warning  ] predict_skip_nan               crop_len=101 flight_id=a6cb48_NOCALL_s0 nan_rows=101
2026-05-12 20:54:56 [warning  ] predict_skip_nan               crop_len=75 flight_id=a6cb48_NOCALL_s14 nan_rows=75
2026-05-12 20:54:56 [warning  ] predict_skip_nan               crop_len=60 flight_id=a6cb48_NOCALL_s16 nan_rows=60
2026-05-12 20:54:56 [warning  ] predict_skip_nan               crop_len=408 flight_id=a6cb48_NOCALL_s7 nan_rows=408
2026-05-12 20:55:32 [warning  ] predict_skip_nan               crop_len=23 flight_id=a7da9c_JBU1849_s2 nan_rows=23
2026-05-12 20:55:38 [warning  ] predict_skip_nan               crop_len=97 flight_id=a7da9c_JBU1903_s1 nan_rows=97
2026-05-12 20:55:45 [warning  ] predict_skip_nan               crop_len=59 flight_id=a7da9c_JBU2105_s1 nan_rows=59
2026-05-12 20:56:01 [warning  ] predict_skip_nan               crop_len=8 flight_id=a7da9c_JBU2106_s1 nan_rows=8
2026-05-12 20:56:35 [warning  ] predict_skip_nan               crop_len=3 flight_id=a7da9c_JBU2266_s2 nan_rows=3
2026-05-12 20:57:08 [warning  ] predict_skip_nan               crop_len=8 flight_id=a7da9c_JBU404_s1 nan_rows=8
2026-05-12 20:57:08 [warning  ] predict_skip_nan               crop_len=3 flight_id=a7da9c_JBU404_s2 nan_rows=3
2026-05-12 20:57:30 [warning  ] predict_skip_nan               crop_len=92 flight_id=a7da9c_JBU526_s1 nan_rows=92
2026-05-12 20:58:00 [warning  ] predict_skip_nan               crop_len=1 flight_id=a7da9c_NOCALL_s11 nan_rows=1
2026-05-12 20:58:00 [warning  ] predict_skip_nan               crop_len=31 flight_id=a7da9c_NOCALL_s14 nan_rows=31
2026-05-12 20:58:00 [warning  ] predict_skip_nan               crop_len=39 flight_id=a7da9c_NOCALL_s2 nan_rows=39
2026-05-12 20:58:00 [warning  ] predict_skip_nan               crop_len=3 flight_id=a7da9c_NOCALL_s22 nan_rows=3
2026-05-12 20:58:00 [warning  ] predict_skip_nan               crop_len=75 flight_id=a7da9c_NOCALL_s24 nan_rows=75
2026-05-12 20:58:00 [warning  ] predict_skip_nan               crop_len=75 flight_id=a7da9c_NOCALL_s7 nan_rows=75
2026-05-12 20:58:00 [warning  ] predict_skip_nan               crop_len=76 flight_id=a7da9c_NOCALL_s8 nan_rows=76
2026-05-12 20:58:24 [warning  ] predict_skip_nan               crop_len=5 flight_id=a7e9e4_NKS2644_s1 nan_rows=5
2026-05-12 20:58:37 [warning  ] predict_skip_nan               crop_len=16 flight_id=a7e9e4_NKS2646_s0 nan_rows=16
2026-05-12 20:59:17 [warning  ] predict_skip_nan               crop_len=149 flight_id=a7e9e4_NKS2647_s0 nan_rows=149
2026-05-12 21:00:50 [warning  ] predict_skip_nan               crop_len=92 flight_id=a7e9e4_NOCALL_s10 nan_rows=92
2026-05-12 21:01:20 [warning  ] predict_skip_nan               crop_len=195 flight_id=a87f51_AAL1638_s0 nan_rows=195
2026-05-12 21:01:20 [warning  ] predict_skip_nan               crop_len=84 flight_id=a87f51_AAL1638_s1 nan_rows=84
2026-05-12 21:02:21 [warning  ] predict_skip_nan               crop_len=100 flight_id=a87f51_AAL2623_s0 nan_rows=100
2026-05-12 21:02:21 [warning  ] predict_skip_nan               crop_len=408 flight_id=a87f51_AAL2623_s1 nan_rows=408
2026-05-12 21:03:42 [warning  ] predict_skip_nan               crop_len=871 flight_id=a87f51_AAL3120_s1 nan_rows=871
2026-05-12 21:03:42 [warning  ] predict_skip_nan               crop_len=100 flight_id=a87f51_AAL3120_s2 nan_rows=100
2026-05-12 21:05:05 [warning  ] predict_skip_nan               crop_len=84 flight_id=a87f51_N647AW_s0 nan_rows=84
2026-05-12 21:05:05 [warning  ] predict_skip_nan               crop_len=957 flight_id=a87f51_N647AW_s2 nan_rows=957
2026-05-12 21:05:05 [warning  ] predict_skip_nan               crop_len=183 flight_id=a87f51_N647AW_s3 nan_rows=183
2026-05-12 21:06:37 [warning  ] predict_skip_nan               crop_len=9 flight_id=ab355c_JBU730_s2 nan_rows=9
2026-05-12 21:07:05 [warning  ] predict_skip_nan               crop_len=74 flight_id=ab355c_NOCALL_s3 nan_rows=74
2026-05-12 21:07:05 [info     ] predict_typecode_done          flights_total=542 flights_written=417 typecode=A320
2026-05-12 21:07:05 [info     ] predict_done                   typecodes=['A320']

$ uv run fdm predict --arch adsb --config results/baseline_seed2/config.yaml --local-model --model-name baseline_seed2 --device cuda
