2026-05-18 08:45:14 [info     ] train_start                    arch=adsb device=cuda typecodes=['A320']
2026-05-18 08:45:14 [info     ] train_typecode                 typecode=A320
2026-05-18 08:45:14 [info     ] loading_data                   train_flights=1594 val_flights=247
2026-05-18 08:45:14 [warning  ] e1_column_missing              column=fdm_g_sin_gamma_ms2
2026-05-18 08:45:14 [warning  ] e1_column_missing              column=fdm_cos_gamma
2026-05-18 08:45:14 [warning  ] e1_column_missing              column=fdm_q_pa
2026-05-18 08:45:14 [warning  ] e1_column_missing              column=fdm_g_over_v
2026-05-18 08:45:14 [warning  ] e1_column_missing              column=fdm_lat_wind_ms
2026-05-18 08:45:14 [warning  ] e1_column_missing              column=fdm_drift_rad
2026-05-18 08:45:14 [warning  ] e1_column_missing              column=fdm_track_rad
2026-05-18 08:45:14 [warning  ] e1_column_missing              column=fdm_heading_diff_rad
2026-05-18 08:45:21 [warning  ] e1_column_missing              column=fdm_g_sin_gamma_ms2
2026-05-18 08:45:21 [warning  ] e1_column_missing              column=fdm_cos_gamma
2026-05-18 08:45:21 [warning  ] e1_column_missing              column=fdm_q_pa
2026-05-18 08:45:21 [warning  ] e1_column_missing              column=fdm_g_over_v
2026-05-18 08:45:21 [warning  ] e1_column_missing              column=fdm_lat_wind_ms
2026-05-18 08:45:21 [warning  ] e1_column_missing              column=fdm_drift_rad
2026-05-18 08:45:21 [warning  ] e1_column_missing              column=fdm_track_rad
2026-05-18 08:45:21 [warning  ] e1_column_missing              column=fdm_heading_diff_rad
2026-05-18 08:45:22 [info     ] data_loaded                    train_samples=97960 val_samples=15337
2026-05-18 08:45:51 [debug    ] meta_saved                     path=data/models/seq_15_seed1/meta.json
2026-05-18 08:45:51 [info     ] trainer_initialized            architecture=node_adsb_v1 device=cuda train_samples=97960 val_samples=15337
2026-05-18 08:45:51 [info     ] preloading_data_to_gpu
2026-05-18 08:45:51 [debug    ] epoch_start                    epoch=1 total_epochs=50
/data/common/dataiku/config/projects/NODEFDM/lib/python/.venv/lib/python3.12/site-packages/torch/_inductor/compile_fx.py:321: UserWarning: TensorFloat32 tensor cores for float32 matrix multiplication available but not enabled. Consider setting `torch.set_float32_matmul_precision('high')` for better performance.
  warnings.warn(
2026-05-18 08:46:14 [info     ] debug_magnitudes               norm_mean=['8354.749023', '-0.000742', '210.518036', '3.252582'] norm_std=['2305.812012', '0.040960', '34.659386', '1.247552'] ode_loss=0.441130
2026-05-18 08:47:02 [warning  ] nan_or_inf_loss                loss=nan
2026-05-18 08:47:29 [warning  ] nan_or_inf_loss                loss=nan
2026-05-18 08:48:24 [warning  ] nan_or_inf_loss                loss=nan
2026-05-18 08:51:49 [warning  ] nan_or_inf_loss                loss=nan
2026-05-18 08:52:14 [warning  ] nan_or_inf_loss                loss=nan
2026-05-18 08:52:52 [warning  ] nan_or_inf_loss                loss=nan
2026-05-18 08:52:54 [warning  ] nan_or_inf_loss                loss=nan
2026-05-18 08:55:19 [warning  ] nan_or_inf_loss                loss=nan
2026-05-18 08:56:32 [warning  ] nan_or_inf_loss                loss=nan
2026-05-18 08:57:11 [warning  ] nan_or_inf_loss                loss=nan
2026-05-18 08:57:36 [warning  ] nan_or_inf_loss                loss=nan
2026-05-18 08:57:45 [warning  ] nan_or_inf_loss                loss=nan
W0518 08:58:53.218000 1091347 torch/_dynamo/convert_frame.py:1676] [0/8] torch._dynamo hit config.recompile_limit (8)
W0518 08:58:53.218000 1091347 torch/_dynamo/convert_frame.py:1676] [0/8]    function: 'forward' (/data/common/dataiku/config/projects/NODEFDM/lib/python/packages/node-fdm/src/node_fdm/models/fdm.py:181)
W0518 08:58:53.218000 1091347 torch/_dynamo/convert_frame.py:1676] [0/8]    last reason: 0/7: tensor 'self.history['raw_alt_m']' size mismatch at index 1. expected 1, actual 2
W0518 08:58:53.218000 1091347 torch/_dynamo/convert_frame.py:1676] [0/8] To log all recompilation reasons, use TORCH_LOGS="recompiles".
W0518 08:58:53.218000 1091347 torch/_dynamo/convert_frame.py:1676] [0/8] To diagnose recompilation issues, see https://pytorch.org/docs/main/compile/programming_model.recompilation.html
2026-05-18 08:58:53 [warning  ] nan_or_inf_loss                loss=nan
2026-05-18 08:58:53 [info     ] epoch_complete                 epoch=1 is_best=False lr=0.0002080000000000001 total_epochs=50 train_loss=nan val_loss=nan
2026-05-18 08:58:53 [debug    ] epoch_start                    epoch=2 total_epochs=50
2026-05-18 08:59:06 [warning  ] nan_or_inf_loss                loss=nan
2026-05-18 08:59:10 [warning  ] nan_or_inf_loss                loss=nan
2026-05-18 08:59:30 [warning  ] nan_or_inf_loss                loss=nan
2026-05-18 09:00:19 [warning  ] nan_or_inf_loss                loss=nan
2026-05-18 09:00:54 [warning  ] nan_or_inf_loss                loss=nan
2026-05-18 09:01:45 [warning  ] nan_or_inf_loss                loss=nan
2026-05-18 09:02:12 [warning  ] nan_or_inf_loss                loss=nan
2026-05-18 09:02:53 [warning  ] nan_or_inf_loss                loss=nan
2026-05-18 09:03:08 [warning  ] nan_or_inf_loss                loss=nan
2026-05-18 09:03:19 [warning  ] nan_or_inf_loss                loss=nan
2026-05-18 09:06:36 [warning  ] nan_or_inf_loss                loss=nan
2026-05-18 09:08:44 [warning  ] nan_or_inf_loss                loss=nan
2026-05-18 09:10:00 [warning  ] nan_or_inf_loss                loss=nan
2026-05-18 09:10:01 [info     ] epoch_complete                 epoch=2 is_best=False lr=0.0004060000000000114 total_epochs=50 train_loss=nan val_loss=nan
2026-05-18 09:10:01 [debug    ] epoch_start                    epoch=3 total_epochs=50
2026-05-18 09:10:11 [warning  ] nan_or_inf_loss                loss=nan
2026-05-18 09:10:45 [warning  ] nan_or_inf_loss                loss=nan
2026-05-18 09:11:27 [warning  ] nan_or_inf_loss                loss=nan
2026-05-18 09:11:42 [warning  ] nan_or_inf_loss                loss=nan
2026-05-18 09:12:57 [warning  ] nan_or_inf_loss                loss=nan
2026-05-18 09:13:23 [warning  ] nan_or_inf_loss                loss=nan
2026-05-18 09:15:34 [warning  ] nan_or_inf_loss                loss=nan
2026-05-18 09:15:54 [warning  ] nan_or_inf_loss                loss=nan
2026-05-18 09:16:43 [warning  ] nan_or_inf_loss                loss=nan
2026-05-18 09:17:52 [warning  ] nan_or_inf_loss                loss=nan
2026-05-18 09:18:48 [warning  ] nan_or_inf_loss                loss=nan
2026-05-18 09:19:13 [warning  ] nan_or_inf_loss                loss=nan
2026-05-18 09:21:16 [warning  ] nan_or_inf_loss                loss=nan
2026-05-18 09:21:16 [info     ] epoch_complete                 epoch=3 is_best=False lr=0.0006040000000000199 total_epochs=50 train_loss=nan val_loss=nan
2026-05-18 09:21:16 [debug    ] epoch_start                    epoch=4 total_epochs=50
2026-05-18 09:21:46 [warning  ] nan_or_inf_loss                loss=nan
2026-05-18 09:22:31 [warning  ] nan_or_inf_loss                loss=nan
2026-05-18 09:23:58 [warning  ] nan_or_inf_loss                loss=nan
2026-05-18 09:25:02 [warning  ] nan_or_inf_loss                loss=nan
2026-05-18 09:25:32 [warning  ] nan_or_inf_loss                loss=nan
2026-05-18 09:27:07 [warning  ] nan_or_inf_loss                loss=nan
2026-05-18 09:28:24 [warning  ] nan_or_inf_loss                loss=nan
2026-05-18 09:30:38 [warning  ] nan_or_inf_loss                loss=nan
2026-05-18 09:31:24 [warning  ] nan_or_inf_loss                loss=nan
2026-05-18 09:31:44 [warning  ] nan_or_inf_loss                loss=nan
2026-05-18 09:32:10 [warning  ] nan_or_inf_loss                loss=nan
2026-05-18 09:32:25 [warning  ] nan_or_inf_loss                loss=nan
2026-05-18 09:32:31 [warning  ] nan_or_inf_loss                loss=nan
2026-05-18 09:32:31 [info     ] epoch_complete                 epoch=4 is_best=False lr=0.0008020000000000108 total_epochs=50 train_loss=nan val_loss=nan
2026-05-18 09:32:31 [debug    ] epoch_start                    epoch=5 total_epochs=50
2026-05-18 09:34:19 [warning  ] nan_or_inf_loss                loss=nan
2026-05-18 09:35:41 [warning  ] nan_or_inf_loss                loss=nan
2026-05-18 09:36:40 [warning  ] nan_or_inf_loss                loss=nan
2026-05-18 09:37:49 [warning  ] nan_or_inf_loss                loss=nan
2026-05-18 09:38:09 [warning  ] nan_or_inf_loss                loss=nan
2026-05-18 09:40:00 [warning  ] nan_or_inf_loss                loss=nan
2026-05-18 09:40:25 [warning  ] nan_or_inf_loss                loss=nan
2026-05-18 09:41:27 [warning  ] nan_or_inf_loss                loss=nan
2026-05-18 09:42:38 [warning  ] nan_or_inf_loss                loss=nan
2026-05-18 09:43:14 [warning  ] nan_or_inf_loss                loss=nan
2026-05-18 09:43:25 [warning  ] nan_or_inf_loss                loss=nan
2026-05-18 09:43:36 [warning  ] nan_or_inf_loss                loss=nan
2026-05-18 09:43:46 [warning  ] nan_or_inf_loss                loss=nan
2026-05-18 09:43:47 [info     ] epoch_complete                 epoch=5 is_best=False lr=0.001 total_epochs=50 train_loss=nan val_loss=nan
2026-05-18 09:43:47 [debug    ] epoch_start                    epoch=6 total_epochs=50
2026-05-18 09:44:14 [warning  ] nan_or_inf_loss                loss=nan
2026-05-18 09:45:13 [warning  ] nan_or_inf_loss                loss=nan
2026-05-18 09:46:50 [warning  ] nan_or_inf_loss                loss=nan
2026-05-18 09:47:09 [warning  ] nan_or_inf_loss                loss=nan
2026-05-18 09:47:40 [warning  ] nan_or_inf_loss                loss=nan
2026-05-18 09:48:29 [warning  ] nan_or_inf_loss                loss=nan
2026-05-18 09:48:48 [warning  ] nan_or_inf_loss                loss=nan
2026-05-18 09:50:32 [warning  ] nan_or_inf_loss                loss=nan
2026-05-18 09:52:11 [warning  ] nan_or_inf_loss                loss=nan
2026-05-18 09:53:27 [warning  ] nan_or_inf_loss                loss=nan
2026-05-18 09:53:31 [warning  ] nan_or_inf_loss                loss=nan
2026-05-18 09:54:07 [warning  ] nan_or_inf_loss                loss=nan
2026-05-18 09:55:03 [warning  ] nan_or_inf_loss                loss=nan
2026-05-18 09:55:03 [info     ] epoch_complete                 epoch=6 is_best=False lr=0.0009780000000001333 total_epochs=50 train_loss=nan val_loss=nan
2026-05-18 09:55:03 [debug    ] epoch_start                    epoch=7 total_epochs=50
2026-05-18 09:55:06 [warning  ] nan_or_inf_loss                loss=nan
2026-05-18 09:55:31 [warning  ] nan_or_inf_loss                loss=nan
2026-05-18 09:56:44 [warning  ] nan_or_inf_loss                loss=nan
2026-05-18 09:57:39 [warning  ] nan_or_inf_loss                loss=nan
2026-05-18 09:58:56 [warning  ] nan_or_inf_loss                loss=nan
2026-05-18 09:59:13 [warning  ] nan_or_inf_loss                loss=nan
2026-05-18 10:03:15 [warning  ] nan_or_inf_loss                loss=nan
2026-05-18 10:03:16 [warning  ] nan_or_inf_loss                loss=nan
2026-05-18 10:03:29 [warning  ] nan_or_inf_loss                loss=nan
2026-05-18 10:04:18 [warning  ] nan_or_inf_loss                loss=nan
2026-05-18 10:05:23 [warning  ] nan_or_inf_loss                loss=nan
2026-05-18 10:05:57 [warning  ] nan_or_inf_loss                loss=nan
2026-05-18 10:06:19 [warning  ] nan_or_inf_loss                loss=nan
2026-05-18 10:06:19 [info     ] epoch_complete                 epoch=7 is_best=False lr=0.000956000000000138 total_epochs=50 train_loss=nan val_loss=nan
2026-05-18 10:06:19 [debug    ] epoch_start                    epoch=8 total_epochs=50
2026-05-18 10:07:47 [warning  ] nan_or_inf_loss                loss=nan
2026-05-18 10:09:25 [warning  ] nan_or_inf_loss                loss=nan
2026-05-18 10:09:39 [warning  ] nan_or_inf_loss                loss=nan
2026-05-18 10:11:20 [warning  ] nan_or_inf_loss                loss=nan
2026-05-18 10:12:10 [warning  ] nan_or_inf_loss                loss=nan
2026-05-18 10:12:28 [warning  ] nan_or_inf_loss                loss=nan
2026-05-18 10:13:04 [warning  ] nan_or_inf_loss                loss=nan
2026-05-18 10:14:19 [warning  ] nan_or_inf_loss                loss=nan
2026-05-18 10:14:47 [warning  ] nan_or_inf_loss                loss=nan
2026-05-18 10:14:53 [warning  ] nan_or_inf_loss                loss=nan
2026-05-18 10:16:10 [warning  ] nan_or_inf_loss                loss=nan
2026-05-18 10:16:41 [warning  ] nan_or_inf_loss                loss=nan
2026-05-18 10:17:35 [warning  ] nan_or_inf_loss                loss=nan
2026-05-18 10:17:35 [info     ] epoch_complete                 epoch=8 is_best=False lr=0.0009340000000001336 total_epochs=50 train_loss=nan val_loss=nan
2026-05-18 10:17:35 [debug    ] epoch_start                    epoch=9 total_epochs=50
2026-05-18 10:18:34 [warning  ] nan_or_inf_loss                loss=nan
2026-05-18 10:22:25 [warning  ] nan_or_inf_loss                loss=nan
2026-05-18 10:23:16 [warning  ] nan_or_inf_loss                loss=nan
2026-05-18 10:23:18 [warning  ] nan_or_inf_loss                loss=nan
2026-05-18 10:23:31 [warning  ] nan_or_inf_loss                loss=nan
2026-05-18 10:23:33 [warning  ] nan_or_inf_loss                loss=nan
2026-05-18 10:24:08 [warning  ] nan_or_inf_loss                loss=nan
2026-05-18 10:24:22 [warning  ] nan_or_inf_loss                loss=nan
2026-05-18 10:25:55 [warning  ] nan_or_inf_loss                loss=nan
2026-05-18 10:26:49 [warning  ] nan_or_inf_loss                loss=nan
2026-05-18 10:27:07 [warning  ] nan_or_inf_loss                loss=nan
2026-05-18 10:28:31 [warning  ] nan_or_inf_loss                loss=nan
2026-05-18 10:28:50 [warning  ] nan_or_inf_loss                loss=nan
2026-05-18 10:28:50 [info     ] epoch_complete                 epoch=9 is_best=False lr=0.0009120000000001297 total_epochs=50 train_loss=nan val_loss=nan
2026-05-18 10:28:50 [debug    ] epoch_start                    epoch=10 total_epochs=50
2026-05-18 10:29:09 [warning  ] nan_or_inf_loss                loss=nan
2026-05-18 10:30:28 [warning  ] nan_or_inf_loss                loss=nan
2026-05-18 10:30:42 [warning  ] nan_or_inf_loss                loss=nan
2026-05-18 10:30:53 [warning  ] nan_or_inf_loss                loss=nan
2026-05-18 10:31:30 [warning  ] nan_or_inf_loss                loss=nan
2026-05-18 10:31:34 [warning  ] nan_or_inf_loss                loss=nan
2026-05-18 10:32:33 [warning  ] nan_or_inf_loss                loss=nan
2026-05-18 10:32:56 [warning  ] nan_or_inf_loss                loss=nan
2026-05-18 10:33:50 [warning  ] nan_or_inf_loss                loss=nan
2026-05-18 10:34:31 [warning  ] nan_or_inf_loss                loss=nan
2026-05-18 10:35:33 [warning  ] nan_or_inf_loss                loss=nan
2026-05-18 10:40:01 [warning  ] nan_or_inf_loss                loss=nan
2026-05-18 10:40:06 [warning  ] nan_or_inf_loss                loss=nan
2026-05-18 10:40:07 [info     ] epoch_complete                 epoch=10 is_best=False lr=0.0008900000000001308 total_epochs=50 train_loss=nan val_loss=nan
2026-05-18 10:40:07 [debug    ] epoch_start                    epoch=11 total_epochs=50
2026-05-18 10:44:18 [warning  ] nan_or_inf_loss                loss=nan
2026-05-18 10:44:46 [warning  ] nan_or_inf_loss                loss=nan
2026-05-18 10:45:19 [warning  ] nan_or_inf_loss                loss=nan
2026-05-18 10:45:32 [warning  ] nan_or_inf_loss                loss=nan
2026-05-18 10:46:28 [warning  ] nan_or_inf_loss                loss=nan
2026-05-18 10:46:35 [warning  ] nan_or_inf_loss                loss=nan
2026-05-18 10:48:53 [warning  ] nan_or_inf_loss                loss=nan
2026-05-18 10:48:56 [warning  ] nan_or_inf_loss                loss=nan
2026-05-18 10:49:06 [warning  ] nan_or_inf_loss                loss=nan
2026-05-18 10:49:17 [warning  ] nan_or_inf_loss                loss=nan
2026-05-18 10:50:46 [warning  ] nan_or_inf_loss                loss=nan
2026-05-18 10:50:52 [warning  ] nan_or_inf_loss                loss=nan
2026-05-18 10:51:21 [warning  ] nan_or_inf_loss                loss=nan
2026-05-18 10:51:21 [info     ] epoch_complete                 epoch=11 is_best=False lr=0.0008680000000001309 total_epochs=50 train_loss=nan val_loss=nan
2026-05-18 10:51:21 [debug    ] epoch_start                    epoch=12 total_epochs=50
2026-05-18 10:51:30 [warning  ] nan_or_inf_loss                loss=nan
2026-05-18 10:51:59 [warning  ] nan_or_inf_loss                loss=nan
2026-05-18 10:52:02 [warning  ] nan_or_inf_loss                loss=nan
2026-05-18 10:53:30 [warning  ] nan_or_inf_loss                loss=nan
2026-05-18 10:54:41 [warning  ] nan_or_inf_loss                loss=nan
2026-05-18 10:55:23 [warning  ] nan_or_inf_loss                loss=nan
2026-05-18 10:56:57 [warning  ] nan_or_inf_loss                loss=nan
2026-05-18 10:57:39 [warning  ] nan_or_inf_loss                loss=nan
2026-05-18 10:57:58 [warning  ] nan_or_inf_loss                loss=nan
2026-05-18 11:00:01 [warning  ] nan_or_inf_loss                loss=nan
2026-05-18 11:00:40 [warning  ] nan_or_inf_loss                loss=nan
2026-05-18 11:02:12 [warning  ] nan_or_inf_loss                loss=nan
2026-05-18 11:02:39 [warning  ] nan_or_inf_loss                loss=nan
2026-05-18 11:02:40 [info     ] epoch_complete                 epoch=12 is_best=False lr=0.000846000000000129 total_epochs=50 train_loss=nan val_loss=nan
2026-05-18 11:02:40 [debug    ] epoch_start                    epoch=13 total_epochs=50
2026-05-18 11:02:58 [warning  ] nan_or_inf_loss                loss=nan
2026-05-18 11:03:25 [warning  ] nan_or_inf_loss                loss=nan
2026-05-18 11:07:36 [warning  ] nan_or_inf_loss                loss=nan
2026-05-18 11:08:22 [warning  ] nan_or_inf_loss                loss=nan
2026-05-18 11:08:51 [warning  ] nan_or_inf_loss                loss=nan
2026-05-18 11:09:06 [warning  ] nan_or_inf_loss                loss=nan
2026-05-18 11:09:17 [warning  ] nan_or_inf_loss                loss=nan
2026-05-18 11:09:19 [warning  ] nan_or_inf_loss                loss=nan
2026-05-18 11:09:34 [warning  ] nan_or_inf_loss                loss=nan
2026-05-18 11:10:19 [warning  ] nan_or_inf_loss                loss=nan
2026-05-18 11:11:27 [warning  ] nan_or_inf_loss                loss=nan
2026-05-18 11:12:31 [warning  ] nan_or_inf_loss                loss=nan
2026-05-18 11:13:57 [warning  ] nan_or_inf_loss                loss=nan
2026-05-18 11:13:57 [info     ] epoch_complete                 epoch=13 is_best=False lr=0.0008240000000001275 total_epochs=50 train_loss=nan val_loss=nan
2026-05-18 11:13:57 [debug    ] epoch_start                    epoch=14 total_epochs=50
2026-05-18 11:14:20 [warning  ] nan_or_inf_loss                loss=nan
2026-05-18 11:14:26 [warning  ] nan_or_inf_loss                loss=nan
2026-05-18 11:14:47 [warning  ] nan_or_inf_loss                loss=nan
2026-05-18 11:15:28 [warning  ] nan_or_inf_loss                loss=nan
2026-05-18 11:16:44 [warning  ] nan_or_inf_loss                loss=nan
2026-05-18 11:17:10 [warning  ] nan_or_inf_loss                loss=nan
2026-05-18 11:18:59 [warning  ] nan_or_inf_loss                loss=nan
2026-05-18 11:19:16 [warning  ] nan_or_inf_loss                loss=nan
2026-05-18 11:19:21 [warning  ] nan_or_inf_loss                loss=nan
2026-05-18 11:23:27 [warning  ] nan_or_inf_loss                loss=nan
2026-05-18 11:24:11 [warning  ] nan_or_inf_loss                loss=nan
2026-05-18 11:25:06 [warning  ] nan_or_inf_loss                loss=nan
2026-05-18 11:25:14 [warning  ] nan_or_inf_loss                loss=nan
2026-05-18 11:25:14 [info     ] epoch_complete                 epoch=14 is_best=False lr=0.000802000000000128 total_epochs=50 train_loss=nan val_loss=nan
2026-05-18 11:25:14 [debug    ] epoch_start                    epoch=15 total_epochs=50
2026-05-18 11:25:51 [warning  ] nan_or_inf_loss                loss=nan
2026-05-18 11:26:02 [warning  ] nan_or_inf_loss                loss=nan
2026-05-18 11:28:11 [warning  ] nan_or_inf_loss                loss=nan
2026-05-18 11:28:34 [warning  ] nan_or_inf_loss                loss=nan
2026-05-18 11:30:18 [warning  ] nan_or_inf_loss                loss=nan
2026-05-18 11:30:34 [warning  ] nan_or_inf_loss                loss=nan
2026-05-18 11:30:55 [warning  ] nan_or_inf_loss                loss=nan
2026-05-18 11:31:05 [warning  ] nan_or_inf_loss                loss=nan
2026-05-18 11:32:02 [warning  ] nan_or_inf_loss                loss=nan
2026-05-18 11:32:35 [warning  ] nan_or_inf_loss                loss=nan
2026-05-18 11:34:15 [warning  ] nan_or_inf_loss                loss=nan
2026-05-18 11:35:35 [warning  ] nan_or_inf_loss                loss=nan
2026-05-18 11:36:32 [warning  ] nan_or_inf_loss                loss=nan
2026-05-18 11:36:32 [info     ] epoch_complete                 epoch=15 is_best=False lr=0.0007800000000001313 total_epochs=50 train_loss=nan val_loss=nan
2026-05-18 11:36:32 [debug    ] epoch_start                    epoch=16 total_epochs=50
2026-05-18 11:37:41 [warning  ] nan_or_inf_loss                loss=nan
2026-05-18 11:39:19 [warning  ] nan_or_inf_loss                loss=nan
2026-05-18 11:40:39 [warning  ] nan_or_inf_loss                loss=nan
2026-05-18 11:41:08 [warning  ] nan_or_inf_loss                loss=nan
2026-05-18 11:42:38 [warning  ] nan_or_inf_loss                loss=nan
2026-05-18 11:42:43 [warning  ] nan_or_inf_loss                loss=nan
2026-05-18 11:43:20 [warning  ] nan_or_inf_loss                loss=nan
2026-05-18 11:45:14 [warning  ] nan_or_inf_loss                loss=nan
2026-05-18 11:45:57 [warning  ] nan_or_inf_loss                loss=nan
2026-05-18 11:46:14 [warning  ] nan_or_inf_loss                loss=nan
2026-05-18 11:46:36 [warning  ] nan_or_inf_loss                loss=nan
2026-05-18 11:46:50 [warning  ] nan_or_inf_loss                loss=nan
2026-05-18 11:47:52 [warning  ] nan_or_inf_loss                loss=nan
2026-05-18 11:47:52 [info     ] epoch_complete                 epoch=16 is_best=False lr=0.0007580000000001387 total_epochs=50 train_loss=nan val_loss=nan
2026-05-18 11:47:52 [debug    ] epoch_start                    epoch=17 total_epochs=50
2026-05-18 11:48:08 [warning  ] nan_or_inf_loss                loss=nan
2026-05-18 11:49:03 [warning  ] nan_or_inf_loss                loss=nan
2026-05-18 11:49:49 [warning  ] nan_or_inf_loss                loss=nan
2026-05-18 11:50:49 [warning  ] nan_or_inf_loss                loss=nan
2026-05-18 11:51:42 [warning  ] nan_or_inf_loss                loss=nan
2026-05-18 11:53:39 [warning  ] nan_or_inf_loss                loss=nan
2026-05-18 11:54:06 [warning  ] nan_or_inf_loss                loss=nan
2026-05-18 11:54:37 [warning  ] nan_or_inf_loss                loss=nan
2026-05-18 11:55:07 [warning  ] nan_or_inf_loss                loss=nan
2026-05-18 11:55:47 [warning  ] nan_or_inf_loss                loss=nan
2026-05-18 11:56:24 [warning  ] nan_or_inf_loss                loss=nan
2026-05-18 11:58:42 [warning  ] nan_or_inf_loss                loss=nan
2026-05-18 11:59:09 [warning  ] nan_or_inf_loss                loss=nan
2026-05-18 11:59:09 [info     ] epoch_complete                 epoch=17 is_best=False lr=0.0007360000000001429 total_epochs=50 train_loss=nan val_loss=nan
2026-05-18 11:59:09 [debug    ] epoch_start                    epoch=18 total_epochs=50
2026-05-18 11:59:44 [warning  ] nan_or_inf_loss                loss=nan
2026-05-18 12:00:02 [warning  ] nan_or_inf_loss                loss=nan
2026-05-18 12:00:50 [warning  ] nan_or_inf_loss                loss=nan
2026-05-18 12:02:56 [warning  ] nan_or_inf_loss                loss=nan
2026-05-18 12:03:09 [warning  ] nan_or_inf_loss                loss=nan
2026-05-18 12:03:11 [warning  ] nan_or_inf_loss                loss=nan
2026-05-18 12:04:41 [warning  ] nan_or_inf_loss                loss=nan
2026-05-18 12:06:39 [warning  ] nan_or_inf_loss                loss=nan
2026-05-18 12:06:46 [warning  ] nan_or_inf_loss                loss=nan
2026-05-18 12:07:08 [warning  ] nan_or_inf_loss                loss=nan
2026-05-18 12:08:35 [warning  ] nan_or_inf_loss                loss=nan
2026-05-18 12:10:08 [warning  ] nan_or_inf_loss                loss=nan
2026-05-18 12:10:25 [warning  ] nan_or_inf_loss                loss=nan
2026-05-18 12:10:25 [info     ] epoch_complete                 epoch=18 is_best=False lr=0.0007140000000001504 total_epochs=50 train_loss=nan val_loss=nan
2026-05-18 12:10:25 [debug    ] epoch_start                    epoch=19 total_epochs=50
2026-05-18 12:11:46 [warning  ] nan_or_inf_loss                loss=nan
2026-05-18 12:12:06 [warning  ] nan_or_inf_loss                loss=nan
2026-05-18 12:12:15 [warning  ] nan_or_inf_loss                loss=nan
2026-05-18 12:13:02 [warning  ] nan_or_inf_loss                loss=nan
2026-05-18 12:14:14 [warning  ] nan_or_inf_loss                loss=nan
2026-05-18 12:14:51 [warning  ] nan_or_inf_loss                loss=nan
2026-05-18 12:16:03 [warning  ] nan_or_inf_loss                loss=nan
2026-05-18 12:16:08 [warning  ] nan_or_inf_loss                loss=nan
2026-05-18 12:17:22 [warning  ] nan_or_inf_loss                loss=nan
2026-05-18 12:18:36 [warning  ] nan_or_inf_loss                loss=nan
2026-05-18 12:19:29 [warning  ] nan_or_inf_loss                loss=nan
2026-05-18 12:19:47 [warning  ] nan_or_inf_loss                loss=nan
2026-05-18 12:21:42 [warning  ] nan_or_inf_loss                loss=nan
2026-05-18 12:21:42 [info     ] epoch_complete                 epoch=19 is_best=False lr=0.0006920000000001541 total_epochs=50 train_loss=nan val_loss=nan
2026-05-18 12:21:42 [debug    ] epoch_start                    epoch=20 total_epochs=50
2026-05-18 12:23:02 [warning  ] nan_or_inf_loss                loss=nan
2026-05-18 12:26:17 [warning  ] nan_or_inf_loss                loss=nan
2026-05-18 12:26:21 [warning  ] nan_or_inf_loss                loss=nan
2026-05-18 12:26:45 [warning  ] nan_or_inf_loss                loss=nan
2026-05-18 12:27:48 [warning  ] nan_or_inf_loss                loss=nan
2026-05-18 12:28:31 [warning  ] nan_or_inf_loss                loss=nan
2026-05-18 12:28:39 [warning  ] nan_or_inf_loss                loss=nan
2026-05-18 12:30:36 [warning  ] nan_or_inf_loss                loss=nan
2026-05-18 12:31:34 [warning  ] nan_or_inf_loss                loss=nan
2026-05-18 12:31:49 [warning  ] nan_or_inf_loss                loss=nan
2026-05-18 12:31:56 [warning  ] nan_or_inf_loss                loss=nan
2026-05-18 12:32:15 [warning  ] nan_or_inf_loss                loss=nan
2026-05-18 12:32:57 [warning  ] nan_or_inf_loss                loss=nan
2026-05-18 12:32:58 [info     ] epoch_complete                 epoch=20 is_best=False lr=0.0006700000000001633 total_epochs=50 train_loss=nan val_loss=nan
2026-05-18 12:32:58 [debug    ] epoch_start                    epoch=21 total_epochs=50
2026-05-18 12:34:11 [warning  ] nan_or_inf_loss                loss=nan
2026-05-18 12:35:19 [warning  ] nan_or_inf_loss                loss=nan
2026-05-18 12:36:41 [warning  ] nan_or_inf_loss                loss=nan
2026-05-18 12:36:56 [warning  ] nan_or_inf_loss                loss=nan
2026-05-18 12:37:21 [warning  ] nan_or_inf_loss                loss=nan
2026-05-18 12:37:26 [warning  ] nan_or_inf_loss                loss=nan
2026-05-18 12:38:02 [warning  ] nan_or_inf_loss                loss=nan
2026-05-18 12:39:15 [warning  ] nan_or_inf_loss                loss=nan
2026-05-18 12:39:25 [warning  ] nan_or_inf_loss                loss=nan
2026-05-18 12:41:04 [warning  ] nan_or_inf_loss                loss=nan
2026-05-18 12:41:42 [warning  ] nan_or_inf_loss                loss=nan
2026-05-18 12:42:53 [warning  ] nan_or_inf_loss                loss=nan
2026-05-18 12:44:12 [warning  ] nan_or_inf_loss                loss=nan
2026-05-18 12:44:12 [info     ] epoch_complete                 epoch=21 is_best=False lr=0.0006480000000001756 total_epochs=50 train_loss=nan val_loss=nan
2026-05-18 12:44:12 [debug    ] epoch_start                    epoch=22 total_epochs=50
2026-05-18 12:45:01 [warning  ] nan_or_inf_loss                loss=nan
2026-05-18 12:46:42 [warning  ] nan_or_inf_loss                loss=nan
2026-05-18 12:46:57 [warning  ] nan_or_inf_loss                loss=nan
2026-05-18 12:47:37 [warning  ] nan_or_inf_loss                loss=nan
2026-05-18 12:48:43 [warning  ] nan_or_inf_loss                loss=nan
2026-05-18 12:49:02 [warning  ] nan_or_inf_loss                loss=nan
2026-05-18 12:49:06 [warning  ] nan_or_inf_loss                loss=nan
2026-05-18 12:50:49 [warning  ] nan_or_inf_loss                loss=nan
2026-05-18 12:51:05 [warning  ] nan_or_inf_loss                loss=nan
2026-05-18 12:53:25 [warning  ] nan_or_inf_loss                loss=nan
2026-05-18 12:54:33 [warning  ] nan_or_inf_loss                loss=nan
2026-05-18 12:55:01 [warning  ] nan_or_inf_loss                loss=nan
2026-05-18 12:55:28 [warning  ] nan_or_inf_loss                loss=nan
2026-05-18 12:55:28 [info     ] epoch_complete                 epoch=22 is_best=False lr=0.0006260000000001816 total_epochs=50 train_loss=nan val_loss=nan
2026-05-18 12:55:28 [debug    ] epoch_start                    epoch=23 total_epochs=50
2026-05-18 12:55:51 [warning  ] nan_or_inf_loss                loss=nan
2026-05-18 12:57:36 [warning  ] nan_or_inf_loss                loss=nan
2026-05-18 13:00:23 [warning  ] nan_or_inf_loss                loss=nan
2026-05-18 13:00:52 [warning  ] nan_or_inf_loss                loss=nan
2026-05-18 13:00:55 [warning  ] nan_or_inf_loss                loss=nan
2026-05-18 13:01:04 [warning  ] nan_or_inf_loss                loss=nan
2026-05-18 13:01:17 [warning  ] nan_or_inf_loss                loss=nan
2026-05-18 13:01:23 [warning  ] nan_or_inf_loss                loss=nan
2026-05-18 13:02:13 [warning  ] nan_or_inf_loss                loss=nan
2026-05-18 13:05:23 [warning  ] nan_or_inf_loss                loss=nan
2026-05-18 13:05:33 [warning  ] nan_or_inf_loss                loss=nan
2026-05-18 13:06:31 [warning  ] nan_or_inf_loss                loss=nan
2026-05-18 13:06:39 [warning  ] nan_or_inf_loss                loss=nan
2026-05-18 13:06:39 [info     ] epoch_complete                 epoch=23 is_best=False lr=0.0006040000000001929 total_epochs=50 train_loss=nan val_loss=nan
2026-05-18 13:06:39 [debug    ] epoch_start                    epoch=24 total_epochs=50
2026-05-18 13:08:27 [warning  ] nan_or_inf_loss                loss=nan
2026-05-18 13:08:58 [warning  ] nan_or_inf_loss                loss=nan
2026-05-18 13:09:13 [warning  ] nan_or_inf_loss                loss=nan
2026-05-18 13:09:46 [warning  ] nan_or_inf_loss                loss=nan
2026-05-18 13:10:34 [warning  ] nan_or_inf_loss                loss=nan
2026-05-18 13:11:12 [warning  ] nan_or_inf_loss                loss=nan
2026-05-18 13:11:25 [warning  ] nan_or_inf_loss                loss=nan
2026-05-18 13:13:40 [warning  ] nan_or_inf_loss                loss=nan
2026-05-18 13:14:29 [warning  ] nan_or_inf_loss                loss=nan
2026-05-18 13:14:34 [warning  ] nan_or_inf_loss                loss=nan
2026-05-18 13:15:49 [warning  ] nan_or_inf_loss                loss=nan
2026-05-18 13:17:14 [warning  ] nan_or_inf_loss                loss=nan
2026-05-18 13:17:50 [warning  ] nan_or_inf_loss                loss=nan
2026-05-18 13:17:51 [info     ] epoch_complete                 epoch=24 is_best=False lr=0.0005820000000002037 total_epochs=50 train_loss=nan val_loss=nan
2026-05-18 13:17:51 [debug    ] epoch_start                    epoch=25 total_epochs=50
2026-05-18 13:18:34 [warning  ] nan_or_inf_loss                loss=nan
2026-05-18 13:19:48 [warning  ] nan_or_inf_loss                loss=nan
2026-05-18 13:20:50 [warning  ] nan_or_inf_loss                loss=nan
2026-05-18 13:21:37 [warning  ] nan_or_inf_loss                loss=nan
2026-05-18 13:23:13 [warning  ] nan_or_inf_loss                loss=nan
2026-05-18 13:23:37 [warning  ] nan_or_inf_loss                loss=nan
2026-05-18 13:25:53 [warning  ] nan_or_inf_loss                loss=nan
2026-05-18 13:26:24 [warning  ] nan_or_inf_loss                loss=nan
2026-05-18 13:26:38 [warning  ] nan_or_inf_loss                loss=nan
2026-05-18 13:27:17 [warning  ] nan_or_inf_loss                loss=nan
2026-05-18 13:27:55 [warning  ] nan_or_inf_loss                loss=nan
2026-05-18 13:28:26 [warning  ] nan_or_inf_loss                loss=nan
2026-05-18 13:29:03 [warning  ] nan_or_inf_loss                loss=nan
2026-05-18 13:29:03 [info     ] epoch_complete                 epoch=25 is_best=False lr=0.000560000000000212 total_epochs=50 train_loss=nan val_loss=nan
2026-05-18 13:29:03 [debug    ] epoch_start                    epoch=26 total_epochs=50
2026-05-18 13:30:28 [warning  ] nan_or_inf_loss                loss=nan
2026-05-18 13:31:36 [warning  ] nan_or_inf_loss                loss=nan
2026-05-18 13:32:18 [warning  ] nan_or_inf_loss                loss=nan
2026-05-18 13:32:39 [warning  ] nan_or_inf_loss                loss=nan
2026-05-18 13:35:27 [warning  ] nan_or_inf_loss                loss=nan
2026-05-18 13:35:50 [warning  ] nan_or_inf_loss                loss=nan
2026-05-18 13:36:19 [warning  ] nan_or_inf_loss                loss=nan
2026-05-18 13:36:51 [warning  ] nan_or_inf_loss                loss=nan
2026-05-18 13:36:59 [warning  ] nan_or_inf_loss                loss=nan
2026-05-18 13:39:13 [warning  ] nan_or_inf_loss                loss=nan
2026-05-18 13:40:00 [warning  ] nan_or_inf_loss                loss=nan
2026-05-18 13:40:04 [warning  ] nan_or_inf_loss                loss=nan
2026-05-18 13:40:15 [warning  ] nan_or_inf_loss                loss=nan
2026-05-18 13:40:15 [info     ] epoch_complete                 epoch=26 is_best=False lr=0.0005380000000002199 total_epochs=50 train_loss=nan val_loss=nan
2026-05-18 13:40:15 [debug    ] epoch_start                    epoch=27 total_epochs=50
2026-05-18 13:42:28 [warning  ] nan_or_inf_loss                loss=nan
2026-05-18 13:43:25 [warning  ] nan_or_inf_loss                loss=nan
2026-05-18 13:43:48 [warning  ] nan_or_inf_loss                loss=nan
2026-05-18 13:45:23 [warning  ] nan_or_inf_loss                loss=nan
2026-05-18 13:45:48 [warning  ] nan_or_inf_loss                loss=nan
2026-05-18 13:46:33 [warning  ] nan_or_inf_loss                loss=nan
2026-05-18 13:46:59 [warning  ] nan_or_inf_loss                loss=nan
2026-05-18 13:47:08 [warning  ] nan_or_inf_loss                loss=nan
2026-05-18 13:47:16 [warning  ] nan_or_inf_loss                loss=nan
2026-05-18 13:48:11 [warning  ] nan_or_inf_loss                loss=nan
2026-05-18 13:48:46 [warning  ] nan_or_inf_loss                loss=nan
2026-05-18 13:49:46 [warning  ] nan_or_inf_loss                loss=nan
2026-05-18 13:51:16 [warning  ] nan_or_inf_loss                loss=nan
2026-05-18 13:51:16 [info     ] epoch_complete                 epoch=27 is_best=False lr=0.0005160000000002324 total_epochs=50 train_loss=nan val_loss=nan
2026-05-18 13:51:16 [debug    ] epoch_start                    epoch=28 total_epochs=50
2026-05-18 13:51:39 [warning  ] nan_or_inf_loss                loss=nan
2026-05-18 13:52:29 [warning  ] nan_or_inf_loss                loss=nan
2026-05-18 13:52:44 [warning  ] nan_or_inf_loss                loss=nan
2026-05-18 13:54:18 [warning  ] nan_or_inf_loss                loss=nan
2026-05-18 13:55:41 [warning  ] nan_or_inf_loss                loss=nan
2026-05-18 13:55:44 [warning  ] nan_or_inf_loss                loss=nan
2026-05-18 13:56:04 [warning  ] nan_or_inf_loss                loss=nan
2026-05-18 13:57:50 [warning  ] nan_or_inf_loss                loss=nan
2026-05-18 13:58:25 [warning  ] nan_or_inf_loss                loss=nan
2026-05-18 14:01:12 [warning  ] nan_or_inf_loss                loss=nan
2026-05-18 14:01:41 [warning  ] nan_or_inf_loss                loss=nan
2026-05-18 14:01:50 [warning  ] nan_or_inf_loss                loss=nan
2026-05-18 14:02:08 [warning  ] nan_or_inf_loss                loss=nan
2026-05-18 14:02:08 [info     ] epoch_complete                 epoch=28 is_best=False lr=0.0004940000000002435 total_epochs=50 train_loss=nan val_loss=nan
2026-05-18 14:02:08 [debug    ] epoch_start                    epoch=29 total_epochs=50
2026-05-18 14:02:19 [warning  ] nan_or_inf_loss                loss=nan
2026-05-18 14:02:51 [warning  ] nan_or_inf_loss                loss=nan
2026-05-18 14:03:18 [warning  ] nan_or_inf_loss                loss=nan
2026-05-18 14:04:37 [warning  ] nan_or_inf_loss                loss=nan
2026-05-18 14:05:20 [warning  ] nan_or_inf_loss                loss=nan
2026-05-18 14:05:50 [warning  ] nan_or_inf_loss                loss=nan
2026-05-18 14:06:21 [warning  ] nan_or_inf_loss                loss=nan
2026-05-18 14:06:31 [warning  ] nan_or_inf_loss                loss=nan
2026-05-18 14:06:54 [warning  ] nan_or_inf_loss                loss=nan
2026-05-18 14:07:04 [warning  ] nan_or_inf_loss                loss=nan
2026-05-18 14:11:25 [warning  ] nan_or_inf_loss                loss=nan
2026-05-18 14:12:15 [warning  ] nan_or_inf_loss                loss=nan
2026-05-18 14:12:59 [warning  ] nan_or_inf_loss                loss=nan
2026-05-18 14:13:00 [info     ] epoch_complete                 epoch=29 is_best=False lr=0.0004720000000002361 total_epochs=50 train_loss=nan val_loss=nan
2026-05-18 14:13:00 [debug    ] epoch_start                    epoch=30 total_epochs=50
2026-05-18 14:13:39 [warning  ] nan_or_inf_loss                loss=nan
2026-05-18 14:15:44 [warning  ] nan_or_inf_loss                loss=nan
2026-05-18 14:17:17 [warning  ] nan_or_inf_loss                loss=nan
2026-05-18 14:18:06 [warning  ] nan_or_inf_loss                loss=nan
2026-05-18 14:20:48 [warning  ] nan_or_inf_loss                loss=nan
2026-05-18 14:21:58 [warning  ] nan_or_inf_loss                loss=nan
2026-05-18 14:22:09 [warning  ] nan_or_inf_loss                loss=nan
2026-05-18 14:22:16 [warning  ] nan_or_inf_loss                loss=nan
2026-05-18 14:22:19 [warning  ] nan_or_inf_loss                loss=nan
2026-05-18 14:22:29 [warning  ] nan_or_inf_loss                loss=nan
2026-05-18 14:22:29 [warning  ] nan_or_inf_loss                loss=nan
2026-05-18 14:23:52 [warning  ] nan_or_inf_loss                loss=nan
2026-05-18 14:23:52 [info     ] epoch_complete                 epoch=30 is_best=False lr=0.0004500000000002223 total_epochs=50 train_loss=nan val_loss=nan
2026-05-18 14:23:52 [debug    ] epoch_start                    epoch=31 total_epochs=50
2026-05-18 14:23:54 [warning  ] nan_or_inf_loss                loss=nan
2026-05-18 14:25:21 [warning  ] nan_or_inf_loss                loss=nan
2026-05-18 14:27:22 [warning  ] nan_or_inf_loss                loss=nan
2026-05-18 14:27:47 [warning  ] nan_or_inf_loss                loss=nan
2026-05-18 14:27:50 [warning  ] nan_or_inf_loss                loss=nan
2026-05-18 14:28:06 [warning  ] nan_or_inf_loss                loss=nan
2026-05-18 14:28:20 [warning  ] nan_or_inf_loss                loss=nan
2026-05-18 14:29:22 [warning  ] nan_or_inf_loss                loss=nan
2026-05-18 14:30:09 [warning  ] nan_or_inf_loss                loss=nan
2026-05-18 14:31:22 [warning  ] nan_or_inf_loss                loss=nan
2026-05-18 14:34:05 [warning  ] nan_or_inf_loss                loss=nan
2026-05-18 14:34:08 [warning  ] nan_or_inf_loss                loss=nan
2026-05-18 14:34:43 [warning  ] nan_or_inf_loss                loss=nan
2026-05-18 14:34:44 [info     ] epoch_complete                 epoch=31 is_best=False lr=0.0004280000000002049 total_epochs=50 train_loss=nan val_loss=nan
2026-05-18 14:34:44 [debug    ] epoch_start                    epoch=32 total_epochs=50
2026-05-18 14:35:14 [warning  ] nan_or_inf_loss                loss=nan
2026-05-18 14:35:47 [warning  ] nan_or_inf_loss                loss=nan
2026-05-18 14:36:15 [warning  ] nan_or_inf_loss                loss=nan
2026-05-18 14:36:23 [warning  ] nan_or_inf_loss                loss=nan
2026-05-18 14:36:31 [warning  ] nan_or_inf_loss                loss=nan
2026-05-18 14:37:04 [warning  ] nan_or_inf_loss                loss=nan
2026-05-18 14:37:36 [warning  ] nan_or_inf_loss                loss=nan
2026-05-18 14:38:00 [warning  ] nan_or_inf_loss                loss=nan
2026-05-18 14:38:48 [warning  ] nan_or_inf_loss                loss=nan
2026-05-18 14:42:44 [warning  ] nan_or_inf_loss                loss=nan
2026-05-18 14:43:52 [warning  ] nan_or_inf_loss                loss=nan
2026-05-18 14:44:32 [warning  ] nan_or_inf_loss                loss=nan
2026-05-18 14:45:35 [warning  ] nan_or_inf_loss                loss=nan
2026-05-18 14:45:36 [info     ] epoch_complete                 epoch=32 is_best=False lr=0.0004060000000001844 total_epochs=50 train_loss=nan val_loss=nan
2026-05-18 14:45:36 [debug    ] epoch_start                    epoch=33 total_epochs=50
2026-05-18 14:46:29 [warning  ] nan_or_inf_loss                loss=nan
2026-05-18 14:47:12 [warning  ] nan_or_inf_loss                loss=nan
2026-05-18 14:49:52 [warning  ] nan_or_inf_loss                loss=nan
2026-05-18 14:50:29 [warning  ] nan_or_inf_loss                loss=nan
2026-05-18 14:51:03 [warning  ] nan_or_inf_loss                loss=nan
2026-05-18 14:51:35 [warning  ] nan_or_inf_loss                loss=nan
2026-05-18 14:52:10 [warning  ] nan_or_inf_loss                loss=nan
2026-05-18 14:52:31 [warning  ] nan_or_inf_loss                loss=nan
2026-05-18 14:52:39 [warning  ] nan_or_inf_loss                loss=nan
2026-05-18 14:54:52 [warning  ] nan_or_inf_loss                loss=nan
2026-05-18 14:55:05 [warning  ] nan_or_inf_loss                loss=nan
2026-05-18 14:55:29 [warning  ] nan_or_inf_loss                loss=nan
2026-05-18 14:56:27 [warning  ] nan_or_inf_loss                loss=nan
2026-05-18 14:56:27 [info     ] epoch_complete                 epoch=33 is_best=False lr=0.0003840000000001615 total_epochs=50 train_loss=nan val_loss=nan
2026-05-18 14:56:27 [debug    ] epoch_start                    epoch=34 total_epochs=50
2026-05-18 14:58:29 [warning  ] nan_or_inf_loss                loss=nan
2026-05-18 14:59:34 [warning  ] nan_or_inf_loss                loss=nan
2026-05-18 14:59:39 [warning  ] nan_or_inf_loss                loss=nan
2026-05-18 15:00:31 [warning  ] nan_or_inf_loss                loss=nan
2026-05-18 15:00:39 [warning  ] nan_or_inf_loss                loss=nan
2026-05-18 15:00:59 [warning  ] nan_or_inf_loss                loss=nan
2026-05-18 15:01:34 [warning  ] nan_or_inf_loss                loss=nan
2026-05-18 15:05:35 [warning  ] nan_or_inf_loss                loss=nan
2026-05-18 15:05:49 [warning  ] nan_or_inf_loss                loss=nan
2026-05-18 15:05:55 [warning  ] nan_or_inf_loss                loss=nan
2026-05-18 15:07:03 [warning  ] nan_or_inf_loss                loss=nan
2026-05-18 15:07:20 [warning  ] nan_or_inf_loss                loss=nan
2026-05-18 15:07:20 [info     ] epoch_complete                 epoch=34 is_best=False lr=0.0003620000000001343 total_epochs=50 train_loss=nan val_loss=nan
2026-05-18 15:07:20 [debug    ] epoch_start                    epoch=35 total_epochs=50
2026-05-18 15:08:16 [warning  ] nan_or_inf_loss                loss=nan
2026-05-18 15:08:31 [warning  ] nan_or_inf_loss                loss=nan
2026-05-18 15:10:38 [warning  ] nan_or_inf_loss                loss=nan
2026-05-18 15:11:02 [warning  ] nan_or_inf_loss                loss=nan
2026-05-18 15:12:06 [warning  ] nan_or_inf_loss                loss=nan
2026-05-18 15:13:03 [warning  ] nan_or_inf_loss                loss=nan
2026-05-18 15:13:09 [warning  ] nan_or_inf_loss                loss=nan
2026-05-18 15:14:10 [warning  ] nan_or_inf_loss                loss=nan
2026-05-18 15:14:26 [warning  ] nan_or_inf_loss                loss=nan
2026-05-18 15:15:19 [warning  ] nan_or_inf_loss                loss=nan
2026-05-18 15:15:26 [warning  ] nan_or_inf_loss                loss=nan
2026-05-18 15:15:58 [warning  ] nan_or_inf_loss                loss=nan
2026-05-18 15:18:11 [warning  ] nan_or_inf_loss                loss=nan
2026-05-18 15:18:12 [info     ] epoch_complete                 epoch=35 is_best=False lr=0.0003400000000001049 total_epochs=50 train_loss=nan val_loss=nan
2026-05-18 15:18:12 [debug    ] epoch_start                    epoch=36 total_epochs=50
2026-05-18 15:19:26 [warning  ] nan_or_inf_loss                loss=nan
2026-05-18 15:20:40 [warning  ] nan_or_inf_loss                loss=nan
2026-05-18 15:21:26 [warning  ] nan_or_inf_loss                loss=nan
2026-05-18 15:23:27 [warning  ] nan_or_inf_loss                loss=nan
2026-05-18 15:23:40 [warning  ] nan_or_inf_loss                loss=nan
2026-05-18 15:24:29 [warning  ] nan_or_inf_loss                loss=nan
2026-05-18 15:24:56 [warning  ] nan_or_inf_loss                loss=nan
2026-05-18 15:24:58 [warning  ] nan_or_inf_loss                loss=nan
2026-05-18 15:26:22 [warning  ] nan_or_inf_loss                loss=nan
2026-05-18 15:26:25 [warning  ] nan_or_inf_loss                loss=nan
2026-05-18 15:26:51 [warning  ] nan_or_inf_loss                loss=nan
2026-05-18 15:27:09 [warning  ] nan_or_inf_loss                loss=nan
2026-05-18 15:29:04 [warning  ] nan_or_inf_loss                loss=nan
2026-05-18 15:29:04 [info     ] epoch_complete                 epoch=36 is_best=False lr=0.0003180000000000723 total_epochs=50 train_loss=nan val_loss=nan
2026-05-18 15:29:04 [debug    ] epoch_start                    epoch=37 total_epochs=50
2026-05-18 15:29:13 [warning  ] nan_or_inf_loss                loss=nan
2026-05-18 15:29:20 [warning  ] nan_or_inf_loss                loss=nan
2026-05-18 15:29:43 [warning  ] nan_or_inf_loss                loss=nan
2026-05-18 15:29:59 [warning  ] nan_or_inf_loss                loss=nan
2026-05-18 15:30:33 [warning  ] nan_or_inf_loss                loss=nan
2026-05-18 15:31:20 [warning  ] nan_or_inf_loss                loss=nan
2026-05-18 15:32:25 [warning  ] nan_or_inf_loss                loss=nan
2026-05-18 15:34:15 [warning  ] nan_or_inf_loss                loss=nan
2026-05-18 15:34:26 [warning  ] nan_or_inf_loss                loss=nan
2026-05-18 15:36:01 [warning  ] nan_or_inf_loss                loss=nan
2026-05-18 15:36:30 [warning  ] nan_or_inf_loss                loss=nan
2026-05-18 15:37:27 [warning  ] nan_or_inf_loss                loss=nan
2026-05-18 15:39:57 [warning  ] nan_or_inf_loss                loss=nan
2026-05-18 15:39:57 [info     ] epoch_complete                 epoch=37 is_best=False lr=0.00029600000000003956 total_epochs=50 train_loss=nan val_loss=nan
2026-05-18 15:39:57 [debug    ] epoch_start                    epoch=38 total_epochs=50
2026-05-18 15:39:59 [warning  ] nan_or_inf_loss                loss=nan
2026-05-18 15:41:37 [warning  ] nan_or_inf_loss                loss=nan
2026-05-18 15:42:09 [warning  ] nan_or_inf_loss                loss=nan
2026-05-18 15:43:47 [warning  ] nan_or_inf_loss                loss=nan
2026-05-18 15:45:54 [warning  ] nan_or_inf_loss                loss=nan
2026-05-18 15:46:11 [warning  ] nan_or_inf_loss                loss=nan
2026-05-18 15:46:25 [warning  ] nan_or_inf_loss                loss=nan
2026-05-18 15:47:29 [warning  ] nan_or_inf_loss                loss=nan
2026-05-18 15:47:40 [warning  ] nan_or_inf_loss                loss=nan
2026-05-18 15:48:10 [warning  ] nan_or_inf_loss                loss=nan
2026-05-18 15:49:25 [warning  ] nan_or_inf_loss                loss=nan
2026-05-18 15:49:34 [warning  ] nan_or_inf_loss                loss=nan
2026-05-18 15:50:51 [warning  ] nan_or_inf_loss                loss=nan
2026-05-18 15:50:51 [info     ] epoch_complete                 epoch=38 is_best=False lr=0.0002740000000000068 total_epochs=50 train_loss=nan val_loss=nan
2026-05-18 15:50:51 [debug    ] epoch_start                    epoch=39 total_epochs=50
2026-05-18 15:52:25 [warning  ] nan_or_inf_loss                loss=nan
2026-05-18 15:52:25 [warning  ] nan_or_inf_loss                loss=nan
2026-05-18 15:53:42 [warning  ] nan_or_inf_loss                loss=nan
2026-05-18 15:54:13 [warning  ] nan_or_inf_loss                loss=nan
2026-05-18 15:54:28 [warning  ] nan_or_inf_loss                loss=nan
2026-05-18 15:58:50 [warning  ] nan_or_inf_loss                loss=nan
2026-05-18 15:59:01 [warning  ] nan_or_inf_loss                loss=nan
2026-05-18 16:00:19 [warning  ] nan_or_inf_loss                loss=nan
2026-05-18 16:00:28 [warning  ] nan_or_inf_loss                loss=nan
2026-05-18 16:01:01 [warning  ] nan_or_inf_loss                loss=nan
2026-05-18 16:02:26 [warning  ] nan_or_inf_loss                loss=nan
2026-05-18 16:02:30 [warning  ] nan_or_inf_loss                loss=nan
2026-05-18 16:03:24 [warning  ] nan_or_inf_loss                loss=nan
2026-05-18 16:03:24 [info     ] epoch_complete                 epoch=39 is_best=False lr=0.0002519999999999741 total_epochs=50 train_loss=nan val_loss=nan
2026-05-18 16:03:24 [debug    ] epoch_start                    epoch=40 total_epochs=50
2026-05-18 16:03:25 [warning  ] nan_or_inf_loss                loss=nan
2026-05-18 16:04:34 [warning  ] nan_or_inf_loss                loss=nan
2026-05-18 16:05:23 [warning  ] nan_or_inf_loss                loss=nan
2026-05-18 16:06:24 [warning  ] nan_or_inf_loss                loss=nan
2026-05-18 16:06:49 [warning  ] nan_or_inf_loss                loss=nan
2026-05-18 16:08:26 [warning  ] nan_or_inf_loss                loss=nan
2026-05-18 16:08:27 [warning  ] nan_or_inf_loss                loss=nan
2026-05-18 16:10:53 [warning  ] nan_or_inf_loss                loss=nan
2026-05-18 16:11:02 [warning  ] nan_or_inf_loss                loss=nan
2026-05-18 16:12:23 [warning  ] nan_or_inf_loss                loss=nan
2026-05-18 16:14:05 [warning  ] nan_or_inf_loss                loss=nan
2026-05-18 16:14:42 [warning  ] nan_or_inf_loss                loss=nan
2026-05-18 16:15:14 [warning  ] nan_or_inf_loss                loss=nan
2026-05-18 16:15:14 [info     ] epoch_complete                 epoch=40 is_best=False lr=0.00022999999999996314 total_epochs=50 train_loss=nan val_loss=nan
2026-05-18 16:15:14 [debug    ] epoch_start                    epoch=41 total_epochs=50
2026-05-18 16:17:23 [warning  ] nan_or_inf_loss                loss=nan
2026-05-18 16:17:55 [warning  ] nan_or_inf_loss                loss=nan
2026-05-18 16:18:08 [warning  ] nan_or_inf_loss                loss=nan
2026-05-18 16:18:09 [warning  ] nan_or_inf_loss                loss=nan
2026-05-18 16:18:25 [warning  ] nan_or_inf_loss                loss=nan
2026-05-18 16:18:28 [warning  ] nan_or_inf_loss                loss=nan
2026-05-18 16:20:12 [warning  ] nan_or_inf_loss                loss=nan
2026-05-18 16:20:44 [warning  ] nan_or_inf_loss                loss=nan
2026-05-18 16:20:50 [warning  ] nan_or_inf_loss                loss=nan
2026-05-18 16:23:51 [warning  ] nan_or_inf_loss                loss=nan
2026-05-18 16:25:14 [warning  ] nan_or_inf_loss                loss=nan
2026-05-18 16:26:25 [warning  ] nan_or_inf_loss                loss=nan
2026-05-18 16:26:28 [warning  ] nan_or_inf_loss                loss=nan
2026-05-18 16:26:28 [info     ] epoch_complete                 epoch=41 is_best=False lr=0.00020799999999996562 total_epochs=50 train_loss=nan val_loss=nan
2026-05-18 16:26:28 [debug    ] epoch_start                    epoch=42 total_epochs=50
2026-05-18 16:26:35 [warning  ] nan_or_inf_loss                loss=nan
2026-05-18 16:26:49 [warning  ] nan_or_inf_loss                loss=nan
2026-05-18 16:26:50 [warning  ] nan_or_inf_loss                loss=nan
2026-05-18 16:27:12 [warning  ] nan_or_inf_loss                loss=nan
2026-05-18 16:27:52 [warning  ] nan_or_inf_loss                loss=nan
2026-05-18 16:28:09 [warning  ] nan_or_inf_loss                loss=nan
2026-05-18 16:29:20 [warning  ] nan_or_inf_loss                loss=nan
2026-05-18 16:33:01 [warning  ] nan_or_inf_loss                loss=nan
2026-05-18 16:33:42 [warning  ] nan_or_inf_loss                loss=nan
2026-05-18 16:35:20 [warning  ] nan_or_inf_loss                loss=nan
2026-05-18 16:35:42 [warning  ] nan_or_inf_loss                loss=nan
2026-05-18 16:35:48 [warning  ] nan_or_inf_loss                loss=nan
2026-05-18 16:37:19 [warning  ] nan_or_inf_loss                loss=nan
2026-05-18 16:37:19 [info     ] epoch_complete                 epoch=42 is_best=False lr=0.00018599999999996796 total_epochs=50 train_loss=nan val_loss=nan
2026-05-18 16:37:19 [debug    ] epoch_start                    epoch=43 total_epochs=50
2026-05-18 16:37:22 [warning  ] nan_or_inf_loss                loss=nan
2026-05-18 16:37:37 [warning  ] nan_or_inf_loss                loss=nan
2026-05-18 16:37:39 [warning  ] nan_or_inf_loss                loss=nan
2026-05-18 16:38:29 [warning  ] nan_or_inf_loss                loss=nan
2026-05-18 16:42:52 [warning  ] nan_or_inf_loss                loss=nan
2026-05-18 16:44:40 [warning  ] nan_or_inf_loss                loss=nan
2026-05-18 16:45:19 [warning  ] nan_or_inf_loss                loss=nan
2026-05-18 16:45:32 [warning  ] nan_or_inf_loss                loss=nan
2026-05-18 16:46:17 [warning  ] nan_or_inf_loss                loss=nan
2026-05-18 16:47:03 [warning  ] nan_or_inf_loss                loss=nan
2026-05-18 16:47:16 [warning  ] nan_or_inf_loss                loss=nan
2026-05-18 16:47:33 [warning  ] nan_or_inf_loss                loss=nan
2026-05-18 16:48:08 [warning  ] nan_or_inf_loss                loss=nan
2026-05-18 16:48:08 [info     ] epoch_complete                 epoch=43 is_best=False lr=0.00016399999999996902 total_epochs=50 train_loss=nan val_loss=nan
2026-05-18 16:48:08 [debug    ] epoch_start                    epoch=44 total_epochs=50
2026-05-18 16:48:56 [warning  ] nan_or_inf_loss                loss=nan
2026-05-18 16:49:43 [warning  ] nan_or_inf_loss                loss=nan
2026-05-18 16:51:01 [warning  ] nan_or_inf_loss                loss=nan
2026-05-18 16:51:15 [warning  ] nan_or_inf_loss                loss=nan
2026-05-18 16:52:57 [warning  ] nan_or_inf_loss                loss=nan
2026-05-18 16:53:13 [warning  ] nan_or_inf_loss                loss=nan
2026-05-18 16:53:37 [warning  ] nan_or_inf_loss                loss=nan
2026-05-18 16:54:55 [warning  ] nan_or_inf_loss                loss=nan
2026-05-18 16:55:12 [warning  ] nan_or_inf_loss                loss=nan
2026-05-18 16:56:58 [warning  ] nan_or_inf_loss                loss=nan
2026-05-18 16:57:55 [warning  ] nan_or_inf_loss                loss=nan
2026-05-18 16:57:56 [warning  ] nan_or_inf_loss                loss=nan
2026-05-18 16:58:55 [warning  ] nan_or_inf_loss                loss=nan
2026-05-18 16:58:55 [info     ] epoch_complete                 epoch=44 is_best=False lr=0.00014199999999997063 total_epochs=50 train_loss=nan val_loss=nan
2026-05-18 16:58:55 [debug    ] epoch_start                    epoch=45 total_epochs=50
2026-05-18 17:01:23 [warning  ] nan_or_inf_loss                loss=nan
2026-05-18 17:01:41 [warning  ] nan_or_inf_loss                loss=nan
2026-05-18 17:02:15 [warning  ] nan_or_inf_loss                loss=nan
2026-05-18 17:02:40 [warning  ] nan_or_inf_loss                loss=nan
2026-05-18 17:03:07 [warning  ] nan_or_inf_loss                loss=nan
2026-05-18 17:03:16 [warning  ] nan_or_inf_loss                loss=nan
2026-05-18 17:03:37 [warning  ] nan_or_inf_loss                loss=nan
2026-05-18 17:03:55 [warning  ] nan_or_inf_loss                loss=nan
2026-05-18 17:04:59 [warning  ] nan_or_inf_loss                loss=nan
2026-05-18 17:06:16 [warning  ] nan_or_inf_loss                loss=nan
2026-05-18 17:06:28 [warning  ] nan_or_inf_loss                loss=nan
2026-05-18 17:09:37 [warning  ] nan_or_inf_loss                loss=nan
2026-05-18 17:10:12 [warning  ] nan_or_inf_loss                loss=nan
2026-05-18 17:10:12 [info     ] epoch_complete                 epoch=45 is_best=False lr=0.00011999999999997276 total_epochs=50 train_loss=nan val_loss=nan
2026-05-18 17:10:12 [debug    ] epoch_start                    epoch=46 total_epochs=50
2026-05-18 17:10:45 [warning  ] nan_or_inf_loss                loss=nan
2026-05-18 17:11:32 [warning  ] nan_or_inf_loss                loss=nan
2026-05-18 17:11:52 [warning  ] nan_or_inf_loss                loss=nan
2026-05-18 17:11:55 [warning  ] nan_or_inf_loss                loss=nan
2026-05-18 17:14:39 [warning  ] nan_or_inf_loss                loss=nan
2026-05-18 17:15:04 [warning  ] nan_or_inf_loss                loss=nan
2026-05-18 17:16:03 [warning  ] nan_or_inf_loss                loss=nan
2026-05-18 17:16:53 [warning  ] nan_or_inf_loss                loss=nan
2026-05-18 17:18:30 [warning  ] nan_or_inf_loss                loss=nan
2026-05-18 17:19:46 [warning  ] nan_or_inf_loss                loss=nan
2026-05-18 17:20:22 [warning  ] nan_or_inf_loss                loss=nan
2026-05-18 17:20:35 [warning  ] nan_or_inf_loss                loss=nan
2026-05-18 17:21:11 [warning  ] nan_or_inf_loss                loss=nan
2026-05-18 17:21:11 [info     ] epoch_complete                 epoch=46 is_best=False lr=9.799999999997965e-05 total_epochs=50 train_loss=nan val_loss=nan
2026-05-18 17:21:11 [debug    ] epoch_start                    epoch=47 total_epochs=50
2026-05-18 17:22:28 [warning  ] nan_or_inf_loss                loss=nan
2026-05-18 17:23:28 [warning  ] nan_or_inf_loss                loss=nan
2026-05-18 17:23:55 [warning  ] nan_or_inf_loss                loss=nan
2026-05-18 17:24:42 [warning  ] nan_or_inf_loss                loss=nan
2026-05-18 17:25:01 [warning  ] nan_or_inf_loss                loss=nan
2026-05-18 17:25:02 [warning  ] nan_or_inf_loss                loss=nan
2026-05-18 17:25:20 [warning  ] nan_or_inf_loss                loss=nan
2026-05-18 17:25:25 [warning  ] nan_or_inf_loss                loss=nan
2026-05-18 17:25:48 [warning  ] nan_or_inf_loss                loss=nan
2026-05-18 17:26:00 [warning  ] nan_or_inf_loss                loss=nan
2026-05-18 17:29:37 [warning  ] nan_or_inf_loss                loss=nan
2026-05-18 17:31:47 [warning  ] nan_or_inf_loss                loss=nan
2026-05-18 17:32:01 [warning  ] nan_or_inf_loss                loss=nan
2026-05-18 17:32:01 [info     ] epoch_complete                 epoch=47 is_best=False lr=7.599999999998842e-05 total_epochs=50 train_loss=nan val_loss=nan
2026-05-18 17:32:01 [debug    ] epoch_start                    epoch=48 total_epochs=50
2026-05-18 17:33:46 [warning  ] nan_or_inf_loss                loss=nan
2026-05-18 17:35:02 [warning  ] nan_or_inf_loss                loss=nan
2026-05-18 17:35:07 [warning  ] nan_or_inf_loss                loss=nan
2026-05-18 17:36:17 [warning  ] nan_or_inf_loss                loss=nan
2026-05-18 17:37:02 [warning  ] nan_or_inf_loss                loss=nan
2026-05-18 17:38:10 [warning  ] nan_or_inf_loss                loss=nan
2026-05-18 17:40:59 [warning  ] nan_or_inf_loss                loss=nan
2026-05-18 17:41:27 [warning  ] nan_or_inf_loss                loss=nan
2026-05-18 17:41:32 [warning  ] nan_or_inf_loss                loss=nan
2026-05-18 17:42:17 [warning  ] nan_or_inf_loss                loss=nan
2026-05-18 17:42:25 [warning  ] nan_or_inf_loss                loss=nan
2026-05-18 17:42:48 [warning  ] nan_or_inf_loss                loss=nan
2026-05-18 17:42:50 [warning  ] nan_or_inf_loss                loss=nan
2026-05-18 17:42:50 [info     ] epoch_complete                 epoch=48 is_best=False lr=5.399999999999506e-05 total_epochs=50 train_loss=nan val_loss=nan
2026-05-18 17:42:50 [debug    ] epoch_start                    epoch=49 total_epochs=50
2026-05-18 17:43:06 [warning  ] nan_or_inf_loss                loss=nan
2026-05-18 17:43:48 [warning  ] nan_or_inf_loss                loss=nan
2026-05-18 17:43:50 [warning  ] nan_or_inf_loss                loss=nan
2026-05-18 17:45:05 [warning  ] nan_or_inf_loss                loss=nan
2026-05-18 17:48:35 [warning  ] nan_or_inf_loss                loss=nan
2026-05-18 17:48:51 [warning  ] nan_or_inf_loss                loss=nan
2026-05-18 17:49:33 [warning  ] nan_or_inf_loss                loss=nan
2026-05-18 17:50:36 [warning  ] nan_or_inf_loss                loss=nan
2026-05-18 17:51:03 [warning  ] nan_or_inf_loss                loss=nan
2026-05-18 17:52:28 [warning  ] nan_or_inf_loss                loss=nan
2026-05-18 17:52:43 [warning  ] nan_or_inf_loss                loss=nan
2026-05-18 17:53:17 [warning  ] nan_or_inf_loss                loss=nan
2026-05-18 17:53:39 [warning  ] nan_or_inf_loss                loss=nan
2026-05-18 17:53:40 [info     ] epoch_complete                 epoch=49 is_best=False lr=3.199999999999823e-05 total_epochs=50 train_loss=nan val_loss=nan
2026-05-18 17:53:40 [debug    ] epoch_start                    epoch=50 total_epochs=50
2026-05-18 17:53:49 [warning  ] nan_or_inf_loss                loss=nan
2026-05-18 17:55:20 [warning  ] nan_or_inf_loss                loss=nan
2026-05-18 17:55:37 [warning  ] nan_or_inf_loss                loss=nan
2026-05-18 17:56:01 [warning  ] nan_or_inf_loss                loss=nan
2026-05-18 17:56:44 [warning  ] nan_or_inf_loss                loss=nan
2026-05-18 17:56:58 [warning  ] nan_or_inf_loss                loss=nan
2026-05-18 17:57:31 [warning  ] nan_or_inf_loss                loss=nan
2026-05-18 17:57:40 [warning  ] nan_or_inf_loss                loss=nan
2026-05-18 17:58:11 [warning  ] nan_or_inf_loss                loss=nan
2026-05-18 17:59:31 [warning  ] nan_or_inf_loss                loss=nan
2026-05-18 18:01:32 [warning  ] nan_or_inf_loss                loss=nan
2026-05-18 18:03:43 [warning  ] nan_or_inf_loss                loss=nan
2026-05-18 18:04:31 [warning  ] nan_or_inf_loss                loss=nan
2026-05-18 18:04:31 [info     ] epoch_complete                 epoch=50 is_best=False lr=9.999999999999242e-06 total_epochs=50 train_loss=nan val_loss=nan
2026-05-18 18:04:31 [info     ] training_log_saved             path=data/models/seq_15_seed1/training_losses.csv
2026-05-18 18:04:31 [info     ] training_complete              best_val_loss=inf
2026-05-18 18:04:31 [info     ] train_typecode_done            typecode=A320
2026-05-18 18:04:31 [info     ] train_done                     typecodes=['A320']

$ uv run fdm train --arch adsb --config results_run3/seq_15_seed1/config.yaml --model-name seq_15_seed1 --epochs 50 --batch-size 32 --lr 0.001 --method rk4 --seq-len 15 --train-limit 5000 --activation relu --seed 1 --backbone-depth 2 --head-depth 2 --hidden-width 48 --device cuda --no-use-mode-weights
