2026-05-13 15:56:56 [info     ] train_start                    arch=adsb device=cuda typecodes=['A320']
2026-05-13 15:56:56 [info     ] train_typecode                 typecode=A320
2026-05-13 15:56:56 [info     ] mode_weights_computed          alpha=0.3 bottom5_labels=[['ALT_MACH', 0.7683956122550655, 556092], ['ALT_UNK', 0.818244566870509, 450975], ['TURN', 0.9547989606166885, 269602], ['UNKVERT_MACH', 1.0145116839707757, 220245], ['ALT_CAS', 1.065864162348386, 186820]] imbalance_ratio=40.174252275682704 n_labels=13 top5_labels=[['VZ_CAS', 2.32685444435189, 13842], ['VZ_UNK', 1.787021663702281, 33368], ['GAMMA_CAS', 1.7527185023932093, 35595], ['VZ_MACH', 1.551343602639206, 53465], ['UNKVERT_CAS', 1.5209190418961087, 57114]] weight_ratio_max_over_min=3.0281985050944056
2026-05-13 15:56:56 [info     ] loading_data                   train_flights=1594 val_flights=247
2026-05-13 15:56:56 [warning  ] e1_column_missing              column=fdm_g_sin_gamma_ms2
2026-05-13 15:56:56 [warning  ] e1_column_missing              column=fdm_cos_gamma
2026-05-13 15:56:56 [warning  ] e1_column_missing              column=fdm_q_pa
2026-05-13 15:56:56 [warning  ] e1_column_missing              column=fdm_g_over_v
2026-05-13 15:56:56 [warning  ] e1_column_missing              column=fdm_lat_wind_ms
2026-05-13 15:56:56 [warning  ] e1_column_missing              column=fdm_drift_rad
2026-05-13 15:56:56 [warning  ] e1_column_missing              column=fdm_track_rad
2026-05-13 15:56:56 [warning  ] e1_column_missing              column=fdm_heading_diff_rad
2026-05-13 15:57:03 [warning  ] e1_column_missing              column=fdm_g_sin_gamma_ms2
2026-05-13 15:57:03 [warning  ] e1_column_missing              column=fdm_cos_gamma
2026-05-13 15:57:03 [warning  ] e1_column_missing              column=fdm_q_pa
2026-05-13 15:57:03 [warning  ] e1_column_missing              column=fdm_g_over_v
2026-05-13 15:57:03 [warning  ] e1_column_missing              column=fdm_lat_wind_ms
2026-05-13 15:57:03 [warning  ] e1_column_missing              column=fdm_drift_rad
2026-05-13 15:57:03 [warning  ] e1_column_missing              column=fdm_track_rad
2026-05-13 15:57:03 [warning  ] e1_column_missing              column=fdm_heading_diff_rad
2026-05-13 15:57:04 [info     ] data_loaded                    train_samples=23212 val_samples=3628
2026-05-13 15:57:19 [debug    ] meta_saved                     path=data/models/alpha_0.3_seed1/meta.json
2026-05-13 15:57:19 [info     ] trainer_initialized            architecture=node_adsb_v1 device=cuda train_samples=23212 val_samples=3628
2026-05-13 15:57:19 [info     ] preloading_data_to_gpu
2026-05-13 15:57:19 [debug    ] epoch_start                    epoch=1 total_epochs=50
/data/common/dataiku/config/projects/NODEFDM/lib/python/.venv/lib/python3.12/site-packages/torch/_inductor/compile_fx.py:321: UserWarning: TensorFloat32 tensor cores for float32 matrix multiplication available but not enabled. Consider setting `torch.set_float32_matmul_precision('high')` for better performance.
  warnings.warn(
2026-05-13 15:57:44 [info     ] debug_magnitudes               norm_mean=['8568.283203', '-0.001322', '213.622833', '3.253931'] norm_std=['2269.236084', '0.038830', '32.838379', '1.246786'] ode_loss=1.181994
W0513 16:01:53.402000 4153722 torch/_dynamo/convert_frame.py:1676] [0/8] torch._dynamo hit config.recompile_limit (8)
W0513 16:01:53.402000 4153722 torch/_dynamo/convert_frame.py:1676] [0/8]    function: 'forward' (/data/common/dataiku/config/projects/NODEFDM/lib/python/packages/node-fdm/src/node_fdm/models/fdm.py:181)
W0513 16:01:53.402000 4153722 torch/_dynamo/convert_frame.py:1676] [0/8]    last reason: 0/7: tensor 'self.history['raw_alt_m']' size mismatch at index 1. expected 1, actual 2
W0513 16:01:53.402000 4153722 torch/_dynamo/convert_frame.py:1676] [0/8] To log all recompilation reasons, use TORCH_LOGS="recompiles".
W0513 16:01:53.402000 4153722 torch/_dynamo/convert_frame.py:1676] [0/8] To diagnose recompilation issues, see https://pytorch.org/docs/main/compile/programming_model.recompilation.html
2026-05-13 16:01:54 [debug    ] meta_saved                     path=data/models/alpha_0.3_seed1/meta.json
2026-05-13 16:01:54 [debug    ] model_saved                    epoch=1
2026-05-13 16:01:54 [info     ] epoch_complete                 epoch=1 is_best=True lr=0.000208 total_epochs=50 train_loss=0.319648 val_loss=0.15383
2026-05-13 16:01:54 [debug    ] epoch_start                    epoch=2 total_epochs=50
2026-05-13 16:05:00 [debug    ] meta_saved                     path=data/models/alpha_0.3_seed1/meta.json
2026-05-13 16:05:00 [debug    ] model_saved                    epoch=2
2026-05-13 16:05:00 [info     ] epoch_complete                 epoch=2 is_best=True lr=0.00040600000000000087 total_epochs=50 train_loss=0.090338 val_loss=0.064181
2026-05-13 16:05:00 [debug    ] epoch_start                    epoch=3 total_epochs=50
2026-05-13 16:08:00 [debug    ] meta_saved                     path=data/models/alpha_0.3_seed1/meta.json
2026-05-13 16:08:00 [debug    ] model_saved                    epoch=3
2026-05-13 16:08:00 [info     ] epoch_complete                 epoch=3 is_best=True lr=0.0006040000000000002 total_epochs=50 train_loss=0.059159 val_loss=0.043703
2026-05-13 16:08:00 [debug    ] epoch_start                    epoch=4 total_epochs=50
2026-05-13 16:11:00 [debug    ] meta_saved                     path=data/models/alpha_0.3_seed1/meta.json
2026-05-13 16:11:00 [debug    ] model_saved                    epoch=4
2026-05-13 16:11:00 [info     ] epoch_complete                 epoch=4 is_best=True lr=0.0008020000000000004 total_epochs=50 train_loss=0.045674 val_loss=0.039032
2026-05-13 16:11:00 [debug    ] epoch_start                    epoch=5 total_epochs=50
2026-05-13 16:14:02 [info     ] epoch_complete                 epoch=5 is_best=False lr=0.001 total_epochs=50 train_loss=0.049179 val_loss=0.040123
2026-05-13 16:14:02 [debug    ] epoch_start                    epoch=6 total_epochs=50
2026-05-13 16:17:11 [debug    ] meta_saved                     path=data/models/alpha_0.3_seed1/meta.json
2026-05-13 16:17:11 [debug    ] model_saved                    epoch=6
2026-05-13 16:17:11 [info     ] epoch_complete                 epoch=6 is_best=True lr=0.0009780000000000014 total_epochs=50 train_loss=0.041801 val_loss=0.03655
2026-05-13 16:17:11 [debug    ] epoch_start                    epoch=7 total_epochs=50
2026-05-13 16:20:14 [debug    ] meta_saved                     path=data/models/alpha_0.3_seed1/meta.json
2026-05-13 16:20:14 [debug    ] model_saved                    epoch=7
2026-05-13 16:20:14 [info     ] epoch_complete                 epoch=7 is_best=True lr=0.0009560000000000012 total_epochs=50 train_loss=0.040525 val_loss=0.03568
2026-05-13 16:20:14 [debug    ] epoch_start                    epoch=8 total_epochs=50
2026-05-13 16:23:17 [debug    ] meta_saved                     path=data/models/alpha_0.3_seed1/meta.json
2026-05-13 16:23:17 [debug    ] model_saved                    epoch=8
2026-05-13 16:23:17 [info     ] epoch_complete                 epoch=8 is_best=True lr=0.0009340000000000011 total_epochs=50 train_loss=0.039978 val_loss=0.035675
2026-05-13 16:23:17 [debug    ] epoch_start                    epoch=9 total_epochs=50
2026-05-13 16:26:25 [debug    ] meta_saved                     path=data/models/alpha_0.3_seed1/meta.json
2026-05-13 16:26:25 [debug    ] model_saved                    epoch=9
2026-05-13 16:26:25 [info     ] epoch_complete                 epoch=9 is_best=True lr=0.0009120000000000012 total_epochs=50 train_loss=0.03939 val_loss=0.035239
2026-05-13 16:26:25 [debug    ] epoch_start                    epoch=10 total_epochs=50
2026-05-13 16:29:26 [debug    ] meta_saved                     path=data/models/alpha_0.3_seed1/meta.json
2026-05-13 16:29:26 [debug    ] model_saved                    epoch=10
2026-05-13 16:29:26 [info     ] epoch_complete                 epoch=10 is_best=True lr=0.0008900000000000021 total_epochs=50 train_loss=0.038745 val_loss=0.034062
2026-05-13 16:29:26 [debug    ] epoch_start                    epoch=11 total_epochs=50
2026-05-13 16:32:35 [info     ] epoch_complete                 epoch=11 is_best=False lr=0.000868000000000003 total_epochs=50 train_loss=0.038181 val_loss=0.034176
2026-05-13 16:32:35 [debug    ] epoch_start                    epoch=12 total_epochs=50
2026-05-13 16:35:39 [debug    ] meta_saved                     path=data/models/alpha_0.3_seed1/meta.json
2026-05-13 16:35:39 [debug    ] model_saved                    epoch=12
2026-05-13 16:35:39 [info     ] epoch_complete                 epoch=12 is_best=True lr=0.0008460000000000041 total_epochs=50 train_loss=0.037688 val_loss=0.033481
2026-05-13 16:35:39 [debug    ] epoch_start                    epoch=13 total_epochs=50
2026-05-13 16:38:43 [info     ] epoch_complete                 epoch=13 is_best=False lr=0.0008240000000000053 total_epochs=50 train_loss=0.037465 val_loss=0.033983
2026-05-13 16:38:43 [debug    ] epoch_start                    epoch=14 total_epochs=50
2026-05-13 16:41:47 [info     ] epoch_complete                 epoch=14 is_best=False lr=0.0008020000000000067 total_epochs=50 train_loss=0.038655 val_loss=0.035655
2026-05-13 16:41:47 [debug    ] epoch_start                    epoch=15 total_epochs=50
2026-05-13 16:44:51 [info     ] epoch_complete                 epoch=15 is_best=False lr=0.0007800000000000081 total_epochs=50 train_loss=0.037248 val_loss=0.034172
2026-05-13 16:44:51 [debug    ] epoch_start                    epoch=16 total_epochs=50
2026-05-13 16:47:53 [debug    ] meta_saved                     path=data/models/alpha_0.3_seed1/meta.json
2026-05-13 16:47:53 [debug    ] model_saved                    epoch=16
2026-05-13 16:47:53 [info     ] epoch_complete                 epoch=16 is_best=True lr=0.0007580000000000095 total_epochs=50 train_loss=0.036735 val_loss=0.033107
2026-05-13 16:47:53 [debug    ] epoch_start                    epoch=17 total_epochs=50
2026-05-13 16:50:56 [debug    ] meta_saved                     path=data/models/alpha_0.3_seed1/meta.json
2026-05-13 16:50:56 [debug    ] model_saved                    epoch=17
2026-05-13 16:50:56 [info     ] epoch_complete                 epoch=17 is_best=True lr=0.000736000000000011 total_epochs=50 train_loss=0.03633 val_loss=0.032967
2026-05-13 16:50:56 [debug    ] epoch_start                    epoch=18 total_epochs=50
2026-05-13 16:54:00 [debug    ] meta_saved                     path=data/models/alpha_0.3_seed1/meta.json
2026-05-13 16:54:00 [debug    ] model_saved                    epoch=18
2026-05-13 16:54:00 [info     ] epoch_complete                 epoch=18 is_best=True lr=0.0007140000000000124 total_epochs=50 train_loss=0.03614 val_loss=0.032921
2026-05-13 16:54:00 [debug    ] epoch_start                    epoch=19 total_epochs=50
2026-05-13 16:57:04 [debug    ] meta_saved                     path=data/models/alpha_0.3_seed1/meta.json
2026-05-13 16:57:04 [debug    ] model_saved                    epoch=19
2026-05-13 16:57:04 [info     ] epoch_complete                 epoch=19 is_best=True lr=0.0006920000000000138 total_epochs=50 train_loss=0.036179 val_loss=0.032775
2026-05-13 16:57:04 [debug    ] epoch_start                    epoch=20 total_epochs=50
2026-05-13 17:00:05 [info     ] epoch_complete                 epoch=20 is_best=False lr=0.0006700000000000152 total_epochs=50 train_loss=0.036008 val_loss=0.033448
2026-05-13 17:00:05 [debug    ] epoch_start                    epoch=21 total_epochs=50
2026-05-13 17:03:07 [info     ] epoch_complete                 epoch=21 is_best=False lr=0.0006480000000000166 total_epochs=50 train_loss=0.036135 val_loss=0.033468
2026-05-13 17:03:07 [debug    ] epoch_start                    epoch=22 total_epochs=50
2026-05-13 17:06:09 [info     ] epoch_complete                 epoch=22 is_best=False lr=0.000626000000000018 total_epochs=50 train_loss=0.036008 val_loss=0.032986
2026-05-13 17:06:09 [debug    ] epoch_start                    epoch=23 total_epochs=50
2026-05-13 17:09:13 [debug    ] meta_saved                     path=data/models/alpha_0.3_seed1/meta.json
2026-05-13 17:09:13 [debug    ] model_saved                    epoch=23
2026-05-13 17:09:13 [info     ] epoch_complete                 epoch=23 is_best=True lr=0.0006040000000000195 total_epochs=50 train_loss=0.03575 val_loss=0.032575
2026-05-13 17:09:13 [debug    ] epoch_start                    epoch=24 total_epochs=50
2026-05-13 17:12:16 [info     ] epoch_complete                 epoch=24 is_best=False lr=0.0005820000000000209 total_epochs=50 train_loss=0.03566 val_loss=0.032597
2026-05-13 17:12:16 [debug    ] epoch_start                    epoch=25 total_epochs=50
2026-05-13 17:15:19 [debug    ] meta_saved                     path=data/models/alpha_0.3_seed1/meta.json
2026-05-13 17:15:19 [debug    ] model_saved                    epoch=25
2026-05-13 17:15:19 [info     ] epoch_complete                 epoch=25 is_best=True lr=0.0005600000000000223 total_epochs=50 train_loss=0.035472 val_loss=0.032545
2026-05-13 17:15:19 [debug    ] epoch_start                    epoch=26 total_epochs=50
2026-05-13 17:18:24 [debug    ] meta_saved                     path=data/models/alpha_0.3_seed1/meta.json
2026-05-13 17:18:24 [debug    ] model_saved                    epoch=26
2026-05-13 17:18:24 [info     ] epoch_complete                 epoch=26 is_best=True lr=0.0005380000000000237 total_epochs=50 train_loss=0.035644 val_loss=0.032395
2026-05-13 17:18:24 [debug    ] epoch_start                    epoch=27 total_epochs=50
2026-05-13 17:21:27 [info     ] epoch_complete                 epoch=27 is_best=False lr=0.0005160000000000251 total_epochs=50 train_loss=0.035426 val_loss=0.033117
2026-05-13 17:21:27 [debug    ] epoch_start                    epoch=28 total_epochs=50
2026-05-13 17:24:31 [info     ] epoch_complete                 epoch=28 is_best=False lr=0.0004940000000000265 total_epochs=50 train_loss=0.035243 val_loss=0.033626
2026-05-13 17:24:31 [debug    ] epoch_start                    epoch=29 total_epochs=50
2026-05-13 17:27:35 [debug    ] meta_saved                     path=data/models/alpha_0.3_seed1/meta.json
2026-05-13 17:27:35 [debug    ] model_saved                    epoch=29
2026-05-13 17:27:35 [info     ] epoch_complete                 epoch=29 is_best=True lr=0.00047200000000002616 total_epochs=50 train_loss=0.035484 val_loss=0.032201
2026-05-13 17:27:35 [debug    ] epoch_start                    epoch=30 total_epochs=50
2026-05-13 17:30:39 [debug    ] meta_saved                     path=data/models/alpha_0.3_seed1/meta.json
2026-05-13 17:30:39 [debug    ] model_saved                    epoch=30
2026-05-13 17:30:39 [info     ] epoch_complete                 epoch=30 is_best=True lr=0.00045000000000002476 total_epochs=50 train_loss=0.035068 val_loss=0.032103
2026-05-13 17:30:39 [debug    ] epoch_start                    epoch=31 total_epochs=50
2026-05-13 17:33:42 [info     ] epoch_complete                 epoch=31 is_best=False lr=0.0004280000000000241 total_epochs=50 train_loss=0.035004 val_loss=0.032254
2026-05-13 17:33:42 [debug    ] epoch_start                    epoch=32 total_epochs=50
2026-05-13 17:36:44 [debug    ] meta_saved                     path=data/models/alpha_0.3_seed1/meta.json
2026-05-13 17:36:44 [debug    ] model_saved                    epoch=32
2026-05-13 17:36:44 [info     ] epoch_complete                 epoch=32 is_best=True lr=0.0004060000000000233 total_epochs=50 train_loss=0.03501 val_loss=0.032033
2026-05-13 17:36:44 [debug    ] epoch_start                    epoch=33 total_epochs=50
2026-05-13 17:39:47 [debug    ] meta_saved                     path=data/models/alpha_0.3_seed1/meta.json
2026-05-13 17:39:47 [debug    ] model_saved                    epoch=33
2026-05-13 17:39:47 [info     ] epoch_complete                 epoch=33 is_best=True lr=0.0003840000000000225 total_epochs=50 train_loss=0.034858 val_loss=0.031807
2026-05-13 17:39:47 [debug    ] epoch_start                    epoch=34 total_epochs=50
2026-05-13 17:42:50 [info     ] epoch_complete                 epoch=34 is_best=False lr=0.0003620000000000219 total_epochs=50 train_loss=0.034851 val_loss=0.031874
2026-05-13 17:42:50 [debug    ] epoch_start                    epoch=35 total_epochs=50
2026-05-13 17:45:54 [info     ] epoch_complete                 epoch=35 is_best=False lr=0.00034000000000002106 total_epochs=50 train_loss=0.03467 val_loss=0.031858
2026-05-13 17:45:54 [debug    ] epoch_start                    epoch=36 total_epochs=50
2026-05-13 17:48:56 [debug    ] meta_saved                     path=data/models/alpha_0.3_seed1/meta.json
2026-05-13 17:48:56 [debug    ] model_saved                    epoch=36
2026-05-13 17:48:56 [info     ] epoch_complete                 epoch=36 is_best=True lr=0.0003180000000000207 total_epochs=50 train_loss=0.03468 val_loss=0.031431
2026-05-13 17:48:56 [debug    ] epoch_start                    epoch=37 total_epochs=50
2026-05-13 17:51:57 [debug    ] meta_saved                     path=data/models/alpha_0.3_seed1/meta.json
2026-05-13 17:51:57 [debug    ] model_saved                    epoch=37
2026-05-13 17:51:57 [info     ] epoch_complete                 epoch=37 is_best=True lr=0.0002960000000000202 total_epochs=50 train_loss=0.034585 val_loss=0.031417
2026-05-13 17:51:57 [debug    ] epoch_start                    epoch=38 total_epochs=50
2026-05-13 17:54:58 [debug    ] meta_saved                     path=data/models/alpha_0.3_seed1/meta.json
2026-05-13 17:54:58 [debug    ] model_saved                    epoch=38
2026-05-13 17:54:58 [info     ] epoch_complete                 epoch=38 is_best=True lr=0.0002740000000000199 total_epochs=50 train_loss=0.034559 val_loss=0.031359
2026-05-13 17:54:58 [debug    ] epoch_start                    epoch=39 total_epochs=50
2026-05-13 17:58:02 [info     ] epoch_complete                 epoch=39 is_best=False lr=0.0002520000000000196 total_epochs=50 train_loss=0.034461 val_loss=0.031549
2026-05-13 17:58:02 [debug    ] epoch_start                    epoch=40 total_epochs=50
2026-05-13 18:01:05 [debug    ] meta_saved                     path=data/models/alpha_0.3_seed1/meta.json
2026-05-13 18:01:05 [debug    ] model_saved                    epoch=40
2026-05-13 18:01:05 [info     ] epoch_complete                 epoch=40 is_best=True lr=0.00023000000000001863 total_epochs=50 train_loss=0.034362 val_loss=0.031303
2026-05-13 18:01:05 [debug    ] epoch_start                    epoch=41 total_epochs=50
2026-05-13 18:04:08 [info     ] epoch_complete                 epoch=41 is_best=False lr=0.00020800000000001674 total_epochs=50 train_loss=0.034325 val_loss=0.031514
2026-05-13 18:04:08 [debug    ] epoch_start                    epoch=42 total_epochs=50
2026-05-13 18:07:10 [debug    ] meta_saved                     path=data/models/alpha_0.3_seed1/meta.json
2026-05-13 18:07:10 [debug    ] model_saved                    epoch=42
2026-05-13 18:07:10 [info     ] epoch_complete                 epoch=42 is_best=True lr=0.00018600000000001458 total_epochs=50 train_loss=0.034238 val_loss=0.031211
2026-05-13 18:07:10 [debug    ] epoch_start                    epoch=43 total_epochs=50
2026-05-13 18:10:12 [info     ] epoch_complete                 epoch=43 is_best=False lr=0.00016400000000001252 total_epochs=50 train_loss=0.034203 val_loss=0.031367
2026-05-13 18:10:12 [debug    ] epoch_start                    epoch=44 total_epochs=50
2026-05-13 18:13:13 [debug    ] meta_saved                     path=data/models/alpha_0.3_seed1/meta.json
2026-05-13 18:13:13 [debug    ] model_saved                    epoch=44
2026-05-13 18:13:13 [info     ] epoch_complete                 epoch=44 is_best=True lr=0.00014200000000001072 total_epochs=50 train_loss=0.034138 val_loss=0.031196
2026-05-13 18:13:13 [debug    ] epoch_start                    epoch=45 total_epochs=50
2026-05-13 18:16:16 [debug    ] meta_saved                     path=data/models/alpha_0.3_seed1/meta.json
2026-05-13 18:16:16 [debug    ] model_saved                    epoch=45
2026-05-13 18:16:16 [info     ] epoch_complete                 epoch=45 is_best=True lr=0.00012000000000000884 total_epochs=50 train_loss=0.034159 val_loss=0.031134
2026-05-13 18:16:16 [debug    ] epoch_start                    epoch=46 total_epochs=50
2026-05-13 18:19:17 [debug    ] meta_saved                     path=data/models/alpha_0.3_seed1/meta.json
2026-05-13 18:19:17 [debug    ] model_saved                    epoch=46
2026-05-13 18:19:17 [info     ] epoch_complete                 epoch=46 is_best=True lr=9.800000000000718e-05 total_epochs=50 train_loss=0.033958 val_loss=0.031117
2026-05-13 18:19:17 [debug    ] epoch_start                    epoch=47 total_epochs=50
2026-05-13 18:22:20 [debug    ] meta_saved                     path=data/models/alpha_0.3_seed1/meta.json
2026-05-13 18:22:20 [debug    ] model_saved                    epoch=47
2026-05-13 18:22:20 [info     ] epoch_complete                 epoch=47 is_best=True lr=7.60000000000058e-05 total_epochs=50 train_loss=0.033896 val_loss=0.031059
2026-05-13 18:22:20 [debug    ] epoch_start                    epoch=48 total_epochs=50
2026-05-13 18:25:24 [info     ] epoch_complete                 epoch=48 is_best=False lr=5.400000000000429e-05 total_epochs=50 train_loss=0.033921 val_loss=0.031189
2026-05-13 18:25:24 [debug    ] epoch_start                    epoch=49 total_epochs=50
2026-05-13 18:28:28 [info     ] epoch_complete                 epoch=49 is_best=False lr=3.200000000000247e-05 total_epochs=50 train_loss=0.033966 val_loss=0.03106
2026-05-13 18:28:28 [debug    ] epoch_start                    epoch=50 total_epochs=50
2026-05-13 18:31:30 [debug    ] meta_saved                     path=data/models/alpha_0.3_seed1/meta.json
2026-05-13 18:31:30 [debug    ] model_saved                    epoch=50
2026-05-13 18:31:30 [info     ] epoch_complete                 epoch=50 is_best=True lr=1.000000000000079e-05 total_epochs=50 train_loss=0.033851 val_loss=0.030969
2026-05-13 18:31:30 [info     ] training_log_saved             path=data/models/alpha_0.3_seed1/training_losses.csv
2026-05-13 18:31:30 [info     ] training_complete              best_val_loss=0.030969
2026-05-13 18:31:30 [info     ] train_typecode_done            typecode=A320
2026-05-13 18:31:30 [info     ] train_done                     typecodes=['A320']

$ uv run fdm train --arch adsb --config results/alpha_0.3_seed1/config.yaml --model-name alpha_0.3_seed1 --epochs 50 --batch-size 128 --lr 0.001 --method rk4 --seq-len 60 --train-limit 5000 --activation silu --seed 1 --device cuda --use-mode-weights --mode-weight-alpha 0.3
