2026-05-14 00:56:25 [info     ] evaluate_start                 arch=adsb typecodes=['A320']
2026-05-14 00:56:25 [info     ] evaluate_typecode              flights=542 typecode=A320
2026-05-14 00:56:37 [info     ] evaluate_done                  output=data/model_performance/activation_relu_seed1/performance.parquet rows=16
shape: (16, 11)
┌──────────┬─────────────────────────┬──────────────┬───────┬─────────┬─────────┬──────────┬──────────┬─────────┬──────────┬────────┐
│ Aircraft ┆ Variable                ┆ Phase        ┆ Model ┆ MAE     ┆ MAE_std ┆ MAPE (%) ┆ MAPE_std ┆ ME      ┆ ME_std   ┆ Count  │
│ ---      ┆ ---                     ┆ ---          ┆ ---   ┆ ---     ┆ ---     ┆ ---      ┆ ---      ┆ ---     ┆ ---      ┆ ---    │
│ str      ┆ str                     ┆ str          ┆ str   ┆ f64     ┆ f64     ┆ f64      ┆ f64      ┆ f64     ┆ f64      ┆ i64    │
╞══════════╪═════════════════════════╪══════════════╪═══════╪═════════╪═════════╪══════════╪══════════╪═════════╪══════════╪════════╡
│ A320     ┆ Altitude [m]            ┆ All phases   ┆ PRED  ┆ 254.503 ┆ 543.387 ┆ 5.368    ┆ 17.264   ┆ 113.182 ┆ 589.263  ┆ 478843 │
│ A320     ┆ Altitude [m]            ┆ Climb        ┆ PRED  ┆ 732.291 ┆ 941.224 ┆ 16.418   ┆ 33.413   ┆ 556.987 ┆ 1054.476 ┆ 90018  │
│ A320     ┆ Altitude [m]            ┆ Level flight ┆ PRED  ┆ 83.304  ┆ 182.689 ┆ 1.055    ┆ 5.147    ┆ 4.861   ┆ 200.726  ┆ 296839 │
│ A320     ┆ Altitude [m]            ┆ Descent      ┆ PRED  ┆ 339.394 ┆ 487.051 ┆ 8.474    ┆ 13.577   ┆ 28.424  ┆ 592.958  ┆ 91986  │
│ A320     ┆ Flight path angle [deg] ┆ All phases   ┆ PRED  ┆ 0.277   ┆ 0.602   ┆ NaN      ┆ NaN      ┆ -0.059  ┆ 0.660    ┆ 478843 │
│ A320     ┆ Flight path angle [deg] ┆ Climb        ┆ PRED  ┆ 0.697   ┆ 0.950   ┆ NaN      ┆ NaN      ┆ -0.396  ┆ 1.109    ┆ 90018  │
│ A320     ┆ Flight path angle [deg] ┆ Level flight ┆ PRED  ┆ 0.076   ┆ 0.244   ┆ NaN      ┆ NaN      ┆ -0.008  ┆ 0.255    ┆ 296839 │
│ A320     ┆ Flight path angle [deg] ┆ Descent      ┆ PRED  ┆ 0.515   ┆ 0.671   ┆ NaN      ┆ NaN      ┆ 0.104   ┆ 0.839    ┆ 91986  │
│ A320     ┆ Heading [deg]           ┆ All phases   ┆ PRED  ┆ 1.821   ┆ 6.956   ┆ NaN      ┆ NaN      ┆ 0.076   ┆ 7.190    ┆ 478843 │
│ A320     ┆ Heading [deg]           ┆ Climb        ┆ PRED  ┆ 2.249   ┆ 7.154   ┆ NaN      ┆ NaN      ┆ 0.018   ┆ 7.499    ┆ 90018  │
│ A320     ┆ Heading [deg]           ┆ Level flight ┆ PRED  ┆ 1.526   ┆ 6.445   ┆ NaN      ┆ NaN      ┆ 0.137   ┆ 6.622    ┆ 296839 │
│ A320     ┆ Heading [deg]           ┆ Descent      ┆ PRED  ┆ 2.355   ┆ 8.185   ┆ NaN      ┆ NaN      ┆ -0.062  ┆ 8.517    ┆ 91986  │
│ A320     ┆ True airspeed [m/s]     ┆ All phases   ┆ PRED  ┆ 3.017   ┆ 7.349   ┆ 1.731    ┆ 5.928    ┆ 0.644   ┆ 7.918    ┆ 478843 │
│ A320     ┆ True airspeed [m/s]     ┆ Climb        ┆ PRED  ┆ 5.587   ┆ 13.065  ┆ 3.527    ┆ 10.250   ┆ 3.456   ┆ 13.783   ┆ 90018  │
│ A320     ┆ True airspeed [m/s]     ┆ Level flight ┆ PRED  ┆ 1.980   ┆ 4.278   ┆ 1.002    ┆ 4.243    ┆ 0.127   ┆ 4.713    ┆ 296839 │
│ A320     ┆ True airspeed [m/s]     ┆ Descent      ┆ PRED  ┆ 3.849   ┆ 6.666   ┆ 2.325    ┆ 4.103    ┆ -0.442  ┆ 7.685    ┆ 91986  │
└──────────┴─────────────────────────┴──────────────┴───────┴─────────┴─────────┴──────────┴──────────┴─────────┴──────────┴────────┘

$ uv run fdm evaluate --arch adsb --config results/activation_relu_seed1/config.yaml --model-name activation_relu_seed1
