2026-05-21 19:08:06 [info     ] evaluate_start                 arch=adsb typecodes=['A320']
2026-05-21 19:08:06 [info     ] evaluate_typecode              flights=542 typecode=A320
2026-05-21 19:08:18 [info     ] evaluate_done                  output=data/model_performance/seq_25_seed1/performance.parquet rows=16
shape: (16, 11)
┌──────────┬─────────────────────────┬──────────────┬───────┬─────────┬──────────┬──────────┬──────────┬─────────┬──────────┬────────┐
│ Aircraft ┆ Variable                ┆ Phase        ┆ Model ┆ MAE     ┆ MAE_std  ┆ MAPE (%) ┆ MAPE_std ┆ ME      ┆ ME_std   ┆ Count  │
│ ---      ┆ ---                     ┆ ---          ┆ ---   ┆ ---     ┆ ---      ┆ ---      ┆ ---      ┆ ---     ┆ ---      ┆ ---    │
│ str      ┆ str                     ┆ str          ┆ str   ┆ f64     ┆ f64      ┆ f64      ┆ f64      ┆ f64     ┆ f64      ┆ i64    │
╞══════════╪═════════════════════════╪══════════════╪═══════╪═════════╪══════════╪══════════╪══════════╪═════════╪══════════╪════════╡
│ A320     ┆ Altitude [m]            ┆ All phases   ┆ PRED  ┆ 237.418 ┆ 615.721  ┆ 5.381    ┆ 19.355   ┆ 122.100 ┆ 648.515  ┆ 478843 │
│ A320     ┆ Altitude [m]            ┆ Climb        ┆ PRED  ┆ 797.209 ┆ 1087.952 ┆ 18.014   ┆ 37.964   ┆ 626.316 ┆ 1194.533 ┆ 90018  │
│ A320     ┆ Altitude [m]            ┆ Level flight ┆ PRED  ┆ 37.595  ┆ 169.377  ┆ 0.584    ┆ 5.120    ┆ -12.338 ┆ 173.059  ┆ 296839 │
│ A320     ┆ Altitude [m]            ┆ Descent      ┆ PRED  ┆ 334.434 ┆ 526.964  ┆ 8.497    ┆ 14.660   ┆ 62.500  ┆ 620.992  ┆ 91986  │
│ A320     ┆ Flight path angle [deg] ┆ All phases   ┆ PRED  ┆ 0.279   ┆ 0.617    ┆ NaN      ┆ NaN      ┆ -0.061  ┆ 0.674    ┆ 478843 │
│ A320     ┆ Flight path angle [deg] ┆ Climb        ┆ PRED  ┆ 0.715   ┆ 0.961    ┆ NaN      ┆ NaN      ┆ -0.417  ┆ 1.123    ┆ 90018  │
│ A320     ┆ Flight path angle [deg] ┆ Level flight ┆ PRED  ┆ 0.073   ┆ 0.255    ┆ NaN      ┆ NaN      ┆ -0.007  ┆ 0.265    ┆ 296839 │
│ A320     ┆ Flight path angle [deg] ┆ Descent      ┆ PRED  ┆ 0.520   ┆ 0.696    ┆ NaN      ┆ NaN      ┆ 0.114   ┆ 0.861    ┆ 91986  │
│ A320     ┆ Heading [deg]           ┆ All phases   ┆ PRED  ┆ 1.681   ┆ 8.004    ┆ NaN      ┆ NaN      ┆ 0.177   ┆ 8.176    ┆ 478843 │
│ A320     ┆ Heading [deg]           ┆ Climb        ┆ PRED  ┆ 2.302   ┆ 8.894    ┆ NaN      ┆ NaN      ┆ 0.246   ┆ 9.184    ┆ 90018  │
│ A320     ┆ Heading [deg]           ┆ Level flight ┆ PRED  ┆ 1.242   ┆ 6.513    ┆ NaN      ┆ NaN      ┆ 0.118   ┆ 6.629    ┆ 296839 │
│ A320     ┆ Heading [deg]           ┆ Descent      ┆ PRED  ┆ 2.489   ┆ 10.841   ┆ NaN      ┆ NaN      ┆ 0.303   ┆ 11.119   ┆ 91986  │
│ A320     ┆ True airspeed [m/s]     ┆ All phases   ┆ PRED  ┆ 3.551   ┆ 8.493    ┆ 1.969    ┆ 6.396    ┆ 0.957   ┆ 9.156    ┆ 478843 │
│ A320     ┆ True airspeed [m/s]     ┆ Climb        ┆ PRED  ┆ 6.739   ┆ 15.722   ┆ 4.170    ┆ 11.773   ┆ 2.684   ┆ 16.894   ┆ 90018  │
│ A320     ┆ True airspeed [m/s]     ┆ Level flight ┆ PRED  ┆ 2.446   ┆ 4.651    ┆ 1.171    ┆ 4.040    ┆ 0.891   ┆ 5.179    ┆ 296839 │
│ A320     ┆ True airspeed [m/s]     ┆ Descent      ┆ PRED  ┆ 3.997   ┆ 7.049    ┆ 2.391    ┆ 4.207    ┆ -0.521  ┆ 8.086    ┆ 91986  │
└──────────┴─────────────────────────┴──────────────┴───────┴─────────┴──────────┴──────────┴──────────┴─────────┴──────────┴────────┘

$ uv run fdm evaluate --arch adsb --config results_run4/seq_25_seed1/config.yaml --model-name seq_25_seed1
