2026-05-22 06:56:34 [info     ] evaluate_start                 arch=adsb typecodes=['A320']
2026-05-22 06:56:34 [info     ] evaluate_typecode              flights=542 typecode=A320
2026-05-22 06:56:46 [info     ] evaluate_done                  output=data/model_performance/lr_7e-4_seed2/performance.parquet rows=16
shape: (16, 11)
┌──────────┬─────────────────────────┬──────────────┬───────┬─────────┬──────────┬──────────┬──────────┬─────────┬──────────┬────────┐
│ Aircraft ┆ Variable                ┆ Phase        ┆ Model ┆ MAE     ┆ MAE_std  ┆ MAPE (%) ┆ MAPE_std ┆ ME      ┆ ME_std   ┆ Count  │
│ ---      ┆ ---                     ┆ ---          ┆ ---   ┆ ---     ┆ ---      ┆ ---      ┆ ---      ┆ ---     ┆ ---      ┆ ---    │
│ str      ┆ str                     ┆ str          ┆ str   ┆ f64     ┆ f64      ┆ f64      ┆ f64      ┆ f64     ┆ f64      ┆ i64    │
╞══════════╪═════════════════════════╪══════════════╪═══════╪═════════╪══════════╪══════════╪══════════╪═════════╪══════════╪════════╡
│ A320     ┆ Altitude [m]            ┆ All phases   ┆ PRED  ┆ 238.144 ┆ 633.690  ┆ 5.468    ┆ 20.089   ┆ 135.733 ┆ 663.214  ┆ 478843 │
│ A320     ┆ Altitude [m]            ┆ Climb        ┆ PRED  ┆ 814.988 ┆ 1133.484 ┆ 18.551   ┆ 39.535   ┆ 658.102 ┆ 1231.216 ┆ 90018  │
│ A320     ┆ Altitude [m]            ┆ Level flight ┆ PRED  ┆ 33.363  ┆ 171.915  ┆ 0.548    ┆ 5.430    ┆ -5.344  ┆ 175.040  ┆ 296839 │
│ A320     ┆ Altitude [m]            ┆ Descent      ┆ PRED  ┆ 334.470 ┆ 517.182  ┆ 8.542    ┆ 14.864   ┆ 79.795  ┆ 610.721  ┆ 91986  │
│ A320     ┆ Flight path angle [deg] ┆ All phases   ┆ PRED  ┆ 0.280   ┆ 0.624    ┆ NaN      ┆ NaN      ┆ -0.060  ┆ 0.681    ┆ 478843 │
│ A320     ┆ Flight path angle [deg] ┆ Climb        ┆ PRED  ┆ 0.730   ┆ 0.986    ┆ NaN      ┆ NaN      ┆ -0.432  ┆ 1.148    ┆ 90018  │
│ A320     ┆ Flight path angle [deg] ┆ Level flight ┆ PRED  ┆ 0.072   ┆ 0.251    ┆ NaN      ┆ NaN      ┆ -0.006  ┆ 0.261    ┆ 296839 │
│ A320     ┆ Flight path angle [deg] ┆ Descent      ┆ PRED  ┆ 0.513   ┆ 0.691    ┆ NaN      ┆ NaN      ┆ 0.133   ┆ 0.851    ┆ 91986  │
│ A320     ┆ Heading [deg]           ┆ All phases   ┆ PRED  ┆ 1.565   ┆ 7.242    ┆ NaN      ┆ NaN      ┆ 0.113   ┆ 7.408    ┆ 478843 │
│ A320     ┆ Heading [deg]           ┆ Climb        ┆ PRED  ┆ 2.276   ┆ 9.370    ┆ NaN      ┆ NaN      ┆ -0.047  ┆ 9.642    ┆ 90018  │
│ A320     ┆ Heading [deg]           ┆ Level flight ┆ PRED  ┆ 1.122   ┆ 5.800    ┆ NaN      ┆ NaN      ┆ 0.142   ┆ 5.906    ┆ 296839 │
│ A320     ┆ Heading [deg]           ┆ Descent      ┆ PRED  ┆ 2.299   ┆ 8.768    ┆ NaN      ┆ NaN      ┆ 0.178   ┆ 9.062    ┆ 91986  │
│ A320     ┆ True airspeed [m/s]     ┆ All phases   ┆ PRED  ┆ 3.439   ┆ 8.707    ┆ 1.935    ┆ 6.692    ┆ 1.113   ┆ 9.295    ┆ 478843 │
│ A320     ┆ True airspeed [m/s]     ┆ Climb        ┆ PRED  ┆ 6.458   ┆ 16.281   ┆ 4.025    ┆ 12.295   ┆ 3.355   ┆ 17.191   ┆ 90018  │
│ A320     ┆ True airspeed [m/s]     ┆ Level flight ┆ PRED  ┆ 2.360   ┆ 4.778    ┆ 1.159    ┆ 4.330    ┆ 0.829   ┆ 5.264    ┆ 296839 │
│ A320     ┆ True airspeed [m/s]     ┆ Descent      ┆ PRED  ┆ 3.967   ┆ 6.972    ┆ 2.393    ┆ 4.273    ┆ -0.162  ┆ 8.020    ┆ 91986  │
└──────────┴─────────────────────────┴──────────────┴───────┴─────────┴──────────┴──────────┴──────────┴─────────┴──────────┴────────┘

$ uv run fdm evaluate --arch adsb --config results_run4/lr_7e-4_seed2/config.yaml --model-name lr_7e-4_seed2
