2026-05-21 23:59:37 [info     ] train_start                    arch=adsb device=cuda typecodes=['A320']
2026-05-21 23:59:37 [info     ] train_typecode                 typecode=A320
2026-05-21 23:59:37 [info     ] loading_data                   train_flights=1594 val_flights=247
2026-05-21 23:59:37 [warning  ] e1_column_missing              column=fdm_g_sin_gamma_ms2
2026-05-21 23:59:37 [warning  ] e1_column_missing              column=fdm_cos_gamma
2026-05-21 23:59:37 [warning  ] e1_column_missing              column=fdm_q_pa
2026-05-21 23:59:37 [warning  ] e1_column_missing              column=fdm_g_over_v
2026-05-21 23:59:37 [warning  ] e1_column_missing              column=fdm_lat_wind_ms
2026-05-21 23:59:37 [warning  ] e1_column_missing              column=fdm_drift_rad
2026-05-21 23:59:37 [warning  ] e1_column_missing              column=fdm_track_rad
2026-05-21 23:59:37 [warning  ] e1_column_missing              column=fdm_heading_diff_rad
2026-05-21 23:59:42 [warning  ] e1_column_missing              column=fdm_g_sin_gamma_ms2
2026-05-21 23:59:42 [warning  ] e1_column_missing              column=fdm_cos_gamma
2026-05-21 23:59:42 [warning  ] e1_column_missing              column=fdm_q_pa
2026-05-21 23:59:42 [warning  ] e1_column_missing              column=fdm_g_over_v
2026-05-21 23:59:42 [warning  ] e1_column_missing              column=fdm_lat_wind_ms
2026-05-21 23:59:42 [warning  ] e1_column_missing              column=fdm_drift_rad
2026-05-21 23:59:42 [warning  ] e1_column_missing              column=fdm_track_rad
2026-05-21 23:59:42 [warning  ] e1_column_missing              column=fdm_heading_diff_rad
2026-05-21 23:59:43 [info     ] data_loaded                    train_samples=48117 val_samples=7518
2026-05-22 00:00:03 [debug    ] meta_saved                     path=data/models/lr_7e-4_seed2/meta.json
2026-05-22 00:00:03 [info     ] trainer_initialized            architecture=node_adsb_v1 device=cuda train_samples=48117 val_samples=7518
2026-05-22 00:00:03 [info     ] preloading_data_to_gpu
2026-05-22 00:00:03 [debug    ] epoch_start                    epoch=1 total_epochs=50
/data/common/dataiku/config/projects/NODEFDM/lib/python/.venv/lib/python3.12/site-packages/torch/_inductor/compile_fx.py:321: UserWarning: TensorFloat32 tensor cores for float32 matrix multiplication available but not enabled. Consider setting `torch.set_float32_matmul_precision('high')` for better performance.
  warnings.warn(
2026-05-22 00:00:26 [info     ] debug_magnitudes               norm_mean=['8427.359375', '-0.000899', '211.646118', '3.252943'] norm_std=['2287.523926', '0.040447', '34.116577', '1.247240'] ode_loss=0.256979
2026-05-22 00:04:17 [warning  ] nan_or_inf_loss                loss=nan
W0522 00:07:21.917000 2885835 torch/_dynamo/convert_frame.py:1676] [0/8] torch._dynamo hit config.recompile_limit (8)
W0522 00:07:21.917000 2885835 torch/_dynamo/convert_frame.py:1676] [0/8]    function: 'forward' (/data/common/dataiku/config/projects/NODEFDM/lib/python/packages/node-fdm/src/node_fdm/models/fdm.py:181)
W0522 00:07:21.917000 2885835 torch/_dynamo/convert_frame.py:1676] [0/8]    last reason: 0/7: tensor 'self.history['raw_alt_m']' size mismatch at index 1. expected 1, actual 2
W0522 00:07:21.917000 2885835 torch/_dynamo/convert_frame.py:1676] [0/8] To log all recompilation reasons, use TORCH_LOGS="recompiles".
W0522 00:07:21.917000 2885835 torch/_dynamo/convert_frame.py:1676] [0/8] To diagnose recompilation issues, see https://pytorch.org/docs/main/compile/programming_model.recompilation.html
2026-05-22 00:07:22 [debug    ] meta_saved                     path=data/models/lr_7e-4_seed2/meta.json
2026-05-22 00:07:22 [debug    ] model_saved                    epoch=1
2026-05-22 00:07:22 [info     ] epoch_complete                 epoch=1 is_best=True lr=0.0001479999999999991 total_epochs=50 train_loss=nan val_loss=0.040677
2026-05-22 00:07:22 [debug    ] epoch_start                    epoch=2 total_epochs=50
2026-05-22 00:07:36 [warning  ] nan_or_inf_loss                loss=nan
2026-05-22 00:13:11 [debug    ] meta_saved                     path=data/models/lr_7e-4_seed2/meta.json
2026-05-22 00:13:11 [debug    ] model_saved                    epoch=2
2026-05-22 00:13:11 [info     ] epoch_complete                 epoch=2 is_best=True lr=0.00028599999999999736 total_epochs=50 train_loss=nan val_loss=0.029925
2026-05-22 00:13:11 [debug    ] epoch_start                    epoch=3 total_epochs=50
2026-05-22 00:14:09 [warning  ] nan_or_inf_loss                loss=nan
2026-05-22 00:19:05 [debug    ] meta_saved                     path=data/models/lr_7e-4_seed2/meta.json
2026-05-22 00:19:05 [debug    ] model_saved                    epoch=3
2026-05-22 00:19:05 [info     ] epoch_complete                 epoch=3 is_best=True lr=0.0004239999999999947 total_epochs=50 train_loss=nan val_loss=0.027302
2026-05-22 00:19:05 [debug    ] epoch_start                    epoch=4 total_epochs=50
2026-05-22 00:19:41 [warning  ] nan_or_inf_loss                loss=nan
2026-05-22 00:25:00 [debug    ] meta_saved                     path=data/models/lr_7e-4_seed2/meta.json
2026-05-22 00:25:00 [debug    ] model_saved                    epoch=4
2026-05-22 00:25:00 [info     ] epoch_complete                 epoch=4 is_best=True lr=0.0005619999999999926 total_epochs=50 train_loss=nan val_loss=0.025552
2026-05-22 00:25:00 [debug    ] epoch_start                    epoch=5 total_epochs=50
2026-05-22 00:30:53 [warning  ] nan_or_inf_loss                loss=nan
2026-05-22 00:30:59 [debug    ] meta_saved                     path=data/models/lr_7e-4_seed2/meta.json
2026-05-22 00:30:59 [debug    ] model_saved                    epoch=5
2026-05-22 00:30:59 [info     ] epoch_complete                 epoch=5 is_best=True lr=0.0007 total_epochs=50 train_loss=nan val_loss=0.025321
2026-05-22 00:30:59 [debug    ] epoch_start                    epoch=6 total_epochs=50
2026-05-22 00:31:39 [warning  ] nan_or_inf_loss                loss=nan
2026-05-22 00:40:55 [info     ] epoch_complete                 epoch=6 is_best=False lr=0.0006846666666666724 total_epochs=50 train_loss=nan val_loss=0.025545
2026-05-22 00:40:55 [debug    ] epoch_start                    epoch=7 total_epochs=50
2026-05-22 00:42:31 [warning  ] nan_or_inf_loss                loss=nan
2026-05-22 00:51:12 [debug    ] meta_saved                     path=data/models/lr_7e-4_seed2/meta.json
2026-05-22 00:51:12 [debug    ] model_saved                    epoch=7
2026-05-22 00:51:12 [info     ] epoch_complete                 epoch=7 is_best=True lr=0.0006693333333333447 total_epochs=50 train_loss=nan val_loss=0.024555
2026-05-22 00:51:12 [debug    ] epoch_start                    epoch=8 total_epochs=50
2026-05-22 00:52:18 [warning  ] nan_or_inf_loss                loss=nan
2026-05-22 01:00:32 [debug    ] meta_saved                     path=data/models/lr_7e-4_seed2/meta.json
2026-05-22 01:00:32 [debug    ] model_saved                    epoch=8
2026-05-22 01:00:32 [info     ] epoch_complete                 epoch=8 is_best=True lr=0.0006540000000000169 total_epochs=50 train_loss=nan val_loss=0.024196
2026-05-22 01:00:32 [debug    ] epoch_start                    epoch=9 total_epochs=50
2026-05-22 01:03:39 [warning  ] nan_or_inf_loss                loss=nan
2026-05-22 01:06:29 [debug    ] meta_saved                     path=data/models/lr_7e-4_seed2/meta.json
2026-05-22 01:06:29 [debug    ] model_saved                    epoch=9
2026-05-22 01:06:29 [info     ] epoch_complete                 epoch=9 is_best=True lr=0.0006386666666666895 total_epochs=50 train_loss=nan val_loss=0.02398
2026-05-22 01:06:29 [debug    ] epoch_start                    epoch=10 total_epochs=50
2026-05-22 01:11:31 [warning  ] nan_or_inf_loss                loss=nan
2026-05-22 01:12:27 [info     ] epoch_complete                 epoch=10 is_best=False lr=0.0006233333333333638 total_epochs=50 train_loss=nan val_loss=0.02407
2026-05-22 01:12:27 [debug    ] epoch_start                    epoch=11 total_epochs=50
2026-05-22 01:14:07 [warning  ] nan_or_inf_loss                loss=nan
2026-05-22 01:18:23 [info     ] epoch_complete                 epoch=11 is_best=False lr=0.0006080000000000355 total_epochs=50 train_loss=nan val_loss=0.024932
2026-05-22 01:18:23 [debug    ] epoch_start                    epoch=12 total_epochs=50
2026-05-22 01:20:20 [warning  ] nan_or_inf_loss                loss=nan
2026-05-22 01:24:18 [debug    ] meta_saved                     path=data/models/lr_7e-4_seed2/meta.json
2026-05-22 01:24:18 [debug    ] model_saved                    epoch=12
2026-05-22 01:24:18 [info     ] epoch_complete                 epoch=12 is_best=True lr=0.0005926666666667089 total_epochs=50 train_loss=nan val_loss=0.023709
2026-05-22 01:24:18 [debug    ] epoch_start                    epoch=13 total_epochs=50
2026-05-22 01:25:21 [warning  ] nan_or_inf_loss                loss=nan
2026-05-22 01:30:14 [debug    ] meta_saved                     path=data/models/lr_7e-4_seed2/meta.json
2026-05-22 01:30:14 [debug    ] model_saved                    epoch=13
2026-05-22 01:30:14 [info     ] epoch_complete                 epoch=13 is_best=True lr=0.0005773333333333831 total_epochs=50 train_loss=nan val_loss=0.023366
2026-05-22 01:30:14 [debug    ] epoch_start                    epoch=14 total_epochs=50
2026-05-22 01:34:39 [warning  ] nan_or_inf_loss                loss=nan
2026-05-22 01:36:11 [debug    ] meta_saved                     path=data/models/lr_7e-4_seed2/meta.json
2026-05-22 01:36:11 [debug    ] model_saved                    epoch=14
2026-05-22 01:36:11 [info     ] epoch_complete                 epoch=14 is_best=True lr=0.0005620000000000575 total_epochs=50 train_loss=nan val_loss=0.023212
2026-05-22 01:36:11 [debug    ] epoch_start                    epoch=15 total_epochs=50
2026-05-22 01:38:56 [warning  ] nan_or_inf_loss                loss=nan
2026-05-22 01:42:07 [info     ] epoch_complete                 epoch=15 is_best=False lr=0.0005466666666667319 total_epochs=50 train_loss=nan val_loss=0.023837
2026-05-22 01:42:07 [debug    ] epoch_start                    epoch=16 total_epochs=50
2026-05-22 01:46:26 [warning  ] nan_or_inf_loss                loss=nan
2026-05-22 01:48:02 [info     ] epoch_complete                 epoch=16 is_best=False lr=0.0005313333333334057 total_epochs=50 train_loss=nan val_loss=0.023534
2026-05-22 01:48:02 [debug    ] epoch_start                    epoch=17 total_epochs=50
2026-05-22 01:51:41 [warning  ] nan_or_inf_loss                loss=nan
2026-05-22 01:53:57 [debug    ] meta_saved                     path=data/models/lr_7e-4_seed2/meta.json
2026-05-22 01:53:57 [debug    ] model_saved                    epoch=17
2026-05-22 01:53:57 [info     ] epoch_complete                 epoch=17 is_best=True lr=0.0005160000000000802 total_epochs=50 train_loss=nan val_loss=0.023097
2026-05-22 01:53:57 [debug    ] epoch_start                    epoch=18 total_epochs=50
2026-05-22 01:54:35 [warning  ] nan_or_inf_loss                loss=nan
2026-05-22 01:59:52 [info     ] epoch_complete                 epoch=18 is_best=False lr=0.0005006666666667553 total_epochs=50 train_loss=nan val_loss=0.025355
2026-05-22 01:59:52 [debug    ] epoch_start                    epoch=19 total_epochs=50
2026-05-22 02:01:39 [warning  ] nan_or_inf_loss                loss=nan
2026-05-22 02:05:57 [info     ] epoch_complete                 epoch=19 is_best=False lr=0.00048533333333342885 total_epochs=50 train_loss=nan val_loss=0.024283
2026-05-22 02:05:57 [debug    ] epoch_start                    epoch=20 total_epochs=50
2026-05-22 02:06:11 [warning  ] nan_or_inf_loss                loss=nan
2026-05-22 02:12:03 [info     ] epoch_complete                 epoch=20 is_best=False lr=0.0004700000000000916 total_epochs=50 train_loss=nan val_loss=0.02354
2026-05-22 02:12:03 [debug    ] epoch_start                    epoch=21 total_epochs=50
2026-05-22 02:16:01 [warning  ] nan_or_inf_loss                loss=nan
2026-05-22 02:18:00 [info     ] epoch_complete                 epoch=21 is_best=False lr=0.00045466666666675555 total_epochs=50 train_loss=nan val_loss=0.023502
2026-05-22 02:18:00 [debug    ] epoch_start                    epoch=22 total_epochs=50
2026-05-22 02:20:41 [warning  ] nan_or_inf_loss                loss=nan
2026-05-22 02:23:57 [info     ] epoch_complete                 epoch=22 is_best=False lr=0.00043933333333341786 total_epochs=50 train_loss=nan val_loss=0.023364
2026-05-22 02:23:57 [debug    ] epoch_start                    epoch=23 total_epochs=50
2026-05-22 02:24:25 [warning  ] nan_or_inf_loss                loss=nan
2026-05-22 02:30:00 [info     ] epoch_complete                 epoch=23 is_best=False lr=0.0004240000000000805 total_epochs=50 train_loss=nan val_loss=0.023689
2026-05-22 02:30:00 [debug    ] epoch_start                    epoch=24 total_epochs=50
2026-05-22 02:30:33 [warning  ] nan_or_inf_loss                loss=nan
2026-05-22 02:35:57 [info     ] epoch_complete                 epoch=24 is_best=False lr=0.00040866666666674185 total_epochs=50 train_loss=nan val_loss=0.023281
2026-05-22 02:35:57 [debug    ] epoch_start                    epoch=25 total_epochs=50
2026-05-22 02:39:34 [warning  ] nan_or_inf_loss                loss=nan
2026-05-22 02:41:52 [info     ] epoch_complete                 epoch=25 is_best=False lr=0.00039333333333340254 total_epochs=50 train_loss=nan val_loss=0.023186
2026-05-22 02:41:52 [debug    ] epoch_start                    epoch=26 total_epochs=50
2026-05-22 02:42:02 [warning  ] nan_or_inf_loss                loss=nan
2026-05-22 02:47:49 [debug    ] meta_saved                     path=data/models/lr_7e-4_seed2/meta.json
2026-05-22 02:47:49 [debug    ] model_saved                    epoch=26
2026-05-22 02:47:49 [info     ] epoch_complete                 epoch=26 is_best=True lr=0.0003780000000000659 total_epochs=50 train_loss=nan val_loss=0.022813
2026-05-22 02:47:49 [debug    ] epoch_start                    epoch=27 total_epochs=50
2026-05-22 02:53:40 [warning  ] nan_or_inf_loss                loss=nan
2026-05-22 02:53:43 [info     ] epoch_complete                 epoch=27 is_best=False lr=0.0003626666666667262 total_epochs=50 train_loss=nan val_loss=0.023389
2026-05-22 02:53:43 [debug    ] epoch_start                    epoch=28 total_epochs=50
2026-05-22 02:59:27 [warning  ] nan_or_inf_loss                loss=nan
2026-05-22 02:59:39 [info     ] epoch_complete                 epoch=28 is_best=False lr=0.0003473333333333871 total_epochs=50 train_loss=nan val_loss=0.023154
2026-05-22 02:59:39 [debug    ] epoch_start                    epoch=29 total_epochs=50
2026-05-22 03:03:29 [warning  ] nan_or_inf_loss                loss=nan
2026-05-22 03:05:35 [info     ] epoch_complete                 epoch=29 is_best=False lr=0.0003320000000000474 total_epochs=50 train_loss=nan val_loss=0.023024
2026-05-22 03:05:35 [debug    ] epoch_start                    epoch=30 total_epochs=50
2026-05-22 03:08:08 [warning  ] nan_or_inf_loss                loss=nan
2026-05-22 03:11:31 [debug    ] meta_saved                     path=data/models/lr_7e-4_seed2/meta.json
2026-05-22 03:11:31 [debug    ] model_saved                    epoch=30
2026-05-22 03:11:31 [info     ] epoch_complete                 epoch=30 is_best=True lr=0.00031666666666670834 total_epochs=50 train_loss=nan val_loss=0.022753
2026-05-22 03:11:31 [debug    ] epoch_start                    epoch=31 total_epochs=50
2026-05-22 03:15:50 [warning  ] nan_or_inf_loss                loss=nan
2026-05-22 03:17:24 [info     ] epoch_complete                 epoch=31 is_best=False lr=0.0003013333333333682 total_epochs=50 train_loss=nan val_loss=0.022937
2026-05-22 03:17:24 [debug    ] epoch_start                    epoch=32 total_epochs=50
2026-05-22 03:22:46 [warning  ] nan_or_inf_loss                loss=nan
2026-05-22 03:23:20 [info     ] epoch_complete                 epoch=32 is_best=False lr=0.00028600000000002815 total_epochs=50 train_loss=nan val_loss=0.022904
2026-05-22 03:23:20 [debug    ] epoch_start                    epoch=33 total_epochs=50
2026-05-22 03:28:48 [warning  ] nan_or_inf_loss                loss=nan
2026-05-22 03:29:16 [debug    ] meta_saved                     path=data/models/lr_7e-4_seed2/meta.json
2026-05-22 03:29:16 [debug    ] model_saved                    epoch=33
2026-05-22 03:29:16 [info     ] epoch_complete                 epoch=33 is_best=True lr=0.00027066666666668727 total_epochs=50 train_loss=nan val_loss=0.022659
2026-05-22 03:29:16 [debug    ] epoch_start                    epoch=34 total_epochs=50
2026-05-22 03:34:07 [warning  ] nan_or_inf_loss                loss=nan
2026-05-22 03:35:12 [debug    ] meta_saved                     path=data/models/lr_7e-4_seed2/meta.json
2026-05-22 03:35:12 [debug    ] model_saved                    epoch=34
2026-05-22 03:35:12 [info     ] epoch_complete                 epoch=34 is_best=True lr=0.0002553333333333473 total_epochs=50 train_loss=nan val_loss=0.022623
2026-05-22 03:35:12 [debug    ] epoch_start                    epoch=35 total_epochs=50
2026-05-22 03:36:55 [warning  ] nan_or_inf_loss                loss=nan
2026-05-22 03:41:08 [debug    ] meta_saved                     path=data/models/lr_7e-4_seed2/meta.json
2026-05-22 03:41:08 [debug    ] model_saved                    epoch=35
2026-05-22 03:41:08 [info     ] epoch_complete                 epoch=35 is_best=True lr=0.00024000000000000768 total_epochs=50 train_loss=nan val_loss=0.022581
2026-05-22 03:41:08 [debug    ] epoch_start                    epoch=36 total_epochs=50
2026-05-22 03:45:59 [warning  ] nan_or_inf_loss                loss=nan
2026-05-22 03:47:04 [debug    ] meta_saved                     path=data/models/lr_7e-4_seed2/meta.json
2026-05-22 03:47:04 [debug    ] model_saved                    epoch=36
2026-05-22 03:47:04 [info     ] epoch_complete                 epoch=36 is_best=True lr=0.00022466666666667447 total_epochs=50 train_loss=nan val_loss=0.022478
2026-05-22 03:47:04 [debug    ] epoch_start                    epoch=37 total_epochs=50
2026-05-22 03:50:32 [warning  ] nan_or_inf_loss                loss=nan
2026-05-22 03:53:01 [info     ] epoch_complete                 epoch=37 is_best=False lr=0.00020933333333334093 total_epochs=50 train_loss=nan val_loss=0.022596
2026-05-22 03:53:01 [debug    ] epoch_start                    epoch=38 total_epochs=50
2026-05-22 03:53:48 [warning  ] nan_or_inf_loss                loss=nan
2026-05-22 03:58:55 [debug    ] meta_saved                     path=data/models/lr_7e-4_seed2/meta.json
2026-05-22 03:58:55 [debug    ] model_saved                    epoch=38
2026-05-22 03:58:55 [info     ] epoch_complete                 epoch=38 is_best=True lr=0.0001940000000000073 total_epochs=50 train_loss=nan val_loss=0.022449
2026-05-22 03:58:55 [debug    ] epoch_start                    epoch=39 total_epochs=50
2026-05-22 03:59:25 [warning  ] nan_or_inf_loss                loss=nan
2026-05-22 04:04:49 [info     ] epoch_complete                 epoch=39 is_best=False lr=0.00017866666666667438 total_epochs=50 train_loss=nan val_loss=0.022587
2026-05-22 04:04:49 [debug    ] epoch_start                    epoch=40 total_epochs=50
2026-05-22 04:06:34 [warning  ] nan_or_inf_loss                loss=nan
2026-05-22 04:10:41 [info     ] epoch_complete                 epoch=40 is_best=False lr=0.00016333333333334141 total_epochs=50 train_loss=nan val_loss=0.022682
2026-05-22 04:10:41 [debug    ] epoch_start                    epoch=41 total_epochs=50
2026-05-22 04:12:24 [warning  ] nan_or_inf_loss                loss=nan
2026-05-22 04:16:31 [info     ] epoch_complete                 epoch=41 is_best=False lr=0.00014800000000000894 total_epochs=50 train_loss=nan val_loss=0.022537
2026-05-22 04:16:31 [debug    ] epoch_start                    epoch=42 total_epochs=50
2026-05-22 04:17:46 [warning  ] nan_or_inf_loss                loss=nan
2026-05-22 04:22:13 [info     ] epoch_complete                 epoch=42 is_best=False lr=0.00013266666666667722 total_epochs=50 train_loss=nan val_loss=0.022468
2026-05-22 04:22:13 [debug    ] epoch_start                    epoch=43 total_epochs=50
2026-05-22 04:22:55 [warning  ] nan_or_inf_loss                loss=nan
2026-05-22 04:27:50 [info     ] epoch_complete                 epoch=43 is_best=False lr=0.000117333333333344 total_epochs=50 train_loss=nan val_loss=0.022695
2026-05-22 04:27:50 [debug    ] epoch_start                    epoch=44 total_epochs=50
2026-05-22 04:30:54 [warning  ] nan_or_inf_loss                loss=nan
2026-05-22 04:33:36 [debug    ] meta_saved                     path=data/models/lr_7e-4_seed2/meta.json
2026-05-22 04:33:36 [debug    ] model_saved                    epoch=44
2026-05-22 04:33:36 [info     ] epoch_complete                 epoch=44 is_best=True lr=0.00010200000000000884 total_epochs=50 train_loss=nan val_loss=0.022338
2026-05-22 04:33:36 [debug    ] epoch_start                    epoch=45 total_epochs=50
2026-05-22 04:34:36 [warning  ] nan_or_inf_loss                loss=nan
2026-05-22 04:39:22 [info     ] epoch_complete                 epoch=45 is_best=False lr=8.66666666666735e-05 total_epochs=50 train_loss=nan val_loss=0.022454
2026-05-22 04:39:22 [debug    ] epoch_start                    epoch=46 total_epochs=50
2026-05-22 04:42:54 [warning  ] nan_or_inf_loss                loss=nan
2026-05-22 04:45:09 [debug    ] meta_saved                     path=data/models/lr_7e-4_seed2/meta.json
2026-05-22 04:45:09 [debug    ] model_saved                    epoch=46
2026-05-22 04:45:09 [info     ] epoch_complete                 epoch=46 is_best=True lr=7.133333333333766e-05 total_epochs=50 train_loss=nan val_loss=0.022328
2026-05-22 04:45:09 [debug    ] epoch_start                    epoch=47 total_epochs=50
2026-05-22 04:46:20 [warning  ] nan_or_inf_loss                loss=nan
2026-05-22 04:50:56 [debug    ] meta_saved                     path=data/models/lr_7e-4_seed2/meta.json
2026-05-22 04:50:56 [debug    ] model_saved                    epoch=47
2026-05-22 04:50:56 [info     ] epoch_complete                 epoch=47 is_best=True lr=5.600000000000225e-05 total_epochs=50 train_loss=nan val_loss=0.02229
2026-05-22 04:50:56 [debug    ] epoch_start                    epoch=48 total_epochs=50
2026-05-22 04:52:02 [warning  ] nan_or_inf_loss                loss=nan
2026-05-22 04:56:46 [debug    ] meta_saved                     path=data/models/lr_7e-4_seed2/meta.json
2026-05-22 04:56:46 [debug    ] model_saved                    epoch=48
2026-05-22 04:56:46 [info     ] epoch_complete                 epoch=48 is_best=True lr=4.066666666666821e-05 total_epochs=50 train_loss=nan val_loss=0.022253
2026-05-22 04:56:46 [debug    ] epoch_start                    epoch=49 total_epochs=50
2026-05-22 04:57:25 [warning  ] nan_or_inf_loss                loss=nan
2026-05-22 05:02:37 [info     ] epoch_complete                 epoch=49 is_best=False lr=2.5333333333334455e-05 total_epochs=50 train_loss=nan val_loss=0.022258
2026-05-22 05:02:37 [debug    ] epoch_start                    epoch=50 total_epochs=50
2026-05-22 05:08:00 [warning  ] nan_or_inf_loss                loss=nan
2026-05-22 05:08:27 [debug    ] meta_saved                     path=data/models/lr_7e-4_seed2/meta.json
2026-05-22 05:08:27 [debug    ] model_saved                    epoch=50
2026-05-22 05:08:27 [info     ] epoch_complete                 epoch=50 is_best=True lr=1.0000000000000296e-05 total_epochs=50 train_loss=nan val_loss=0.022226
2026-05-22 05:08:27 [info     ] training_log_saved             path=data/models/lr_7e-4_seed2/training_losses.csv
2026-05-22 05:08:27 [info     ] training_complete              best_val_loss=0.022226
2026-05-22 05:08:27 [info     ] train_typecode_done            typecode=A320
2026-05-22 05:08:27 [info     ] train_done                     typecodes=['A320']

$ uv run fdm train --arch adsb --config results_run4/lr_7e-4_seed2/config.yaml --model-name lr_7e-4_seed2 --epochs 50 --batch-size 64 --lr 0.0007 --method rk4 --seq-len 30 --train-limit 5000 --activation relu --seed 2 --backbone-depth 3 --head-depth 2 --hidden-width 48 --device cuda --no-use-mode-weights
