2026-05-19 15:15:05 [info     ] evaluate_start                 arch=adsb typecodes=['A320']
2026-05-19 15:15:05 [info     ] evaluate_typecode              flights=542 typecode=A320
2026-05-19 15:15:18 [info     ] evaluate_done                  output=data/model_performance/backbone_3_seed0/performance.parquet rows=16
shape: (16, 11)
┌──────────┬─────────────────────────┬──────────────┬───────┬─────────┬──────────┬──────────┬──────────┬─────────┬──────────┬────────┐
│ Aircraft ┆ Variable                ┆ Phase        ┆ Model ┆ MAE     ┆ MAE_std  ┆ MAPE (%) ┆ MAPE_std ┆ ME      ┆ ME_std   ┆ Count  │
│ ---      ┆ ---                     ┆ ---          ┆ ---   ┆ ---     ┆ ---      ┆ ---      ┆ ---      ┆ ---     ┆ ---      ┆ ---    │
│ str      ┆ str                     ┆ str          ┆ str   ┆ f64     ┆ f64      ┆ f64      ┆ f64      ┆ f64     ┆ f64      ┆ i64    │
╞══════════╪═════════════════════════╪══════════════╪═══════╪═════════╪══════════╪══════════╪══════════╪═════════╪══════════╪════════╡
│ A320     ┆ Altitude [m]            ┆ All phases   ┆ PRED  ┆ 237.192 ┆ 622.224  ┆ 5.378    ┆ 19.727   ┆ 134.892 ┆ 652.094  ┆ 478843 │
│ A320     ┆ Altitude [m]            ┆ Climb        ┆ PRED  ┆ 806.084 ┆ 1118.249 ┆ 18.256   ┆ 38.980   ┆ 639.286 ┆ 1221.296 ┆ 90018  │
│ A320     ┆ Altitude [m]            ┆ Level flight ┆ PRED  ┆ 39.738  ┆ 176.804  ┆ 0.616    ┆ 5.507    ┆ -1.350  ┆ 181.210  ┆ 296839 │
│ A320     ┆ Altitude [m]            ┆ Descent      ┆ PRED  ┆ 317.657 ┆ 491.745  ┆ 8.140    ┆ 14.068   ┆ 80.945  ┆ 579.799  ┆ 91986  │
│ A320     ┆ Flight path angle [deg] ┆ All phases   ┆ PRED  ┆ 0.273   ┆ 0.617    ┆ NaN      ┆ NaN      ┆ -0.063  ┆ 0.671    ┆ 478843 │
│ A320     ┆ Flight path angle [deg] ┆ Climb        ┆ PRED  ┆ 0.719   ┆ 0.997    ┆ NaN      ┆ NaN      ┆ -0.424  ┆ 1.153    ┆ 90018  │
│ A320     ┆ Flight path angle [deg] ┆ Level flight ┆ PRED  ┆ 0.072   ┆ 0.248    ┆ NaN      ┆ NaN      ┆ -0.007  ┆ 0.258    ┆ 296839 │
│ A320     ┆ Flight path angle [deg] ┆ Descent      ┆ PRED  ┆ 0.486   ┆ 0.662    ┆ NaN      ┆ NaN      ┆ 0.109   ┆ 0.814    ┆ 91986  │
│ A320     ┆ Heading [deg]           ┆ All phases   ┆ PRED  ┆ 1.616   ┆ 7.864    ┆ NaN      ┆ NaN      ┆ 0.027   ┆ 8.028    ┆ 478843 │
│ A320     ┆ Heading [deg]           ┆ Climb        ┆ PRED  ┆ 2.471   ┆ 10.457   ┆ NaN      ┆ NaN      ┆ -0.061  ┆ 10.745   ┆ 90018  │
│ A320     ┆ Heading [deg]           ┆ Level flight ┆ PRED  ┆ 1.168   ┆ 6.401    ┆ NaN      ┆ NaN      ┆ 0.072   ┆ 6.506    ┆ 296839 │
│ A320     ┆ Heading [deg]           ┆ Descent      ┆ PRED  ┆ 2.225   ┆ 8.996    ┆ NaN      ┆ NaN      ┆ -0.031  ┆ 9.267    ┆ 91986  │
│ A320     ┆ True airspeed [m/s]     ┆ All phases   ┆ PRED  ┆ 3.260   ┆ 8.054    ┆ 1.829    ┆ 6.220    ┆ 0.988   ┆ 8.632    ┆ 478843 │
│ A320     ┆ True airspeed [m/s]     ┆ Climb        ┆ PRED  ┆ 6.213   ┆ 14.835   ┆ 3.901    ┆ 11.434   ┆ 3.322   ┆ 15.736   ┆ 90018  │
│ A320     ┆ True airspeed [m/s]     ┆ Level flight ┆ PRED  ┆ 2.194   ┆ 4.415    ┆ 1.066    ┆ 3.993    ┆ 0.712   ┆ 4.878    ┆ 296839 │
│ A320     ┆ True airspeed [m/s]     ┆ Descent      ┆ PRED  ┆ 3.812   ┆ 6.848    ┆ 2.263    ┆ 3.971    ┆ -0.407  ┆ 7.827    ┆ 91986  │
└──────────┴─────────────────────────┴──────────────┴───────┴─────────┴──────────┴──────────┴──────────┴─────────┴──────────┴────────┘

$ uv run fdm evaluate --arch adsb --config results_run3/backbone_3_seed0/config.yaml --model-name backbone_3_seed0
