2026-05-19 02:59:43 [info     ] train_start                    arch=adsb device=cuda typecodes=['A320']
2026-05-19 02:59:43 [info     ] train_typecode                 typecode=A320
2026-05-19 02:59:43 [info     ] loading_data                   train_flights=1594 val_flights=247
2026-05-19 02:59:43 [warning  ] e1_column_missing              column=fdm_g_sin_gamma_ms2
2026-05-19 02:59:43 [warning  ] e1_column_missing              column=fdm_cos_gamma
2026-05-19 02:59:43 [warning  ] e1_column_missing              column=fdm_q_pa
2026-05-19 02:59:43 [warning  ] e1_column_missing              column=fdm_g_over_v
2026-05-19 02:59:43 [warning  ] e1_column_missing              column=fdm_lat_wind_ms
2026-05-19 02:59:43 [warning  ] e1_column_missing              column=fdm_drift_rad
2026-05-19 02:59:43 [warning  ] e1_column_missing              column=fdm_track_rad
2026-05-19 02:59:43 [warning  ] e1_column_missing              column=fdm_heading_diff_rad
2026-05-19 02:59:49 [warning  ] e1_column_missing              column=fdm_g_sin_gamma_ms2
2026-05-19 02:59:49 [warning  ] e1_column_missing              column=fdm_cos_gamma
2026-05-19 02:59:49 [warning  ] e1_column_missing              column=fdm_q_pa
2026-05-19 02:59:49 [warning  ] e1_column_missing              column=fdm_g_over_v
2026-05-19 02:59:49 [warning  ] e1_column_missing              column=fdm_lat_wind_ms
2026-05-19 02:59:49 [warning  ] e1_column_missing              column=fdm_drift_rad
2026-05-19 02:59:49 [warning  ] e1_column_missing              column=fdm_track_rad
2026-05-19 02:59:49 [warning  ] e1_column_missing              column=fdm_heading_diff_rad
2026-05-19 02:59:49 [info     ] data_loaded                    train_samples=48117 val_samples=7518
2026-05-19 03:00:10 [debug    ] meta_saved                     path=data/models/backbone_3_seed0/meta.json
2026-05-19 03:00:10 [info     ] trainer_initialized            architecture=node_adsb_v1 device=cuda train_samples=48117 val_samples=7518
2026-05-19 03:00:10 [info     ] preloading_data_to_gpu
2026-05-19 03:00:10 [debug    ] epoch_start                    epoch=1 total_epochs=50
/data/common/dataiku/config/projects/NODEFDM/lib/python/.venv/lib/python3.12/site-packages/torch/_inductor/compile_fx.py:321: UserWarning: TensorFloat32 tensor cores for float32 matrix multiplication available but not enabled. Consider setting `torch.set_float32_matmul_precision('high')` for better performance.
  warnings.warn(
2026-05-19 03:00:31 [info     ] debug_magnitudes               norm_mean=['8427.359375', '-0.000899', '211.646118', '3.252943'] norm_std=['2287.523926', '0.040447', '34.116577', '1.247240'] ode_loss=0.509654
2026-05-19 03:00:50 [warning  ] nan_or_inf_loss                loss=nan
W0519 03:13:27.089000 1537888 torch/_dynamo/convert_frame.py:1676] [0/8] torch._dynamo hit config.recompile_limit (8)
W0519 03:13:27.089000 1537888 torch/_dynamo/convert_frame.py:1676] [0/8]    function: 'forward' (/data/common/dataiku/config/projects/NODEFDM/lib/python/packages/node-fdm/src/node_fdm/models/fdm.py:181)
W0519 03:13:27.089000 1537888 torch/_dynamo/convert_frame.py:1676] [0/8]    last reason: 0/7: tensor 'self.history['raw_alt_m']' size mismatch at index 1. expected 1, actual 2
W0519 03:13:27.089000 1537888 torch/_dynamo/convert_frame.py:1676] [0/8] To log all recompilation reasons, use TORCH_LOGS="recompiles".
W0519 03:13:27.089000 1537888 torch/_dynamo/convert_frame.py:1676] [0/8] To diagnose recompilation issues, see https://pytorch.org/docs/main/compile/programming_model.recompilation.html
2026-05-19 03:13:27 [debug    ] meta_saved                     path=data/models/backbone_3_seed0/meta.json
2026-05-19 03:13:27 [debug    ] model_saved                    epoch=1
2026-05-19 03:13:27 [info     ] epoch_complete                 epoch=1 is_best=True lr=0.00020800000000000077 total_epochs=50 train_loss=nan val_loss=0.037875
2026-05-19 03:13:27 [debug    ] epoch_start                    epoch=2 total_epochs=50
2026-05-19 03:17:29 [warning  ] nan_or_inf_loss                loss=nan
2026-05-19 03:25:00 [debug    ] meta_saved                     path=data/models/backbone_3_seed0/meta.json
2026-05-19 03:25:00 [debug    ] model_saved                    epoch=2
2026-05-19 03:25:00 [info     ] epoch_complete                 epoch=2 is_best=True lr=0.00040600000000000174 total_epochs=50 train_loss=nan val_loss=0.028517
2026-05-19 03:25:00 [debug    ] epoch_start                    epoch=3 total_epochs=50
2026-05-19 03:28:22 [warning  ] nan_or_inf_loss                loss=nan
2026-05-19 03:36:24 [debug    ] meta_saved                     path=data/models/backbone_3_seed0/meta.json
2026-05-19 03:36:24 [debug    ] model_saved                    epoch=3
2026-05-19 03:36:24 [info     ] epoch_complete                 epoch=3 is_best=True lr=0.0006040000000000034 total_epochs=50 train_loss=nan val_loss=0.026933
2026-05-19 03:36:24 [debug    ] epoch_start                    epoch=4 total_epochs=50
2026-05-19 03:47:24 [warning  ] nan_or_inf_loss                loss=nan
2026-05-19 03:47:49 [debug    ] meta_saved                     path=data/models/backbone_3_seed0/meta.json
2026-05-19 03:47:49 [debug    ] model_saved                    epoch=4
2026-05-19 03:47:49 [info     ] epoch_complete                 epoch=4 is_best=True lr=0.0008020000000000034 total_epochs=50 train_loss=nan val_loss=0.025384
2026-05-19 03:47:49 [debug    ] epoch_start                    epoch=5 total_epochs=50
2026-05-19 03:48:15 [warning  ] nan_or_inf_loss                loss=nan
2026-05-19 03:59:15 [debug    ] meta_saved                     path=data/models/backbone_3_seed0/meta.json
2026-05-19 03:59:15 [debug    ] model_saved                    epoch=5
2026-05-19 03:59:15 [info     ] epoch_complete                 epoch=5 is_best=True lr=0.001 total_epochs=50 train_loss=nan val_loss=0.024651
2026-05-19 03:59:15 [debug    ] epoch_start                    epoch=6 total_epochs=50
2026-05-19 04:08:38 [warning  ] nan_or_inf_loss                loss=nan
2026-05-19 04:10:42 [debug    ] meta_saved                     path=data/models/backbone_3_seed0/meta.json
2026-05-19 04:10:42 [debug    ] model_saved                    epoch=6
2026-05-19 04:10:42 [info     ] epoch_complete                 epoch=6 is_best=True lr=0.0009779999999999641 total_epochs=50 train_loss=nan val_loss=0.024612
2026-05-19 04:10:42 [debug    ] epoch_start                    epoch=7 total_epochs=50
2026-05-19 04:16:55 [warning  ] nan_or_inf_loss                loss=nan
2026-05-19 04:22:07 [info     ] epoch_complete                 epoch=7 is_best=False lr=0.000955999999999966 total_epochs=50 train_loss=nan val_loss=0.02492
2026-05-19 04:22:07 [debug    ] epoch_start                    epoch=8 total_epochs=50
2026-05-19 04:30:06 [warning  ] nan_or_inf_loss                loss=nan
2026-05-19 04:33:32 [debug    ] meta_saved                     path=data/models/backbone_3_seed0/meta.json
2026-05-19 04:33:32 [debug    ] model_saved                    epoch=8
2026-05-19 04:33:32 [info     ] epoch_complete                 epoch=8 is_best=True lr=0.0009339999999999676 total_epochs=50 train_loss=nan val_loss=0.02429
2026-05-19 04:33:32 [debug    ] epoch_start                    epoch=9 total_epochs=50
2026-05-19 04:38:32 [warning  ] nan_or_inf_loss                loss=nan
2026-05-19 04:44:57 [info     ] epoch_complete                 epoch=9 is_best=False lr=0.0009119999999999646 total_epochs=50 train_loss=nan val_loss=0.024441
2026-05-19 04:44:57 [debug    ] epoch_start                    epoch=10 total_epochs=50
2026-05-19 04:46:40 [warning  ] nan_or_inf_loss                loss=nan
2026-05-19 04:56:22 [debug    ] meta_saved                     path=data/models/backbone_3_seed0/meta.json
2026-05-19 04:56:22 [debug    ] model_saved                    epoch=10
2026-05-19 04:56:22 [info     ] epoch_complete                 epoch=10 is_best=True lr=0.0008899999999999641 total_epochs=50 train_loss=nan val_loss=0.023602
2026-05-19 04:56:22 [debug    ] epoch_start                    epoch=11 total_epochs=50
2026-05-19 04:58:21 [warning  ] nan_or_inf_loss                loss=nan
2026-05-19 05:07:46 [info     ] epoch_complete                 epoch=11 is_best=False lr=0.0008679999999999602 total_epochs=50 train_loss=nan val_loss=0.023727
2026-05-19 05:07:46 [debug    ] epoch_start                    epoch=12 total_epochs=50
2026-05-19 05:09:43 [warning  ] nan_or_inf_loss                loss=nan
2026-05-19 05:19:10 [debug    ] meta_saved                     path=data/models/backbone_3_seed0/meta.json
2026-05-19 05:19:10 [debug    ] model_saved                    epoch=12
2026-05-19 05:19:10 [info     ] epoch_complete                 epoch=12 is_best=True lr=0.0008459999999999557 total_epochs=50 train_loss=nan val_loss=0.023326
2026-05-19 05:19:10 [debug    ] epoch_start                    epoch=13 total_epochs=50
2026-05-19 05:22:42 [warning  ] nan_or_inf_loss                loss=nan
2026-05-19 05:30:35 [info     ] epoch_complete                 epoch=13 is_best=False lr=0.0008239999999999501 total_epochs=50 train_loss=nan val_loss=0.023459
2026-05-19 05:30:35 [debug    ] epoch_start                    epoch=14 total_epochs=50
2026-05-19 05:32:37 [warning  ] nan_or_inf_loss                loss=nan
2026-05-19 05:42:01 [debug    ] meta_saved                     path=data/models/backbone_3_seed0/meta.json
2026-05-19 05:42:01 [debug    ] model_saved                    epoch=14
2026-05-19 05:42:01 [info     ] epoch_complete                 epoch=14 is_best=True lr=0.0008019999999999432 total_epochs=50 train_loss=nan val_loss=0.023083
2026-05-19 05:42:01 [debug    ] epoch_start                    epoch=15 total_epochs=50
2026-05-19 05:52:12 [warning  ] nan_or_inf_loss                loss=nan
2026-05-19 05:53:26 [debug    ] meta_saved                     path=data/models/backbone_3_seed0/meta.json
2026-05-19 05:53:26 [debug    ] model_saved                    epoch=15
2026-05-19 05:53:26 [info     ] epoch_complete                 epoch=15 is_best=True lr=0.0007799999999999348 total_epochs=50 train_loss=nan val_loss=0.023037
2026-05-19 05:53:26 [debug    ] epoch_start                    epoch=16 total_epochs=50
2026-05-19 05:54:25 [warning  ] nan_or_inf_loss                loss=nan
2026-05-19 06:04:53 [info     ] epoch_complete                 epoch=16 is_best=False lr=0.0007579999999999236 total_epochs=50 train_loss=nan val_loss=0.023333
2026-05-19 06:04:53 [debug    ] epoch_start                    epoch=17 total_epochs=50
2026-05-19 06:12:08 [warning  ] nan_or_inf_loss                loss=nan
2026-05-19 06:16:20 [debug    ] meta_saved                     path=data/models/backbone_3_seed0/meta.json
2026-05-19 06:16:20 [debug    ] model_saved                    epoch=17
2026-05-19 06:16:20 [info     ] epoch_complete                 epoch=17 is_best=True lr=0.0007359999999999133 total_epochs=50 train_loss=nan val_loss=0.022997
2026-05-19 06:16:20 [debug    ] epoch_start                    epoch=18 total_epochs=50
2026-05-19 06:27:33 [warning  ] nan_or_inf_loss                loss=nan
2026-05-19 06:27:46 [debug    ] meta_saved                     path=data/models/backbone_3_seed0/meta.json
2026-05-19 06:27:46 [debug    ] model_saved                    epoch=18
2026-05-19 06:27:46 [info     ] epoch_complete                 epoch=18 is_best=True lr=0.0007139999999999008 total_epochs=50 train_loss=nan val_loss=0.022612
2026-05-19 06:27:46 [debug    ] epoch_start                    epoch=19 total_epochs=50
2026-05-19 06:37:22 [warning  ] nan_or_inf_loss                loss=nan
2026-05-19 06:39:11 [info     ] epoch_complete                 epoch=19 is_best=False lr=0.0006919999999998854 total_epochs=50 train_loss=nan val_loss=0.02389
2026-05-19 06:39:11 [debug    ] epoch_start                    epoch=20 total_epochs=50
2026-05-19 06:48:14 [warning  ] nan_or_inf_loss                loss=nan
2026-05-19 06:50:34 [info     ] epoch_complete                 epoch=20 is_best=False lr=0.0006699999999998693 total_epochs=50 train_loss=nan val_loss=0.02287
2026-05-19 06:50:34 [debug    ] epoch_start                    epoch=21 total_epochs=50
2026-05-19 06:53:22 [warning  ] nan_or_inf_loss                loss=nan
2026-05-19 07:01:58 [info     ] epoch_complete                 epoch=21 is_best=False lr=0.0006479999999998547 total_epochs=50 train_loss=nan val_loss=0.022988
2026-05-19 07:01:58 [debug    ] epoch_start                    epoch=22 total_epochs=50
2026-05-19 07:08:22 [warning  ] nan_or_inf_loss                loss=nan
2026-05-19 07:13:25 [debug    ] meta_saved                     path=data/models/backbone_3_seed0/meta.json
2026-05-19 07:13:25 [debug    ] model_saved                    epoch=22
2026-05-19 07:13:25 [info     ] epoch_complete                 epoch=22 is_best=True lr=0.0006259999999998386 total_epochs=50 train_loss=nan val_loss=0.022508
2026-05-19 07:13:25 [debug    ] epoch_start                    epoch=23 total_epochs=50
2026-05-19 07:15:55 [warning  ] nan_or_inf_loss                loss=nan
2026-05-19 07:24:52 [info     ] epoch_complete                 epoch=23 is_best=False lr=0.0006039999999998202 total_epochs=50 train_loss=nan val_loss=0.02394
2026-05-19 07:24:52 [debug    ] epoch_start                    epoch=24 total_epochs=50
2026-05-19 07:33:04 [warning  ] nan_or_inf_loss                loss=nan
2026-05-19 07:36:22 [info     ] epoch_complete                 epoch=24 is_best=False lr=0.0005819999999998049 total_epochs=50 train_loss=nan val_loss=0.022864
2026-05-19 07:36:22 [debug    ] epoch_start                    epoch=25 total_epochs=50
2026-05-19 07:48:32 [warning  ] nan_or_inf_loss                loss=nan
2026-05-19 07:50:18 [info     ] epoch_complete                 epoch=25 is_best=False lr=0.0005599999999997843 total_epochs=50 train_loss=nan val_loss=0.022827
2026-05-19 07:50:18 [debug    ] epoch_start                    epoch=26 total_epochs=50
2026-05-19 08:02:22 [warning  ] nan_or_inf_loss                loss=nan
2026-05-19 08:04:16 [info     ] epoch_complete                 epoch=26 is_best=False lr=0.0005379999999997661 total_epochs=50 train_loss=nan val_loss=0.022817
2026-05-19 08:04:16 [debug    ] epoch_start                    epoch=27 total_epochs=50
2026-05-19 08:05:20 [warning  ] nan_or_inf_loss                loss=nan
2026-05-19 08:16:17 [info     ] epoch_complete                 epoch=27 is_best=False lr=0.0005159999999997449 total_epochs=50 train_loss=nan val_loss=0.022891
2026-05-19 08:16:17 [debug    ] epoch_start                    epoch=28 total_epochs=50
2026-05-19 08:16:30 [warning  ] nan_or_inf_loss                loss=nan
2026-05-19 08:30:29 [debug    ] meta_saved                     path=data/models/backbone_3_seed0/meta.json
2026-05-19 08:30:29 [debug    ] model_saved                    epoch=28
2026-05-19 08:30:29 [info     ] epoch_complete                 epoch=28 is_best=True lr=0.0004939999999997231 total_epochs=50 train_loss=nan val_loss=0.022441
2026-05-19 08:30:29 [debug    ] epoch_start                    epoch=29 total_epochs=50
2026-05-19 08:35:40 [warning  ] nan_or_inf_loss                loss=nan
2026-05-19 08:44:54 [debug    ] meta_saved                     path=data/models/backbone_3_seed0/meta.json
2026-05-19 08:44:54 [debug    ] model_saved                    epoch=29
2026-05-19 08:44:54 [info     ] epoch_complete                 epoch=29 is_best=True lr=0.00047199999999972654 total_epochs=50 train_loss=nan val_loss=0.022359
2026-05-19 08:44:54 [debug    ] epoch_start                    epoch=30 total_epochs=50
2026-05-19 08:58:48 [warning  ] nan_or_inf_loss                loss=nan
2026-05-19 08:59:15 [info     ] epoch_complete                 epoch=30 is_best=False lr=0.00044999999999974005 total_epochs=50 train_loss=nan val_loss=0.022408
2026-05-19 08:59:15 [debug    ] epoch_start                    epoch=31 total_epochs=50
2026-05-19 08:59:27 [warning  ] nan_or_inf_loss                loss=nan
2026-05-19 09:13:48 [debug    ] meta_saved                     path=data/models/backbone_3_seed0/meta.json
2026-05-19 09:13:48 [debug    ] model_saved                    epoch=31
2026-05-19 09:13:48 [info     ] epoch_complete                 epoch=31 is_best=True lr=0.00042799999999975404 total_epochs=50 train_loss=nan val_loss=0.022123
2026-05-19 09:13:48 [debug    ] epoch_start                    epoch=32 total_epochs=50
2026-05-19 09:19:15 [warning  ] nan_or_inf_loss                loss=nan
2026-05-19 09:28:19 [info     ] epoch_complete                 epoch=32 is_best=False lr=0.0004059999999997666 total_epochs=50 train_loss=nan val_loss=0.039452
2026-05-19 09:28:19 [debug    ] epoch_start                    epoch=33 total_epochs=50
2026-05-19 09:36:29 [warning  ] nan_or_inf_loss                loss=nan
2026-05-19 09:42:48 [info     ] epoch_complete                 epoch=33 is_best=False lr=0.00038399999999978274 total_epochs=50 train_loss=nan val_loss=0.024728
2026-05-19 09:42:48 [debug    ] epoch_start                    epoch=34 total_epochs=50
2026-05-19 09:55:21 [warning  ] nan_or_inf_loss                loss=nan
2026-05-19 09:57:37 [info     ] epoch_complete                 epoch=34 is_best=False lr=0.0003619999999997976 total_epochs=50 train_loss=nan val_loss=0.02336
2026-05-19 09:57:37 [debug    ] epoch_start                    epoch=35 total_epochs=50
2026-05-19 10:11:17 [warning  ] nan_or_inf_loss                loss=nan
2026-05-19 10:12:18 [info     ] epoch_complete                 epoch=35 is_best=False lr=0.00033999999999981284 total_epochs=50 train_loss=nan val_loss=0.022701
2026-05-19 10:12:18 [debug    ] epoch_start                    epoch=36 total_epochs=50
2026-05-19 10:22:44 [warning  ] nan_or_inf_loss                loss=nan
2026-05-19 10:26:44 [info     ] epoch_complete                 epoch=36 is_best=False lr=0.00031799999999982846 total_epochs=50 train_loss=nan val_loss=0.022494
2026-05-19 10:26:44 [debug    ] epoch_start                    epoch=37 total_epochs=50
2026-05-19 10:29:22 [warning  ] nan_or_inf_loss                loss=nan
2026-05-19 10:41:07 [info     ] epoch_complete                 epoch=37 is_best=False lr=0.00029599999999984576 total_epochs=50 train_loss=nan val_loss=0.022124
2026-05-19 10:41:07 [debug    ] epoch_start                    epoch=38 total_epochs=50
2026-05-19 10:50:32 [warning  ] nan_or_inf_loss                loss=nan
2026-05-19 10:55:41 [info     ] epoch_complete                 epoch=38 is_best=False lr=0.00027399999999986176 total_epochs=50 train_loss=nan val_loss=0.022257
2026-05-19 10:55:41 [debug    ] epoch_start                    epoch=39 total_epochs=50
2026-05-19 10:58:29 [warning  ] nan_or_inf_loss                loss=nan
2026-05-19 11:10:16 [debug    ] meta_saved                     path=data/models/backbone_3_seed0/meta.json
2026-05-19 11:10:16 [debug    ] model_saved                    epoch=39
2026-05-19 11:10:16 [info     ] epoch_complete                 epoch=39 is_best=True lr=0.0002519999999998791 total_epochs=50 train_loss=nan val_loss=0.022078
2026-05-19 11:10:16 [debug    ] epoch_start                    epoch=40 total_epochs=50
2026-05-19 11:20:41 [warning  ] nan_or_inf_loss                loss=nan
2026-05-19 11:24:42 [debug    ] meta_saved                     path=data/models/backbone_3_seed0/meta.json
2026-05-19 11:24:42 [debug    ] model_saved                    epoch=40
2026-05-19 11:24:42 [info     ] epoch_complete                 epoch=40 is_best=True lr=0.00022999999999989115 total_epochs=50 train_loss=nan val_loss=0.021846
2026-05-19 11:24:42 [debug    ] epoch_start                    epoch=41 total_epochs=50
2026-05-19 11:24:47 [warning  ] nan_or_inf_loss                loss=nan
2026-05-19 11:38:43 [info     ] epoch_complete                 epoch=41 is_best=False lr=0.00020799999999989986 total_epochs=50 train_loss=nan val_loss=0.021877
2026-05-19 11:38:43 [debug    ] epoch_start                    epoch=42 total_epochs=50
2026-05-19 11:39:44 [warning  ] nan_or_inf_loss                loss=nan
2026-05-19 11:50:17 [debug    ] meta_saved                     path=data/models/backbone_3_seed0/meta.json
2026-05-19 11:50:17 [debug    ] model_saved                    epoch=42
2026-05-19 11:50:17 [info     ] epoch_complete                 epoch=42 is_best=True lr=0.00018599999999990713 total_epochs=50 train_loss=nan val_loss=0.021779
2026-05-19 11:50:17 [debug    ] epoch_start                    epoch=43 total_epochs=50
2026-05-19 11:51:46 [warning  ] nan_or_inf_loss                loss=nan
2026-05-19 12:01:42 [debug    ] meta_saved                     path=data/models/backbone_3_seed0/meta.json
2026-05-19 12:01:42 [debug    ] model_saved                    epoch=43
2026-05-19 12:01:42 [info     ] epoch_complete                 epoch=43 is_best=True lr=0.00016399999999991286 total_epochs=50 train_loss=nan val_loss=0.021729
2026-05-19 12:01:42 [debug    ] epoch_start                    epoch=44 total_epochs=50
2026-05-19 12:08:18 [warning  ] nan_or_inf_loss                loss=nan
2026-05-19 12:13:07 [info     ] epoch_complete                 epoch=44 is_best=False lr=0.00014199999999991775 total_epochs=50 train_loss=nan val_loss=0.021803
2026-05-19 12:13:07 [debug    ] epoch_start                    epoch=45 total_epochs=50
2026-05-19 12:23:31 [warning  ] nan_or_inf_loss                loss=nan
2026-05-19 12:24:42 [debug    ] meta_saved                     path=data/models/backbone_3_seed0/meta.json
2026-05-19 12:24:42 [debug    ] model_saved                    epoch=45
2026-05-19 12:24:42 [info     ] epoch_complete                 epoch=45 is_best=True lr=0.00011999999999992358 total_epochs=50 train_loss=nan val_loss=0.021667
2026-05-19 12:24:42 [debug    ] epoch_start                    epoch=46 total_epochs=50
2026-05-19 12:28:17 [warning  ] nan_or_inf_loss                loss=nan
2026-05-19 12:36:04 [debug    ] meta_saved                     path=data/models/backbone_3_seed0/meta.json
2026-05-19 12:36:04 [debug    ] model_saved                    epoch=46
2026-05-19 12:36:04 [info     ] epoch_complete                 epoch=46 is_best=True lr=9.799999999993738e-05 total_epochs=50 train_loss=nan val_loss=0.021576
2026-05-19 12:36:04 [debug    ] epoch_start                    epoch=47 total_epochs=50
2026-05-19 12:41:19 [warning  ] nan_or_inf_loss                loss=nan
2026-05-19 12:47:25 [debug    ] meta_saved                     path=data/models/backbone_3_seed0/meta.json
2026-05-19 12:47:25 [debug    ] model_saved                    epoch=47
2026-05-19 12:47:25 [info     ] epoch_complete                 epoch=47 is_best=True lr=7.599999999995096e-05 total_epochs=50 train_loss=nan val_loss=0.02156
2026-05-19 12:47:25 [debug    ] epoch_start                    epoch=48 total_epochs=50
2026-05-19 12:50:36 [warning  ] nan_or_inf_loss                loss=nan
2026-05-19 12:58:48 [debug    ] meta_saved                     path=data/models/backbone_3_seed0/meta.json
2026-05-19 12:58:48 [debug    ] model_saved                    epoch=48
2026-05-19 12:58:48 [info     ] epoch_complete                 epoch=48 is_best=True lr=5.399999999996508e-05 total_epochs=50 train_loss=nan val_loss=0.021525
2026-05-19 12:58:48 [debug    ] epoch_start                    epoch=49 total_epochs=50
2026-05-19 13:07:49 [warning  ] nan_or_inf_loss                loss=nan
2026-05-19 13:10:10 [debug    ] meta_saved                     path=data/models/backbone_3_seed0/meta.json
2026-05-19 13:10:10 [debug    ] model_saved                    epoch=49
2026-05-19 13:10:10 [info     ] epoch_complete                 epoch=49 is_best=True lr=3.1999999999980124e-05 total_epochs=50 train_loss=nan val_loss=0.021477
2026-05-19 13:10:10 [debug    ] epoch_start                    epoch=50 total_epochs=50
2026-05-19 13:15:41 [warning  ] nan_or_inf_loss                loss=nan
2026-05-19 13:21:31 [debug    ] meta_saved                     path=data/models/backbone_3_seed0/meta.json
2026-05-19 13:21:31 [debug    ] model_saved                    epoch=50
2026-05-19 13:21:31 [info     ] epoch_complete                 epoch=50 is_best=True lr=9.999999999993956e-06 total_epochs=50 train_loss=nan val_loss=0.021459
2026-05-19 13:21:31 [info     ] training_log_saved             path=data/models/backbone_3_seed0/training_losses.csv
2026-05-19 13:21:31 [info     ] training_complete              best_val_loss=0.021459
2026-05-19 13:21:31 [info     ] train_typecode_done            typecode=A320
2026-05-19 13:21:32 [info     ] train_done                     typecodes=['A320']

$ uv run fdm train --arch adsb --config results_run3/backbone_3_seed0/config.yaml --model-name backbone_3_seed0 --epochs 50 --batch-size 32 --lr 0.001 --method rk4 --seq-len 30 --train-limit 5000 --activation relu --seed 0 --backbone-depth 3 --head-depth 2 --hidden-width 48 --device cuda --no-use-mode-weights
