2026-05-13 20:44:29 [info     ] evaluate_start                 arch=adsb typecodes=['A320']
2026-05-13 20:44:29 [info     ] evaluate_typecode              flights=542 typecode=A320
2026-05-13 20:44:41 [info     ] evaluate_done                  output=data/model_performance/alpha_0.7_seed0/performance.parquet rows=16
shape: (16, 11)
┌──────────┬─────────────────────────┬──────────────┬───────┬─────────┬──────────┬──────────┬──────────┬─────────┬──────────┬────────┐
│ Aircraft ┆ Variable                ┆ Phase        ┆ Model ┆ MAE     ┆ MAE_std  ┆ MAPE (%) ┆ MAPE_std ┆ ME      ┆ ME_std   ┆ Count  │
│ ---      ┆ ---                     ┆ ---          ┆ ---   ┆ ---     ┆ ---      ┆ ---      ┆ ---      ┆ ---     ┆ ---      ┆ ---    │
│ str      ┆ str                     ┆ str          ┆ str   ┆ f64     ┆ f64      ┆ f64      ┆ f64      ┆ f64     ┆ f64      ┆ i64    │
╞══════════╪═════════════════════════╪══════════════╪═══════╪═════════╪══════════╪══════════╪══════════╪═════════╪══════════╪════════╡
│ A320     ┆ Altitude [m]            ┆ All phases   ┆ PRED  ┆ 252.638 ┆ 622.262  ┆ 5.583    ┆ 19.674   ┆ 117.175 ┆ 661.291  ┆ 478843 │
│ A320     ┆ Altitude [m]            ┆ Climb        ┆ PRED  ┆ 830.296 ┆ 1111.571 ┆ 18.667   ┆ 38.908   ┆ 670.976 ┆ 1214.402 ┆ 90018  │
│ A320     ┆ Altitude [m]            ┆ Level flight ┆ PRED  ┆ 54.058  ┆ 179.420  ┆ 0.773    ┆ 5.582    ┆ -11.942 ┆ 187.006  ┆ 296839 │
│ A320     ┆ Altitude [m]            ┆ Descent      ┆ PRED  ┆ 328.156 ┆ 493.073  ┆ 8.298    ┆ 13.538   ┆ -8.118  ┆ 592.234  ┆ 91986  │
│ A320     ┆ Flight path angle [deg] ┆ All phases   ┆ PRED  ┆ 0.285   ┆ 0.617    ┆ NaN      ┆ NaN      ┆ -0.070  ┆ 0.676    ┆ 478843 │
│ A320     ┆ Flight path angle [deg] ┆ Climb        ┆ PRED  ┆ 0.727   ┆ 0.975    ┆ NaN      ┆ NaN      ┆ -0.435  ┆ 1.136    ┆ 90018  │
│ A320     ┆ Flight path angle [deg] ┆ Level flight ┆ PRED  ┆ 0.077   ┆ 0.252    ┆ NaN      ┆ NaN      ┆ -0.010  ┆ 0.264    ┆ 296839 │
│ A320     ┆ Flight path angle [deg] ┆ Descent      ┆ PRED  ┆ 0.522   ┆ 0.680    ┆ NaN      ┆ NaN      ┆ 0.093   ┆ 0.852    ┆ 91986  │
│ A320     ┆ Heading [deg]           ┆ All phases   ┆ PRED  ┆ 1.968   ┆ 6.479    ┆ NaN      ┆ NaN      ┆ -0.302  ┆ 6.764    ┆ 478843 │
│ A320     ┆ Heading [deg]           ┆ Climb        ┆ PRED  ┆ 2.287   ┆ 6.878    ┆ NaN      ┆ NaN      ┆ -0.332  ┆ 7.241    ┆ 90018  │
│ A320     ┆ Heading [deg]           ┆ Level flight ┆ PRED  ┆ 1.732   ┆ 5.801    ┆ NaN      ┆ NaN      ┆ -0.259  ┆ 6.048    ┆ 296839 │
│ A320     ┆ Heading [deg]           ┆ Descent      ┆ PRED  ┆ 2.419   ┆ 7.946    ┆ NaN      ┆ NaN      ┆ -0.413  ┆ 8.295    ┆ 91986  │
│ A320     ┆ True airspeed [m/s]     ┆ All phases   ┆ PRED  ┆ 2.922   ┆ 7.159    ┆ 1.690    ┆ 5.807    ┆ 0.592   ┆ 7.709    ┆ 478843 │
│ A320     ┆ True airspeed [m/s]     ┆ Climb        ┆ PRED  ┆ 5.506   ┆ 12.372   ┆ 3.479    ┆ 9.815    ┆ 3.330   ┆ 13.126   ┆ 90018  │
│ A320     ┆ True airspeed [m/s]     ┆ Level flight ┆ PRED  ┆ 1.824   ┆ 4.274    ┆ 0.933    ┆ 4.242    ┆ 0.019   ┆ 4.647    ┆ 296839 │
│ A320     ┆ True airspeed [m/s]     ┆ Descent      ┆ PRED  ┆ 3.937   ┆ 6.825    ┆ 2.383    ┆ 4.213    ┆ -0.237  ┆ 7.876    ┆ 91986  │
└──────────┴─────────────────────────┴──────────────┴───────┴─────────┴──────────┴──────────┴──────────┴─────────┴──────────┴────────┘

$ uv run fdm evaluate --arch adsb --config results/alpha_0.7_seed0/config.yaml --model-name alpha_0.7_seed0
