2026-05-13 16:15:27 [info     ] train_start                    arch=adsb device=cuda typecodes=['A320']
2026-05-13 16:15:27 [info     ] train_typecode                 typecode=A320
2026-05-13 16:15:28 [info     ] mode_weights_computed          alpha=0.7 bottom5_labels=[['ALT_MACH', 0.4837743340076446, 556092], ['ALT_UNK', 0.5601943828619537, 450975], ['TURN', 0.8030439233228363, 269602], ['UNKVERT_MACH', 0.9251480469946372, 220245], ['ALT_CAS', 1.038123732232071, 186820]] imbalance_ratio=40.174252275682704 n_labels=13 top5_labels=[['VZ_CAS', 6.418097131422232, 13842], ['VZ_UNK', 3.4666847744353713, 33368], ['GAMMA_CAS', 3.313394742219076, 35595], ['VZ_MACH', 2.492279682425488, 53465], ['UNKVERT_CAS', 2.3797189710925535, 57114]] weight_ratio_max_over_min=13.266716897223434
2026-05-13 16:15:28 [info     ] loading_data                   train_flights=1594 val_flights=247
2026-05-13 16:15:28 [warning  ] e1_column_missing              column=fdm_g_sin_gamma_ms2
2026-05-13 16:15:28 [warning  ] e1_column_missing              column=fdm_cos_gamma
2026-05-13 16:15:28 [warning  ] e1_column_missing              column=fdm_q_pa
2026-05-13 16:15:28 [warning  ] e1_column_missing              column=fdm_g_over_v
2026-05-13 16:15:28 [warning  ] e1_column_missing              column=fdm_lat_wind_ms
2026-05-13 16:15:28 [warning  ] e1_column_missing              column=fdm_drift_rad
2026-05-13 16:15:28 [warning  ] e1_column_missing              column=fdm_track_rad
2026-05-13 16:15:28 [warning  ] e1_column_missing              column=fdm_heading_diff_rad
2026-05-13 16:15:34 [warning  ] e1_column_missing              column=fdm_g_sin_gamma_ms2
2026-05-13 16:15:34 [warning  ] e1_column_missing              column=fdm_cos_gamma
2026-05-13 16:15:34 [warning  ] e1_column_missing              column=fdm_q_pa
2026-05-13 16:15:34 [warning  ] e1_column_missing              column=fdm_g_over_v
2026-05-13 16:15:34 [warning  ] e1_column_missing              column=fdm_lat_wind_ms
2026-05-13 16:15:34 [warning  ] e1_column_missing              column=fdm_drift_rad
2026-05-13 16:15:34 [warning  ] e1_column_missing              column=fdm_track_rad
2026-05-13 16:15:34 [warning  ] e1_column_missing              column=fdm_heading_diff_rad
2026-05-13 16:15:35 [info     ] data_loaded                    train_samples=23212 val_samples=3628
2026-05-13 16:15:51 [debug    ] meta_saved                     path=data/models/alpha_0.7_seed0/meta.json
2026-05-13 16:15:51 [info     ] trainer_initialized            architecture=node_adsb_v1 device=cuda train_samples=23212 val_samples=3628
2026-05-13 16:15:51 [info     ] preloading_data_to_gpu
2026-05-13 16:15:51 [debug    ] epoch_start                    epoch=1 total_epochs=50
/data/common/dataiku/config/projects/NODEFDM/lib/python/.venv/lib/python3.12/site-packages/torch/_inductor/compile_fx.py:321: UserWarning: TensorFloat32 tensor cores for float32 matrix multiplication available but not enabled. Consider setting `torch.set_float32_matmul_precision('high')` for better performance.
  warnings.warn(
2026-05-13 16:16:16 [info     ] debug_magnitudes               norm_mean=['8568.283203', '-0.001322', '213.622833', '3.253931'] norm_std=['2269.236084', '0.038830', '32.838379', '1.246786'] ode_loss=0.840432
W0513 16:20:28.037000 4171379 torch/_dynamo/convert_frame.py:1676] [0/8] torch._dynamo hit config.recompile_limit (8)
W0513 16:20:28.037000 4171379 torch/_dynamo/convert_frame.py:1676] [0/8]    function: 'forward' (/data/common/dataiku/config/projects/NODEFDM/lib/python/packages/node-fdm/src/node_fdm/models/fdm.py:181)
W0513 16:20:28.037000 4171379 torch/_dynamo/convert_frame.py:1676] [0/8]    last reason: 0/7: tensor 'self.history['raw_alt_m']' size mismatch at index 1. expected 1, actual 2
W0513 16:20:28.037000 4171379 torch/_dynamo/convert_frame.py:1676] [0/8] To log all recompilation reasons, use TORCH_LOGS="recompiles".
W0513 16:20:28.037000 4171379 torch/_dynamo/convert_frame.py:1676] [0/8] To diagnose recompilation issues, see https://pytorch.org/docs/main/compile/programming_model.recompilation.html
2026-05-13 16:20:29 [debug    ] meta_saved                     path=data/models/alpha_0.7_seed0/meta.json
2026-05-13 16:20:29 [debug    ] model_saved                    epoch=1
2026-05-13 16:20:29 [info     ] epoch_complete                 epoch=1 is_best=True lr=0.000208 total_epochs=50 train_loss=0.363967 val_loss=0.141473
2026-05-13 16:20:29 [debug    ] epoch_start                    epoch=2 total_epochs=50
2026-05-13 16:23:35 [debug    ] meta_saved                     path=data/models/alpha_0.7_seed0/meta.json
2026-05-13 16:23:35 [debug    ] model_saved                    epoch=2
2026-05-13 16:23:35 [info     ] epoch_complete                 epoch=2 is_best=True lr=0.00040600000000000087 total_epochs=50 train_loss=0.099485 val_loss=0.075304
2026-05-13 16:23:35 [debug    ] epoch_start                    epoch=3 total_epochs=50
2026-05-13 16:26:43 [debug    ] meta_saved                     path=data/models/alpha_0.7_seed0/meta.json
2026-05-13 16:26:43 [debug    ] model_saved                    epoch=3
2026-05-13 16:26:43 [info     ] epoch_complete                 epoch=3 is_best=True lr=0.0006040000000000002 total_epochs=50 train_loss=0.078428 val_loss=0.054705
2026-05-13 16:26:43 [debug    ] epoch_start                    epoch=4 total_epochs=50
2026-05-13 16:29:45 [debug    ] meta_saved                     path=data/models/alpha_0.7_seed0/meta.json
2026-05-13 16:29:45 [debug    ] model_saved                    epoch=4
2026-05-13 16:29:45 [info     ] epoch_complete                 epoch=4 is_best=True lr=0.0008020000000000004 total_epochs=50 train_loss=0.054226 val_loss=0.042713
2026-05-13 16:29:45 [debug    ] epoch_start                    epoch=5 total_epochs=50
2026-05-13 16:32:51 [debug    ] meta_saved                     path=data/models/alpha_0.7_seed0/meta.json
2026-05-13 16:32:51 [debug    ] model_saved                    epoch=5
2026-05-13 16:32:51 [info     ] epoch_complete                 epoch=5 is_best=True lr=0.001 total_epochs=50 train_loss=0.047511 val_loss=0.041233
2026-05-13 16:32:51 [debug    ] epoch_start                    epoch=6 total_epochs=50
2026-05-13 16:35:52 [info     ] epoch_complete                 epoch=6 is_best=False lr=0.0009780000000000014 total_epochs=50 train_loss=0.058497 val_loss=0.048737
2026-05-13 16:35:52 [debug    ] epoch_start                    epoch=7 total_epochs=50
2026-05-13 16:38:49 [debug    ] meta_saved                     path=data/models/alpha_0.7_seed0/meta.json
2026-05-13 16:38:49 [debug    ] model_saved                    epoch=7
2026-05-13 16:38:49 [info     ] epoch_complete                 epoch=7 is_best=True lr=0.0009560000000000012 total_epochs=50 train_loss=0.048204 val_loss=0.040565
2026-05-13 16:38:49 [debug    ] epoch_start                    epoch=8 total_epochs=50
2026-05-13 16:41:51 [debug    ] meta_saved                     path=data/models/alpha_0.7_seed0/meta.json
2026-05-13 16:41:51 [debug    ] model_saved                    epoch=8
2026-05-13 16:41:51 [info     ] epoch_complete                 epoch=8 is_best=True lr=0.0009340000000000011 total_epochs=50 train_loss=0.044436 val_loss=0.038991
2026-05-13 16:41:51 [debug    ] epoch_start                    epoch=9 total_epochs=50
2026-05-13 16:44:54 [debug    ] meta_saved                     path=data/models/alpha_0.7_seed0/meta.json
2026-05-13 16:44:54 [debug    ] model_saved                    epoch=9
2026-05-13 16:44:54 [info     ] epoch_complete                 epoch=9 is_best=True lr=0.0009120000000000012 total_epochs=50 train_loss=0.043539 val_loss=0.038076
2026-05-13 16:44:54 [debug    ] epoch_start                    epoch=10 total_epochs=50
2026-05-13 16:47:56 [info     ] epoch_complete                 epoch=10 is_best=False lr=0.0008900000000000021 total_epochs=50 train_loss=0.042633 val_loss=0.038305
2026-05-13 16:47:56 [debug    ] epoch_start                    epoch=11 total_epochs=50
2026-05-13 16:50:58 [info     ] epoch_complete                 epoch=11 is_best=False lr=0.000868000000000003 total_epochs=50 train_loss=0.042141 val_loss=0.038273
2026-05-13 16:50:58 [debug    ] epoch_start                    epoch=12 total_epochs=50
2026-05-13 16:54:00 [debug    ] meta_saved                     path=data/models/alpha_0.7_seed0/meta.json
2026-05-13 16:54:00 [debug    ] model_saved                    epoch=12
2026-05-13 16:54:00 [info     ] epoch_complete                 epoch=12 is_best=True lr=0.0008460000000000041 total_epochs=50 train_loss=0.041993 val_loss=0.037566
2026-05-13 16:54:00 [debug    ] epoch_start                    epoch=13 total_epochs=50
2026-05-13 16:57:03 [info     ] epoch_complete                 epoch=13 is_best=False lr=0.0008240000000000053 total_epochs=50 train_loss=0.041583 val_loss=0.037662
2026-05-13 16:57:03 [debug    ] epoch_start                    epoch=14 total_epochs=50
2026-05-13 17:00:04 [debug    ] meta_saved                     path=data/models/alpha_0.7_seed0/meta.json
2026-05-13 17:00:04 [debug    ] model_saved                    epoch=14
2026-05-13 17:00:04 [info     ] epoch_complete                 epoch=14 is_best=True lr=0.0008020000000000067 total_epochs=50 train_loss=0.041167 val_loss=0.037417
2026-05-13 17:00:04 [debug    ] epoch_start                    epoch=15 total_epochs=50
2026-05-13 17:03:06 [debug    ] meta_saved                     path=data/models/alpha_0.7_seed0/meta.json
2026-05-13 17:03:06 [debug    ] model_saved                    epoch=15
2026-05-13 17:03:06 [info     ] epoch_complete                 epoch=15 is_best=True lr=0.0007800000000000081 total_epochs=50 train_loss=0.041003 val_loss=0.03639
2026-05-13 17:03:06 [debug    ] epoch_start                    epoch=16 total_epochs=50
2026-05-13 17:06:07 [info     ] epoch_complete                 epoch=16 is_best=False lr=0.0007580000000000095 total_epochs=50 train_loss=0.040607 val_loss=0.036434
2026-05-13 17:06:07 [debug    ] epoch_start                    epoch=17 total_epochs=50
2026-05-13 17:09:08 [info     ] epoch_complete                 epoch=17 is_best=False lr=0.000736000000000011 total_epochs=50 train_loss=0.040384 val_loss=0.036718
2026-05-13 17:09:08 [debug    ] epoch_start                    epoch=18 total_epochs=50
2026-05-13 17:12:09 [debug    ] meta_saved                     path=data/models/alpha_0.7_seed0/meta.json
2026-05-13 17:12:09 [debug    ] model_saved                    epoch=18
2026-05-13 17:12:09 [info     ] epoch_complete                 epoch=18 is_best=True lr=0.0007140000000000124 total_epochs=50 train_loss=0.040348 val_loss=0.036143
2026-05-13 17:12:09 [debug    ] epoch_start                    epoch=19 total_epochs=50
2026-05-13 17:15:09 [info     ] epoch_complete                 epoch=19 is_best=False lr=0.0006920000000000138 total_epochs=50 train_loss=0.040263 val_loss=0.036165
2026-05-13 17:15:09 [debug    ] epoch_start                    epoch=20 total_epochs=50
2026-05-13 17:18:11 [info     ] epoch_complete                 epoch=20 is_best=False lr=0.0006700000000000152 total_epochs=50 train_loss=0.039843 val_loss=0.036209
2026-05-13 17:18:11 [debug    ] epoch_start                    epoch=21 total_epochs=50
2026-05-13 17:21:12 [debug    ] meta_saved                     path=data/models/alpha_0.7_seed0/meta.json
2026-05-13 17:21:12 [debug    ] model_saved                    epoch=21
2026-05-13 17:21:12 [info     ] epoch_complete                 epoch=21 is_best=True lr=0.0006480000000000166 total_epochs=50 train_loss=0.039877 val_loss=0.036103
2026-05-13 17:21:12 [debug    ] epoch_start                    epoch=22 total_epochs=50
2026-05-13 17:24:13 [debug    ] meta_saved                     path=data/models/alpha_0.7_seed0/meta.json
2026-05-13 17:24:13 [debug    ] model_saved                    epoch=22
2026-05-13 17:24:13 [info     ] epoch_complete                 epoch=22 is_best=True lr=0.000626000000000018 total_epochs=50 train_loss=0.039796 val_loss=0.035875
2026-05-13 17:24:13 [debug    ] epoch_start                    epoch=23 total_epochs=50
2026-05-13 17:27:14 [info     ] epoch_complete                 epoch=23 is_best=False lr=0.0006040000000000195 total_epochs=50 train_loss=0.041137 val_loss=0.050765
2026-05-13 17:27:14 [debug    ] epoch_start                    epoch=24 total_epochs=50
2026-05-13 17:30:16 [debug    ] meta_saved                     path=data/models/alpha_0.7_seed0/meta.json
2026-05-13 17:30:16 [debug    ] model_saved                    epoch=24
2026-05-13 17:30:16 [info     ] epoch_complete                 epoch=24 is_best=True lr=0.0005820000000000209 total_epochs=50 train_loss=0.041042 val_loss=0.035604
2026-05-13 17:30:16 [debug    ] epoch_start                    epoch=25 total_epochs=50
2026-05-13 17:33:20 [info     ] epoch_complete                 epoch=25 is_best=False lr=0.0005600000000000223 total_epochs=50 train_loss=0.039369 val_loss=0.035606
2026-05-13 17:33:20 [debug    ] epoch_start                    epoch=26 total_epochs=50
2026-05-13 17:36:22 [info     ] epoch_complete                 epoch=26 is_best=False lr=0.0005380000000000237 total_epochs=50 train_loss=0.039273 val_loss=0.035672
2026-05-13 17:36:22 [debug    ] epoch_start                    epoch=27 total_epochs=50
2026-05-13 17:39:22 [info     ] epoch_complete                 epoch=27 is_best=False lr=0.0005160000000000251 total_epochs=50 train_loss=0.039242 val_loss=0.035709
2026-05-13 17:39:22 [debug    ] epoch_start                    epoch=28 total_epochs=50
2026-05-13 17:42:25 [debug    ] meta_saved                     path=data/models/alpha_0.7_seed0/meta.json
2026-05-13 17:42:25 [debug    ] model_saved                    epoch=28
2026-05-13 17:42:25 [info     ] epoch_complete                 epoch=28 is_best=True lr=0.0004940000000000265 total_epochs=50 train_loss=0.039128 val_loss=0.035472
2026-05-13 17:42:25 [debug    ] epoch_start                    epoch=29 total_epochs=50
2026-05-13 17:45:26 [info     ] epoch_complete                 epoch=29 is_best=False lr=0.00047200000000002616 total_epochs=50 train_loss=0.038981 val_loss=0.035472
2026-05-13 17:45:26 [debug    ] epoch_start                    epoch=30 total_epochs=50
2026-05-13 17:48:28 [debug    ] meta_saved                     path=data/models/alpha_0.7_seed0/meta.json
2026-05-13 17:48:28 [debug    ] model_saved                    epoch=30
2026-05-13 17:48:28 [info     ] epoch_complete                 epoch=30 is_best=True lr=0.00045000000000002476 total_epochs=50 train_loss=0.039068 val_loss=0.035352
2026-05-13 17:48:28 [debug    ] epoch_start                    epoch=31 total_epochs=50
2026-05-13 17:51:30 [debug    ] meta_saved                     path=data/models/alpha_0.7_seed0/meta.json
2026-05-13 17:51:30 [debug    ] model_saved                    epoch=31
2026-05-13 17:51:30 [info     ] epoch_complete                 epoch=31 is_best=True lr=0.0004280000000000241 total_epochs=50 train_loss=0.038873 val_loss=0.035026
2026-05-13 17:51:30 [debug    ] epoch_start                    epoch=32 total_epochs=50
2026-05-13 17:54:31 [info     ] epoch_complete                 epoch=32 is_best=False lr=0.0004060000000000233 total_epochs=50 train_loss=0.038741 val_loss=0.035499
2026-05-13 17:54:31 [debug    ] epoch_start                    epoch=33 total_epochs=50
2026-05-13 17:57:34 [info     ] epoch_complete                 epoch=33 is_best=False lr=0.0003840000000000225 total_epochs=50 train_loss=0.038685 val_loss=0.035241
2026-05-13 17:57:34 [debug    ] epoch_start                    epoch=34 total_epochs=50
2026-05-13 18:00:38 [debug    ] meta_saved                     path=data/models/alpha_0.7_seed0/meta.json
2026-05-13 18:00:38 [debug    ] model_saved                    epoch=34
2026-05-13 18:00:38 [info     ] epoch_complete                 epoch=34 is_best=True lr=0.0003620000000000219 total_epochs=50 train_loss=0.038675 val_loss=0.034907
2026-05-13 18:00:38 [debug    ] epoch_start                    epoch=35 total_epochs=50
2026-05-13 18:03:42 [debug    ] meta_saved                     path=data/models/alpha_0.7_seed0/meta.json
2026-05-13 18:03:42 [debug    ] model_saved                    epoch=35
2026-05-13 18:03:42 [info     ] epoch_complete                 epoch=35 is_best=True lr=0.00034000000000002106 total_epochs=50 train_loss=0.038545 val_loss=0.034891
2026-05-13 18:03:42 [debug    ] epoch_start                    epoch=36 total_epochs=50
2026-05-13 18:06:43 [info     ] epoch_complete                 epoch=36 is_best=False lr=0.0003180000000000207 total_epochs=50 train_loss=0.03843 val_loss=0.03525
2026-05-13 18:06:43 [debug    ] epoch_start                    epoch=37 total_epochs=50
2026-05-13 18:09:44 [debug    ] meta_saved                     path=data/models/alpha_0.7_seed0/meta.json
2026-05-13 18:09:44 [debug    ] model_saved                    epoch=37
2026-05-13 18:09:44 [info     ] epoch_complete                 epoch=37 is_best=True lr=0.0002960000000000202 total_epochs=50 train_loss=0.038434 val_loss=0.03477
2026-05-13 18:09:44 [debug    ] epoch_start                    epoch=38 total_epochs=50
2026-05-13 18:12:47 [debug    ] meta_saved                     path=data/models/alpha_0.7_seed0/meta.json
2026-05-13 18:12:47 [debug    ] model_saved                    epoch=38
2026-05-13 18:12:47 [info     ] epoch_complete                 epoch=38 is_best=True lr=0.0002740000000000199 total_epochs=50 train_loss=0.038443 val_loss=0.034729
2026-05-13 18:12:47 [debug    ] epoch_start                    epoch=39 total_epochs=50
2026-05-13 18:15:49 [info     ] epoch_complete                 epoch=39 is_best=False lr=0.0002520000000000196 total_epochs=50 train_loss=0.038234 val_loss=0.035202
2026-05-13 18:15:49 [debug    ] epoch_start                    epoch=40 total_epochs=50
2026-05-13 18:18:49 [info     ] epoch_complete                 epoch=40 is_best=False lr=0.00023000000000001863 total_epochs=50 train_loss=0.038324 val_loss=0.034866
2026-05-13 18:18:49 [debug    ] epoch_start                    epoch=41 total_epochs=50
2026-05-13 18:21:51 [info     ] epoch_complete                 epoch=41 is_best=False lr=0.00020800000000001674 total_epochs=50 train_loss=0.038091 val_loss=0.03473
2026-05-13 18:21:51 [debug    ] epoch_start                    epoch=42 total_epochs=50
2026-05-13 18:24:53 [debug    ] meta_saved                     path=data/models/alpha_0.7_seed0/meta.json
2026-05-13 18:24:53 [debug    ] model_saved                    epoch=42
2026-05-13 18:24:53 [info     ] epoch_complete                 epoch=42 is_best=True lr=0.00018600000000001458 total_epochs=50 train_loss=0.038211 val_loss=0.034671
2026-05-13 18:24:53 [debug    ] epoch_start                    epoch=43 total_epochs=50
2026-05-13 18:27:55 [info     ] epoch_complete                 epoch=43 is_best=False lr=0.00016400000000001252 total_epochs=50 train_loss=0.038142 val_loss=0.034868
2026-05-13 18:27:55 [debug    ] epoch_start                    epoch=44 total_epochs=50
2026-05-13 18:30:57 [info     ] epoch_complete                 epoch=44 is_best=False lr=0.00014200000000001072 total_epochs=50 train_loss=0.038024 val_loss=0.03472
2026-05-13 18:30:57 [debug    ] epoch_start                    epoch=45 total_epochs=50
2026-05-13 18:33:58 [info     ] epoch_complete                 epoch=45 is_best=False lr=0.00012000000000000884 total_epochs=50 train_loss=0.037953 val_loss=0.034697
2026-05-13 18:33:58 [debug    ] epoch_start                    epoch=46 total_epochs=50
2026-05-13 18:37:00 [info     ] epoch_complete                 epoch=46 is_best=False lr=9.800000000000718e-05 total_epochs=50 train_loss=0.037916 val_loss=0.034749
2026-05-13 18:37:00 [debug    ] epoch_start                    epoch=47 total_epochs=50
2026-05-13 18:40:01 [debug    ] meta_saved                     path=data/models/alpha_0.7_seed0/meta.json
2026-05-13 18:40:01 [debug    ] model_saved                    epoch=47
2026-05-13 18:40:01 [info     ] epoch_complete                 epoch=47 is_best=True lr=7.60000000000058e-05 total_epochs=50 train_loss=0.037925 val_loss=0.034527
2026-05-13 18:40:01 [debug    ] epoch_start                    epoch=48 total_epochs=50
2026-05-13 18:43:03 [info     ] epoch_complete                 epoch=48 is_best=False lr=5.400000000000429e-05 total_epochs=50 train_loss=0.037779 val_loss=0.034678
2026-05-13 18:43:03 [debug    ] epoch_start                    epoch=49 total_epochs=50
2026-05-13 18:46:02 [info     ] epoch_complete                 epoch=49 is_best=False lr=3.200000000000247e-05 total_epochs=50 train_loss=0.037757 val_loss=0.034599
2026-05-13 18:46:02 [debug    ] epoch_start                    epoch=50 total_epochs=50
2026-05-13 18:49:01 [info     ] epoch_complete                 epoch=50 is_best=False lr=1.000000000000079e-05 total_epochs=50 train_loss=0.03769 val_loss=0.034598
2026-05-13 18:49:01 [info     ] training_log_saved             path=data/models/alpha_0.7_seed0/training_losses.csv
2026-05-13 18:49:01 [info     ] training_complete              best_val_loss=0.034527
2026-05-13 18:49:01 [info     ] train_typecode_done            typecode=A320
2026-05-13 18:49:01 [info     ] train_done                     typecodes=['A320']

$ uv run fdm train --arch adsb --config results/alpha_0.7_seed0/config.yaml --model-name alpha_0.7_seed0 --epochs 50 --batch-size 128 --lr 0.001 --method rk4 --seq-len 60 --train-limit 5000 --activation silu --seed 0 --device cuda --use-mode-weights --mode-weight-alpha 0.7
