2026-05-19 15:19:38 [info     ] evaluate_start                 arch=adsb typecodes=['A320']
2026-05-19 15:19:38 [info     ] evaluate_typecode              flights=542 typecode=A320
2026-05-19 15:19:50 [info     ] evaluate_done                  output=data/model_performance/backbone_3_seed2/performance.parquet rows=16
shape: (16, 11)
┌──────────┬─────────────────────────┬──────────────┬───────┬─────────┬──────────┬──────────┬──────────┬─────────┬──────────┬────────┐
│ Aircraft ┆ Variable                ┆ Phase        ┆ Model ┆ MAE     ┆ MAE_std  ┆ MAPE (%) ┆ MAPE_std ┆ ME      ┆ ME_std   ┆ Count  │
│ ---      ┆ ---                     ┆ ---          ┆ ---   ┆ ---     ┆ ---      ┆ ---      ┆ ---      ┆ ---     ┆ ---      ┆ ---    │
│ str      ┆ str                     ┆ str          ┆ str   ┆ f64     ┆ f64      ┆ f64      ┆ f64      ┆ f64     ┆ f64      ┆ i64    │
╞══════════╪═════════════════════════╪══════════════╪═══════╪═════════╪══════════╪══════════╪══════════╪═════════╪══════════╪════════╡
│ A320     ┆ Altitude [m]            ┆ All phases   ┆ PRED  ┆ 238.931 ┆ 608.684  ┆ 5.431    ┆ 19.252   ┆ 126.032 ┆ 641.638  ┆ 478843 │
│ A320     ┆ Altitude [m]            ┆ Climb        ┆ PRED  ┆ 804.179 ┆ 1068.706 ┆ 18.255   ┆ 37.522   ┆ 641.161 ┆ 1173.775 ┆ 90018  │
│ A320     ┆ Altitude [m]            ┆ Level flight ┆ PRED  ┆ 38.505  ┆ 170.857  ┆ 0.593    ┆ 5.363    ┆ -9.375  ┆ 174.891  ┆ 296839 │
│ A320     ┆ Altitude [m]            ┆ Descent      ┆ PRED  ┆ 332.553 ┆ 515.452  ┆ 8.493    ┆ 14.592   ┆ 58.881  ┆ 610.586  ┆ 91986  │
│ A320     ┆ Flight path angle [deg] ┆ All phases   ┆ PRED  ┆ 0.284   ┆ 0.623    ┆ NaN      ┆ NaN      ┆ -0.064  ┆ 0.682    ┆ 478843 │
│ A320     ┆ Flight path angle [deg] ┆ Climb        ┆ PRED  ┆ 0.731   ┆ 0.979    ┆ NaN      ┆ NaN      ┆ -0.436  ┆ 1.141    ┆ 90018  │
│ A320     ┆ Flight path angle [deg] ┆ Level flight ┆ PRED  ┆ 0.075   ┆ 0.254    ┆ NaN      ┆ NaN      ┆ -0.007  ┆ 0.264    ┆ 296839 │
│ A320     ┆ Flight path angle [deg] ┆ Descent      ┆ PRED  ┆ 0.520   ┆ 0.696    ┆ NaN      ┆ NaN      ┆ 0.116   ┆ 0.861    ┆ 91986  │
│ A320     ┆ Heading [deg]           ┆ All phases   ┆ PRED  ┆ 1.482   ┆ 7.083    ┆ NaN      ┆ NaN      ┆ 0.264   ┆ 7.231    ┆ 478843 │
│ A320     ┆ Heading [deg]           ┆ Climb        ┆ PRED  ┆ 2.261   ┆ 9.720    ┆ NaN      ┆ NaN      ┆ 0.106   ┆ 9.979    ┆ 90018  │
│ A320     ┆ Heading [deg]           ┆ Level flight ┆ PRED  ┆ 1.009   ┆ 5.498    ┆ NaN      ┆ NaN      ┆ 0.255   ┆ 5.584    ┆ 296839 │
│ A320     ┆ Heading [deg]           ┆ Descent      ┆ PRED  ┆ 2.247   ┆ 8.321    ┆ NaN      ┆ NaN      ┆ 0.449   ┆ 8.607    ┆ 91986  │
│ A320     ┆ True airspeed [m/s]     ┆ All phases   ┆ PRED  ┆ 3.417   ┆ 8.524    ┆ 1.918    ┆ 6.645    ┆ 1.173   ┆ 9.108    ┆ 478843 │
│ A320     ┆ True airspeed [m/s]     ┆ Climb        ┆ PRED  ┆ 6.468   ┆ 15.885   ┆ 4.036    ┆ 12.208   ┆ 3.666   ┆ 16.756   ┆ 90018  │
│ A320     ┆ True airspeed [m/s]     ┆ Level flight ┆ PRED  ┆ 2.334   ┆ 4.677    ┆ 1.138    ┆ 4.304    ┆ 0.863   ┆ 5.155    ┆ 296839 │
│ A320     ┆ True airspeed [m/s]     ┆ Descent      ┆ PRED  ┆ 3.928   ┆ 6.897    ┆ 2.365    ┆ 4.202    ┆ -0.266  ┆ 7.932    ┆ 91986  │
└──────────┴─────────────────────────┴──────────────┴───────┴─────────┴──────────┴──────────┴──────────┴─────────┴──────────┴────────┘

$ uv run fdm evaluate --arch adsb --config results_run3/backbone_3_seed2/config.yaml --model-name backbone_3_seed2
