2026-05-19 03:05:20 [info     ] train_start                    arch=adsb device=cuda typecodes=['A320']
2026-05-19 03:05:20 [info     ] train_typecode                 typecode=A320
2026-05-19 03:05:20 [info     ] loading_data                   train_flights=1594 val_flights=247
2026-05-19 03:05:20 [warning  ] e1_column_missing              column=fdm_g_sin_gamma_ms2
2026-05-19 03:05:20 [warning  ] e1_column_missing              column=fdm_cos_gamma
2026-05-19 03:05:20 [warning  ] e1_column_missing              column=fdm_q_pa
2026-05-19 03:05:20 [warning  ] e1_column_missing              column=fdm_g_over_v
2026-05-19 03:05:20 [warning  ] e1_column_missing              column=fdm_lat_wind_ms
2026-05-19 03:05:20 [warning  ] e1_column_missing              column=fdm_drift_rad
2026-05-19 03:05:20 [warning  ] e1_column_missing              column=fdm_track_rad
2026-05-19 03:05:20 [warning  ] e1_column_missing              column=fdm_heading_diff_rad
2026-05-19 03:05:26 [warning  ] e1_column_missing              column=fdm_g_sin_gamma_ms2
2026-05-19 03:05:26 [warning  ] e1_column_missing              column=fdm_cos_gamma
2026-05-19 03:05:26 [warning  ] e1_column_missing              column=fdm_q_pa
2026-05-19 03:05:26 [warning  ] e1_column_missing              column=fdm_g_over_v
2026-05-19 03:05:26 [warning  ] e1_column_missing              column=fdm_lat_wind_ms
2026-05-19 03:05:26 [warning  ] e1_column_missing              column=fdm_drift_rad
2026-05-19 03:05:26 [warning  ] e1_column_missing              column=fdm_track_rad
2026-05-19 03:05:26 [warning  ] e1_column_missing              column=fdm_heading_diff_rad
2026-05-19 03:05:27 [info     ] data_loaded                    train_samples=48117 val_samples=7518
2026-05-19 03:05:46 [debug    ] meta_saved                     path=data/models/backbone_3_seed2/meta.json
2026-05-19 03:05:46 [info     ] trainer_initialized            architecture=node_adsb_v1 device=cuda train_samples=48117 val_samples=7518
2026-05-19 03:05:46 [info     ] preloading_data_to_gpu
2026-05-19 03:05:46 [debug    ] epoch_start                    epoch=1 total_epochs=50
/data/common/dataiku/config/projects/NODEFDM/lib/python/.venv/lib/python3.12/site-packages/torch/_inductor/compile_fx.py:321: UserWarning: TensorFloat32 tensor cores for float32 matrix multiplication available but not enabled. Consider setting `torch.set_float32_matmul_precision('high')` for better performance.
  warnings.warn(
2026-05-19 03:06:07 [info     ] debug_magnitudes               norm_mean=['8427.359375', '-0.000899', '211.646118', '3.252943'] norm_std=['2287.523926', '0.040447', '34.116577', '1.247240'] ode_loss=0.124480
2026-05-19 03:13:32 [warning  ] nan_or_inf_loss                loss=nan
W0519 03:18:38.458000 1541976 torch/_dynamo/convert_frame.py:1676] [0/8] torch._dynamo hit config.recompile_limit (8)
W0519 03:18:38.458000 1541976 torch/_dynamo/convert_frame.py:1676] [0/8]    function: 'forward' (/data/common/dataiku/config/projects/NODEFDM/lib/python/packages/node-fdm/src/node_fdm/models/fdm.py:181)
W0519 03:18:38.458000 1541976 torch/_dynamo/convert_frame.py:1676] [0/8]    last reason: 0/7: tensor 'self.history['raw_alt_m']' size mismatch at index 1. expected 1, actual 2
W0519 03:18:38.458000 1541976 torch/_dynamo/convert_frame.py:1676] [0/8] To log all recompilation reasons, use TORCH_LOGS="recompiles".
W0519 03:18:38.458000 1541976 torch/_dynamo/convert_frame.py:1676] [0/8] To diagnose recompilation issues, see https://pytorch.org/docs/main/compile/programming_model.recompilation.html
2026-05-19 03:18:38 [debug    ] meta_saved                     path=data/models/backbone_3_seed2/meta.json
2026-05-19 03:18:38 [debug    ] model_saved                    epoch=1
2026-05-19 03:18:38 [info     ] epoch_complete                 epoch=1 is_best=True lr=0.00020800000000000077 total_epochs=50 train_loss=nan val_loss=0.032435
2026-05-19 03:18:38 [debug    ] epoch_start                    epoch=2 total_epochs=50
2026-05-19 03:19:05 [warning  ] nan_or_inf_loss                loss=nan
2026-05-19 03:30:22 [debug    ] meta_saved                     path=data/models/backbone_3_seed2/meta.json
2026-05-19 03:30:22 [debug    ] model_saved                    epoch=2
2026-05-19 03:30:22 [info     ] epoch_complete                 epoch=2 is_best=True lr=0.00040600000000000174 total_epochs=50 train_loss=nan val_loss=0.027444
2026-05-19 03:30:22 [debug    ] epoch_start                    epoch=3 total_epochs=50
2026-05-19 03:32:16 [warning  ] nan_or_inf_loss                loss=nan
2026-05-19 03:42:10 [debug    ] meta_saved                     path=data/models/backbone_3_seed2/meta.json
2026-05-19 03:42:10 [debug    ] model_saved                    epoch=3
2026-05-19 03:42:10 [info     ] epoch_complete                 epoch=3 is_best=True lr=0.0006040000000000034 total_epochs=50 train_loss=nan val_loss=0.025572
2026-05-19 03:42:10 [debug    ] epoch_start                    epoch=4 total_epochs=50
2026-05-19 03:43:19 [warning  ] nan_or_inf_loss                loss=nan
2026-05-19 03:53:55 [info     ] epoch_complete                 epoch=4 is_best=False lr=0.0008020000000000034 total_epochs=50 train_loss=nan val_loss=0.025843
2026-05-19 03:53:55 [debug    ] epoch_start                    epoch=5 total_epochs=50
2026-05-19 04:05:27 [warning  ] nan_or_inf_loss                loss=nan
2026-05-19 04:05:36 [debug    ] meta_saved                     path=data/models/backbone_3_seed2/meta.json
2026-05-19 04:05:36 [debug    ] model_saved                    epoch=5
2026-05-19 04:05:36 [info     ] epoch_complete                 epoch=5 is_best=True lr=0.001 total_epochs=50 train_loss=nan val_loss=0.025465
2026-05-19 04:05:36 [debug    ] epoch_start                    epoch=6 total_epochs=50
2026-05-19 04:06:20 [warning  ] nan_or_inf_loss                loss=nan
2026-05-19 04:17:17 [debug    ] meta_saved                     path=data/models/backbone_3_seed2/meta.json
2026-05-19 04:17:17 [debug    ] model_saved                    epoch=6
2026-05-19 04:17:17 [info     ] epoch_complete                 epoch=6 is_best=True lr=0.0009779999999999641 total_epochs=50 train_loss=nan val_loss=0.024972
2026-05-19 04:17:17 [debug    ] epoch_start                    epoch=7 total_epochs=50
2026-05-19 04:19:13 [warning  ] nan_or_inf_loss                loss=nan
2026-05-19 04:28:58 [debug    ] meta_saved                     path=data/models/backbone_3_seed2/meta.json
2026-05-19 04:28:58 [debug    ] model_saved                    epoch=7
2026-05-19 04:28:58 [info     ] epoch_complete                 epoch=7 is_best=True lr=0.000955999999999966 total_epochs=50 train_loss=nan val_loss=0.024118
2026-05-19 04:28:58 [debug    ] epoch_start                    epoch=8 total_epochs=50
2026-05-19 04:30:07 [warning  ] nan_or_inf_loss                loss=nan
2026-05-19 04:40:38 [info     ] epoch_complete                 epoch=8 is_best=False lr=0.0009339999999999676 total_epochs=50 train_loss=nan val_loss=0.024264
2026-05-19 04:40:38 [debug    ] epoch_start                    epoch=9 total_epochs=50
2026-05-19 04:46:45 [warning  ] nan_or_inf_loss                loss=nan
2026-05-19 04:52:19 [info     ] epoch_complete                 epoch=9 is_best=False lr=0.0009119999999999646 total_epochs=50 train_loss=nan val_loss=0.024463
2026-05-19 04:52:19 [debug    ] epoch_start                    epoch=10 total_epochs=50
2026-05-19 05:02:09 [warning  ] nan_or_inf_loss                loss=nan
2026-05-19 05:04:00 [debug    ] meta_saved                     path=data/models/backbone_3_seed2/meta.json
2026-05-19 05:04:00 [debug    ] model_saved                    epoch=10
2026-05-19 05:04:00 [info     ] epoch_complete                 epoch=10 is_best=True lr=0.0008899999999999641 total_epochs=50 train_loss=nan val_loss=0.023779
2026-05-19 05:04:00 [debug    ] epoch_start                    epoch=11 total_epochs=50
2026-05-19 05:07:17 [warning  ] nan_or_inf_loss                loss=nan
2026-05-19 05:15:39 [info     ] epoch_complete                 epoch=11 is_best=False lr=0.0008679999999999602 total_epochs=50 train_loss=nan val_loss=0.045923
2026-05-19 05:15:39 [debug    ] epoch_start                    epoch=12 total_epochs=50
2026-05-19 05:19:30 [warning  ] nan_or_inf_loss                loss=nan
2026-05-19 05:27:22 [info     ] epoch_complete                 epoch=12 is_best=False lr=0.0008459999999999557 total_epochs=50 train_loss=nan val_loss=0.02699
2026-05-19 05:27:22 [debug    ] epoch_start                    epoch=13 total_epochs=50
2026-05-19 05:29:28 [warning  ] nan_or_inf_loss                loss=nan
2026-05-19 05:39:06 [info     ] epoch_complete                 epoch=13 is_best=False lr=0.0008239999999999501 total_epochs=50 train_loss=nan val_loss=0.023933
2026-05-19 05:39:06 [debug    ] epoch_start                    epoch=14 total_epochs=50
2026-05-19 05:47:47 [warning  ] nan_or_inf_loss                loss=nan
2026-05-19 05:50:50 [info     ] epoch_complete                 epoch=14 is_best=False lr=0.0008019999999999432 total_epochs=50 train_loss=nan val_loss=0.024741
2026-05-19 05:50:50 [debug    ] epoch_start                    epoch=15 total_epochs=50
2026-05-19 05:56:19 [warning  ] nan_or_inf_loss                loss=nan
2026-05-19 06:02:37 [info     ] epoch_complete                 epoch=15 is_best=False lr=0.0007799999999999348 total_epochs=50 train_loss=nan val_loss=0.024247
2026-05-19 06:02:37 [debug    ] epoch_start                    epoch=16 total_epochs=50
2026-05-19 06:11:08 [warning  ] nan_or_inf_loss                loss=nan
2026-05-19 06:14:18 [info     ] epoch_complete                 epoch=16 is_best=False lr=0.0007579999999999236 total_epochs=50 train_loss=nan val_loss=0.024193
2026-05-19 06:14:18 [debug    ] epoch_start                    epoch=17 total_epochs=50
2026-05-19 06:21:30 [warning  ] nan_or_inf_loss                loss=nan
2026-05-19 06:25:59 [info     ] epoch_complete                 epoch=17 is_best=False lr=0.0007359999999999133 total_epochs=50 train_loss=nan val_loss=0.043794
2026-05-19 06:25:59 [debug    ] epoch_start                    epoch=18 total_epochs=50
2026-05-19 06:27:12 [warning  ] nan_or_inf_loss                loss=nan
2026-05-19 06:37:39 [info     ] epoch_complete                 epoch=18 is_best=False lr=0.0007139999999999008 total_epochs=50 train_loss=nan val_loss=0.026859
2026-05-19 06:37:39 [debug    ] epoch_start                    epoch=19 total_epochs=50
2026-05-19 06:41:08 [warning  ] nan_or_inf_loss                loss=nan
2026-05-19 06:49:18 [info     ] epoch_complete                 epoch=19 is_best=False lr=0.0006919999999998854 total_epochs=50 train_loss=nan val_loss=0.024178
2026-05-19 06:49:18 [debug    ] epoch_start                    epoch=20 total_epochs=50
2026-05-19 06:49:43 [warning  ] nan_or_inf_loss                loss=nan
2026-05-19 07:00:52 [info     ] epoch_complete                 epoch=20 is_best=False lr=0.0006699999999998693 total_epochs=50 train_loss=nan val_loss=0.02427
2026-05-19 07:00:52 [debug    ] epoch_start                    epoch=21 total_epochs=50
2026-05-19 07:08:24 [warning  ] nan_or_inf_loss                loss=nan
2026-05-19 07:12:10 [info     ] epoch_complete                 epoch=21 is_best=False lr=0.0006479999999998547 total_epochs=50 train_loss=nan val_loss=0.024085
2026-05-19 07:12:10 [debug    ] epoch_start                    epoch=22 total_epochs=50
2026-05-19 07:17:14 [warning  ] nan_or_inf_loss                loss=nan
2026-05-19 07:23:25 [info     ] epoch_complete                 epoch=22 is_best=False lr=0.0006259999999998386 total_epochs=50 train_loss=nan val_loss=0.025998
2026-05-19 07:23:25 [debug    ] epoch_start                    epoch=23 total_epochs=50
2026-05-19 07:24:06 [warning  ] nan_or_inf_loss                loss=nan
2026-05-19 07:34:39 [info     ] epoch_complete                 epoch=23 is_best=False lr=0.0006039999999998202 total_epochs=50 train_loss=nan val_loss=0.032164
2026-05-19 07:34:39 [debug    ] epoch_start                    epoch=24 total_epochs=50
2026-05-19 07:35:42 [warning  ] nan_or_inf_loss                loss=nan
2026-05-19 07:48:11 [info     ] epoch_complete                 epoch=24 is_best=False lr=0.0005819999999998049 total_epochs=50 train_loss=nan val_loss=0.034104
2026-05-19 07:48:11 [debug    ] epoch_start                    epoch=25 total_epochs=50
2026-05-19 07:56:36 [warning  ] nan_or_inf_loss                loss=nan
2026-05-19 08:02:05 [info     ] epoch_complete                 epoch=25 is_best=False lr=0.0005599999999997843 total_epochs=50 train_loss=nan val_loss=0.024142
2026-05-19 08:02:05 [debug    ] epoch_start                    epoch=26 total_epochs=50
2026-05-19 08:02:28 [warning  ] nan_or_inf_loss                loss=nan
2026-05-19 08:13:39 [debug    ] meta_saved                     path=data/models/backbone_3_seed2/meta.json
2026-05-19 08:13:39 [debug    ] model_saved                    epoch=26
2026-05-19 08:13:39 [info     ] epoch_complete                 epoch=26 is_best=True lr=0.0005379999999997661 total_epochs=50 train_loss=nan val_loss=0.023354
2026-05-19 08:13:39 [debug    ] epoch_start                    epoch=27 total_epochs=50
2026-05-19 08:27:18 [warning  ] nan_or_inf_loss                loss=nan
2026-05-19 08:27:23 [debug    ] meta_saved                     path=data/models/backbone_3_seed2/meta.json
2026-05-19 08:27:23 [debug    ] model_saved                    epoch=27
2026-05-19 08:27:23 [info     ] epoch_complete                 epoch=27 is_best=True lr=0.0005159999999997449 total_epochs=50 train_loss=nan val_loss=0.02317
2026-05-19 08:27:23 [debug    ] epoch_start                    epoch=28 total_epochs=50
2026-05-19 08:40:42 [warning  ] nan_or_inf_loss                loss=nan
2026-05-19 08:41:12 [info     ] epoch_complete                 epoch=28 is_best=False lr=0.0004939999999997231 total_epochs=50 train_loss=nan val_loss=0.02392
2026-05-19 08:41:12 [debug    ] epoch_start                    epoch=29 total_epochs=50
2026-05-19 08:50:12 [warning  ] nan_or_inf_loss                loss=nan
2026-05-19 08:55:06 [debug    ] meta_saved                     path=data/models/backbone_3_seed2/meta.json
2026-05-19 08:55:06 [debug    ] model_saved                    epoch=29
2026-05-19 08:55:06 [info     ] epoch_complete                 epoch=29 is_best=True lr=0.00047199999999972654 total_epochs=50 train_loss=nan val_loss=0.023164
2026-05-19 08:55:06 [debug    ] epoch_start                    epoch=30 total_epochs=50
2026-05-19 09:01:20 [warning  ] nan_or_inf_loss                loss=nan
2026-05-19 09:09:36 [debug    ] meta_saved                     path=data/models/backbone_3_seed2/meta.json
2026-05-19 09:09:36 [debug    ] model_saved                    epoch=30
2026-05-19 09:09:36 [info     ] epoch_complete                 epoch=30 is_best=True lr=0.00044999999999974005 total_epochs=50 train_loss=nan val_loss=0.02285
2026-05-19 09:09:36 [debug    ] epoch_start                    epoch=31 total_epochs=50
2026-05-19 09:20:10 [warning  ] nan_or_inf_loss                loss=nan
2026-05-19 09:24:07 [info     ] epoch_complete                 epoch=31 is_best=False lr=0.00042799999999975404 total_epochs=50 train_loss=nan val_loss=0.023133
2026-05-19 09:24:07 [debug    ] epoch_start                    epoch=32 total_epochs=50
2026-05-19 09:36:56 [warning  ] nan_or_inf_loss                loss=nan
2026-05-19 09:38:13 [debug    ] meta_saved                     path=data/models/backbone_3_seed2/meta.json
2026-05-19 09:38:13 [debug    ] model_saved                    epoch=32
2026-05-19 09:38:13 [info     ] epoch_complete                 epoch=32 is_best=True lr=0.0004059999999997666 total_epochs=50 train_loss=nan val_loss=0.022686
2026-05-19 09:38:13 [debug    ] epoch_start                    epoch=33 total_epochs=50
2026-05-19 09:51:19 [warning  ] nan_or_inf_loss                loss=nan
2026-05-19 09:52:20 [info     ] epoch_complete                 epoch=33 is_best=False lr=0.00038399999999978274 total_epochs=50 train_loss=nan val_loss=0.063313
2026-05-19 09:52:20 [debug    ] epoch_start                    epoch=34 total_epochs=50
2026-05-19 10:03:53 [warning  ] nan_or_inf_loss                loss=nan
2026-05-19 10:06:38 [info     ] epoch_complete                 epoch=34 is_best=False lr=0.0003619999999997976 total_epochs=50 train_loss=nan val_loss=0.067858
2026-05-19 10:06:38 [debug    ] epoch_start                    epoch=35 total_epochs=50
2026-05-19 10:10:51 [warning  ] nan_or_inf_loss                loss=nan
2026-05-19 10:20:38 [info     ] epoch_complete                 epoch=35 is_best=False lr=0.00033999999999981284 total_epochs=50 train_loss=nan val_loss=0.05699
2026-05-19 10:20:38 [debug    ] epoch_start                    epoch=36 total_epochs=50
2026-05-19 10:32:34 [warning  ] nan_or_inf_loss                loss=nan
2026-05-19 10:35:08 [info     ] epoch_complete                 epoch=36 is_best=False lr=0.00031799999999982846 total_epochs=50 train_loss=nan val_loss=0.031099
2026-05-19 10:35:08 [debug    ] epoch_start                    epoch=37 total_epochs=50
2026-05-19 10:43:30 [warning  ] nan_or_inf_loss                loss=nan
2026-05-19 10:49:27 [info     ] epoch_complete                 epoch=37 is_best=False lr=0.00029599999999984576 total_epochs=50 train_loss=nan val_loss=0.025952
2026-05-19 10:49:27 [debug    ] epoch_start                    epoch=38 total_epochs=50
2026-05-19 10:51:22 [warning  ] nan_or_inf_loss                loss=nan
2026-05-19 11:03:25 [info     ] epoch_complete                 epoch=38 is_best=False lr=0.00027399999999986176 total_epochs=50 train_loss=nan val_loss=0.024539
2026-05-19 11:03:25 [debug    ] epoch_start                    epoch=39 total_epochs=50
2026-05-19 11:04:32 [warning  ] nan_or_inf_loss                loss=nan
2026-05-19 11:17:27 [info     ] epoch_complete                 epoch=39 is_best=False lr=0.0002519999999998791 total_epochs=50 train_loss=nan val_loss=0.023627
2026-05-19 11:17:27 [debug    ] epoch_start                    epoch=40 total_epochs=50
2026-05-19 11:21:42 [warning  ] nan_or_inf_loss                loss=nan
2026-05-19 11:31:38 [info     ] epoch_complete                 epoch=40 is_best=False lr=0.00022999999999989115 total_epochs=50 train_loss=nan val_loss=0.023984
2026-05-19 11:31:38 [debug    ] epoch_start                    epoch=41 total_epochs=50
2026-05-19 11:35:11 [warning  ] nan_or_inf_loss                loss=nan
2026-05-19 11:44:04 [info     ] epoch_complete                 epoch=41 is_best=False lr=0.00020799999999989986 total_epochs=50 train_loss=nan val_loss=0.023334
2026-05-19 11:44:04 [debug    ] epoch_start                    epoch=42 total_epochs=50
2026-05-19 11:46:31 [warning  ] nan_or_inf_loss                loss=nan
2026-05-19 11:55:19 [info     ] epoch_complete                 epoch=42 is_best=False lr=0.00018599999999990713 total_epochs=50 train_loss=nan val_loss=0.022986
2026-05-19 11:55:19 [debug    ] epoch_start                    epoch=43 total_epochs=50
2026-05-19 11:56:41 [warning  ] nan_or_inf_loss                loss=nan
2026-05-19 12:06:36 [info     ] epoch_complete                 epoch=43 is_best=False lr=0.00016399999999991286 total_epochs=50 train_loss=nan val_loss=0.023057
2026-05-19 12:06:36 [debug    ] epoch_start                    epoch=44 total_epochs=50
2026-05-19 12:12:35 [warning  ] nan_or_inf_loss                loss=nan
2026-05-19 12:17:52 [info     ] epoch_complete                 epoch=44 is_best=False lr=0.00014199999999991775 total_epochs=50 train_loss=nan val_loss=0.022896
2026-05-19 12:17:52 [debug    ] epoch_start                    epoch=45 total_epochs=50
2026-05-19 12:19:54 [warning  ] nan_or_inf_loss                loss=nan
2026-05-19 12:29:19 [info     ] epoch_complete                 epoch=45 is_best=False lr=0.00011999999999992358 total_epochs=50 train_loss=nan val_loss=0.023347
2026-05-19 12:29:19 [debug    ] epoch_start                    epoch=46 total_epochs=50
2026-05-19 12:36:12 [warning  ] nan_or_inf_loss                loss=nan
2026-05-19 12:40:33 [debug    ] meta_saved                     path=data/models/backbone_3_seed2/meta.json
2026-05-19 12:40:33 [debug    ] model_saved                    epoch=46
2026-05-19 12:40:33 [info     ] epoch_complete                 epoch=46 is_best=True lr=9.799999999993738e-05 total_epochs=50 train_loss=nan val_loss=0.022649
2026-05-19 12:40:33 [debug    ] epoch_start                    epoch=47 total_epochs=50
2026-05-19 12:42:50 [warning  ] nan_or_inf_loss                loss=nan
2026-05-19 12:51:48 [debug    ] meta_saved                     path=data/models/backbone_3_seed2/meta.json
2026-05-19 12:51:48 [debug    ] model_saved                    epoch=47
2026-05-19 12:51:48 [info     ] epoch_complete                 epoch=47 is_best=True lr=7.599999999995096e-05 total_epochs=50 train_loss=nan val_loss=0.022598
2026-05-19 12:51:48 [debug    ] epoch_start                    epoch=48 total_epochs=50
2026-05-19 12:53:54 [warning  ] nan_or_inf_loss                loss=nan
2026-05-19 13:03:03 [info     ] epoch_complete                 epoch=48 is_best=False lr=5.399999999996508e-05 total_epochs=50 train_loss=nan val_loss=0.022623
2026-05-19 13:03:03 [debug    ] epoch_start                    epoch=49 total_epochs=50
2026-05-19 13:04:18 [warning  ] nan_or_inf_loss                loss=nan
2026-05-19 13:14:15 [debug    ] meta_saved                     path=data/models/backbone_3_seed2/meta.json
2026-05-19 13:14:15 [debug    ] model_saved                    epoch=49
2026-05-19 13:14:15 [info     ] epoch_complete                 epoch=49 is_best=True lr=3.1999999999980124e-05 total_epochs=50 train_loss=nan val_loss=0.02253
2026-05-19 13:14:15 [debug    ] epoch_start                    epoch=50 total_epochs=50
2026-05-19 13:24:38 [warning  ] nan_or_inf_loss                loss=nan
2026-05-19 13:25:29 [debug    ] meta_saved                     path=data/models/backbone_3_seed2/meta.json
2026-05-19 13:25:29 [debug    ] model_saved                    epoch=50
2026-05-19 13:25:29 [info     ] epoch_complete                 epoch=50 is_best=True lr=9.999999999993956e-06 total_epochs=50 train_loss=nan val_loss=0.022476
2026-05-19 13:25:29 [info     ] training_log_saved             path=data/models/backbone_3_seed2/training_losses.csv
2026-05-19 13:25:29 [info     ] training_complete              best_val_loss=0.022476
2026-05-19 13:25:29 [info     ] train_typecode_done            typecode=A320
2026-05-19 13:25:29 [info     ] train_done                     typecodes=['A320']

$ uv run fdm train --arch adsb --config results_run3/backbone_3_seed2/config.yaml --model-name backbone_3_seed2 --epochs 50 --batch-size 32 --lr 0.001 --method rk4 --seq-len 30 --train-limit 5000 --activation relu --seed 2 --backbone-depth 3 --head-depth 2 --hidden-width 48 --device cuda --no-use-mode-weights
