2026-05-21 23:59:21 [info     ] evaluate_start                 arch=adsb typecodes=['A320']
2026-05-21 23:59:21 [info     ] evaluate_typecode              flights=542 typecode=A320
2026-05-21 23:59:33 [info     ] evaluate_done                  output=data/model_performance/seq_45_seed2/performance.parquet rows=16
shape: (16, 11)
┌──────────┬─────────────────────────┬──────────────┬───────┬─────────┬──────────┬──────────┬──────────┬─────────┬──────────┬────────┐
│ Aircraft ┆ Variable                ┆ Phase        ┆ Model ┆ MAE     ┆ MAE_std  ┆ MAPE (%) ┆ MAPE_std ┆ ME      ┆ ME_std   ┆ Count  │
│ ---      ┆ ---                     ┆ ---          ┆ ---   ┆ ---     ┆ ---      ┆ ---      ┆ ---      ┆ ---     ┆ ---      ┆ ---    │
│ str      ┆ str                     ┆ str          ┆ str   ┆ f64     ┆ f64      ┆ f64      ┆ f64      ┆ f64     ┆ f64      ┆ i64    │
╞══════════╪═════════════════════════╪══════════════╪═══════╪═════════╪══════════╪══════════╪══════════╪═════════╪══════════╪════════╡
│ A320     ┆ Altitude [m]            ┆ All phases   ┆ PRED  ┆ 231.500 ┆ 590.558  ┆ 5.287    ┆ 18.763   ┆ 131.666 ┆ 620.495  ┆ 478843 │
│ A320     ┆ Altitude [m]            ┆ Climb        ┆ PRED  ┆ 786.003 ┆ 1043.567 ┆ 17.763   ┆ 36.707   ┆ 633.283 ┆ 1142.710 ┆ 90018  │
│ A320     ┆ Altitude [m]            ┆ Level flight ┆ PRED  ┆ 36.168  ┆ 167.966  ┆ 0.590    ┆ 5.268    ┆ 0.316   ┆ 171.815  ┆ 296839 │
│ A320     ┆ Altitude [m]            ┆ Descent      ┆ PRED  ┆ 319.194 ┆ 476.461  ┆ 8.237    ┆ 13.867   ┆ 64.651  ┆ 569.843  ┆ 91986  │
│ A320     ┆ Flight path angle [deg] ┆ All phases   ┆ PRED  ┆ 0.277   ┆ 0.603    ┆ NaN      ┆ NaN      ┆ -0.057  ┆ 0.661    ┆ 478843 │
│ A320     ┆ Flight path angle [deg] ┆ Climb        ┆ PRED  ┆ 0.712   ┆ 0.950    ┆ NaN      ┆ NaN      ┆ -0.411  ┆ 1.113    ┆ 90018  │
│ A320     ┆ Flight path angle [deg] ┆ Level flight ┆ PRED  ┆ 0.073   ┆ 0.241    ┆ NaN      ┆ NaN      ┆ -0.008  ┆ 0.252    ┆ 296839 │
│ A320     ┆ Flight path angle [deg] ┆ Descent      ┆ PRED  ┆ 0.508   ┆ 0.672    ┆ NaN      ┆ NaN      ┆ 0.129   ┆ 0.833    ┆ 91986  │
│ A320     ┆ Heading [deg]           ┆ All phases   ┆ PRED  ┆ 1.507   ┆ 6.907    ┆ NaN      ┆ NaN      ┆ -0.127  ┆ 7.069    ┆ 478843 │
│ A320     ┆ Heading [deg]           ┆ Climb        ┆ PRED  ┆ 1.938   ┆ 6.779    ┆ NaN      ┆ NaN      ┆ -0.190  ┆ 7.048    ┆ 90018  │
│ A320     ┆ Heading [deg]           ┆ Level flight ┆ PRED  ┆ 1.144   ┆ 6.319    ┆ NaN      ┆ NaN      ┆ -0.074  ┆ 6.422    ┆ 296839 │
│ A320     ┆ Heading [deg]           ┆ Descent      ┆ PRED  ┆ 2.259   ┆ 8.564    ┆ NaN      ┆ NaN      ┆ -0.234  ┆ 8.854    ┆ 91986  │
│ A320     ┆ True airspeed [m/s]     ┆ All phases   ┆ PRED  ┆ 3.225   ┆ 7.679    ┆ 1.823    ┆ 5.999    ┆ 1.086   ┆ 8.258    ┆ 478843 │
│ A320     ┆ True airspeed [m/s]     ┆ Climb        ┆ PRED  ┆ 5.776   ┆ 13.489   ┆ 3.610    ┆ 10.385   ┆ 3.515   ┆ 14.247   ┆ 90018  │
│ A320     ┆ True airspeed [m/s]     ┆ Level flight ┆ PRED  ┆ 2.234   ┆ 4.672    ┆ 1.106    ┆ 4.228    ┆ 0.737   ┆ 5.126    ┆ 296839 │
│ A320     ┆ True airspeed [m/s]     ┆ Descent      ┆ PRED  ┆ 3.924   ┆ 6.960    ┆ 2.389    ┆ 4.356    ┆ -0.167  ┆ 7.988    ┆ 91986  │
└──────────┴─────────────────────────┴──────────────┴───────┴─────────┴──────────┴──────────┴──────────┴─────────┴──────────┴────────┘

$ uv run fdm evaluate --arch adsb --config results_run4/seq_45_seed2/config.yaml --model-name seq_45_seed2
