2026-05-15 23:28:26 [info     ] evaluate_start                 arch=adsb typecodes=['A320']
2026-05-15 23:28:26 [info     ] evaluate_typecode              flights=542 typecode=A320
2026-05-15 23:28:38 [info     ] evaluate_done                  output=data/model_performance/bs_32_seed2/performance.parquet rows=16
shape: (16, 11)
┌──────────┬─────────────────────────┬──────────────┬───────┬─────────┬──────────┬──────────┬──────────┬─────────┬──────────┬────────┐
│ Aircraft ┆ Variable                ┆ Phase        ┆ Model ┆ MAE     ┆ MAE_std  ┆ MAPE (%) ┆ MAPE_std ┆ ME      ┆ ME_std   ┆ Count  │
│ ---      ┆ ---                     ┆ ---          ┆ ---   ┆ ---     ┆ ---      ┆ ---      ┆ ---      ┆ ---     ┆ ---      ┆ ---    │
│ str      ┆ str                     ┆ str          ┆ str   ┆ f64     ┆ f64      ┆ f64      ┆ f64      ┆ f64     ┆ f64      ┆ i64    │
╞══════════╪═════════════════════════╪══════════════╪═══════╪═════════╪══════════╪══════════╪══════════╪═════════╪══════════╪════════╡
│ A320     ┆ Altitude [m]            ┆ All phases   ┆ PRED  ┆ 249.455 ┆ 609.966  ┆ 5.416    ┆ 19.105   ┆ 132.324 ┆ 645.583  ┆ 478843 │
│ A320     ┆ Altitude [m]            ┆ Climb        ┆ PRED  ┆ 806.711 ┆ 1099.839 ┆ 18.034   ┆ 37.920   ┆ 646.487 ┆ 1201.034 ┆ 90018  │
│ A320     ┆ Altitude [m]            ┆ Level flight ┆ PRED  ┆ 58.563  ┆ 176.994  ┆ 0.777    ┆ 5.151    ┆ 5.418   ┆ 186.352  ┆ 296839 │
│ A320     ┆ Altitude [m]            ┆ Descent      ┆ PRED  ┆ 320.134 ┆ 474.822  ┆ 8.041    ┆ 13.230   ┆ 38.686  ┆ 571.354  ┆ 91986  │
│ A320     ┆ Flight path angle [deg] ┆ All phases   ┆ PRED  ┆ 0.277   ┆ 0.606    ┆ NaN      ┆ NaN      ┆ -0.061  ┆ 0.663    ┆ 478843 │
│ A320     ┆ Flight path angle [deg] ┆ Climb        ┆ PRED  ┆ 0.710   ┆ 0.957    ┆ NaN      ┆ NaN      ┆ -0.398  ┆ 1.124    ┆ 90018  │
│ A320     ┆ Flight path angle [deg] ┆ Level flight ┆ PRED  ┆ 0.074   ┆ 0.244    ┆ NaN      ┆ NaN      ┆ -0.011  ┆ 0.255    ┆ 296839 │
│ A320     ┆ Flight path angle [deg] ┆ Descent      ┆ PRED  ┆ 0.508   ┆ 0.672    ┆ NaN      ┆ NaN      ┆ 0.107   ┆ 0.836    ┆ 91986  │
│ A320     ┆ Heading [deg]           ┆ All phases   ┆ PRED  ┆ 1.518   ┆ 6.865    ┆ NaN      ┆ NaN      ┆ 0.153   ┆ 7.030    ┆ 478843 │
│ A320     ┆ Heading [deg]           ┆ Climb        ┆ PRED  ┆ 1.978   ┆ 6.945    ┆ NaN      ┆ NaN      ┆ 0.085   ┆ 7.221    ┆ 90018  │
│ A320     ┆ Heading [deg]           ┆ Level flight ┆ PRED  ┆ 1.135   ┆ 6.291    ┆ NaN      ┆ NaN      ┆ 0.208   ┆ 6.389    ┆ 296839 │
│ A320     ┆ Heading [deg]           ┆ Descent      ┆ PRED  ┆ 2.303   ┆ 8.316    ┆ NaN      ┆ NaN      ┆ 0.044   ┆ 8.629    ┆ 91986  │
│ A320     ┆ True airspeed [m/s]     ┆ All phases   ┆ PRED  ┆ 2.980   ┆ 7.469    ┆ 1.697    ┆ 5.888    ┆ 0.651   ┆ 8.015    ┆ 478843 │
│ A320     ┆ True airspeed [m/s]     ┆ Climb        ┆ PRED  ┆ 5.594   ┆ 13.352   ┆ 3.510    ┆ 10.388   ┆ 2.851   ┆ 14.193   ┆ 90018  │
│ A320     ┆ True airspeed [m/s]     ┆ Level flight ┆ PRED  ┆ 1.939   ┆ 4.355    ┆ 0.969    ┆ 4.083    ┆ 0.302   ┆ 4.758    ┆ 296839 │
│ A320     ┆ True airspeed [m/s]     ┆ Descent      ┆ PRED  ┆ 3.779   ┆ 6.629    ┆ 2.271    ┆ 3.980    ┆ -0.373  ┆ 7.621    ┆ 91986  │
└──────────┴─────────────────────────┴──────────────┴───────┴─────────┴──────────┴──────────┴──────────┴─────────┴──────────┴────────┘

$ uv run fdm evaluate --arch adsb --config results_run2/bs_32_seed2/config.yaml --model-name bs_32_seed2
