2026-05-15 23:18:24 [info     ] evaluate_start                 arch=adsb typecodes=['A320']
2026-05-15 23:18:24 [info     ] evaluate_typecode              flights=542 typecode=A320
2026-05-15 23:18:36 [info     ] evaluate_done                  output=data/model_performance/bs_128_seed1/performance.parquet rows=16
shape: (16, 11)
┌──────────┬─────────────────────────┬──────────────┬───────┬─────────┬─────────┬──────────┬──────────┬─────────┬──────────┬────────┐
│ Aircraft ┆ Variable                ┆ Phase        ┆ Model ┆ MAE     ┆ MAE_std ┆ MAPE (%) ┆ MAPE_std ┆ ME      ┆ ME_std   ┆ Count  │
│ ---      ┆ ---                     ┆ ---          ┆ ---   ┆ ---     ┆ ---     ┆ ---      ┆ ---      ┆ ---     ┆ ---      ┆ ---    │
│ str      ┆ str                     ┆ str          ┆ str   ┆ f64     ┆ f64     ┆ f64      ┆ f64      ┆ f64     ┆ f64      ┆ i64    │
╞══════════╪═════════════════════════╪══════════════╪═══════╪═════════╪═════════╪══════════╪══════════╪═════════╪══════════╪════════╡
│ A320     ┆ Altitude [m]            ┆ All phases   ┆ PRED  ┆ 248.451 ┆ 566.978 ┆ 5.471    ┆ 18.012   ┆ 135.542 ┆ 604.004  ┆ 478843 │
│ A320     ┆ Altitude [m]            ┆ Climb        ┆ PRED  ┆ 766.872 ┆ 969.646 ┆ 17.231   ┆ 34.580   ┆ 625.278 ┆ 1066.458 ┆ 90018  │
│ A320     ┆ Altitude [m]            ┆ Level flight ┆ PRED  ┆ 61.025  ┆ 173.657 ┆ 0.876    ┆ 5.441    ┆ 14.776  ┆ 183.474  ┆ 296839 │
│ A320     ┆ Altitude [m]            ┆ Descent      ┆ PRED  ┆ 345.946 ┆ 519.737 ┆ 8.790    ┆ 14.447   ┆ 45.996  ┆ 622.647  ┆ 91986  │
│ A320     ┆ Flight path angle [deg] ┆ All phases   ┆ PRED  ┆ 0.284   ┆ 0.611   ┆ NaN      ┆ NaN      ┆ -0.060  ┆ 0.671    ┆ 478843 │
│ A320     ┆ Flight path angle [deg] ┆ Climb        ┆ PRED  ┆ 0.716   ┆ 0.961   ┆ NaN      ┆ NaN      ┆ -0.404  ┆ 1.128    ┆ 90018  │
│ A320     ┆ Flight path angle [deg] ┆ Level flight ┆ PRED  ┆ 0.078   ┆ 0.245   ┆ NaN      ┆ NaN      ┆ -0.009  ┆ 0.257    ┆ 296839 │
│ A320     ┆ Flight path angle [deg] ┆ Descent      ┆ PRED  ┆ 0.528   ┆ 0.681   ┆ NaN      ┆ NaN      ┆ 0.111   ┆ 0.855    ┆ 91986  │
│ A320     ┆ Heading [deg]           ┆ All phases   ┆ PRED  ┆ 1.824   ┆ 6.917   ┆ NaN      ┆ NaN      ┆ -0.002  ┆ 7.153    ┆ 478843 │
│ A320     ┆ Heading [deg]           ┆ Climb        ┆ PRED  ┆ 2.304   ┆ 7.282   ┆ NaN      ┆ NaN      ┆ 0.059   ┆ 7.638    ┆ 90018  │
│ A320     ┆ Heading [deg]           ┆ Level flight ┆ PRED  ┆ 1.519   ┆ 6.358   ┆ NaN      ┆ NaN      ┆ -0.022  ┆ 6.537    ┆ 296839 │
│ A320     ┆ Heading [deg]           ┆ Descent      ┆ PRED  ┆ 2.340   ┆ 8.117   ┆ NaN      ┆ NaN      ┆ 0.002   ┆ 8.448    ┆ 91986  │
│ A320     ┆ True airspeed [m/s]     ┆ All phases   ┆ PRED  ┆ 3.082   ┆ 8.224   ┆ 1.781    ┆ 6.367    ┆ 0.711   ┆ 8.753    ┆ 478843 │
│ A320     ┆ True airspeed [m/s]     ┆ Climb        ┆ PRED  ┆ 6.202   ┆ 15.507  ┆ 3.908    ┆ 11.583   ┆ 4.112   ┆ 16.187   ┆ 90018  │
│ A320     ┆ True airspeed [m/s]     ┆ Level flight ┆ PRED  ┆ 1.887   ┆ 4.250   ┆ 0.959    ┆ 4.154    ┆ -0.037  ┆ 4.650    ┆ 296839 │
│ A320     ┆ True airspeed [m/s]     ┆ Descent      ┆ PRED  ┆ 3.886   ┆ 6.607   ┆ 2.352    ┆ 4.134    ┆ -0.206  ┆ 7.663    ┆ 91986  │
└──────────┴─────────────────────────┴──────────────┴───────┴─────────┴─────────┴──────────┴──────────┴─────────┴──────────┴────────┘

$ uv run fdm evaluate --arch adsb --config results_run2/bs_128_seed1/config.yaml --model-name bs_128_seed1
