2026-05-15 18:53:34 [info     ] train_start                    arch=adsb device=cuda typecodes=['A320']
2026-05-15 18:53:34 [info     ] train_typecode                 typecode=A320
2026-05-15 18:53:34 [info     ] loading_data                   train_flights=1594 val_flights=247
2026-05-15 18:53:34 [warning  ] e1_column_missing              column=fdm_g_sin_gamma_ms2
2026-05-15 18:53:34 [warning  ] e1_column_missing              column=fdm_cos_gamma
2026-05-15 18:53:34 [warning  ] e1_column_missing              column=fdm_q_pa
2026-05-15 18:53:34 [warning  ] e1_column_missing              column=fdm_g_over_v
2026-05-15 18:53:34 [warning  ] e1_column_missing              column=fdm_lat_wind_ms
2026-05-15 18:53:34 [warning  ] e1_column_missing              column=fdm_drift_rad
2026-05-15 18:53:34 [warning  ] e1_column_missing              column=fdm_track_rad
2026-05-15 18:53:34 [warning  ] e1_column_missing              column=fdm_heading_diff_rad
2026-05-15 18:53:39 [warning  ] e1_column_missing              column=fdm_g_sin_gamma_ms2
2026-05-15 18:53:39 [warning  ] e1_column_missing              column=fdm_cos_gamma
2026-05-15 18:53:39 [warning  ] e1_column_missing              column=fdm_q_pa
2026-05-15 18:53:39 [warning  ] e1_column_missing              column=fdm_g_over_v
2026-05-15 18:53:39 [warning  ] e1_column_missing              column=fdm_lat_wind_ms
2026-05-15 18:53:39 [warning  ] e1_column_missing              column=fdm_drift_rad
2026-05-15 18:53:39 [warning  ] e1_column_missing              column=fdm_track_rad
2026-05-15 18:53:39 [warning  ] e1_column_missing              column=fdm_heading_diff_rad
2026-05-15 18:53:39 [info     ] data_loaded                    train_samples=23212 val_samples=3628
2026-05-15 18:53:55 [debug    ] meta_saved                     path=data/models/bs_128_seed1/meta.json
2026-05-15 18:53:55 [info     ] trainer_initialized            architecture=node_adsb_v1 device=cuda train_samples=23212 val_samples=3628
2026-05-15 18:53:55 [info     ] preloading_data_to_gpu
2026-05-15 18:53:55 [debug    ] epoch_start                    epoch=1 total_epochs=50
/data/common/dataiku/config/projects/NODEFDM/lib/python/.venv/lib/python3.12/site-packages/torch/_inductor/compile_fx.py:321: UserWarning: TensorFloat32 tensor cores for float32 matrix multiplication available but not enabled. Consider setting `torch.set_float32_matmul_precision('high')` for better performance.
  warnings.warn(
2026-05-15 18:54:19 [info     ] debug_magnitudes               norm_mean=['8568.283203', '-0.001322', '213.622833', '3.253931'] norm_std=['2269.236084', '0.038830', '32.838379', '1.246786'] ode_loss=1.181994
W0515 18:58:23.631000 410471 torch/_dynamo/convert_frame.py:1676] [0/8] torch._dynamo hit config.recompile_limit (8)
W0515 18:58:23.631000 410471 torch/_dynamo/convert_frame.py:1676] [0/8]    function: 'forward' (/data/common/dataiku/config/projects/NODEFDM/lib/python/packages/node-fdm/src/node_fdm/models/fdm.py:181)
W0515 18:58:23.631000 410471 torch/_dynamo/convert_frame.py:1676] [0/8]    last reason: 0/7: tensor 'self.history['raw_alt_m']' size mismatch at index 1. expected 1, actual 2
W0515 18:58:23.631000 410471 torch/_dynamo/convert_frame.py:1676] [0/8] To log all recompilation reasons, use TORCH_LOGS="recompiles".
W0515 18:58:23.631000 410471 torch/_dynamo/convert_frame.py:1676] [0/8] To diagnose recompilation issues, see https://pytorch.org/docs/main/compile/programming_model.recompilation.html
2026-05-15 18:58:24 [debug    ] meta_saved                     path=data/models/bs_128_seed1/meta.json
2026-05-15 18:58:24 [debug    ] model_saved                    epoch=1
2026-05-15 18:58:24 [info     ] epoch_complete                 epoch=1 is_best=True lr=0.000208 total_epochs=50 train_loss=0.269037 val_loss=0.122651
2026-05-15 18:58:24 [debug    ] epoch_start                    epoch=2 total_epochs=50
2026-05-15 19:01:19 [debug    ] meta_saved                     path=data/models/bs_128_seed1/meta.json
2026-05-15 19:01:19 [debug    ] model_saved                    epoch=2
2026-05-15 19:01:19 [info     ] epoch_complete                 epoch=2 is_best=True lr=0.00040600000000000087 total_epochs=50 train_loss=0.06919 val_loss=0.043445
2026-05-15 19:01:19 [debug    ] epoch_start                    epoch=3 total_epochs=50
2026-05-15 19:04:15 [debug    ] meta_saved                     path=data/models/bs_128_seed1/meta.json
2026-05-15 19:04:15 [debug    ] model_saved                    epoch=3
2026-05-15 19:04:15 [info     ] epoch_complete                 epoch=3 is_best=True lr=0.0006040000000000002 total_epochs=50 train_loss=0.043444 val_loss=0.036255
2026-05-15 19:04:15 [debug    ] epoch_start                    epoch=4 total_epochs=50
2026-05-15 19:07:14 [debug    ] meta_saved                     path=data/models/bs_128_seed1/meta.json
2026-05-15 19:07:14 [debug    ] model_saved                    epoch=4
2026-05-15 19:07:14 [info     ] epoch_complete                 epoch=4 is_best=True lr=0.0008020000000000004 total_epochs=50 train_loss=0.038268 val_loss=0.034795
2026-05-15 19:07:14 [debug    ] epoch_start                    epoch=5 total_epochs=50
2026-05-15 19:10:09 [debug    ] meta_saved                     path=data/models/bs_128_seed1/meta.json
2026-05-15 19:10:09 [debug    ] model_saved                    epoch=5
2026-05-15 19:10:09 [info     ] epoch_complete                 epoch=5 is_best=True lr=0.001 total_epochs=50 train_loss=0.036394 val_loss=0.032338
2026-05-15 19:10:09 [debug    ] epoch_start                    epoch=6 total_epochs=50
2026-05-15 19:13:06 [debug    ] meta_saved                     path=data/models/bs_128_seed1/meta.json
2026-05-15 19:13:06 [debug    ] model_saved                    epoch=6
2026-05-15 19:13:06 [info     ] epoch_complete                 epoch=6 is_best=True lr=0.0009780000000000014 total_epochs=50 train_loss=0.035252 val_loss=0.032241
2026-05-15 19:13:06 [debug    ] epoch_start                    epoch=7 total_epochs=50
2026-05-15 19:16:05 [debug    ] meta_saved                     path=data/models/bs_128_seed1/meta.json
2026-05-15 19:16:05 [debug    ] model_saved                    epoch=7
2026-05-15 19:16:05 [info     ] epoch_complete                 epoch=7 is_best=True lr=0.0009560000000000012 total_epochs=50 train_loss=0.034651 val_loss=0.03068
2026-05-15 19:16:05 [debug    ] epoch_start                    epoch=8 total_epochs=50
2026-05-15 19:19:02 [info     ] epoch_complete                 epoch=8 is_best=False lr=0.0009340000000000011 total_epochs=50 train_loss=0.033667 val_loss=0.031306
2026-05-15 19:19:02 [debug    ] epoch_start                    epoch=9 total_epochs=50
2026-05-15 19:22:01 [info     ] epoch_complete                 epoch=9 is_best=False lr=0.0009120000000000012 total_epochs=50 train_loss=0.062218 val_loss=0.057243
2026-05-15 19:22:01 [debug    ] epoch_start                    epoch=10 total_epochs=50
2026-05-15 19:25:01 [info     ] epoch_complete                 epoch=10 is_best=False lr=0.0008900000000000021 total_epochs=50 train_loss=0.046003 val_loss=0.03371
2026-05-15 19:25:01 [debug    ] epoch_start                    epoch=11 total_epochs=50
2026-05-15 19:27:59 [info     ] epoch_complete                 epoch=11 is_best=False lr=0.000868000000000003 total_epochs=50 train_loss=0.03972 val_loss=0.045632
2026-05-15 19:27:59 [debug    ] epoch_start                    epoch=12 total_epochs=50
2026-05-15 19:30:58 [info     ] epoch_complete                 epoch=12 is_best=False lr=0.0008460000000000041 total_epochs=50 train_loss=0.042299 val_loss=0.032416
2026-05-15 19:30:58 [debug    ] epoch_start                    epoch=13 total_epochs=50
2026-05-15 19:33:52 [info     ] epoch_complete                 epoch=13 is_best=False lr=0.0008240000000000053 total_epochs=50 train_loss=0.0348 val_loss=0.031124
2026-05-15 19:33:52 [debug    ] epoch_start                    epoch=14 total_epochs=50
2026-05-15 19:36:48 [info     ] epoch_complete                 epoch=14 is_best=False lr=0.0008020000000000067 total_epochs=50 train_loss=0.037135 val_loss=0.031483
2026-05-15 19:36:48 [debug    ] epoch_start                    epoch=15 total_epochs=50
2026-05-15 19:39:45 [info     ] epoch_complete                 epoch=15 is_best=False lr=0.0007800000000000081 total_epochs=50 train_loss=0.040964 val_loss=0.035338
2026-05-15 19:39:45 [debug    ] epoch_start                    epoch=16 total_epochs=50
2026-05-15 19:42:43 [info     ] epoch_complete                 epoch=16 is_best=False lr=0.0007580000000000095 total_epochs=50 train_loss=0.04122 val_loss=0.032885
2026-05-15 19:42:43 [debug    ] epoch_start                    epoch=17 total_epochs=50
2026-05-15 19:45:44 [info     ] epoch_complete                 epoch=17 is_best=False lr=0.000736000000000011 total_epochs=50 train_loss=0.035337 val_loss=0.03138
2026-05-15 19:45:44 [debug    ] epoch_start                    epoch=18 total_epochs=50
2026-05-15 19:48:42 [info     ] epoch_complete                 epoch=18 is_best=False lr=0.0007140000000000124 total_epochs=50 train_loss=0.034113 val_loss=0.031153
2026-05-15 19:48:42 [debug    ] epoch_start                    epoch=19 total_epochs=50
2026-05-15 19:51:38 [debug    ] meta_saved                     path=data/models/bs_128_seed1/meta.json
2026-05-15 19:51:38 [debug    ] model_saved                    epoch=19
2026-05-15 19:51:38 [info     ] epoch_complete                 epoch=19 is_best=True lr=0.0006920000000000138 total_epochs=50 train_loss=0.033699 val_loss=0.030543
2026-05-15 19:51:38 [debug    ] epoch_start                    epoch=20 total_epochs=50
2026-05-15 19:54:37 [debug    ] meta_saved                     path=data/models/bs_128_seed1/meta.json
2026-05-15 19:54:37 [debug    ] model_saved                    epoch=20
2026-05-15 19:54:37 [info     ] epoch_complete                 epoch=20 is_best=True lr=0.0006700000000000152 total_epochs=50 train_loss=0.033213 val_loss=0.030211
2026-05-15 19:54:37 [debug    ] epoch_start                    epoch=21 total_epochs=50
2026-05-15 19:57:35 [debug    ] meta_saved                     path=data/models/bs_128_seed1/meta.json
2026-05-15 19:57:35 [debug    ] model_saved                    epoch=21
2026-05-15 19:57:35 [info     ] epoch_complete                 epoch=21 is_best=True lr=0.0006480000000000166 total_epochs=50 train_loss=0.03301 val_loss=0.030131
2026-05-15 19:57:35 [debug    ] epoch_start                    epoch=22 total_epochs=50
2026-05-15 20:00:31 [info     ] epoch_complete                 epoch=22 is_best=False lr=0.000626000000000018 total_epochs=50 train_loss=0.038414 val_loss=0.032758
2026-05-15 20:00:31 [debug    ] epoch_start                    epoch=23 total_epochs=50
2026-05-15 20:03:29 [info     ] epoch_complete                 epoch=23 is_best=False lr=0.0006040000000000195 total_epochs=50 train_loss=0.034396 val_loss=0.030602
2026-05-15 20:03:29 [debug    ] epoch_start                    epoch=24 total_epochs=50
2026-05-15 20:06:28 [debug    ] meta_saved                     path=data/models/bs_128_seed1/meta.json
2026-05-15 20:06:28 [debug    ] model_saved                    epoch=24
2026-05-15 20:06:28 [info     ] epoch_complete                 epoch=24 is_best=True lr=0.0005820000000000209 total_epochs=50 train_loss=0.032812 val_loss=0.030107
2026-05-15 20:06:28 [debug    ] epoch_start                    epoch=25 total_epochs=50
2026-05-15 20:09:26 [debug    ] meta_saved                     path=data/models/bs_128_seed1/meta.json
2026-05-15 20:09:26 [debug    ] model_saved                    epoch=25
2026-05-15 20:09:26 [info     ] epoch_complete                 epoch=25 is_best=True lr=0.0005600000000000223 total_epochs=50 train_loss=0.032473 val_loss=0.029865
2026-05-15 20:09:26 [debug    ] epoch_start                    epoch=26 total_epochs=50
2026-05-15 20:12:24 [info     ] epoch_complete                 epoch=26 is_best=False lr=0.0005380000000000237 total_epochs=50 train_loss=0.038051 val_loss=0.03222
2026-05-15 20:12:24 [debug    ] epoch_start                    epoch=27 total_epochs=50
2026-05-15 20:15:22 [info     ] epoch_complete                 epoch=27 is_best=False lr=0.0005160000000000251 total_epochs=50 train_loss=0.034016 val_loss=0.030437
2026-05-15 20:15:22 [debug    ] epoch_start                    epoch=28 total_epochs=50
2026-05-15 20:18:18 [info     ] epoch_complete                 epoch=28 is_best=False lr=0.0004940000000000265 total_epochs=50 train_loss=0.032864 val_loss=0.030004
2026-05-15 20:18:18 [debug    ] epoch_start                    epoch=29 total_epochs=50
2026-05-15 20:21:12 [debug    ] meta_saved                     path=data/models/bs_128_seed1/meta.json
2026-05-15 20:21:12 [debug    ] model_saved                    epoch=29
2026-05-15 20:21:12 [info     ] epoch_complete                 epoch=29 is_best=True lr=0.00047200000000002616 total_epochs=50 train_loss=0.032394 val_loss=0.029658
2026-05-15 20:21:12 [debug    ] epoch_start                    epoch=30 total_epochs=50
2026-05-15 20:24:11 [info     ] epoch_complete                 epoch=30 is_best=False lr=0.00045000000000002476 total_epochs=50 train_loss=0.032193 val_loss=0.029662
2026-05-15 20:24:11 [debug    ] epoch_start                    epoch=31 total_epochs=50
2026-05-15 20:27:09 [info     ] epoch_complete                 epoch=31 is_best=False lr=0.0004280000000000241 total_epochs=50 train_loss=0.032168 val_loss=0.038542
2026-05-15 20:27:09 [debug    ] epoch_start                    epoch=32 total_epochs=50
2026-05-15 20:30:07 [debug    ] meta_saved                     path=data/models/bs_128_seed1/meta.json
2026-05-15 20:30:07 [debug    ] model_saved                    epoch=32
2026-05-15 20:30:07 [info     ] epoch_complete                 epoch=32 is_best=True lr=0.0004060000000000233 total_epochs=50 train_loss=0.033504 val_loss=0.029606
2026-05-15 20:30:07 [debug    ] epoch_start                    epoch=33 total_epochs=50
2026-05-15 20:33:06 [debug    ] meta_saved                     path=data/models/bs_128_seed1/meta.json
2026-05-15 20:33:06 [debug    ] model_saved                    epoch=33
2026-05-15 20:33:06 [info     ] epoch_complete                 epoch=33 is_best=True lr=0.0003840000000000225 total_epochs=50 train_loss=0.032047 val_loss=0.029545
2026-05-15 20:33:06 [debug    ] epoch_start                    epoch=34 total_epochs=50
2026-05-15 20:36:05 [info     ] epoch_complete                 epoch=34 is_best=False lr=0.0003620000000000219 total_epochs=50 train_loss=0.033069 val_loss=0.02961
2026-05-15 20:36:05 [debug    ] epoch_start                    epoch=35 total_epochs=50
2026-05-15 20:39:02 [debug    ] meta_saved                     path=data/models/bs_128_seed1/meta.json
2026-05-15 20:39:02 [debug    ] model_saved                    epoch=35
2026-05-15 20:39:02 [info     ] epoch_complete                 epoch=35 is_best=True lr=0.00034000000000002106 total_epochs=50 train_loss=0.032154 val_loss=0.029314
2026-05-15 20:39:02 [debug    ] epoch_start                    epoch=36 total_epochs=50
2026-05-15 20:42:02 [debug    ] meta_saved                     path=data/models/bs_128_seed1/meta.json
2026-05-15 20:42:02 [debug    ] model_saved                    epoch=36
2026-05-15 20:42:02 [info     ] epoch_complete                 epoch=36 is_best=True lr=0.0003180000000000207 total_epochs=50 train_loss=0.031802 val_loss=0.029007
2026-05-15 20:42:02 [debug    ] epoch_start                    epoch=37 total_epochs=50
2026-05-15 20:44:57 [info     ] epoch_complete                 epoch=37 is_best=False lr=0.0002960000000000202 total_epochs=50 train_loss=0.031608 val_loss=0.029179
2026-05-15 20:44:57 [debug    ] epoch_start                    epoch=38 total_epochs=50
2026-05-15 20:47:58 [info     ] epoch_complete                 epoch=38 is_best=False lr=0.0002740000000000199 total_epochs=50 train_loss=0.035013 val_loss=0.030843
2026-05-15 20:47:58 [debug    ] epoch_start                    epoch=39 total_epochs=50
2026-05-15 20:50:56 [info     ] epoch_complete                 epoch=39 is_best=False lr=0.0002520000000000196 total_epochs=50 train_loss=0.032661 val_loss=0.029509
2026-05-15 20:50:56 [debug    ] epoch_start                    epoch=40 total_epochs=50
2026-05-15 20:53:54 [info     ] epoch_complete                 epoch=40 is_best=False lr=0.00023000000000001863 total_epochs=50 train_loss=0.032009 val_loss=0.029035
2026-05-15 20:53:54 [debug    ] epoch_start                    epoch=41 total_epochs=50
2026-05-15 20:56:53 [info     ] epoch_complete                 epoch=41 is_best=False lr=0.00020800000000001674 total_epochs=50 train_loss=0.032085 val_loss=0.029466
2026-05-15 20:56:53 [debug    ] epoch_start                    epoch=42 total_epochs=50
2026-05-15 20:59:54 [info     ] epoch_complete                 epoch=42 is_best=False lr=0.00018600000000001458 total_epochs=50 train_loss=0.031736 val_loss=0.029281
2026-05-15 20:59:54 [debug    ] epoch_start                    epoch=43 total_epochs=50
2026-05-15 21:02:53 [info     ] epoch_complete                 epoch=43 is_best=False lr=0.00016400000000001252 total_epochs=50 train_loss=0.031549 val_loss=0.029106
2026-05-15 21:02:53 [debug    ] epoch_start                    epoch=44 total_epochs=50
2026-05-15 21:05:52 [info     ] epoch_complete                 epoch=44 is_best=False lr=0.00014200000000001072 total_epochs=50 train_loss=0.031482 val_loss=0.029168
2026-05-15 21:05:52 [debug    ] epoch_start                    epoch=45 total_epochs=50
2026-05-15 21:08:52 [info     ] epoch_complete                 epoch=45 is_best=False lr=0.00012000000000000884 total_epochs=50 train_loss=0.03147 val_loss=0.029085
2026-05-15 21:08:52 [debug    ] epoch_start                    epoch=46 total_epochs=50
2026-05-15 21:11:50 [debug    ] meta_saved                     path=data/models/bs_128_seed1/meta.json
2026-05-15 21:11:50 [debug    ] model_saved                    epoch=46
2026-05-15 21:11:50 [info     ] epoch_complete                 epoch=46 is_best=True lr=9.800000000000718e-05 total_epochs=50 train_loss=0.031364 val_loss=0.029
2026-05-15 21:11:50 [debug    ] epoch_start                    epoch=47 total_epochs=50
2026-05-15 21:14:49 [info     ] epoch_complete                 epoch=47 is_best=False lr=7.60000000000058e-05 total_epochs=50 train_loss=0.031381 val_loss=0.029687
2026-05-15 21:14:49 [debug    ] epoch_start                    epoch=48 total_epochs=50
2026-05-15 21:17:48 [info     ] epoch_complete                 epoch=48 is_best=False lr=5.400000000000429e-05 total_epochs=50 train_loss=0.031587 val_loss=0.029073
2026-05-15 21:17:48 [debug    ] epoch_start                    epoch=49 total_epochs=50
2026-05-15 21:20:48 [info     ] epoch_complete                 epoch=49 is_best=False lr=3.200000000000247e-05 total_epochs=50 train_loss=0.031389 val_loss=0.029028
2026-05-15 21:20:48 [debug    ] epoch_start                    epoch=50 total_epochs=50
2026-05-15 21:23:49 [info     ] epoch_complete                 epoch=50 is_best=False lr=1.000000000000079e-05 total_epochs=50 train_loss=0.031343 val_loss=0.029049
2026-05-15 21:23:49 [info     ] training_log_saved             path=data/models/bs_128_seed1/training_losses.csv
2026-05-15 21:23:49 [info     ] training_complete              best_val_loss=0.029
2026-05-15 21:23:49 [info     ] train_typecode_done            typecode=A320
2026-05-15 21:23:49 [info     ] train_done                     typecodes=['A320']

$ uv run fdm train --arch adsb --config results_run2/bs_128_seed1/config.yaml --model-name bs_128_seed1 --epochs 50 --batch-size 128 --lr 0.001 --method rk4 --seq-len 60 --train-limit 5000 --activation relu --seed 1 --backbone-depth 3 --head-depth 2 --hidden-width 48 --device cuda --no-use-mode-weights
