2026-05-13 20:53:08 [info     ] evaluate_start                 arch=adsb typecodes=['A320']
2026-05-13 20:53:08 [info     ] evaluate_typecode              flights=542 typecode=A320
2026-05-13 20:53:21 [info     ] evaluate_done                  output=data/model_performance/alpha_0.7_seed1/performance.parquet rows=16
shape: (16, 11)
┌──────────┬─────────────────────────┬──────────────┬───────┬─────────┬──────────┬──────────┬──────────┬─────────┬──────────┬────────┐
│ Aircraft ┆ Variable                ┆ Phase        ┆ Model ┆ MAE     ┆ MAE_std  ┆ MAPE (%) ┆ MAPE_std ┆ ME      ┆ ME_std   ┆ Count  │
│ ---      ┆ ---                     ┆ ---          ┆ ---   ┆ ---     ┆ ---      ┆ ---      ┆ ---      ┆ ---     ┆ ---      ┆ ---    │
│ str      ┆ str                     ┆ str          ┆ str   ┆ f64     ┆ f64      ┆ f64      ┆ f64      ┆ f64     ┆ f64      ┆ i64    │
╞══════════╪═════════════════════════╪══════════════╪═══════╪═════════╪══════════╪══════════╪══════════╪═════════╪══════════╪════════╡
│ A320     ┆ Altitude [m]            ┆ All phases   ┆ PRED  ┆ 272.598 ┆ 614.433  ┆ 5.807    ┆ 19.417   ┆ 134.552 ┆ 658.584  ┆ 478843 │
│ A320     ┆ Altitude [m]            ┆ Climb        ┆ PRED  ┆ 825.569 ┆ 1092.629 ┆ 18.398   ┆ 38.015   ┆ 655.476 ┆ 1202.395 ┆ 90018  │
│ A320     ┆ Altitude [m]            ┆ Level flight ┆ PRED  ┆ 81.650  ┆ 195.113  ┆ 1.054    ┆ 5.623    ┆ 4.633   ┆ 211.458  ┆ 296839 │
│ A320     ┆ Altitude [m]            ┆ Descent      ┆ PRED  ┆ 347.648 ┆ 501.584  ┆ 8.822    ┆ 14.468   ┆ 44.024  ┆ 608.694  ┆ 91986  │
│ A320     ┆ Flight path angle [deg] ┆ All phases   ┆ PRED  ┆ 0.283   ┆ 0.612    ┆ NaN      ┆ NaN      ┆ -0.062  ┆ 0.671    ┆ 478843 │
│ A320     ┆ Flight path angle [deg] ┆ Climb        ┆ PRED  ┆ 0.720   ┆ 0.968    ┆ NaN      ┆ NaN      ┆ -0.417  ┆ 1.132    ┆ 90018  │
│ A320     ┆ Flight path angle [deg] ┆ Level flight ┆ PRED  ┆ 0.078   ┆ 0.246    ┆ NaN      ┆ NaN      ┆ -0.010  ┆ 0.258    ┆ 296839 │
│ A320     ┆ Flight path angle [deg] ┆ Descent      ┆ PRED  ┆ 0.515   ┆ 0.677    ┆ NaN      ┆ NaN      ┆ 0.117   ┆ 0.842    ┆ 91986  │
│ A320     ┆ Heading [deg]           ┆ All phases   ┆ PRED  ┆ 1.816   ┆ 6.885    ┆ NaN      ┆ NaN      ┆ 0.101   ┆ 7.119    ┆ 478843 │
│ A320     ┆ Heading [deg]           ┆ Climb        ┆ PRED  ┆ 2.116   ┆ 6.916    ┆ NaN      ┆ NaN      ┆ -0.099  ┆ 7.232    ┆ 90018  │
│ A320     ┆ Heading [deg]           ┆ Level flight ┆ PRED  ┆ 1.579   ┆ 6.477    ┆ NaN      ┆ NaN      ┆ 0.185   ┆ 6.665    ┆ 296839 │
│ A320     ┆ Heading [deg]           ┆ Descent      ┆ PRED  ┆ 2.285   ┆ 8.003    ┆ NaN      ┆ NaN      ┆ 0.028   ┆ 8.322    ┆ 91986  │
│ A320     ┆ True airspeed [m/s]     ┆ All phases   ┆ PRED  ┆ 2.931   ┆ 7.208    ┆ 1.681    ┆ 5.762    ┆ 0.458   ┆ 7.767    ┆ 478843 │
│ A320     ┆ True airspeed [m/s]     ┆ Climb        ┆ PRED  ┆ 5.451   ┆ 12.430   ┆ 3.427    ┆ 9.806    ┆ 3.052   ┆ 13.225   ┆ 90018  │
│ A320     ┆ True airspeed [m/s]     ┆ Level flight ┆ PRED  ┆ 1.849   ┆ 4.270    ┆ 0.937    ┆ 4.145    ┆ -0.034  ┆ 4.653    ┆ 296839 │
│ A320     ┆ True airspeed [m/s]     ┆ Descent      ┆ PRED  ┆ 3.959   ┆ 7.024    ┆ 2.374    ┆ 4.244    ┆ -0.489  ┆ 8.048    ┆ 91986  │
└──────────┴─────────────────────────┴──────────────┴───────┴─────────┴──────────┴──────────┴──────────┴─────────┴──────────┴────────┘

$ uv run fdm evaluate --arch adsb --config results/alpha_0.7_seed1/config.yaml --model-name alpha_0.7_seed1
