2026-05-12 21:07:27 [info     ] evaluate_start                 arch=adsb typecodes=['A320']
2026-05-12 21:07:27 [info     ] evaluate_typecode              flights=542 typecode=A320
2026-05-12 21:07:40 [info     ] evaluate_done                  output=data/model_performance/baseline_seed1/performance.parquet rows=16
shape: (16, 11)
┌──────────┬─────────────────────────┬──────────────┬───────┬─────────┬──────────┬──────────┬──────────┬─────────┬──────────┬────────┐
│ Aircraft ┆ Variable                ┆ Phase        ┆ Model ┆ MAE     ┆ MAE_std  ┆ MAPE (%) ┆ MAPE_std ┆ ME      ┆ ME_std   ┆ Count  │
│ ---      ┆ ---                     ┆ ---          ┆ ---   ┆ ---     ┆ ---      ┆ ---      ┆ ---      ┆ ---     ┆ ---      ┆ ---    │
│ str      ┆ str                     ┆ str          ┆ str   ┆ f64     ┆ f64      ┆ f64      ┆ f64      ┆ f64     ┆ f64      ┆ i64    │
╞══════════╪═════════════════════════╪══════════════╪═══════╪═════════╪══════════╪══════════╪══════════╪═════════╪══════════╪════════╡
│ A320     ┆ Altitude [m]            ┆ All phases   ┆ PRED  ┆ 254.511 ┆ 602.989  ┆ 5.578    ┆ 19.108   ┆ 130.581 ┆ 641.343  ┆ 478843 │
│ A320     ┆ Altitude [m]            ┆ Climb        ┆ PRED  ┆ 804.947 ┆ 1067.244 ┆ 18.001   ┆ 37.328   ┆ 631.215 ┆ 1178.354 ┆ 90018  │
│ A320     ┆ Altitude [m]            ┆ Level flight ┆ PRED  ┆ 61.212  ┆ 184.852  ┆ 0.840    ┆ 5.513    ┆ -0.002  ┆ 194.723  ┆ 296839 │
│ A320     ┆ Altitude [m]            ┆ Descent      ┆ PRED  ┆ 339.628 ┆ 493.470  ┆ 8.708    ┆ 14.346   ┆ 62.048  ┆ 595.827  ┆ 91986  │
│ A320     ┆ Flight path angle [deg] ┆ All phases   ┆ PRED  ┆ 0.282   ┆ 0.612    ┆ NaN      ┆ NaN      ┆ -0.059  ┆ 0.672    ┆ 478843 │
│ A320     ┆ Flight path angle [deg] ┆ Climb        ┆ PRED  ┆ 0.716   ┆ 0.967    ┆ NaN      ┆ NaN      ┆ -0.413  ┆ 1.131    ┆ 90018  │
│ A320     ┆ Flight path angle [deg] ┆ Level flight ┆ PRED  ┆ 0.077   ┆ 0.249    ┆ NaN      ┆ NaN      ┆ -0.009  ┆ 0.260    ┆ 296839 │
│ A320     ┆ Flight path angle [deg] ┆ Descent      ┆ PRED  ┆ 0.519   ┆ 0.678    ┆ NaN      ┆ NaN      ┆ 0.127   ┆ 0.844    ┆ 91986  │
│ A320     ┆ Heading [deg]           ┆ All phases   ┆ PRED  ┆ 1.762   ┆ 6.891    ┆ NaN      ┆ NaN      ┆ 0.090   ┆ 7.112    ┆ 478843 │
│ A320     ┆ Heading [deg]           ┆ Climb        ┆ PRED  ┆ 2.064   ┆ 6.855    ┆ NaN      ┆ NaN      ┆ -0.127  ┆ 7.158    ┆ 90018  │
│ A320     ┆ Heading [deg]           ┆ Level flight ┆ PRED  ┆ 1.523   ┆ 6.501    ┆ NaN      ┆ NaN      ┆ 0.205   ┆ 6.674    ┆ 296839 │
│ A320     ┆ Heading [deg]           ┆ Descent      ┆ PRED  ┆ 2.240   ┆ 8.020    ┆ NaN      ┆ NaN      ┆ -0.068  ┆ 8.327    ┆ 91986  │
│ A320     ┆ True airspeed [m/s]     ┆ All phases   ┆ PRED  ┆ 2.922   ┆ 7.081    ┆ 1.683    ┆ 5.745    ┆ 0.473   ┆ 7.646    ┆ 478843 │
│ A320     ┆ True airspeed [m/s]     ┆ Climb        ┆ PRED  ┆ 5.348   ┆ 12.040   ┆ 3.359    ┆ 9.587    ┆ 2.903   ┆ 12.851   ┆ 90018  │
│ A320     ┆ True airspeed [m/s]     ┆ Level flight ┆ PRED  ┆ 1.857   ┆ 4.294    ┆ 0.947    ┆ 4.225    ┆ -0.009  ┆ 4.678    ┆ 296839 │
│ A320     ┆ True airspeed [m/s]     ┆ Descent      ┆ PRED  ┆ 3.987   ┆ 7.007    ┆ 2.415    ┆ 4.385    ┆ -0.348  ┆ 8.054    ┆ 91986  │
└──────────┴─────────────────────────┴──────────────┴───────┴─────────┴──────────┴──────────┴──────────┴─────────┴──────────┴────────┘

$ uv run fdm evaluate --arch adsb --config results/baseline_seed1/config.yaml --model-name baseline_seed1
