
$ uv run fdm train --arch adsb --config results/baseline_seed1/config.yaml --model-name baseline_seed1 --epochs 50 --batch-size 128 --lr 0.001 --method rk4 --seq-len 60 --train-limit 5000 --activation silu --seed 1 --device cuda --use-mode-weights --mode-weight-alpha 0.5
2026-05-12 16:19:18 [info     ] train_start                    arch=adsb device=cuda typecodes=['A320']
2026-05-12 16:19:18 [info     ] train_typecode                 typecode=A320
2026-05-12 16:19:18 [info     ] mode_weights_computed          alpha=0.5 bottom5_labels=[['ALT_MACH', 0.6206242276704164, 556092], ['ALT_UNK', 0.6891691293583678, 450975], ['TURN', 0.8913340435092099, 269602], ['UNKVERT_MACH', 0.9861637175043825, 220245], ['ALT_CAS', 1.0707556265239335, 186820]] imbalance_ratio=40.174252275682704 n_labels=13 top5_labels=[['VZ_CAS', 3.9337125975553753, 13842], ['VZ_UNK', 2.533593642654822, 33368], ['GAMMA_CAS', 2.453056495492336, 35595], ['VZ_MACH', 2.0015537788607305, 53465], ['UNKVERT_CAS', 1.936559122733483, 57114]] weight_ratio_max_over_min=6.33831620193271
2026-05-12 16:19:19 [info     ] loading_data                   train_flights=1594 val_flights=247
2026-05-12 16:19:19 [warning  ] e1_column_missing              column=fdm_g_sin_gamma_ms2
2026-05-12 16:19:19 [warning  ] e1_column_missing              column=fdm_cos_gamma
2026-05-12 16:19:19 [warning  ] e1_column_missing              column=fdm_q_pa
2026-05-12 16:19:19 [warning  ] e1_column_missing              column=fdm_g_over_v
2026-05-12 16:19:19 [warning  ] e1_column_missing              column=fdm_lat_wind_ms
2026-05-12 16:19:19 [warning  ] e1_column_missing              column=fdm_drift_rad
2026-05-12 16:19:19 [warning  ] e1_column_missing              column=fdm_track_rad
2026-05-12 16:19:19 [warning  ] e1_column_missing              column=fdm_heading_diff_rad
2026-05-12 16:19:37 [warning  ] e1_column_missing              column=fdm_g_sin_gamma_ms2
2026-05-12 16:19:37 [warning  ] e1_column_missing              column=fdm_cos_gamma
2026-05-12 16:19:37 [warning  ] e1_column_missing              column=fdm_q_pa
2026-05-12 16:19:37 [warning  ] e1_column_missing              column=fdm_g_over_v
2026-05-12 16:19:37 [warning  ] e1_column_missing              column=fdm_lat_wind_ms
2026-05-12 16:19:37 [warning  ] e1_column_missing              column=fdm_drift_rad
2026-05-12 16:19:37 [warning  ] e1_column_missing              column=fdm_track_rad
2026-05-12 16:19:37 [warning  ] e1_column_missing              column=fdm_heading_diff_rad
2026-05-12 16:19:39 [info     ] data_loaded                    train_samples=23212 val_samples=3628
2026-05-12 16:19:56 [debug    ] meta_saved                     path=data/models/baseline_seed1/meta.json
2026-05-12 16:19:56 [info     ] trainer_initialized            architecture=node_adsb_v1 device=cuda train_samples=23212 val_samples=3628
2026-05-12 16:19:56 [info     ] preloading_data_to_gpu
2026-05-12 16:19:56 [debug    ] epoch_start                    epoch=1 total_epochs=50
/data/common/dataiku/config/projects/NODEFDM/lib/python/.venv/lib/python3.12/site-packages/torch/_inductor/compile_fx.py:321: UserWarning: TensorFloat32 tensor cores for float32 matrix multiplication available but not enabled. Consider setting `torch.set_float32_matmul_precision('high')` for better performance.
  warnings.warn(
2026-05-12 16:20:24 [info     ] debug_magnitudes               norm_mean=['8568.283203', '-0.001322', '213.622833', '3.253931'] norm_std=['2269.236084', '0.038830', '32.838379', '1.246786'] ode_loss=1.181994
W0512 16:24:51.653000 3804679 torch/_dynamo/convert_frame.py:1676] [0/8] torch._dynamo hit config.recompile_limit (8)
W0512 16:24:51.653000 3804679 torch/_dynamo/convert_frame.py:1676] [0/8]    function: 'forward' (/data/common/dataiku/config/projects/NODEFDM/lib/python/packages/node-fdm/src/node_fdm/models/fdm.py:181)
W0512 16:24:51.653000 3804679 torch/_dynamo/convert_frame.py:1676] [0/8]    last reason: 0/7: tensor 'self.history['raw_alt_m']' size mismatch at index 1. expected 1, actual 2
W0512 16:24:51.653000 3804679 torch/_dynamo/convert_frame.py:1676] [0/8] To log all recompilation reasons, use TORCH_LOGS="recompiles".
W0512 16:24:51.653000 3804679 torch/_dynamo/convert_frame.py:1676] [0/8] To diagnose recompilation issues, see https://pytorch.org/docs/main/compile/programming_model.recompilation.html
2026-05-12 16:24:52 [debug    ] meta_saved                     path=data/models/baseline_seed1/meta.json
2026-05-12 16:24:52 [debug    ] model_saved                    epoch=1
2026-05-12 16:24:52 [info     ] epoch_complete                 epoch=1 is_best=True lr=0.000208 total_epochs=50 train_loss=0.344259 val_loss=0.148894
2026-05-12 16:24:52 [debug    ] epoch_start                    epoch=2 total_epochs=50
2026-05-12 16:28:19 [debug    ] meta_saved                     path=data/models/baseline_seed1/meta.json
2026-05-12 16:28:19 [debug    ] model_saved                    epoch=2
2026-05-12 16:28:19 [info     ] epoch_complete                 epoch=2 is_best=True lr=0.00040600000000000087 total_epochs=50 train_loss=0.094372 val_loss=0.069198
2026-05-12 16:28:19 [debug    ] epoch_start                    epoch=3 total_epochs=50
2026-05-12 16:31:47 [debug    ] meta_saved                     path=data/models/baseline_seed1/meta.json
2026-05-12 16:31:47 [debug    ] model_saved                    epoch=3
2026-05-12 16:31:47 [info     ] epoch_complete                 epoch=3 is_best=True lr=0.0006040000000000002 total_epochs=50 train_loss=0.066419 val_loss=0.047431
2026-05-12 16:31:47 [debug    ] epoch_start                    epoch=4 total_epochs=50
2026-05-12 16:35:17 [debug    ] meta_saved                     path=data/models/baseline_seed1/meta.json
2026-05-12 16:35:17 [debug    ] model_saved                    epoch=4
2026-05-12 16:35:17 [info     ] epoch_complete                 epoch=4 is_best=True lr=0.0008020000000000004 total_epochs=50 train_loss=0.048999 val_loss=0.041111
2026-05-12 16:35:17 [debug    ] epoch_start                    epoch=5 total_epochs=50
2026-05-12 16:38:46 [debug    ] meta_saved                     path=data/models/baseline_seed1/meta.json
2026-05-12 16:38:46 [debug    ] model_saved                    epoch=5
2026-05-12 16:38:46 [info     ] epoch_complete                 epoch=5 is_best=True lr=0.001 total_epochs=50 train_loss=0.045126 val_loss=0.039726
2026-05-12 16:38:46 [debug    ] epoch_start                    epoch=6 total_epochs=50
2026-05-12 16:42:12 [debug    ] meta_saved                     path=data/models/baseline_seed1/meta.json
2026-05-12 16:42:12 [debug    ] model_saved                    epoch=6
2026-05-12 16:42:12 [info     ] epoch_complete                 epoch=6 is_best=True lr=0.0009780000000000014 total_epochs=50 train_loss=0.043935 val_loss=0.038467
2026-05-12 16:42:12 [debug    ] epoch_start                    epoch=7 total_epochs=50
2026-05-12 16:45:40 [debug    ] meta_saved                     path=data/models/baseline_seed1/meta.json
2026-05-12 16:45:40 [debug    ] model_saved                    epoch=7
2026-05-12 16:45:40 [info     ] epoch_complete                 epoch=7 is_best=True lr=0.0009560000000000012 total_epochs=50 train_loss=0.042644 val_loss=0.037386
2026-05-12 16:45:40 [debug    ] epoch_start                    epoch=8 total_epochs=50
2026-05-12 16:49:06 [info     ] epoch_complete                 epoch=8 is_best=False lr=0.0009340000000000011 total_epochs=50 train_loss=0.042213 val_loss=0.037491
2026-05-12 16:49:06 [debug    ] epoch_start                    epoch=9 total_epochs=50
2026-05-12 16:52:33 [debug    ] meta_saved                     path=data/models/baseline_seed1/meta.json
2026-05-12 16:52:33 [debug    ] model_saved                    epoch=9
2026-05-12 16:52:33 [info     ] epoch_complete                 epoch=9 is_best=True lr=0.0009120000000000012 total_epochs=50 train_loss=0.041381 val_loss=0.036884
2026-05-12 16:52:33 [debug    ] epoch_start                    epoch=10 total_epochs=50
2026-05-12 16:55:59 [debug    ] meta_saved                     path=data/models/baseline_seed1/meta.json
2026-05-12 16:55:59 [debug    ] model_saved                    epoch=10
2026-05-12 16:55:59 [info     ] epoch_complete                 epoch=10 is_best=True lr=0.0008900000000000021 total_epochs=50 train_loss=0.040744 val_loss=0.036038
2026-05-12 16:55:59 [debug    ] epoch_start                    epoch=11 total_epochs=50
2026-05-12 16:59:26 [info     ] epoch_complete                 epoch=11 is_best=False lr=0.000868000000000003 total_epochs=50 train_loss=0.040198 val_loss=0.036045
2026-05-12 16:59:26 [debug    ] epoch_start                    epoch=12 total_epochs=50
2026-05-12 17:02:51 [debug    ] meta_saved                     path=data/models/baseline_seed1/meta.json
2026-05-12 17:02:51 [debug    ] model_saved                    epoch=12
2026-05-12 17:02:51 [info     ] epoch_complete                 epoch=12 is_best=True lr=0.0008460000000000041 total_epochs=50 train_loss=0.039733 val_loss=0.035321
2026-05-12 17:02:51 [debug    ] epoch_start                    epoch=13 total_epochs=50
2026-05-12 17:06:16 [info     ] epoch_complete                 epoch=13 is_best=False lr=0.0008240000000000053 total_epochs=50 train_loss=0.039591 val_loss=0.035929
2026-05-12 17:06:16 [debug    ] epoch_start                    epoch=14 total_epochs=50
2026-05-12 17:09:41 [debug    ] meta_saved                     path=data/models/baseline_seed1/meta.json
2026-05-12 17:09:41 [debug    ] model_saved                    epoch=14
2026-05-12 17:09:41 [info     ] epoch_complete                 epoch=14 is_best=True lr=0.0008020000000000067 total_epochs=50 train_loss=0.039065 val_loss=0.035236
2026-05-12 17:09:41 [debug    ] epoch_start                    epoch=15 total_epochs=50
2026-05-12 17:13:06 [info     ] epoch_complete                 epoch=15 is_best=False lr=0.0007800000000000081 total_epochs=50 train_loss=0.039068 val_loss=0.035537
2026-05-12 17:13:06 [debug    ] epoch_start                    epoch=16 total_epochs=50
2026-05-12 17:16:33 [debug    ] meta_saved                     path=data/models/baseline_seed1/meta.json
2026-05-12 17:16:33 [debug    ] model_saved                    epoch=16
2026-05-12 17:16:33 [info     ] epoch_complete                 epoch=16 is_best=True lr=0.0007580000000000095 total_epochs=50 train_loss=0.038663 val_loss=0.034789
2026-05-12 17:16:33 [debug    ] epoch_start                    epoch=17 total_epochs=50
2026-05-12 17:19:59 [info     ] epoch_complete                 epoch=17 is_best=False lr=0.000736000000000011 total_epochs=50 train_loss=0.038353 val_loss=0.03488
2026-05-12 17:19:59 [debug    ] epoch_start                    epoch=18 total_epochs=50
2026-05-12 17:23:23 [debug    ] meta_saved                     path=data/models/baseline_seed1/meta.json
2026-05-12 17:23:23 [debug    ] model_saved                    epoch=18
2026-05-12 17:23:23 [info     ] epoch_complete                 epoch=18 is_best=True lr=0.0007140000000000124 total_epochs=50 train_loss=0.038283 val_loss=0.034705
2026-05-12 17:23:23 [debug    ] epoch_start                    epoch=19 total_epochs=50
2026-05-12 17:26:50 [debug    ] meta_saved                     path=data/models/baseline_seed1/meta.json
2026-05-12 17:26:50 [debug    ] model_saved                    epoch=19
2026-05-12 17:26:50 [info     ] epoch_complete                 epoch=19 is_best=True lr=0.0006920000000000138 total_epochs=50 train_loss=0.038362 val_loss=0.034547
2026-05-12 17:26:50 [debug    ] epoch_start                    epoch=20 total_epochs=50
2026-05-12 17:30:16 [info     ] epoch_complete                 epoch=20 is_best=False lr=0.0006700000000000152 total_epochs=50 train_loss=0.038079 val_loss=0.035126
2026-05-12 17:30:16 [debug    ] epoch_start                    epoch=21 total_epochs=50
2026-05-12 17:33:41 [info     ] epoch_complete                 epoch=21 is_best=False lr=0.0006480000000000166 total_epochs=50 train_loss=0.038216 val_loss=0.0351
2026-05-12 17:33:41 [debug    ] epoch_start                    epoch=22 total_epochs=50
2026-05-12 17:37:07 [info     ] epoch_complete                 epoch=22 is_best=False lr=0.000626000000000018 total_epochs=50 train_loss=0.038074 val_loss=0.03486
2026-05-12 17:37:07 [debug    ] epoch_start                    epoch=23 total_epochs=50
2026-05-12 17:40:33 [debug    ] meta_saved                     path=data/models/baseline_seed1/meta.json
2026-05-12 17:40:33 [debug    ] model_saved                    epoch=23
2026-05-12 17:40:33 [info     ] epoch_complete                 epoch=23 is_best=True lr=0.0006040000000000195 total_epochs=50 train_loss=0.037882 val_loss=0.034441
2026-05-12 17:40:33 [debug    ] epoch_start                    epoch=24 total_epochs=50
2026-05-12 17:44:00 [debug    ] meta_saved                     path=data/models/baseline_seed1/meta.json
2026-05-12 17:44:00 [debug    ] model_saved                    epoch=24
2026-05-12 17:44:00 [info     ] epoch_complete                 epoch=24 is_best=True lr=0.0005820000000000209 total_epochs=50 train_loss=0.03773 val_loss=0.034234
2026-05-12 17:44:00 [debug    ] epoch_start                    epoch=25 total_epochs=50
2026-05-12 17:47:24 [info     ] epoch_complete                 epoch=25 is_best=False lr=0.0005600000000000223 total_epochs=50 train_loss=0.03748 val_loss=0.034277
2026-05-12 17:47:24 [debug    ] epoch_start                    epoch=26 total_epochs=50
2026-05-12 17:50:49 [debug    ] meta_saved                     path=data/models/baseline_seed1/meta.json
2026-05-12 17:50:49 [debug    ] model_saved                    epoch=26
2026-05-12 17:50:49 [info     ] epoch_complete                 epoch=26 is_best=True lr=0.0005380000000000237 total_epochs=50 train_loss=0.037595 val_loss=0.034233
2026-05-12 17:50:49 [debug    ] epoch_start                    epoch=27 total_epochs=50
2026-05-12 17:54:14 [info     ] epoch_complete                 epoch=27 is_best=False lr=0.0005160000000000251 total_epochs=50 train_loss=0.03752 val_loss=0.034801
2026-05-12 17:54:14 [debug    ] epoch_start                    epoch=28 total_epochs=50
2026-05-12 17:57:40 [debug    ] meta_saved                     path=data/models/baseline_seed1/meta.json
2026-05-12 17:57:40 [debug    ] model_saved                    epoch=28
2026-05-12 17:57:40 [info     ] epoch_complete                 epoch=28 is_best=True lr=0.0004940000000000265 total_epochs=50 train_loss=0.037362 val_loss=0.033926
2026-05-12 17:57:40 [debug    ] epoch_start                    epoch=29 total_epochs=50
2026-05-12 18:01:07 [debug    ] meta_saved                     path=data/models/baseline_seed1/meta.json
2026-05-12 18:01:07 [debug    ] model_saved                    epoch=29
2026-05-12 18:01:07 [info     ] epoch_complete                 epoch=29 is_best=True lr=0.00047200000000002616 total_epochs=50 train_loss=0.037361 val_loss=0.033888
2026-05-12 18:01:07 [debug    ] epoch_start                    epoch=30 total_epochs=50
2026-05-12 18:04:33 [debug    ] meta_saved                     path=data/models/baseline_seed1/meta.json
2026-05-12 18:04:33 [debug    ] model_saved                    epoch=30
2026-05-12 18:04:33 [info     ] epoch_complete                 epoch=30 is_best=True lr=0.00045000000000002476 total_epochs=50 train_loss=0.037256 val_loss=0.033696
2026-05-12 18:04:33 [debug    ] epoch_start                    epoch=31 total_epochs=50
2026-05-12 18:07:58 [info     ] epoch_complete                 epoch=31 is_best=False lr=0.0004280000000000241 total_epochs=50 train_loss=0.037095 val_loss=0.034186
2026-05-12 18:07:58 [debug    ] epoch_start                    epoch=32 total_epochs=50
2026-05-12 18:11:24 [info     ] epoch_complete                 epoch=32 is_best=False lr=0.0004060000000000233 total_epochs=50 train_loss=0.03714 val_loss=0.033823
2026-05-12 18:11:24 [debug    ] epoch_start                    epoch=33 total_epochs=50
2026-05-12 18:14:50 [debug    ] meta_saved                     path=data/models/baseline_seed1/meta.json
2026-05-12 18:14:50 [debug    ] model_saved                    epoch=33
2026-05-12 18:14:50 [info     ] epoch_complete                 epoch=33 is_best=True lr=0.0003840000000000225 total_epochs=50 train_loss=0.036879 val_loss=0.033433
2026-05-12 18:14:50 [debug    ] epoch_start                    epoch=34 total_epochs=50
2026-05-12 18:18:15 [info     ] epoch_complete                 epoch=34 is_best=False lr=0.0003620000000000219 total_epochs=50 train_loss=0.036932 val_loss=0.03363
2026-05-12 18:18:15 [debug    ] epoch_start                    epoch=35 total_epochs=50
2026-05-12 18:21:40 [info     ] epoch_complete                 epoch=35 is_best=False lr=0.00034000000000002106 total_epochs=50 train_loss=0.037477 val_loss=0.036921
2026-05-12 18:21:40 [debug    ] epoch_start                    epoch=36 total_epochs=50
2026-05-12 18:25:05 [debug    ] meta_saved                     path=data/models/baseline_seed1/meta.json
2026-05-12 18:25:05 [debug    ] model_saved                    epoch=36
2026-05-12 18:25:05 [info     ] epoch_complete                 epoch=36 is_best=True lr=0.0003180000000000207 total_epochs=50 train_loss=0.037531 val_loss=0.033305
2026-05-12 18:25:05 [debug    ] epoch_start                    epoch=37 total_epochs=50
2026-05-12 18:28:30 [debug    ] meta_saved                     path=data/models/baseline_seed1/meta.json
2026-05-12 18:28:30 [debug    ] model_saved                    epoch=37
2026-05-12 18:28:30 [info     ] epoch_complete                 epoch=37 is_best=True lr=0.0002960000000000202 total_epochs=50 train_loss=0.036613 val_loss=0.033243
2026-05-12 18:28:30 [debug    ] epoch_start                    epoch=38 total_epochs=50
2026-05-12 18:31:57 [debug    ] meta_saved                     path=data/models/baseline_seed1/meta.json
2026-05-12 18:31:57 [debug    ] model_saved                    epoch=38
2026-05-12 18:31:57 [info     ] epoch_complete                 epoch=38 is_best=True lr=0.0002740000000000199 total_epochs=50 train_loss=0.036646 val_loss=0.033086
2026-05-12 18:31:57 [debug    ] epoch_start                    epoch=39 total_epochs=50
2026-05-12 18:35:21 [info     ] epoch_complete                 epoch=39 is_best=False lr=0.0002520000000000196 total_epochs=50 train_loss=0.036512 val_loss=0.033268
2026-05-12 18:35:21 [debug    ] epoch_start                    epoch=40 total_epochs=50
2026-05-12 18:38:47 [info     ] epoch_complete                 epoch=40 is_best=False lr=0.00023000000000001863 total_epochs=50 train_loss=0.037647 val_loss=0.033239
2026-05-12 18:38:47 [debug    ] epoch_start                    epoch=41 total_epochs=50
2026-05-12 18:42:13 [info     ] epoch_complete                 epoch=41 is_best=False lr=0.00020800000000001674 total_epochs=50 train_loss=0.036407 val_loss=0.033237
2026-05-12 18:42:13 [debug    ] epoch_start                    epoch=42 total_epochs=50
2026-05-12 18:45:37 [debug    ] meta_saved                     path=data/models/baseline_seed1/meta.json
2026-05-12 18:45:37 [debug    ] model_saved                    epoch=42
2026-05-12 18:45:37 [info     ] epoch_complete                 epoch=42 is_best=True lr=0.00018600000000001458 total_epochs=50 train_loss=0.036295 val_loss=0.033037
2026-05-12 18:45:37 [debug    ] epoch_start                    epoch=43 total_epochs=50
2026-05-12 18:49:04 [info     ] epoch_complete                 epoch=43 is_best=False lr=0.00016400000000001252 total_epochs=50 train_loss=0.036266 val_loss=0.033249
2026-05-12 18:49:04 [debug    ] epoch_start                    epoch=44 total_epochs=50
2026-05-12 18:52:30 [info     ] epoch_complete                 epoch=44 is_best=False lr=0.00014200000000001072 total_epochs=50 train_loss=0.036203 val_loss=0.03308
2026-05-12 18:52:30 [debug    ] epoch_start                    epoch=45 total_epochs=50
2026-05-12 18:55:55 [info     ] epoch_complete                 epoch=45 is_best=False lr=0.00012000000000000884 total_epochs=50 train_loss=0.036195 val_loss=0.03312
2026-05-12 18:55:55 [debug    ] epoch_start                    epoch=46 total_epochs=50
2026-05-12 18:59:19 [debug    ] meta_saved                     path=data/models/baseline_seed1/meta.json
2026-05-12 18:59:19 [debug    ] model_saved                    epoch=46
2026-05-12 18:59:19 [info     ] epoch_complete                 epoch=46 is_best=True lr=9.800000000000718e-05 total_epochs=50 train_loss=0.036108 val_loss=0.032945
2026-05-12 18:59:19 [debug    ] epoch_start                    epoch=47 total_epochs=50
2026-05-12 19:02:46 [debug    ] meta_saved                     path=data/models/baseline_seed1/meta.json
2026-05-12 19:02:46 [debug    ] model_saved                    epoch=47
2026-05-12 19:02:46 [info     ] epoch_complete                 epoch=47 is_best=True lr=7.60000000000058e-05 total_epochs=50 train_loss=0.035947 val_loss=0.032877
2026-05-12 19:02:46 [debug    ] epoch_start                    epoch=48 total_epochs=50
2026-05-12 19:06:10 [info     ] epoch_complete                 epoch=48 is_best=False lr=5.400000000000429e-05 total_epochs=50 train_loss=0.036002 val_loss=0.032929
2026-05-12 19:06:10 [debug    ] epoch_start                    epoch=49 total_epochs=50
2026-05-12 19:09:35 [info     ] epoch_complete                 epoch=49 is_best=False lr=3.200000000000247e-05 total_epochs=50 train_loss=0.036045 val_loss=0.032905
2026-05-12 19:09:35 [debug    ] epoch_start                    epoch=50 total_epochs=50
2026-05-12 19:12:39 [debug    ] meta_saved                     path=data/models/baseline_seed1/meta.json
2026-05-12 19:12:39 [debug    ] model_saved                    epoch=50
2026-05-12 19:12:39 [info     ] epoch_complete                 epoch=50 is_best=True lr=1.000000000000079e-05 total_epochs=50 train_loss=0.035945 val_loss=0.032813
2026-05-12 19:12:39 [info     ] training_log_saved             path=data/models/baseline_seed1/training_losses.csv
2026-05-12 19:12:39 [info     ] training_complete              best_val_loss=0.032813
2026-05-12 19:12:39 [info     ] train_typecode_done            typecode=A320
2026-05-12 19:12:39 [info     ] train_done                     typecodes=['A320']

$ uv run fdm train --arch adsb --config results/baseline_seed1/config.yaml --model-name baseline_seed1 --epochs 50 --batch-size 128 --lr 0.001 --method rk4 --seq-len 60 --train-limit 5000 --activation silu --seed 1 --device cuda --use-mode-weights --mode-weight-alpha 0.5
