2026-05-16 06:27:04 [info     ] evaluate_start                 arch=adsb typecodes=['A320']
2026-05-16 06:27:04 [info     ] evaluate_typecode              flights=542 typecode=A320
2026-05-16 06:27:16 [info     ] evaluate_done                  output=data/model_performance/lr_1.5e-3_seed0/performance.parquet rows=16
shape: (16, 11)
┌──────────┬─────────────────────────┬──────────────┬───────┬─────────┬──────────┬──────────┬──────────┬─────────┬──────────┬────────┐
│ Aircraft ┆ Variable                ┆ Phase        ┆ Model ┆ MAE     ┆ MAE_std  ┆ MAPE (%) ┆ MAPE_std ┆ ME      ┆ ME_std   ┆ Count  │
│ ---      ┆ ---                     ┆ ---          ┆ ---   ┆ ---     ┆ ---      ┆ ---      ┆ ---      ┆ ---     ┆ ---      ┆ ---    │
│ str      ┆ str                     ┆ str          ┆ str   ┆ f64     ┆ f64      ┆ f64      ┆ f64      ┆ f64     ┆ f64      ┆ i64    │
╞══════════╪═════════════════════════╪══════════════╪═══════╪═════════╪══════════╪══════════╪══════════╪═════════╪══════════╪════════╡
│ A320     ┆ Altitude [m]            ┆ All phases   ┆ PRED  ┆ 262.754 ┆ 619.169  ┆ 5.641    ┆ 19.452   ┆ 72.850  ┆ 668.658  ┆ 478843 │
│ A320     ┆ Altitude [m]            ┆ Climb        ┆ PRED  ┆ 821.533 ┆ 1101.270 ┆ 18.413   ┆ 38.550   ┆ 570.316 ┆ 1249.981 ┆ 90018  │
│ A320     ┆ Altitude [m]            ┆ Level flight ┆ PRED  ┆ 67.117  ┆ 182.104  ┆ 0.904    ┆ 5.519    ┆ -27.726 ┆ 192.088  ┆ 296839 │
│ A320     ┆ Altitude [m]            ┆ Descent      ┆ PRED  ┆ 347.253 ┆ 515.377  ┆ 8.428    ┆ 13.316   ┆ -89.417 ┆ 614.982  ┆ 91986  │
│ A320     ┆ Flight path angle [deg] ┆ All phases   ┆ PRED  ┆ 0.288   ┆ 0.615    ┆ NaN      ┆ NaN      ┆ -0.057  ┆ 0.677    ┆ 478843 │
│ A320     ┆ Flight path angle [deg] ┆ Climb        ┆ PRED  ┆ 0.726   ┆ 0.967    ┆ NaN      ┆ NaN      ┆ -0.412  ┆ 1.137    ┆ 90018  │
│ A320     ┆ Flight path angle [deg] ┆ Level flight ┆ PRED  ┆ 0.080   ┆ 0.253    ┆ NaN      ┆ NaN      ┆ 0.002   ┆ 0.266    ┆ 296839 │
│ A320     ┆ Flight path angle [deg] ┆ Descent      ┆ PRED  ┆ 0.528   ┆ 0.681    ┆ NaN      ┆ NaN      ┆ 0.100   ┆ 0.856    ┆ 91986  │
│ A320     ┆ Heading [deg]           ┆ All phases   ┆ PRED  ┆ 1.680   ┆ 6.717    ┆ NaN      ┆ NaN      ┆ 0.091   ┆ 6.923    ┆ 478843 │
│ A320     ┆ Heading [deg]           ┆ Climb        ┆ PRED  ┆ 2.121   ┆ 6.917    ┆ NaN      ┆ NaN      ┆ -0.059  ┆ 7.234    ┆ 90018  │
│ A320     ┆ Heading [deg]           ┆ Level flight ┆ PRED  ┆ 1.380   ┆ 6.221    ┆ NaN      ┆ NaN      ┆ 0.148   ┆ 6.371    ┆ 296839 │
│ A320     ┆ Heading [deg]           ┆ Descent      ┆ PRED  ┆ 2.216   ┆ 7.898    ┆ NaN      ┆ NaN      ┆ 0.054   ┆ 8.203    ┆ 91986  │
│ A320     ┆ True airspeed [m/s]     ┆ All phases   ┆ PRED  ┆ 3.056   ┆ 7.450    ┆ 1.743    ┆ 5.794    ┆ -0.044  ┆ 8.052    ┆ 478843 │
│ A320     ┆ True airspeed [m/s]     ┆ Climb        ┆ PRED  ┆ 5.685   ┆ 13.060   ┆ 3.548    ┆ 10.061   ┆ 2.593   ┆ 14.005   ┆ 90018  │
│ A320     ┆ True airspeed [m/s]     ┆ Level flight ┆ PRED  ┆ 1.917   ┆ 4.269    ┆ 0.968    ┆ 4.048    ┆ -0.346  ┆ 4.667    ┆ 296839 │
│ A320     ┆ True airspeed [m/s]     ┆ Descent      ┆ PRED  ┆ 4.158   ┆ 7.143    ┆ 2.476    ┆ 4.140    ┆ -1.647  ┆ 8.099    ┆ 91986  │
└──────────┴─────────────────────────┴──────────────┴───────┴─────────┴──────────┴──────────┴──────────┴─────────┴──────────┴────────┘

$ uv run fdm evaluate --arch adsb --config results_run2/lr_1.5e-3_seed0/config.yaml --model-name lr_1.5e-3_seed0
