2026-05-15 23:21:14 [info     ] train_start                    arch=adsb device=cuda typecodes=['A320']
2026-05-15 23:21:14 [info     ] train_typecode                 typecode=A320
2026-05-15 23:21:14 [info     ] loading_data                   train_flights=1594 val_flights=247
2026-05-15 23:21:14 [warning  ] e1_column_missing              column=fdm_g_sin_gamma_ms2
2026-05-15 23:21:14 [warning  ] e1_column_missing              column=fdm_cos_gamma
2026-05-15 23:21:14 [warning  ] e1_column_missing              column=fdm_q_pa
2026-05-15 23:21:14 [warning  ] e1_column_missing              column=fdm_g_over_v
2026-05-15 23:21:14 [warning  ] e1_column_missing              column=fdm_lat_wind_ms
2026-05-15 23:21:14 [warning  ] e1_column_missing              column=fdm_drift_rad
2026-05-15 23:21:14 [warning  ] e1_column_missing              column=fdm_track_rad
2026-05-15 23:21:14 [warning  ] e1_column_missing              column=fdm_heading_diff_rad
2026-05-15 23:21:18 [warning  ] e1_column_missing              column=fdm_g_sin_gamma_ms2
2026-05-15 23:21:18 [warning  ] e1_column_missing              column=fdm_cos_gamma
2026-05-15 23:21:18 [warning  ] e1_column_missing              column=fdm_q_pa
2026-05-15 23:21:18 [warning  ] e1_column_missing              column=fdm_g_over_v
2026-05-15 23:21:18 [warning  ] e1_column_missing              column=fdm_lat_wind_ms
2026-05-15 23:21:18 [warning  ] e1_column_missing              column=fdm_drift_rad
2026-05-15 23:21:18 [warning  ] e1_column_missing              column=fdm_track_rad
2026-05-15 23:21:18 [warning  ] e1_column_missing              column=fdm_heading_diff_rad
2026-05-15 23:21:19 [info     ] data_loaded                    train_samples=23212 val_samples=3628
2026-05-15 23:21:34 [debug    ] meta_saved                     path=data/models/lr_1.5e-3_seed0/meta.json
2026-05-15 23:21:34 [info     ] trainer_initialized            architecture=node_adsb_v1 device=cuda train_samples=23212 val_samples=3628
2026-05-15 23:21:34 [info     ] preloading_data_to_gpu
2026-05-15 23:21:34 [debug    ] epoch_start                    epoch=1 total_epochs=50
/data/common/dataiku/config/projects/NODEFDM/lib/python/.venv/lib/python3.12/site-packages/torch/_inductor/compile_fx.py:321: UserWarning: TensorFloat32 tensor cores for float32 matrix multiplication available but not enabled. Consider setting `torch.set_float32_matmul_precision('high')` for better performance.
  warnings.warn(
2026-05-15 23:21:58 [info     ] debug_magnitudes               norm_mean=['8568.283203', '-0.001322', '213.622833', '3.253931'] norm_std=['2269.236084', '0.038830', '32.838379', '1.246786'] ode_loss=0.902837
W0515 23:28:52.881000 429984 torch/_dynamo/convert_frame.py:1676] [0/8] torch._dynamo hit config.recompile_limit (8)
W0515 23:28:52.881000 429984 torch/_dynamo/convert_frame.py:1676] [0/8]    function: 'forward' (/data/common/dataiku/config/projects/NODEFDM/lib/python/packages/node-fdm/src/node_fdm/models/fdm.py:181)
W0515 23:28:52.881000 429984 torch/_dynamo/convert_frame.py:1676] [0/8]    last reason: 0/7: tensor 'self.history['raw_alt_m']' size mismatch at index 1. expected 1, actual 2
W0515 23:28:52.881000 429984 torch/_dynamo/convert_frame.py:1676] [0/8] To log all recompilation reasons, use TORCH_LOGS="recompiles".
W0515 23:28:52.881000 429984 torch/_dynamo/convert_frame.py:1676] [0/8] To diagnose recompilation issues, see https://pytorch.org/docs/main/compile/programming_model.recompilation.html
2026-05-15 23:28:53 [debug    ] meta_saved                     path=data/models/lr_1.5e-3_seed0/meta.json
2026-05-15 23:28:53 [debug    ] model_saved                    epoch=1
2026-05-15 23:28:53 [info     ] epoch_complete                 epoch=1 is_best=True lr=0.0003079999999999989 total_epochs=50 train_loss=0.194251 val_loss=0.058514
2026-05-15 23:28:53 [debug    ] epoch_start                    epoch=2 total_epochs=50
2026-05-15 23:34:47 [debug    ] meta_saved                     path=data/models/lr_1.5e-3_seed0/meta.json
2026-05-15 23:34:47 [debug    ] model_saved                    epoch=2
2026-05-15 23:34:47 [info     ] epoch_complete                 epoch=2 is_best=True lr=0.0006059999999999994 total_epochs=50 train_loss=0.051167 val_loss=0.03644
2026-05-15 23:34:47 [debug    ] epoch_start                    epoch=3 total_epochs=50
2026-05-15 23:40:36 [debug    ] meta_saved                     path=data/models/lr_1.5e-3_seed0/meta.json
2026-05-15 23:40:36 [debug    ] model_saved                    epoch=3
2026-05-15 23:40:36 [info     ] epoch_complete                 epoch=3 is_best=True lr=0.0009039999999999965 total_epochs=50 train_loss=0.039512 val_loss=0.033286
2026-05-15 23:40:36 [debug    ] epoch_start                    epoch=4 total_epochs=50
2026-05-15 23:46:28 [info     ] epoch_complete                 epoch=4 is_best=False lr=0.0012019999999999963 total_epochs=50 train_loss=0.036681 val_loss=0.033476
2026-05-15 23:46:28 [debug    ] epoch_start                    epoch=5 total_epochs=50
2026-05-15 23:52:22 [debug    ] meta_saved                     path=data/models/lr_1.5e-3_seed0/meta.json
2026-05-15 23:52:22 [debug    ] model_saved                    epoch=5
2026-05-15 23:52:22 [info     ] epoch_complete                 epoch=5 is_best=True lr=0.0015 total_epochs=50 train_loss=0.036067 val_loss=0.032012
2026-05-15 23:52:22 [debug    ] epoch_start                    epoch=6 total_epochs=50
2026-05-15 23:58:15 [info     ] epoch_complete                 epoch=6 is_best=False lr=0.0014668888888888822 total_epochs=50 train_loss=0.034893 val_loss=0.032312
2026-05-15 23:58:15 [debug    ] epoch_start                    epoch=7 total_epochs=50
2026-05-16 00:04:07 [debug    ] meta_saved                     path=data/models/lr_1.5e-3_seed0/meta.json
2026-05-16 00:04:07 [debug    ] model_saved                    epoch=7
2026-05-16 00:04:07 [info     ] epoch_complete                 epoch=7 is_best=True lr=0.001433777777777763 total_epochs=50 train_loss=0.033594 val_loss=0.03018
2026-05-16 00:04:07 [debug    ] epoch_start                    epoch=8 total_epochs=50
2026-05-16 00:10:00 [debug    ] meta_saved                     path=data/models/lr_1.5e-3_seed0/meta.json
2026-05-16 00:10:00 [debug    ] model_saved                    epoch=8
2026-05-16 00:10:00 [info     ] epoch_complete                 epoch=8 is_best=True lr=0.0014006666666666427 total_epochs=50 train_loss=0.033003 val_loss=0.029554
2026-05-16 00:10:00 [debug    ] epoch_start                    epoch=9 total_epochs=50
2026-05-16 00:15:51 [info     ] epoch_complete                 epoch=9 is_best=False lr=0.001367555555555521 total_epochs=50 train_loss=0.039796 val_loss=0.030438
2026-05-16 00:15:51 [debug    ] epoch_start                    epoch=10 total_epochs=50
2026-05-16 00:21:43 [info     ] epoch_complete                 epoch=10 is_best=False lr=0.0013344444444443996 total_epochs=50 train_loss=0.033268 val_loss=0.03014
2026-05-16 00:21:43 [debug    ] epoch_start                    epoch=11 total_epochs=50
2026-05-16 00:27:37 [debug    ] meta_saved                     path=data/models/lr_1.5e-3_seed0/meta.json
2026-05-16 00:27:37 [debug    ] model_saved                    epoch=11
2026-05-16 00:27:37 [info     ] epoch_complete                 epoch=11 is_best=True lr=0.0013013333333332796 total_epochs=50 train_loss=0.032401 val_loss=0.02891
2026-05-16 00:27:37 [debug    ] epoch_start                    epoch=12 total_epochs=50
2026-05-16 00:35:03 [info     ] epoch_complete                 epoch=12 is_best=False lr=0.001268222222222159 total_epochs=50 train_loss=0.035386 val_loss=0.045314
2026-05-16 00:35:03 [debug    ] epoch_start                    epoch=13 total_epochs=50
2026-05-16 00:44:30 [debug    ] meta_saved                     path=data/models/lr_1.5e-3_seed0/meta.json
2026-05-16 00:44:30 [debug    ] model_saved                    epoch=13
2026-05-16 00:44:30 [info     ] epoch_complete                 epoch=13 is_best=True lr=0.001235111111111036 total_epochs=50 train_loss=0.033361 val_loss=0.028728
2026-05-16 00:44:30 [debug    ] epoch_start                    epoch=14 total_epochs=50
2026-05-16 00:53:56 [debug    ] meta_saved                     path=data/models/lr_1.5e-3_seed0/meta.json
2026-05-16 00:53:56 [debug    ] model_saved                    epoch=14
2026-05-16 00:53:56 [info     ] epoch_complete                 epoch=14 is_best=True lr=0.0012019999999999134 total_epochs=50 train_loss=0.032125 val_loss=0.028679
2026-05-16 00:53:56 [debug    ] epoch_start                    epoch=15 total_epochs=50
2026-05-16 01:01:43 [info     ] epoch_complete                 epoch=15 is_best=False lr=0.0011688888888887897 total_epochs=50 train_loss=0.034771 val_loss=0.03027
2026-05-16 01:01:43 [debug    ] epoch_start                    epoch=16 total_epochs=50
2026-05-16 01:07:35 [info     ] epoch_complete                 epoch=16 is_best=False lr=0.0011357777777776664 total_epochs=50 train_loss=0.037156 val_loss=0.037771
2026-05-16 01:07:35 [debug    ] epoch_start                    epoch=17 total_epochs=50
2026-05-16 01:13:30 [info     ] epoch_complete                 epoch=17 is_best=False lr=0.0011026666666665427 total_epochs=50 train_loss=0.035685 val_loss=0.0309
2026-05-16 01:13:30 [debug    ] epoch_start                    epoch=18 total_epochs=50
2026-05-16 01:19:26 [info     ] epoch_complete                 epoch=18 is_best=False lr=0.001069555555555419 total_epochs=50 train_loss=0.033053 val_loss=0.03025
2026-05-16 01:19:26 [debug    ] epoch_start                    epoch=19 total_epochs=50
2026-05-16 01:25:18 [info     ] epoch_complete                 epoch=19 is_best=False lr=0.001036444444444296 total_epochs=50 train_loss=0.03455 val_loss=0.029512
2026-05-16 01:25:18 [debug    ] epoch_start                    epoch=20 total_epochs=50
2026-05-16 01:31:11 [info     ] epoch_complete                 epoch=20 is_best=False lr=0.001003333333333172 total_epochs=50 train_loss=0.035684 val_loss=0.119938
2026-05-16 01:31:11 [debug    ] epoch_start                    epoch=21 total_epochs=50
2026-05-16 01:37:07 [info     ] epoch_complete                 epoch=21 is_best=False lr=0.0009702222222220513 total_epochs=50 train_loss=1.445403 val_loss=0.070524
2026-05-16 01:37:07 [debug    ] epoch_start                    epoch=22 total_epochs=50
2026-05-16 01:43:02 [info     ] epoch_complete                 epoch=22 is_best=False lr=0.0009371111111109452 total_epochs=50 train_loss=0.057405 val_loss=0.045517
2026-05-16 01:43:02 [debug    ] epoch_start                    epoch=23 total_epochs=50
2026-05-16 01:48:52 [info     ] epoch_complete                 epoch=23 is_best=False lr=0.0009039999999998395 total_epochs=50 train_loss=0.050294 val_loss=0.04196
2026-05-16 01:48:52 [debug    ] epoch_start                    epoch=24 total_epochs=50
2026-05-16 01:54:45 [info     ] epoch_complete                 epoch=24 is_best=False lr=0.0008708888888887346 total_epochs=50 train_loss=0.045393 val_loss=0.039776
2026-05-16 01:54:45 [debug    ] epoch_start                    epoch=25 total_epochs=50
2026-05-16 02:00:54 [info     ] epoch_complete                 epoch=25 is_best=False lr=0.0008377777777776302 total_epochs=50 train_loss=0.044137 val_loss=0.037309
2026-05-16 02:00:54 [debug    ] epoch_start                    epoch=26 total_epochs=50
2026-05-16 02:09:34 [info     ] epoch_complete                 epoch=26 is_best=False lr=0.0008046666666665248 total_epochs=50 train_loss=0.040297 val_loss=0.032969
2026-05-16 02:09:34 [debug    ] epoch_start                    epoch=27 total_epochs=50
2026-05-16 02:15:31 [info     ] epoch_complete                 epoch=27 is_best=False lr=0.0007715555555554186 total_epochs=50 train_loss=0.034724 val_loss=0.030369
2026-05-16 02:15:31 [debug    ] epoch_start                    epoch=28 total_epochs=50
2026-05-16 02:21:25 [info     ] epoch_complete                 epoch=28 is_best=False lr=0.0007384444444443146 total_epochs=50 train_loss=0.035036 val_loss=0.030719
2026-05-16 02:21:25 [debug    ] epoch_start                    epoch=29 total_epochs=50
2026-05-16 02:27:23 [info     ] epoch_complete                 epoch=29 is_best=False lr=0.0007053333333332093 total_epochs=50 train_loss=0.100728 val_loss=0.061838
2026-05-16 02:27:23 [debug    ] epoch_start                    epoch=30 total_epochs=50
2026-05-16 02:33:18 [info     ] epoch_complete                 epoch=30 is_best=False lr=0.0006722222222221051 total_epochs=50 train_loss=0.052504 val_loss=0.037219
2026-05-16 02:33:18 [debug    ] epoch_start                    epoch=31 total_epochs=50
2026-05-16 02:39:14 [info     ] epoch_complete                 epoch=31 is_best=False lr=0.0006391111111109997 total_epochs=50 train_loss=0.039165 val_loss=0.034807
2026-05-16 02:39:14 [debug    ] epoch_start                    epoch=32 total_epochs=50
2026-05-16 02:45:07 [info     ] epoch_complete                 epoch=32 is_best=False lr=0.0006059999999998934 total_epochs=50 train_loss=0.037283 val_loss=0.033857
2026-05-16 02:45:07 [debug    ] epoch_start                    epoch=33 total_epochs=50
2026-05-16 02:51:04 [info     ] epoch_complete                 epoch=33 is_best=False lr=0.0005728888888887895 total_epochs=50 train_loss=0.036368 val_loss=0.031485
2026-05-16 02:51:04 [debug    ] epoch_start                    epoch=34 total_epochs=50
2026-05-16 02:57:00 [info     ] epoch_complete                 epoch=34 is_best=False lr=0.0005397777777776848 total_epochs=50 train_loss=0.034405 val_loss=0.030866
2026-05-16 02:57:01 [debug    ] epoch_start                    epoch=35 total_epochs=50
2026-05-16 03:02:54 [info     ] epoch_complete                 epoch=35 is_best=False lr=0.0005066666666665805 total_epochs=50 train_loss=0.034179 val_loss=0.030634
2026-05-16 03:02:54 [debug    ] epoch_start                    epoch=36 total_epochs=50
2026-05-16 03:08:51 [info     ] epoch_complete                 epoch=36 is_best=False lr=0.0004735555555554755 total_epochs=50 train_loss=0.033353 val_loss=0.030087
2026-05-16 03:08:51 [debug    ] epoch_start                    epoch=37 total_epochs=50
2026-05-16 03:14:50 [info     ] epoch_complete                 epoch=37 is_best=False lr=0.0004404444444443697 total_epochs=50 train_loss=0.03296 val_loss=0.030124
2026-05-16 03:14:50 [debug    ] epoch_start                    epoch=38 total_epochs=50
2026-05-16 03:20:46 [info     ] epoch_complete                 epoch=38 is_best=False lr=0.00040733333333326394 total_epochs=50 train_loss=0.034905 val_loss=0.030857
2026-05-16 03:20:46 [debug    ] epoch_start                    epoch=39 total_epochs=50
2026-05-16 03:26:42 [info     ] epoch_complete                 epoch=39 is_best=False lr=0.00037422222222215816 total_epochs=50 train_loss=0.034083 val_loss=0.030146
2026-05-16 03:26:42 [debug    ] epoch_start                    epoch=40 total_epochs=50
2026-05-16 03:32:38 [info     ] epoch_complete                 epoch=40 is_best=False lr=0.0003411111111110524 total_epochs=50 train_loss=0.032761 val_loss=0.029927
2026-05-16 03:32:38 [debug    ] epoch_start                    epoch=41 total_epochs=50
2026-05-16 03:38:32 [info     ] epoch_complete                 epoch=41 is_best=False lr=0.0003079999999999466 total_epochs=50 train_loss=0.032468 val_loss=0.029998
2026-05-16 03:38:32 [debug    ] epoch_start                    epoch=42 total_epochs=50
2026-05-16 03:44:28 [info     ] epoch_complete                 epoch=42 is_best=False lr=0.00027488888888884083 total_epochs=50 train_loss=0.032933 val_loss=0.029617
2026-05-16 03:44:28 [debug    ] epoch_start                    epoch=43 total_epochs=50
2026-05-16 03:50:22 [info     ] epoch_complete                 epoch=43 is_best=False lr=0.0002417777777777351 total_epochs=50 train_loss=0.032259 val_loss=0.029559
2026-05-16 03:50:22 [debug    ] epoch_start                    epoch=44 total_epochs=50
2026-05-16 03:56:17 [info     ] epoch_complete                 epoch=44 is_best=False lr=0.00020866666666662946 total_epochs=50 train_loss=0.03209 val_loss=0.029481
2026-05-16 03:56:17 [debug    ] epoch_start                    epoch=45 total_epochs=50
2026-05-16 04:02:12 [info     ] epoch_complete                 epoch=45 is_best=False lr=0.00017555555555552369 total_epochs=50 train_loss=0.031914 val_loss=0.030141
2026-05-16 04:02:12 [debug    ] epoch_start                    epoch=46 total_epochs=50
2026-05-16 04:08:07 [info     ] epoch_complete                 epoch=46 is_best=False lr=0.0001424444444444179 total_epochs=50 train_loss=0.032021 val_loss=0.02938
2026-05-16 04:08:07 [debug    ] epoch_start                    epoch=47 total_epochs=50
2026-05-16 04:14:03 [info     ] epoch_complete                 epoch=47 is_best=False lr=0.00010933333333331247 total_epochs=50 train_loss=0.031803 val_loss=0.029276
2026-05-16 04:14:03 [debug    ] epoch_start                    epoch=48 total_epochs=50
2026-05-16 04:20:02 [info     ] epoch_complete                 epoch=48 is_best=False lr=7.622222222220731e-05 total_epochs=50 train_loss=0.031663 val_loss=0.029297
2026-05-16 04:20:02 [debug    ] epoch_start                    epoch=49 total_epochs=50
2026-05-16 04:26:03 [info     ] epoch_complete                 epoch=49 is_best=False lr=4.311111111110244e-05 total_epochs=50 train_loss=0.031653 val_loss=0.029221
2026-05-16 04:26:03 [debug    ] epoch_start                    epoch=50 total_epochs=50
2026-05-16 04:32:03 [info     ] epoch_complete                 epoch=50 is_best=False lr=9.999999999998042e-06 total_epochs=50 train_loss=0.031582 val_loss=0.02917
2026-05-16 04:32:03 [info     ] training_log_saved             path=data/models/lr_1.5e-3_seed0/training_losses.csv
2026-05-16 04:32:03 [info     ] training_complete              best_val_loss=0.028679
2026-05-16 04:32:03 [info     ] train_typecode_done            typecode=A320
2026-05-16 04:32:03 [info     ] train_done                     typecodes=['A320']

$ uv run fdm train --arch adsb --config results_run2/lr_1.5e-3_seed0/config.yaml --model-name lr_1.5e-3_seed0 --epochs 50 --batch-size 64 --lr 0.0015 --method rk4 --seq-len 60 --train-limit 5000 --activation relu --seed 0 --backbone-depth 3 --head-depth 2 --hidden-width 48 --device cuda --no-use-mode-weights
