2026-05-17 02:56:08 [info     ] train_start                    arch=adsb device=cuda typecodes=['A320']
2026-05-17 02:56:08 [info     ] train_typecode                 typecode=A320
2026-05-17 02:56:08 [info     ] loading_data                   train_flights=1594 val_flights=247
2026-05-17 02:56:08 [warning  ] e1_column_missing              column=fdm_g_sin_gamma_ms2
2026-05-17 02:56:08 [warning  ] e1_column_missing              column=fdm_cos_gamma
2026-05-17 02:56:08 [warning  ] e1_column_missing              column=fdm_q_pa
2026-05-17 02:56:08 [warning  ] e1_column_missing              column=fdm_g_over_v
2026-05-17 02:56:08 [warning  ] e1_column_missing              column=fdm_lat_wind_ms
2026-05-17 02:56:08 [warning  ] e1_column_missing              column=fdm_drift_rad
2026-05-17 02:56:08 [warning  ] e1_column_missing              column=fdm_track_rad
2026-05-17 02:56:08 [warning  ] e1_column_missing              column=fdm_heading_diff_rad
2026-05-17 02:56:12 [warning  ] e1_column_missing              column=fdm_g_sin_gamma_ms2
2026-05-17 02:56:12 [warning  ] e1_column_missing              column=fdm_cos_gamma
2026-05-17 02:56:12 [warning  ] e1_column_missing              column=fdm_q_pa
2026-05-17 02:56:12 [warning  ] e1_column_missing              column=fdm_g_over_v
2026-05-17 02:56:12 [warning  ] e1_column_missing              column=fdm_lat_wind_ms
2026-05-17 02:56:12 [warning  ] e1_column_missing              column=fdm_drift_rad
2026-05-17 02:56:12 [warning  ] e1_column_missing              column=fdm_track_rad
2026-05-17 02:56:12 [warning  ] e1_column_missing              column=fdm_heading_diff_rad
2026-05-17 02:56:13 [info     ] data_loaded                    train_samples=23212 val_samples=3628
2026-05-17 02:56:28 [debug    ] meta_saved                     path=data/models/backbone_4_seed2/meta.json
2026-05-17 02:56:28 [info     ] trainer_initialized            architecture=node_adsb_v1 device=cuda train_samples=23212 val_samples=3628
2026-05-17 02:56:28 [info     ] preloading_data_to_gpu
2026-05-17 02:56:28 [debug    ] epoch_start                    epoch=1 total_epochs=50
/data/common/dataiku/config/projects/NODEFDM/lib/python/.venv/lib/python3.12/site-packages/torch/_inductor/compile_fx.py:321: UserWarning: TensorFloat32 tensor cores for float32 matrix multiplication available but not enabled. Consider setting `torch.set_float32_matmul_precision('high')` for better performance.
  warnings.warn(
2026-05-17 02:56:57 [info     ] debug_magnitudes               norm_mean=['8568.283203', '-0.001322', '213.622833', '3.253931'] norm_std=['2269.236084', '0.038830', '32.838379', '1.246786'] ode_loss=1.493363
W0517 03:03:26.394000 668361 torch/_dynamo/convert_frame.py:1676] [0/8] torch._dynamo hit config.recompile_limit (8)
W0517 03:03:26.394000 668361 torch/_dynamo/convert_frame.py:1676] [0/8]    function: 'forward' (/data/common/dataiku/config/projects/NODEFDM/lib/python/packages/node-fdm/src/node_fdm/models/fdm.py:181)
W0517 03:03:26.394000 668361 torch/_dynamo/convert_frame.py:1676] [0/8]    last reason: 0/7: tensor 'self.history['raw_alt_m']' size mismatch at index 1. expected 1, actual 2
W0517 03:03:26.394000 668361 torch/_dynamo/convert_frame.py:1676] [0/8] To log all recompilation reasons, use TORCH_LOGS="recompiles".
W0517 03:03:26.394000 668361 torch/_dynamo/convert_frame.py:1676] [0/8] To diagnose recompilation issues, see https://pytorch.org/docs/main/compile/programming_model.recompilation.html
2026-05-17 03:03:27 [debug    ] meta_saved                     path=data/models/backbone_4_seed2/meta.json
2026-05-17 03:03:27 [debug    ] model_saved                    epoch=1
2026-05-17 03:03:27 [info     ] epoch_complete                 epoch=1 is_best=True lr=0.0002080000000000004 total_epochs=50 train_loss=0.230135 val_loss=0.077714
2026-05-17 03:03:27 [debug    ] epoch_start                    epoch=2 total_epochs=50
2026-05-17 03:09:00 [debug    ] meta_saved                     path=data/models/backbone_4_seed2/meta.json
2026-05-17 03:09:00 [debug    ] model_saved                    epoch=2
2026-05-17 03:09:00 [info     ] epoch_complete                 epoch=2 is_best=True lr=0.0004060000000000004 total_epochs=50 train_loss=0.063982 val_loss=0.04148
2026-05-17 03:09:00 [debug    ] epoch_start                    epoch=3 total_epochs=50
2026-05-17 03:14:26 [debug    ] meta_saved                     path=data/models/backbone_4_seed2/meta.json
2026-05-17 03:14:26 [debug    ] model_saved                    epoch=3
2026-05-17 03:14:26 [info     ] epoch_complete                 epoch=3 is_best=True lr=0.0006040000000000011 total_epochs=50 train_loss=0.040995 val_loss=0.03397
2026-05-17 03:14:26 [debug    ] epoch_start                    epoch=4 total_epochs=50
2026-05-17 03:19:54 [debug    ] meta_saved                     path=data/models/backbone_4_seed2/meta.json
2026-05-17 03:19:54 [debug    ] model_saved                    epoch=4
2026-05-17 03:19:54 [info     ] epoch_complete                 epoch=4 is_best=True lr=0.000801999999999999 total_epochs=50 train_loss=0.036733 val_loss=0.032249
2026-05-17 03:19:54 [debug    ] epoch_start                    epoch=5 total_epochs=50
2026-05-17 03:25:24 [info     ] epoch_complete                 epoch=5 is_best=False lr=0.001 total_epochs=50 train_loss=0.036402 val_loss=0.035776
2026-05-17 03:25:24 [debug    ] epoch_start                    epoch=6 total_epochs=50
2026-05-17 03:30:49 [info     ] epoch_complete                 epoch=6 is_best=False lr=0.0009779999999999947 total_epochs=50 train_loss=0.037992 val_loss=0.04551
2026-05-17 03:30:49 [debug    ] epoch_start                    epoch=7 total_epochs=50
2026-05-17 03:36:16 [debug    ] meta_saved                     path=data/models/backbone_4_seed2/meta.json
2026-05-17 03:36:16 [debug    ] model_saved                    epoch=7
2026-05-17 03:36:16 [info     ] epoch_complete                 epoch=7 is_best=True lr=0.0009559999999999942 total_epochs=50 train_loss=0.035452 val_loss=0.031683
2026-05-17 03:36:16 [debug    ] epoch_start                    epoch=8 total_epochs=50
2026-05-17 03:41:45 [debug    ] meta_saved                     path=data/models/backbone_4_seed2/meta.json
2026-05-17 03:41:45 [debug    ] model_saved                    epoch=8
2026-05-17 03:41:45 [info     ] epoch_complete                 epoch=8 is_best=True lr=0.0009339999999999934 total_epochs=50 train_loss=0.033897 val_loss=0.030543
2026-05-17 03:41:45 [debug    ] epoch_start                    epoch=9 total_epochs=50
2026-05-17 03:47:11 [info     ] epoch_complete                 epoch=9 is_best=False lr=0.0009119999999999924 total_epochs=50 train_loss=0.033265 val_loss=0.030718
2026-05-17 03:47:11 [debug    ] epoch_start                    epoch=10 total_epochs=50
2026-05-17 03:52:40 [info     ] epoch_complete                 epoch=10 is_best=False lr=0.0008899999999999917 total_epochs=50 train_loss=0.047721 val_loss=0.038928
2026-05-17 03:52:40 [debug    ] epoch_start                    epoch=11 total_epochs=50
2026-05-17 03:58:08 [info     ] epoch_complete                 epoch=11 is_best=False lr=0.0008679999999999905 total_epochs=50 train_loss=0.037757 val_loss=0.03255
2026-05-17 03:58:08 [debug    ] epoch_start                    epoch=12 total_epochs=50
2026-05-17 04:03:34 [info     ] epoch_complete                 epoch=12 is_best=False lr=0.000845999999999989 total_epochs=50 train_loss=0.033981 val_loss=0.031071
2026-05-17 04:03:34 [debug    ] epoch_start                    epoch=13 total_epochs=50
2026-05-17 04:09:01 [info     ] epoch_complete                 epoch=13 is_best=False lr=0.0008239999999999856 total_epochs=50 train_loss=0.033607 val_loss=0.030626
2026-05-17 04:09:01 [debug    ] epoch_start                    epoch=14 total_epochs=50
2026-05-17 04:14:29 [debug    ] meta_saved                     path=data/models/backbone_4_seed2/meta.json
2026-05-17 04:14:29 [debug    ] model_saved                    epoch=14
2026-05-17 04:14:29 [info     ] epoch_complete                 epoch=14 is_best=True lr=0.0008019999999999825 total_epochs=50 train_loss=0.032638 val_loss=0.03007
2026-05-17 04:14:29 [debug    ] epoch_start                    epoch=15 total_epochs=50
2026-05-17 04:19:57 [debug    ] meta_saved                     path=data/models/backbone_4_seed2/meta.json
2026-05-17 04:19:57 [debug    ] model_saved                    epoch=15
2026-05-17 04:19:57 [info     ] epoch_complete                 epoch=15 is_best=True lr=0.0007799999999999793 total_epochs=50 train_loss=0.032444 val_loss=0.02988
2026-05-17 04:19:57 [debug    ] epoch_start                    epoch=16 total_epochs=50
2026-05-17 04:25:23 [debug    ] meta_saved                     path=data/models/backbone_4_seed2/meta.json
2026-05-17 04:25:23 [debug    ] model_saved                    epoch=16
2026-05-17 04:25:23 [info     ] epoch_complete                 epoch=16 is_best=True lr=0.0007579999999999761 total_epochs=50 train_loss=0.032438 val_loss=0.029592
2026-05-17 04:25:23 [debug    ] epoch_start                    epoch=17 total_epochs=50
2026-05-17 04:30:52 [debug    ] meta_saved                     path=data/models/backbone_4_seed2/meta.json
2026-05-17 04:30:52 [debug    ] model_saved                    epoch=17
2026-05-17 04:30:52 [info     ] epoch_complete                 epoch=17 is_best=True lr=0.0007359999999999731 total_epochs=50 train_loss=0.03192 val_loss=0.029003
2026-05-17 04:30:52 [debug    ] epoch_start                    epoch=18 total_epochs=50
2026-05-17 04:36:19 [info     ] epoch_complete                 epoch=18 is_best=False lr=0.0007139999999999699 total_epochs=50 train_loss=0.031884 val_loss=0.029445
2026-05-17 04:36:19 [debug    ] epoch_start                    epoch=19 total_epochs=50
2026-05-17 04:41:48 [debug    ] meta_saved                     path=data/models/backbone_4_seed2/meta.json
2026-05-17 04:41:48 [debug    ] model_saved                    epoch=19
2026-05-17 04:41:48 [info     ] epoch_complete                 epoch=19 is_best=True lr=0.0006919999999999653 total_epochs=50 train_loss=0.031725 val_loss=0.028907
2026-05-17 04:41:48 [debug    ] epoch_start                    epoch=20 total_epochs=50
2026-05-17 04:47:17 [debug    ] meta_saved                     path=data/models/backbone_4_seed2/meta.json
2026-05-17 04:47:17 [debug    ] model_saved                    epoch=20
2026-05-17 04:47:17 [info     ] epoch_complete                 epoch=20 is_best=True lr=0.0006699999999999609 total_epochs=50 train_loss=0.031446 val_loss=0.02845
2026-05-17 04:47:17 [debug    ] epoch_start                    epoch=21 total_epochs=50
2026-05-17 04:52:45 [info     ] epoch_complete                 epoch=21 is_best=False lr=0.0006479999999999558 total_epochs=50 train_loss=0.031805 val_loss=0.028991
2026-05-17 04:52:45 [debug    ] epoch_start                    epoch=22 total_epochs=50
2026-05-17 04:58:12 [info     ] epoch_complete                 epoch=22 is_best=False lr=0.0006259999999999505 total_epochs=50 train_loss=0.031415 val_loss=0.029969
2026-05-17 04:58:12 [debug    ] epoch_start                    epoch=23 total_epochs=50
2026-05-17 05:03:40 [info     ] epoch_complete                 epoch=23 is_best=False lr=0.0006039999999999452 total_epochs=50 train_loss=0.049436 val_loss=0.056976
2026-05-17 05:03:40 [debug    ] epoch_start                    epoch=24 total_epochs=50
2026-05-17 05:09:08 [info     ] epoch_complete                 epoch=24 is_best=False lr=0.0005819999999999399 total_epochs=50 train_loss=0.045884 val_loss=0.033824
2026-05-17 05:09:08 [debug    ] epoch_start                    epoch=25 total_epochs=50
2026-05-17 05:14:34 [info     ] epoch_complete                 epoch=25 is_best=False lr=0.0005599999999999346 total_epochs=50 train_loss=0.054822 val_loss=0.041444
2026-05-17 05:14:34 [debug    ] epoch_start                    epoch=26 total_epochs=50
2026-05-17 05:19:59 [info     ] epoch_complete                 epoch=26 is_best=False lr=0.0005379999999999293 total_epochs=50 train_loss=0.042918 val_loss=0.033346
2026-05-17 05:19:59 [debug    ] epoch_start                    epoch=27 total_epochs=50
2026-05-17 05:25:25 [info     ] epoch_complete                 epoch=27 is_best=False lr=0.000515999999999924 total_epochs=50 train_loss=0.036146 val_loss=0.031932
2026-05-17 05:25:25 [debug    ] epoch_start                    epoch=28 total_epochs=50
2026-05-17 05:30:50 [info     ] epoch_complete                 epoch=28 is_best=False lr=0.0004939999999999187 total_epochs=50 train_loss=0.036129 val_loss=0.031271
2026-05-17 05:30:50 [debug    ] epoch_start                    epoch=29 total_epochs=50
2026-05-17 05:36:16 [info     ] epoch_complete                 epoch=29 is_best=False lr=0.00047199999999991997 total_epochs=50 train_loss=0.034345 val_loss=0.030472
2026-05-17 05:36:16 [debug    ] epoch_start                    epoch=30 total_epochs=50
2026-05-17 05:41:43 [info     ] epoch_complete                 epoch=30 is_best=False lr=0.00044999999999992393 total_epochs=50 train_loss=0.046819 val_loss=0.034544
2026-05-17 05:41:43 [debug    ] epoch_start                    epoch=31 total_epochs=50
2026-05-17 05:47:09 [info     ] epoch_complete                 epoch=31 is_best=False lr=0.0004279999999999269 total_epochs=50 train_loss=0.056534 val_loss=0.063325
2026-05-17 05:47:09 [debug    ] epoch_start                    epoch=32 total_epochs=50
2026-05-17 05:52:34 [info     ] epoch_complete                 epoch=32 is_best=False lr=0.0004059999999999309 total_epochs=50 train_loss=0.058232 val_loss=0.039058
2026-05-17 05:52:34 [debug    ] epoch_start                    epoch=33 total_epochs=50
2026-05-17 05:57:59 [info     ] epoch_complete                 epoch=33 is_best=False lr=0.0003839999999999346 total_epochs=50 train_loss=0.042502 val_loss=0.037056
2026-05-17 05:57:59 [debug    ] epoch_start                    epoch=34 total_epochs=50
2026-05-17 06:03:29 [info     ] epoch_complete                 epoch=34 is_best=False lr=0.0003619999999999374 total_epochs=50 train_loss=0.038685 val_loss=0.033429
2026-05-17 06:03:29 [debug    ] epoch_start                    epoch=35 total_epochs=50
2026-05-17 06:08:55 [info     ] epoch_complete                 epoch=35 is_best=False lr=0.0003399999999999421 total_epochs=50 train_loss=0.036267 val_loss=0.031952
2026-05-17 06:08:55 [debug    ] epoch_start                    epoch=36 total_epochs=50
2026-05-17 06:14:21 [info     ] epoch_complete                 epoch=36 is_best=False lr=0.00031799999999994485 total_epochs=50 train_loss=0.035287 val_loss=0.031322
2026-05-17 06:14:21 [debug    ] epoch_start                    epoch=37 total_epochs=50
2026-05-17 06:19:47 [info     ] epoch_complete                 epoch=37 is_best=False lr=0.00029599999999994756 total_epochs=50 train_loss=0.033856 val_loss=0.030677
2026-05-17 06:19:47 [debug    ] epoch_start                    epoch=38 total_epochs=50
2026-05-17 06:25:15 [info     ] epoch_complete                 epoch=38 is_best=False lr=0.0002739999999999507 total_epochs=50 train_loss=0.033226 val_loss=0.030486
2026-05-17 06:25:15 [debug    ] epoch_start                    epoch=39 total_epochs=50
2026-05-17 06:30:43 [info     ] epoch_complete                 epoch=39 is_best=False lr=0.0002519999999999539 total_epochs=50 train_loss=0.032824 val_loss=0.030083
2026-05-17 06:30:43 [debug    ] epoch_start                    epoch=40 total_epochs=50
2026-05-17 06:36:10 [info     ] epoch_complete                 epoch=40 is_best=False lr=0.00022999999999995737 total_epochs=50 train_loss=0.03288 val_loss=0.030068
2026-05-17 06:36:10 [debug    ] epoch_start                    epoch=41 total_epochs=50
2026-05-17 06:41:36 [info     ] epoch_complete                 epoch=41 is_best=False lr=0.00020799999999996188 total_epochs=50 train_loss=0.032253 val_loss=0.029635
2026-05-17 06:41:36 [debug    ] epoch_start                    epoch=42 total_epochs=50
2026-05-17 06:47:03 [info     ] epoch_complete                 epoch=42 is_best=False lr=0.0001859999999999664 total_epochs=50 train_loss=0.032447 val_loss=0.029776
2026-05-17 06:47:03 [debug    ] epoch_start                    epoch=43 total_epochs=50
2026-05-17 06:52:27 [info     ] epoch_complete                 epoch=43 is_best=False lr=0.00016399999999997095 total_epochs=50 train_loss=0.032372 val_loss=0.038579
2026-05-17 06:52:27 [debug    ] epoch_start                    epoch=44 total_epochs=50
2026-05-17 06:57:48 [info     ] epoch_complete                 epoch=44 is_best=False lr=0.00014199999999997548 total_epochs=50 train_loss=0.035907 val_loss=0.030806
2026-05-17 06:57:48 [debug    ] epoch_start                    epoch=45 total_epochs=50
2026-05-17 07:03:06 [info     ] epoch_complete                 epoch=45 is_best=False lr=0.00011999999999997995 total_epochs=50 train_loss=0.032746 val_loss=0.029932
2026-05-17 07:03:06 [debug    ] epoch_start                    epoch=46 total_epochs=50
2026-05-17 07:08:22 [info     ] epoch_complete                 epoch=46 is_best=False lr=9.799999999998395e-05 total_epochs=50 train_loss=0.03246 val_loss=0.029944
2026-05-17 07:08:22 [debug    ] epoch_start                    epoch=47 total_epochs=50
2026-05-17 07:13:35 [info     ] epoch_complete                 epoch=47 is_best=False lr=7.599999999998802e-05 total_epochs=50 train_loss=0.032161 val_loss=0.029678
2026-05-17 07:13:35 [debug    ] epoch_start                    epoch=48 total_epochs=50
2026-05-17 07:18:48 [info     ] epoch_complete                 epoch=48 is_best=False lr=5.399999999999204e-05 total_epochs=50 train_loss=0.03205 val_loss=0.029448
2026-05-17 07:18:48 [debug    ] epoch_start                    epoch=49 total_epochs=50
2026-05-17 07:24:00 [info     ] epoch_complete                 epoch=49 is_best=False lr=3.199999999999529e-05 total_epochs=50 train_loss=0.031902 val_loss=0.029609
2026-05-17 07:24:00 [debug    ] epoch_start                    epoch=50 total_epochs=50
2026-05-17 07:29:18 [info     ] epoch_complete                 epoch=50 is_best=False lr=9.999999999998564e-06 total_epochs=50 train_loss=0.031854 val_loss=0.029518
2026-05-17 07:29:18 [info     ] training_log_saved             path=data/models/backbone_4_seed2/training_losses.csv
2026-05-17 07:29:18 [info     ] training_complete              best_val_loss=0.02845
2026-05-17 07:29:18 [info     ] train_typecode_done            typecode=A320
2026-05-17 07:29:18 [info     ] train_done                     typecodes=['A320']

$ uv run fdm train --arch adsb --config results_run2/backbone_4_seed2/config.yaml --model-name backbone_4_seed2 --epochs 50 --batch-size 64 --lr 0.001 --method rk4 --seq-len 60 --train-limit 5000 --activation relu --seed 2 --backbone-depth 4 --head-depth 2 --hidden-width 48 --device cuda --no-use-mode-weights
