2026-05-21 01:26:02 [info     ] evaluate_start                 arch=adsb typecodes=['A320']
2026-05-21 01:26:02 [info     ] evaluate_typecode              flights=542 typecode=A320
2026-05-21 01:26:14 [info     ] evaluate_done                  output=data/model_performance/baseline_seed0/performance.parquet rows=16
shape: (16, 11)
┌──────────┬─────────────────────────┬──────────────┬───────┬─────────┬──────────┬──────────┬──────────┬─────────┬──────────┬────────┐
│ Aircraft ┆ Variable                ┆ Phase        ┆ Model ┆ MAE     ┆ MAE_std  ┆ MAPE (%) ┆ MAPE_std ┆ ME      ┆ ME_std   ┆ Count  │
│ ---      ┆ ---                     ┆ ---          ┆ ---   ┆ ---     ┆ ---      ┆ ---      ┆ ---      ┆ ---     ┆ ---      ┆ ---    │
│ str      ┆ str                     ┆ str          ┆ str   ┆ f64     ┆ f64      ┆ f64      ┆ f64      ┆ f64     ┆ f64      ┆ i64    │
╞══════════╪═════════════════════════╪══════════════╪═══════╪═════════╪══════════╪══════════╪══════════╪═════════╪══════════╪════════╡
│ A320     ┆ Altitude [m]            ┆ All phases   ┆ PRED  ┆ 231.463 ┆ 599.704  ┆ 5.320    ┆ 19.134   ┆ 133.718 ┆ 628.760  ┆ 478843 │
│ A320     ┆ Altitude [m]            ┆ Climb        ┆ PRED  ┆ 783.774 ┆ 1061.774 ┆ 17.818   ┆ 37.413   ┆ 615.841 ┆ 1167.221 ┆ 90018  │
│ A320     ┆ Altitude [m]            ┆ Level flight ┆ PRED  ┆ 35.444  ┆ 170.713  ┆ 0.583    ┆ 5.412    ┆ -1.089  ┆ 174.350  ┆ 296839 │
│ A320     ┆ Altitude [m]            ┆ Descent      ┆ PRED  ┆ 323.522 ┆ 493.856  ┆ 8.378    ┆ 14.381   ┆ 96.930  ┆ 582.379  ┆ 91986  │
│ A320     ┆ Flight path angle [deg] ┆ All phases   ┆ PRED  ┆ 0.275   ┆ 0.613    ┆ NaN      ┆ NaN      ┆ -0.061  ┆ 0.669    ┆ 478843 │
│ A320     ┆ Flight path angle [deg] ┆ Climb        ┆ PRED  ┆ 0.717   ┆ 0.983    ┆ NaN      ┆ NaN      ┆ -0.419  ┆ 1.142    ┆ 90018  │
│ A320     ┆ Flight path angle [deg] ┆ Level flight ┆ PRED  ┆ 0.073   ┆ 0.248    ┆ NaN      ┆ NaN      ┆ -0.006  ┆ 0.259    ┆ 296839 │
│ A320     ┆ Flight path angle [deg] ┆ Descent      ┆ PRED  ┆ 0.493   ┆ 0.662    ┆ NaN      ┆ NaN      ┆ 0.113   ┆ 0.818    ┆ 91986  │
│ A320     ┆ Heading [deg]           ┆ All phases   ┆ PRED  ┆ 1.407   ┆ 7.019    ┆ NaN      ┆ NaN      ┆ 0.014   ┆ 7.159    ┆ 478843 │
│ A320     ┆ Heading [deg]           ┆ Climb        ┆ PRED  ┆ 2.020   ┆ 7.506    ┆ NaN      ┆ NaN      ┆ -0.063  ┆ 7.773    ┆ 90018  │
│ A320     ┆ Heading [deg]           ┆ Level flight ┆ PRED  ┆ 1.020   ┆ 6.362    ┆ NaN      ┆ NaN      ┆ 0.036   ┆ 6.443    ┆ 296839 │
│ A320     ┆ Heading [deg]           ┆ Descent      ┆ PRED  ┆ 2.058   ┆ 8.332    ┆ NaN      ┆ NaN      ┆ 0.017   ┆ 8.583    ┆ 91986  │
│ A320     ┆ True airspeed [m/s]     ┆ All phases   ┆ PRED  ┆ 3.286   ┆ 7.794    ┆ 1.832    ┆ 5.961    ┆ 1.052   ┆ 8.393    ┆ 478843 │
│ A320     ┆ True airspeed [m/s]     ┆ Climb        ┆ PRED  ┆ 6.025   ┆ 14.059   ┆ 3.770    ┆ 10.782   ┆ 3.125   ┆ 14.973   ┆ 90018  │
│ A320     ┆ True airspeed [m/s]     ┆ Level flight ┆ PRED  ┆ 2.275   ┆ 4.459    ┆ 1.098    ┆ 3.914    ┆ 0.870   ┆ 4.930    ┆ 296839 │
│ A320     ┆ True airspeed [m/s]     ┆ Descent      ┆ PRED  ┆ 3.871   ┆ 6.901    ┆ 2.306    ┆ 4.016    ┆ -0.390  ┆ 7.902    ┆ 91986  │
└──────────┴─────────────────────────┴──────────────┴───────┴─────────┴──────────┴──────────┴──────────┴─────────┴──────────┴────────┘

$ uv run fdm evaluate --arch adsb --config results_run4/baseline_seed0/config.yaml --model-name baseline_seed0
