2026-05-20 18:28:58 [info     ] train_start                    arch=adsb device=cuda typecodes=['A320']
2026-05-20 18:28:58 [info     ] train_typecode                 typecode=A320
2026-05-20 18:28:58 [info     ] loading_data                   train_flights=1594 val_flights=247
2026-05-20 18:28:58 [warning  ] e1_column_missing              column=fdm_g_sin_gamma_ms2
2026-05-20 18:28:58 [warning  ] e1_column_missing              column=fdm_cos_gamma
2026-05-20 18:28:58 [warning  ] e1_column_missing              column=fdm_q_pa
2026-05-20 18:28:58 [warning  ] e1_column_missing              column=fdm_g_over_v
2026-05-20 18:28:58 [warning  ] e1_column_missing              column=fdm_lat_wind_ms
2026-05-20 18:28:58 [warning  ] e1_column_missing              column=fdm_drift_rad
2026-05-20 18:28:58 [warning  ] e1_column_missing              column=fdm_track_rad
2026-05-20 18:28:58 [warning  ] e1_column_missing              column=fdm_heading_diff_rad
2026-05-20 18:29:12 [warning  ] e1_column_missing              column=fdm_g_sin_gamma_ms2
2026-05-20 18:29:12 [warning  ] e1_column_missing              column=fdm_cos_gamma
2026-05-20 18:29:12 [warning  ] e1_column_missing              column=fdm_q_pa
2026-05-20 18:29:12 [warning  ] e1_column_missing              column=fdm_g_over_v
2026-05-20 18:29:12 [warning  ] e1_column_missing              column=fdm_lat_wind_ms
2026-05-20 18:29:12 [warning  ] e1_column_missing              column=fdm_drift_rad
2026-05-20 18:29:12 [warning  ] e1_column_missing              column=fdm_track_rad
2026-05-20 18:29:12 [warning  ] e1_column_missing              column=fdm_heading_diff_rad
2026-05-20 18:29:14 [info     ] data_loaded                    train_samples=48117 val_samples=7518
2026-05-20 18:29:34 [debug    ] meta_saved                     path=data/models/baseline_seed0/meta.json
2026-05-20 18:29:34 [info     ] trainer_initialized            architecture=node_adsb_v1 device=cuda train_samples=48117 val_samples=7518
2026-05-20 18:29:34 [info     ] preloading_data_to_gpu
2026-05-20 18:29:35 [debug    ] epoch_start                    epoch=1 total_epochs=50
/data/common/dataiku/config/projects/NODEFDM/lib/python/.venv/lib/python3.12/site-packages/torch/_inductor/compile_fx.py:321: UserWarning: TensorFloat32 tensor cores for float32 matrix multiplication available but not enabled. Consider setting `torch.set_float32_matmul_precision('high')` for better performance.
  warnings.warn(
2026-05-20 18:30:01 [info     ] debug_magnitudes               norm_mean=['8427.359375', '-0.000899', '211.646118', '3.252943'] norm_std=['2287.523926', '0.040447', '34.116577', '1.247240'] ode_loss=0.351739
2026-05-20 18:30:14 [warning  ] nan_or_inf_loss                loss=nan
W0520 18:36:58.002000 2208764 torch/_dynamo/convert_frame.py:1676] [0/8] torch._dynamo hit config.recompile_limit (8)
W0520 18:36:58.002000 2208764 torch/_dynamo/convert_frame.py:1676] [0/8]    function: 'forward' (/data/common/dataiku/config/projects/NODEFDM/lib/python/packages/node-fdm/src/node_fdm/models/fdm.py:181)
W0520 18:36:58.002000 2208764 torch/_dynamo/convert_frame.py:1676] [0/8]    last reason: 0/7: tensor 'self.history['raw_alt_m']' size mismatch at index 1. expected 1, actual 2
W0520 18:36:58.002000 2208764 torch/_dynamo/convert_frame.py:1676] [0/8] To log all recompilation reasons, use TORCH_LOGS="recompiles".
W0520 18:36:58.002000 2208764 torch/_dynamo/convert_frame.py:1676] [0/8] To diagnose recompilation issues, see https://pytorch.org/docs/main/compile/programming_model.recompilation.html
2026-05-20 18:36:58 [debug    ] meta_saved                     path=data/models/baseline_seed0/meta.json
2026-05-20 18:36:58 [debug    ] model_saved                    epoch=1
2026-05-20 18:36:58 [info     ] epoch_complete                 epoch=1 is_best=True lr=0.00020800000000000123 total_epochs=50 train_loss=nan val_loss=0.04176
2026-05-20 18:36:58 [debug    ] epoch_start                    epoch=2 total_epochs=50
2026-05-20 18:39:03 [warning  ] nan_or_inf_loss                loss=nan
2026-05-20 18:42:55 [debug    ] meta_saved                     path=data/models/baseline_seed0/meta.json
2026-05-20 18:42:55 [debug    ] model_saved                    epoch=2
2026-05-20 18:42:55 [info     ] epoch_complete                 epoch=2 is_best=True lr=0.0004060000000000046 total_epochs=50 train_loss=nan val_loss=0.029615
2026-05-20 18:42:55 [debug    ] epoch_start                    epoch=3 total_epochs=50
2026-05-20 18:44:38 [warning  ] nan_or_inf_loss                loss=nan
2026-05-20 18:48:48 [debug    ] meta_saved                     path=data/models/baseline_seed0/meta.json
2026-05-20 18:48:48 [debug    ] model_saved                    epoch=3
2026-05-20 18:48:48 [info     ] epoch_complete                 epoch=3 is_best=True lr=0.0006040000000000097 total_epochs=50 train_loss=nan val_loss=0.027987
2026-05-20 18:48:48 [debug    ] epoch_start                    epoch=4 total_epochs=50
2026-05-20 18:54:30 [warning  ] nan_or_inf_loss                loss=nan
2026-05-20 18:54:44 [debug    ] meta_saved                     path=data/models/baseline_seed0/meta.json
2026-05-20 18:54:44 [debug    ] model_saved                    epoch=4
2026-05-20 18:54:44 [info     ] epoch_complete                 epoch=4 is_best=True lr=0.0008020000000000093 total_epochs=50 train_loss=nan val_loss=0.026263
2026-05-20 18:54:44 [debug    ] epoch_start                    epoch=5 total_epochs=50
2026-05-20 18:54:57 [warning  ] nan_or_inf_loss                loss=nan
2026-05-20 19:00:38 [debug    ] meta_saved                     path=data/models/baseline_seed0/meta.json
2026-05-20 19:00:38 [debug    ] model_saved                    epoch=5
2026-05-20 19:00:38 [info     ] epoch_complete                 epoch=5 is_best=True lr=0.001 total_epochs=50 train_loss=nan val_loss=0.025516
2026-05-20 19:00:38 [debug    ] epoch_start                    epoch=6 total_epochs=50
2026-05-20 19:05:24 [warning  ] nan_or_inf_loss                loss=nan
2026-05-20 19:06:27 [debug    ] meta_saved                     path=data/models/baseline_seed0/meta.json
2026-05-20 19:06:27 [debug    ] model_saved                    epoch=6
2026-05-20 19:06:27 [info     ] epoch_complete                 epoch=6 is_best=True lr=0.0009779999999999641 total_epochs=50 train_loss=nan val_loss=0.025083
2026-05-20 19:06:27 [debug    ] epoch_start                    epoch=7 total_epochs=50
2026-05-20 19:09:38 [warning  ] nan_or_inf_loss                loss=nan
2026-05-20 19:12:18 [info     ] epoch_complete                 epoch=7 is_best=False lr=0.0009559999999999605 total_epochs=50 train_loss=nan val_loss=0.025788
2026-05-20 19:12:18 [debug    ] epoch_start                    epoch=8 total_epochs=50
2026-05-20 19:16:23 [warning  ] nan_or_inf_loss                loss=nan
2026-05-20 19:18:07 [debug    ] meta_saved                     path=data/models/baseline_seed0/meta.json
2026-05-20 19:18:07 [debug    ] model_saved                    epoch=8
2026-05-20 19:18:07 [info     ] epoch_complete                 epoch=8 is_best=True lr=0.0009339999999999578 total_epochs=50 train_loss=nan val_loss=0.024285
2026-05-20 19:18:07 [debug    ] epoch_start                    epoch=9 total_epochs=50
2026-05-20 19:20:43 [warning  ] nan_or_inf_loss                loss=nan
2026-05-20 19:24:01 [info     ] epoch_complete                 epoch=9 is_best=False lr=0.0009119999999999566 total_epochs=50 train_loss=nan val_loss=0.024537
2026-05-20 19:24:01 [debug    ] epoch_start                    epoch=10 total_epochs=50
2026-05-20 19:24:53 [warning  ] nan_or_inf_loss                loss=nan
2026-05-20 19:29:52 [debug    ] meta_saved                     path=data/models/baseline_seed0/meta.json
2026-05-20 19:29:52 [debug    ] model_saved                    epoch=10
2026-05-20 19:29:52 [info     ] epoch_complete                 epoch=10 is_best=True lr=0.000889999999999957 total_epochs=50 train_loss=nan val_loss=0.023964
2026-05-20 19:29:52 [debug    ] epoch_start                    epoch=11 total_epochs=50
2026-05-20 19:30:54 [warning  ] nan_or_inf_loss                loss=nan
2026-05-20 19:35:41 [info     ] epoch_complete                 epoch=11 is_best=False lr=0.0008679999999999566 total_epochs=50 train_loss=nan val_loss=0.024464
2026-05-20 19:35:41 [debug    ] epoch_start                    epoch=12 total_epochs=50
2026-05-20 19:36:42 [warning  ] nan_or_inf_loss                loss=nan
2026-05-20 19:41:32 [debug    ] meta_saved                     path=data/models/baseline_seed0/meta.json
2026-05-20 19:41:32 [debug    ] model_saved                    epoch=12
2026-05-20 19:41:32 [info     ] epoch_complete                 epoch=12 is_best=True lr=0.0008459999999999577 total_epochs=50 train_loss=nan val_loss=0.023612
2026-05-20 19:41:32 [debug    ] epoch_start                    epoch=13 total_epochs=50
2026-05-20 19:43:24 [warning  ] nan_or_inf_loss                loss=nan
2026-05-20 19:47:31 [info     ] epoch_complete                 epoch=13 is_best=False lr=0.0008239999999999574 total_epochs=50 train_loss=nan val_loss=0.024049
2026-05-20 19:47:31 [debug    ] epoch_start                    epoch=14 total_epochs=50
2026-05-20 19:48:34 [warning  ] nan_or_inf_loss                loss=nan
2026-05-20 19:53:20 [debug    ] meta_saved                     path=data/models/baseline_seed0/meta.json
2026-05-20 19:53:20 [debug    ] model_saved                    epoch=14
2026-05-20 19:53:20 [info     ] epoch_complete                 epoch=14 is_best=True lr=0.0008019999999999602 total_epochs=50 train_loss=nan val_loss=0.023535
2026-05-20 19:53:20 [debug    ] epoch_start                    epoch=15 total_epochs=50
2026-05-20 19:58:39 [warning  ] nan_or_inf_loss                loss=nan
2026-05-20 19:59:18 [debug    ] meta_saved                     path=data/models/baseline_seed0/meta.json
2026-05-20 19:59:18 [debug    ] model_saved                    epoch=15
2026-05-20 19:59:18 [info     ] epoch_complete                 epoch=15 is_best=True lr=0.0007799999999999617 total_epochs=50 train_loss=nan val_loss=0.023518
2026-05-20 19:59:18 [debug    ] epoch_start                    epoch=16 total_epochs=50
2026-05-20 19:59:49 [warning  ] nan_or_inf_loss                loss=nan
2026-05-20 20:05:16 [info     ] epoch_complete                 epoch=16 is_best=False lr=0.000757999999999961 total_epochs=50 train_loss=nan val_loss=0.023581
2026-05-20 20:05:16 [debug    ] epoch_start                    epoch=17 total_epochs=50
2026-05-20 20:09:00 [warning  ] nan_or_inf_loss                loss=nan
2026-05-20 20:11:07 [debug    ] meta_saved                     path=data/models/baseline_seed0/meta.json
2026-05-20 20:11:07 [debug    ] model_saved                    epoch=17
2026-05-20 20:11:07 [info     ] epoch_complete                 epoch=17 is_best=True lr=0.0007359999999999604 total_epochs=50 train_loss=nan val_loss=0.023032
2026-05-20 20:11:07 [debug    ] epoch_start                    epoch=18 total_epochs=50
2026-05-20 20:16:58 [warning  ] nan_or_inf_loss                loss=nan
2026-05-20 20:17:04 [info     ] epoch_complete                 epoch=18 is_best=False lr=0.0007139999999999597 total_epochs=50 train_loss=nan val_loss=0.023217
2026-05-20 20:17:04 [debug    ] epoch_start                    epoch=19 total_epochs=50
2026-05-20 20:21:58 [warning  ] nan_or_inf_loss                loss=nan
2026-05-20 20:22:54 [info     ] epoch_complete                 epoch=19 is_best=False lr=0.0006919999999999592 total_epochs=50 train_loss=nan val_loss=0.023825
2026-05-20 20:22:54 [debug    ] epoch_start                    epoch=20 total_epochs=50
2026-05-20 20:27:34 [warning  ] nan_or_inf_loss                loss=nan
2026-05-20 20:28:46 [info     ] epoch_complete                 epoch=20 is_best=False lr=0.000669999999999957 total_epochs=50 train_loss=nan val_loss=0.02354
2026-05-20 20:28:46 [debug    ] epoch_start                    epoch=21 total_epochs=50
2026-05-20 20:30:14 [warning  ] nan_or_inf_loss                loss=nan
2026-05-20 20:34:39 [info     ] epoch_complete                 epoch=21 is_best=False lr=0.0006479999999999561 total_epochs=50 train_loss=nan val_loss=0.023044
2026-05-20 20:34:39 [debug    ] epoch_start                    epoch=22 total_epochs=50
2026-05-20 20:37:55 [warning  ] nan_or_inf_loss                loss=nan
2026-05-20 20:40:28 [debug    ] meta_saved                     path=data/models/baseline_seed0/meta.json
2026-05-20 20:40:28 [debug    ] model_saved                    epoch=22
2026-05-20 20:40:28 [info     ] epoch_complete                 epoch=22 is_best=True lr=0.0006259999999999549 total_epochs=50 train_loss=nan val_loss=0.022858
2026-05-20 20:40:28 [debug    ] epoch_start                    epoch=23 total_epochs=50
2026-05-20 20:41:44 [warning  ] nan_or_inf_loss                loss=nan
2026-05-20 20:46:17 [info     ] epoch_complete                 epoch=23 is_best=False lr=0.0006039999999999555 total_epochs=50 train_loss=nan val_loss=0.02353
2026-05-20 20:46:17 [debug    ] epoch_start                    epoch=24 total_epochs=50
2026-05-20 20:50:27 [warning  ] nan_or_inf_loss                loss=nan
2026-05-20 20:52:06 [info     ] epoch_complete                 epoch=24 is_best=False lr=0.0005819999999999556 total_epochs=50 train_loss=nan val_loss=0.023136
2026-05-20 20:52:06 [debug    ] epoch_start                    epoch=25 total_epochs=50
2026-05-20 20:57:08 [warning  ] nan_or_inf_loss                loss=nan
2026-05-20 20:57:55 [debug    ] meta_saved                     path=data/models/baseline_seed0/meta.json
2026-05-20 20:57:55 [debug    ] model_saved                    epoch=25
2026-05-20 20:57:55 [info     ] epoch_complete                 epoch=25 is_best=True lr=0.000559999999999953 total_epochs=50 train_loss=nan val_loss=0.022714
2026-05-20 20:57:55 [debug    ] epoch_start                    epoch=26 total_epochs=50
2026-05-20 21:02:51 [warning  ] nan_or_inf_loss                loss=nan
2026-05-20 21:03:44 [info     ] epoch_complete                 epoch=26 is_best=False lr=0.0005379999999999528 total_epochs=50 train_loss=nan val_loss=0.022981
2026-05-20 21:03:44 [debug    ] epoch_start                    epoch=27 total_epochs=50
2026-05-20 21:04:16 [warning  ] nan_or_inf_loss                loss=nan
2026-05-20 21:09:32 [info     ] epoch_complete                 epoch=27 is_best=False lr=0.0005159999999999556 total_epochs=50 train_loss=nan val_loss=0.023232
2026-05-20 21:09:32 [debug    ] epoch_start                    epoch=28 total_epochs=50
2026-05-20 21:09:38 [warning  ] nan_or_inf_loss                loss=nan
2026-05-20 21:15:21 [info     ] epoch_complete                 epoch=28 is_best=False lr=0.0004939999999999543 total_epochs=50 train_loss=nan val_loss=0.023143
2026-05-20 21:15:21 [debug    ] epoch_start                    epoch=29 total_epochs=50
2026-05-20 21:17:28 [warning  ] nan_or_inf_loss                loss=nan
2026-05-20 21:21:10 [info     ] epoch_complete                 epoch=29 is_best=False lr=0.00047199999999995607 total_epochs=50 train_loss=nan val_loss=0.022754
2026-05-20 21:21:10 [debug    ] epoch_start                    epoch=30 total_epochs=50
2026-05-20 21:26:46 [warning  ] nan_or_inf_loss                loss=nan
2026-05-20 21:26:58 [debug    ] meta_saved                     path=data/models/baseline_seed0/meta.json
2026-05-20 21:26:58 [debug    ] model_saved                    epoch=30
2026-05-20 21:26:58 [info     ] epoch_complete                 epoch=30 is_best=True lr=0.00044999999999995944 total_epochs=50 train_loss=nan val_loss=0.022362
2026-05-20 21:26:58 [debug    ] epoch_start                    epoch=31 total_epochs=50
2026-05-20 21:27:02 [warning  ] nan_or_inf_loss                loss=nan
2026-05-20 21:32:47 [info     ] epoch_complete                 epoch=31 is_best=False lr=0.00042799999999996313 total_epochs=50 train_loss=nan val_loss=0.025272
2026-05-20 21:32:47 [debug    ] epoch_start                    epoch=32 total_epochs=50
2026-05-20 21:34:59 [warning  ] nan_or_inf_loss                loss=nan
2026-05-20 21:38:36 [info     ] epoch_complete                 epoch=32 is_best=False lr=0.00040599999999996786 total_epochs=50 train_loss=nan val_loss=0.022641
2026-05-20 21:38:36 [debug    ] epoch_start                    epoch=33 total_epochs=50
2026-05-20 21:41:51 [warning  ] nan_or_inf_loss                loss=nan
2026-05-20 21:44:24 [info     ] epoch_complete                 epoch=33 is_best=False lr=0.00038399999999997274 total_epochs=50 train_loss=nan val_loss=0.022657
2026-05-20 21:44:24 [debug    ] epoch_start                    epoch=34 total_epochs=50
2026-05-20 21:49:18 [warning  ] nan_or_inf_loss                loss=nan
2026-05-20 21:50:13 [info     ] epoch_complete                 epoch=34 is_best=False lr=0.00036199999999997763 total_epochs=50 train_loss=nan val_loss=0.022772
2026-05-20 21:50:13 [debug    ] epoch_start                    epoch=35 total_epochs=50
2026-05-20 21:55:41 [warning  ] nan_or_inf_loss                loss=nan
2026-05-20 21:56:08 [debug    ] meta_saved                     path=data/models/baseline_seed0/meta.json
2026-05-20 21:56:08 [debug    ] model_saved                    epoch=35
2026-05-20 21:56:08 [info     ] epoch_complete                 epoch=35 is_best=True lr=0.0003399999999999825 total_epochs=50 train_loss=nan val_loss=0.022337
2026-05-20 21:56:08 [debug    ] epoch_start                    epoch=36 total_epochs=50
2026-05-20 22:00:27 [warning  ] nan_or_inf_loss                loss=nan
2026-05-20 22:02:03 [info     ] epoch_complete                 epoch=36 is_best=False lr=0.0003179999999999874 total_epochs=50 train_loss=nan val_loss=0.022626
2026-05-20 22:02:03 [debug    ] epoch_start                    epoch=37 total_epochs=50
2026-05-20 22:03:06 [warning  ] nan_or_inf_loss                loss=nan
2026-05-20 22:07:52 [info     ] epoch_complete                 epoch=37 is_best=False lr=0.0002959999999999923 total_epochs=50 train_loss=nan val_loss=0.022445
2026-05-20 22:07:52 [debug    ] epoch_start                    epoch=38 total_epochs=50
2026-05-20 22:11:37 [warning  ] nan_or_inf_loss                loss=nan
2026-05-20 22:13:40 [info     ] epoch_complete                 epoch=38 is_best=False lr=0.0002739999999999972 total_epochs=50 train_loss=nan val_loss=0.02275
2026-05-20 22:13:40 [debug    ] epoch_start                    epoch=39 total_epochs=50
2026-05-20 22:14:46 [warning  ] nan_or_inf_loss                loss=nan
2026-05-20 22:19:27 [info     ] epoch_complete                 epoch=39 is_best=False lr=0.00025200000000000206 total_epochs=50 train_loss=nan val_loss=0.022515
2026-05-20 22:19:27 [debug    ] epoch_start                    epoch=40 total_epochs=50
2026-05-20 22:23:33 [warning  ] nan_or_inf_loss                loss=nan
2026-05-20 22:25:10 [debug    ] meta_saved                     path=data/models/baseline_seed0/meta.json
2026-05-20 22:25:10 [debug    ] model_saved                    epoch=40
2026-05-20 22:25:10 [info     ] epoch_complete                 epoch=40 is_best=True lr=0.00023000000000000348 total_epochs=50 train_loss=nan val_loss=0.022282
2026-05-20 22:25:10 [debug    ] epoch_start                    epoch=41 total_epochs=50
2026-05-20 22:25:11 [warning  ] nan_or_inf_loss                loss=nan
2026-05-20 22:30:55 [info     ] epoch_complete                 epoch=41 is_best=False lr=0.00020800000000000357 total_epochs=50 train_loss=nan val_loss=0.022289
2026-05-20 22:30:55 [debug    ] epoch_start                    epoch=42 total_epochs=50
2026-05-20 22:31:24 [warning  ] nan_or_inf_loss                loss=nan
2026-05-20 22:36:41 [info     ] epoch_complete                 epoch=42 is_best=False lr=0.00018600000000000447 total_epochs=50 train_loss=nan val_loss=0.022304
2026-05-20 22:36:41 [debug    ] epoch_start                    epoch=43 total_epochs=50
2026-05-20 22:37:26 [warning  ] nan_or_inf_loss                loss=nan
2026-05-20 22:42:26 [debug    ] meta_saved                     path=data/models/baseline_seed0/meta.json
2026-05-20 22:42:26 [debug    ] model_saved                    epoch=43
2026-05-20 22:42:26 [info     ] epoch_complete                 epoch=43 is_best=True lr=0.00016400000000000613 total_epochs=50 train_loss=nan val_loss=0.022206
2026-05-20 22:42:26 [debug    ] epoch_start                    epoch=44 total_epochs=50
2026-05-20 22:45:48 [warning  ] nan_or_inf_loss                loss=nan
2026-05-20 22:48:13 [info     ] epoch_complete                 epoch=44 is_best=False lr=0.00014200000000000754 total_epochs=50 train_loss=nan val_loss=0.022239
2026-05-20 22:48:13 [debug    ] epoch_start                    epoch=45 total_epochs=50
2026-05-20 22:53:21 [warning  ] nan_or_inf_loss                loss=nan
2026-05-20 22:53:57 [debug    ] meta_saved                     path=data/models/baseline_seed0/meta.json
2026-05-20 22:53:57 [debug    ] model_saved                    epoch=45
2026-05-20 22:53:57 [info     ] epoch_complete                 epoch=45 is_best=True lr=0.00012000000000000895 total_epochs=50 train_loss=nan val_loss=0.022197
2026-05-20 22:53:57 [debug    ] epoch_start                    epoch=46 total_epochs=50
2026-05-20 22:55:47 [warning  ] nan_or_inf_loss                loss=nan
2026-05-20 22:59:45 [debug    ] meta_saved                     path=data/models/baseline_seed0/meta.json
2026-05-20 22:59:45 [debug    ] model_saved                    epoch=46
2026-05-20 22:59:45 [info     ] epoch_complete                 epoch=46 is_best=True lr=9.800000000000715e-05 total_epochs=50 train_loss=nan val_loss=0.022113
2026-05-20 22:59:45 [debug    ] epoch_start                    epoch=47 total_epochs=50
2026-05-20 23:02:26 [warning  ] nan_or_inf_loss                loss=nan
2026-05-20 23:05:30 [info     ] epoch_complete                 epoch=47 is_best=False lr=7.600000000000502e-05 total_epochs=50 train_loss=nan val_loss=0.022141
2026-05-20 23:05:30 [debug    ] epoch_start                    epoch=48 total_epochs=50
2026-05-20 23:07:06 [warning  ] nan_or_inf_loss                loss=nan
2026-05-20 23:11:12 [debug    ] meta_saved                     path=data/models/baseline_seed0/meta.json
2026-05-20 23:11:12 [debug    ] model_saved                    epoch=48
2026-05-20 23:11:12 [info     ] epoch_complete                 epoch=48 is_best=True lr=5.4000000000003054e-05 total_epochs=50 train_loss=nan val_loss=0.022078
2026-05-20 23:11:12 [debug    ] epoch_start                    epoch=49 total_epochs=50
2026-05-20 23:15:45 [warning  ] nan_or_inf_loss                loss=nan
2026-05-20 23:16:55 [info     ] epoch_complete                 epoch=49 is_best=False lr=3.2000000000002384e-05 total_epochs=50 train_loss=nan val_loss=0.022089
2026-05-20 23:16:55 [debug    ] epoch_start                    epoch=50 total_epochs=50
2026-05-20 23:19:44 [warning  ] nan_or_inf_loss                loss=nan
2026-05-20 23:22:38 [debug    ] meta_saved                     path=data/models/baseline_seed0/meta.json
2026-05-20 23:22:38 [debug    ] model_saved                    epoch=50
2026-05-20 23:22:38 [info     ] epoch_complete                 epoch=50 is_best=True lr=1.0000000000000765e-05 total_epochs=50 train_loss=nan val_loss=0.02204
2026-05-20 23:22:38 [info     ] training_log_saved             path=data/models/baseline_seed0/training_losses.csv
2026-05-20 23:22:38 [info     ] training_complete              best_val_loss=0.02204
2026-05-20 23:22:38 [info     ] train_typecode_done            typecode=A320
2026-05-20 23:22:38 [info     ] train_done                     typecodes=['A320']

$ uv run fdm train --arch adsb --config results_run4/baseline_seed0/config.yaml --model-name baseline_seed0 --epochs 50 --batch-size 64 --lr 0.001 --method rk4 --seq-len 30 --train-limit 5000 --activation relu --seed 0 --backbone-depth 3 --head-depth 2 --hidden-width 48 --device cuda --no-use-mode-weights
