2026-05-16 20:12:39 [info     ] evaluate_start                 arch=adsb typecodes=['A320']
2026-05-16 20:12:39 [info     ] evaluate_typecode              flights=542 typecode=A320
2026-05-16 20:12:52 [info     ] evaluate_done                  output=data/model_performance/hidden_24_seed2/performance.parquet rows=16
shape: (16, 11)
┌──────────┬─────────────────────────┬──────────────┬───────┬─────────┬──────────┬──────────┬──────────┬─────────┬──────────┬────────┐
│ Aircraft ┆ Variable                ┆ Phase        ┆ Model ┆ MAE     ┆ MAE_std  ┆ MAPE (%) ┆ MAPE_std ┆ ME      ┆ ME_std   ┆ Count  │
│ ---      ┆ ---                     ┆ ---          ┆ ---   ┆ ---     ┆ ---      ┆ ---      ┆ ---      ┆ ---     ┆ ---      ┆ ---    │
│ str      ┆ str                     ┆ str          ┆ str   ┆ f64     ┆ f64      ┆ f64      ┆ f64      ┆ f64     ┆ f64      ┆ i64    │
╞══════════╪═════════════════════════╪══════════════╪═══════╪═════════╪══════════╪══════════╪══════════╪═════════╪══════════╪════════╡
│ A320     ┆ Altitude [m]            ┆ All phases   ┆ PRED  ┆ 260.958 ┆ 647.151  ┆ 5.688    ┆ 20.200   ┆ 114.132 ┆ 688.387  ┆ 478843 │
│ A320     ┆ Altitude [m]            ┆ Climb        ┆ PRED  ┆ 851.272 ┆ 1172.309 ┆ 18.977   ┆ 40.234   ┆ 650.610 ┆ 1294.480 ┆ 90018  │
│ A320     ┆ Altitude [m]            ┆ Level flight ┆ PRED  ┆ 59.407  ┆ 184.036  ┆ 0.834    ┆ 5.563    ┆ -7.351  ┆ 193.247  ┆ 296839 │
│ A320     ┆ Altitude [m]            ┆ Descent      ┆ PRED  ┆ 333.679 ┆ 498.531  ┆ 8.347    ┆ 13.571   ┆ -18.843 ┆ 599.599  ┆ 91986  │
│ A320     ┆ Flight path angle [deg] ┆ All phases   ┆ PRED  ┆ 0.286   ┆ 0.612    ┆ NaN      ┆ NaN      ┆ -0.069  ┆ 0.672    ┆ 478843 │
│ A320     ┆ Flight path angle [deg] ┆ Climb        ┆ PRED  ┆ 0.728   ┆ 0.964    ┆ NaN      ┆ NaN      ┆ -0.430  ┆ 1.129    ┆ 90018  │
│ A320     ┆ Flight path angle [deg] ┆ Level flight ┆ PRED  ┆ 0.078   ┆ 0.247    ┆ NaN      ┆ NaN      ┆ -0.012  ┆ 0.259    ┆ 296839 │
│ A320     ┆ Flight path angle [deg] ┆ Descent      ┆ PRED  ┆ 0.524   ┆ 0.677    ┆ NaN      ┆ NaN      ┆ 0.099   ┆ 0.850    ┆ 91986  │
│ A320     ┆ Heading [deg]           ┆ All phases   ┆ PRED  ┆ 1.551   ┆ 6.787    ┆ NaN      ┆ NaN      ┆ -0.059  ┆ 6.962    ┆ 478843 │
│ A320     ┆ Heading [deg]           ┆ Climb        ┆ PRED  ┆ 2.114   ┆ 7.090    ┆ NaN      ┆ NaN      ┆ -0.046  ┆ 7.398    ┆ 90018  │
│ A320     ┆ Heading [deg]           ┆ Level flight ┆ PRED  ┆ 1.207   ┆ 6.266    ┆ NaN      ┆ NaN      ┆ -0.039  ┆ 6.382    ┆ 296839 │
│ A320     ┆ Heading [deg]           ┆ Descent      ┆ PRED  ┆ 2.112   ┆ 7.931    ┆ NaN      ┆ NaN      ┆ -0.137  ┆ 8.206    ┆ 91986  │
│ A320     ┆ True airspeed [m/s]     ┆ All phases   ┆ PRED  ┆ 3.020   ┆ 7.523    ┆ 1.734    ┆ 5.942    ┆ 0.839   ┆ 8.063    ┆ 478843 │
│ A320     ┆ True airspeed [m/s]     ┆ Climb        ┆ PRED  ┆ 5.796   ┆ 13.317   ┆ 3.653    ┆ 10.463   ┆ 3.729   ┆ 14.037   ┆ 90018  │
│ A320     ┆ True airspeed [m/s]     ┆ Level flight ┆ PRED  ┆ 1.884   ┆ 4.319    ┆ 0.945    ┆ 4.023    ┆ 0.262   ┆ 4.704    ┆ 296839 │
│ A320     ┆ True airspeed [m/s]     ┆ Descent      ┆ PRED  ┆ 3.970   ┆ 6.948    ┆ 2.401    ┆ 4.285    ┆ -0.128  ┆ 8.002    ┆ 91986  │
└──────────┴─────────────────────────┴──────────────┴───────┴─────────┴──────────┴──────────┴──────────┴─────────┴──────────┴────────┘

$ uv run fdm evaluate --arch adsb --config results_run2/hidden_24_seed2/config.yaml --model-name hidden_24_seed2
