2026-05-17 02:39:50 [info     ] evaluate_start                 arch=adsb typecodes=['A320']
2026-05-17 02:39:50 [info     ] evaluate_typecode              flights=542 typecode=A320
2026-05-17 02:40:03 [info     ] evaluate_done                  output=data/model_performance/hidden_96_seed0/performance.parquet rows=16
shape: (16, 11)
┌──────────┬─────────────────────────┬──────────────┬───────┬─────────┬──────────┬──────────┬──────────┬─────────┬──────────┬────────┐
│ Aircraft ┆ Variable                ┆ Phase        ┆ Model ┆ MAE     ┆ MAE_std  ┆ MAPE (%) ┆ MAPE_std ┆ ME      ┆ ME_std   ┆ Count  │
│ ---      ┆ ---                     ┆ ---          ┆ ---   ┆ ---     ┆ ---      ┆ ---      ┆ ---      ┆ ---     ┆ ---      ┆ ---    │
│ str      ┆ str                     ┆ str          ┆ str   ┆ f64     ┆ f64      ┆ f64      ┆ f64      ┆ f64     ┆ f64      ┆ i64    │
╞══════════╪═════════════════════════╪══════════════╪═══════╪═════════╪══════════╪══════════╪══════════╪═════════╪══════════╪════════╡
│ A320     ┆ Altitude [m]            ┆ All phases   ┆ PRED  ┆ 250.543 ┆ 602.828  ┆ 5.447    ┆ 19.326   ┆ 139.868 ┆ 637.660  ┆ 478843 │
│ A320     ┆ Altitude [m]            ┆ Climb        ┆ PRED  ┆ 809.938 ┆ 1092.979 ┆ 18.256   ┆ 38.399   ┆ 679.774 ┆ 1178.350 ┆ 90018  │
│ A320     ┆ Altitude [m]            ┆ Level flight ┆ PRED  ┆ 63.473  ┆ 176.585  ┆ 0.833    ┆ 5.475    ┆ -3.159  ┆ 187.620  ┆ 296839 │
│ A320     ┆ Altitude [m]            ┆ Descent      ┆ PRED  ┆ 306.794 ┆ 446.917  ┆ 7.801    ┆ 13.031   ┆ 73.060  ┆ 537.140  ┆ 91986  │
│ A320     ┆ Flight path angle [deg] ┆ All phases   ┆ PRED  ┆ 0.275   ┆ 0.610    ┆ NaN      ┆ NaN      ┆ -0.059  ┆ 0.667    ┆ 478843 │
│ A320     ┆ Flight path angle [deg] ┆ Climb        ┆ PRED  ┆ 0.721   ┆ 0.982    ┆ NaN      ┆ NaN      ┆ -0.401  ┆ 1.150    ┆ 90018  │
│ A320     ┆ Flight path angle [deg] ┆ Level flight ┆ PRED  ┆ 0.072   ┆ 0.240    ┆ NaN      ┆ NaN      ┆ -0.009  ┆ 0.251    ┆ 296839 │
│ A320     ┆ Flight path angle [deg] ┆ Descent      ┆ PRED  ┆ 0.494   ┆ 0.658    ┆ NaN      ┆ NaN      ┆ 0.117   ┆ 0.815    ┆ 91986  │
│ A320     ┆ Heading [deg]           ┆ All phases   ┆ PRED  ┆ 2.064   ┆ 7.168    ┆ NaN      ┆ NaN      ┆ 0.051   ┆ 7.459    ┆ 478843 │
│ A320     ┆ Heading [deg]           ┆ Climb        ┆ PRED  ┆ 2.443   ┆ 7.391    ┆ NaN      ┆ NaN      ┆ -0.125  ┆ 7.783    ┆ 90018  │
│ A320     ┆ Heading [deg]           ┆ Level flight ┆ PRED  ┆ 1.842   ┆ 6.756    ┆ NaN      ┆ NaN      ┆ 0.200   ┆ 7.000    ┆ 296839 │
│ A320     ┆ Heading [deg]           ┆ Descent      ┆ PRED  ┆ 2.410   ┆ 8.145    ┆ NaN      ┆ NaN      ┆ -0.257  ┆ 8.490    ┆ 91986  │
│ A320     ┆ True airspeed [m/s]     ┆ All phases   ┆ PRED  ┆ 3.040   ┆ 7.592    ┆ 1.730    ┆ 6.003    ┆ 0.602   ┆ 8.156    ┆ 478843 │
│ A320     ┆ True airspeed [m/s]     ┆ Climb        ┆ PRED  ┆ 5.629   ┆ 13.622   ┆ 3.540    ┆ 10.571   ┆ 3.069   ┆ 14.416   ┆ 90018  │
│ A320     ┆ True airspeed [m/s]     ┆ Level flight ┆ PRED  ┆ 2.026   ┆ 4.382    ┆ 1.013    ┆ 4.193    ┆ 0.177   ┆ 4.824    ┆ 296839 │
│ A320     ┆ True airspeed [m/s]     ┆ Descent      ┆ PRED  ┆ 3.779   ┆ 6.789    ┆ 2.268    ┆ 4.047    ┆ -0.439  ┆ 7.757    ┆ 91986  │
└──────────┴─────────────────────────┴──────────────┴───────┴─────────┴──────────┴──────────┴──────────┴─────────┴──────────┴────────┘

$ uv run fdm evaluate --arch adsb --config results_run2/hidden_96_seed0/config.yaml --model-name hidden_96_seed0
