2026-05-16 19:45:56 [info     ] train_start                    arch=adsb device=cuda typecodes=['A320']
2026-05-16 19:45:56 [info     ] train_typecode                 typecode=A320
2026-05-16 19:45:56 [info     ] loading_data                   train_flights=1594 val_flights=247
2026-05-16 19:45:56 [warning  ] e1_column_missing              column=fdm_g_sin_gamma_ms2
2026-05-16 19:45:56 [warning  ] e1_column_missing              column=fdm_cos_gamma
2026-05-16 19:45:56 [warning  ] e1_column_missing              column=fdm_q_pa
2026-05-16 19:45:56 [warning  ] e1_column_missing              column=fdm_g_over_v
2026-05-16 19:45:56 [warning  ] e1_column_missing              column=fdm_lat_wind_ms
2026-05-16 19:45:56 [warning  ] e1_column_missing              column=fdm_drift_rad
2026-05-16 19:45:56 [warning  ] e1_column_missing              column=fdm_track_rad
2026-05-16 19:45:56 [warning  ] e1_column_missing              column=fdm_heading_diff_rad
2026-05-16 19:46:00 [warning  ] e1_column_missing              column=fdm_g_sin_gamma_ms2
2026-05-16 19:46:00 [warning  ] e1_column_missing              column=fdm_cos_gamma
2026-05-16 19:46:00 [warning  ] e1_column_missing              column=fdm_q_pa
2026-05-16 19:46:00 [warning  ] e1_column_missing              column=fdm_g_over_v
2026-05-16 19:46:00 [warning  ] e1_column_missing              column=fdm_lat_wind_ms
2026-05-16 19:46:00 [warning  ] e1_column_missing              column=fdm_drift_rad
2026-05-16 19:46:00 [warning  ] e1_column_missing              column=fdm_track_rad
2026-05-16 19:46:00 [warning  ] e1_column_missing              column=fdm_heading_diff_rad
2026-05-16 19:46:01 [info     ] data_loaded                    train_samples=23212 val_samples=3628
2026-05-16 19:46:16 [debug    ] meta_saved                     path=data/models/hidden_96_seed0/meta.json
2026-05-16 19:46:16 [info     ] trainer_initialized            architecture=node_adsb_v1 device=cuda train_samples=23212 val_samples=3628
2026-05-16 19:46:16 [info     ] preloading_data_to_gpu
2026-05-16 19:46:16 [debug    ] epoch_start                    epoch=1 total_epochs=50
/data/common/dataiku/config/projects/NODEFDM/lib/python/.venv/lib/python3.12/site-packages/torch/_inductor/compile_fx.py:321: UserWarning: TensorFloat32 tensor cores for float32 matrix multiplication available but not enabled. Consider setting `torch.set_float32_matmul_precision('high')` for better performance.
  warnings.warn(
2026-05-16 19:46:39 [info     ] debug_magnitudes               norm_mean=['8568.283203', '-0.001322', '213.622833', '3.253931'] norm_std=['2269.236084', '0.038830', '32.838379', '1.246786'] ode_loss=0.902837
W0516 19:53:41.265000 635601 torch/_dynamo/convert_frame.py:1676] [0/8] torch._dynamo hit config.recompile_limit (8)
W0516 19:53:41.265000 635601 torch/_dynamo/convert_frame.py:1676] [0/8]    function: 'forward' (/data/common/dataiku/config/projects/NODEFDM/lib/python/packages/node-fdm/src/node_fdm/models/fdm.py:181)
W0516 19:53:41.265000 635601 torch/_dynamo/convert_frame.py:1676] [0/8]    last reason: 0/7: tensor 'self.history['raw_alt_m']' size mismatch at index 1. expected 1, actual 2
W0516 19:53:41.265000 635601 torch/_dynamo/convert_frame.py:1676] [0/8] To log all recompilation reasons, use TORCH_LOGS="recompiles".
W0516 19:53:41.265000 635601 torch/_dynamo/convert_frame.py:1676] [0/8] To diagnose recompilation issues, see https://pytorch.org/docs/main/compile/programming_model.recompilation.html
2026-05-16 19:53:42 [debug    ] meta_saved                     path=data/models/hidden_96_seed0/meta.json
2026-05-16 19:53:42 [debug    ] model_saved                    epoch=1
2026-05-16 19:53:42 [info     ] epoch_complete                 epoch=1 is_best=True lr=0.0002080000000000004 total_epochs=50 train_loss=0.177617 val_loss=0.047954
2026-05-16 19:53:42 [debug    ] epoch_start                    epoch=2 total_epochs=50
2026-05-16 19:59:50 [debug    ] meta_saved                     path=data/models/hidden_96_seed0/meta.json
2026-05-16 19:59:50 [debug    ] model_saved                    epoch=2
2026-05-16 19:59:50 [info     ] epoch_complete                 epoch=2 is_best=True lr=0.0004060000000000004 total_epochs=50 train_loss=0.045014 val_loss=0.034281
2026-05-16 19:59:50 [debug    ] epoch_start                    epoch=3 total_epochs=50
2026-05-16 20:05:59 [debug    ] meta_saved                     path=data/models/hidden_96_seed0/meta.json
2026-05-16 20:05:59 [debug    ] model_saved                    epoch=3
2026-05-16 20:05:59 [info     ] epoch_complete                 epoch=3 is_best=True lr=0.0006040000000000011 total_epochs=50 train_loss=0.038625 val_loss=0.032985
2026-05-16 20:05:59 [debug    ] epoch_start                    epoch=4 total_epochs=50
2026-05-16 20:11:52 [debug    ] meta_saved                     path=data/models/hidden_96_seed0/meta.json
2026-05-16 20:11:52 [debug    ] model_saved                    epoch=4
2026-05-16 20:11:52 [info     ] epoch_complete                 epoch=4 is_best=True lr=0.000801999999999999 total_epochs=50 train_loss=0.036051 val_loss=0.031703
2026-05-16 20:11:52 [debug    ] epoch_start                    epoch=5 total_epochs=50
2026-05-16 20:17:45 [debug    ] meta_saved                     path=data/models/hidden_96_seed0/meta.json
2026-05-16 20:17:45 [debug    ] model_saved                    epoch=5
2026-05-16 20:17:45 [info     ] epoch_complete                 epoch=5 is_best=True lr=0.001 total_epochs=50 train_loss=0.035654 val_loss=0.031346
2026-05-16 20:17:45 [debug    ] epoch_start                    epoch=6 total_epochs=50
2026-05-16 20:23:29 [info     ] epoch_complete                 epoch=6 is_best=False lr=0.0009779999999999947 total_epochs=50 train_loss=0.033666 val_loss=0.032388
2026-05-16 20:23:29 [debug    ] epoch_start                    epoch=7 total_epochs=50
2026-05-16 20:29:14 [debug    ] meta_saved                     path=data/models/hidden_96_seed0/meta.json
2026-05-16 20:29:14 [debug    ] model_saved                    epoch=7
2026-05-16 20:29:14 [info     ] epoch_complete                 epoch=7 is_best=True lr=0.0009559999999999942 total_epochs=50 train_loss=0.033211 val_loss=0.030123
2026-05-16 20:29:14 [debug    ] epoch_start                    epoch=8 total_epochs=50
2026-05-16 20:34:59 [debug    ] meta_saved                     path=data/models/hidden_96_seed0/meta.json
2026-05-16 20:34:59 [debug    ] model_saved                    epoch=8
2026-05-16 20:34:59 [info     ] epoch_complete                 epoch=8 is_best=True lr=0.0009339999999999934 total_epochs=50 train_loss=0.032576 val_loss=0.02932
2026-05-16 20:34:59 [debug    ] epoch_start                    epoch=9 total_epochs=50
2026-05-16 20:40:39 [debug    ] meta_saved                     path=data/models/hidden_96_seed0/meta.json
2026-05-16 20:40:39 [debug    ] model_saved                    epoch=9
2026-05-16 20:40:39 [info     ] epoch_complete                 epoch=9 is_best=True lr=0.0009119999999999924 total_epochs=50 train_loss=0.032319 val_loss=0.028522
2026-05-16 20:40:39 [debug    ] epoch_start                    epoch=10 total_epochs=50
2026-05-16 20:46:25 [info     ] epoch_complete                 epoch=10 is_best=False lr=0.0008899999999999917 total_epochs=50 train_loss=0.031492 val_loss=0.028865
2026-05-16 20:46:25 [debug    ] epoch_start                    epoch=11 total_epochs=50
2026-05-16 20:52:07 [info     ] epoch_complete                 epoch=11 is_best=False lr=0.0008679999999999905 total_epochs=50 train_loss=0.037195 val_loss=0.029019
2026-05-16 20:52:07 [debug    ] epoch_start                    epoch=12 total_epochs=50
2026-05-16 20:57:50 [debug    ] meta_saved                     path=data/models/hidden_96_seed0/meta.json
2026-05-16 20:57:50 [debug    ] model_saved                    epoch=12
2026-05-16 20:57:50 [info     ] epoch_complete                 epoch=12 is_best=True lr=0.000845999999999989 total_epochs=50 train_loss=0.031977 val_loss=0.027976
2026-05-16 20:57:50 [debug    ] epoch_start                    epoch=13 total_epochs=50
2026-05-16 21:03:33 [debug    ] meta_saved                     path=data/models/hidden_96_seed0/meta.json
2026-05-16 21:03:33 [debug    ] model_saved                    epoch=13
2026-05-16 21:03:33 [info     ] epoch_complete                 epoch=13 is_best=True lr=0.0008239999999999856 total_epochs=50 train_loss=0.031137 val_loss=0.027719
2026-05-16 21:03:33 [debug    ] epoch_start                    epoch=14 total_epochs=50
2026-05-16 21:09:16 [debug    ] meta_saved                     path=data/models/hidden_96_seed0/meta.json
2026-05-16 21:09:16 [debug    ] model_saved                    epoch=14
2026-05-16 21:09:16 [info     ] epoch_complete                 epoch=14 is_best=True lr=0.0008019999999999825 total_epochs=50 train_loss=0.030723 val_loss=0.027552
2026-05-16 21:09:16 [debug    ] epoch_start                    epoch=15 total_epochs=50
2026-05-16 21:14:59 [info     ] epoch_complete                 epoch=15 is_best=False lr=0.0007799999999999793 total_epochs=50 train_loss=0.03045 val_loss=0.027738
2026-05-16 21:14:59 [debug    ] epoch_start                    epoch=16 total_epochs=50
2026-05-16 21:20:44 [info     ] epoch_complete                 epoch=16 is_best=False lr=0.0007579999999999761 total_epochs=50 train_loss=0.032072 val_loss=0.027887
2026-05-16 21:20:44 [debug    ] epoch_start                    epoch=17 total_epochs=50
2026-05-16 21:26:25 [debug    ] meta_saved                     path=data/models/hidden_96_seed0/meta.json
2026-05-16 21:26:25 [debug    ] model_saved                    epoch=17
2026-05-16 21:26:25 [info     ] epoch_complete                 epoch=17 is_best=True lr=0.0007359999999999731 total_epochs=50 train_loss=0.030466 val_loss=0.027459
2026-05-16 21:26:25 [debug    ] epoch_start                    epoch=18 total_epochs=50
2026-05-16 21:32:06 [info     ] epoch_complete                 epoch=18 is_best=False lr=0.0007139999999999699 total_epochs=50 train_loss=0.056115 val_loss=0.035058
2026-05-16 21:32:06 [debug    ] epoch_start                    epoch=19 total_epochs=50
2026-05-16 21:37:48 [info     ] epoch_complete                 epoch=19 is_best=False lr=0.0006919999999999653 total_epochs=50 train_loss=0.034884 val_loss=0.030079
2026-05-16 21:37:48 [debug    ] epoch_start                    epoch=20 total_epochs=50
2026-05-16 21:43:30 [info     ] epoch_complete                 epoch=20 is_best=False lr=0.0006699999999999609 total_epochs=50 train_loss=0.032141 val_loss=0.028566
2026-05-16 21:43:30 [debug    ] epoch_start                    epoch=21 total_epochs=50
2026-05-16 21:49:14 [info     ] epoch_complete                 epoch=21 is_best=False lr=0.0006479999999999558 total_epochs=50 train_loss=0.031042 val_loss=0.028116
2026-05-16 21:49:14 [debug    ] epoch_start                    epoch=22 total_epochs=50
2026-05-16 21:54:55 [info     ] epoch_complete                 epoch=22 is_best=False lr=0.0006259999999999505 total_epochs=50 train_loss=0.030563 val_loss=0.028155
2026-05-16 21:54:55 [debug    ] epoch_start                    epoch=23 total_epochs=50
2026-05-16 22:00:33 [debug    ] meta_saved                     path=data/models/hidden_96_seed0/meta.json
2026-05-16 22:00:33 [debug    ] model_saved                    epoch=23
2026-05-16 22:00:33 [info     ] epoch_complete                 epoch=23 is_best=True lr=0.0006039999999999452 total_epochs=50 train_loss=0.030366 val_loss=0.027422
2026-05-16 22:00:33 [debug    ] epoch_start                    epoch=24 total_epochs=50
2026-05-16 22:06:16 [info     ] epoch_complete                 epoch=24 is_best=False lr=0.0005819999999999399 total_epochs=50 train_loss=0.031767 val_loss=0.029185
2026-05-16 22:06:16 [debug    ] epoch_start                    epoch=25 total_epochs=50
2026-05-16 22:11:54 [info     ] epoch_complete                 epoch=25 is_best=False lr=0.0005599999999999346 total_epochs=50 train_loss=0.030511 val_loss=0.027723
2026-05-16 22:11:54 [debug    ] epoch_start                    epoch=26 total_epochs=50
2026-05-16 22:17:36 [info     ] epoch_complete                 epoch=26 is_best=False lr=0.0005379999999999293 total_epochs=50 train_loss=0.029971 val_loss=0.027943
2026-05-16 22:17:36 [debug    ] epoch_start                    epoch=27 total_epochs=50
2026-05-16 22:23:19 [info     ] epoch_complete                 epoch=27 is_best=False lr=0.000515999999999924 total_epochs=50 train_loss=0.029666 val_loss=0.027468
2026-05-16 22:23:19 [debug    ] epoch_start                    epoch=28 total_epochs=50
2026-05-16 22:28:58 [debug    ] meta_saved                     path=data/models/hidden_96_seed0/meta.json
2026-05-16 22:28:58 [debug    ] model_saved                    epoch=28
2026-05-16 22:28:58 [info     ] epoch_complete                 epoch=28 is_best=True lr=0.0004939999999999187 total_epochs=50 train_loss=0.029566 val_loss=0.027141
2026-05-16 22:28:58 [debug    ] epoch_start                    epoch=29 total_epochs=50
2026-05-16 22:34:37 [info     ] epoch_complete                 epoch=29 is_best=False lr=0.00047199999999991997 total_epochs=50 train_loss=0.029505 val_loss=0.028058
2026-05-16 22:34:37 [debug    ] epoch_start                    epoch=30 total_epochs=50
2026-05-16 22:40:19 [debug    ] meta_saved                     path=data/models/hidden_96_seed0/meta.json
2026-05-16 22:40:19 [debug    ] model_saved                    epoch=30
2026-05-16 22:40:19 [info     ] epoch_complete                 epoch=30 is_best=True lr=0.00044999999999992393 total_epochs=50 train_loss=0.029482 val_loss=0.027094
2026-05-16 22:40:19 [debug    ] epoch_start                    epoch=31 total_epochs=50
2026-05-16 22:46:02 [debug    ] meta_saved                     path=data/models/hidden_96_seed0/meta.json
2026-05-16 22:46:02 [debug    ] model_saved                    epoch=31
2026-05-16 22:46:02 [info     ] epoch_complete                 epoch=31 is_best=True lr=0.0004279999999999269 total_epochs=50 train_loss=0.029214 val_loss=0.026948
2026-05-16 22:46:02 [debug    ] epoch_start                    epoch=32 total_epochs=50
2026-05-16 22:51:40 [info     ] epoch_complete                 epoch=32 is_best=False lr=0.0004059999999999309 total_epochs=50 train_loss=0.029872 val_loss=0.028257
2026-05-16 22:51:40 [debug    ] epoch_start                    epoch=33 total_epochs=50
2026-05-16 22:57:20 [info     ] epoch_complete                 epoch=33 is_best=False lr=0.0003839999999999346 total_epochs=50 train_loss=0.029446 val_loss=0.027539
2026-05-16 22:57:20 [debug    ] epoch_start                    epoch=34 total_epochs=50
2026-05-16 23:03:02 [info     ] epoch_complete                 epoch=34 is_best=False lr=0.0003619999999999374 total_epochs=50 train_loss=0.029317 val_loss=0.027553
2026-05-16 23:03:02 [debug    ] epoch_start                    epoch=35 total_epochs=50
2026-05-16 23:08:42 [info     ] epoch_complete                 epoch=35 is_best=False lr=0.0003399999999999421 total_epochs=50 train_loss=0.029658 val_loss=0.027529
2026-05-16 23:08:42 [debug    ] epoch_start                    epoch=36 total_epochs=50
2026-05-16 23:14:24 [debug    ] meta_saved                     path=data/models/hidden_96_seed0/meta.json
2026-05-16 23:14:24 [debug    ] model_saved                    epoch=36
2026-05-16 23:14:24 [info     ] epoch_complete                 epoch=36 is_best=True lr=0.00031799999999994485 total_epochs=50 train_loss=0.029038 val_loss=0.026664
2026-05-16 23:14:24 [debug    ] epoch_start                    epoch=37 total_epochs=50
2026-05-16 23:20:07 [info     ] epoch_complete                 epoch=37 is_best=False lr=0.00029599999999994756 total_epochs=50 train_loss=0.029003 val_loss=0.026832
2026-05-16 23:20:07 [debug    ] epoch_start                    epoch=38 total_epochs=50
2026-05-16 23:25:49 [info     ] epoch_complete                 epoch=38 is_best=False lr=0.0002739999999999507 total_epochs=50 train_loss=0.037122 val_loss=0.031637
2026-05-16 23:25:49 [debug    ] epoch_start                    epoch=39 total_epochs=50
2026-05-16 23:31:31 [info     ] epoch_complete                 epoch=39 is_best=False lr=0.0002519999999999539 total_epochs=50 train_loss=0.035115 val_loss=0.037911
2026-05-16 23:31:31 [debug    ] epoch_start                    epoch=40 total_epochs=50
2026-05-16 23:37:12 [info     ] epoch_complete                 epoch=40 is_best=False lr=0.00022999999999995737 total_epochs=50 train_loss=0.034601 val_loss=0.029451
2026-05-16 23:37:12 [debug    ] epoch_start                    epoch=41 total_epochs=50
2026-05-16 23:42:55 [info     ] epoch_complete                 epoch=41 is_best=False lr=0.00020799999999996188 total_epochs=50 train_loss=0.031869 val_loss=0.028422
2026-05-16 23:42:55 [debug    ] epoch_start                    epoch=42 total_epochs=50
2026-05-16 23:48:34 [info     ] epoch_complete                 epoch=42 is_best=False lr=0.0001859999999999664 total_epochs=50 train_loss=0.029967 val_loss=0.027648
2026-05-16 23:48:34 [debug    ] epoch_start                    epoch=43 total_epochs=50
2026-05-16 23:54:13 [info     ] epoch_complete                 epoch=43 is_best=False lr=0.00016399999999997095 total_epochs=50 train_loss=0.029422 val_loss=0.028144
2026-05-16 23:54:13 [debug    ] epoch_start                    epoch=44 total_epochs=50
2026-05-16 23:59:55 [info     ] epoch_complete                 epoch=44 is_best=False lr=0.00014199999999997548 total_epochs=50 train_loss=0.029399 val_loss=0.027518
2026-05-16 23:59:55 [debug    ] epoch_start                    epoch=45 total_epochs=50
2026-05-17 00:05:36 [info     ] epoch_complete                 epoch=45 is_best=False lr=0.00011999999999997995 total_epochs=50 train_loss=0.028971 val_loss=0.027344
2026-05-17 00:05:36 [debug    ] epoch_start                    epoch=46 total_epochs=50
2026-05-17 00:11:19 [info     ] epoch_complete                 epoch=46 is_best=False lr=9.799999999998395e-05 total_epochs=50 train_loss=0.028837 val_loss=0.02722
2026-05-17 00:11:19 [debug    ] epoch_start                    epoch=47 total_epochs=50
2026-05-17 00:17:00 [info     ] epoch_complete                 epoch=47 is_best=False lr=7.599999999998802e-05 total_epochs=50 train_loss=0.028878 val_loss=0.026958
2026-05-17 00:17:00 [debug    ] epoch_start                    epoch=48 total_epochs=50
2026-05-17 00:22:42 [info     ] epoch_complete                 epoch=48 is_best=False lr=5.399999999999204e-05 total_epochs=50 train_loss=0.028693 val_loss=0.027136
2026-05-17 00:22:42 [debug    ] epoch_start                    epoch=49 total_epochs=50
2026-05-17 00:28:21 [info     ] epoch_complete                 epoch=49 is_best=False lr=3.199999999999529e-05 total_epochs=50 train_loss=0.028615 val_loss=0.027377
2026-05-17 00:28:21 [debug    ] epoch_start                    epoch=50 total_epochs=50
2026-05-17 00:35:59 [info     ] epoch_complete                 epoch=50 is_best=False lr=9.999999999998564e-06 total_epochs=50 train_loss=0.02865 val_loss=0.027195
2026-05-17 00:35:59 [info     ] training_log_saved             path=data/models/hidden_96_seed0/training_losses.csv
2026-05-17 00:35:59 [info     ] training_complete              best_val_loss=0.026664
2026-05-17 00:35:59 [info     ] train_typecode_done            typecode=A320
2026-05-17 00:35:59 [info     ] train_done                     typecodes=['A320']

$ uv run fdm train --arch adsb --config results_run2/hidden_96_seed0/config.yaml --model-name hidden_96_seed0 --epochs 50 --batch-size 64 --lr 0.001 --method rk4 --seq-len 60 --train-limit 5000 --activation relu --seed 0 --backbone-depth 3 --head-depth 2 --hidden-width 96 --device cuda --no-use-mode-weights
