2026-05-16 19:45:41 [info     ] evaluate_start                 arch=adsb typecodes=['A320']
2026-05-16 19:45:41 [info     ] evaluate_typecode              flights=542 typecode=A320
2026-05-16 19:45:52 [info     ] evaluate_done                  output=data/model_performance/act_gelu_seed0/performance.parquet rows=16
shape: (16, 11)
┌──────────┬─────────────────────────┬──────────────┬───────┬─────────┬──────────┬──────────┬──────────┬─────────┬──────────┬────────┐
│ Aircraft ┆ Variable                ┆ Phase        ┆ Model ┆ MAE     ┆ MAE_std  ┆ MAPE (%) ┆ MAPE_std ┆ ME      ┆ ME_std   ┆ Count  │
│ ---      ┆ ---                     ┆ ---          ┆ ---   ┆ ---     ┆ ---      ┆ ---      ┆ ---      ┆ ---     ┆ ---      ┆ ---    │
│ str      ┆ str                     ┆ str          ┆ str   ┆ f64     ┆ f64      ┆ f64      ┆ f64      ┆ f64     ┆ f64      ┆ i64    │
╞══════════╪═════════════════════════╪══════════════╪═══════╪═════════╪══════════╪══════════╪══════════╪═════════╪══════════╪════════╡
│ A320     ┆ Altitude [m]            ┆ All phases   ┆ PRED  ┆ 256.181 ┆ 631.255  ┆ 5.530    ┆ 19.870   ┆ 144.040 ┆ 665.856  ┆ 478843 │
│ A320     ┆ Altitude [m]            ┆ Climb        ┆ PRED  ┆ 834.311 ┆ 1141.769 ┆ 18.770   ┆ 39.670   ┆ 670.142 ┆ 1245.239 ┆ 90018  │
│ A320     ┆ Altitude [m]            ┆ Level flight ┆ PRED  ┆ 63.908  ┆ 194.743  ┆ 0.833    ┆ 5.521    ┆ 19.764  ┆ 204.006  ┆ 296839 │
│ A320     ┆ Altitude [m]            ┆ Descent      ┆ PRED  ┆ 310.883 ┆ 476.279  ┆ 7.731    ┆ 13.011   ┆ 30.235  ┆ 567.958  ┆ 91986  │
│ A320     ┆ Flight path angle [deg] ┆ All phases   ┆ PRED  ┆ 0.280   ┆ 0.613    ┆ NaN      ┆ NaN      ┆ -0.063  ┆ 0.671    ┆ 478843 │
│ A320     ┆ Flight path angle [deg] ┆ Climb        ┆ PRED  ┆ 0.729   ┆ 0.983    ┆ NaN      ┆ NaN      ┆ -0.419  ┆ 1.150    ┆ 90018  │
│ A320     ┆ Flight path angle [deg] ┆ Level flight ┆ PRED  ┆ 0.076   ┆ 0.245    ┆ NaN      ┆ NaN      ┆ -0.006  ┆ 0.256    ┆ 296839 │
│ A320     ┆ Flight path angle [deg] ┆ Descent      ┆ PRED  ┆ 0.498   ┆ 0.662    ┆ NaN      ┆ NaN      ┆ 0.099   ┆ 0.822    ┆ 91986  │
│ A320     ┆ Heading [deg]           ┆ All phases   ┆ PRED  ┆ 2.103   ┆ 7.193    ┆ NaN      ┆ NaN      ┆ 0.415   ┆ 7.482    ┆ 478843 │
│ A320     ┆ Heading [deg]           ┆ Climb        ┆ PRED  ┆ 2.547   ┆ 8.010    ┆ NaN      ┆ NaN      ┆ 0.233   ┆ 8.402    ┆ 90018  │
│ A320     ┆ Heading [deg]           ┆ Level flight ┆ PRED  ┆ 1.848   ┆ 6.541    ┆ NaN      ┆ NaN      ┆ 0.531   ┆ 6.776    ┆ 296839 │
│ A320     ┆ Heading [deg]           ┆ Descent      ┆ PRED  ┆ 2.492   ┆ 8.241    ┆ NaN      ┆ NaN      ┆ 0.219   ┆ 8.607    ┆ 91986  │
│ A320     ┆ True airspeed [m/s]     ┆ All phases   ┆ PRED  ┆ 3.167   ┆ 7.598    ┆ 1.788    ┆ 5.934    ┆ 0.678   ┆ 8.204    ┆ 478843 │
│ A320     ┆ True airspeed [m/s]     ┆ Climb        ┆ PRED  ┆ 5.849   ┆ 13.653   ┆ 3.647    ┆ 10.477   ┆ 2.721   ┆ 14.602   ┆ 90018  │
│ A320     ┆ True airspeed [m/s]     ┆ Level flight ┆ PRED  ┆ 2.157   ┆ 4.434    ┆ 1.071    ┆ 4.129    ┆ 0.392   ┆ 4.916    ┆ 296839 │
│ A320     ┆ True airspeed [m/s]     ┆ Descent      ┆ PRED  ┆ 3.799   ┆ 6.629    ┆ 2.282    ┆ 3.953    ┆ -0.401  ┆ 7.630    ┆ 91986  │
└──────────┴─────────────────────────┴──────────────┴───────┴─────────┴──────────┴──────────┴──────────┴─────────┴──────────┴────────┘

$ uv run fdm evaluate --arch adsb --config results_run2/act_gelu_seed0/config.yaml --model-name act_gelu_seed0
