2026-05-16 12:58:45 [info     ] train_start                    arch=adsb device=cuda typecodes=['A320']
2026-05-16 12:58:45 [info     ] train_typecode                 typecode=A320
2026-05-16 12:58:45 [info     ] loading_data                   train_flights=1594 val_flights=247
2026-05-16 12:58:45 [warning  ] e1_column_missing              column=fdm_g_sin_gamma_ms2
2026-05-16 12:58:45 [warning  ] e1_column_missing              column=fdm_cos_gamma
2026-05-16 12:58:45 [warning  ] e1_column_missing              column=fdm_q_pa
2026-05-16 12:58:45 [warning  ] e1_column_missing              column=fdm_g_over_v
2026-05-16 12:58:45 [warning  ] e1_column_missing              column=fdm_lat_wind_ms
2026-05-16 12:58:45 [warning  ] e1_column_missing              column=fdm_drift_rad
2026-05-16 12:58:45 [warning  ] e1_column_missing              column=fdm_track_rad
2026-05-16 12:58:45 [warning  ] e1_column_missing              column=fdm_heading_diff_rad
2026-05-16 12:58:50 [warning  ] e1_column_missing              column=fdm_g_sin_gamma_ms2
2026-05-16 12:58:50 [warning  ] e1_column_missing              column=fdm_cos_gamma
2026-05-16 12:58:50 [warning  ] e1_column_missing              column=fdm_q_pa
2026-05-16 12:58:50 [warning  ] e1_column_missing              column=fdm_g_over_v
2026-05-16 12:58:50 [warning  ] e1_column_missing              column=fdm_lat_wind_ms
2026-05-16 12:58:50 [warning  ] e1_column_missing              column=fdm_drift_rad
2026-05-16 12:58:50 [warning  ] e1_column_missing              column=fdm_track_rad
2026-05-16 12:58:50 [warning  ] e1_column_missing              column=fdm_heading_diff_rad
2026-05-16 12:58:51 [info     ] data_loaded                    train_samples=23212 val_samples=3628
2026-05-16 12:59:06 [debug    ] meta_saved                     path=data/models/act_gelu_seed0/meta.json
2026-05-16 12:59:06 [info     ] trainer_initialized            architecture=node_adsb_v1 device=cuda train_samples=23212 val_samples=3628
2026-05-16 12:59:06 [info     ] preloading_data_to_gpu
2026-05-16 12:59:06 [debug    ] epoch_start                    epoch=1 total_epochs=50
/data/common/dataiku/config/projects/NODEFDM/lib/python/.venv/lib/python3.12/site-packages/torch/_inductor/compile_fx.py:321: UserWarning: TensorFloat32 tensor cores for float32 matrix multiplication available but not enabled. Consider setting `torch.set_float32_matmul_precision('high')` for better performance.
  warnings.warn(
2026-05-16 12:59:30 [info     ] debug_magnitudes               norm_mean=['8568.283203', '-0.001322', '213.622833', '3.253931'] norm_std=['2269.236084', '0.038830', '32.838379', '1.246786'] ode_loss=0.902837
W0516 13:06:42.010000 535881 torch/_dynamo/convert_frame.py:1676] [0/8] torch._dynamo hit config.recompile_limit (8)
W0516 13:06:42.010000 535881 torch/_dynamo/convert_frame.py:1676] [0/8]    function: 'forward' (/data/common/dataiku/config/projects/NODEFDM/lib/python/packages/node-fdm/src/node_fdm/models/fdm.py:181)
W0516 13:06:42.010000 535881 torch/_dynamo/convert_frame.py:1676] [0/8]    last reason: 0/7: tensor 'self.history['raw_alt_m']' size mismatch at index 1. expected 1, actual 2
W0516 13:06:42.010000 535881 torch/_dynamo/convert_frame.py:1676] [0/8] To log all recompilation reasons, use TORCH_LOGS="recompiles".
W0516 13:06:42.010000 535881 torch/_dynamo/convert_frame.py:1676] [0/8] To diagnose recompilation issues, see https://pytorch.org/docs/main/compile/programming_model.recompilation.html
2026-05-16 13:06:42 [debug    ] meta_saved                     path=data/models/act_gelu_seed0/meta.json
2026-05-16 13:06:42 [debug    ] model_saved                    epoch=1
2026-05-16 13:06:42 [info     ] epoch_complete                 epoch=1 is_best=True lr=0.0002080000000000004 total_epochs=50 train_loss=0.216259 val_loss=0.070287
2026-05-16 13:06:42 [debug    ] epoch_start                    epoch=2 total_epochs=50
2026-05-16 13:12:58 [debug    ] meta_saved                     path=data/models/act_gelu_seed0/meta.json
2026-05-16 13:12:58 [debug    ] model_saved                    epoch=2
2026-05-16 13:12:58 [info     ] epoch_complete                 epoch=2 is_best=True lr=0.0004060000000000004 total_epochs=50 train_loss=0.067187 val_loss=0.048361
2026-05-16 13:12:58 [debug    ] epoch_start                    epoch=3 total_epochs=50
2026-05-16 13:19:05 [debug    ] meta_saved                     path=data/models/act_gelu_seed0/meta.json
2026-05-16 13:19:05 [debug    ] model_saved                    epoch=3
2026-05-16 13:19:05 [info     ] epoch_complete                 epoch=3 is_best=True lr=0.0006040000000000011 total_epochs=50 train_loss=0.043466 val_loss=0.035653
2026-05-16 13:19:05 [debug    ] epoch_start                    epoch=4 total_epochs=50
2026-05-16 13:24:57 [debug    ] meta_saved                     path=data/models/act_gelu_seed0/meta.json
2026-05-16 13:24:57 [debug    ] model_saved                    epoch=4
2026-05-16 13:24:57 [info     ] epoch_complete                 epoch=4 is_best=True lr=0.000801999999999999 total_epochs=50 train_loss=0.038124 val_loss=0.033807
2026-05-16 13:24:57 [debug    ] epoch_start                    epoch=5 total_epochs=50
2026-05-16 13:30:48 [debug    ] meta_saved                     path=data/models/act_gelu_seed0/meta.json
2026-05-16 13:30:48 [debug    ] model_saved                    epoch=5
2026-05-16 13:30:48 [info     ] epoch_complete                 epoch=5 is_best=True lr=0.001 total_epochs=50 train_loss=0.036567 val_loss=0.031911
2026-05-16 13:30:48 [debug    ] epoch_start                    epoch=6 total_epochs=50
2026-05-16 13:36:36 [debug    ] meta_saved                     path=data/models/act_gelu_seed0/meta.json
2026-05-16 13:36:36 [debug    ] model_saved                    epoch=6
2026-05-16 13:36:36 [info     ] epoch_complete                 epoch=6 is_best=True lr=0.0009779999999999947 total_epochs=50 train_loss=0.034923 val_loss=0.031084
2026-05-16 13:36:36 [debug    ] epoch_start                    epoch=7 total_epochs=50
2026-05-16 13:42:22 [debug    ] meta_saved                     path=data/models/act_gelu_seed0/meta.json
2026-05-16 13:42:22 [debug    ] model_saved                    epoch=7
2026-05-16 13:42:22 [info     ] epoch_complete                 epoch=7 is_best=True lr=0.0009559999999999942 total_epochs=50 train_loss=0.034703 val_loss=0.031066
2026-05-16 13:42:22 [debug    ] epoch_start                    epoch=8 total_epochs=50
2026-05-16 13:48:08 [info     ] epoch_complete                 epoch=8 is_best=False lr=0.0009339999999999934 total_epochs=50 train_loss=0.033556 val_loss=0.031221
2026-05-16 13:48:08 [debug    ] epoch_start                    epoch=9 total_epochs=50
2026-05-16 13:53:54 [debug    ] meta_saved                     path=data/models/act_gelu_seed0/meta.json
2026-05-16 13:53:54 [debug    ] model_saved                    epoch=9
2026-05-16 13:53:54 [info     ] epoch_complete                 epoch=9 is_best=True lr=0.0009119999999999924 total_epochs=50 train_loss=0.033076 val_loss=0.029807
2026-05-16 13:53:54 [debug    ] epoch_start                    epoch=10 total_epochs=50
2026-05-16 13:59:40 [info     ] epoch_complete                 epoch=10 is_best=False lr=0.0008899999999999917 total_epochs=50 train_loss=0.032638 val_loss=0.03028
2026-05-16 13:59:40 [debug    ] epoch_start                    epoch=11 total_epochs=50
2026-05-16 14:05:28 [debug    ] meta_saved                     path=data/models/act_gelu_seed0/meta.json
2026-05-16 14:05:28 [debug    ] model_saved                    epoch=11
2026-05-16 14:05:28 [info     ] epoch_complete                 epoch=11 is_best=True lr=0.0008679999999999905 total_epochs=50 train_loss=0.032255 val_loss=0.0293
2026-05-16 14:05:28 [debug    ] epoch_start                    epoch=12 total_epochs=50
2026-05-16 14:11:15 [debug    ] meta_saved                     path=data/models/act_gelu_seed0/meta.json
2026-05-16 14:11:15 [debug    ] model_saved                    epoch=12
2026-05-16 14:11:15 [info     ] epoch_complete                 epoch=12 is_best=True lr=0.000845999999999989 total_epochs=50 train_loss=0.032129 val_loss=0.029205
2026-05-16 14:11:15 [debug    ] epoch_start                    epoch=13 total_epochs=50
2026-05-16 14:17:00 [info     ] epoch_complete                 epoch=13 is_best=False lr=0.0008239999999999856 total_epochs=50 train_loss=0.031965 val_loss=0.02959
2026-05-16 14:17:00 [debug    ] epoch_start                    epoch=14 total_epochs=50
2026-05-16 14:22:47 [debug    ] meta_saved                     path=data/models/act_gelu_seed0/meta.json
2026-05-16 14:22:47 [debug    ] model_saved                    epoch=14
2026-05-16 14:22:47 [info     ] epoch_complete                 epoch=14 is_best=True lr=0.0008019999999999825 total_epochs=50 train_loss=0.03182 val_loss=0.028906
2026-05-16 14:22:47 [debug    ] epoch_start                    epoch=15 total_epochs=50
2026-05-16 14:28:33 [info     ] epoch_complete                 epoch=15 is_best=False lr=0.0007799999999999793 total_epochs=50 train_loss=0.031656 val_loss=0.029055
2026-05-16 14:28:33 [debug    ] epoch_start                    epoch=16 total_epochs=50
2026-05-16 14:34:20 [info     ] epoch_complete                 epoch=16 is_best=False lr=0.0007579999999999761 total_epochs=50 train_loss=0.031404 val_loss=0.028997
2026-05-16 14:34:20 [debug    ] epoch_start                    epoch=17 total_epochs=50
2026-05-16 14:40:07 [info     ] epoch_complete                 epoch=17 is_best=False lr=0.0007359999999999731 total_epochs=50 train_loss=0.031459 val_loss=0.028918
2026-05-16 14:40:07 [debug    ] epoch_start                    epoch=18 total_epochs=50
2026-05-16 14:45:53 [info     ] epoch_complete                 epoch=18 is_best=False lr=0.0007139999999999699 total_epochs=50 train_loss=0.031348 val_loss=0.029
2026-05-16 14:45:53 [debug    ] epoch_start                    epoch=19 total_epochs=50
2026-05-16 14:51:39 [debug    ] meta_saved                     path=data/models/act_gelu_seed0/meta.json
2026-05-16 14:51:39 [debug    ] model_saved                    epoch=19
2026-05-16 14:51:39 [info     ] epoch_complete                 epoch=19 is_best=True lr=0.0006919999999999653 total_epochs=50 train_loss=0.031452 val_loss=0.028552
2026-05-16 14:51:39 [debug    ] epoch_start                    epoch=20 total_epochs=50
2026-05-16 14:57:25 [debug    ] meta_saved                     path=data/models/act_gelu_seed0/meta.json
2026-05-16 14:57:25 [debug    ] model_saved                    epoch=20
2026-05-16 14:57:25 [info     ] epoch_complete                 epoch=20 is_best=True lr=0.0006699999999999609 total_epochs=50 train_loss=0.031011 val_loss=0.028499
2026-05-16 14:57:25 [debug    ] epoch_start                    epoch=21 total_epochs=50
2026-05-16 15:03:11 [debug    ] meta_saved                     path=data/models/act_gelu_seed0/meta.json
2026-05-16 15:03:11 [debug    ] model_saved                    epoch=21
2026-05-16 15:03:11 [info     ] epoch_complete                 epoch=21 is_best=True lr=0.0006479999999999558 total_epochs=50 train_loss=0.030848 val_loss=0.028325
2026-05-16 15:03:11 [debug    ] epoch_start                    epoch=22 total_epochs=50
2026-05-16 15:08:56 [info     ] epoch_complete                 epoch=22 is_best=False lr=0.0006259999999999505 total_epochs=50 train_loss=0.030788 val_loss=0.028881
2026-05-16 15:08:56 [debug    ] epoch_start                    epoch=23 total_epochs=50
2026-05-16 15:14:42 [info     ] epoch_complete                 epoch=23 is_best=False lr=0.0006039999999999452 total_epochs=50 train_loss=0.031457 val_loss=0.028486
2026-05-16 15:14:42 [debug    ] epoch_start                    epoch=24 total_epochs=50
2026-05-16 15:20:27 [debug    ] meta_saved                     path=data/models/act_gelu_seed0/meta.json
2026-05-16 15:20:27 [debug    ] model_saved                    epoch=24
2026-05-16 15:20:27 [info     ] epoch_complete                 epoch=24 is_best=True lr=0.0005819999999999399 total_epochs=50 train_loss=0.030626 val_loss=0.028252
2026-05-16 15:20:27 [debug    ] epoch_start                    epoch=25 total_epochs=50
2026-05-16 15:26:13 [debug    ] meta_saved                     path=data/models/act_gelu_seed0/meta.json
2026-05-16 15:26:13 [debug    ] model_saved                    epoch=25
2026-05-16 15:26:13 [info     ] epoch_complete                 epoch=25 is_best=True lr=0.0005599999999999346 total_epochs=50 train_loss=0.030563 val_loss=0.028069
2026-05-16 15:26:13 [debug    ] epoch_start                    epoch=26 total_epochs=50
2026-05-16 15:31:57 [info     ] epoch_complete                 epoch=26 is_best=False lr=0.0005379999999999293 total_epochs=50 train_loss=0.030461 val_loss=0.028295
2026-05-16 15:31:57 [debug    ] epoch_start                    epoch=27 total_epochs=50
2026-05-16 15:37:42 [debug    ] meta_saved                     path=data/models/act_gelu_seed0/meta.json
2026-05-16 15:37:42 [debug    ] model_saved                    epoch=27
2026-05-16 15:37:42 [info     ] epoch_complete                 epoch=27 is_best=True lr=0.000515999999999924 total_epochs=50 train_loss=0.030305 val_loss=0.028048
2026-05-16 15:37:42 [debug    ] epoch_start                    epoch=28 total_epochs=50
2026-05-16 15:43:28 [debug    ] meta_saved                     path=data/models/act_gelu_seed0/meta.json
2026-05-16 15:43:28 [debug    ] model_saved                    epoch=28
2026-05-16 15:43:28 [info     ] epoch_complete                 epoch=28 is_best=True lr=0.0004939999999999187 total_epochs=50 train_loss=0.030205 val_loss=0.027922
2026-05-16 15:43:28 [debug    ] epoch_start                    epoch=29 total_epochs=50
2026-05-16 15:49:12 [info     ] epoch_complete                 epoch=29 is_best=False lr=0.00047199999999991997 total_epochs=50 train_loss=0.030096 val_loss=0.028487
2026-05-16 15:49:12 [debug    ] epoch_start                    epoch=30 total_epochs=50
2026-05-16 15:55:52 [debug    ] meta_saved                     path=data/models/act_gelu_seed0/meta.json
2026-05-16 15:55:52 [debug    ] model_saved                    epoch=30
2026-05-16 15:55:52 [info     ] epoch_complete                 epoch=30 is_best=True lr=0.00044999999999992393 total_epochs=50 train_loss=0.030978 val_loss=0.027645
2026-05-16 15:55:52 [debug    ] epoch_start                    epoch=31 total_epochs=50
2026-05-16 16:01:45 [info     ] epoch_complete                 epoch=31 is_best=False lr=0.0004279999999999269 total_epochs=50 train_loss=0.030205 val_loss=0.027694
2026-05-16 16:01:45 [debug    ] epoch_start                    epoch=32 total_epochs=50
2026-05-16 16:07:31 [debug    ] meta_saved                     path=data/models/act_gelu_seed0/meta.json
2026-05-16 16:07:31 [debug    ] model_saved                    epoch=32
2026-05-16 16:07:31 [info     ] epoch_complete                 epoch=32 is_best=True lr=0.0004059999999999309 total_epochs=50 train_loss=0.029711 val_loss=0.027624
2026-05-16 16:07:31 [debug    ] epoch_start                    epoch=33 total_epochs=50
2026-05-16 16:13:17 [debug    ] meta_saved                     path=data/models/act_gelu_seed0/meta.json
2026-05-16 16:13:17 [debug    ] model_saved                    epoch=33
2026-05-16 16:13:17 [info     ] epoch_complete                 epoch=33 is_best=True lr=0.0003839999999999346 total_epochs=50 train_loss=0.029602 val_loss=0.027606
2026-05-16 16:13:17 [debug    ] epoch_start                    epoch=34 total_epochs=50
2026-05-16 16:19:03 [debug    ] meta_saved                     path=data/models/act_gelu_seed0/meta.json
2026-05-16 16:19:03 [debug    ] model_saved                    epoch=34
2026-05-16 16:19:03 [info     ] epoch_complete                 epoch=34 is_best=True lr=0.0003619999999999374 total_epochs=50 train_loss=0.029492 val_loss=0.027322
2026-05-16 16:19:03 [debug    ] epoch_start                    epoch=35 total_epochs=50
2026-05-16 16:24:47 [info     ] epoch_complete                 epoch=35 is_best=False lr=0.0003399999999999421 total_epochs=50 train_loss=0.030507 val_loss=0.028629
2026-05-16 16:24:47 [debug    ] epoch_start                    epoch=36 total_epochs=50
2026-05-16 16:30:33 [debug    ] meta_saved                     path=data/models/act_gelu_seed0/meta.json
2026-05-16 16:30:33 [debug    ] model_saved                    epoch=36
2026-05-16 16:30:33 [info     ] epoch_complete                 epoch=36 is_best=True lr=0.00031799999999994485 total_epochs=50 train_loss=0.030467 val_loss=0.027191
2026-05-16 16:30:33 [debug    ] epoch_start                    epoch=37 total_epochs=50
2026-05-16 16:36:17 [debug    ] meta_saved                     path=data/models/act_gelu_seed0/meta.json
2026-05-16 16:36:17 [debug    ] model_saved                    epoch=37
2026-05-16 16:36:17 [info     ] epoch_complete                 epoch=37 is_best=True lr=0.00029599999999994756 total_epochs=50 train_loss=0.029446 val_loss=0.027057
2026-05-16 16:36:17 [debug    ] epoch_start                    epoch=38 total_epochs=50
2026-05-16 16:42:02 [debug    ] meta_saved                     path=data/models/act_gelu_seed0/meta.json
2026-05-16 16:42:02 [debug    ] model_saved                    epoch=38
2026-05-16 16:42:02 [info     ] epoch_complete                 epoch=38 is_best=True lr=0.0002739999999999507 total_epochs=50 train_loss=0.029331 val_loss=0.026942
2026-05-16 16:42:02 [debug    ] epoch_start                    epoch=39 total_epochs=50
2026-05-16 16:47:48 [info     ] epoch_complete                 epoch=39 is_best=False lr=0.0002519999999999539 total_epochs=50 train_loss=0.029737 val_loss=0.027295
2026-05-16 16:47:48 [debug    ] epoch_start                    epoch=40 total_epochs=50
2026-05-16 16:53:34 [info     ] epoch_complete                 epoch=40 is_best=False lr=0.00022999999999995737 total_epochs=50 train_loss=0.030345 val_loss=0.030373
2026-05-16 16:53:34 [debug    ] epoch_start                    epoch=41 total_epochs=50
2026-05-16 16:59:18 [debug    ] meta_saved                     path=data/models/act_gelu_seed0/meta.json
2026-05-16 16:59:18 [debug    ] model_saved                    epoch=41
2026-05-16 16:59:18 [info     ] epoch_complete                 epoch=41 is_best=True lr=0.00020799999999996188 total_epochs=50 train_loss=0.030105 val_loss=0.026888
2026-05-16 16:59:18 [debug    ] epoch_start                    epoch=42 total_epochs=50
2026-05-16 17:05:03 [debug    ] meta_saved                     path=data/models/act_gelu_seed0/meta.json
2026-05-16 17:05:03 [debug    ] model_saved                    epoch=42
2026-05-16 17:05:03 [info     ] epoch_complete                 epoch=42 is_best=True lr=0.0001859999999999664 total_epochs=50 train_loss=0.029063 val_loss=0.026842
2026-05-16 17:05:03 [debug    ] epoch_start                    epoch=43 total_epochs=50
2026-05-16 17:10:49 [info     ] epoch_complete                 epoch=43 is_best=False lr=0.00016399999999997095 total_epochs=50 train_loss=0.028962 val_loss=0.026922
2026-05-16 17:10:49 [debug    ] epoch_start                    epoch=44 total_epochs=50
2026-05-16 17:16:35 [debug    ] meta_saved                     path=data/models/act_gelu_seed0/meta.json
2026-05-16 17:16:35 [debug    ] model_saved                    epoch=44
2026-05-16 17:16:35 [info     ] epoch_complete                 epoch=44 is_best=True lr=0.00014199999999997548 total_epochs=50 train_loss=0.028878 val_loss=0.026733
2026-05-16 17:16:35 [debug    ] epoch_start                    epoch=45 total_epochs=50
2026-05-16 17:22:19 [debug    ] meta_saved                     path=data/models/act_gelu_seed0/meta.json
2026-05-16 17:22:19 [debug    ] model_saved                    epoch=45
2026-05-16 17:22:19 [info     ] epoch_complete                 epoch=45 is_best=True lr=0.00011999999999997995 total_epochs=50 train_loss=0.028727 val_loss=0.026706
2026-05-16 17:22:19 [debug    ] epoch_start                    epoch=46 total_epochs=50
2026-05-16 17:28:07 [info     ] epoch_complete                 epoch=46 is_best=False lr=9.799999999998395e-05 total_epochs=50 train_loss=0.028765 val_loss=0.027281
2026-05-16 17:28:07 [debug    ] epoch_start                    epoch=47 total_epochs=50
2026-05-16 17:33:52 [debug    ] meta_saved                     path=data/models/act_gelu_seed0/meta.json
2026-05-16 17:33:52 [debug    ] model_saved                    epoch=47
2026-05-16 17:33:52 [info     ] epoch_complete                 epoch=47 is_best=True lr=7.599999999998802e-05 total_epochs=50 train_loss=0.028876 val_loss=0.026675
2026-05-16 17:33:52 [debug    ] epoch_start                    epoch=48 total_epochs=50
2026-05-16 17:39:38 [info     ] epoch_complete                 epoch=48 is_best=False lr=5.399999999999204e-05 total_epochs=50 train_loss=0.028599 val_loss=0.026689
2026-05-16 17:39:38 [debug    ] epoch_start                    epoch=49 total_epochs=50
2026-05-16 17:45:20 [debug    ] meta_saved                     path=data/models/act_gelu_seed0/meta.json
2026-05-16 17:45:20 [debug    ] model_saved                    epoch=49
2026-05-16 17:45:20 [info     ] epoch_complete                 epoch=49 is_best=True lr=3.199999999999529e-05 total_epochs=50 train_loss=0.0286 val_loss=0.026643
2026-05-16 17:45:20 [debug    ] epoch_start                    epoch=50 total_epochs=50
2026-05-16 17:51:05 [debug    ] meta_saved                     path=data/models/act_gelu_seed0/meta.json
2026-05-16 17:51:05 [debug    ] model_saved                    epoch=50
2026-05-16 17:51:05 [info     ] epoch_complete                 epoch=50 is_best=True lr=9.999999999998564e-06 total_epochs=50 train_loss=0.02848 val_loss=0.026588
2026-05-16 17:51:05 [info     ] training_log_saved             path=data/models/act_gelu_seed0/training_losses.csv
2026-05-16 17:51:05 [info     ] training_complete              best_val_loss=0.026588
2026-05-16 17:51:05 [info     ] train_typecode_done            typecode=A320
2026-05-16 17:51:05 [info     ] train_done                     typecodes=['A320']

$ uv run fdm train --arch adsb --config results_run2/act_gelu_seed0/config.yaml --model-name act_gelu_seed0 --epochs 50 --batch-size 64 --lr 0.001 --method rk4 --seq-len 60 --train-limit 5000 --activation gelu --seed 0 --backbone-depth 3 --head-depth 2 --hidden-width 48 --device cuda --no-use-mode-weights
