2026-05-17 08:09:47 [info     ] evaluate_start                 arch=adsb typecodes=['A320']
2026-05-17 08:09:47 [info     ] evaluate_typecode              flights=542 typecode=A320
2026-05-17 08:09:59 [info     ] evaluate_done                  output=data/model_performance/backbone_4_seed0/performance.parquet rows=16
shape: (16, 11)
┌──────────┬─────────────────────────┬──────────────┬───────┬─────────┬──────────┬──────────┬──────────┬─────────┬──────────┬────────┐
│ Aircraft ┆ Variable                ┆ Phase        ┆ Model ┆ MAE     ┆ MAE_std  ┆ MAPE (%) ┆ MAPE_std ┆ ME      ┆ ME_std   ┆ Count  │
│ ---      ┆ ---                     ┆ ---          ┆ ---   ┆ ---     ┆ ---      ┆ ---      ┆ ---      ┆ ---     ┆ ---      ┆ ---    │
│ str      ┆ str                     ┆ str          ┆ str   ┆ f64     ┆ f64      ┆ f64      ┆ f64      ┆ f64     ┆ f64      ┆ i64    │
╞══════════╪═════════════════════════╪══════════════╪═══════╪═════════╪══════════╪══════════╪══════════╪═════════╪══════════╪════════╡
│ A320     ┆ Altitude [m]            ┆ All phases   ┆ PRED  ┆ 304.560 ┆ 661.714  ┆ 6.261    ┆ 20.555   ┆ 92.152  ┆ 722.586  ┆ 478843 │
│ A320     ┆ Altitude [m]            ┆ Climb        ┆ PRED  ┆ 889.233 ┆ 1208.085 ┆ 19.679   ┆ 41.012   ┆ 674.299 ┆ 1339.972 ┆ 90018  │
│ A320     ┆ Altitude [m]            ┆ Level flight ┆ PRED  ┆ 108.451 ┆ 202.831  ┆ 1.340    ┆ 5.729    ┆ -38.018 ┆ 226.841  ┆ 296839 │
│ A320     ┆ Altitude [m]            ┆ Descent      ┆ PRED  ┆ 365.241 ┆ 505.997  ┆ 9.007    ┆ 13.622   ┆ -57.481 ┆ 621.393  ┆ 91986  │
│ A320     ┆ Flight path angle [deg] ┆ All phases   ┆ PRED  ┆ 0.296   ┆ 0.618    ┆ NaN      ┆ NaN      ┆ -0.063  ┆ 0.682    ┆ 478843 │
│ A320     ┆ Flight path angle [deg] ┆ Climb        ┆ PRED  ┆ 0.734   ┆ 0.975    ┆ NaN      ┆ NaN      ┆ -0.447  ┆ 1.136    ┆ 90018  │
│ A320     ┆ Flight path angle [deg] ┆ Level flight ┆ PRED  ┆ 0.086   ┆ 0.245    ┆ NaN      ┆ NaN      ┆ -0.006  ┆ 0.259    ┆ 296839 │
│ A320     ┆ Flight path angle [deg] ┆ Descent      ┆ PRED  ┆ 0.543   ┆ 0.686    ┆ NaN      ┆ NaN      ┆ 0.131   ┆ 0.866    ┆ 91986  │
│ A320     ┆ Heading [deg]           ┆ All phases   ┆ PRED  ┆ 2.390   ┆ 6.907    ┆ NaN      ┆ NaN      ┆ 0.827   ┆ 7.262    ┆ 478843 │
│ A320     ┆ Heading [deg]           ┆ Climb        ┆ PRED  ┆ 2.786   ┆ 7.286    ┆ NaN      ┆ NaN      ┆ 0.072   ┆ 7.800    ┆ 90018  │
│ A320     ┆ Heading [deg]           ┆ Level flight ┆ PRED  ┆ 2.160   ┆ 6.292    ┆ NaN      ┆ NaN      ┆ 1.091   ┆ 6.562    ┆ 296839 │
│ A320     ┆ Heading [deg]           ┆ Descent      ┆ PRED  ┆ 2.745   ┆ 8.259    ┆ NaN      ┆ NaN      ┆ 0.714   ┆ 8.674    ┆ 91986  │
│ A320     ┆ True airspeed [m/s]     ┆ All phases   ┆ PRED  ┆ 3.116   ┆ 8.007    ┆ 1.825    ┆ 6.509    ┆ 1.042   ┆ 8.528    ┆ 478843 │
│ A320     ┆ True airspeed [m/s]     ┆ Climb        ┆ PRED  ┆ 6.314   ┆ 14.601   ┆ 4.014    ┆ 11.328   ┆ 4.542   ┆ 15.246   ┆ 90018  │
│ A320     ┆ True airspeed [m/s]     ┆ Level flight ┆ PRED  ┆ 1.877   ┆ 4.443    ┆ 0.972    ┆ 4.619    ┆ 0.333   ┆ 4.812    ┆ 296839 │
│ A320     ┆ True airspeed [m/s]     ┆ Descent      ┆ PRED  ┆ 3.985   ┆ 6.758    ┆ 2.436    ┆ 4.327    ┆ -0.094  ┆ 7.845    ┆ 91986  │
└──────────┴─────────────────────────┴──────────────┴───────┴─────────┴──────────┴──────────┴──────────┴─────────┴──────────┴────────┘

$ uv run fdm evaluate --arch adsb --config results_run2/backbone_4_seed0/config.yaml --model-name backbone_4_seed0
