2026-05-17 02:40:06 [info     ] train_start                    arch=adsb device=cuda typecodes=['A320']
2026-05-17 02:40:06 [info     ] train_typecode                 typecode=A320
2026-05-17 02:40:07 [info     ] loading_data                   train_flights=1594 val_flights=247
2026-05-17 02:40:07 [warning  ] e1_column_missing              column=fdm_g_sin_gamma_ms2
2026-05-17 02:40:07 [warning  ] e1_column_missing              column=fdm_cos_gamma
2026-05-17 02:40:07 [warning  ] e1_column_missing              column=fdm_q_pa
2026-05-17 02:40:07 [warning  ] e1_column_missing              column=fdm_g_over_v
2026-05-17 02:40:07 [warning  ] e1_column_missing              column=fdm_lat_wind_ms
2026-05-17 02:40:07 [warning  ] e1_column_missing              column=fdm_drift_rad
2026-05-17 02:40:07 [warning  ] e1_column_missing              column=fdm_track_rad
2026-05-17 02:40:07 [warning  ] e1_column_missing              column=fdm_heading_diff_rad
2026-05-17 02:40:11 [warning  ] e1_column_missing              column=fdm_g_sin_gamma_ms2
2026-05-17 02:40:11 [warning  ] e1_column_missing              column=fdm_cos_gamma
2026-05-17 02:40:11 [warning  ] e1_column_missing              column=fdm_q_pa
2026-05-17 02:40:11 [warning  ] e1_column_missing              column=fdm_g_over_v
2026-05-17 02:40:11 [warning  ] e1_column_missing              column=fdm_lat_wind_ms
2026-05-17 02:40:11 [warning  ] e1_column_missing              column=fdm_drift_rad
2026-05-17 02:40:11 [warning  ] e1_column_missing              column=fdm_track_rad
2026-05-17 02:40:11 [warning  ] e1_column_missing              column=fdm_heading_diff_rad
2026-05-17 02:40:12 [info     ] data_loaded                    train_samples=23212 val_samples=3628
2026-05-17 02:40:28 [debug    ] meta_saved                     path=data/models/backbone_4_seed0/meta.json
2026-05-17 02:40:28 [info     ] trainer_initialized            architecture=node_adsb_v1 device=cuda train_samples=23212 val_samples=3628
2026-05-17 02:40:28 [info     ] preloading_data_to_gpu
2026-05-17 02:40:28 [debug    ] epoch_start                    epoch=1 total_epochs=50
/data/common/dataiku/config/projects/NODEFDM/lib/python/.venv/lib/python3.12/site-packages/torch/_inductor/compile_fx.py:321: UserWarning: TensorFloat32 tensor cores for float32 matrix multiplication available but not enabled. Consider setting `torch.set_float32_matmul_precision('high')` for better performance.
  warnings.warn(
2026-05-17 02:40:52 [info     ] debug_magnitudes               norm_mean=['8568.283203', '-0.001322', '213.622833', '3.253931'] norm_std=['2269.236084', '0.038830', '32.838379', '1.246786'] ode_loss=0.902837
W0517 02:48:05.111000 665443 torch/_dynamo/convert_frame.py:1676] [0/8] torch._dynamo hit config.recompile_limit (8)
W0517 02:48:05.111000 665443 torch/_dynamo/convert_frame.py:1676] [0/8]    function: 'forward' (/data/common/dataiku/config/projects/NODEFDM/lib/python/packages/node-fdm/src/node_fdm/models/fdm.py:181)
W0517 02:48:05.111000 665443 torch/_dynamo/convert_frame.py:1676] [0/8]    last reason: 0/7: tensor 'self.history['raw_alt_m']' size mismatch at index 1. expected 1, actual 2
W0517 02:48:05.111000 665443 torch/_dynamo/convert_frame.py:1676] [0/8] To log all recompilation reasons, use TORCH_LOGS="recompiles".
W0517 02:48:05.111000 665443 torch/_dynamo/convert_frame.py:1676] [0/8] To diagnose recompilation issues, see https://pytorch.org/docs/main/compile/programming_model.recompilation.html
2026-05-17 02:48:06 [debug    ] meta_saved                     path=data/models/backbone_4_seed0/meta.json
2026-05-17 02:48:06 [debug    ] model_saved                    epoch=1
2026-05-17 02:48:06 [info     ] epoch_complete                 epoch=1 is_best=True lr=0.0002080000000000004 total_epochs=50 train_loss=0.221586 val_loss=0.064873
2026-05-17 02:48:06 [debug    ] epoch_start                    epoch=2 total_epochs=50
2026-05-17 02:54:20 [debug    ] meta_saved                     path=data/models/backbone_4_seed0/meta.json
2026-05-17 02:54:20 [debug    ] model_saved                    epoch=2
2026-05-17 02:54:20 [info     ] epoch_complete                 epoch=2 is_best=True lr=0.0004060000000000004 total_epochs=50 train_loss=0.054237 val_loss=0.037715
2026-05-17 02:54:20 [debug    ] epoch_start                    epoch=3 total_epochs=50
2026-05-17 03:00:55 [debug    ] meta_saved                     path=data/models/backbone_4_seed0/meta.json
2026-05-17 03:00:55 [debug    ] model_saved                    epoch=3
2026-05-17 03:00:55 [info     ] epoch_complete                 epoch=3 is_best=True lr=0.0006040000000000011 total_epochs=50 train_loss=0.040026 val_loss=0.034434
2026-05-17 03:00:55 [debug    ] epoch_start                    epoch=4 total_epochs=50
2026-05-17 03:06:46 [debug    ] meta_saved                     path=data/models/backbone_4_seed0/meta.json
2026-05-17 03:06:46 [debug    ] model_saved                    epoch=4
2026-05-17 03:06:46 [info     ] epoch_complete                 epoch=4 is_best=True lr=0.000801999999999999 total_epochs=50 train_loss=0.037341 val_loss=0.034328
2026-05-17 03:06:46 [debug    ] epoch_start                    epoch=5 total_epochs=50
2026-05-17 03:12:01 [debug    ] meta_saved                     path=data/models/backbone_4_seed0/meta.json
2026-05-17 03:12:01 [debug    ] model_saved                    epoch=5
2026-05-17 03:12:01 [info     ] epoch_complete                 epoch=5 is_best=True lr=0.001 total_epochs=50 train_loss=0.036366 val_loss=0.031343
2026-05-17 03:12:01 [debug    ] epoch_start                    epoch=6 total_epochs=50
2026-05-17 03:16:51 [info     ] epoch_complete                 epoch=6 is_best=False lr=0.0009779999999999947 total_epochs=50 train_loss=0.034479 val_loss=0.034015
2026-05-17 03:16:51 [debug    ] epoch_start                    epoch=7 total_epochs=50
2026-05-17 03:21:40 [debug    ] meta_saved                     path=data/models/backbone_4_seed0/meta.json
2026-05-17 03:21:40 [debug    ] model_saved                    epoch=7
2026-05-17 03:21:40 [info     ] epoch_complete                 epoch=7 is_best=True lr=0.0009559999999999942 total_epochs=50 train_loss=0.033873 val_loss=0.030616
2026-05-17 03:21:40 [debug    ] epoch_start                    epoch=8 total_epochs=50
2026-05-17 03:26:23 [debug    ] meta_saved                     path=data/models/backbone_4_seed0/meta.json
2026-05-17 03:26:23 [debug    ] model_saved                    epoch=8
2026-05-17 03:26:23 [info     ] epoch_complete                 epoch=8 is_best=True lr=0.0009339999999999934 total_epochs=50 train_loss=0.033977 val_loss=0.029401
2026-05-17 03:26:23 [debug    ] epoch_start                    epoch=9 total_epochs=50
2026-05-17 03:31:03 [info     ] epoch_complete                 epoch=9 is_best=False lr=0.0009119999999999924 total_epochs=50 train_loss=0.878015 val_loss=2.977187
2026-05-17 03:31:03 [debug    ] epoch_start                    epoch=10 total_epochs=50
2026-05-17 03:35:45 [info     ] epoch_complete                 epoch=10 is_best=False lr=0.0008899999999999917 total_epochs=50 train_loss=2.531503 val_loss=2.635698
2026-05-17 03:35:45 [debug    ] epoch_start                    epoch=11 total_epochs=50
2026-05-17 03:40:26 [info     ] epoch_complete                 epoch=11 is_best=False lr=0.0008679999999999905 total_epochs=50 train_loss=2.724682 val_loss=2.85429
2026-05-17 03:40:26 [debug    ] epoch_start                    epoch=12 total_epochs=50
2026-05-17 03:45:07 [info     ] epoch_complete                 epoch=12 is_best=False lr=0.000845999999999989 total_epochs=50 train_loss=2.785839 val_loss=2.810249
2026-05-17 03:45:07 [debug    ] epoch_start                    epoch=13 total_epochs=50
2026-05-17 03:49:47 [info     ] epoch_complete                 epoch=13 is_best=False lr=0.0008239999999999856 total_epochs=50 train_loss=2.883159 val_loss=2.952356
2026-05-17 03:49:47 [debug    ] epoch_start                    epoch=14 total_epochs=50
2026-05-17 03:54:30 [info     ] epoch_complete                 epoch=14 is_best=False lr=0.0008019999999999825 total_epochs=50 train_loss=2.961919 val_loss=2.853283
2026-05-17 03:54:30 [debug    ] epoch_start                    epoch=15 total_epochs=50
2026-05-17 03:59:12 [info     ] epoch_complete                 epoch=15 is_best=False lr=0.0007799999999999793 total_epochs=50 train_loss=2.768938 val_loss=2.758422
2026-05-17 03:59:12 [debug    ] epoch_start                    epoch=16 total_epochs=50
2026-05-17 04:03:53 [info     ] epoch_complete                 epoch=16 is_best=False lr=0.0007579999999999761 total_epochs=50 train_loss=2.759424 val_loss=2.775729
2026-05-17 04:03:53 [debug    ] epoch_start                    epoch=17 total_epochs=50
2026-05-17 04:08:35 [info     ] epoch_complete                 epoch=17 is_best=False lr=0.0007359999999999731 total_epochs=50 train_loss=2.741951 val_loss=2.776137
2026-05-17 04:08:35 [debug    ] epoch_start                    epoch=18 total_epochs=50
2026-05-17 04:13:18 [info     ] epoch_complete                 epoch=18 is_best=False lr=0.0007139999999999699 total_epochs=50 train_loss=2.713232 val_loss=2.644341
2026-05-17 04:13:18 [debug    ] epoch_start                    epoch=19 total_epochs=50
2026-05-17 04:18:00 [info     ] epoch_complete                 epoch=19 is_best=False lr=0.0006919999999999653 total_epochs=50 train_loss=2.543552 val_loss=2.532954
2026-05-17 04:18:00 [debug    ] epoch_start                    epoch=20 total_epochs=50
2026-05-17 04:22:42 [info     ] epoch_complete                 epoch=20 is_best=False lr=0.0006699999999999609 total_epochs=50 train_loss=2.564431 val_loss=2.548745
2026-05-17 04:22:42 [debug    ] epoch_start                    epoch=21 total_epochs=50
2026-05-17 04:27:23 [info     ] epoch_complete                 epoch=21 is_best=False lr=0.0006479999999999558 total_epochs=50 train_loss=2.523239 val_loss=2.695418
2026-05-17 04:27:23 [debug    ] epoch_start                    epoch=22 total_epochs=50
2026-05-17 04:32:06 [info     ] epoch_complete                 epoch=22 is_best=False lr=0.0006259999999999505 total_epochs=50 train_loss=2.562136 val_loss=2.490147
2026-05-17 04:32:06 [debug    ] epoch_start                    epoch=23 total_epochs=50
2026-05-17 04:36:48 [info     ] epoch_complete                 epoch=23 is_best=False lr=0.0006039999999999452 total_epochs=50 train_loss=2.512761 val_loss=2.605491
2026-05-17 04:36:48 [debug    ] epoch_start                    epoch=24 total_epochs=50
2026-05-17 04:41:30 [info     ] epoch_complete                 epoch=24 is_best=False lr=0.0005819999999999399 total_epochs=50 train_loss=2.580083 val_loss=2.57397
2026-05-17 04:41:30 [debug    ] epoch_start                    epoch=25 total_epochs=50
2026-05-17 04:46:11 [info     ] epoch_complete                 epoch=25 is_best=False lr=0.0005599999999999346 total_epochs=50 train_loss=2.328686 val_loss=1.74299
2026-05-17 04:46:11 [debug    ] epoch_start                    epoch=26 total_epochs=50
2026-05-17 04:50:53 [info     ] epoch_complete                 epoch=26 is_best=False lr=0.0005379999999999293 total_epochs=50 train_loss=0.393295 val_loss=0.188967
2026-05-17 04:50:53 [debug    ] epoch_start                    epoch=27 total_epochs=50
2026-05-17 04:55:35 [info     ] epoch_complete                 epoch=27 is_best=False lr=0.000515999999999924 total_epochs=50 train_loss=0.180564 val_loss=0.119815
2026-05-17 04:55:35 [debug    ] epoch_start                    epoch=28 total_epochs=50
2026-05-17 05:00:17 [info     ] epoch_complete                 epoch=28 is_best=False lr=0.0004939999999999187 total_epochs=50 train_loss=0.107699 val_loss=0.086411
2026-05-17 05:00:17 [debug    ] epoch_start                    epoch=29 total_epochs=50
2026-05-17 05:04:57 [info     ] epoch_complete                 epoch=29 is_best=False lr=0.00047199999999991997 total_epochs=50 train_loss=0.088857 val_loss=0.073683
2026-05-17 05:04:57 [debug    ] epoch_start                    epoch=30 total_epochs=50
2026-05-17 05:09:40 [info     ] epoch_complete                 epoch=30 is_best=False lr=0.00044999999999992393 total_epochs=50 train_loss=0.075351 val_loss=0.066449
2026-05-17 05:09:40 [debug    ] epoch_start                    epoch=31 total_epochs=50
2026-05-17 05:14:22 [info     ] epoch_complete                 epoch=31 is_best=False lr=0.0004279999999999269 total_epochs=50 train_loss=0.068284 val_loss=0.058537
2026-05-17 05:14:22 [debug    ] epoch_start                    epoch=32 total_epochs=50
2026-05-17 05:19:04 [info     ] epoch_complete                 epoch=32 is_best=False lr=0.0004059999999999309 total_epochs=50 train_loss=0.098236 val_loss=0.090698
2026-05-17 05:19:04 [debug    ] epoch_start                    epoch=33 total_epochs=50
2026-05-17 05:23:45 [info     ] epoch_complete                 epoch=33 is_best=False lr=0.0003839999999999346 total_epochs=50 train_loss=0.107556 val_loss=0.067893
2026-05-17 05:23:45 [debug    ] epoch_start                    epoch=34 total_epochs=50
2026-05-17 05:28:27 [info     ] epoch_complete                 epoch=34 is_best=False lr=0.0003619999999999374 total_epochs=50 train_loss=0.071281 val_loss=0.058321
2026-05-17 05:28:27 [debug    ] epoch_start                    epoch=35 total_epochs=50
2026-05-17 05:33:10 [info     ] epoch_complete                 epoch=35 is_best=False lr=0.0003399999999999421 total_epochs=50 train_loss=0.060834 val_loss=0.050733
2026-05-17 05:33:10 [debug    ] epoch_start                    epoch=36 total_epochs=50
2026-05-17 05:37:51 [info     ] epoch_complete                 epoch=36 is_best=False lr=0.00031799999999994485 total_epochs=50 train_loss=0.05259 val_loss=0.047467
2026-05-17 05:37:51 [debug    ] epoch_start                    epoch=37 total_epochs=50
2026-05-17 05:42:31 [info     ] epoch_complete                 epoch=37 is_best=False lr=0.00029599999999994756 total_epochs=50 train_loss=0.052398 val_loss=0.044939
2026-05-17 05:42:31 [debug    ] epoch_start                    epoch=38 total_epochs=50
2026-05-17 05:47:14 [info     ] epoch_complete                 epoch=38 is_best=False lr=0.0002739999999999507 total_epochs=50 train_loss=0.053427 val_loss=0.046219
2026-05-17 05:47:14 [debug    ] epoch_start                    epoch=39 total_epochs=50
2026-05-17 05:51:56 [info     ] epoch_complete                 epoch=39 is_best=False lr=0.0002519999999999539 total_epochs=50 train_loss=0.052051 val_loss=0.047258
2026-05-17 05:51:56 [debug    ] epoch_start                    epoch=40 total_epochs=50
2026-05-17 05:56:37 [info     ] epoch_complete                 epoch=40 is_best=False lr=0.00022999999999995737 total_epochs=50 train_loss=0.050827 val_loss=0.046624
2026-05-17 05:56:37 [debug    ] epoch_start                    epoch=41 total_epochs=50
2026-05-17 06:01:19 [info     ] epoch_complete                 epoch=41 is_best=False lr=0.00020799999999996188 total_epochs=50 train_loss=0.05012 val_loss=0.046521
2026-05-17 06:01:19 [debug    ] epoch_start                    epoch=42 total_epochs=50
2026-05-17 06:06:02 [info     ] epoch_complete                 epoch=42 is_best=False lr=0.0001859999999999664 total_epochs=50 train_loss=0.051495 val_loss=0.05075
2026-05-17 06:06:02 [debug    ] epoch_start                    epoch=43 total_epochs=50
2026-05-17 06:10:44 [info     ] epoch_complete                 epoch=43 is_best=False lr=0.00016399999999997095 total_epochs=50 train_loss=0.052864 val_loss=0.050908
2026-05-17 06:10:44 [debug    ] epoch_start                    epoch=44 total_epochs=50
2026-05-17 06:15:24 [info     ] epoch_complete                 epoch=44 is_best=False lr=0.00014199999999997548 total_epochs=50 train_loss=0.050454 val_loss=0.047234
2026-05-17 06:15:24 [debug    ] epoch_start                    epoch=45 total_epochs=50
2026-05-17 06:20:04 [info     ] epoch_complete                 epoch=45 is_best=False lr=0.00011999999999997995 total_epochs=50 train_loss=0.048596 val_loss=0.048405
2026-05-17 06:20:04 [debug    ] epoch_start                    epoch=46 total_epochs=50
2026-05-17 06:24:45 [info     ] epoch_complete                 epoch=46 is_best=False lr=9.799999999998395e-05 total_epochs=50 train_loss=0.047602 val_loss=0.045049
2026-05-17 06:24:45 [debug    ] epoch_start                    epoch=47 total_epochs=50
2026-05-17 06:29:26 [info     ] epoch_complete                 epoch=47 is_best=False lr=7.599999999998802e-05 total_epochs=50 train_loss=0.047036 val_loss=0.044694
2026-05-17 06:29:26 [debug    ] epoch_start                    epoch=48 total_epochs=50
2026-05-17 06:34:06 [info     ] epoch_complete                 epoch=48 is_best=False lr=5.399999999999204e-05 total_epochs=50 train_loss=0.046276 val_loss=0.043373
2026-05-17 06:34:06 [debug    ] epoch_start                    epoch=49 total_epochs=50
2026-05-17 06:38:46 [info     ] epoch_complete                 epoch=49 is_best=False lr=3.199999999999529e-05 total_epochs=50 train_loss=0.046048 val_loss=0.044127
2026-05-17 06:38:46 [debug    ] epoch_start                    epoch=50 total_epochs=50
2026-05-17 06:43:28 [info     ] epoch_complete                 epoch=50 is_best=False lr=9.999999999998564e-06 total_epochs=50 train_loss=0.045878 val_loss=0.042795
2026-05-17 06:43:28 [info     ] training_log_saved             path=data/models/backbone_4_seed0/training_losses.csv
2026-05-17 06:43:28 [info     ] training_complete              best_val_loss=0.029401
2026-05-17 06:43:28 [info     ] train_typecode_done            typecode=A320
2026-05-17 06:43:28 [info     ] train_done                     typecodes=['A320']

$ uv run fdm train --arch adsb --config results_run2/backbone_4_seed0/config.yaml --model-name backbone_4_seed0 --epochs 50 --batch-size 64 --lr 0.001 --method rk4 --seq-len 60 --train-limit 5000 --activation relu --seed 0 --backbone-depth 4 --head-depth 2 --hidden-width 48 --device cuda --no-use-mode-weights
