2026-05-19 15:19:53 [info     ] train_start                    arch=adsb device=cuda typecodes=['A320']
2026-05-19 15:19:53 [info     ] train_typecode                 typecode=A320
2026-05-19 15:19:53 [info     ] loading_data                   train_flights=1594 val_flights=247
2026-05-19 15:19:53 [warning  ] e1_column_missing              column=fdm_g_sin_gamma_ms2
2026-05-19 15:19:53 [warning  ] e1_column_missing              column=fdm_cos_gamma
2026-05-19 15:19:53 [warning  ] e1_column_missing              column=fdm_q_pa
2026-05-19 15:19:53 [warning  ] e1_column_missing              column=fdm_g_over_v
2026-05-19 15:19:53 [warning  ] e1_column_missing              column=fdm_lat_wind_ms
2026-05-19 15:19:53 [warning  ] e1_column_missing              column=fdm_drift_rad
2026-05-19 15:19:53 [warning  ] e1_column_missing              column=fdm_track_rad
2026-05-19 15:19:53 [warning  ] e1_column_missing              column=fdm_heading_diff_rad
2026-05-19 15:19:59 [warning  ] e1_column_missing              column=fdm_g_sin_gamma_ms2
2026-05-19 15:19:59 [warning  ] e1_column_missing              column=fdm_cos_gamma
2026-05-19 15:19:59 [warning  ] e1_column_missing              column=fdm_q_pa
2026-05-19 15:19:59 [warning  ] e1_column_missing              column=fdm_g_over_v
2026-05-19 15:19:59 [warning  ] e1_column_missing              column=fdm_lat_wind_ms
2026-05-19 15:19:59 [warning  ] e1_column_missing              column=fdm_drift_rad
2026-05-19 15:19:59 [warning  ] e1_column_missing              column=fdm_track_rad
2026-05-19 15:19:59 [warning  ] e1_column_missing              column=fdm_heading_diff_rad
2026-05-19 15:19:59 [info     ] data_loaded                    train_samples=48117 val_samples=7518
2026-05-19 15:20:19 [debug    ] meta_saved                     path=data/models/hidden_32_seed2/meta.json
2026-05-19 15:20:19 [info     ] trainer_initialized            architecture=node_adsb_v1 device=cuda train_samples=48117 val_samples=7518
2026-05-19 15:20:19 [info     ] preloading_data_to_gpu
2026-05-19 15:20:19 [debug    ] epoch_start                    epoch=1 total_epochs=50
/data/common/dataiku/config/projects/NODEFDM/lib/python/.venv/lib/python3.12/site-packages/torch/_inductor/compile_fx.py:321: UserWarning: TensorFloat32 tensor cores for float32 matrix multiplication available but not enabled. Consider setting `torch.set_float32_matmul_precision('high')` for better performance.
  warnings.warn(
2026-05-19 15:20:40 [info     ] debug_magnitudes               norm_mean=['8427.359375', '-0.000899', '211.646118', '3.252943'] norm_std=['2287.523926', '0.040447', '34.116577', '1.247240'] ode_loss=0.124480
2026-05-19 15:28:02 [warning  ] nan_or_inf_loss                loss=nan
W0519 15:33:02.642000 2029993 torch/_dynamo/convert_frame.py:1676] [0/8] torch._dynamo hit config.recompile_limit (8)
W0519 15:33:02.642000 2029993 torch/_dynamo/convert_frame.py:1676] [0/8]    function: 'forward' (/data/common/dataiku/config/projects/NODEFDM/lib/python/packages/node-fdm/src/node_fdm/models/fdm.py:181)
W0519 15:33:02.642000 2029993 torch/_dynamo/convert_frame.py:1676] [0/8]    last reason: 0/7: tensor 'self.history['raw_alt_m']' size mismatch at index 1. expected 1, actual 2
W0519 15:33:02.642000 2029993 torch/_dynamo/convert_frame.py:1676] [0/8] To log all recompilation reasons, use TORCH_LOGS="recompiles".
W0519 15:33:02.642000 2029993 torch/_dynamo/convert_frame.py:1676] [0/8] To diagnose recompilation issues, see https://pytorch.org/docs/main/compile/programming_model.recompilation.html
2026-05-19 15:33:03 [debug    ] meta_saved                     path=data/models/hidden_32_seed2/meta.json
2026-05-19 15:33:03 [debug    ] model_saved                    epoch=1
2026-05-19 15:33:03 [info     ] epoch_complete                 epoch=1 is_best=True lr=0.00020800000000000077 total_epochs=50 train_loss=nan val_loss=0.035848
2026-05-19 15:33:03 [debug    ] epoch_start                    epoch=2 total_epochs=50
2026-05-19 15:33:29 [warning  ] nan_or_inf_loss                loss=nan
2026-05-19 15:44:31 [debug    ] meta_saved                     path=data/models/hidden_32_seed2/meta.json
2026-05-19 15:44:31 [debug    ] model_saved                    epoch=2
2026-05-19 15:44:31 [info     ] epoch_complete                 epoch=2 is_best=True lr=0.00040600000000000174 total_epochs=50 train_loss=nan val_loss=0.029025
2026-05-19 15:44:31 [debug    ] epoch_start                    epoch=3 total_epochs=50
2026-05-19 15:46:22 [warning  ] nan_or_inf_loss                loss=nan
2026-05-19 15:57:06 [debug    ] meta_saved                     path=data/models/hidden_32_seed2/meta.json
2026-05-19 15:57:06 [debug    ] model_saved                    epoch=3
2026-05-19 15:57:06 [info     ] epoch_complete                 epoch=3 is_best=True lr=0.0006040000000000034 total_epochs=50 train_loss=nan val_loss=0.027362
2026-05-19 15:57:06 [debug    ] epoch_start                    epoch=4 total_epochs=50
2026-05-19 15:58:13 [warning  ] nan_or_inf_loss                loss=nan
2026-05-19 16:08:35 [debug    ] meta_saved                     path=data/models/hidden_32_seed2/meta.json
2026-05-19 16:08:35 [debug    ] model_saved                    epoch=4
2026-05-19 16:08:35 [info     ] epoch_complete                 epoch=4 is_best=True lr=0.0008020000000000034 total_epochs=50 train_loss=nan val_loss=0.026102
2026-05-19 16:08:35 [debug    ] epoch_start                    epoch=5 total_epochs=50
2026-05-19 16:19:57 [warning  ] nan_or_inf_loss                loss=nan
2026-05-19 16:20:05 [debug    ] meta_saved                     path=data/models/hidden_32_seed2/meta.json
2026-05-19 16:20:05 [debug    ] model_saved                    epoch=5
2026-05-19 16:20:05 [info     ] epoch_complete                 epoch=5 is_best=True lr=0.001 total_epochs=50 train_loss=nan val_loss=0.025783
2026-05-19 16:20:05 [debug    ] epoch_start                    epoch=6 total_epochs=50
2026-05-19 16:20:48 [warning  ] nan_or_inf_loss                loss=nan
2026-05-19 16:31:32 [debug    ] meta_saved                     path=data/models/hidden_32_seed2/meta.json
2026-05-19 16:31:32 [debug    ] model_saved                    epoch=6
2026-05-19 16:31:32 [info     ] epoch_complete                 epoch=6 is_best=True lr=0.0009779999999999641 total_epochs=50 train_loss=nan val_loss=0.024799
2026-05-19 16:31:32 [debug    ] epoch_start                    epoch=7 total_epochs=50
2026-05-19 16:33:26 [warning  ] nan_or_inf_loss                loss=nan
2026-05-19 16:43:01 [debug    ] meta_saved                     path=data/models/hidden_32_seed2/meta.json
2026-05-19 16:43:01 [debug    ] model_saved                    epoch=7
2026-05-19 16:43:01 [info     ] epoch_complete                 epoch=7 is_best=True lr=0.000955999999999966 total_epochs=50 train_loss=nan val_loss=0.024602
2026-05-19 16:43:01 [debug    ] epoch_start                    epoch=8 total_epochs=50
2026-05-19 16:44:09 [warning  ] nan_or_inf_loss                loss=nan
2026-05-19 16:54:40 [info     ] epoch_complete                 epoch=8 is_best=False lr=0.0009339999999999676 total_epochs=50 train_loss=nan val_loss=0.02482
2026-05-19 16:54:40 [debug    ] epoch_start                    epoch=9 total_epochs=50
2026-05-19 17:00:42 [warning  ] nan_or_inf_loss                loss=nan
2026-05-19 17:06:13 [info     ] epoch_complete                 epoch=9 is_best=False lr=0.0009119999999999646 total_epochs=50 train_loss=nan val_loss=0.024919
2026-05-19 17:06:13 [debug    ] epoch_start                    epoch=10 total_epochs=50
2026-05-19 17:15:59 [warning  ] nan_or_inf_loss                loss=nan
2026-05-19 17:17:46 [info     ] epoch_complete                 epoch=10 is_best=False lr=0.0008899999999999641 total_epochs=50 train_loss=nan val_loss=0.02846
2026-05-19 17:17:46 [debug    ] epoch_start                    epoch=11 total_epochs=50
2026-05-19 17:20:54 [warning  ] nan_or_inf_loss                loss=nan
2026-05-19 17:29:05 [info     ] epoch_complete                 epoch=11 is_best=False lr=0.0008679999999999602 total_epochs=50 train_loss=nan val_loss=0.025104
2026-05-19 17:29:05 [debug    ] epoch_start                    epoch=12 total_epochs=50
2026-05-19 17:32:51 [warning  ] nan_or_inf_loss                loss=nan
2026-05-19 17:40:29 [info     ] epoch_complete                 epoch=12 is_best=False lr=0.0008459999999999557 total_epochs=50 train_loss=nan val_loss=0.026828
2026-05-19 17:40:29 [debug    ] epoch_start                    epoch=13 total_epochs=50
2026-05-19 17:42:32 [warning  ] nan_or_inf_loss                loss=nan
2026-05-19 17:51:53 [debug    ] meta_saved                     path=data/models/hidden_32_seed2/meta.json
2026-05-19 17:51:53 [debug    ] model_saved                    epoch=13
2026-05-19 17:51:53 [info     ] epoch_complete                 epoch=13 is_best=True lr=0.0008239999999999501 total_epochs=50 train_loss=nan val_loss=0.023979
2026-05-19 17:51:53 [debug    ] epoch_start                    epoch=14 total_epochs=50
2026-05-19 18:00:17 [warning  ] nan_or_inf_loss                loss=nan
2026-05-19 18:03:26 [debug    ] meta_saved                     path=data/models/hidden_32_seed2/meta.json
2026-05-19 18:03:26 [debug    ] model_saved                    epoch=14
2026-05-19 18:03:26 [info     ] epoch_complete                 epoch=14 is_best=True lr=0.0008019999999999432 total_epochs=50 train_loss=nan val_loss=0.023875
2026-05-19 18:03:26 [debug    ] epoch_start                    epoch=15 total_epochs=50
2026-05-19 18:08:43 [warning  ] nan_or_inf_loss                loss=nan
2026-05-19 18:14:47 [info     ] epoch_complete                 epoch=15 is_best=False lr=0.0007799999999999348 total_epochs=50 train_loss=nan val_loss=0.024966
2026-05-19 18:14:47 [debug    ] epoch_start                    epoch=16 total_epochs=50
2026-05-19 18:23:00 [warning  ] nan_or_inf_loss                loss=nan
2026-05-19 18:26:05 [info     ] epoch_complete                 epoch=16 is_best=False lr=0.0007579999999999236 total_epochs=50 train_loss=nan val_loss=0.024337
2026-05-19 18:26:05 [debug    ] epoch_start                    epoch=17 total_epochs=50
2026-05-19 18:33:06 [warning  ] nan_or_inf_loss                loss=nan
2026-05-19 18:37:29 [debug    ] meta_saved                     path=data/models/hidden_32_seed2/meta.json
2026-05-19 18:37:29 [debug    ] model_saved                    epoch=17
2026-05-19 18:37:29 [info     ] epoch_complete                 epoch=17 is_best=True lr=0.0007359999999999133 total_epochs=50 train_loss=nan val_loss=0.023497
2026-05-19 18:37:29 [debug    ] epoch_start                    epoch=18 total_epochs=50
2026-05-19 18:38:40 [warning  ] nan_or_inf_loss                loss=nan
2026-05-19 18:48:52 [info     ] epoch_complete                 epoch=18 is_best=False lr=0.0007139999999999008 total_epochs=50 train_loss=nan val_loss=0.033078
2026-05-19 18:48:52 [debug    ] epoch_start                    epoch=19 total_epochs=50
2026-05-19 18:52:16 [warning  ] nan_or_inf_loss                loss=nan
2026-05-19 19:00:16 [info     ] epoch_complete                 epoch=19 is_best=False lr=0.0006919999999998854 total_epochs=50 train_loss=nan val_loss=0.024015
2026-05-19 19:00:16 [debug    ] epoch_start                    epoch=20 total_epochs=50
2026-05-19 19:00:40 [warning  ] nan_or_inf_loss                loss=nan
2026-05-19 19:11:37 [info     ] epoch_complete                 epoch=20 is_best=False lr=0.0006699999999998693 total_epochs=50 train_loss=nan val_loss=0.024105
2026-05-19 19:11:37 [debug    ] epoch_start                    epoch=21 total_epochs=50
2026-05-19 19:19:09 [warning  ] nan_or_inf_loss                loss=nan
2026-05-19 19:22:57 [debug    ] meta_saved                     path=data/models/hidden_32_seed2/meta.json
2026-05-19 19:22:57 [debug    ] model_saved                    epoch=21
2026-05-19 19:22:57 [info     ] epoch_complete                 epoch=21 is_best=True lr=0.0006479999999998547 total_epochs=50 train_loss=nan val_loss=0.023216
2026-05-19 19:22:57 [debug    ] epoch_start                    epoch=22 total_epochs=50
2026-05-19 19:28:05 [warning  ] nan_or_inf_loss                loss=nan
2026-05-19 19:34:20 [info     ] epoch_complete                 epoch=22 is_best=False lr=0.0006259999999998386 total_epochs=50 train_loss=nan val_loss=0.023606
2026-05-19 19:34:20 [debug    ] epoch_start                    epoch=23 total_epochs=50
2026-05-19 19:35:01 [warning  ] nan_or_inf_loss                loss=nan
2026-05-19 19:45:43 [info     ] epoch_complete                 epoch=23 is_best=False lr=0.0006039999999998202 total_epochs=50 train_loss=nan val_loss=0.023369
2026-05-19 19:45:43 [debug    ] epoch_start                    epoch=24 total_epochs=50
2026-05-19 19:46:47 [warning  ] nan_or_inf_loss                loss=nan
2026-05-19 19:57:08 [info     ] epoch_complete                 epoch=24 is_best=False lr=0.0005819999999998049 total_epochs=50 train_loss=nan val_loss=0.023938
2026-05-19 19:57:08 [debug    ] epoch_start                    epoch=25 total_epochs=50
2026-05-19 20:04:06 [warning  ] nan_or_inf_loss                loss=nan
2026-05-19 20:08:32 [info     ] epoch_complete                 epoch=25 is_best=False lr=0.0005599999999997843 total_epochs=50 train_loss=nan val_loss=0.023373
2026-05-19 20:08:32 [debug    ] epoch_start                    epoch=26 total_epochs=50
2026-05-19 20:08:51 [warning  ] nan_or_inf_loss                loss=nan
2026-05-19 20:20:00 [debug    ] meta_saved                     path=data/models/hidden_32_seed2/meta.json
2026-05-19 20:20:00 [debug    ] model_saved                    epoch=26
2026-05-19 20:20:00 [info     ] epoch_complete                 epoch=26 is_best=True lr=0.0005379999999997661 total_epochs=50 train_loss=nan val_loss=0.022852
2026-05-19 20:20:00 [debug    ] epoch_start                    epoch=27 total_epochs=50
2026-05-19 20:31:21 [warning  ] nan_or_inf_loss                loss=nan
2026-05-19 20:31:26 [info     ] epoch_complete                 epoch=27 is_best=False lr=0.0005159999999997449 total_epochs=50 train_loss=nan val_loss=0.022926
2026-05-19 20:31:26 [debug    ] epoch_start                    epoch=28 total_epochs=50
2026-05-19 20:42:27 [warning  ] nan_or_inf_loss                loss=nan
2026-05-19 20:42:51 [info     ] epoch_complete                 epoch=28 is_best=False lr=0.0004939999999997231 total_epochs=50 train_loss=nan val_loss=0.023078
2026-05-19 20:42:51 [debug    ] epoch_start                    epoch=29 total_epochs=50
2026-05-19 20:50:11 [warning  ] nan_or_inf_loss                loss=nan
2026-05-19 20:54:16 [info     ] epoch_complete                 epoch=29 is_best=False lr=0.00047199999999972654 total_epochs=50 train_loss=nan val_loss=0.023884
2026-05-19 20:54:16 [debug    ] epoch_start                    epoch=30 total_epochs=50
2026-05-19 20:59:12 [warning  ] nan_or_inf_loss                loss=nan
2026-05-19 21:05:42 [info     ] epoch_complete                 epoch=30 is_best=False lr=0.00044999999999974005 total_epochs=50 train_loss=nan val_loss=0.022882
2026-05-19 21:05:42 [debug    ] epoch_start                    epoch=31 total_epochs=50
2026-05-19 21:14:04 [warning  ] nan_or_inf_loss                loss=nan
2026-05-19 21:17:03 [info     ] epoch_complete                 epoch=31 is_best=False lr=0.00042799999999975404 total_epochs=50 train_loss=nan val_loss=0.022933
2026-05-19 21:17:03 [debug    ] epoch_start                    epoch=32 total_epochs=50
2026-05-19 21:27:14 [warning  ] nan_or_inf_loss                loss=nan
2026-05-19 21:28:17 [debug    ] meta_saved                     path=data/models/hidden_32_seed2/meta.json
2026-05-19 21:28:17 [debug    ] model_saved                    epoch=32
2026-05-19 21:28:17 [info     ] epoch_complete                 epoch=32 is_best=True lr=0.0004059999999997666 total_epochs=50 train_loss=nan val_loss=0.022773
2026-05-19 21:28:17 [debug    ] epoch_start                    epoch=33 total_epochs=50
2026-05-19 21:38:25 [warning  ] nan_or_inf_loss                loss=nan
2026-05-19 21:39:15 [info     ] epoch_complete                 epoch=33 is_best=False lr=0.00038399999999978274 total_epochs=50 train_loss=nan val_loss=0.023674
2026-05-19 21:39:15 [debug    ] epoch_start                    epoch=34 total_epochs=50
2026-05-19 21:48:14 [warning  ] nan_or_inf_loss                loss=nan
2026-05-19 21:50:15 [debug    ] meta_saved                     path=data/models/hidden_32_seed2/meta.json
2026-05-19 21:50:15 [debug    ] model_saved                    epoch=34
2026-05-19 21:50:15 [info     ] epoch_complete                 epoch=34 is_best=True lr=0.0003619999999997976 total_epochs=50 train_loss=nan val_loss=0.022767
2026-05-19 21:50:15 [debug    ] epoch_start                    epoch=35 total_epochs=50
2026-05-19 21:53:25 [warning  ] nan_or_inf_loss                loss=nan
2026-05-19 22:01:18 [info     ] epoch_complete                 epoch=35 is_best=False lr=0.00033999999999981284 total_epochs=50 train_loss=nan val_loss=0.022859
2026-05-19 22:01:18 [debug    ] epoch_start                    epoch=36 total_epochs=50
2026-05-19 22:10:20 [warning  ] nan_or_inf_loss                loss=nan
2026-05-19 22:12:22 [debug    ] meta_saved                     path=data/models/hidden_32_seed2/meta.json
2026-05-19 22:12:22 [debug    ] model_saved                    epoch=36
2026-05-19 22:12:22 [info     ] epoch_complete                 epoch=36 is_best=True lr=0.00031799999999982846 total_epochs=50 train_loss=nan val_loss=0.022492
2026-05-19 22:12:22 [debug    ] epoch_start                    epoch=37 total_epochs=50
2026-05-19 22:18:49 [warning  ] nan_or_inf_loss                loss=nan
2026-05-19 22:23:27 [info     ] epoch_complete                 epoch=37 is_best=False lr=0.00029599999999984576 total_epochs=50 train_loss=nan val_loss=0.022705
2026-05-19 22:23:27 [debug    ] epoch_start                    epoch=38 total_epochs=50
2026-05-19 22:24:53 [warning  ] nan_or_inf_loss                loss=nan
2026-05-19 22:34:30 [info     ] epoch_complete                 epoch=38 is_best=False lr=0.00027399999999986176 total_epochs=50 train_loss=nan val_loss=0.022585
2026-05-19 22:34:30 [debug    ] epoch_start                    epoch=39 total_epochs=50
2026-05-19 22:35:24 [warning  ] nan_or_inf_loss                loss=nan
2026-05-19 22:45:26 [info     ] epoch_complete                 epoch=39 is_best=False lr=0.0002519999999998791 total_epochs=50 train_loss=nan val_loss=0.022508
2026-05-19 22:45:26 [debug    ] epoch_start                    epoch=40 total_epochs=50
2026-05-19 22:48:41 [warning  ] nan_or_inf_loss                loss=nan
2026-05-19 22:56:23 [debug    ] meta_saved                     path=data/models/hidden_32_seed2/meta.json
2026-05-19 22:56:23 [debug    ] model_saved                    epoch=40
2026-05-19 22:56:23 [info     ] epoch_complete                 epoch=40 is_best=True lr=0.00022999999999989115 total_epochs=50 train_loss=nan val_loss=0.022458
2026-05-19 22:56:23 [debug    ] epoch_start                    epoch=41 total_epochs=50
2026-05-19 22:59:34 [warning  ] nan_or_inf_loss                loss=nan
2026-05-19 23:07:17 [info     ] epoch_complete                 epoch=41 is_best=False lr=0.00020799999999989986 total_epochs=50 train_loss=nan val_loss=0.022665
2026-05-19 23:07:17 [debug    ] epoch_start                    epoch=42 total_epochs=50
2026-05-19 23:09:40 [warning  ] nan_or_inf_loss                loss=nan
2026-05-19 23:18:12 [info     ] epoch_complete                 epoch=42 is_best=False lr=0.00018599999999990713 total_epochs=50 train_loss=nan val_loss=0.022778
2026-05-19 23:18:12 [debug    ] epoch_start                    epoch=43 total_epochs=50
2026-05-19 23:19:32 [warning  ] nan_or_inf_loss                loss=nan
2026-05-19 23:29:08 [info     ] epoch_complete                 epoch=43 is_best=False lr=0.00016399999999991286 total_epochs=50 train_loss=nan val_loss=0.02259
2026-05-19 23:29:08 [debug    ] epoch_start                    epoch=44 total_epochs=50
2026-05-19 23:34:57 [warning  ] nan_or_inf_loss                loss=nan
2026-05-19 23:40:05 [debug    ] meta_saved                     path=data/models/hidden_32_seed2/meta.json
2026-05-19 23:40:05 [debug    ] model_saved                    epoch=44
2026-05-19 23:40:05 [info     ] epoch_complete                 epoch=44 is_best=True lr=0.00014199999999991775 total_epochs=50 train_loss=nan val_loss=0.022286
2026-05-19 23:40:05 [debug    ] epoch_start                    epoch=45 total_epochs=50
2026-05-19 23:41:58 [warning  ] nan_or_inf_loss                loss=nan
2026-05-19 23:50:56 [info     ] epoch_complete                 epoch=45 is_best=False lr=0.00011999999999992358 total_epochs=50 train_loss=nan val_loss=0.022823
2026-05-19 23:50:56 [debug    ] epoch_start                    epoch=46 total_epochs=50
2026-05-19 23:57:38 [warning  ] nan_or_inf_loss                loss=nan
2026-05-20 00:01:53 [info     ] epoch_complete                 epoch=46 is_best=False lr=9.799999999993738e-05 total_epochs=50 train_loss=nan val_loss=0.022398
2026-05-20 00:01:53 [debug    ] epoch_start                    epoch=47 total_epochs=50
2026-05-20 00:04:06 [warning  ] nan_or_inf_loss                loss=nan
2026-05-20 00:12:49 [info     ] epoch_complete                 epoch=47 is_best=False lr=7.599999999995096e-05 total_epochs=50 train_loss=nan val_loss=0.022466
2026-05-20 00:12:49 [debug    ] epoch_start                    epoch=48 total_epochs=50
2026-05-20 00:14:53 [warning  ] nan_or_inf_loss                loss=nan
2026-05-20 00:23:49 [debug    ] meta_saved                     path=data/models/hidden_32_seed2/meta.json
2026-05-20 00:23:49 [debug    ] model_saved                    epoch=48
2026-05-20 00:23:49 [info     ] epoch_complete                 epoch=48 is_best=True lr=5.399999999996508e-05 total_epochs=50 train_loss=nan val_loss=0.022185
2026-05-20 00:23:49 [debug    ] epoch_start                    epoch=49 total_epochs=50
2026-05-20 00:25:02 [warning  ] nan_or_inf_loss                loss=nan
2026-05-20 00:37:26 [info     ] epoch_complete                 epoch=49 is_best=False lr=3.1999999999980124e-05 total_epochs=50 train_loss=nan val_loss=0.022231
2026-05-20 00:37:26 [debug    ] epoch_start                    epoch=50 total_epochs=50
2026-05-20 00:54:22 [warning  ] nan_or_inf_loss                loss=nan
2026-05-20 00:55:58 [debug    ] meta_saved                     path=data/models/hidden_32_seed2/meta.json
2026-05-20 00:55:58 [debug    ] model_saved                    epoch=50
2026-05-20 00:55:58 [info     ] epoch_complete                 epoch=50 is_best=True lr=9.999999999993956e-06 total_epochs=50 train_loss=nan val_loss=0.022168
2026-05-20 00:55:58 [info     ] training_log_saved             path=data/models/hidden_32_seed2/training_losses.csv
2026-05-20 00:55:58 [info     ] training_complete              best_val_loss=0.022168
2026-05-20 00:55:58 [info     ] train_typecode_done            typecode=A320
2026-05-20 00:55:58 [info     ] train_done                     typecodes=['A320']

$ uv run fdm train --arch adsb --config results_run3/hidden_32_seed2/config.yaml --model-name hidden_32_seed2 --epochs 50 --batch-size 32 --lr 0.001 --method rk4 --seq-len 30 --train-limit 5000 --activation relu --seed 2 --backbone-depth 2 --head-depth 2 --hidden-width 32 --device cuda --no-use-mode-weights
