2026-05-13 20:15:28 [info     ] evaluate_start                 arch=adsb typecodes=['A320']
2026-05-13 20:15:28 [info     ] evaluate_typecode              flights=542 typecode=A320
2026-05-13 20:15:40 [info     ] evaluate_done                  output=data/model_performance/alpha_0.3_seed0/performance.parquet rows=16
shape: (16, 11)
┌──────────┬─────────────────────────┬──────────────┬───────┬─────────┬──────────┬──────────┬──────────┬─────────┬──────────┬────────┐
│ Aircraft ┆ Variable                ┆ Phase        ┆ Model ┆ MAE     ┆ MAE_std  ┆ MAPE (%) ┆ MAPE_std ┆ ME      ┆ ME_std   ┆ Count  │
│ ---      ┆ ---                     ┆ ---          ┆ ---   ┆ ---     ┆ ---      ┆ ---      ┆ ---      ┆ ---     ┆ ---      ┆ ---    │
│ str      ┆ str                     ┆ str          ┆ str   ┆ f64     ┆ f64      ┆ f64      ┆ f64      ┆ f64     ┆ f64      ┆ i64    │
╞══════════╪═════════════════════════╪══════════════╪═══════╪═════════╪══════════╪══════════╪══════════╪═════════╪══════════╪════════╡
│ A320     ┆ Altitude [m]            ┆ All phases   ┆ PRED  ┆ 273.468 ┆ 636.892  ┆ 5.873    ┆ 19.899   ┆ 131.197 ┆ 680.591  ┆ 478843 │
│ A320     ┆ Altitude [m]            ┆ Climb        ┆ PRED  ┆ 867.064 ┆ 1141.113 ┆ 19.238   ┆ 39.255   ┆ 710.297 ┆ 1244.756 ┆ 90018  │
│ A320     ┆ Altitude [m]            ┆ Level flight ┆ PRED  ┆ 71.374  ┆ 192.737  ┆ 0.946    ┆ 5.603    ┆ -5.091  ┆ 205.466  ┆ 296839 │
│ A320     ┆ Altitude [m]            ┆ Descent      ┆ PRED  ┆ 344.727 ┆ 485.502  ┆ 8.692    ┆ 13.819   ┆ 4.289   ┆ 595.425  ┆ 91986  │
│ A320     ┆ Flight path angle [deg] ┆ All phases   ┆ PRED  ┆ 0.287   ┆ 0.613    ┆ NaN      ┆ NaN      ┆ -0.068  ┆ 0.673    ┆ 478843 │
│ A320     ┆ Flight path angle [deg] ┆ Climb        ┆ PRED  ┆ 0.727   ┆ 0.965    ┆ NaN      ┆ NaN      ┆ -0.431  ┆ 1.128    ┆ 90018  │
│ A320     ┆ Flight path angle [deg] ┆ Level flight ┆ PRED  ┆ 0.077   ┆ 0.244    ┆ NaN      ┆ NaN      ┆ -0.012  ┆ 0.256    ┆ 296839 │
│ A320     ┆ Flight path angle [deg] ┆ Descent      ┆ PRED  ┆ 0.531   ┆ 0.679    ┆ NaN      ┆ NaN      ┆ 0.108   ┆ 0.855    ┆ 91986  │
│ A320     ┆ Heading [deg]           ┆ All phases   ┆ PRED  ┆ 1.946   ┆ 6.496    ┆ NaN      ┆ NaN      ┆ -0.213  ┆ 6.778    ┆ 478843 │
│ A320     ┆ Heading [deg]           ┆ Climb        ┆ PRED  ┆ 2.300   ┆ 6.714    ┆ NaN      ┆ NaN      ┆ -0.357  ┆ 7.088    ┆ 90018  │
│ A320     ┆ Heading [deg]           ┆ Level flight ┆ PRED  ┆ 1.704   ┆ 5.837    ┆ NaN      ┆ NaN      ┆ -0.131  ┆ 6.079    ┆ 296839 │
│ A320     ┆ Heading [deg]           ┆ Descent      ┆ PRED  ┆ 2.380   ┆ 8.069    ┆ NaN      ┆ NaN      ┆ -0.333  ┆ 8.406    ┆ 91986  │
│ A320     ┆ True airspeed [m/s]     ┆ All phases   ┆ PRED  ┆ 2.943   ┆ 7.132    ┆ 1.704    ┆ 5.772    ┆ 0.654   ┆ 7.688    ┆ 478843 │
│ A320     ┆ True airspeed [m/s]     ┆ Climb        ┆ PRED  ┆ 5.557   ┆ 12.267   ┆ 3.512    ┆ 9.743    ┆ 3.528   ┆ 12.997   ┆ 90018  │
│ A320     ┆ True airspeed [m/s]     ┆ Level flight ┆ PRED  ┆ 1.823   ┆ 4.243    ┆ 0.931    ┆ 4.173    ┆ 0.042   ┆ 4.618    ┆ 296839 │
│ A320     ┆ True airspeed [m/s]     ┆ Descent      ┆ PRED  ┆ 4.000   ┆ 6.900    ┆ 2.427    ┆ 4.318    ┆ -0.184  ┆ 7.973    ┆ 91986  │
└──────────┴─────────────────────────┴──────────────┴───────┴─────────┴──────────┴──────────┴──────────┴─────────┴──────────┴────────┘

$ uv run fdm evaluate --arch adsb --config results/alpha_0.3_seed0/config.yaml --model-name alpha_0.3_seed0
