2026-05-17 21:09:39 [info     ] train_start                    arch=adsb device=cuda typecodes=['A320']
2026-05-17 21:09:39 [info     ] train_typecode                 typecode=A320
2026-05-17 21:09:40 [info     ] loading_data                   train_flights=1594 val_flights=247
2026-05-17 21:09:40 [warning  ] e1_column_missing              column=fdm_g_sin_gamma_ms2
2026-05-17 21:09:40 [warning  ] e1_column_missing              column=fdm_cos_gamma
2026-05-17 21:09:40 [warning  ] e1_column_missing              column=fdm_q_pa
2026-05-17 21:09:40 [warning  ] e1_column_missing              column=fdm_g_over_v
2026-05-17 21:09:40 [warning  ] e1_column_missing              column=fdm_lat_wind_ms
2026-05-17 21:09:40 [warning  ] e1_column_missing              column=fdm_drift_rad
2026-05-17 21:09:40 [warning  ] e1_column_missing              column=fdm_track_rad
2026-05-17 21:09:40 [warning  ] e1_column_missing              column=fdm_heading_diff_rad
2026-05-17 21:09:54 [warning  ] e1_column_missing              column=fdm_g_sin_gamma_ms2
2026-05-17 21:09:54 [warning  ] e1_column_missing              column=fdm_cos_gamma
2026-05-17 21:09:54 [warning  ] e1_column_missing              column=fdm_q_pa
2026-05-17 21:09:54 [warning  ] e1_column_missing              column=fdm_g_over_v
2026-05-17 21:09:54 [warning  ] e1_column_missing              column=fdm_lat_wind_ms
2026-05-17 21:09:54 [warning  ] e1_column_missing              column=fdm_drift_rad
2026-05-17 21:09:54 [warning  ] e1_column_missing              column=fdm_track_rad
2026-05-17 21:09:54 [warning  ] e1_column_missing              column=fdm_heading_diff_rad
2026-05-17 21:09:56 [info     ] data_loaded                    train_samples=48117 val_samples=7518
2026-05-17 21:10:16 [debug    ] meta_saved                     path=data/models/act_gelu_seed0/meta.json
2026-05-17 21:10:16 [info     ] trainer_initialized            architecture=node_adsb_v1 device=cuda train_samples=48117 val_samples=7518
2026-05-17 21:10:16 [info     ] preloading_data_to_gpu
2026-05-17 21:10:17 [debug    ] epoch_start                    epoch=1 total_epochs=50
/data/common/dataiku/config/projects/NODEFDM/lib/python/.venv/lib/python3.12/site-packages/torch/_inductor/compile_fx.py:321: UserWarning: TensorFloat32 tensor cores for float32 matrix multiplication available but not enabled. Consider setting `torch.set_float32_matmul_precision('high')` for better performance.
  warnings.warn(
2026-05-17 21:10:38 [info     ] debug_magnitudes               norm_mean=['8427.359375', '-0.000899', '211.646118', '3.252943'] norm_std=['2287.523926', '0.040447', '34.116577', '1.247240'] ode_loss=0.509654
2026-05-17 21:10:57 [warning  ] nan_or_inf_loss                loss=nan
W0517 21:23:05.892000 727542 torch/_dynamo/convert_frame.py:1676] [0/8] torch._dynamo hit config.recompile_limit (8)
W0517 21:23:05.892000 727542 torch/_dynamo/convert_frame.py:1676] [0/8]    function: 'forward' (/data/common/dataiku/config/projects/NODEFDM/lib/python/packages/node-fdm/src/node_fdm/models/fdm.py:181)
W0517 21:23:05.892000 727542 torch/_dynamo/convert_frame.py:1676] [0/8]    last reason: 0/7: tensor 'self.history['raw_alt_m']' size mismatch at index 1. expected 1, actual 2
W0517 21:23:05.892000 727542 torch/_dynamo/convert_frame.py:1676] [0/8] To log all recompilation reasons, use TORCH_LOGS="recompiles".
W0517 21:23:05.892000 727542 torch/_dynamo/convert_frame.py:1676] [0/8] To diagnose recompilation issues, see https://pytorch.org/docs/main/compile/programming_model.recompilation.html
2026-05-17 21:23:06 [debug    ] meta_saved                     path=data/models/act_gelu_seed0/meta.json
2026-05-17 21:23:06 [debug    ] model_saved                    epoch=1
2026-05-17 21:23:06 [info     ] epoch_complete                 epoch=1 is_best=True lr=0.00020800000000000077 total_epochs=50 train_loss=nan val_loss=0.035786
2026-05-17 21:23:06 [debug    ] epoch_start                    epoch=2 total_epochs=50
2026-05-17 21:27:05 [warning  ] nan_or_inf_loss                loss=nan
2026-05-17 21:34:35 [debug    ] meta_saved                     path=data/models/act_gelu_seed0/meta.json
2026-05-17 21:34:35 [debug    ] model_saved                    epoch=2
2026-05-17 21:34:35 [info     ] epoch_complete                 epoch=2 is_best=True lr=0.00040600000000000174 total_epochs=50 train_loss=nan val_loss=0.028248
2026-05-17 21:34:35 [debug    ] epoch_start                    epoch=3 total_epochs=50
2026-05-17 21:37:59 [warning  ] nan_or_inf_loss                loss=nan
2026-05-17 21:46:04 [debug    ] meta_saved                     path=data/models/act_gelu_seed0/meta.json
2026-05-17 21:46:04 [debug    ] model_saved                    epoch=3
2026-05-17 21:46:04 [info     ] epoch_complete                 epoch=3 is_best=True lr=0.0006040000000000034 total_epochs=50 train_loss=nan val_loss=0.027268
2026-05-17 21:46:04 [debug    ] epoch_start                    epoch=4 total_epochs=50
2026-05-17 21:57:09 [warning  ] nan_or_inf_loss                loss=nan
2026-05-17 21:57:35 [debug    ] meta_saved                     path=data/models/act_gelu_seed0/meta.json
2026-05-17 21:57:35 [debug    ] model_saved                    epoch=4
2026-05-17 21:57:35 [info     ] epoch_complete                 epoch=4 is_best=True lr=0.0008020000000000034 total_epochs=50 train_loss=nan val_loss=0.02551
2026-05-17 21:57:35 [debug    ] epoch_start                    epoch=5 total_epochs=50
2026-05-17 21:58:01 [warning  ] nan_or_inf_loss                loss=nan
2026-05-17 22:09:06 [debug    ] meta_saved                     path=data/models/act_gelu_seed0/meta.json
2026-05-17 22:09:06 [debug    ] model_saved                    epoch=5
2026-05-17 22:09:06 [info     ] epoch_complete                 epoch=5 is_best=True lr=0.001 total_epochs=50 train_loss=nan val_loss=0.02447
2026-05-17 22:09:06 [debug    ] epoch_start                    epoch=6 total_epochs=50
2026-05-17 22:18:39 [warning  ] nan_or_inf_loss                loss=nan
2026-05-17 22:20:46 [info     ] epoch_complete                 epoch=6 is_best=False lr=0.0009779999999999641 total_epochs=50 train_loss=nan val_loss=0.026865
2026-05-17 22:20:46 [debug    ] epoch_start                    epoch=7 total_epochs=50
2026-05-17 22:27:07 [warning  ] nan_or_inf_loss                loss=nan
2026-05-17 22:32:24 [info     ] epoch_complete                 epoch=7 is_best=False lr=0.000955999999999966 total_epochs=50 train_loss=nan val_loss=0.03375
2026-05-17 22:32:24 [debug    ] epoch_start                    epoch=8 total_epochs=50
2026-05-17 22:40:32 [warning  ] nan_or_inf_loss                loss=nan
2026-05-17 22:44:00 [info     ] epoch_complete                 epoch=8 is_best=False lr=0.0009339999999999676 total_epochs=50 train_loss=nan val_loss=0.025157
2026-05-17 22:44:00 [debug    ] epoch_start                    epoch=9 total_epochs=50
2026-05-17 22:49:02 [warning  ] nan_or_inf_loss                loss=nan
2026-05-17 22:55:32 [info     ] epoch_complete                 epoch=9 is_best=False lr=0.0009119999999999646 total_epochs=50 train_loss=nan val_loss=0.024564
2026-05-17 22:55:32 [debug    ] epoch_start                    epoch=10 total_epochs=50
2026-05-17 22:57:16 [warning  ] nan_or_inf_loss                loss=nan
2026-05-17 23:07:06 [debug    ] meta_saved                     path=data/models/act_gelu_seed0/meta.json
2026-05-17 23:07:06 [debug    ] model_saved                    epoch=10
2026-05-17 23:07:06 [info     ] epoch_complete                 epoch=10 is_best=True lr=0.0008899999999999641 total_epochs=50 train_loss=nan val_loss=0.023951
2026-05-17 23:07:06 [debug    ] epoch_start                    epoch=11 total_epochs=50
2026-05-17 23:09:09 [warning  ] nan_or_inf_loss                loss=nan
2026-05-17 23:18:44 [info     ] epoch_complete                 epoch=11 is_best=False lr=0.0008679999999999602 total_epochs=50 train_loss=nan val_loss=0.024015
2026-05-17 23:18:44 [debug    ] epoch_start                    epoch=12 total_epochs=50
2026-05-17 23:20:44 [warning  ] nan_or_inf_loss                loss=nan
2026-05-17 23:30:25 [info     ] epoch_complete                 epoch=12 is_best=False lr=0.0008459999999999557 total_epochs=50 train_loss=nan val_loss=0.207471
2026-05-17 23:30:25 [debug    ] epoch_start                    epoch=13 total_epochs=50
2026-05-17 23:34:03 [warning  ] nan_or_inf_loss                loss=nan
2026-05-17 23:42:06 [info     ] epoch_complete                 epoch=13 is_best=False lr=0.0008239999999999501 total_epochs=50 train_loss=nan val_loss=0.064499
2026-05-17 23:42:06 [debug    ] epoch_start                    epoch=14 total_epochs=50
2026-05-17 23:44:11 [warning  ] nan_or_inf_loss                loss=nan
2026-05-17 23:53:45 [info     ] epoch_complete                 epoch=14 is_best=False lr=0.0008019999999999432 total_epochs=50 train_loss=nan val_loss=0.069308
2026-05-17 23:53:45 [debug    ] epoch_start                    epoch=15 total_epochs=50
2026-05-18 00:04:04 [warning  ] nan_or_inf_loss                loss=nan
2026-05-18 00:05:18 [info     ] epoch_complete                 epoch=15 is_best=False lr=0.0007799999999999348 total_epochs=50 train_loss=nan val_loss=1.575005
2026-05-18 00:05:18 [debug    ] epoch_start                    epoch=16 total_epochs=50
2026-05-18 00:06:18 [warning  ] nan_or_inf_loss                loss=nan
2026-05-18 00:16:53 [info     ] epoch_complete                 epoch=16 is_best=False lr=0.0007579999999999236 total_epochs=50 train_loss=nan val_loss=0.303193
2026-05-18 00:16:53 [debug    ] epoch_start                    epoch=17 total_epochs=50
2026-05-18 00:24:11 [warning  ] nan_or_inf_loss                loss=nan
2026-05-18 00:28:26 [info     ] epoch_complete                 epoch=17 is_best=False lr=0.0007359999999999133 total_epochs=50 train_loss=nan val_loss=0.223846
2026-05-18 00:28:26 [debug    ] epoch_start                    epoch=18 total_epochs=50
2026-05-18 00:45:25 [warning  ] nan_or_inf_loss                loss=nan
2026-05-18 00:45:48 [info     ] epoch_complete                 epoch=18 is_best=False lr=0.0007139999999999008 total_epochs=50 train_loss=nan val_loss=0.200271
2026-05-18 00:45:48 [debug    ] epoch_start                    epoch=19 total_epochs=50
2026-05-18 01:00:59 [warning  ] nan_or_inf_loss                loss=nan
2026-05-18 01:02:50 [info     ] epoch_complete                 epoch=19 is_best=False lr=0.0006919999999998854 total_epochs=50 train_loss=nan val_loss=0.820782
2026-05-18 01:02:50 [debug    ] epoch_start                    epoch=20 total_epochs=50
2026-05-18 01:12:03 [warning  ] nan_or_inf_loss                loss=nan
2026-05-18 01:14:26 [info     ] epoch_complete                 epoch=20 is_best=False lr=0.0006699999999998693 total_epochs=50 train_loss=nan val_loss=1.039649
2026-05-18 01:14:26 [debug    ] epoch_start                    epoch=21 total_epochs=50
2026-05-18 01:17:18 [warning  ] nan_or_inf_loss                loss=nan
2026-05-18 01:26:03 [info     ] epoch_complete                 epoch=21 is_best=False lr=0.0006479999999998547 total_epochs=50 train_loss=nan val_loss=1.674786
2026-05-18 01:26:03 [debug    ] epoch_start                    epoch=22 total_epochs=50
2026-05-18 01:32:32 [warning  ] nan_or_inf_loss                loss=nan
2026-05-18 01:37:36 [info     ] epoch_complete                 epoch=22 is_best=False lr=0.0006259999999998386 total_epochs=50 train_loss=nan val_loss=2.325381
2026-05-18 01:37:36 [debug    ] epoch_start                    epoch=23 total_epochs=50
2026-05-18 01:40:06 [warning  ] nan_or_inf_loss                loss=nan
2026-05-18 01:49:11 [info     ] epoch_complete                 epoch=23 is_best=False lr=0.0006039999999998202 total_epochs=50 train_loss=nan val_loss=0.173354
2026-05-18 01:49:11 [debug    ] epoch_start                    epoch=24 total_epochs=50
2026-05-18 01:57:29 [warning  ] nan_or_inf_loss                loss=nan
2026-05-18 02:00:44 [info     ] epoch_complete                 epoch=24 is_best=False lr=0.0005819999999998049 total_epochs=50 train_loss=nan val_loss=0.169764
2026-05-18 02:00:45 [debug    ] epoch_start                    epoch=25 total_epochs=50
2026-05-18 02:10:52 [warning  ] nan_or_inf_loss                loss=nan
2026-05-18 02:12:27 [info     ] epoch_complete                 epoch=25 is_best=False lr=0.0005599999999997843 total_epochs=50 train_loss=nan val_loss=0.196319
2026-05-18 02:12:27 [debug    ] epoch_start                    epoch=26 total_epochs=50
2026-05-18 02:22:18 [warning  ] nan_or_inf_loss                loss=nan
2026-05-18 02:24:02 [info     ] epoch_complete                 epoch=26 is_best=False lr=0.0005379999999997661 total_epochs=50 train_loss=nan val_loss=0.137086
2026-05-18 02:24:02 [debug    ] epoch_start                    epoch=27 total_epochs=50
2026-05-18 02:25:07 [warning  ] nan_or_inf_loss                loss=nan
2026-05-18 02:35:36 [info     ] epoch_complete                 epoch=27 is_best=False lr=0.0005159999999997449 total_epochs=50 train_loss=nan val_loss=0.128858
2026-05-18 02:35:36 [debug    ] epoch_start                    epoch=28 total_epochs=50
2026-05-18 02:35:46 [warning  ] nan_or_inf_loss                loss=nan
2026-05-18 02:47:11 [info     ] epoch_complete                 epoch=28 is_best=False lr=0.0004939999999997231 total_epochs=50 train_loss=nan val_loss=0.12814
2026-05-18 02:47:12 [debug    ] epoch_start                    epoch=29 total_epochs=50
2026-05-18 02:51:23 [warning  ] nan_or_inf_loss                loss=nan
2026-05-18 02:58:44 [info     ] epoch_complete                 epoch=29 is_best=False lr=0.00047199999999972654 total_epochs=50 train_loss=nan val_loss=0.137262
2026-05-18 02:58:44 [debug    ] epoch_start                    epoch=30 total_epochs=50
2026-05-18 03:09:56 [warning  ] nan_or_inf_loss                loss=nan
2026-05-18 03:10:17 [info     ] epoch_complete                 epoch=30 is_best=False lr=0.00044999999999974005 total_epochs=50 train_loss=nan val_loss=0.122345
2026-05-18 03:10:17 [debug    ] epoch_start                    epoch=31 total_epochs=50
2026-05-18 03:10:27 [warning  ] nan_or_inf_loss                loss=nan
2026-05-18 03:21:51 [info     ] epoch_complete                 epoch=31 is_best=False lr=0.00042799999999975404 total_epochs=50 train_loss=nan val_loss=0.11865
2026-05-18 03:21:51 [debug    ] epoch_start                    epoch=32 total_epochs=50
2026-05-18 03:26:12 [warning  ] nan_or_inf_loss                loss=nan
2026-05-18 03:33:25 [info     ] epoch_complete                 epoch=32 is_best=False lr=0.0004059999999997666 total_epochs=50 train_loss=nan val_loss=0.153457
2026-05-18 03:33:25 [debug    ] epoch_start                    epoch=33 total_epochs=50
2026-05-18 03:39:51 [warning  ] nan_or_inf_loss                loss=nan
2026-05-18 03:44:56 [info     ] epoch_complete                 epoch=33 is_best=False lr=0.00038399999999978274 total_epochs=50 train_loss=nan val_loss=0.171227
2026-05-18 03:44:56 [debug    ] epoch_start                    epoch=34 total_epochs=50
2026-05-18 03:54:43 [warning  ] nan_or_inf_loss                loss=nan
2026-05-18 03:56:32 [info     ] epoch_complete                 epoch=34 is_best=False lr=0.0003619999999997976 total_epochs=50 train_loss=nan val_loss=0.21406
2026-05-18 03:56:32 [debug    ] epoch_start                    epoch=35 total_epochs=50
2026-05-18 04:07:22 [warning  ] nan_or_inf_loss                loss=nan
2026-05-18 04:08:09 [info     ] epoch_complete                 epoch=35 is_best=False lr=0.00033999999999981284 total_epochs=50 train_loss=nan val_loss=0.851375
2026-05-18 04:08:09 [debug    ] epoch_start                    epoch=36 total_epochs=50
2026-05-18 04:16:35 [warning  ] nan_or_inf_loss                loss=nan
2026-05-18 04:19:46 [info     ] epoch_complete                 epoch=36 is_best=False lr=0.00031799999999982846 total_epochs=50 train_loss=nan val_loss=0.133253
2026-05-18 04:19:46 [debug    ] epoch_start                    epoch=37 total_epochs=50
2026-05-18 04:21:52 [warning  ] nan_or_inf_loss                loss=nan
2026-05-18 04:31:20 [info     ] epoch_complete                 epoch=37 is_best=False lr=0.00029599999999984576 total_epochs=50 train_loss=nan val_loss=0.09955
2026-05-18 04:31:20 [debug    ] epoch_start                    epoch=38 total_epochs=50
2026-05-18 04:38:48 [warning  ] nan_or_inf_loss                loss=nan
2026-05-18 04:42:53 [info     ] epoch_complete                 epoch=38 is_best=False lr=0.00027399999999986176 total_epochs=50 train_loss=nan val_loss=0.106092
2026-05-18 04:42:53 [debug    ] epoch_start                    epoch=39 total_epochs=50
2026-05-18 04:45:05 [warning  ] nan_or_inf_loss                loss=nan
2026-05-18 04:54:28 [info     ] epoch_complete                 epoch=39 is_best=False lr=0.0002519999999998791 total_epochs=50 train_loss=nan val_loss=0.099095
2026-05-18 04:54:28 [debug    ] epoch_start                    epoch=40 total_epochs=50
2026-05-18 05:02:49 [warning  ] nan_or_inf_loss                loss=nan
2026-05-18 05:06:04 [info     ] epoch_complete                 epoch=40 is_best=False lr=0.00022999999999989115 total_epochs=50 train_loss=nan val_loss=0.098918
2026-05-18 05:06:04 [debug    ] epoch_start                    epoch=41 total_epochs=50
2026-05-18 05:06:07 [warning  ] nan_or_inf_loss                loss=nan
2026-05-18 05:17:39 [info     ] epoch_complete                 epoch=41 is_best=False lr=0.00020799999999989986 total_epochs=50 train_loss=nan val_loss=0.108344
2026-05-18 05:17:39 [debug    ] epoch_start                    epoch=42 total_epochs=50
2026-05-18 05:18:34 [warning  ] nan_or_inf_loss                loss=nan
2026-05-18 05:29:16 [info     ] epoch_complete                 epoch=42 is_best=False lr=0.00018599999999990713 total_epochs=50 train_loss=nan val_loss=0.101182
2026-05-18 05:29:16 [debug    ] epoch_start                    epoch=43 total_epochs=50
2026-05-18 05:30:47 [warning  ] nan_or_inf_loss                loss=nan
2026-05-18 05:40:52 [info     ] epoch_complete                 epoch=43 is_best=False lr=0.00016399999999991286 total_epochs=50 train_loss=nan val_loss=0.09408
2026-05-18 05:40:52 [debug    ] epoch_start                    epoch=44 total_epochs=50
2026-05-18 05:47:35 [warning  ] nan_or_inf_loss                loss=nan
2026-05-18 05:52:29 [info     ] epoch_complete                 epoch=44 is_best=False lr=0.00014199999999991775 total_epochs=50 train_loss=nan val_loss=0.097497
2026-05-18 05:52:29 [debug    ] epoch_start                    epoch=45 total_epochs=50
2026-05-18 06:03:12 [warning  ] nan_or_inf_loss                loss=nan
2026-05-18 06:04:26 [info     ] epoch_complete                 epoch=45 is_best=False lr=0.00011999999999992358 total_epochs=50 train_loss=nan val_loss=0.091473
2026-05-18 06:04:26 [debug    ] epoch_start                    epoch=46 total_epochs=50
2026-05-18 06:08:04 [warning  ] nan_or_inf_loss                loss=nan
2026-05-18 06:16:01 [info     ] epoch_complete                 epoch=46 is_best=False lr=9.799999999993738e-05 total_epochs=50 train_loss=nan val_loss=0.090346
2026-05-18 06:16:01 [debug    ] epoch_start                    epoch=47 total_epochs=50
2026-05-18 06:21:21 [warning  ] nan_or_inf_loss                loss=nan
2026-05-18 06:27:33 [info     ] epoch_complete                 epoch=47 is_best=False lr=7.599999999995096e-05 total_epochs=50 train_loss=nan val_loss=0.090676
2026-05-18 06:27:33 [debug    ] epoch_start                    epoch=48 total_epochs=50
2026-05-18 06:30:48 [warning  ] nan_or_inf_loss                loss=nan
2026-05-18 06:39:08 [info     ] epoch_complete                 epoch=48 is_best=False lr=5.399999999996508e-05 total_epochs=50 train_loss=nan val_loss=0.087882
2026-05-18 06:39:08 [debug    ] epoch_start                    epoch=49 total_epochs=50
2026-05-18 06:48:18 [warning  ] nan_or_inf_loss                loss=nan
2026-05-18 06:50:41 [info     ] epoch_complete                 epoch=49 is_best=False lr=3.1999999999980124e-05 total_epochs=50 train_loss=nan val_loss=0.085779
2026-05-18 06:50:41 [debug    ] epoch_start                    epoch=50 total_epochs=50
2026-05-18 06:56:19 [warning  ] nan_or_inf_loss                loss=nan
2026-05-18 07:02:26 [info     ] epoch_complete                 epoch=50 is_best=False lr=9.999999999993956e-06 total_epochs=50 train_loss=nan val_loss=0.085922
2026-05-18 07:02:26 [info     ] training_log_saved             path=data/models/act_gelu_seed0/training_losses.csv
2026-05-18 07:02:26 [info     ] training_complete              best_val_loss=0.023951
2026-05-18 07:02:26 [info     ] train_typecode_done            typecode=A320
2026-05-18 07:02:26 [info     ] train_done                     typecodes=['A320']

$ uv run fdm train --arch adsb --config results_run3/act_gelu_seed0/config.yaml --model-name act_gelu_seed0 --epochs 50 --batch-size 32 --lr 0.001 --method rk4 --seq-len 30 --train-limit 5000 --activation gelu --seed 0 --backbone-depth 2 --head-depth 2 --hidden-width 48 --device cuda --no-use-mode-weights
