2026-05-15 23:29:37 [info     ] evaluate_start                 arch=adsb typecodes=['A320']
2026-05-15 23:29:37 [info     ] evaluate_typecode              flights=542 typecode=A320
2026-05-15 23:29:49 [info     ] evaluate_done                  output=data/model_performance/bs_32_seed1/performance.parquet rows=16
shape: (16, 11)
┌──────────┬─────────────────────────┬──────────────┬───────┬─────────┬──────────┬──────────┬──────────┬─────────┬──────────┬────────┐
│ Aircraft ┆ Variable                ┆ Phase        ┆ Model ┆ MAE     ┆ MAE_std  ┆ MAPE (%) ┆ MAPE_std ┆ ME      ┆ ME_std   ┆ Count  │
│ ---      ┆ ---                     ┆ ---          ┆ ---   ┆ ---     ┆ ---      ┆ ---      ┆ ---      ┆ ---     ┆ ---      ┆ ---    │
│ str      ┆ str                     ┆ str          ┆ str   ┆ f64     ┆ f64      ┆ f64      ┆ f64      ┆ f64     ┆ f64      ┆ i64    │
╞══════════╪═════════════════════════╪══════════════╪═══════╪═════════╪══════════╪══════════╪══════════╪═════════╪══════════╪════════╡
│ A320     ┆ Altitude [m]            ┆ All phases   ┆ PRED  ┆ 241.214 ┆ 568.508  ┆ 5.225    ┆ 17.790   ┆ 119.292 ┆ 605.933  ┆ 478843 │
│ A320     ┆ Altitude [m]            ┆ Climb        ┆ PRED  ┆ 768.950 ┆ 1004.295 ┆ 17.205   ┆ 34.798   ┆ 605.128 ┆ 1110.726 ┆ 90018  │
│ A320     ┆ Altitude [m]            ┆ Level flight ┆ PRED  ┆ 60.504  ┆ 175.003  ┆ 0.792    ┆ 5.006    ┆ -1.629  ┆ 185.160  ┆ 296839 │
│ A320     ┆ Altitude [m]            ┆ Descent      ┆ PRED  ┆ 307.922 ┆ 462.843  ┆ 7.810    ┆ 13.081   ┆ 34.063  ┆ 554.868  ┆ 91986  │
│ A320     ┆ Flight path angle [deg] ┆ All phases   ┆ PRED  ┆ 0.277   ┆ 0.604    ┆ NaN      ┆ NaN      ┆ -0.059  ┆ 0.662    ┆ 478843 │
│ A320     ┆ Flight path angle [deg] ┆ Climb        ┆ PRED  ┆ 0.707   ┆ 0.961    ┆ NaN      ┆ NaN      ┆ -0.396  ┆ 1.125    ┆ 90018  │
│ A320     ┆ Flight path angle [deg] ┆ Level flight ┆ PRED  ┆ 0.076   ┆ 0.243    ┆ NaN      ┆ NaN      ┆ -0.007  ┆ 0.254    ┆ 296839 │
│ A320     ┆ Flight path angle [deg] ┆ Descent      ┆ PRED  ┆ 0.503   ┆ 0.665    ┆ NaN      ┆ NaN      ┆ 0.107   ┆ 0.827    ┆ 91986  │
│ A320     ┆ Heading [deg]           ┆ All phases   ┆ PRED  ┆ 1.586   ┆ 6.923    ┆ NaN      ┆ NaN      ┆ 0.263   ┆ 7.098    ┆ 478843 │
│ A320     ┆ Heading [deg]           ┆ Climb        ┆ PRED  ┆ 2.093   ┆ 7.569    ┆ NaN      ┆ NaN      ┆ 0.133   ┆ 7.852    ┆ 90018  │
│ A320     ┆ Heading [deg]           ┆ Level flight ┆ PRED  ┆ 1.208   ┆ 6.295    ┆ NaN      ┆ NaN      ┆ 0.229   ┆ 6.406    ┆ 296839 │
│ A320     ┆ Heading [deg]           ┆ Descent      ┆ PRED  ┆ 2.309   ┆ 8.021    ┆ NaN      ┆ NaN      ┆ 0.498   ┆ 8.332    ┆ 91986  │
│ A320     ┆ True airspeed [m/s]     ┆ All phases   ┆ PRED  ┆ 3.067   ┆ 8.212    ┆ 1.777    ┆ 6.541    ┆ 0.869   ┆ 8.723    ┆ 478843 │
│ A320     ┆ True airspeed [m/s]     ┆ Climb        ┆ PRED  ┆ 5.934   ┆ 15.319   ┆ 3.768    ┆ 11.721   ┆ 3.874   ┆ 15.965   ┆ 90018  │
│ A320     ┆ True airspeed [m/s]     ┆ Level flight ┆ PRED  ┆ 1.956   ┆ 4.465    ┆ 0.997    ┆ 4.460    ┆ 0.270   ┆ 4.867    ┆ 296839 │
│ A320     ┆ True airspeed [m/s]     ┆ Descent      ┆ PRED  ┆ 3.845   ┆ 6.665    ┆ 2.343    ┆ 4.230    ┆ -0.137  ┆ 7.693    ┆ 91986  │
└──────────┴─────────────────────────┴──────────────┴───────┴─────────┴──────────┴──────────┴──────────┴─────────┴──────────┴────────┘

$ uv run fdm evaluate --arch adsb --config results_run2/bs_32_seed1/config.yaml --model-name bs_32_seed1
