2026-05-15 11:56:14 [info     ] train_start                    arch=adsb device=cuda typecodes=['A320']
2026-05-15 11:56:14 [info     ] train_typecode                 typecode=A320
2026-05-15 11:56:14 [info     ] loading_data                   train_flights=1594 val_flights=247
2026-05-15 11:56:14 [warning  ] e1_column_missing              column=fdm_g_sin_gamma_ms2
2026-05-15 11:56:14 [warning  ] e1_column_missing              column=fdm_cos_gamma
2026-05-15 11:56:14 [warning  ] e1_column_missing              column=fdm_q_pa
2026-05-15 11:56:14 [warning  ] e1_column_missing              column=fdm_g_over_v
2026-05-15 11:56:14 [warning  ] e1_column_missing              column=fdm_lat_wind_ms
2026-05-15 11:56:14 [warning  ] e1_column_missing              column=fdm_drift_rad
2026-05-15 11:56:14 [warning  ] e1_column_missing              column=fdm_track_rad
2026-05-15 11:56:14 [warning  ] e1_column_missing              column=fdm_heading_diff_rad
2026-05-15 11:56:28 [warning  ] e1_column_missing              column=fdm_g_sin_gamma_ms2
2026-05-15 11:56:28 [warning  ] e1_column_missing              column=fdm_cos_gamma
2026-05-15 11:56:28 [warning  ] e1_column_missing              column=fdm_q_pa
2026-05-15 11:56:28 [warning  ] e1_column_missing              column=fdm_g_over_v
2026-05-15 11:56:28 [warning  ] e1_column_missing              column=fdm_lat_wind_ms
2026-05-15 11:56:28 [warning  ] e1_column_missing              column=fdm_drift_rad
2026-05-15 11:56:28 [warning  ] e1_column_missing              column=fdm_track_rad
2026-05-15 11:56:28 [warning  ] e1_column_missing              column=fdm_heading_diff_rad
2026-05-15 11:56:29 [info     ] data_loaded                    train_samples=23212 val_samples=3628
2026-05-15 11:56:46 [debug    ] meta_saved                     path=data/models/bs_32_seed1/meta.json
2026-05-15 11:56:46 [info     ] trainer_initialized            architecture=node_adsb_v1 device=cuda train_samples=23212 val_samples=3628
2026-05-15 11:56:46 [info     ] preloading_data_to_gpu
2026-05-15 11:56:46 [debug    ] epoch_start                    epoch=1 total_epochs=50
/data/common/dataiku/config/projects/NODEFDM/lib/python/.venv/lib/python3.12/site-packages/torch/_inductor/compile_fx.py:321: UserWarning: TensorFloat32 tensor cores for float32 matrix multiplication available but not enabled. Consider setting `torch.set_float32_matmul_precision('high')` for better performance.
  warnings.warn(
2026-05-15 11:57:09 [info     ] debug_magnitudes               norm_mean=['8568.283203', '-0.001322', '213.622833', '3.253931'] norm_std=['2269.236084', '0.038830', '32.838379', '1.246786'] ode_loss=0.702577
W0515 12:09:42.909000 361932 torch/_dynamo/convert_frame.py:1676] [0/8] torch._dynamo hit config.recompile_limit (8)
W0515 12:09:42.909000 361932 torch/_dynamo/convert_frame.py:1676] [0/8]    function: 'forward' (/data/common/dataiku/config/projects/NODEFDM/lib/python/packages/node-fdm/src/node_fdm/models/fdm.py:181)
W0515 12:09:42.909000 361932 torch/_dynamo/convert_frame.py:1676] [0/8]    last reason: 0/7: tensor 'self.history['raw_alt_m']' size mismatch at index 1. expected 1, actual 2
W0515 12:09:42.909000 361932 torch/_dynamo/convert_frame.py:1676] [0/8] To log all recompilation reasons, use TORCH_LOGS="recompiles".
W0515 12:09:42.909000 361932 torch/_dynamo/convert_frame.py:1676] [0/8] To diagnose recompilation issues, see https://pytorch.org/docs/main/compile/programming_model.recompilation.html
2026-05-15 12:09:43 [debug    ] meta_saved                     path=data/models/bs_32_seed1/meta.json
2026-05-15 12:09:43 [debug    ] model_saved                    epoch=1
2026-05-15 12:09:43 [info     ] epoch_complete                 epoch=1 is_best=True lr=0.0002079999999999997 total_epochs=50 train_loss=0.17294 val_loss=0.049481
2026-05-15 12:09:43 [debug    ] epoch_start                    epoch=2 total_epochs=50
2026-05-15 12:21:09 [debug    ] meta_saved                     path=data/models/bs_32_seed1/meta.json
2026-05-15 12:21:09 [debug    ] model_saved                    epoch=2
2026-05-15 12:21:09 [info     ] epoch_complete                 epoch=2 is_best=True lr=0.0004059999999999966 total_epochs=50 train_loss=0.044181 val_loss=0.03488
2026-05-15 12:21:09 [debug    ] epoch_start                    epoch=3 total_epochs=50
2026-05-15 12:32:35 [debug    ] meta_saved                     path=data/models/bs_32_seed1/meta.json
2026-05-15 12:32:35 [debug    ] model_saved                    epoch=3
2026-05-15 12:32:35 [info     ] epoch_complete                 epoch=3 is_best=True lr=0.0006039999999999978 total_epochs=50 train_loss=0.037378 val_loss=0.032104
2026-05-15 12:32:35 [debug    ] epoch_start                    epoch=4 total_epochs=50
2026-05-15 12:44:08 [debug    ] meta_saved                     path=data/models/bs_32_seed1/meta.json
2026-05-15 12:44:08 [debug    ] model_saved                    epoch=4
2026-05-15 12:44:08 [info     ] epoch_complete                 epoch=4 is_best=True lr=0.0008019999999999982 total_epochs=50 train_loss=0.035661 val_loss=0.031856
2026-05-15 12:44:08 [debug    ] epoch_start                    epoch=5 total_epochs=50
2026-05-15 12:55:41 [debug    ] meta_saved                     path=data/models/bs_32_seed1/meta.json
2026-05-15 12:55:41 [debug    ] model_saved                    epoch=5
2026-05-15 12:55:41 [info     ] epoch_complete                 epoch=5 is_best=True lr=0.001 total_epochs=50 train_loss=0.034865 val_loss=0.030806
2026-05-15 12:55:41 [debug    ] epoch_start                    epoch=6 total_epochs=50
2026-05-15 13:07:09 [debug    ] meta_saved                     path=data/models/bs_32_seed1/meta.json
2026-05-15 13:07:09 [debug    ] model_saved                    epoch=6
2026-05-15 13:07:09 [info     ] epoch_complete                 epoch=6 is_best=True lr=0.0009780000000000073 total_epochs=50 train_loss=0.035787 val_loss=0.030047
2026-05-15 13:07:09 [debug    ] epoch_start                    epoch=7 total_epochs=50
2026-05-15 13:18:39 [info     ] epoch_complete                 epoch=7 is_best=False lr=0.0009560000000000082 total_epochs=50 train_loss=0.033296 val_loss=0.032031
2026-05-15 13:18:39 [debug    ] epoch_start                    epoch=8 total_epochs=50
2026-05-15 13:30:10 [info     ] epoch_complete                 epoch=8 is_best=False lr=0.0009340000000000075 total_epochs=50 train_loss=0.033284 val_loss=0.03226
2026-05-15 13:30:10 [debug    ] epoch_start                    epoch=9 total_epochs=50
2026-05-15 13:41:43 [debug    ] meta_saved                     path=data/models/bs_32_seed1/meta.json
2026-05-15 13:41:43 [debug    ] model_saved                    epoch=9
2026-05-15 13:41:43 [info     ] epoch_complete                 epoch=9 is_best=True lr=0.0009120000000000046 total_epochs=50 train_loss=0.03304 val_loss=0.029432
2026-05-15 13:41:43 [debug    ] epoch_start                    epoch=10 total_epochs=50
2026-05-15 13:53:11 [info     ] epoch_complete                 epoch=10 is_best=False lr=0.0008900000000000022 total_epochs=50 train_loss=0.032363 val_loss=0.030018
2026-05-15 13:53:11 [debug    ] epoch_start                    epoch=11 total_epochs=50
2026-05-15 14:04:41 [debug    ] meta_saved                     path=data/models/bs_32_seed1/meta.json
2026-05-15 14:04:41 [debug    ] model_saved                    epoch=11
2026-05-15 14:04:41 [info     ] epoch_complete                 epoch=11 is_best=True lr=0.000867999999999998 total_epochs=50 train_loss=0.032225 val_loss=0.028763
2026-05-15 14:04:41 [debug    ] epoch_start                    epoch=12 total_epochs=50
2026-05-15 14:16:17 [info     ] epoch_complete                 epoch=12 is_best=False lr=0.0008459999999999935 total_epochs=50 train_loss=0.031543 val_loss=0.028835
2026-05-15 14:16:17 [debug    ] epoch_start                    epoch=13 total_epochs=50
2026-05-15 14:27:47 [info     ] epoch_complete                 epoch=13 is_best=False lr=0.0008239999999999882 total_epochs=50 train_loss=0.031571 val_loss=0.029004
2026-05-15 14:27:47 [debug    ] epoch_start                    epoch=14 total_epochs=50
2026-05-15 14:39:22 [info     ] epoch_complete                 epoch=14 is_best=False lr=0.0008019999999999828 total_epochs=50 train_loss=0.033498 val_loss=0.029789
2026-05-15 14:39:22 [debug    ] epoch_start                    epoch=15 total_epochs=50
2026-05-15 14:51:19 [info     ] epoch_complete                 epoch=15 is_best=False lr=0.0007799999999999775 total_epochs=50 train_loss=0.299531 val_loss=0.517184
2026-05-15 14:51:19 [debug    ] epoch_start                    epoch=16 total_epochs=50
2026-05-15 15:02:52 [info     ] epoch_complete                 epoch=16 is_best=False lr=0.0007579999999999722 total_epochs=50 train_loss=0.252881 val_loss=0.047802
2026-05-15 15:02:52 [debug    ] epoch_start                    epoch=17 total_epochs=50
2026-05-15 15:14:25 [info     ] epoch_complete                 epoch=17 is_best=False lr=0.0007359999999999669 total_epochs=50 train_loss=0.042753 val_loss=0.033085
2026-05-15 15:14:25 [debug    ] epoch_start                    epoch=18 total_epochs=50
2026-05-15 15:25:59 [info     ] epoch_complete                 epoch=18 is_best=False lr=0.0007139999999999616 total_epochs=50 train_loss=0.035466 val_loss=0.030991
2026-05-15 15:25:59 [debug    ] epoch_start                    epoch=19 total_epochs=50
2026-05-15 15:37:34 [info     ] epoch_complete                 epoch=19 is_best=False lr=0.0006919999999999563 total_epochs=50 train_loss=0.033576 val_loss=0.030013
2026-05-15 15:37:34 [debug    ] epoch_start                    epoch=20 total_epochs=50
2026-05-15 15:49:08 [info     ] epoch_complete                 epoch=20 is_best=False lr=0.000669999999999951 total_epochs=50 train_loss=0.032771 val_loss=0.029525
2026-05-15 15:49:08 [debug    ] epoch_start                    epoch=21 total_epochs=50
2026-05-15 16:02:45 [info     ] epoch_complete                 epoch=21 is_best=False lr=0.0006479999999999457 total_epochs=50 train_loss=0.032241 val_loss=0.029527
2026-05-15 16:02:45 [debug    ] epoch_start                    epoch=22 total_epochs=50
2026-05-15 16:14:57 [info     ] epoch_complete                 epoch=22 is_best=False lr=0.0006259999999999404 total_epochs=50 train_loss=0.032611 val_loss=0.029615
2026-05-15 16:14:57 [debug    ] epoch_start                    epoch=23 total_epochs=50
2026-05-15 16:26:38 [debug    ] meta_saved                     path=data/models/bs_32_seed1/meta.json
2026-05-15 16:26:38 [debug    ] model_saved                    epoch=23
2026-05-15 16:26:38 [info     ] epoch_complete                 epoch=23 is_best=True lr=0.0006039999999999351 total_epochs=50 train_loss=0.031885 val_loss=0.028499
2026-05-15 16:26:38 [debug    ] epoch_start                    epoch=24 total_epochs=50
2026-05-15 16:38:15 [debug    ] meta_saved                     path=data/models/bs_32_seed1/meta.json
2026-05-15 16:38:15 [debug    ] model_saved                    epoch=24
2026-05-15 16:38:15 [info     ] epoch_complete                 epoch=24 is_best=True lr=0.0005819999999999298 total_epochs=50 train_loss=0.031442 val_loss=0.028292
2026-05-15 16:38:15 [debug    ] epoch_start                    epoch=25 total_epochs=50
2026-05-15 16:51:17 [debug    ] meta_saved                     path=data/models/bs_32_seed1/meta.json
2026-05-15 16:51:17 [debug    ] model_saved                    epoch=25
2026-05-15 16:51:17 [info     ] epoch_complete                 epoch=25 is_best=True lr=0.0005599999999999245 total_epochs=50 train_loss=0.030802 val_loss=0.027893
2026-05-15 16:51:17 [debug    ] epoch_start                    epoch=26 total_epochs=50
2026-05-15 17:02:51 [info     ] epoch_complete                 epoch=26 is_best=False lr=0.0005379999999999192 total_epochs=50 train_loss=0.030767 val_loss=0.028511
2026-05-15 17:02:51 [debug    ] epoch_start                    epoch=27 total_epochs=50
2026-05-15 17:14:23 [info     ] epoch_complete                 epoch=27 is_best=False lr=0.0005159999999999139 total_epochs=50 train_loss=0.031034 val_loss=0.028523
2026-05-15 17:14:23 [debug    ] epoch_start                    epoch=28 total_epochs=50
2026-05-15 17:25:54 [info     ] epoch_complete                 epoch=28 is_best=False lr=0.0004939999999999086 total_epochs=50 train_loss=0.031431 val_loss=0.02851
2026-05-15 17:25:54 [debug    ] epoch_start                    epoch=29 total_epochs=50
2026-05-15 17:37:25 [info     ] epoch_complete                 epoch=29 is_best=False lr=0.0004719999999999097 total_epochs=50 train_loss=0.031307 val_loss=0.031397
2026-05-15 17:37:25 [debug    ] epoch_start                    epoch=30 total_epochs=50
2026-05-15 17:48:56 [debug    ] meta_saved                     path=data/models/bs_32_seed1/meta.json
2026-05-15 17:48:56 [debug    ] model_saved                    epoch=30
2026-05-15 17:48:56 [info     ] epoch_complete                 epoch=30 is_best=True lr=0.0004499999999999135 total_epochs=50 train_loss=0.030303 val_loss=0.027708
2026-05-15 17:48:56 [debug    ] epoch_start                    epoch=31 total_epochs=50
2026-05-15 18:00:25 [info     ] epoch_complete                 epoch=31 is_best=False lr=0.0004279999999999172 total_epochs=50 train_loss=0.030078 val_loss=0.027756
2026-05-15 18:00:25 [debug    ] epoch_start                    epoch=32 total_epochs=50
2026-05-15 18:12:00 [info     ] epoch_complete                 epoch=32 is_best=False lr=0.00040599999999991863 total_epochs=50 train_loss=0.029851 val_loss=0.028131
2026-05-15 18:12:00 [debug    ] epoch_start                    epoch=33 total_epochs=50
2026-05-15 18:23:35 [debug    ] meta_saved                     path=data/models/bs_32_seed1/meta.json
2026-05-15 18:23:35 [debug    ] model_saved                    epoch=33
2026-05-15 18:23:35 [info     ] epoch_complete                 epoch=33 is_best=True lr=0.00038399999999991886 total_epochs=50 train_loss=0.031588 val_loss=0.027613
2026-05-15 18:23:35 [debug    ] epoch_start                    epoch=34 total_epochs=50
2026-05-15 18:35:41 [info     ] epoch_complete                 epoch=34 is_best=False lr=0.00036199999999992076 total_epochs=50 train_loss=0.030013 val_loss=0.027997
2026-05-15 18:35:41 [debug    ] epoch_start                    epoch=35 total_epochs=50
2026-05-15 18:47:47 [info     ] epoch_complete                 epoch=35 is_best=False lr=0.00033999999999992115 total_epochs=50 train_loss=0.030055 val_loss=0.027743
2026-05-15 18:47:47 [debug    ] epoch_start                    epoch=36 total_epochs=50
2026-05-15 18:59:50 [info     ] epoch_complete                 epoch=36 is_best=False lr=0.00031799999999992186 total_epochs=50 train_loss=0.030012 val_loss=0.027835
2026-05-15 18:59:50 [debug    ] epoch_start                    epoch=37 total_epochs=50
2026-05-15 19:10:58 [info     ] epoch_complete                 epoch=37 is_best=False lr=0.00029599999999992284 total_epochs=50 train_loss=0.029981 val_loss=0.027965
2026-05-15 19:10:58 [debug    ] epoch_start                    epoch=38 total_epochs=50
2026-05-15 19:22:04 [info     ] epoch_complete                 epoch=38 is_best=False lr=0.00027399999999992263 total_epochs=50 train_loss=0.0304 val_loss=0.028631
2026-05-15 19:22:04 [debug    ] epoch_start                    epoch=39 total_epochs=50
2026-05-15 19:33:12 [debug    ] meta_saved                     path=data/models/bs_32_seed1/meta.json
2026-05-15 19:33:12 [debug    ] model_saved                    epoch=39
2026-05-15 19:33:12 [info     ] epoch_complete                 epoch=39 is_best=True lr=0.0002519999999999225 total_epochs=50 train_loss=0.029368 val_loss=0.027141
2026-05-15 19:33:12 [debug    ] epoch_start                    epoch=40 total_epochs=50
2026-05-15 19:44:16 [info     ] epoch_complete                 epoch=40 is_best=False lr=0.00022999999999992737 total_epochs=50 train_loss=0.029247 val_loss=0.027949
2026-05-15 19:44:16 [debug    ] epoch_start                    epoch=41 total_epochs=50
2026-05-15 19:55:23 [info     ] epoch_complete                 epoch=41 is_best=False lr=0.00020799999999993445 total_epochs=50 train_loss=0.036986 val_loss=0.052675
2026-05-15 19:55:23 [debug    ] epoch_start                    epoch=42 total_epochs=50
2026-05-15 20:06:30 [info     ] epoch_complete                 epoch=42 is_best=False lr=0.00018599999999994207 total_epochs=50 train_loss=0.038578 val_loss=0.030868
2026-05-15 20:06:30 [debug    ] epoch_start                    epoch=43 total_epochs=50
2026-05-15 20:17:35 [info     ] epoch_complete                 epoch=43 is_best=False lr=0.00016399999999995 total_epochs=50 train_loss=0.033755 val_loss=0.031093
2026-05-15 20:17:35 [debug    ] epoch_start                    epoch=44 total_epochs=50
2026-05-15 20:28:40 [info     ] epoch_complete                 epoch=44 is_best=False lr=0.00014199999999995773 total_epochs=50 train_loss=0.032415 val_loss=0.02957
2026-05-15 20:28:40 [debug    ] epoch_start                    epoch=45 total_epochs=50
2026-05-15 20:39:45 [info     ] epoch_complete                 epoch=45 is_best=False lr=0.00011999999999996525 total_epochs=50 train_loss=0.03151 val_loss=0.029419
2026-05-15 20:39:45 [debug    ] epoch_start                    epoch=46 total_epochs=50
2026-05-15 20:50:46 [info     ] epoch_complete                 epoch=46 is_best=False lr=9.799999999997127e-05 total_epochs=50 train_loss=0.031106 val_loss=0.028626
2026-05-15 20:50:46 [debug    ] epoch_start                    epoch=47 total_epochs=50
2026-05-15 21:01:53 [info     ] epoch_complete                 epoch=47 is_best=False lr=7.599999999997659e-05 total_epochs=50 train_loss=0.030821 val_loss=0.028365
2026-05-15 21:01:53 [debug    ] epoch_start                    epoch=48 total_epochs=50
2026-05-15 21:12:57 [info     ] epoch_complete                 epoch=48 is_best=False lr=5.3999999999982325e-05 total_epochs=50 train_loss=0.03025 val_loss=0.028227
2026-05-15 21:12:57 [debug    ] epoch_start                    epoch=49 total_epochs=50
2026-05-15 21:24:08 [info     ] epoch_complete                 epoch=49 is_best=False lr=3.199999999998954e-05 total_epochs=50 train_loss=0.03037 val_loss=0.028322
2026-05-15 21:24:08 [debug    ] epoch_start                    epoch=50 total_epochs=50
2026-05-15 21:35:22 [info     ] epoch_complete                 epoch=50 is_best=False lr=9.999999999996658e-06 total_epochs=50 train_loss=0.030262 val_loss=0.028282
2026-05-15 21:35:22 [info     ] training_log_saved             path=data/models/bs_32_seed1/training_losses.csv
2026-05-15 21:35:22 [info     ] training_complete              best_val_loss=0.027141
2026-05-15 21:35:22 [info     ] train_typecode_done            typecode=A320
2026-05-15 21:35:22 [info     ] train_done                     typecodes=['A320']

$ uv run fdm train --arch adsb --config results_run2/bs_32_seed1/config.yaml --model-name bs_32_seed1 --epochs 50 --batch-size 32 --lr 0.001 --method rk4 --seq-len 60 --train-limit 5000 --activation relu --seed 1 --backbone-depth 3 --head-depth 2 --hidden-width 48 --device cuda --no-use-mode-weights
