2026-05-13 11:46:01 [info     ] evaluate_start                 arch=adsb typecodes=['A320']
2026-05-13 11:46:01 [info     ] evaluate_typecode              flights=542 typecode=A320
2026-05-13 11:46:13 [info     ] evaluate_done                  output=data/model_performance/lr_0.0005_seed0/performance.parquet rows=16
shape: (16, 11)
┌──────────┬─────────────────────────┬──────────────┬───────┬─────────┬──────────┬──────────┬──────────┬─────────┬──────────┬────────┐
│ Aircraft ┆ Variable                ┆ Phase        ┆ Model ┆ MAE     ┆ MAE_std  ┆ MAPE (%) ┆ MAPE_std ┆ ME      ┆ ME_std   ┆ Count  │
│ ---      ┆ ---                     ┆ ---          ┆ ---   ┆ ---     ┆ ---      ┆ ---      ┆ ---      ┆ ---     ┆ ---      ┆ ---    │
│ str      ┆ str                     ┆ str          ┆ str   ┆ f64     ┆ f64      ┆ f64      ┆ f64      ┆ f64     ┆ f64      ┆ i64    │
╞══════════╪═════════════════════════╪══════════════╪═══════╪═════════╪══════════╪══════════╪══════════╪═════════╪══════════╪════════╡
│ A320     ┆ Altitude [m]            ┆ All phases   ┆ PRED  ┆ 306.624 ┆ 653.644  ┆ 6.317    ┆ 20.404   ┆ 139.291 ┆ 708.426  ┆ 478843 │
│ A320     ┆ Altitude [m]            ┆ Climb        ┆ PRED  ┆ 893.203 ┆ 1181.868 ┆ 19.708   ┆ 40.364   ┆ 728.075 ┆ 1290.166 ┆ 90018  │
│ A320     ┆ Altitude [m]            ┆ Level flight ┆ PRED  ┆ 109.213 ┆ 217.024  ┆ 1.357    ┆ 5.931    ┆ 4.814   ┆ 242.907  ┆ 296839 │
│ A320     ┆ Altitude [m]            ┆ Descent      ┆ PRED  ┆ 369.641 ┆ 488.609  ┆ 9.220    ┆ 14.001   ┆ -2.940  ┆ 612.670  ┆ 91986  │
│ A320     ┆ Flight path angle [deg] ┆ All phases   ┆ PRED  ┆ 0.289   ┆ 0.613    ┆ NaN      ┆ NaN      ┆ -0.066  ┆ 0.675    ┆ 478843 │
│ A320     ┆ Flight path angle [deg] ┆ Climb        ┆ PRED  ┆ 0.724   ┆ 0.958    ┆ NaN      ┆ NaN      ┆ -0.433  ┆ 1.120    ┆ 90018  │
│ A320     ┆ Flight path angle [deg] ┆ Level flight ┆ PRED  ┆ 0.080   ┆ 0.250    ┆ NaN      ┆ NaN      ┆ -0.013  ┆ 0.262    ┆ 296839 │
│ A320     ┆ Flight path angle [deg] ┆ Descent      ┆ PRED  ┆ 0.540   ┆ 0.684    ┆ NaN      ┆ NaN      ┆ 0.123   ┆ 0.863    ┆ 91986  │
│ A320     ┆ Heading [deg]           ┆ All phases   ┆ PRED  ┆ 2.200   ┆ 6.980    ┆ NaN      ┆ NaN      ┆ -0.202  ┆ 7.315    ┆ 478843 │
│ A320     ┆ Heading [deg]           ┆ Climb        ┆ PRED  ┆ 2.466   ┆ 7.002    ┆ NaN      ┆ NaN      ┆ -0.328  ┆ 7.417    ┆ 90018  │
│ A320     ┆ Heading [deg]           ┆ Level flight ┆ PRED  ┆ 2.018   ┆ 6.601    ┆ NaN      ┆ NaN      ┆ -0.147  ┆ 6.901    ┆ 296839 │
│ A320     ┆ Heading [deg]           ┆ Descent      ┆ PRED  ┆ 2.524   ┆ 8.046    ┆ NaN      ┆ NaN      ┆ -0.255  ┆ 8.429    ┆ 91986  │
│ A320     ┆ True airspeed [m/s]     ┆ All phases   ┆ PRED  ┆ 2.961   ┆ 7.246    ┆ 1.699    ┆ 5.789    ┆ 0.529   ┆ 7.810    ┆ 478843 │
│ A320     ┆ True airspeed [m/s]     ┆ Climb        ┆ PRED  ┆ 5.556   ┆ 12.618   ┆ 3.501    ┆ 9.938    ┆ 3.324   ┆ 13.381   ┆ 90018  │
│ A320     ┆ True airspeed [m/s]     ┆ Level flight ┆ PRED  ┆ 1.851   ┆ 4.253    ┆ 0.934    ┆ 4.111    ┆ -0.040  ┆ 4.638    ┆ 296839 │
│ A320     ┆ True airspeed [m/s]     ┆ Descent      ┆ PRED  ┆ 4.002   ┆ 6.891    ┆ 2.406    ┆ 4.205    ┆ -0.369  ┆ 7.960    ┆ 91986  │
└──────────┴─────────────────────────┴──────────────┴───────┴─────────┴──────────┴──────────┴──────────┴─────────┴──────────┴────────┘

$ uv run fdm evaluate --arch adsb --config results/lr_0.0005_seed0/config.yaml --model-name lr_0.0005_seed0
