2026-05-13 07:18:51 [info     ] train_start                    arch=adsb device=cuda typecodes=['A320']
2026-05-13 07:18:51 [info     ] train_typecode                 typecode=A320
2026-05-13 07:18:52 [info     ] mode_weights_computed          alpha=0.5 bottom5_labels=[['ALT_MACH', 0.6206242276704164, 556092], ['ALT_UNK', 0.6891691293583678, 450975], ['TURN', 0.8913340435092099, 269602], ['UNKVERT_MACH', 0.9861637175043825, 220245], ['ALT_CAS', 1.0707556265239335, 186820]] imbalance_ratio=40.174252275682704 n_labels=13 top5_labels=[['VZ_CAS', 3.9337125975553753, 13842], ['VZ_UNK', 2.533593642654822, 33368], ['GAMMA_CAS', 2.453056495492336, 35595], ['VZ_MACH', 2.0015537788607305, 53465], ['UNKVERT_CAS', 1.936559122733483, 57114]] weight_ratio_max_over_min=6.33831620193271
2026-05-13 07:18:52 [info     ] loading_data                   train_flights=1594 val_flights=247
2026-05-13 07:18:52 [warning  ] e1_column_missing              column=fdm_g_sin_gamma_ms2
2026-05-13 07:18:52 [warning  ] e1_column_missing              column=fdm_cos_gamma
2026-05-13 07:18:52 [warning  ] e1_column_missing              column=fdm_q_pa
2026-05-13 07:18:52 [warning  ] e1_column_missing              column=fdm_g_over_v
2026-05-13 07:18:52 [warning  ] e1_column_missing              column=fdm_lat_wind_ms
2026-05-13 07:18:52 [warning  ] e1_column_missing              column=fdm_drift_rad
2026-05-13 07:18:52 [warning  ] e1_column_missing              column=fdm_track_rad
2026-05-13 07:18:52 [warning  ] e1_column_missing              column=fdm_heading_diff_rad
2026-05-13 07:18:59 [warning  ] e1_column_missing              column=fdm_g_sin_gamma_ms2
2026-05-13 07:18:59 [warning  ] e1_column_missing              column=fdm_cos_gamma
2026-05-13 07:18:59 [warning  ] e1_column_missing              column=fdm_q_pa
2026-05-13 07:18:59 [warning  ] e1_column_missing              column=fdm_g_over_v
2026-05-13 07:18:59 [warning  ] e1_column_missing              column=fdm_lat_wind_ms
2026-05-13 07:18:59 [warning  ] e1_column_missing              column=fdm_drift_rad
2026-05-13 07:18:59 [warning  ] e1_column_missing              column=fdm_track_rad
2026-05-13 07:18:59 [warning  ] e1_column_missing              column=fdm_heading_diff_rad
2026-05-13 07:18:59 [info     ] data_loaded                    train_samples=23212 val_samples=3628
2026-05-13 07:19:15 [debug    ] meta_saved                     path=data/models/lr_0.0005_seed0/meta.json
2026-05-13 07:19:15 [info     ] trainer_initialized            architecture=node_adsb_v1 device=cuda train_samples=23212 val_samples=3628
2026-05-13 07:19:15 [info     ] preloading_data_to_gpu
2026-05-13 07:19:15 [debug    ] epoch_start                    epoch=1 total_epochs=50
/data/common/dataiku/config/projects/NODEFDM/lib/python/.venv/lib/python3.12/site-packages/torch/_inductor/compile_fx.py:321: UserWarning: TensorFloat32 tensor cores for float32 matrix multiplication available but not enabled. Consider setting `torch.set_float32_matmul_precision('high')` for better performance.
  warnings.warn(
2026-05-13 07:19:40 [info     ] debug_magnitudes               norm_mean=['8568.283203', '-0.001322', '213.622833', '3.253931'] norm_std=['2269.236084', '0.038830', '32.838379', '1.246786'] ode_loss=0.840432
W0513 07:23:48.343000 3910658 torch/_dynamo/convert_frame.py:1676] [0/8] torch._dynamo hit config.recompile_limit (8)
W0513 07:23:48.343000 3910658 torch/_dynamo/convert_frame.py:1676] [0/8]    function: 'forward' (/data/common/dataiku/config/projects/NODEFDM/lib/python/packages/node-fdm/src/node_fdm/models/fdm.py:181)
W0513 07:23:48.343000 3910658 torch/_dynamo/convert_frame.py:1676] [0/8]    last reason: 0/7: tensor 'self.history['raw_alt_m']' size mismatch at index 1. expected 1, actual 2
W0513 07:23:48.343000 3910658 torch/_dynamo/convert_frame.py:1676] [0/8] To log all recompilation reasons, use TORCH_LOGS="recompiles".
W0513 07:23:48.343000 3910658 torch/_dynamo/convert_frame.py:1676] [0/8] To diagnose recompilation issues, see https://pytorch.org/docs/main/compile/programming_model.recompilation.html
2026-05-13 07:23:49 [debug    ] meta_saved                     path=data/models/lr_0.0005_seed0/meta.json
2026-05-13 07:23:49 [debug    ] model_saved                    epoch=1
2026-05-13 07:23:49 [info     ] epoch_complete                 epoch=1 is_best=True lr=0.00010799999999999989 total_epochs=50 train_loss=0.368491 val_loss=0.267849
2026-05-13 07:23:49 [debug    ] epoch_start                    epoch=2 total_epochs=50
2026-05-13 07:26:53 [debug    ] meta_saved                     path=data/models/lr_0.0005_seed0/meta.json
2026-05-13 07:26:53 [debug    ] model_saved                    epoch=2
2026-05-13 07:26:53 [info     ] epoch_complete                 epoch=2 is_best=True lr=0.00020599999999999945 total_epochs=50 train_loss=0.145443 val_loss=0.073345
2026-05-13 07:26:53 [debug    ] epoch_start                    epoch=3 total_epochs=50
2026-05-13 07:29:59 [debug    ] meta_saved                     path=data/models/lr_0.0005_seed0/meta.json
2026-05-13 07:29:59 [debug    ] model_saved                    epoch=3
2026-05-13 07:29:59 [info     ] epoch_complete                 epoch=3 is_best=True lr=0.0003039999999999982 total_epochs=50 train_loss=0.081505 val_loss=0.069348
2026-05-13 07:29:59 [debug    ] epoch_start                    epoch=4 total_epochs=50
2026-05-13 07:33:00 [debug    ] meta_saved                     path=data/models/lr_0.0005_seed0/meta.json
2026-05-13 07:33:00 [debug    ] model_saved                    epoch=4
2026-05-13 07:33:00 [info     ] epoch_complete                 epoch=4 is_best=True lr=0.00040199999999999736 total_epochs=50 train_loss=0.070585 val_loss=0.051028
2026-05-13 07:33:00 [debug    ] epoch_start                    epoch=5 total_epochs=50
2026-05-13 07:35:55 [debug    ] meta_saved                     path=data/models/lr_0.0005_seed0/meta.json
2026-05-13 07:35:55 [debug    ] model_saved                    epoch=5
2026-05-13 07:35:55 [info     ] epoch_complete                 epoch=5 is_best=True lr=0.0005 total_epochs=50 train_loss=0.051982 val_loss=0.041993
2026-05-13 07:35:55 [debug    ] epoch_start                    epoch=6 total_epochs=50
2026-05-13 07:38:57 [debug    ] meta_saved                     path=data/models/lr_0.0005_seed0/meta.json
2026-05-13 07:38:57 [debug    ] model_saved                    epoch=6
2026-05-13 07:38:57 [info     ] epoch_complete                 epoch=6 is_best=True lr=0.0004891111111111086 total_epochs=50 train_loss=0.045852 val_loss=0.040641
2026-05-13 07:38:57 [debug    ] epoch_start                    epoch=7 total_epochs=50
2026-05-13 07:41:57 [info     ] epoch_complete                 epoch=7 is_best=False lr=0.00047822222222221924 total_epochs=50 train_loss=0.04974 val_loss=0.045908
2026-05-13 07:41:57 [debug    ] epoch_start                    epoch=8 total_epochs=50
2026-05-13 07:44:58 [debug    ] meta_saved                     path=data/models/lr_0.0005_seed0/meta.json
2026-05-13 07:44:58 [debug    ] model_saved                    epoch=8
2026-05-13 07:44:58 [info     ] epoch_complete                 epoch=8 is_best=True lr=0.0004673333333333305 total_epochs=50 train_loss=0.046029 val_loss=0.038907
2026-05-13 07:44:58 [debug    ] epoch_start                    epoch=9 total_epochs=50
2026-05-13 07:47:57 [debug    ] meta_saved                     path=data/models/lr_0.0005_seed0/meta.json
2026-05-13 07:47:57 [debug    ] model_saved                    epoch=9
2026-05-13 07:47:57 [info     ] epoch_complete                 epoch=9 is_best=True lr=0.000456444444444442 total_epochs=50 train_loss=0.043102 val_loss=0.038247
2026-05-13 07:47:57 [debug    ] epoch_start                    epoch=10 total_epochs=50
2026-05-13 07:50:58 [debug    ] meta_saved                     path=data/models/lr_0.0005_seed0/meta.json
2026-05-13 07:50:58 [debug    ] model_saved                    epoch=10
2026-05-13 07:50:58 [info     ] epoch_complete                 epoch=10 is_best=True lr=0.00044555555555555353 total_epochs=50 train_loss=0.042409 val_loss=0.038027
2026-05-13 07:50:58 [debug    ] epoch_start                    epoch=11 total_epochs=50
2026-05-13 07:53:59 [debug    ] meta_saved                     path=data/models/lr_0.0005_seed0/meta.json
2026-05-13 07:53:59 [debug    ] model_saved                    epoch=11
2026-05-13 07:53:59 [info     ] epoch_complete                 epoch=11 is_best=True lr=0.00043466666666666507 total_epochs=50 train_loss=0.042035 val_loss=0.037129
2026-05-13 07:53:59 [debug    ] epoch_start                    epoch=12 total_epochs=50
2026-05-13 07:57:00 [debug    ] meta_saved                     path=data/models/lr_0.0005_seed0/meta.json
2026-05-13 07:57:00 [debug    ] model_saved                    epoch=12
2026-05-13 07:57:00 [info     ] epoch_complete                 epoch=12 is_best=True lr=0.0004237777777777767 total_epochs=50 train_loss=0.041601 val_loss=0.037116
2026-05-13 07:57:00 [debug    ] epoch_start                    epoch=13 total_epochs=50
2026-05-13 08:00:01 [info     ] epoch_complete                 epoch=13 is_best=False lr=0.000412888888888888 total_epochs=50 train_loss=0.041075 val_loss=0.037121
2026-05-13 08:00:01 [debug    ] epoch_start                    epoch=14 total_epochs=50
2026-05-13 08:03:01 [info     ] epoch_complete                 epoch=14 is_best=False lr=0.00040199999999999925 total_epochs=50 train_loss=0.042424 val_loss=0.03714
2026-05-13 08:03:01 [debug    ] epoch_start                    epoch=15 total_epochs=50
2026-05-13 08:06:01 [debug    ] meta_saved                     path=data/models/lr_0.0005_seed0/meta.json
2026-05-13 08:06:01 [debug    ] model_saved                    epoch=15
2026-05-13 08:06:01 [info     ] epoch_complete                 epoch=15 is_best=True lr=0.00039111111111111096 total_epochs=50 train_loss=0.040869 val_loss=0.036389
2026-05-13 08:06:01 [debug    ] epoch_start                    epoch=16 total_epochs=50
2026-05-13 08:09:02 [debug    ] meta_saved                     path=data/models/lr_0.0005_seed0/meta.json
2026-05-13 08:09:02 [debug    ] model_saved                    epoch=16
2026-05-13 08:09:02 [info     ] epoch_complete                 epoch=16 is_best=True lr=0.0003802222222222225 total_epochs=50 train_loss=0.04052 val_loss=0.03601
2026-05-13 08:09:02 [debug    ] epoch_start                    epoch=17 total_epochs=50
2026-05-13 08:12:03 [info     ] epoch_complete                 epoch=17 is_best=False lr=0.0003693333333333338 total_epochs=50 train_loss=0.040381 val_loss=0.036273
2026-05-13 08:12:03 [debug    ] epoch_start                    epoch=18 total_epochs=50
2026-05-13 08:15:03 [debug    ] meta_saved                     path=data/models/lr_0.0005_seed0/meta.json
2026-05-13 08:15:03 [debug    ] model_saved                    epoch=18
2026-05-13 08:15:03 [info     ] epoch_complete                 epoch=18 is_best=True lr=0.0003584444444444455 total_epochs=50 train_loss=0.040138 val_loss=0.03585
2026-05-13 08:15:03 [debug    ] epoch_start                    epoch=19 total_epochs=50
2026-05-13 08:18:05 [debug    ] meta_saved                     path=data/models/lr_0.0005_seed0/meta.json
2026-05-13 08:18:05 [debug    ] model_saved                    epoch=19
2026-05-13 08:18:05 [info     ] epoch_complete                 epoch=19 is_best=True lr=0.0003475555555555573 total_epochs=50 train_loss=0.039911 val_loss=0.035665
2026-05-13 08:18:05 [debug    ] epoch_start                    epoch=20 total_epochs=50
2026-05-13 08:21:05 [info     ] epoch_complete                 epoch=20 is_best=False lr=0.00033666666666666865 total_epochs=50 train_loss=0.039615 val_loss=0.035763
2026-05-13 08:21:05 [debug    ] epoch_start                    epoch=21 total_epochs=50
2026-05-13 08:24:05 [debug    ] meta_saved                     path=data/models/lr_0.0005_seed0/meta.json
2026-05-13 08:24:05 [debug    ] model_saved                    epoch=21
2026-05-13 08:24:05 [info     ] epoch_complete                 epoch=21 is_best=True lr=0.0003257777777777805 total_epochs=50 train_loss=0.039692 val_loss=0.035588
2026-05-13 08:24:05 [debug    ] epoch_start                    epoch=22 total_epochs=50
2026-05-13 08:27:05 [info     ] epoch_complete                 epoch=22 is_best=False lr=0.00031488888888889287 total_epochs=50 train_loss=0.039487 val_loss=0.035961
2026-05-13 08:27:05 [debug    ] epoch_start                    epoch=23 total_epochs=50
2026-05-13 08:30:05 [debug    ] meta_saved                     path=data/models/lr_0.0005_seed0/meta.json
2026-05-13 08:30:05 [debug    ] model_saved                    epoch=23
2026-05-13 08:30:05 [info     ] epoch_complete                 epoch=23 is_best=True lr=0.0003040000000000049 total_epochs=50 train_loss=0.039228 val_loss=0.035428
2026-05-13 08:30:05 [debug    ] epoch_start                    epoch=24 total_epochs=50
2026-05-13 08:33:05 [info     ] epoch_complete                 epoch=24 is_best=False lr=0.0002931111111111166 total_epochs=50 train_loss=0.03927 val_loss=0.035478
2026-05-13 08:33:05 [debug    ] epoch_start                    epoch=25 total_epochs=50
2026-05-13 08:36:04 [debug    ] meta_saved                     path=data/models/lr_0.0005_seed0/meta.json
2026-05-13 08:36:04 [debug    ] model_saved                    epoch=25
2026-05-13 08:36:04 [info     ] epoch_complete                 epoch=25 is_best=True lr=0.00028222222222222857 total_epochs=50 train_loss=0.039169 val_loss=0.035365
2026-05-13 08:36:04 [debug    ] epoch_start                    epoch=26 total_epochs=50
2026-05-13 08:39:04 [debug    ] meta_saved                     path=data/models/lr_0.0005_seed0/meta.json
2026-05-13 08:39:04 [debug    ] model_saved                    epoch=26
2026-05-13 08:39:04 [info     ] epoch_complete                 epoch=26 is_best=True lr=0.0002713333333333405 total_epochs=50 train_loss=0.038931 val_loss=0.035322
2026-05-13 08:39:04 [debug    ] epoch_start                    epoch=27 total_epochs=50
2026-05-13 08:42:03 [info     ] epoch_complete                 epoch=27 is_best=False lr=0.00026044444444445257 total_epochs=50 train_loss=0.038867 val_loss=0.035439
2026-05-13 08:42:03 [debug    ] epoch_start                    epoch=28 total_epochs=50
2026-05-13 08:45:02 [debug    ] meta_saved                     path=data/models/lr_0.0005_seed0/meta.json
2026-05-13 08:45:02 [debug    ] model_saved                    epoch=28
2026-05-13 08:45:02 [info     ] epoch_complete                 epoch=28 is_best=True lr=0.0002495555555555645 total_epochs=50 train_loss=0.038792 val_loss=0.034929
2026-05-13 08:45:02 [debug    ] epoch_start                    epoch=29 total_epochs=50
2026-05-13 08:48:02 [info     ] epoch_complete                 epoch=29 is_best=False lr=0.0002386666666666761 total_epochs=50 train_loss=0.038657 val_loss=0.03494
2026-05-13 08:48:02 [debug    ] epoch_start                    epoch=30 total_epochs=50
2026-05-13 08:51:04 [info     ] epoch_complete                 epoch=30 is_best=False lr=0.00022777777777778675 total_epochs=50 train_loss=0.038711 val_loss=0.035093
2026-05-13 08:51:04 [debug    ] epoch_start                    epoch=31 total_epochs=50
2026-05-13 08:54:03 [debug    ] meta_saved                     path=data/models/lr_0.0005_seed0/meta.json
2026-05-13 08:54:03 [debug    ] model_saved                    epoch=31
2026-05-13 08:54:03 [info     ] epoch_complete                 epoch=31 is_best=True lr=0.0002168888888888971 total_epochs=50 train_loss=0.03868 val_loss=0.034763
2026-05-13 08:54:03 [debug    ] epoch_start                    epoch=32 total_epochs=50
2026-05-13 08:57:03 [info     ] epoch_complete                 epoch=32 is_best=False lr=0.0002060000000000075 total_epochs=50 train_loss=0.038509 val_loss=0.035095
2026-05-13 08:57:03 [debug    ] epoch_start                    epoch=33 total_epochs=50
2026-05-13 09:00:04 [info     ] epoch_complete                 epoch=33 is_best=False lr=0.00019511111111111806 total_epochs=50 train_loss=0.038537 val_loss=0.034871
2026-05-13 09:00:04 [debug    ] epoch_start                    epoch=34 total_epochs=50
2026-05-13 09:03:03 [info     ] epoch_complete                 epoch=34 is_best=False lr=0.0001842222222222284 total_epochs=50 train_loss=0.038441 val_loss=0.034786
2026-05-13 09:03:03 [debug    ] epoch_start                    epoch=35 total_epochs=50
2026-05-13 09:06:03 [info     ] epoch_complete                 epoch=35 is_best=False lr=0.0001733333333333387 total_epochs=50 train_loss=0.038297 val_loss=0.03484
2026-05-13 09:06:03 [debug    ] epoch_start                    epoch=36 total_epochs=50
2026-05-13 09:09:02 [debug    ] meta_saved                     path=data/models/lr_0.0005_seed0/meta.json
2026-05-13 09:09:02 [debug    ] model_saved                    epoch=36
2026-05-13 09:09:02 [info     ] epoch_complete                 epoch=36 is_best=True lr=0.00016244444444444894 total_epochs=50 train_loss=0.038274 val_loss=0.034554
2026-05-13 09:09:02 [debug    ] epoch_start                    epoch=37 total_epochs=50
2026-05-13 09:12:02 [info     ] epoch_complete                 epoch=37 is_best=False lr=0.000151555555555559 total_epochs=50 train_loss=0.038212 val_loss=0.034804
2026-05-13 09:12:02 [debug    ] epoch_start                    epoch=38 total_epochs=50
2026-05-13 09:15:02 [info     ] epoch_complete                 epoch=38 is_best=False lr=0.0001406666666666695 total_epochs=50 train_loss=0.038152 val_loss=0.034575
2026-05-13 09:15:02 [debug    ] epoch_start                    epoch=39 total_epochs=50
2026-05-13 09:18:02 [info     ] epoch_complete                 epoch=39 is_best=False lr=0.00012977777777777952 total_epochs=50 train_loss=0.038135 val_loss=0.034667
2026-05-13 09:18:02 [debug    ] epoch_start                    epoch=40 total_epochs=50
2026-05-13 09:21:02 [debug    ] meta_saved                     path=data/models/lr_0.0005_seed0/meta.json
2026-05-13 09:21:02 [debug    ] model_saved                    epoch=40
2026-05-13 09:21:02 [info     ] epoch_complete                 epoch=40 is_best=True lr=0.00011888888888889007 total_epochs=50 train_loss=0.038112 val_loss=0.034541
2026-05-13 09:21:02 [debug    ] epoch_start                    epoch=41 total_epochs=50
2026-05-13 09:24:02 [info     ] epoch_complete                 epoch=41 is_best=False lr=0.00010800000000000113 total_epochs=50 train_loss=0.037997 val_loss=0.034663
2026-05-13 09:24:02 [debug    ] epoch_start                    epoch=42 total_epochs=50
2026-05-13 09:27:03 [debug    ] meta_saved                     path=data/models/lr_0.0005_seed0/meta.json
2026-05-13 09:27:03 [debug    ] model_saved                    epoch=42
2026-05-13 09:27:03 [info     ] epoch_complete                 epoch=42 is_best=True lr=9.711111111111216e-05 total_epochs=50 train_loss=0.03804 val_loss=0.034535
2026-05-13 09:27:03 [debug    ] epoch_start                    epoch=43 total_epochs=50
2026-05-13 09:30:04 [debug    ] meta_saved                     path=data/models/lr_0.0005_seed0/meta.json
2026-05-13 09:30:04 [debug    ] model_saved                    epoch=43
2026-05-13 09:30:04 [info     ] epoch_complete                 epoch=43 is_best=True lr=8.622222222222321e-05 total_epochs=50 train_loss=0.038074 val_loss=0.034511
2026-05-13 09:30:04 [debug    ] epoch_start                    epoch=44 total_epochs=50
2026-05-13 09:33:05 [debug    ] meta_saved                     path=data/models/lr_0.0005_seed0/meta.json
2026-05-13 09:33:05 [debug    ] model_saved                    epoch=44
2026-05-13 09:33:05 [info     ] epoch_complete                 epoch=44 is_best=True lr=7.533333333333438e-05 total_epochs=50 train_loss=0.03795 val_loss=0.034427
2026-05-13 09:33:05 [debug    ] epoch_start                    epoch=45 total_epochs=50
2026-05-13 09:36:06 [info     ] epoch_complete                 epoch=45 is_best=False lr=6.444444444444564e-05 total_epochs=50 train_loss=0.03786 val_loss=0.034576
2026-05-13 09:36:06 [debug    ] epoch_start                    epoch=46 total_epochs=50
2026-05-13 09:39:06 [info     ] epoch_complete                 epoch=46 is_best=False lr=5.3555555555556655e-05 total_epochs=50 train_loss=0.037877 val_loss=0.034465
2026-05-13 09:39:06 [debug    ] epoch_start                    epoch=47 total_epochs=50
2026-05-13 09:42:07 [debug    ] meta_saved                     path=data/models/lr_0.0005_seed0/meta.json
2026-05-13 09:42:07 [debug    ] model_saved                    epoch=47
2026-05-13 09:42:07 [info     ] epoch_complete                 epoch=47 is_best=True lr=4.266666666666751e-05 total_epochs=50 train_loss=0.037929 val_loss=0.034316
2026-05-13 09:42:07 [debug    ] epoch_start                    epoch=48 total_epochs=50
2026-05-13 09:45:07 [info     ] epoch_complete                 epoch=48 is_best=False lr=3.1777777777778256e-05 total_epochs=50 train_loss=0.037816 val_loss=0.034408
2026-05-13 09:45:07 [debug    ] epoch_start                    epoch=49 total_epochs=50
2026-05-13 09:48:06 [info     ] epoch_complete                 epoch=49 is_best=False lr=2.0888888888889212e-05 total_epochs=50 train_loss=0.037781 val_loss=0.034383
2026-05-13 09:48:06 [debug    ] epoch_start                    epoch=50 total_epochs=50
2026-05-13 09:51:04 [info     ] epoch_complete                 epoch=50 is_best=False lr=1.0000000000000152e-05 total_epochs=50 train_loss=0.037773 val_loss=0.03438
2026-05-13 09:51:04 [info     ] training_log_saved             path=data/models/lr_0.0005_seed0/training_losses.csv
2026-05-13 09:51:04 [info     ] training_complete              best_val_loss=0.034316
2026-05-13 09:51:04 [info     ] train_typecode_done            typecode=A320
2026-05-13 09:51:04 [info     ] train_done                     typecodes=['A320']

$ uv run fdm train --arch adsb --config results/lr_0.0005_seed0/config.yaml --model-name lr_0.0005_seed0 --epochs 50 --batch-size 128 --lr 0.0005 --method rk4 --seq-len 60 --train-limit 5000 --activation silu --seed 0 --device cuda --use-mode-weights --mode-weight-alpha 0.5
