2026-05-17 03:02:37 [info     ] evaluate_start                 arch=adsb typecodes=['A320']
2026-05-17 03:02:37 [info     ] evaluate_typecode              flights=542 typecode=A320
2026-05-17 03:02:49 [info     ] evaluate_done                  output=data/model_performance/hidden_96_seed1/performance.parquet rows=16
shape: (16, 11)
┌──────────┬─────────────────────────┬──────────────┬───────┬─────────┬─────────┬──────────┬──────────┬──────────┬──────────┬────────┐
│ Aircraft ┆ Variable                ┆ Phase        ┆ Model ┆ MAE     ┆ MAE_std ┆ MAPE (%) ┆ MAPE_std ┆ ME       ┆ ME_std   ┆ Count  │
│ ---      ┆ ---                     ┆ ---          ┆ ---   ┆ ---     ┆ ---     ┆ ---      ┆ ---      ┆ ---      ┆ ---      ┆ ---    │
│ str      ┆ str                     ┆ str          ┆ str   ┆ f64     ┆ f64     ┆ f64      ┆ f64      ┆ f64      ┆ f64      ┆ i64    │
╞══════════╪═════════════════════════╪══════════════╪═══════╪═════════╪═════════╪══════════╪══════════╪══════════╪══════════╪════════╡
│ A320     ┆ Altitude [m]            ┆ All phases   ┆ PRED  ┆ 309.831 ┆ 535.869 ┆ 5.865    ┆ 17.530   ┆ -6.934   ┆ 618.953  ┆ 478843 │
│ A320     ┆ Altitude [m]            ┆ Climb        ┆ PRED  ┆ 727.439 ┆ 966.601 ┆ 16.431   ┆ 34.476   ┆ 494.430  ┆ 1104.094 ┆ 90018  │
│ A320     ┆ Altitude [m]            ┆ Level flight ┆ PRED  ┆ 168.102 ┆ 183.991 ┆ 1.805    ┆ 5.066    ┆ -139.796 ┆ 206.320  ┆ 296839 │
│ A320     ┆ Altitude [m]            ┆ Descent      ┆ PRED  ┆ 358.517 ┆ 483.108 ┆ 8.629    ┆ 13.547   ┆ -68.823  ┆ 597.655  ┆ 91986  │
│ A320     ┆ Flight path angle [deg] ┆ All phases   ┆ PRED  ┆ 0.282   ┆ 0.610   ┆ NaN      ┆ NaN      ┆ -0.057   ┆ 0.670    ┆ 478843 │
│ A320     ┆ Flight path angle [deg] ┆ Climb        ┆ PRED  ┆ 0.711   ┆ 0.966   ┆ NaN      ┆ NaN      ┆ -0.417   ┆ 1.125    ┆ 90018  │
│ A320     ┆ Flight path angle [deg] ┆ Level flight ┆ PRED  ┆ 0.078   ┆ 0.243   ┆ NaN      ┆ NaN      ┆ -0.009   ┆ 0.255    ┆ 296839 │
│ A320     ┆ Flight path angle [deg] ┆ Descent      ┆ PRED  ┆ 0.521   ┆ 0.681   ┆ NaN      ┆ NaN      ┆ 0.139    ┆ 0.846    ┆ 91986  │
│ A320     ┆ Heading [deg]           ┆ All phases   ┆ PRED  ┆ 2.446   ┆ 6.669   ┆ NaN      ┆ NaN      ┆ 1.523    ┆ 6.938    ┆ 478843 │
│ A320     ┆ Heading [deg]           ┆ Climb        ┆ PRED  ┆ 2.609   ┆ 6.853   ┆ NaN      ┆ NaN      ┆ 1.222    ┆ 7.230    ┆ 90018  │
│ A320     ┆ Heading [deg]           ┆ Level flight ┆ PRED  ┆ 2.269   ┆ 6.267   ┆ NaN      ┆ NaN      ┆ 1.659    ┆ 6.456    ┆ 296839 │
│ A320     ┆ Heading [deg]           ┆ Descent      ┆ PRED  ┆ 2.857   ┆ 7.647   ┆ NaN      ┆ NaN      ┆ 1.376    ┆ 8.047    ┆ 91986  │
│ A320     ┆ True airspeed [m/s]     ┆ All phases   ┆ PRED  ┆ 3.041   ┆ 7.618   ┆ 1.763    ┆ 6.189    ┆ 0.741    ┆ 8.169    ┆ 478843 │
│ A320     ┆ True airspeed [m/s]     ┆ Climb        ┆ PRED  ┆ 5.807   ┆ 13.689  ┆ 3.683    ┆ 10.709   ┆ 3.804    ┆ 14.375   ┆ 90018  │
│ A320     ┆ True airspeed [m/s]     ┆ Level flight ┆ PRED  ┆ 1.949   ┆ 4.360   ┆ 0.994    ┆ 4.382    ┆ 0.086    ┆ 4.775    ┆ 296839 │
│ A320     ┆ True airspeed [m/s]     ┆ Descent      ┆ PRED  ┆ 3.859   ┆ 6.736   ┆ 2.368    ┆ 4.396    ┆ -0.143   ┆ 7.762    ┆ 91986  │
└──────────┴─────────────────────────┴──────────────┴───────┴─────────┴─────────┴──────────┴──────────┴──────────┴──────────┴────────┘

$ uv run fdm evaluate --arch adsb --config results_run2/hidden_96_seed1/config.yaml --model-name hidden_96_seed1
