2026-05-16 19:59:19 [info     ] train_start                    arch=adsb device=cuda typecodes=['A320']
2026-05-16 19:59:19 [info     ] train_typecode                 typecode=A320
2026-05-16 19:59:19 [info     ] loading_data                   train_flights=1594 val_flights=247
2026-05-16 19:59:19 [warning  ] e1_column_missing              column=fdm_g_sin_gamma_ms2
2026-05-16 19:59:19 [warning  ] e1_column_missing              column=fdm_cos_gamma
2026-05-16 19:59:19 [warning  ] e1_column_missing              column=fdm_q_pa
2026-05-16 19:59:19 [warning  ] e1_column_missing              column=fdm_g_over_v
2026-05-16 19:59:19 [warning  ] e1_column_missing              column=fdm_lat_wind_ms
2026-05-16 19:59:19 [warning  ] e1_column_missing              column=fdm_drift_rad
2026-05-16 19:59:19 [warning  ] e1_column_missing              column=fdm_track_rad
2026-05-16 19:59:19 [warning  ] e1_column_missing              column=fdm_heading_diff_rad
2026-05-16 19:59:25 [warning  ] e1_column_missing              column=fdm_g_sin_gamma_ms2
2026-05-16 19:59:25 [warning  ] e1_column_missing              column=fdm_cos_gamma
2026-05-16 19:59:25 [warning  ] e1_column_missing              column=fdm_q_pa
2026-05-16 19:59:25 [warning  ] e1_column_missing              column=fdm_g_over_v
2026-05-16 19:59:25 [warning  ] e1_column_missing              column=fdm_lat_wind_ms
2026-05-16 19:59:25 [warning  ] e1_column_missing              column=fdm_drift_rad
2026-05-16 19:59:25 [warning  ] e1_column_missing              column=fdm_track_rad
2026-05-16 19:59:25 [warning  ] e1_column_missing              column=fdm_heading_diff_rad
2026-05-16 19:59:26 [info     ] data_loaded                    train_samples=23212 val_samples=3628
2026-05-16 19:59:41 [debug    ] meta_saved                     path=data/models/hidden_96_seed1/meta.json
2026-05-16 19:59:41 [info     ] trainer_initialized            architecture=node_adsb_v1 device=cuda train_samples=23212 val_samples=3628
2026-05-16 19:59:41 [info     ] preloading_data_to_gpu
2026-05-16 19:59:41 [debug    ] epoch_start                    epoch=1 total_epochs=50
/data/common/dataiku/config/projects/NODEFDM/lib/python/.venv/lib/python3.12/site-packages/torch/_inductor/compile_fx.py:321: UserWarning: TensorFloat32 tensor cores for float32 matrix multiplication available but not enabled. Consider setting `torch.set_float32_matmul_precision('high')` for better performance.
  warnings.warn(
2026-05-16 20:00:05 [info     ] debug_magnitudes               norm_mean=['8568.283203', '-0.001322', '213.622833', '3.253931'] norm_std=['2269.236084', '0.038830', '32.838379', '1.246786'] ode_loss=1.105478
W0516 20:07:18.069000 637814 torch/_dynamo/convert_frame.py:1676] [0/8] torch._dynamo hit config.recompile_limit (8)
W0516 20:07:18.069000 637814 torch/_dynamo/convert_frame.py:1676] [0/8]    function: 'forward' (/data/common/dataiku/config/projects/NODEFDM/lib/python/packages/node-fdm/src/node_fdm/models/fdm.py:181)
W0516 20:07:18.069000 637814 torch/_dynamo/convert_frame.py:1676] [0/8]    last reason: 0/7: tensor 'self.history['raw_alt_m']' size mismatch at index 1. expected 1, actual 2
W0516 20:07:18.069000 637814 torch/_dynamo/convert_frame.py:1676] [0/8] To log all recompilation reasons, use TORCH_LOGS="recompiles".
W0516 20:07:18.069000 637814 torch/_dynamo/convert_frame.py:1676] [0/8] To diagnose recompilation issues, see https://pytorch.org/docs/main/compile/programming_model.recompilation.html
2026-05-16 20:07:19 [debug    ] meta_saved                     path=data/models/hidden_96_seed1/meta.json
2026-05-16 20:07:19 [debug    ] model_saved                    epoch=1
2026-05-16 20:07:19 [info     ] epoch_complete                 epoch=1 is_best=True lr=0.0002080000000000004 total_epochs=50 train_loss=0.17638 val_loss=0.047127
2026-05-16 20:07:19 [debug    ] epoch_start                    epoch=2 total_epochs=50
2026-05-16 20:13:17 [debug    ] meta_saved                     path=data/models/hidden_96_seed1/meta.json
2026-05-16 20:13:17 [debug    ] model_saved                    epoch=2
2026-05-16 20:13:17 [info     ] epoch_complete                 epoch=2 is_best=True lr=0.0004060000000000004 total_epochs=50 train_loss=0.043934 val_loss=0.035622
2026-05-16 20:13:17 [debug    ] epoch_start                    epoch=3 total_epochs=50
2026-05-16 20:19:04 [debug    ] meta_saved                     path=data/models/hidden_96_seed1/meta.json
2026-05-16 20:19:04 [debug    ] model_saved                    epoch=3
2026-05-16 20:19:04 [info     ] epoch_complete                 epoch=3 is_best=True lr=0.0006040000000000011 total_epochs=50 train_loss=0.037288 val_loss=0.033372
2026-05-16 20:19:04 [debug    ] epoch_start                    epoch=4 total_epochs=50
2026-05-16 20:24:51 [debug    ] meta_saved                     path=data/models/hidden_96_seed1/meta.json
2026-05-16 20:24:51 [debug    ] model_saved                    epoch=4
2026-05-16 20:24:51 [info     ] epoch_complete                 epoch=4 is_best=True lr=0.000801999999999999 total_epochs=50 train_loss=0.036048 val_loss=0.032189
2026-05-16 20:24:51 [debug    ] epoch_start                    epoch=5 total_epochs=50
2026-05-16 20:30:41 [debug    ] meta_saved                     path=data/models/hidden_96_seed1/meta.json
2026-05-16 20:30:41 [debug    ] model_saved                    epoch=5
2026-05-16 20:30:41 [info     ] epoch_complete                 epoch=5 is_best=True lr=0.001 total_epochs=50 train_loss=0.034629 val_loss=0.030576
2026-05-16 20:30:41 [debug    ] epoch_start                    epoch=6 total_epochs=50
2026-05-16 20:36:31 [info     ] epoch_complete                 epoch=6 is_best=False lr=0.0009779999999999947 total_epochs=50 train_loss=0.036829 val_loss=0.032831
2026-05-16 20:36:32 [debug    ] epoch_start                    epoch=7 total_epochs=50
2026-05-16 20:42:23 [info     ] epoch_complete                 epoch=7 is_best=False lr=0.0009559999999999942 total_epochs=50 train_loss=0.034564 val_loss=0.031063
2026-05-16 20:42:23 [debug    ] epoch_start                    epoch=8 total_epochs=50
2026-05-16 20:48:16 [debug    ] meta_saved                     path=data/models/hidden_96_seed1/meta.json
2026-05-16 20:48:16 [debug    ] model_saved                    epoch=8
2026-05-16 20:48:16 [info     ] epoch_complete                 epoch=8 is_best=True lr=0.0009339999999999934 total_epochs=50 train_loss=0.03284 val_loss=0.029439
2026-05-16 20:48:16 [debug    ] epoch_start                    epoch=9 total_epochs=50
2026-05-16 20:54:06 [info     ] epoch_complete                 epoch=9 is_best=False lr=0.0009119999999999924 total_epochs=50 train_loss=0.032134 val_loss=0.029444
2026-05-16 20:54:06 [debug    ] epoch_start                    epoch=10 total_epochs=50
2026-05-16 20:59:57 [debug    ] meta_saved                     path=data/models/hidden_96_seed1/meta.json
2026-05-16 20:59:57 [debug    ] model_saved                    epoch=10
2026-05-16 20:59:57 [info     ] epoch_complete                 epoch=10 is_best=True lr=0.0008899999999999917 total_epochs=50 train_loss=0.031666 val_loss=0.028924
2026-05-16 20:59:57 [debug    ] epoch_start                    epoch=11 total_epochs=50
2026-05-16 21:05:51 [debug    ] meta_saved                     path=data/models/hidden_96_seed1/meta.json
2026-05-16 21:05:51 [debug    ] model_saved                    epoch=11
2026-05-16 21:05:51 [info     ] epoch_complete                 epoch=11 is_best=True lr=0.0008679999999999905 total_epochs=50 train_loss=0.031686 val_loss=0.028071
2026-05-16 21:05:51 [debug    ] epoch_start                    epoch=12 total_epochs=50
2026-05-16 21:11:43 [info     ] epoch_complete                 epoch=12 is_best=False lr=0.000845999999999989 total_epochs=50 train_loss=0.030827 val_loss=0.028485
2026-05-16 21:11:43 [debug    ] epoch_start                    epoch=13 total_epochs=50
2026-05-16 21:17:36 [debug    ] meta_saved                     path=data/models/hidden_96_seed1/meta.json
2026-05-16 21:17:36 [debug    ] model_saved                    epoch=13
2026-05-16 21:17:36 [info     ] epoch_complete                 epoch=13 is_best=True lr=0.0008239999999999856 total_epochs=50 train_loss=0.030815 val_loss=0.028046
2026-05-16 21:17:36 [debug    ] epoch_start                    epoch=14 total_epochs=50
2026-05-16 21:23:30 [info     ] epoch_complete                 epoch=14 is_best=False lr=0.0008019999999999825 total_epochs=50 train_loss=0.040015 val_loss=0.031942
2026-05-16 21:23:30 [debug    ] epoch_start                    epoch=15 total_epochs=50
2026-05-16 21:29:22 [info     ] epoch_complete                 epoch=15 is_best=False lr=0.0007799999999999793 total_epochs=50 train_loss=0.060629 val_loss=0.044952
2026-05-16 21:29:22 [debug    ] epoch_start                    epoch=16 total_epochs=50
2026-05-16 21:35:14 [info     ] epoch_complete                 epoch=16 is_best=False lr=0.0007579999999999761 total_epochs=50 train_loss=0.182016 val_loss=0.161041
2026-05-16 21:35:14 [debug    ] epoch_start                    epoch=17 total_epochs=50
2026-05-16 21:41:07 [info     ] epoch_complete                 epoch=17 is_best=False lr=0.0007359999999999731 total_epochs=50 train_loss=0.241248 val_loss=0.107676
2026-05-16 21:41:07 [debug    ] epoch_start                    epoch=18 total_epochs=50
2026-05-16 21:47:00 [info     ] epoch_complete                 epoch=18 is_best=False lr=0.0007139999999999699 total_epochs=50 train_loss=0.134288 val_loss=0.073157
2026-05-16 21:47:00 [debug    ] epoch_start                    epoch=19 total_epochs=50
2026-05-16 21:52:52 [info     ] epoch_complete                 epoch=19 is_best=False lr=0.0006919999999999653 total_epochs=50 train_loss=0.073038 val_loss=0.059332
2026-05-16 21:52:52 [debug    ] epoch_start                    epoch=20 total_epochs=50
2026-05-16 21:58:43 [info     ] epoch_complete                 epoch=20 is_best=False lr=0.0006699999999999609 total_epochs=50 train_loss=0.05868 val_loss=0.043697
2026-05-16 21:58:43 [debug    ] epoch_start                    epoch=21 total_epochs=50
2026-05-16 22:04:37 [info     ] epoch_complete                 epoch=21 is_best=False lr=0.0006479999999999558 total_epochs=50 train_loss=0.045366 val_loss=0.038074
2026-05-16 22:04:37 [debug    ] epoch_start                    epoch=22 total_epochs=50
2026-05-16 22:10:27 [info     ] epoch_complete                 epoch=22 is_best=False lr=0.0006259999999999505 total_epochs=50 train_loss=0.038991 val_loss=0.034345
2026-05-16 22:10:27 [debug    ] epoch_start                    epoch=23 total_epochs=50
2026-05-16 22:16:17 [info     ] epoch_complete                 epoch=23 is_best=False lr=0.0006039999999999452 total_epochs=50 train_loss=0.03605 val_loss=0.032464
2026-05-16 22:16:17 [debug    ] epoch_start                    epoch=24 total_epochs=50
2026-05-16 22:22:07 [info     ] epoch_complete                 epoch=24 is_best=False lr=0.0005819999999999399 total_epochs=50 train_loss=0.035927 val_loss=0.031762
2026-05-16 22:22:07 [debug    ] epoch_start                    epoch=25 total_epochs=50
2026-05-16 22:28:00 [info     ] epoch_complete                 epoch=25 is_best=False lr=0.0005599999999999346 total_epochs=50 train_loss=0.033834 val_loss=0.031101
2026-05-16 22:28:00 [debug    ] epoch_start                    epoch=26 total_epochs=50
2026-05-16 22:33:51 [info     ] epoch_complete                 epoch=26 is_best=False lr=0.0005379999999999293 total_epochs=50 train_loss=0.033242 val_loss=0.030451
2026-05-16 22:33:51 [debug    ] epoch_start                    epoch=27 total_epochs=50
2026-05-16 22:39:41 [info     ] epoch_complete                 epoch=27 is_best=False lr=0.000515999999999924 total_epochs=50 train_loss=0.032922 val_loss=0.031123
2026-05-16 22:39:41 [debug    ] epoch_start                    epoch=28 total_epochs=50
2026-05-16 22:45:34 [info     ] epoch_complete                 epoch=28 is_best=False lr=0.0004939999999999187 total_epochs=50 train_loss=0.032599 val_loss=0.032703
2026-05-16 22:45:34 [debug    ] epoch_start                    epoch=29 total_epochs=50
2026-05-16 22:51:27 [info     ] epoch_complete                 epoch=29 is_best=False lr=0.00047199999999991997 total_epochs=50 train_loss=0.035239 val_loss=0.04336
2026-05-16 22:51:27 [debug    ] epoch_start                    epoch=30 total_epochs=50
2026-05-16 22:57:18 [info     ] epoch_complete                 epoch=30 is_best=False lr=0.00044999999999992393 total_epochs=50 train_loss=0.035904 val_loss=0.033224
2026-05-16 22:57:18 [debug    ] epoch_start                    epoch=31 total_epochs=50
2026-05-16 23:03:09 [info     ] epoch_complete                 epoch=31 is_best=False lr=0.0004279999999999269 total_epochs=50 train_loss=0.033022 val_loss=0.029962
2026-05-16 23:03:09 [debug    ] epoch_start                    epoch=32 total_epochs=50
2026-05-16 23:08:59 [info     ] epoch_complete                 epoch=32 is_best=False lr=0.0004059999999999309 total_epochs=50 train_loss=0.032441 val_loss=0.029375
2026-05-16 23:08:59 [debug    ] epoch_start                    epoch=33 total_epochs=50
2026-05-16 23:14:53 [info     ] epoch_complete                 epoch=33 is_best=False lr=0.0003839999999999346 total_epochs=50 train_loss=0.032322 val_loss=0.029645
2026-05-16 23:14:53 [debug    ] epoch_start                    epoch=34 total_epochs=50
2026-05-16 23:20:45 [info     ] epoch_complete                 epoch=34 is_best=False lr=0.0003619999999999374 total_epochs=50 train_loss=0.033633 val_loss=0.029602
2026-05-16 23:20:45 [debug    ] epoch_start                    epoch=35 total_epochs=50
2026-05-16 23:26:38 [info     ] epoch_complete                 epoch=35 is_best=False lr=0.0003399999999999421 total_epochs=50 train_loss=0.031759 val_loss=0.029547
2026-05-16 23:26:38 [debug    ] epoch_start                    epoch=36 total_epochs=50
2026-05-16 23:32:29 [info     ] epoch_complete                 epoch=36 is_best=False lr=0.00031799999999994485 total_epochs=50 train_loss=0.031424 val_loss=0.02939
2026-05-16 23:32:29 [debug    ] epoch_start                    epoch=37 total_epochs=50
2026-05-16 23:38:22 [info     ] epoch_complete                 epoch=37 is_best=False lr=0.00029599999999994756 total_epochs=50 train_loss=0.060082 val_loss=0.041686
2026-05-16 23:38:22 [debug    ] epoch_start                    epoch=38 total_epochs=50
2026-05-16 23:44:14 [info     ] epoch_complete                 epoch=38 is_best=False lr=0.0002739999999999507 total_epochs=50 train_loss=0.042615 val_loss=0.036108
2026-05-16 23:44:14 [debug    ] epoch_start                    epoch=39 total_epochs=50
2026-05-16 23:50:04 [info     ] epoch_complete                 epoch=39 is_best=False lr=0.0002519999999999539 total_epochs=50 train_loss=0.040652 val_loss=0.036763
2026-05-16 23:50:04 [debug    ] epoch_start                    epoch=40 total_epochs=50
2026-05-16 23:55:56 [info     ] epoch_complete                 epoch=40 is_best=False lr=0.00022999999999995737 total_epochs=50 train_loss=0.036831 val_loss=0.032636
2026-05-16 23:55:56 [debug    ] epoch_start                    epoch=41 total_epochs=50
2026-05-17 00:01:49 [info     ] epoch_complete                 epoch=41 is_best=False lr=0.00020799999999996188 total_epochs=50 train_loss=0.035302 val_loss=0.032615
2026-05-17 00:01:49 [debug    ] epoch_start                    epoch=42 total_epochs=50
2026-05-17 00:07:39 [info     ] epoch_complete                 epoch=42 is_best=False lr=0.0001859999999999664 total_epochs=50 train_loss=0.035218 val_loss=0.032759
2026-05-17 00:07:39 [debug    ] epoch_start                    epoch=43 total_epochs=50
2026-05-17 00:13:28 [info     ] epoch_complete                 epoch=43 is_best=False lr=0.00016399999999997095 total_epochs=50 train_loss=0.04102 val_loss=0.034955
2026-05-17 00:13:28 [debug    ] epoch_start                    epoch=44 total_epochs=50
2026-05-17 00:19:14 [info     ] epoch_complete                 epoch=44 is_best=False lr=0.00014199999999997548 total_epochs=50 train_loss=0.039252 val_loss=0.034851
2026-05-17 00:19:14 [debug    ] epoch_start                    epoch=45 total_epochs=50
2026-05-17 00:24:52 [info     ] epoch_complete                 epoch=45 is_best=False lr=0.00011999999999997995 total_epochs=50 train_loss=0.035161 val_loss=0.030956
2026-05-17 00:24:52 [debug    ] epoch_start                    epoch=46 total_epochs=50
2026-05-17 00:30:32 [info     ] epoch_complete                 epoch=46 is_best=False lr=9.799999999998395e-05 total_epochs=50 train_loss=0.033559 val_loss=0.03093
2026-05-17 00:30:32 [debug    ] epoch_start                    epoch=47 total_epochs=50
2026-05-17 00:39:42 [info     ] epoch_complete                 epoch=47 is_best=False lr=7.599999999998802e-05 total_epochs=50 train_loss=0.034169 val_loss=0.030641
2026-05-17 00:39:42 [debug    ] epoch_start                    epoch=48 total_epochs=50
2026-05-17 00:48:58 [info     ] epoch_complete                 epoch=48 is_best=False lr=5.399999999999204e-05 total_epochs=50 train_loss=0.033651 val_loss=0.030554
2026-05-17 00:48:58 [debug    ] epoch_start                    epoch=49 total_epochs=50
2026-05-17 00:58:11 [info     ] epoch_complete                 epoch=49 is_best=False lr=3.199999999999529e-05 total_epochs=50 train_loss=0.03308 val_loss=0.030198
2026-05-17 00:58:11 [debug    ] epoch_start                    epoch=50 total_epochs=50
2026-05-17 01:04:14 [info     ] epoch_complete                 epoch=50 is_best=False lr=9.999999999998564e-06 total_epochs=50 train_loss=0.03285 val_loss=0.030116
2026-05-17 01:04:14 [info     ] training_log_saved             path=data/models/hidden_96_seed1/training_losses.csv
2026-05-17 01:04:14 [info     ] training_complete              best_val_loss=0.028046
2026-05-17 01:04:14 [info     ] train_typecode_done            typecode=A320
2026-05-17 01:04:14 [info     ] train_done                     typecodes=['A320']

$ uv run fdm train --arch adsb --config results_run2/hidden_96_seed1/config.yaml --model-name hidden_96_seed1 --epochs 50 --batch-size 64 --lr 0.001 --method rk4 --seq-len 60 --train-limit 5000 --activation relu --seed 1 --backbone-depth 3 --head-depth 2 --hidden-width 96 --device cuda --no-use-mode-weights
