2026-05-13 04:29:31 [info     ] evaluate_start                 arch=adsb typecodes=['A320']
2026-05-13 04:29:31 [info     ] evaluate_typecode              flights=542 typecode=A320
2026-05-13 04:29:49 [info     ] evaluate_done                  output=data/model_performance/bs_64_seed2/performance.parquet rows=16
shape: (16, 11)
┌──────────┬─────────────────────────┬──────────────┬───────┬─────────┬──────────┬──────────┬──────────┬─────────┬──────────┬────────┐
│ Aircraft ┆ Variable                ┆ Phase        ┆ Model ┆ MAE     ┆ MAE_std  ┆ MAPE (%) ┆ MAPE_std ┆ ME      ┆ ME_std   ┆ Count  │
│ ---      ┆ ---                     ┆ ---          ┆ ---   ┆ ---     ┆ ---      ┆ ---      ┆ ---      ┆ ---     ┆ ---      ┆ ---    │
│ str      ┆ str                     ┆ str          ┆ str   ┆ f64     ┆ f64      ┆ f64      ┆ f64      ┆ f64     ┆ f64      ┆ i64    │
╞══════════╪═════════════════════════╪══════════════╪═══════╪═════════╪══════════╪══════════╪══════════╪═════════╪══════════╪════════╡
│ A320     ┆ Altitude [m]            ┆ All phases   ┆ PRED  ┆ 252.752 ┆ 586.741  ┆ 5.506    ┆ 18.666   ┆ 115.836 ┆ 628.276  ┆ 478843 │
│ A320     ┆ Altitude [m]            ┆ Climb        ┆ PRED  ┆ 779.697 ┆ 1030.377 ┆ 17.528   ┆ 36.395   ┆ 606.460 ┆ 1140.969 ┆ 90018  │
│ A320     ┆ Altitude [m]            ┆ Level flight ┆ PRED  ┆ 64.188  ┆ 179.570  ┆ 0.867    ┆ 5.383    ┆ -8.922  ┆ 190.489  ┆ 296839 │
│ A320     ┆ Altitude [m]            ┆ Descent      ┆ PRED  ┆ 345.577 ┆ 503.988  ┆ 8.713    ┆ 14.243   ┆ 38.304  ┆ 609.885  ┆ 91986  │
│ A320     ┆ Flight path angle [deg] ┆ All phases   ┆ PRED  ┆ 0.284   ┆ 0.613    ┆ NaN      ┆ NaN      ┆ -0.060  ┆ 0.673    ┆ 478843 │
│ A320     ┆ Flight path angle [deg] ┆ Climb        ┆ PRED  ┆ 0.717   ┆ 0.963    ┆ NaN      ┆ NaN      ┆ -0.409  ┆ 1.129    ┆ 90018  │
│ A320     ┆ Flight path angle [deg] ┆ Level flight ┆ PRED  ┆ 0.077   ┆ 0.250    ┆ NaN      ┆ NaN      ┆ -0.010  ┆ 0.261    ┆ 296839 │
│ A320     ┆ Flight path angle [deg] ┆ Descent      ┆ PRED  ┆ 0.527   ┆ 0.684    ┆ NaN      ┆ NaN      ┆ 0.122   ┆ 0.855    ┆ 91986  │
│ A320     ┆ Heading [deg]           ┆ All phases   ┆ PRED  ┆ 1.447   ┆ 6.446    ┆ NaN      ┆ NaN      ┆ 0.111   ┆ 6.605    ┆ 478843 │
│ A320     ┆ Heading [deg]           ┆ Climb        ┆ PRED  ┆ 1.910   ┆ 6.798    ┆ NaN      ┆ NaN      ┆ -0.064  ┆ 7.061    ┆ 90018  │
│ A320     ┆ Heading [deg]           ┆ Level flight ┆ PRED  ┆ 1.114   ┆ 5.785    ┆ NaN      ┆ NaN      ┆ 0.186   ┆ 5.888    ┆ 296839 │
│ A320     ┆ Heading [deg]           ┆ Descent      ┆ PRED  ┆ 2.066   ┆ 7.881    ┆ NaN      ┆ NaN      ┆ 0.039   ┆ 8.147    ┆ 91986  │
│ A320     ┆ True airspeed [m/s]     ┆ All phases   ┆ PRED  ┆ 2.939   ┆ 7.404    ┆ 1.692    ┆ 5.914    ┆ 0.598   ┆ 7.943    ┆ 478843 │
│ A320     ┆ True airspeed [m/s]     ┆ Climb        ┆ PRED  ┆ 5.610   ┆ 13.114   ┆ 3.524    ┆ 10.282   ┆ 3.084   ┆ 13.926   ┆ 90018  │
│ A320     ┆ True airspeed [m/s]     ┆ Level flight ┆ PRED  ┆ 1.824   ┆ 4.285    ┆ 0.928    ┆ 4.163    ┆ 0.123   ┆ 4.656    ┆ 296839 │
│ A320     ┆ True airspeed [m/s]     ┆ Descent      ┆ PRED  ┆ 3.921   ┆ 6.770    ┆ 2.365    ┆ 4.129    ┆ -0.302  ┆ 7.818    ┆ 91986  │
└──────────┴─────────────────────────┴──────────────┴───────┴─────────┴──────────┴──────────┴──────────┴─────────┴──────────┴────────┘

$ uv run fdm evaluate --arch adsb --config results/bs_64_seed2/config.yaml --model-name bs_64_seed2
