2026-05-16 06:30:52 [info     ] evaluate_start                 arch=adsb typecodes=['A320']
2026-05-16 06:30:52 [info     ] evaluate_typecode              flights=542 typecode=A320
2026-05-16 06:31:04 [info     ] evaluate_done                  output=data/model_performance/lr_1.5e-3_seed1/performance.parquet rows=16
shape: (16, 11)
┌──────────┬─────────────────────────┬──────────────┬───────┬─────────┬──────────┬──────────┬──────────┬─────────┬──────────┬────────┐
│ Aircraft ┆ Variable                ┆ Phase        ┆ Model ┆ MAE     ┆ MAE_std  ┆ MAPE (%) ┆ MAPE_std ┆ ME      ┆ ME_std   ┆ Count  │
│ ---      ┆ ---                     ┆ ---          ┆ ---   ┆ ---     ┆ ---      ┆ ---      ┆ ---      ┆ ---     ┆ ---      ┆ ---    │
│ str      ┆ str                     ┆ str          ┆ str   ┆ f64     ┆ f64      ┆ f64      ┆ f64      ┆ f64     ┆ f64      ┆ i64    │
╞══════════╪═════════════════════════╪══════════════╪═══════╪═════════╪══════════╪══════════╪══════════╪═════════╪══════════╪════════╡
│ A320     ┆ Altitude [m]            ┆ All phases   ┆ PRED  ┆ 259.876 ┆ 580.195  ┆ 5.542    ┆ 18.373   ┆ 133.406 ┆ 621.582  ┆ 478843 │
│ A320     ┆ Altitude [m]            ┆ Climb        ┆ PRED  ┆ 783.275 ┆ 1024.806 ┆ 17.605   ┆ 35.800   ┆ 626.349 ┆ 1127.578 ┆ 90018  │
│ A320     ┆ Altitude [m]            ┆ Level flight ┆ PRED  ┆ 77.562  ┆ 182.246  ┆ 0.962    ┆ 5.222    ┆ 11.794  ┆ 197.713  ┆ 296839 │
│ A320     ┆ Altitude [m]            ┆ Descent      ┆ PRED  ┆ 336.002 ┆ 486.071  ┆ 8.515    ┆ 14.005   ┆ 43.451  ┆ 589.299  ┆ 91986  │
│ A320     ┆ Flight path angle [deg] ┆ All phases   ┆ PRED  ┆ 0.281   ┆ 0.613    ┆ NaN      ┆ NaN      ┆ -0.057  ┆ 0.672    ┆ 478843 │
│ A320     ┆ Flight path angle [deg] ┆ Climb        ┆ PRED  ┆ 0.715   ┆ 0.972    ┆ NaN      ┆ NaN      ┆ -0.410  ┆ 1.135    ┆ 90018  │
│ A320     ┆ Flight path angle [deg] ┆ Level flight ┆ PRED  ┆ 0.076   ┆ 0.246    ┆ NaN      ┆ NaN      ┆ -0.007  ┆ 0.257    ┆ 296839 │
│ A320     ┆ Flight path angle [deg] ┆ Descent      ┆ PRED  ┆ 0.517   ┆ 0.680    ┆ NaN      ┆ NaN      ┆ 0.127   ┆ 0.845    ┆ 91986  │
│ A320     ┆ Heading [deg]           ┆ All phases   ┆ PRED  ┆ 1.443   ┆ 6.694    ┆ NaN      ┆ NaN      ┆ 0.062   ┆ 6.848    ┆ 478843 │
│ A320     ┆ Heading [deg]           ┆ Climb        ┆ PRED  ┆ 1.901   ┆ 6.816    ┆ NaN      ┆ NaN      ┆ 0.021   ┆ 7.077    ┆ 90018  │
│ A320     ┆ Heading [deg]           ┆ Level flight ┆ PRED  ┆ 1.114   ┆ 6.258    ┆ NaN      ┆ NaN      ┆ 0.088   ┆ 6.356    ┆ 296839 │
│ A320     ┆ Heading [deg]           ┆ Descent      ┆ PRED  ┆ 2.056   ┆ 7.778    ┆ NaN      ┆ NaN      ┆ 0.019   ┆ 8.045    ┆ 91986  │
│ A320     ┆ True airspeed [m/s]     ┆ All phases   ┆ PRED  ┆ 3.012   ┆ 7.735    ┆ 1.756    ┆ 6.265    ┆ 0.662   ┆ 8.274    ┆ 478843 │
│ A320     ┆ True airspeed [m/s]     ┆ Climb        ┆ PRED  ┆ 5.955   ┆ 14.003   ┆ 3.768    ┆ 10.874   ┆ 3.965   ┆ 14.690   ┆ 90018  │
│ A320     ┆ True airspeed [m/s]     ┆ Level flight ┆ PRED  ┆ 1.863   ┆ 4.370    ┆ 0.961    ┆ 4.438    ┆ -0.059  ┆ 4.750    ┆ 296839 │
│ A320     ┆ True airspeed [m/s]     ┆ Descent      ┆ PRED  ┆ 3.843   ┆ 6.672    ┆ 2.353    ┆ 4.328    ┆ -0.244  ┆ 7.696    ┆ 91986  │
└──────────┴─────────────────────────┴──────────────┴───────┴─────────┴──────────┴──────────┴──────────┴─────────┴──────────┴────────┘

$ uv run fdm evaluate --arch adsb --config results_run2/lr_1.5e-3_seed1/config.yaml --model-name lr_1.5e-3_seed1
