2026-05-21 01:29:15 [info     ] evaluate_start                 arch=adsb typecodes=['A320']
2026-05-21 01:29:15 [info     ] evaluate_typecode              flights=542 typecode=A320
2026-05-21 01:29:27 [info     ] evaluate_done                  output=data/model_performance/baseline_seed2/performance.parquet rows=16
shape: (16, 11)
┌──────────┬─────────────────────────┬──────────────┬───────┬─────────┬──────────┬──────────┬──────────┬─────────┬──────────┬────────┐
│ Aircraft ┆ Variable                ┆ Phase        ┆ Model ┆ MAE     ┆ MAE_std  ┆ MAPE (%) ┆ MAPE_std ┆ ME      ┆ ME_std   ┆ Count  │
│ ---      ┆ ---                     ┆ ---          ┆ ---   ┆ ---     ┆ ---      ┆ ---      ┆ ---      ┆ ---     ┆ ---      ┆ ---    │
│ str      ┆ str                     ┆ str          ┆ str   ┆ f64     ┆ f64      ┆ f64      ┆ f64      ┆ f64     ┆ f64      ┆ i64    │
╞══════════╪═════════════════════════╪══════════════╪═══════╪═════════╪══════════╪══════════╪══════════╪═════════╪══════════╪════════╡
│ A320     ┆ Altitude [m]            ┆ All phases   ┆ PRED  ┆ 236.322 ┆ 590.247  ┆ 5.308    ┆ 18.662   ┆ 129.095 ┆ 622.554  ┆ 478843 │
│ A320     ┆ Altitude [m]            ┆ Climb        ┆ PRED  ┆ 773.160 ┆ 1032.457 ┆ 17.509   ┆ 36.280   ┆ 619.017 ┆ 1131.619 ┆ 90018  │
│ A320     ┆ Altitude [m]            ┆ Level flight ┆ PRED  ┆ 43.680  ┆ 171.203  ┆ 0.640    ┆ 5.238    ┆ -0.139  ┆ 176.687  ┆ 296839 │
│ A320     ┆ Altitude [m]            ┆ Descent      ┆ PRED  ┆ 332.625 ┆ 514.567  ┆ 8.432    ┆ 14.513   ┆ 66.692  ┆ 609.074  ┆ 91986  │
│ A320     ┆ Flight path angle [deg] ┆ All phases   ┆ PRED  ┆ 0.277   ┆ 0.617    ┆ NaN      ┆ NaN      ┆ -0.059  ┆ 0.673    ┆ 478843 │
│ A320     ┆ Flight path angle [deg] ┆ Climb        ┆ PRED  ┆ 0.714   ┆ 0.974    ┆ NaN      ┆ NaN      ┆ -0.413  ┆ 1.135    ┆ 90018  │
│ A320     ┆ Flight path angle [deg] ┆ Level flight ┆ PRED  ┆ 0.072   ┆ 0.247    ┆ NaN      ┆ NaN      ┆ -0.006  ┆ 0.257    ┆ 296839 │
│ A320     ┆ Flight path angle [deg] ┆ Descent      ┆ PRED  ┆ 0.510   ┆ 0.691    ┆ NaN      ┆ NaN      ┆ 0.119   ┆ 0.850    ┆ 91986  │
│ A320     ┆ Heading [deg]           ┆ All phases   ┆ PRED  ┆ 1.691   ┆ 7.504    ┆ NaN      ┆ NaN      ┆ 0.255   ┆ 7.688    ┆ 478843 │
│ A320     ┆ Heading [deg]           ┆ Climb        ┆ PRED  ┆ 2.457   ┆ 9.911    ┆ NaN      ┆ NaN      ┆ -0.113  ┆ 10.210   ┆ 90018  │
│ A320     ┆ Heading [deg]           ┆ Level flight ┆ PRED  ┆ 1.285   ┆ 6.319    ┆ NaN      ┆ NaN      ┆ 0.357   ┆ 6.439    ┆ 296839 │
│ A320     ┆ Heading [deg]           ┆ Descent      ┆ PRED  ┆ 2.248   ┆ 8.167    ┆ NaN      ┆ NaN      ┆ 0.288   ┆ 8.466    ┆ 91986  │
│ A320     ┆ True airspeed [m/s]     ┆ All phases   ┆ PRED  ┆ 3.388   ┆ 9.346    ┆ 1.931    ┆ 7.244    ┆ 1.039   ┆ 9.887    ┆ 478843 │
│ A320     ┆ True airspeed [m/s]     ┆ Climb        ┆ PRED  ┆ 6.649   ┆ 17.871   ┆ 4.194    ┆ 13.451   ┆ 3.830   ┆ 18.679   ┆ 90018  │
│ A320     ┆ True airspeed [m/s]     ┆ Level flight ┆ PRED  ┆ 2.206   ┆ 4.805    ┆ 1.080    ┆ 4.520    ┆ 0.619   ┆ 5.250    ┆ 296839 │
│ A320     ┆ True airspeed [m/s]     ┆ Descent      ┆ PRED  ┆ 4.012   ┆ 7.235    ┆ 2.462    ┆ 4.750    ┆ -0.338  ┆ 8.266    ┆ 91986  │
└──────────┴─────────────────────────┴──────────────┴───────┴─────────┴──────────┴──────────┴──────────┴─────────┴──────────┴────────┘

$ uv run fdm evaluate --arch adsb --config results_run4/baseline_seed2/config.yaml --model-name baseline_seed2
