2026-05-13 20:33:36 [info     ] evaluate_start                 arch=adsb typecodes=['A320']
2026-05-13 20:33:36 [info     ] evaluate_typecode              flights=542 typecode=A320
2026-05-13 20:33:48 [info     ] evaluate_done                  output=data/model_performance/alpha_0.3_seed2/performance.parquet rows=16
shape: (16, 11)
┌──────────┬─────────────────────────┬──────────────┬───────┬─────────┬──────────┬──────────┬──────────┬─────────┬──────────┬────────┐
│ Aircraft ┆ Variable                ┆ Phase        ┆ Model ┆ MAE     ┆ MAE_std  ┆ MAPE (%) ┆ MAPE_std ┆ ME      ┆ ME_std   ┆ Count  │
│ ---      ┆ ---                     ┆ ---          ┆ ---   ┆ ---     ┆ ---      ┆ ---      ┆ ---      ┆ ---     ┆ ---      ┆ ---    │
│ str      ┆ str                     ┆ str          ┆ str   ┆ f64     ┆ f64      ┆ f64      ┆ f64      ┆ f64     ┆ f64      ┆ i64    │
╞══════════╪═════════════════════════╪══════════════╪═══════╪═════════╪══════════╪══════════╪══════════╪═════════╪══════════╪════════╡
│ A320     ┆ Altitude [m]            ┆ All phases   ┆ PRED  ┆ 338.054 ┆ 644.704  ┆ 6.693    ┆ 20.426   ┆ 116.550 ┆ 718.568  ┆ 478843 │
│ A320     ┆ Altitude [m]            ┆ Climb        ┆ PRED  ┆ 885.698 ┆ 1157.827 ┆ 19.483   ┆ 40.132   ┆ 659.133 ┆ 1300.218 ┆ 90018  │
│ A320     ┆ Altitude [m]            ┆ Level flight ┆ PRED  ┆ 152.997 ┆ 232.981  ┆ 1.793    ┆ 6.077    ┆ -18.813 ┆ 278.091  ┆ 296839 │
│ A320     ┆ Altitude [m]            ┆ Descent      ┆ PRED  ┆ 399.306 ┆ 518.529  ┆ 9.990    ┆ 15.104   ┆ 22.391  ┆ 654.076  ┆ 91986  │
│ A320     ┆ Flight path angle [deg] ┆ All phases   ┆ PRED  ┆ 0.300   ┆ 0.615    ┆ NaN      ┆ NaN      ┆ -0.062  ┆ 0.682    ┆ 478843 │
│ A320     ┆ Flight path angle [deg] ┆ Climb        ┆ PRED  ┆ 0.737   ┆ 0.963    ┆ NaN      ┆ NaN      ┆ -0.448  ┆ 1.127    ┆ 90018  │
│ A320     ┆ Flight path angle [deg] ┆ Level flight ┆ PRED  ┆ 0.090   ┆ 0.250    ┆ NaN      ┆ NaN      ┆ -0.008  ┆ 0.265    ┆ 296839 │
│ A320     ┆ Flight path angle [deg] ┆ Descent      ┆ PRED  ┆ 0.552   ┆ 0.686    ┆ NaN      ┆ NaN      ┆ 0.145   ┆ 0.868    ┆ 91986  │
│ A320     ┆ Heading [deg]           ┆ All phases   ┆ PRED  ┆ 1.880   ┆ 7.000    ┆ NaN      ┆ NaN      ┆ 0.092   ┆ 7.247    ┆ 478843 │
│ A320     ┆ Heading [deg]           ┆ Climb        ┆ PRED  ┆ 2.187   ┆ 6.929    ┆ NaN      ┆ NaN      ┆ -0.093  ┆ 7.266    ┆ 90018  │
│ A320     ┆ Heading [deg]           ┆ Level flight ┆ PRED  ┆ 1.592   ┆ 6.530    ┆ NaN      ┆ NaN      ┆ 0.253   ┆ 6.716    ┆ 296839 │
│ A320     ┆ Heading [deg]           ┆ Descent      ┆ PRED  ┆ 2.509   ┆ 8.351    ┆ NaN      ┆ NaN      ┆ -0.248  ┆ 8.716    ┆ 91986  │
│ A320     ┆ True airspeed [m/s]     ┆ All phases   ┆ PRED  ┆ 3.040   ┆ 7.474    ┆ 1.745    ┆ 5.858    ┆ 0.582   ┆ 8.048    ┆ 478843 │
│ A320     ┆ True airspeed [m/s]     ┆ Climb        ┆ PRED  ┆ 5.948   ┆ 13.166   ┆ 3.752    ┆ 10.315   ┆ 3.717   ┆ 13.961   ┆ 90018  │
│ A320     ┆ True airspeed [m/s]     ┆ Level flight ┆ PRED  ┆ 1.810   ┆ 4.139    ┆ 0.894    ┆ 3.805    ┆ -0.014  ┆ 4.518    ┆ 296839 │
│ A320     ┆ True airspeed [m/s]     ┆ Descent      ┆ PRED  ┆ 4.162   ┆ 7.175    ┆ 2.526    ┆ 4.574    ┆ -0.560  ┆ 8.276    ┆ 91986  │
└──────────┴─────────────────────────┴──────────────┴───────┴─────────┴──────────┴──────────┴──────────┴─────────┴──────────┴────────┘

$ uv run fdm evaluate --arch adsb --config results/alpha_0.3_seed2/config.yaml --model-name alpha_0.3_seed2
