2026-05-13 04:03:10 [info     ] train_start                    arch=adsb device=cuda typecodes=['A320']
2026-05-13 04:03:10 [info     ] train_typecode                 typecode=A320
2026-05-13 04:03:10 [info     ] mode_weights_computed          alpha=0.5 bottom5_labels=[['ALT_MACH', 0.6206242276704164, 556092], ['ALT_UNK', 0.6891691293583678, 450975], ['TURN', 0.8913340435092099, 269602], ['UNKVERT_MACH', 0.9861637175043825, 220245], ['ALT_CAS', 1.0707556265239335, 186820]] imbalance_ratio=40.174252275682704 n_labels=13 top5_labels=[['VZ_CAS', 3.9337125975553753, 13842], ['VZ_UNK', 2.533593642654822, 33368], ['GAMMA_CAS', 2.453056495492336, 35595], ['VZ_MACH', 2.0015537788607305, 53465], ['UNKVERT_CAS', 1.936559122733483, 57114]] weight_ratio_max_over_min=6.33831620193271
2026-05-13 04:03:10 [info     ] loading_data                   train_flights=1594 val_flights=247
2026-05-13 04:03:10 [warning  ] e1_column_missing              column=fdm_g_sin_gamma_ms2
2026-05-13 04:03:10 [warning  ] e1_column_missing              column=fdm_cos_gamma
2026-05-13 04:03:10 [warning  ] e1_column_missing              column=fdm_q_pa
2026-05-13 04:03:10 [warning  ] e1_column_missing              column=fdm_g_over_v
2026-05-13 04:03:10 [warning  ] e1_column_missing              column=fdm_lat_wind_ms
2026-05-13 04:03:10 [warning  ] e1_column_missing              column=fdm_drift_rad
2026-05-13 04:03:10 [warning  ] e1_column_missing              column=fdm_track_rad
2026-05-13 04:03:10 [warning  ] e1_column_missing              column=fdm_heading_diff_rad
2026-05-13 04:03:17 [warning  ] e1_column_missing              column=fdm_g_sin_gamma_ms2
2026-05-13 04:03:17 [warning  ] e1_column_missing              column=fdm_cos_gamma
2026-05-13 04:03:17 [warning  ] e1_column_missing              column=fdm_q_pa
2026-05-13 04:03:17 [warning  ] e1_column_missing              column=fdm_g_over_v
2026-05-13 04:03:17 [warning  ] e1_column_missing              column=fdm_lat_wind_ms
2026-05-13 04:03:17 [warning  ] e1_column_missing              column=fdm_drift_rad
2026-05-13 04:03:17 [warning  ] e1_column_missing              column=fdm_track_rad
2026-05-13 04:03:17 [warning  ] e1_column_missing              column=fdm_heading_diff_rad
2026-05-13 04:03:18 [info     ] data_loaded                    train_samples=23212 val_samples=3628
2026-05-13 04:03:33 [debug    ] meta_saved                     path=data/models/bs_256_seed0/meta.json
2026-05-13 04:03:33 [info     ] trainer_initialized            architecture=node_adsb_v1 device=cuda train_samples=23212 val_samples=3628
2026-05-13 04:03:33 [info     ] preloading_data_to_gpu
2026-05-13 04:03:33 [debug    ] epoch_start                    epoch=1 total_epochs=50
/data/common/dataiku/config/projects/NODEFDM/lib/python/.venv/lib/python3.12/site-packages/torch/_inductor/compile_fx.py:321: UserWarning: TensorFloat32 tensor cores for float32 matrix multiplication available but not enabled. Consider setting `torch.set_float32_matmul_precision('high')` for better performance.
  warnings.warn(
2026-05-13 04:04:00 [info     ] debug_magnitudes               norm_mean=['8568.283203', '-0.001322', '213.622833', '3.253931'] norm_std=['2269.236084', '0.038830', '32.838379', '1.246786'] ode_loss=0.900199
W0513 04:06:49.466000 3892746 torch/_dynamo/convert_frame.py:1676] [0/8] torch._dynamo hit config.recompile_limit (8)
W0513 04:06:49.466000 3892746 torch/_dynamo/convert_frame.py:1676] [0/8]    function: 'forward' (/data/common/dataiku/config/projects/NODEFDM/lib/python/packages/node-fdm/src/node_fdm/models/fdm.py:181)
W0513 04:06:49.466000 3892746 torch/_dynamo/convert_frame.py:1676] [0/8]    last reason: 0/7: tensor 'self.history['raw_alt_m']' size mismatch at index 1. expected 1, actual 2
W0513 04:06:49.466000 3892746 torch/_dynamo/convert_frame.py:1676] [0/8] To log all recompilation reasons, use TORCH_LOGS="recompiles".
W0513 04:06:49.466000 3892746 torch/_dynamo/convert_frame.py:1676] [0/8] To diagnose recompilation issues, see https://pytorch.org/docs/main/compile/programming_model.recompilation.html
2026-05-13 04:06:50 [debug    ] meta_saved                     path=data/models/bs_256_seed0/meta.json
2026-05-13 04:06:50 [debug    ] model_saved                    epoch=1
2026-05-13 04:06:50 [info     ] epoch_complete                 epoch=1 is_best=True lr=0.00020800000000000023 total_epochs=50 train_loss=0.37627 val_loss=0.295782
2026-05-13 04:06:50 [debug    ] epoch_start                    epoch=2 total_epochs=50
2026-05-13 04:08:27 [debug    ] meta_saved                     path=data/models/bs_256_seed0/meta.json
2026-05-13 04:08:27 [debug    ] model_saved                    epoch=2
2026-05-13 04:08:27 [info     ] epoch_complete                 epoch=2 is_best=True lr=0.00040600000000000044 total_epochs=50 train_loss=0.184782 val_loss=0.076587
2026-05-13 04:08:27 [debug    ] epoch_start                    epoch=3 total_epochs=50
2026-05-13 04:10:04 [debug    ] meta_saved                     path=data/models/bs_256_seed0/meta.json
2026-05-13 04:10:04 [debug    ] model_saved                    epoch=3
2026-05-13 04:10:04 [info     ] epoch_complete                 epoch=3 is_best=True lr=0.0006040000000000016 total_epochs=50 train_loss=0.08256 val_loss=0.069694
2026-05-13 04:10:04 [debug    ] epoch_start                    epoch=4 total_epochs=50
2026-05-13 04:11:45 [debug    ] meta_saved                     path=data/models/bs_256_seed0/meta.json
2026-05-13 04:11:45 [debug    ] model_saved                    epoch=4
2026-05-13 04:11:45 [info     ] epoch_complete                 epoch=4 is_best=True lr=0.0008020000000000026 total_epochs=50 train_loss=0.073618 val_loss=0.053398
2026-05-13 04:11:45 [debug    ] epoch_start                    epoch=5 total_epochs=50
2026-05-13 04:13:20 [debug    ] meta_saved                     path=data/models/bs_256_seed0/meta.json
2026-05-13 04:13:20 [debug    ] model_saved                    epoch=5
2026-05-13 04:13:20 [info     ] epoch_complete                 epoch=5 is_best=True lr=0.001 total_epochs=50 train_loss=0.053826 val_loss=0.043417
2026-05-13 04:13:20 [debug    ] epoch_start                    epoch=6 total_epochs=50
2026-05-13 04:14:58 [info     ] epoch_complete                 epoch=6 is_best=False lr=0.0009780000000000014 total_epochs=50 train_loss=0.046175 val_loss=0.05596
2026-05-13 04:14:58 [debug    ] epoch_start                    epoch=7 total_epochs=50
2026-05-13 04:16:33 [debug    ] meta_saved                     path=data/models/bs_256_seed0/meta.json
2026-05-13 04:16:33 [debug    ] model_saved                    epoch=7
2026-05-13 04:16:33 [info     ] epoch_complete                 epoch=7 is_best=True lr=0.0009560000000000018 total_epochs=50 train_loss=0.050509 val_loss=0.039967
2026-05-13 04:16:33 [debug    ] epoch_start                    epoch=8 total_epochs=50
2026-05-13 04:18:06 [debug    ] meta_saved                     path=data/models/bs_256_seed0/meta.json
2026-05-13 04:18:06 [debug    ] model_saved                    epoch=8
2026-05-13 04:18:06 [info     ] epoch_complete                 epoch=8 is_best=True lr=0.0009340000000000016 total_epochs=50 train_loss=0.043875 val_loss=0.03929
2026-05-13 04:18:06 [debug    ] epoch_start                    epoch=9 total_epochs=50
2026-05-13 04:19:42 [debug    ] meta_saved                     path=data/models/bs_256_seed0/meta.json
2026-05-13 04:19:42 [debug    ] model_saved                    epoch=9
2026-05-13 04:19:42 [info     ] epoch_complete                 epoch=9 is_best=True lr=0.0009120000000000019 total_epochs=50 train_loss=0.043399 val_loss=0.038178
2026-05-13 04:19:42 [debug    ] epoch_start                    epoch=10 total_epochs=50
2026-05-13 04:21:17 [info     ] epoch_complete                 epoch=10 is_best=False lr=0.0008900000000000019 total_epochs=50 train_loss=0.042729 val_loss=0.038276
2026-05-13 04:21:17 [debug    ] epoch_start                    epoch=11 total_epochs=50
2026-05-13 04:22:53 [debug    ] meta_saved                     path=data/models/bs_256_seed0/meta.json
2026-05-13 04:22:53 [debug    ] model_saved                    epoch=11
2026-05-13 04:22:53 [info     ] epoch_complete                 epoch=11 is_best=True lr=0.0008680000000000026 total_epochs=50 train_loss=0.042352 val_loss=0.037485
2026-05-13 04:22:53 [debug    ] epoch_start                    epoch=12 total_epochs=50
2026-05-13 04:24:28 [debug    ] meta_saved                     path=data/models/bs_256_seed0/meta.json
2026-05-13 04:24:28 [debug    ] model_saved                    epoch=12
2026-05-13 04:24:28 [info     ] epoch_complete                 epoch=12 is_best=True lr=0.0008460000000000031 total_epochs=50 train_loss=0.041719 val_loss=0.036937
2026-05-13 04:24:28 [debug    ] epoch_start                    epoch=13 total_epochs=50
2026-05-13 04:26:05 [debug    ] meta_saved                     path=data/models/bs_256_seed0/meta.json
2026-05-13 04:26:05 [debug    ] model_saved                    epoch=13
2026-05-13 04:26:05 [info     ] epoch_complete                 epoch=13 is_best=True lr=0.0008240000000000033 total_epochs=50 train_loss=0.041171 val_loss=0.036354
2026-05-13 04:26:05 [debug    ] epoch_start                    epoch=14 total_epochs=50
2026-05-13 04:27:40 [debug    ] meta_saved                     path=data/models/bs_256_seed0/meta.json
2026-05-13 04:27:40 [debug    ] model_saved                    epoch=14
2026-05-13 04:27:40 [info     ] epoch_complete                 epoch=14 is_best=True lr=0.0008020000000000037 total_epochs=50 train_loss=0.040441 val_loss=0.036277
2026-05-13 04:27:40 [debug    ] epoch_start                    epoch=15 total_epochs=50
2026-05-13 04:29:17 [info     ] epoch_complete                 epoch=15 is_best=False lr=0.0007800000000000045 total_epochs=50 train_loss=0.040117 val_loss=0.036305
2026-05-13 04:29:17 [debug    ] epoch_start                    epoch=16 total_epochs=50
2026-05-13 04:31:13 [debug    ] meta_saved                     path=data/models/bs_256_seed0/meta.json
2026-05-13 04:31:13 [debug    ] model_saved                    epoch=16
2026-05-13 04:31:13 [info     ] epoch_complete                 epoch=16 is_best=True lr=0.0007580000000000052 total_epochs=50 train_loss=0.039906 val_loss=0.035608
2026-05-13 04:31:13 [debug    ] epoch_start                    epoch=17 total_epochs=50
2026-05-13 04:32:49 [info     ] epoch_complete                 epoch=17 is_best=False lr=0.0007360000000000063 total_epochs=50 train_loss=0.039816 val_loss=0.036059
2026-05-13 04:32:49 [debug    ] epoch_start                    epoch=18 total_epochs=50
2026-05-13 04:34:25 [debug    ] meta_saved                     path=data/models/bs_256_seed0/meta.json
2026-05-13 04:34:25 [debug    ] model_saved                    epoch=18
2026-05-13 04:34:25 [info     ] epoch_complete                 epoch=18 is_best=True lr=0.0007140000000000072 total_epochs=50 train_loss=0.039388 val_loss=0.035253
2026-05-13 04:34:25 [debug    ] epoch_start                    epoch=19 total_epochs=50
2026-05-13 04:36:01 [info     ] epoch_complete                 epoch=19 is_best=False lr=0.0006920000000000084 total_epochs=50 train_loss=0.039188 val_loss=0.035368
2026-05-13 04:36:01 [debug    ] epoch_start                    epoch=20 total_epochs=50
2026-05-13 04:37:35 [info     ] epoch_complete                 epoch=20 is_best=False lr=0.0006700000000000093 total_epochs=50 train_loss=0.039151 val_loss=0.035578
2026-05-13 04:37:35 [debug    ] epoch_start                    epoch=21 total_epochs=50
2026-05-13 04:39:11 [debug    ] meta_saved                     path=data/models/bs_256_seed0/meta.json
2026-05-13 04:39:11 [debug    ] model_saved                    epoch=21
2026-05-13 04:39:11 [info     ] epoch_complete                 epoch=21 is_best=True lr=0.0006480000000000105 total_epochs=50 train_loss=0.038899 val_loss=0.03508
2026-05-13 04:39:11 [debug    ] epoch_start                    epoch=22 total_epochs=50
2026-05-13 04:40:46 [info     ] epoch_complete                 epoch=22 is_best=False lr=0.0006260000000000117 total_epochs=50 train_loss=0.038741 val_loss=0.035416
2026-05-13 04:40:46 [debug    ] epoch_start                    epoch=23 total_epochs=50
2026-05-13 04:42:21 [info     ] epoch_complete                 epoch=23 is_best=False lr=0.0006040000000000131 total_epochs=50 train_loss=0.038499 val_loss=0.03508
2026-05-13 04:42:21 [debug    ] epoch_start                    epoch=24 total_epochs=50
2026-05-13 04:43:56 [debug    ] meta_saved                     path=data/models/bs_256_seed0/meta.json
2026-05-13 04:43:56 [debug    ] model_saved                    epoch=24
2026-05-13 04:43:56 [info     ] epoch_complete                 epoch=24 is_best=True lr=0.0005820000000000145 total_epochs=50 train_loss=0.038825 val_loss=0.034927
2026-05-13 04:43:56 [debug    ] epoch_start                    epoch=25 total_epochs=50
2026-05-13 04:45:28 [info     ] epoch_complete                 epoch=25 is_best=False lr=0.0005600000000000159 total_epochs=50 train_loss=0.038603 val_loss=0.035137
2026-05-13 04:45:28 [debug    ] epoch_start                    epoch=26 total_epochs=50
2026-05-13 04:47:01 [info     ] epoch_complete                 epoch=26 is_best=False lr=0.0005380000000000173 total_epochs=50 train_loss=0.038328 val_loss=0.035154
2026-05-13 04:47:01 [debug    ] epoch_start                    epoch=27 total_epochs=50
2026-05-13 04:48:34 [info     ] epoch_complete                 epoch=27 is_best=False lr=0.0005160000000000187 total_epochs=50 train_loss=0.03841 val_loss=0.035092
2026-05-13 04:48:34 [debug    ] epoch_start                    epoch=28 total_epochs=50
2026-05-13 04:50:08 [debug    ] meta_saved                     path=data/models/bs_256_seed0/meta.json
2026-05-13 04:50:08 [debug    ] model_saved                    epoch=28
2026-05-13 04:50:08 [info     ] epoch_complete                 epoch=28 is_best=True lr=0.0004940000000000201 total_epochs=50 train_loss=0.038163 val_loss=0.034528
2026-05-13 04:50:08 [debug    ] epoch_start                    epoch=29 total_epochs=50
2026-05-13 04:51:40 [debug    ] meta_saved                     path=data/models/bs_256_seed0/meta.json
2026-05-13 04:51:40 [debug    ] model_saved                    epoch=29
2026-05-13 04:51:40 [info     ] epoch_complete                 epoch=29 is_best=True lr=0.0004720000000000197 total_epochs=50 train_loss=0.038033 val_loss=0.034354
2026-05-13 04:51:40 [debug    ] epoch_start                    epoch=30 total_epochs=50
2026-05-13 04:53:13 [debug    ] meta_saved                     path=data/models/bs_256_seed0/meta.json
2026-05-13 04:53:13 [debug    ] model_saved                    epoch=30
2026-05-13 04:53:13 [info     ] epoch_complete                 epoch=30 is_best=True lr=0.000450000000000019 total_epochs=50 train_loss=0.037994 val_loss=0.034294
2026-05-13 04:53:13 [debug    ] epoch_start                    epoch=31 total_epochs=50
2026-05-13 04:54:45 [info     ] epoch_complete                 epoch=31 is_best=False lr=0.00042800000000001794 total_epochs=50 train_loss=0.037991 val_loss=0.034406
2026-05-13 04:54:45 [debug    ] epoch_start                    epoch=32 total_epochs=50
2026-05-13 04:56:18 [info     ] epoch_complete                 epoch=32 is_best=False lr=0.00040600000000001724 total_epochs=50 train_loss=0.037824 val_loss=0.034965
2026-05-13 04:56:18 [debug    ] epoch_start                    epoch=33 total_epochs=50
2026-05-13 04:57:51 [debug    ] meta_saved                     path=data/models/bs_256_seed0/meta.json
2026-05-13 04:57:51 [debug    ] model_saved                    epoch=33
2026-05-13 04:57:51 [info     ] epoch_complete                 epoch=33 is_best=True lr=0.0003840000000000166 total_epochs=50 train_loss=0.037874 val_loss=0.034235
2026-05-13 04:57:51 [debug    ] epoch_start                    epoch=34 total_epochs=50
2026-05-13 04:59:24 [info     ] epoch_complete                 epoch=34 is_best=False lr=0.0003620000000000155 total_epochs=50 train_loss=0.037747 val_loss=0.034448
2026-05-13 04:59:24 [debug    ] epoch_start                    epoch=35 total_epochs=50
2026-05-13 05:00:58 [info     ] epoch_complete                 epoch=35 is_best=False lr=0.00034000000000001455 total_epochs=50 train_loss=0.037709 val_loss=0.034424
2026-05-13 05:00:58 [debug    ] epoch_start                    epoch=36 total_epochs=50
2026-05-13 05:02:31 [info     ] epoch_complete                 epoch=36 is_best=False lr=0.0003180000000000136 total_epochs=50 train_loss=0.037554 val_loss=0.034248
2026-05-13 05:02:31 [debug    ] epoch_start                    epoch=37 total_epochs=50
2026-05-13 05:04:04 [debug    ] meta_saved                     path=data/models/bs_256_seed0/meta.json
2026-05-13 05:04:04 [debug    ] model_saved                    epoch=37
2026-05-13 05:04:04 [info     ] epoch_complete                 epoch=37 is_best=True lr=0.00029600000000001267 total_epochs=50 train_loss=0.037563 val_loss=0.034158
2026-05-13 05:04:04 [debug    ] epoch_start                    epoch=38 total_epochs=50
2026-05-13 05:05:36 [debug    ] meta_saved                     path=data/models/bs_256_seed0/meta.json
2026-05-13 05:05:36 [debug    ] model_saved                    epoch=38
2026-05-13 05:05:36 [info     ] epoch_complete                 epoch=38 is_best=True lr=0.00027400000000001165 total_epochs=50 train_loss=0.037409 val_loss=0.034046
2026-05-13 05:05:36 [debug    ] epoch_start                    epoch=39 total_epochs=50
2026-05-13 05:07:08 [info     ] epoch_complete                 epoch=39 is_best=False lr=0.00025200000000001084 total_epochs=50 train_loss=0.037385 val_loss=0.034285
2026-05-13 05:07:08 [debug    ] epoch_start                    epoch=40 total_epochs=50
2026-05-13 05:08:41 [debug    ] meta_saved                     path=data/models/bs_256_seed0/meta.json
2026-05-13 05:08:41 [debug    ] model_saved                    epoch=40
2026-05-13 05:08:41 [info     ] epoch_complete                 epoch=40 is_best=True lr=0.00023000000000000987 total_epochs=50 train_loss=0.037381 val_loss=0.03401
2026-05-13 05:08:41 [debug    ] epoch_start                    epoch=41 total_epochs=50
2026-05-13 05:10:14 [info     ] epoch_complete                 epoch=41 is_best=False lr=0.00020800000000000882 total_epochs=50 train_loss=0.03728 val_loss=0.034182
2026-05-13 05:10:14 [debug    ] epoch_start                    epoch=42 total_epochs=50
2026-05-13 05:11:47 [info     ] epoch_complete                 epoch=42 is_best=False lr=0.00018600000000000777 total_epochs=50 train_loss=0.037278 val_loss=0.034124
2026-05-13 05:11:47 [debug    ] epoch_start                    epoch=43 total_epochs=50
2026-05-13 05:13:19 [debug    ] meta_saved                     path=data/models/bs_256_seed0/meta.json
2026-05-13 05:13:19 [debug    ] model_saved                    epoch=43
2026-05-13 05:13:19 [info     ] epoch_complete                 epoch=43 is_best=True lr=0.00016400000000000672 total_epochs=50 train_loss=0.037331 val_loss=0.033986
2026-05-13 05:13:19 [debug    ] epoch_start                    epoch=44 total_epochs=50
2026-05-13 05:14:51 [debug    ] meta_saved                     path=data/models/bs_256_seed0/meta.json
2026-05-13 05:14:51 [debug    ] model_saved                    epoch=44
2026-05-13 05:14:51 [info     ] epoch_complete                 epoch=44 is_best=True lr=0.00014200000000000567 total_epochs=50 train_loss=0.037239 val_loss=0.033758
2026-05-13 05:14:51 [debug    ] epoch_start                    epoch=45 total_epochs=50
2026-05-13 05:16:25 [info     ] epoch_complete                 epoch=45 is_best=False lr=0.00012000000000000462 total_epochs=50 train_loss=0.037088 val_loss=0.033975
2026-05-13 05:16:25 [debug    ] epoch_start                    epoch=46 total_epochs=50
2026-05-13 05:17:58 [info     ] epoch_complete                 epoch=46 is_best=False lr=9.800000000000367e-05 total_epochs=50 train_loss=0.037139 val_loss=0.033903
2026-05-13 05:17:58 [debug    ] epoch_start                    epoch=47 total_epochs=50
2026-05-13 05:19:31 [debug    ] meta_saved                     path=data/models/bs_256_seed0/meta.json
2026-05-13 05:19:31 [debug    ] model_saved                    epoch=47
2026-05-13 05:19:31 [info     ] epoch_complete                 epoch=47 is_best=True lr=7.600000000000271e-05 total_epochs=50 train_loss=0.037145 val_loss=0.03372
2026-05-13 05:19:31 [debug    ] epoch_start                    epoch=48 total_epochs=50
2026-05-13 05:21:04 [info     ] epoch_complete                 epoch=48 is_best=False lr=5.400000000000178e-05 total_epochs=50 train_loss=0.037055 val_loss=0.033741
2026-05-13 05:21:04 [debug    ] epoch_start                    epoch=49 total_epochs=50
2026-05-13 05:22:37 [info     ] epoch_complete                 epoch=49 is_best=False lr=3.200000000000108e-05 total_epochs=50 train_loss=0.037068 val_loss=0.033821
2026-05-13 05:22:37 [debug    ] epoch_start                    epoch=50 total_epochs=50
2026-05-13 05:24:11 [info     ] epoch_complete                 epoch=50 is_best=False lr=1.000000000000034e-05 total_epochs=50 train_loss=0.03702 val_loss=0.033797
2026-05-13 05:24:11 [info     ] training_log_saved             path=data/models/bs_256_seed0/training_losses.csv
2026-05-13 05:24:11 [info     ] training_complete              best_val_loss=0.03372
2026-05-13 05:24:11 [info     ] train_typecode_done            typecode=A320
2026-05-13 05:24:11 [info     ] train_done                     typecodes=['A320']

$ uv run fdm train --arch adsb --config results/bs_256_seed0/config.yaml --model-name bs_256_seed0 --epochs 50 --batch-size 256 --lr 0.001 --method rk4 --seq-len 60 --train-limit 5000 --activation silu --seed 0 --device cuda --use-mode-weights --mode-weight-alpha 0.5
