2026-05-15 23:18:02 [info     ] evaluate_start                 arch=adsb typecodes=['A320']
2026-05-15 23:18:02 [info     ] evaluate_typecode              flights=542 typecode=A320
2026-05-15 23:18:15 [info     ] evaluate_done                  output=data/model_performance/bs_32_seed0/performance.parquet rows=16
shape: (16, 11)
┌──────────┬─────────────────────────┬──────────────┬───────┬─────────┬──────────┬──────────┬──────────┬─────────┬──────────┬────────┐
│ Aircraft ┆ Variable                ┆ Phase        ┆ Model ┆ MAE     ┆ MAE_std  ┆ MAPE (%) ┆ MAPE_std ┆ ME      ┆ ME_std   ┆ Count  │
│ ---      ┆ ---                     ┆ ---          ┆ ---   ┆ ---     ┆ ---      ┆ ---      ┆ ---      ┆ ---     ┆ ---      ┆ ---    │
│ str      ┆ str                     ┆ str          ┆ str   ┆ f64     ┆ f64      ┆ f64      ┆ f64      ┆ f64     ┆ f64      ┆ i64    │
╞══════════╪═════════════════════════╪══════════════╪═══════╪═════════╪══════════╪══════════╪══════════╪═════════╪══════════╪════════╡
│ A320     ┆ Altitude [m]            ┆ All phases   ┆ PRED  ┆ 243.879 ┆ 567.427  ┆ 5.279    ┆ 17.890   ┆ 127.637 ┆ 604.284  ┆ 478843 │
│ A320     ┆ Altitude [m]            ┆ Climb        ┆ PRED  ┆ 768.293 ┆ 1003.712 ┆ 17.196   ┆ 35.084   ┆ 624.042 ┆ 1099.220 ┆ 90018  │
│ A320     ┆ Altitude [m]            ┆ Level flight ┆ PRED  ┆ 61.813  ┆ 169.333  ┆ 0.816    ┆ 5.042    ┆ 0.204   ┆ 180.262  ┆ 296839 │
│ A320     ┆ Altitude [m]            ┆ Descent      ┆ PRED  ┆ 318.213 ┆ 464.790  ┆ 8.017    ┆ 12.988   ┆ 53.081  ┆ 560.777  ┆ 91986  │
│ A320     ┆ Flight path angle [deg] ┆ All phases   ┆ PRED  ┆ 0.281   ┆ 0.602    ┆ NaN      ┆ NaN      ┆ -0.059  ┆ 0.662    ┆ 478843 │
│ A320     ┆ Flight path angle [deg] ┆ Climb        ┆ PRED  ┆ 0.711   ┆ 0.961    ┆ NaN      ┆ NaN      ┆ -0.394  ┆ 1.128    ┆ 90018  │
│ A320     ┆ Flight path angle [deg] ┆ Level flight ┆ PRED  ┆ 0.081   ┆ 0.238    ┆ NaN      ┆ NaN      ┆ -0.009  ┆ 0.251    ┆ 296839 │
│ A320     ┆ Flight path angle [deg] ┆ Descent      ┆ PRED  ┆ 0.504   ┆ 0.665    ┆ NaN      ┆ NaN      ┆ 0.106   ┆ 0.828    ┆ 91986  │
│ A320     ┆ Heading [deg]           ┆ All phases   ┆ PRED  ┆ 1.632   ┆ 6.792    ┆ NaN      ┆ NaN      ┆ 0.099   ┆ 6.985    ┆ 478843 │
│ A320     ┆ Heading [deg]           ┆ Climb        ┆ PRED  ┆ 2.107   ┆ 6.833    ┆ NaN      ┆ NaN      ┆ 0.027   ┆ 7.151    ┆ 90018  │
│ A320     ┆ Heading [deg]           ┆ Level flight ┆ PRED  ┆ 1.291   ┆ 6.284    ┆ NaN      ┆ NaN      ┆ 0.170   ┆ 6.413    ┆ 296839 │
│ A320     ┆ Heading [deg]           ┆ Descent      ┆ PRED  ┆ 2.264   ┆ 8.126    ┆ NaN      ┆ NaN      ┆ -0.058  ┆ 8.435    ┆ 91986  │
│ A320     ┆ True airspeed [m/s]     ┆ All phases   ┆ PRED  ┆ 2.982   ┆ 7.355    ┆ 1.713    ┆ 5.838    ┆ 0.799   ┆ 7.896    ┆ 478843 │
│ A320     ┆ True airspeed [m/s]     ┆ Climb        ┆ PRED  ┆ 5.594   ┆ 12.975   ┆ 3.528    ┆ 10.081   ┆ 3.612   ┆ 13.660   ┆ 90018  │
│ A320     ┆ True airspeed [m/s]     ┆ Level flight ┆ PRED  ┆ 1.924   ┆ 4.312    ┆ 0.969    ┆ 4.102    ┆ 0.260   ┆ 4.715    ┆ 296839 │
│ A320     ┆ True airspeed [m/s]     ┆ Descent      ┆ PRED  ┆ 3.839   ┆ 6.767    ┆ 2.341    ┆ 4.276    ┆ -0.216  ┆ 7.777    ┆ 91986  │
└──────────┴─────────────────────────┴──────────────┴───────┴─────────┴──────────┴──────────┴──────────┴─────────┴──────────┴────────┘

$ uv run fdm evaluate --arch adsb --config results_run2/bs_32_seed0/config.yaml --model-name bs_32_seed0
