2026-05-15 11:56:14 [info     ] train_start                    arch=adsb device=cuda typecodes=['A320']
2026-05-15 11:56:14 [info     ] train_typecode                 typecode=A320
2026-05-15 11:56:14 [info     ] loading_data                   train_flights=1594 val_flights=247
2026-05-15 11:56:14 [warning  ] e1_column_missing              column=fdm_g_sin_gamma_ms2
2026-05-15 11:56:14 [warning  ] e1_column_missing              column=fdm_cos_gamma
2026-05-15 11:56:14 [warning  ] e1_column_missing              column=fdm_q_pa
2026-05-15 11:56:14 [warning  ] e1_column_missing              column=fdm_g_over_v
2026-05-15 11:56:14 [warning  ] e1_column_missing              column=fdm_lat_wind_ms
2026-05-15 11:56:14 [warning  ] e1_column_missing              column=fdm_drift_rad
2026-05-15 11:56:14 [warning  ] e1_column_missing              column=fdm_track_rad
2026-05-15 11:56:14 [warning  ] e1_column_missing              column=fdm_heading_diff_rad
2026-05-15 11:56:28 [warning  ] e1_column_missing              column=fdm_g_sin_gamma_ms2
2026-05-15 11:56:28 [warning  ] e1_column_missing              column=fdm_cos_gamma
2026-05-15 11:56:28 [warning  ] e1_column_missing              column=fdm_q_pa
2026-05-15 11:56:28 [warning  ] e1_column_missing              column=fdm_g_over_v
2026-05-15 11:56:28 [warning  ] e1_column_missing              column=fdm_lat_wind_ms
2026-05-15 11:56:28 [warning  ] e1_column_missing              column=fdm_drift_rad
2026-05-15 11:56:28 [warning  ] e1_column_missing              column=fdm_track_rad
2026-05-15 11:56:28 [warning  ] e1_column_missing              column=fdm_heading_diff_rad
2026-05-15 11:56:29 [info     ] data_loaded                    train_samples=23212 val_samples=3628
2026-05-15 11:56:46 [debug    ] meta_saved                     path=data/models/bs_32_seed0/meta.json
2026-05-15 11:56:46 [info     ] trainer_initialized            architecture=node_adsb_v1 device=cuda train_samples=23212 val_samples=3628
2026-05-15 11:56:46 [info     ] preloading_data_to_gpu
2026-05-15 11:56:46 [debug    ] epoch_start                    epoch=1 total_epochs=50
/data/common/dataiku/config/projects/NODEFDM/lib/python/.venv/lib/python3.12/site-packages/torch/_inductor/compile_fx.py:321: UserWarning: TensorFloat32 tensor cores for float32 matrix multiplication available but not enabled. Consider setting `torch.set_float32_matmul_precision('high')` for better performance.
  warnings.warn(
2026-05-15 11:57:09 [info     ] debug_magnitudes               norm_mean=['8568.283203', '-0.001322', '213.622833', '3.253931'] norm_std=['2269.236084', '0.038830', '32.838379', '1.246786'] ode_loss=1.214532
W0515 12:09:35.877000 361922 torch/_dynamo/convert_frame.py:1676] [0/8] torch._dynamo hit config.recompile_limit (8)
W0515 12:09:35.877000 361922 torch/_dynamo/convert_frame.py:1676] [0/8]    function: 'forward' (/data/common/dataiku/config/projects/NODEFDM/lib/python/packages/node-fdm/src/node_fdm/models/fdm.py:181)
W0515 12:09:35.877000 361922 torch/_dynamo/convert_frame.py:1676] [0/8]    last reason: 0/7: tensor 'self.history['raw_alt_m']' size mismatch at index 1. expected 1, actual 2
W0515 12:09:35.877000 361922 torch/_dynamo/convert_frame.py:1676] [0/8] To log all recompilation reasons, use TORCH_LOGS="recompiles".
W0515 12:09:35.877000 361922 torch/_dynamo/convert_frame.py:1676] [0/8] To diagnose recompilation issues, see https://pytorch.org/docs/main/compile/programming_model.recompilation.html
2026-05-15 12:09:36 [debug    ] meta_saved                     path=data/models/bs_32_seed0/meta.json
2026-05-15 12:09:36 [debug    ] model_saved                    epoch=1
2026-05-15 12:09:36 [info     ] epoch_complete                 epoch=1 is_best=True lr=0.0002079999999999997 total_epochs=50 train_loss=0.173323 val_loss=0.056195
2026-05-15 12:09:36 [debug    ] epoch_start                    epoch=2 total_epochs=50
2026-05-15 12:20:59 [debug    ] meta_saved                     path=data/models/bs_32_seed0/meta.json
2026-05-15 12:20:59 [debug    ] model_saved                    epoch=2
2026-05-15 12:20:59 [info     ] epoch_complete                 epoch=2 is_best=True lr=0.0004059999999999966 total_epochs=50 train_loss=0.049254 val_loss=0.036578
2026-05-15 12:20:59 [debug    ] epoch_start                    epoch=3 total_epochs=50
2026-05-15 12:32:25 [debug    ] meta_saved                     path=data/models/bs_32_seed0/meta.json
2026-05-15 12:32:25 [debug    ] model_saved                    epoch=3
2026-05-15 12:32:25 [info     ] epoch_complete                 epoch=3 is_best=True lr=0.0006039999999999978 total_epochs=50 train_loss=0.038735 val_loss=0.034596
2026-05-15 12:32:25 [debug    ] epoch_start                    epoch=4 total_epochs=50
2026-05-15 12:43:58 [debug    ] meta_saved                     path=data/models/bs_32_seed0/meta.json
2026-05-15 12:43:58 [debug    ] model_saved                    epoch=4
2026-05-15 12:43:58 [info     ] epoch_complete                 epoch=4 is_best=True lr=0.0008019999999999982 total_epochs=50 train_loss=0.036393 val_loss=0.032338
2026-05-15 12:43:58 [debug    ] epoch_start                    epoch=5 total_epochs=50
2026-05-15 12:55:25 [info     ] epoch_complete                 epoch=5 is_best=False lr=0.001 total_epochs=50 train_loss=0.035887 val_loss=0.033387
2026-05-15 12:55:25 [debug    ] epoch_start                    epoch=6 total_epochs=50
2026-05-15 13:06:51 [info     ] epoch_complete                 epoch=6 is_best=False lr=0.0009780000000000073 total_epochs=50 train_loss=0.048814 val_loss=0.046657
2026-05-15 13:06:51 [debug    ] epoch_start                    epoch=7 total_epochs=50
2026-05-15 13:18:13 [info     ] epoch_complete                 epoch=7 is_best=False lr=0.0009560000000000082 total_epochs=50 train_loss=0.083322 val_loss=0.04391
2026-05-15 13:18:13 [debug    ] epoch_start                    epoch=8 total_epochs=50
2026-05-15 13:29:39 [info     ] epoch_complete                 epoch=8 is_best=False lr=0.0009340000000000075 total_epochs=50 train_loss=0.044004 val_loss=0.035861
2026-05-15 13:29:39 [debug    ] epoch_start                    epoch=9 total_epochs=50
2026-05-15 13:41:08 [info     ] epoch_complete                 epoch=9 is_best=False lr=0.0009120000000000046 total_epochs=50 train_loss=0.038403 val_loss=0.034005
2026-05-15 13:41:08 [debug    ] epoch_start                    epoch=10 total_epochs=50
2026-05-15 13:52:35 [debug    ] meta_saved                     path=data/models/bs_32_seed0/meta.json
2026-05-15 13:52:35 [debug    ] model_saved                    epoch=10
2026-05-15 13:52:35 [info     ] epoch_complete                 epoch=10 is_best=True lr=0.0008900000000000022 total_epochs=50 train_loss=0.036379 val_loss=0.032168
2026-05-15 13:52:35 [debug    ] epoch_start                    epoch=11 total_epochs=50
2026-05-15 14:04:04 [info     ] epoch_complete                 epoch=11 is_best=False lr=0.000867999999999998 total_epochs=50 train_loss=0.057936 val_loss=0.124428
2026-05-15 14:04:04 [debug    ] epoch_start                    epoch=12 total_epochs=50
2026-05-15 14:15:33 [info     ] epoch_complete                 epoch=12 is_best=False lr=0.0008459999999999935 total_epochs=50 train_loss=0.059594 val_loss=0.035598
2026-05-15 14:15:33 [debug    ] epoch_start                    epoch=13 total_epochs=50
2026-05-15 14:26:54 [info     ] epoch_complete                 epoch=13 is_best=False lr=0.0008239999999999882 total_epochs=50 train_loss=0.037508 val_loss=0.032687
2026-05-15 14:26:54 [debug    ] epoch_start                    epoch=14 total_epochs=50
2026-05-15 14:38:04 [debug    ] meta_saved                     path=data/models/bs_32_seed0/meta.json
2026-05-15 14:38:04 [debug    ] model_saved                    epoch=14
2026-05-15 14:38:04 [info     ] epoch_complete                 epoch=14 is_best=True lr=0.0008019999999999828 total_epochs=50 train_loss=0.035097 val_loss=0.031158
2026-05-15 14:38:04 [debug    ] epoch_start                    epoch=15 total_epochs=50
2026-05-15 14:49:32 [debug    ] meta_saved                     path=data/models/bs_32_seed0/meta.json
2026-05-15 14:49:32 [debug    ] model_saved                    epoch=15
2026-05-15 14:49:32 [info     ] epoch_complete                 epoch=15 is_best=True lr=0.0007799999999999775 total_epochs=50 train_loss=0.03546 val_loss=0.030993
2026-05-15 14:49:32 [debug    ] epoch_start                    epoch=16 total_epochs=50
2026-05-15 15:00:38 [info     ] epoch_complete                 epoch=16 is_best=False lr=0.0007579999999999722 total_epochs=50 train_loss=0.038821 val_loss=0.032276
2026-05-15 15:00:38 [debug    ] epoch_start                    epoch=17 total_epochs=50
2026-05-15 15:11:45 [debug    ] meta_saved                     path=data/models/bs_32_seed0/meta.json
2026-05-15 15:11:45 [debug    ] model_saved                    epoch=17
2026-05-15 15:11:45 [info     ] epoch_complete                 epoch=17 is_best=True lr=0.0007359999999999669 total_epochs=50 train_loss=0.035346 val_loss=0.030565
2026-05-15 15:11:45 [debug    ] epoch_start                    epoch=18 total_epochs=50
2026-05-15 15:22:52 [info     ] epoch_complete                 epoch=18 is_best=False lr=0.0007139999999999616 total_epochs=50 train_loss=0.034621 val_loss=0.030967
2026-05-15 15:22:52 [debug    ] epoch_start                    epoch=19 total_epochs=50
2026-05-15 15:34:01 [debug    ] meta_saved                     path=data/models/bs_32_seed0/meta.json
2026-05-15 15:34:01 [debug    ] model_saved                    epoch=19
2026-05-15 15:34:01 [info     ] epoch_complete                 epoch=19 is_best=True lr=0.0006919999999999563 total_epochs=50 train_loss=0.033205 val_loss=0.029639
2026-05-15 15:34:01 [debug    ] epoch_start                    epoch=20 total_epochs=50
2026-05-15 15:45:10 [info     ] epoch_complete                 epoch=20 is_best=False lr=0.000669999999999951 total_epochs=50 train_loss=0.033702 val_loss=0.029971
2026-05-15 15:45:10 [debug    ] epoch_start                    epoch=21 total_epochs=50
2026-05-15 15:57:33 [debug    ] meta_saved                     path=data/models/bs_32_seed0/meta.json
2026-05-15 15:57:33 [debug    ] model_saved                    epoch=21
2026-05-15 15:57:33 [info     ] epoch_complete                 epoch=21 is_best=True lr=0.0006479999999999457 total_epochs=50 train_loss=0.032477 val_loss=0.029567
2026-05-15 15:57:33 [debug    ] epoch_start                    epoch=22 total_epochs=50
2026-05-15 16:09:53 [debug    ] meta_saved                     path=data/models/bs_32_seed0/meta.json
2026-05-15 16:09:53 [debug    ] model_saved                    epoch=22
2026-05-15 16:09:53 [info     ] epoch_complete                 epoch=22 is_best=True lr=0.0006259999999999404 total_epochs=50 train_loss=0.032197 val_loss=0.028813
2026-05-15 16:09:53 [debug    ] epoch_start                    epoch=23 total_epochs=50
2026-05-15 16:21:04 [info     ] epoch_complete                 epoch=23 is_best=False lr=0.0006039999999999351 total_epochs=50 train_loss=0.033987 val_loss=0.030811
2026-05-15 16:21:04 [debug    ] epoch_start                    epoch=24 total_epochs=50
2026-05-15 16:32:11 [info     ] epoch_complete                 epoch=24 is_best=False lr=0.0005819999999999298 total_epochs=50 train_loss=0.032269 val_loss=0.029454
2026-05-15 16:32:11 [debug    ] epoch_start                    epoch=25 total_epochs=50
2026-05-15 16:43:20 [info     ] epoch_complete                 epoch=25 is_best=False lr=0.0005599999999999245 total_epochs=50 train_loss=0.031666 val_loss=0.028859
2026-05-15 16:43:20 [debug    ] epoch_start                    epoch=26 total_epochs=50
2026-05-15 16:55:53 [info     ] epoch_complete                 epoch=26 is_best=False lr=0.0005379999999999192 total_epochs=50 train_loss=0.032107 val_loss=0.029033
2026-05-15 16:55:53 [debug    ] epoch_start                    epoch=27 total_epochs=50
2026-05-15 17:07:02 [debug    ] meta_saved                     path=data/models/bs_32_seed0/meta.json
2026-05-15 17:07:02 [debug    ] model_saved                    epoch=27
2026-05-15 17:07:02 [info     ] epoch_complete                 epoch=27 is_best=True lr=0.0005159999999999139 total_epochs=50 train_loss=0.031279 val_loss=0.02846
2026-05-15 17:07:02 [debug    ] epoch_start                    epoch=28 total_epochs=50
2026-05-15 17:18:05 [info     ] epoch_complete                 epoch=28 is_best=False lr=0.0004939999999999086 total_epochs=50 train_loss=0.031323 val_loss=0.028533
2026-05-15 17:18:05 [debug    ] epoch_start                    epoch=29 total_epochs=50
2026-05-15 17:29:10 [info     ] epoch_complete                 epoch=29 is_best=False lr=0.0004719999999999097 total_epochs=50 train_loss=0.030932 val_loss=0.028484
2026-05-15 17:29:10 [debug    ] epoch_start                    epoch=30 total_epochs=50
2026-05-15 17:40:13 [info     ] epoch_complete                 epoch=30 is_best=False lr=0.0004499999999999135 total_epochs=50 train_loss=0.030672 val_loss=0.028833
2026-05-15 17:40:13 [debug    ] epoch_start                    epoch=31 total_epochs=50
2026-05-15 17:51:17 [debug    ] meta_saved                     path=data/models/bs_32_seed0/meta.json
2026-05-15 17:51:17 [debug    ] model_saved                    epoch=31
2026-05-15 17:51:17 [info     ] epoch_complete                 epoch=31 is_best=True lr=0.0004279999999999172 total_epochs=50 train_loss=0.030821 val_loss=0.028138
2026-05-15 17:51:17 [debug    ] epoch_start                    epoch=32 total_epochs=50
2026-05-15 18:02:25 [info     ] epoch_complete                 epoch=32 is_best=False lr=0.00040599999999991863 total_epochs=50 train_loss=0.03092 val_loss=0.028538
2026-05-15 18:02:25 [debug    ] epoch_start                    epoch=33 total_epochs=50
2026-05-15 18:13:28 [debug    ] meta_saved                     path=data/models/bs_32_seed0/meta.json
2026-05-15 18:13:28 [debug    ] model_saved                    epoch=33
2026-05-15 18:13:28 [info     ] epoch_complete                 epoch=33 is_best=True lr=0.00038399999999991886 total_epochs=50 train_loss=0.030277 val_loss=0.027772
2026-05-15 18:13:28 [debug    ] epoch_start                    epoch=34 total_epochs=50
2026-05-15 18:24:35 [info     ] epoch_complete                 epoch=34 is_best=False lr=0.00036199999999992076 total_epochs=50 train_loss=0.030577 val_loss=0.028161
2026-05-15 18:24:35 [debug    ] epoch_start                    epoch=35 total_epochs=50
2026-05-15 18:36:17 [info     ] epoch_complete                 epoch=35 is_best=False lr=0.00033999999999992115 total_epochs=50 train_loss=0.030146 val_loss=0.027957
2026-05-15 18:36:17 [debug    ] epoch_start                    epoch=36 total_epochs=50
2026-05-15 18:47:58 [info     ] epoch_complete                 epoch=36 is_best=False lr=0.00031799999999992186 total_epochs=50 train_loss=0.029922 val_loss=0.027936
2026-05-15 18:47:58 [debug    ] epoch_start                    epoch=37 total_epochs=50
2026-05-15 18:59:49 [debug    ] meta_saved                     path=data/models/bs_32_seed0/meta.json
2026-05-15 18:59:49 [debug    ] model_saved                    epoch=37
2026-05-15 18:59:49 [info     ] epoch_complete                 epoch=37 is_best=True lr=0.00029599999999992284 total_epochs=50 train_loss=0.029682 val_loss=0.027733
2026-05-15 18:59:49 [debug    ] epoch_start                    epoch=38 total_epochs=50
2026-05-15 19:10:53 [info     ] epoch_complete                 epoch=38 is_best=False lr=0.00027399999999992263 total_epochs=50 train_loss=0.037665 val_loss=0.037704
2026-05-15 19:10:53 [debug    ] epoch_start                    epoch=39 total_epochs=50
2026-05-15 19:21:53 [info     ] epoch_complete                 epoch=39 is_best=False lr=0.0002519999999999225 total_epochs=50 train_loss=0.036406 val_loss=0.029846
2026-05-15 19:21:53 [debug    ] epoch_start                    epoch=40 total_epochs=50
2026-05-15 19:32:55 [info     ] epoch_complete                 epoch=40 is_best=False lr=0.00022999999999992737 total_epochs=50 train_loss=0.032338 val_loss=0.029202
2026-05-15 19:32:55 [debug    ] epoch_start                    epoch=41 total_epochs=50
2026-05-15 19:43:58 [info     ] epoch_complete                 epoch=41 is_best=False lr=0.00020799999999993445 total_epochs=50 train_loss=0.031401 val_loss=0.028705
2026-05-15 19:43:58 [debug    ] epoch_start                    epoch=42 total_epochs=50
2026-05-15 19:55:02 [info     ] epoch_complete                 epoch=42 is_best=False lr=0.00018599999999994207 total_epochs=50 train_loss=0.030722 val_loss=0.028652
2026-05-15 19:55:02 [debug    ] epoch_start                    epoch=43 total_epochs=50
2026-05-15 20:06:05 [info     ] epoch_complete                 epoch=43 is_best=False lr=0.00016399999999995 total_epochs=50 train_loss=0.030562 val_loss=0.027969
2026-05-15 20:06:05 [debug    ] epoch_start                    epoch=44 total_epochs=50
2026-05-15 20:17:05 [info     ] epoch_complete                 epoch=44 is_best=False lr=0.00014199999999995773 total_epochs=50 train_loss=0.02998 val_loss=0.02777
2026-05-15 20:17:05 [debug    ] epoch_start                    epoch=45 total_epochs=50
2026-05-15 20:28:10 [debug    ] meta_saved                     path=data/models/bs_32_seed0/meta.json
2026-05-15 20:28:10 [debug    ] model_saved                    epoch=45
2026-05-15 20:28:10 [info     ] epoch_complete                 epoch=45 is_best=True lr=0.00011999999999996525 total_epochs=50 train_loss=0.02972 val_loss=0.027627
2026-05-15 20:28:10 [debug    ] epoch_start                    epoch=46 total_epochs=50
2026-05-15 20:39:16 [info     ] epoch_complete                 epoch=46 is_best=False lr=9.799999999997127e-05 total_epochs=50 train_loss=0.029776 val_loss=0.027654
2026-05-15 20:39:16 [debug    ] epoch_start                    epoch=47 total_epochs=50
2026-05-15 20:50:16 [debug    ] meta_saved                     path=data/models/bs_32_seed0/meta.json
2026-05-15 20:50:16 [debug    ] model_saved                    epoch=47
2026-05-15 20:50:16 [info     ] epoch_complete                 epoch=47 is_best=True lr=7.599999999997659e-05 total_epochs=50 train_loss=0.02949 val_loss=0.027327
2026-05-15 20:50:16 [debug    ] epoch_start                    epoch=48 total_epochs=50
2026-05-15 21:01:18 [info     ] epoch_complete                 epoch=48 is_best=False lr=5.3999999999982325e-05 total_epochs=50 train_loss=0.029716 val_loss=0.027533
2026-05-15 21:01:18 [debug    ] epoch_start                    epoch=49 total_epochs=50
2026-05-15 21:12:22 [info     ] epoch_complete                 epoch=49 is_best=False lr=3.199999999998954e-05 total_epochs=50 train_loss=0.029443 val_loss=0.027408
2026-05-15 21:12:22 [debug    ] epoch_start                    epoch=50 total_epochs=50
2026-05-15 21:23:30 [debug    ] meta_saved                     path=data/models/bs_32_seed0/meta.json
2026-05-15 21:23:30 [debug    ] model_saved                    epoch=50
2026-05-15 21:23:30 [info     ] epoch_complete                 epoch=50 is_best=True lr=9.999999999996658e-06 total_epochs=50 train_loss=0.029245 val_loss=0.027296
2026-05-15 21:23:30 [info     ] training_log_saved             path=data/models/bs_32_seed0/training_losses.csv
2026-05-15 21:23:30 [info     ] training_complete              best_val_loss=0.027296
2026-05-15 21:23:30 [info     ] train_typecode_done            typecode=A320
2026-05-15 21:23:30 [info     ] train_done                     typecodes=['A320']

$ uv run fdm train --arch adsb --config results_run2/bs_32_seed0/config.yaml --model-name bs_32_seed0 --epochs 50 --batch-size 32 --lr 0.001 --method rk4 --seq-len 60 --train-limit 5000 --activation relu --seed 0 --backbone-depth 3 --head-depth 2 --hidden-width 48 --device cuda --no-use-mode-weights
