2026-05-16 06:08:32 [info     ] train_start                    arch=adsb device=cuda typecodes=['A320']
2026-05-16 06:08:32 [info     ] train_typecode                 typecode=A320
2026-05-16 06:08:32 [info     ] loading_data                   train_flights=1594 val_flights=247
2026-05-16 06:08:32 [warning  ] e1_column_missing              column=fdm_g_sin_gamma_ms2
2026-05-16 06:08:32 [warning  ] e1_column_missing              column=fdm_cos_gamma
2026-05-16 06:08:32 [warning  ] e1_column_missing              column=fdm_q_pa
2026-05-16 06:08:32 [warning  ] e1_column_missing              column=fdm_g_over_v
2026-05-16 06:08:32 [warning  ] e1_column_missing              column=fdm_lat_wind_ms
2026-05-16 06:08:32 [warning  ] e1_column_missing              column=fdm_drift_rad
2026-05-16 06:08:32 [warning  ] e1_column_missing              column=fdm_track_rad
2026-05-16 06:08:32 [warning  ] e1_column_missing              column=fdm_heading_diff_rad
2026-05-16 06:08:37 [warning  ] e1_column_missing              column=fdm_g_sin_gamma_ms2
2026-05-16 06:08:37 [warning  ] e1_column_missing              column=fdm_cos_gamma
2026-05-16 06:08:37 [warning  ] e1_column_missing              column=fdm_q_pa
2026-05-16 06:08:37 [warning  ] e1_column_missing              column=fdm_g_over_v
2026-05-16 06:08:37 [warning  ] e1_column_missing              column=fdm_lat_wind_ms
2026-05-16 06:08:37 [warning  ] e1_column_missing              column=fdm_drift_rad
2026-05-16 06:08:37 [warning  ] e1_column_missing              column=fdm_track_rad
2026-05-16 06:08:37 [warning  ] e1_column_missing              column=fdm_heading_diff_rad
2026-05-16 06:08:38 [info     ] data_loaded                    train_samples=48117 val_samples=7518
2026-05-16 06:08:58 [debug    ] meta_saved                     path=data/models/seq_30_seed0/meta.json
2026-05-16 06:08:58 [info     ] trainer_initialized            architecture=node_adsb_v1 device=cuda train_samples=48117 val_samples=7518
2026-05-16 06:08:58 [info     ] preloading_data_to_gpu
2026-05-16 06:08:58 [debug    ] epoch_start                    epoch=1 total_epochs=50
/data/common/dataiku/config/projects/NODEFDM/lib/python/.venv/lib/python3.12/site-packages/torch/_inductor/compile_fx.py:321: UserWarning: TensorFloat32 tensor cores for float32 matrix multiplication available but not enabled. Consider setting `torch.set_float32_matmul_precision('high')` for better performance.
  warnings.warn(
2026-05-16 06:09:21 [info     ] debug_magnitudes               norm_mean=['8427.359375', '-0.000899', '211.646118', '3.252943'] norm_std=['2287.523926', '0.040447', '34.116577', '1.247240'] ode_loss=0.351739
2026-05-16 06:09:34 [warning  ] nan_or_inf_loss                loss=nan
W0516 06:16:32.741000 456694 torch/_dynamo/convert_frame.py:1676] [0/8] torch._dynamo hit config.recompile_limit (8)
W0516 06:16:32.741000 456694 torch/_dynamo/convert_frame.py:1676] [0/8]    function: 'forward' (/data/common/dataiku/config/projects/NODEFDM/lib/python/packages/node-fdm/src/node_fdm/models/fdm.py:181)
W0516 06:16:32.741000 456694 torch/_dynamo/convert_frame.py:1676] [0/8]    last reason: 0/7: tensor 'self.history['raw_alt_m']' size mismatch at index 1. expected 1, actual 2
W0516 06:16:32.741000 456694 torch/_dynamo/convert_frame.py:1676] [0/8] To log all recompilation reasons, use TORCH_LOGS="recompiles".
W0516 06:16:32.741000 456694 torch/_dynamo/convert_frame.py:1676] [0/8] To diagnose recompilation issues, see https://pytorch.org/docs/main/compile/programming_model.recompilation.html
2026-05-16 06:16:33 [debug    ] meta_saved                     path=data/models/seq_30_seed0/meta.json
2026-05-16 06:16:33 [debug    ] model_saved                    epoch=1
2026-05-16 06:16:33 [info     ] epoch_complete                 epoch=1 is_best=True lr=0.00020800000000000123 total_epochs=50 train_loss=nan val_loss=0.04176
2026-05-16 06:16:33 [debug    ] epoch_start                    epoch=2 total_epochs=50
2026-05-16 06:18:41 [warning  ] nan_or_inf_loss                loss=nan
2026-05-16 06:22:44 [debug    ] meta_saved                     path=data/models/seq_30_seed0/meta.json
2026-05-16 06:22:44 [debug    ] model_saved                    epoch=2
2026-05-16 06:22:44 [info     ] epoch_complete                 epoch=2 is_best=True lr=0.0004060000000000046 total_epochs=50 train_loss=nan val_loss=0.029615
2026-05-16 06:22:44 [debug    ] epoch_start                    epoch=3 total_epochs=50
2026-05-16 06:24:32 [warning  ] nan_or_inf_loss                loss=nan
2026-05-16 06:28:51 [debug    ] meta_saved                     path=data/models/seq_30_seed0/meta.json
2026-05-16 06:28:51 [debug    ] model_saved                    epoch=3
2026-05-16 06:28:51 [info     ] epoch_complete                 epoch=3 is_best=True lr=0.0006040000000000097 total_epochs=50 train_loss=nan val_loss=0.027987
2026-05-16 06:28:51 [debug    ] epoch_start                    epoch=4 total_epochs=50
2026-05-16 06:34:40 [warning  ] nan_or_inf_loss                loss=nan
2026-05-16 06:34:54 [debug    ] meta_saved                     path=data/models/seq_30_seed0/meta.json
2026-05-16 06:34:54 [debug    ] model_saved                    epoch=4
2026-05-16 06:34:54 [info     ] epoch_complete                 epoch=4 is_best=True lr=0.0008020000000000093 total_epochs=50 train_loss=nan val_loss=0.026263
2026-05-16 06:34:54 [debug    ] epoch_start                    epoch=5 total_epochs=50
2026-05-16 06:35:09 [warning  ] nan_or_inf_loss                loss=nan
2026-05-16 06:41:01 [debug    ] meta_saved                     path=data/models/seq_30_seed0/meta.json
2026-05-16 06:41:01 [debug    ] model_saved                    epoch=5
2026-05-16 06:41:01 [info     ] epoch_complete                 epoch=5 is_best=True lr=0.001 total_epochs=50 train_loss=nan val_loss=0.025516
2026-05-16 06:41:01 [debug    ] epoch_start                    epoch=6 total_epochs=50
2026-05-16 06:45:56 [warning  ] nan_or_inf_loss                loss=nan
2026-05-16 06:47:01 [debug    ] meta_saved                     path=data/models/seq_30_seed0/meta.json
2026-05-16 06:47:01 [debug    ] model_saved                    epoch=6
2026-05-16 06:47:01 [info     ] epoch_complete                 epoch=6 is_best=True lr=0.0009779999999999641 total_epochs=50 train_loss=nan val_loss=0.025083
2026-05-16 06:47:01 [debug    ] epoch_start                    epoch=7 total_epochs=50
2026-05-16 06:50:15 [warning  ] nan_or_inf_loss                loss=nan
2026-05-16 06:52:56 [info     ] epoch_complete                 epoch=7 is_best=False lr=0.0009559999999999605 total_epochs=50 train_loss=nan val_loss=0.025788
2026-05-16 06:52:56 [debug    ] epoch_start                    epoch=8 total_epochs=50
2026-05-16 06:57:01 [warning  ] nan_or_inf_loss                loss=nan
2026-05-16 06:58:46 [debug    ] meta_saved                     path=data/models/seq_30_seed0/meta.json
2026-05-16 06:58:46 [debug    ] model_saved                    epoch=8
2026-05-16 06:58:46 [info     ] epoch_complete                 epoch=8 is_best=True lr=0.0009339999999999578 total_epochs=50 train_loss=nan val_loss=0.024285
2026-05-16 06:58:46 [debug    ] epoch_start                    epoch=9 total_epochs=50
2026-05-16 07:01:20 [warning  ] nan_or_inf_loss                loss=nan
2026-05-16 07:04:38 [info     ] epoch_complete                 epoch=9 is_best=False lr=0.0009119999999999566 total_epochs=50 train_loss=nan val_loss=0.024537
2026-05-16 07:04:38 [debug    ] epoch_start                    epoch=10 total_epochs=50
2026-05-16 07:05:31 [warning  ] nan_or_inf_loss                loss=nan
2026-05-16 07:10:28 [debug    ] meta_saved                     path=data/models/seq_30_seed0/meta.json
2026-05-16 07:10:28 [debug    ] model_saved                    epoch=10
2026-05-16 07:10:28 [info     ] epoch_complete                 epoch=10 is_best=True lr=0.000889999999999957 total_epochs=50 train_loss=nan val_loss=0.023964
2026-05-16 07:10:28 [debug    ] epoch_start                    epoch=11 total_epochs=50
2026-05-16 07:11:31 [warning  ] nan_or_inf_loss                loss=nan
2026-05-16 07:16:20 [info     ] epoch_complete                 epoch=11 is_best=False lr=0.0008679999999999566 total_epochs=50 train_loss=nan val_loss=0.024464
2026-05-16 07:16:20 [debug    ] epoch_start                    epoch=12 total_epochs=50
2026-05-16 07:17:20 [warning  ] nan_or_inf_loss                loss=nan
2026-05-16 07:22:10 [debug    ] meta_saved                     path=data/models/seq_30_seed0/meta.json
2026-05-16 07:22:10 [debug    ] model_saved                    epoch=12
2026-05-16 07:22:10 [info     ] epoch_complete                 epoch=12 is_best=True lr=0.0008459999999999577 total_epochs=50 train_loss=nan val_loss=0.023612
2026-05-16 07:22:10 [debug    ] epoch_start                    epoch=13 total_epochs=50
2026-05-16 07:24:00 [warning  ] nan_or_inf_loss                loss=nan
2026-05-16 07:28:02 [info     ] epoch_complete                 epoch=13 is_best=False lr=0.0008239999999999574 total_epochs=50 train_loss=nan val_loss=0.024049
2026-05-16 07:28:02 [debug    ] epoch_start                    epoch=14 total_epochs=50
2026-05-16 07:29:04 [warning  ] nan_or_inf_loss                loss=nan
2026-05-16 07:33:52 [debug    ] meta_saved                     path=data/models/seq_30_seed0/meta.json
2026-05-16 07:33:52 [debug    ] model_saved                    epoch=14
2026-05-16 07:33:52 [info     ] epoch_complete                 epoch=14 is_best=True lr=0.0008019999999999602 total_epochs=50 train_loss=nan val_loss=0.023535
2026-05-16 07:33:52 [debug    ] epoch_start                    epoch=15 total_epochs=50
2026-05-16 07:39:06 [warning  ] nan_or_inf_loss                loss=nan
2026-05-16 07:39:44 [debug    ] meta_saved                     path=data/models/seq_30_seed0/meta.json
2026-05-16 07:39:44 [debug    ] model_saved                    epoch=15
2026-05-16 07:39:44 [info     ] epoch_complete                 epoch=15 is_best=True lr=0.0007799999999999617 total_epochs=50 train_loss=nan val_loss=0.023518
2026-05-16 07:39:44 [debug    ] epoch_start                    epoch=16 total_epochs=50
2026-05-16 07:40:14 [warning  ] nan_or_inf_loss                loss=nan
2026-05-16 07:45:36 [info     ] epoch_complete                 epoch=16 is_best=False lr=0.000757999999999961 total_epochs=50 train_loss=nan val_loss=0.023581
2026-05-16 07:45:36 [debug    ] epoch_start                    epoch=17 total_epochs=50
2026-05-16 07:49:18 [warning  ] nan_or_inf_loss                loss=nan
2026-05-16 07:51:28 [debug    ] meta_saved                     path=data/models/seq_30_seed0/meta.json
2026-05-16 07:51:28 [debug    ] model_saved                    epoch=17
2026-05-16 07:51:28 [info     ] epoch_complete                 epoch=17 is_best=True lr=0.0007359999999999604 total_epochs=50 train_loss=nan val_loss=0.023032
2026-05-16 07:51:28 [debug    ] epoch_start                    epoch=18 total_epochs=50
2026-05-16 07:57:13 [warning  ] nan_or_inf_loss                loss=nan
2026-05-16 07:57:19 [info     ] epoch_complete                 epoch=18 is_best=False lr=0.0007139999999999597 total_epochs=50 train_loss=nan val_loss=0.023217
2026-05-16 07:57:19 [debug    ] epoch_start                    epoch=19 total_epochs=50
2026-05-16 08:02:15 [warning  ] nan_or_inf_loss                loss=nan
2026-05-16 08:03:11 [info     ] epoch_complete                 epoch=19 is_best=False lr=0.0006919999999999592 total_epochs=50 train_loss=nan val_loss=0.023825
2026-05-16 08:03:11 [debug    ] epoch_start                    epoch=20 total_epochs=50
2026-05-16 08:07:50 [warning  ] nan_or_inf_loss                loss=nan
2026-05-16 08:09:02 [info     ] epoch_complete                 epoch=20 is_best=False lr=0.000669999999999957 total_epochs=50 train_loss=nan val_loss=0.02354
2026-05-16 08:09:02 [debug    ] epoch_start                    epoch=21 total_epochs=50
2026-05-16 08:10:29 [warning  ] nan_or_inf_loss                loss=nan
2026-05-16 08:14:54 [info     ] epoch_complete                 epoch=21 is_best=False lr=0.0006479999999999561 total_epochs=50 train_loss=nan val_loss=0.023044
2026-05-16 08:14:54 [debug    ] epoch_start                    epoch=22 total_epochs=50
2026-05-16 08:18:10 [warning  ] nan_or_inf_loss                loss=nan
2026-05-16 08:20:45 [debug    ] meta_saved                     path=data/models/seq_30_seed0/meta.json
2026-05-16 08:20:45 [debug    ] model_saved                    epoch=22
2026-05-16 08:20:45 [info     ] epoch_complete                 epoch=22 is_best=True lr=0.0006259999999999549 total_epochs=50 train_loss=nan val_loss=0.022858
2026-05-16 08:20:45 [debug    ] epoch_start                    epoch=23 total_epochs=50
2026-05-16 08:22:00 [warning  ] nan_or_inf_loss                loss=nan
2026-05-16 08:26:35 [info     ] epoch_complete                 epoch=23 is_best=False lr=0.0006039999999999555 total_epochs=50 train_loss=nan val_loss=0.02353
2026-05-16 08:26:35 [debug    ] epoch_start                    epoch=24 total_epochs=50
2026-05-16 08:30:48 [warning  ] nan_or_inf_loss                loss=nan
2026-05-16 08:32:26 [info     ] epoch_complete                 epoch=24 is_best=False lr=0.0005819999999999556 total_epochs=50 train_loss=nan val_loss=0.023136
2026-05-16 08:32:26 [debug    ] epoch_start                    epoch=25 total_epochs=50
2026-05-16 08:37:30 [warning  ] nan_or_inf_loss                loss=nan
2026-05-16 08:38:17 [debug    ] meta_saved                     path=data/models/seq_30_seed0/meta.json
2026-05-16 08:38:17 [debug    ] model_saved                    epoch=25
2026-05-16 08:38:17 [info     ] epoch_complete                 epoch=25 is_best=True lr=0.000559999999999953 total_epochs=50 train_loss=nan val_loss=0.022714
2026-05-16 08:38:17 [debug    ] epoch_start                    epoch=26 total_epochs=50
2026-05-16 08:43:15 [warning  ] nan_or_inf_loss                loss=nan
2026-05-16 08:44:08 [info     ] epoch_complete                 epoch=26 is_best=False lr=0.0005379999999999528 total_epochs=50 train_loss=nan val_loss=0.022981
2026-05-16 08:44:08 [debug    ] epoch_start                    epoch=27 total_epochs=50
2026-05-16 08:44:41 [warning  ] nan_or_inf_loss                loss=nan
2026-05-16 08:49:59 [info     ] epoch_complete                 epoch=27 is_best=False lr=0.0005159999999999556 total_epochs=50 train_loss=nan val_loss=0.023232
2026-05-16 08:49:59 [debug    ] epoch_start                    epoch=28 total_epochs=50
2026-05-16 08:50:04 [warning  ] nan_or_inf_loss                loss=nan
2026-05-16 08:55:49 [info     ] epoch_complete                 epoch=28 is_best=False lr=0.0004939999999999543 total_epochs=50 train_loss=nan val_loss=0.023143
2026-05-16 08:55:49 [debug    ] epoch_start                    epoch=29 total_epochs=50
2026-05-16 08:57:58 [warning  ] nan_or_inf_loss                loss=nan
2026-05-16 09:01:41 [info     ] epoch_complete                 epoch=29 is_best=False lr=0.00047199999999995607 total_epochs=50 train_loss=nan val_loss=0.022754
2026-05-16 09:01:41 [debug    ] epoch_start                    epoch=30 total_epochs=50
2026-05-16 09:07:20 [warning  ] nan_or_inf_loss                loss=nan
2026-05-16 09:07:31 [debug    ] meta_saved                     path=data/models/seq_30_seed0/meta.json
2026-05-16 09:07:31 [debug    ] model_saved                    epoch=30
2026-05-16 09:07:31 [info     ] epoch_complete                 epoch=30 is_best=True lr=0.00044999999999995944 total_epochs=50 train_loss=nan val_loss=0.022362
2026-05-16 09:07:31 [debug    ] epoch_start                    epoch=31 total_epochs=50
2026-05-16 09:07:36 [warning  ] nan_or_inf_loss                loss=nan
2026-05-16 09:13:22 [info     ] epoch_complete                 epoch=31 is_best=False lr=0.00042799999999996313 total_epochs=50 train_loss=nan val_loss=0.025272
2026-05-16 09:13:22 [debug    ] epoch_start                    epoch=32 total_epochs=50
2026-05-16 09:15:35 [warning  ] nan_or_inf_loss                loss=nan
2026-05-16 09:19:13 [info     ] epoch_complete                 epoch=32 is_best=False lr=0.00040599999999996786 total_epochs=50 train_loss=nan val_loss=0.022641
2026-05-16 09:19:13 [debug    ] epoch_start                    epoch=33 total_epochs=50
2026-05-16 09:22:29 [warning  ] nan_or_inf_loss                loss=nan
2026-05-16 09:25:03 [info     ] epoch_complete                 epoch=33 is_best=False lr=0.00038399999999997274 total_epochs=50 train_loss=nan val_loss=0.022657
2026-05-16 09:25:03 [debug    ] epoch_start                    epoch=34 total_epochs=50
2026-05-16 09:29:58 [warning  ] nan_or_inf_loss                loss=nan
2026-05-16 09:30:53 [info     ] epoch_complete                 epoch=34 is_best=False lr=0.00036199999999997763 total_epochs=50 train_loss=nan val_loss=0.022772
2026-05-16 09:30:53 [debug    ] epoch_start                    epoch=35 total_epochs=50
2026-05-16 09:36:18 [warning  ] nan_or_inf_loss                loss=nan
2026-05-16 09:36:42 [debug    ] meta_saved                     path=data/models/seq_30_seed0/meta.json
2026-05-16 09:36:42 [debug    ] model_saved                    epoch=35
2026-05-16 09:36:42 [info     ] epoch_complete                 epoch=35 is_best=True lr=0.0003399999999999825 total_epochs=50 train_loss=nan val_loss=0.022337
2026-05-16 09:36:42 [debug    ] epoch_start                    epoch=36 total_epochs=50
2026-05-16 09:40:57 [warning  ] nan_or_inf_loss                loss=nan
2026-05-16 09:42:32 [info     ] epoch_complete                 epoch=36 is_best=False lr=0.0003179999999999874 total_epochs=50 train_loss=nan val_loss=0.022626
2026-05-16 09:42:32 [debug    ] epoch_start                    epoch=37 total_epochs=50
2026-05-16 09:43:36 [warning  ] nan_or_inf_loss                loss=nan
2026-05-16 09:48:22 [info     ] epoch_complete                 epoch=37 is_best=False lr=0.0002959999999999923 total_epochs=50 train_loss=nan val_loss=0.022445
2026-05-16 09:48:22 [debug    ] epoch_start                    epoch=38 total_epochs=50
2026-05-16 09:52:09 [warning  ] nan_or_inf_loss                loss=nan
2026-05-16 09:54:12 [info     ] epoch_complete                 epoch=38 is_best=False lr=0.0002739999999999972 total_epochs=50 train_loss=nan val_loss=0.02275
2026-05-16 09:54:12 [debug    ] epoch_start                    epoch=39 total_epochs=50
2026-05-16 09:55:19 [warning  ] nan_or_inf_loss                loss=nan
2026-05-16 10:00:03 [info     ] epoch_complete                 epoch=39 is_best=False lr=0.00025200000000000206 total_epochs=50 train_loss=nan val_loss=0.022515
2026-05-16 10:00:03 [debug    ] epoch_start                    epoch=40 total_epochs=50
2026-05-16 10:04:15 [warning  ] nan_or_inf_loss                loss=nan
2026-05-16 10:05:53 [debug    ] meta_saved                     path=data/models/seq_30_seed0/meta.json
2026-05-16 10:05:53 [debug    ] model_saved                    epoch=40
2026-05-16 10:05:53 [info     ] epoch_complete                 epoch=40 is_best=True lr=0.00023000000000000348 total_epochs=50 train_loss=nan val_loss=0.022282
2026-05-16 10:05:53 [debug    ] epoch_start                    epoch=41 total_epochs=50
2026-05-16 10:05:54 [warning  ] nan_or_inf_loss                loss=nan
2026-05-16 10:11:43 [info     ] epoch_complete                 epoch=41 is_best=False lr=0.00020800000000000357 total_epochs=50 train_loss=nan val_loss=0.022289
2026-05-16 10:11:43 [debug    ] epoch_start                    epoch=42 total_epochs=50
2026-05-16 10:12:11 [warning  ] nan_or_inf_loss                loss=nan
2026-05-16 10:17:34 [info     ] epoch_complete                 epoch=42 is_best=False lr=0.00018600000000000447 total_epochs=50 train_loss=nan val_loss=0.022304
2026-05-16 10:17:34 [debug    ] epoch_start                    epoch=43 total_epochs=50
2026-05-16 10:18:20 [warning  ] nan_or_inf_loss                loss=nan
2026-05-16 10:23:24 [debug    ] meta_saved                     path=data/models/seq_30_seed0/meta.json
2026-05-16 10:23:24 [debug    ] model_saved                    epoch=43
2026-05-16 10:23:24 [info     ] epoch_complete                 epoch=43 is_best=True lr=0.00016400000000000613 total_epochs=50 train_loss=nan val_loss=0.022206
2026-05-16 10:23:24 [debug    ] epoch_start                    epoch=44 total_epochs=50
2026-05-16 10:26:47 [warning  ] nan_or_inf_loss                loss=nan
2026-05-16 10:29:14 [info     ] epoch_complete                 epoch=44 is_best=False lr=0.00014200000000000754 total_epochs=50 train_loss=nan val_loss=0.022239
2026-05-16 10:29:14 [debug    ] epoch_start                    epoch=45 total_epochs=50
2026-05-16 10:34:26 [warning  ] nan_or_inf_loss                loss=nan
2026-05-16 10:35:03 [debug    ] meta_saved                     path=data/models/seq_30_seed0/meta.json
2026-05-16 10:35:03 [debug    ] model_saved                    epoch=45
2026-05-16 10:35:03 [info     ] epoch_complete                 epoch=45 is_best=True lr=0.00012000000000000895 total_epochs=50 train_loss=nan val_loss=0.022197
2026-05-16 10:35:03 [debug    ] epoch_start                    epoch=46 total_epochs=50
2026-05-16 10:36:53 [warning  ] nan_or_inf_loss                loss=nan
2026-05-16 10:40:51 [debug    ] meta_saved                     path=data/models/seq_30_seed0/meta.json
2026-05-16 10:40:51 [debug    ] model_saved                    epoch=46
2026-05-16 10:40:51 [info     ] epoch_complete                 epoch=46 is_best=True lr=9.800000000000715e-05 total_epochs=50 train_loss=nan val_loss=0.022113
2026-05-16 10:40:51 [debug    ] epoch_start                    epoch=47 total_epochs=50
2026-05-16 10:43:30 [warning  ] nan_or_inf_loss                loss=nan
2026-05-16 10:46:38 [info     ] epoch_complete                 epoch=47 is_best=False lr=7.600000000000502e-05 total_epochs=50 train_loss=nan val_loss=0.022141
2026-05-16 10:46:38 [debug    ] epoch_start                    epoch=48 total_epochs=50
2026-05-16 10:48:16 [warning  ] nan_or_inf_loss                loss=nan
2026-05-16 10:52:23 [debug    ] meta_saved                     path=data/models/seq_30_seed0/meta.json
2026-05-16 10:52:23 [debug    ] model_saved                    epoch=48
2026-05-16 10:52:23 [info     ] epoch_complete                 epoch=48 is_best=True lr=5.4000000000003054e-05 total_epochs=50 train_loss=nan val_loss=0.022078
2026-05-16 10:52:23 [debug    ] epoch_start                    epoch=49 total_epochs=50
2026-05-16 10:56:57 [warning  ] nan_or_inf_loss                loss=nan
2026-05-16 10:58:08 [info     ] epoch_complete                 epoch=49 is_best=False lr=3.2000000000002384e-05 total_epochs=50 train_loss=nan val_loss=0.022089
2026-05-16 10:58:08 [debug    ] epoch_start                    epoch=50 total_epochs=50
2026-05-16 11:00:58 [warning  ] nan_or_inf_loss                loss=nan
2026-05-16 11:03:55 [debug    ] meta_saved                     path=data/models/seq_30_seed0/meta.json
2026-05-16 11:03:55 [debug    ] model_saved                    epoch=50
2026-05-16 11:03:55 [info     ] epoch_complete                 epoch=50 is_best=True lr=1.0000000000000765e-05 total_epochs=50 train_loss=nan val_loss=0.02204
2026-05-16 11:03:55 [info     ] training_log_saved             path=data/models/seq_30_seed0/training_losses.csv
2026-05-16 11:03:55 [info     ] training_complete              best_val_loss=0.02204
2026-05-16 11:03:55 [info     ] train_typecode_done            typecode=A320
2026-05-16 11:03:56 [info     ] train_done                     typecodes=['A320']

$ uv run fdm train --arch adsb --config results_run2/seq_30_seed0/config.yaml --model-name seq_30_seed0 --epochs 50 --batch-size 64 --lr 0.001 --method rk4 --seq-len 30 --train-limit 5000 --activation relu --seed 0 --backbone-depth 3 --head-depth 2 --hidden-width 48 --device cuda --no-use-mode-weights
