2026-05-16 20:02:35 [info     ] evaluate_start                 arch=adsb typecodes=['A320']
2026-05-16 20:02:35 [info     ] evaluate_typecode              flights=542 typecode=A320
2026-05-16 20:02:47 [info     ] evaluate_done                  output=data/model_performance/act_gelu_seed2/performance.parquet rows=16
shape: (16, 11)
┌──────────┬─────────────────────────┬──────────────┬───────┬─────────┬──────────┬──────────┬──────────┬─────────┬──────────┬────────┐
│ Aircraft ┆ Variable                ┆ Phase        ┆ Model ┆ MAE     ┆ MAE_std  ┆ MAPE (%) ┆ MAPE_std ┆ ME      ┆ ME_std   ┆ Count  │
│ ---      ┆ ---                     ┆ ---          ┆ ---   ┆ ---     ┆ ---      ┆ ---      ┆ ---      ┆ ---     ┆ ---      ┆ ---    │
│ str      ┆ str                     ┆ str          ┆ str   ┆ f64     ┆ f64      ┆ f64      ┆ f64      ┆ f64     ┆ f64      ┆ i64    │
╞══════════╪═════════════════════════╪══════════════╪═══════╪═════════╪══════════╪══════════╪══════════╪═════════╪══════════╪════════╡
│ A320     ┆ Altitude [m]            ┆ All phases   ┆ PRED  ┆ 249.596 ┆ 619.689  ┆ 5.459    ┆ 19.535   ┆ 124.495 ┆ 656.364  ┆ 478843 │
│ A320     ┆ Altitude [m]            ┆ Climb        ┆ PRED  ┆ 802.687 ┆ 1109.451 ┆ 18.115   ┆ 38.665   ┆ 635.820 ┆ 1212.815 ┆ 90018  │
│ A320     ┆ Altitude [m]            ┆ Level flight ┆ PRED  ┆ 58.285  ┆ 186.588  ┆ 0.783    ┆ 5.419    ┆ -2.597  ┆ 195.462  ┆ 296839 │
│ A320     ┆ Altitude [m]            ┆ Descent      ┆ PRED  ┆ 325.700 ┆ 508.789  ┆ 8.162    ┆ 13.936   ┆ 34.238  ┆ 603.137  ┆ 91986  │
│ A320     ┆ Flight path angle [deg] ┆ All phases   ┆ PRED  ┆ 0.280   ┆ 0.618    ┆ NaN      ┆ NaN      ┆ -0.060  ┆ 0.676    ┆ 478843 │
│ A320     ┆ Flight path angle [deg] ┆ Climb        ┆ PRED  ┆ 0.719   ┆ 0.976    ┆ NaN      ┆ NaN      ┆ -0.408  ┆ 1.142    ┆ 90018  │
│ A320     ┆ Flight path angle [deg] ┆ Level flight ┆ PRED  ┆ 0.074   ┆ 0.253    ┆ NaN      ┆ NaN      ┆ -0.010  ┆ 0.263    ┆ 296839 │
│ A320     ┆ Flight path angle [deg] ┆ Descent      ┆ PRED  ┆ 0.516   ┆ 0.687    ┆ NaN      ┆ NaN      ┆ 0.116   ┆ 0.851    ┆ 91986  │
│ A320     ┆ Heading [deg]           ┆ All phases   ┆ PRED  ┆ 1.740   ┆ 6.926    ┆ NaN      ┆ NaN      ┆ 0.241   ┆ 7.137    ┆ 478843 │
│ A320     ┆ Heading [deg]           ┆ Climb        ┆ PRED  ┆ 2.353   ┆ 8.426    ┆ NaN      ┆ NaN      ┆ -0.031  ┆ 8.749    ┆ 90018  │
│ A320     ┆ Heading [deg]           ┆ Level flight ┆ PRED  ┆ 1.343   ┆ 5.921    ┆ NaN      ┆ NaN      ┆ 0.306   ┆ 6.064    ┆ 296839 │
│ A320     ┆ Heading [deg]           ┆ Descent      ┆ PRED  ┆ 2.419   ┆ 8.108    ┆ NaN      ┆ NaN      ┆ 0.297   ┆ 8.456    ┆ 91986  │
│ A320     ┆ True airspeed [m/s]     ┆ All phases   ┆ PRED  ┆ 2.999   ┆ 7.850    ┆ 1.724    ┆ 6.148    ┆ 0.551   ┆ 8.386    ┆ 478843 │
│ A320     ┆ True airspeed [m/s]     ┆ Climb        ┆ PRED  ┆ 5.968   ┆ 14.358   ┆ 3.734    ┆ 10.949   ┆ 2.669   ┆ 15.318   ┆ 90018  │
│ A320     ┆ True airspeed [m/s]     ┆ Level flight ┆ PRED  ┆ 1.842   ┆ 4.305    ┆ 0.934    ┆ 4.182    ┆ 0.176   ┆ 4.680    ┆ 296839 │
│ A320     ┆ True airspeed [m/s]     ┆ Descent      ┆ PRED  ┆ 3.828   ┆ 6.755    ┆ 2.306    ┆ 4.085    ┆ -0.310  ┆ 7.758    ┆ 91986  │
└──────────┴─────────────────────────┴──────────────┴───────┴─────────┴──────────┴──────────┴──────────┴─────────┴──────────┴────────┘

$ uv run fdm evaluate --arch adsb --config results_run2/act_gelu_seed2/config.yaml --model-name act_gelu_seed2
