2026-05-19 03:05:05 [info     ] evaluate_start                 arch=adsb typecodes=['A320']
2026-05-19 03:05:05 [info     ] evaluate_typecode              flights=542 typecode=A320
2026-05-19 03:05:17 [info     ] evaluate_done                  output=data/model_performance/bs_64_seed2/performance.parquet rows=16
shape: (16, 11)
┌──────────┬─────────────────────────┬──────────────┬───────┬─────────┬──────────┬──────────┬──────────┬─────────┬──────────┬────────┐
│ Aircraft ┆ Variable                ┆ Phase        ┆ Model ┆ MAE     ┆ MAE_std  ┆ MAPE (%) ┆ MAPE_std ┆ ME      ┆ ME_std   ┆ Count  │
│ ---      ┆ ---                     ┆ ---          ┆ ---   ┆ ---     ┆ ---      ┆ ---      ┆ ---      ┆ ---     ┆ ---      ┆ ---    │
│ str      ┆ str                     ┆ str          ┆ str   ┆ f64     ┆ f64      ┆ f64      ┆ f64      ┆ f64     ┆ f64      ┆ i64    │
╞══════════╪═════════════════════════╪══════════════╪═══════╪═════════╪══════════╪══════════╪══════════╪═════════╪══════════╪════════╡
│ A320     ┆ Altitude [m]            ┆ All phases   ┆ PRED  ┆ 259.796 ┆ 624.643  ┆ 5.584    ┆ 19.590   ┆ 126.044 ┆ 664.669  ┆ 478843 │
│ A320     ┆ Altitude [m]            ┆ Climb        ┆ PRED  ┆ 840.467 ┆ 1132.694 ┆ 18.837   ┆ 38.906   ┆ 671.972 ┆ 1240.094 ┆ 90018  │
│ A320     ┆ Altitude [m]            ┆ Level flight ┆ PRED  ┆ 69.819  ┆ 196.685  ┆ 0.900    ┆ 5.607    ┆ -17.743 ┆ 207.954  ┆ 296839 │
│ A320     ┆ Altitude [m]            ┆ Descent      ┆ PRED  ┆ 304.605 ┆ 449.770  ┆ 7.731    ┆ 12.952   ┆ 55.799  ┆ 540.337  ┆ 91986  │
│ A320     ┆ Flight path angle [deg] ┆ All phases   ┆ PRED  ┆ 0.270   ┆ 0.604    ┆ NaN      ┆ NaN      ┆ -0.064  ┆ 0.659    ┆ 478843 │
│ A320     ┆ Flight path angle [deg] ┆ Climb        ┆ PRED  ┆ 0.721   ┆ 0.976    ┆ NaN      ┆ NaN      ┆ -0.425  ┆ 1.136    ┆ 90018  │
│ A320     ┆ Flight path angle [deg] ┆ Level flight ┆ PRED  ┆ 0.072   ┆ 0.241    ┆ NaN      ┆ NaN      ┆ -0.009  ┆ 0.252    ┆ 296839 │
│ A320     ┆ Flight path angle [deg] ┆ Descent      ┆ PRED  ┆ 0.470   ┆ 0.645    ┆ NaN      ┆ NaN      ┆ 0.111   ┆ 0.790    ┆ 91986  │
│ A320     ┆ Heading [deg]           ┆ All phases   ┆ PRED  ┆ 1.620   ┆ 8.273    ┆ NaN      ┆ NaN      ┆ 0.040   ┆ 8.430    ┆ 478843 │
│ A320     ┆ Heading [deg]           ┆ Climb        ┆ PRED  ┆ 2.766   ┆ 12.708   ┆ NaN      ┆ NaN      ┆ -0.493  ┆ 12.996   ┆ 90018  │
│ A320     ┆ Heading [deg]           ┆ Level flight ┆ PRED  ┆ 1.118   ┆ 6.306    ┆ NaN      ┆ NaN      ┆ 0.194   ┆ 6.401    ┆ 296839 │
│ A320     ┆ Heading [deg]           ┆ Descent      ┆ PRED  ┆ 2.119   ┆ 8.220    ┆ NaN      ┆ NaN      ┆ 0.067   ┆ 8.488    ┆ 91986  │
│ A320     ┆ True airspeed [m/s]     ┆ All phases   ┆ PRED  ┆ 3.320   ┆ 8.184    ┆ 1.850    ┆ 6.258    ┆ 1.035   ┆ 8.771    ┆ 478843 │
│ A320     ┆ True airspeed [m/s]     ┆ Climb        ┆ PRED  ┆ 6.065   ┆ 14.929   ┆ 3.794    ┆ 11.477   ┆ 3.400   ┆ 15.751   ┆ 90018  │
│ A320     ┆ True airspeed [m/s]     ┆ Level flight ┆ PRED  ┆ 2.312   ┆ 4.692    ┆ 1.110    ┆ 3.989    ┆ 0.772   ┆ 5.174    ┆ 296839 │
│ A320     ┆ True airspeed [m/s]     ┆ Descent      ┆ PRED  ┆ 3.887   ┆ 6.969    ┆ 2.333    ┆ 4.227    ┆ -0.430  ┆ 7.968    ┆ 91986  │
└──────────┴─────────────────────────┴──────────────┴───────┴─────────┴──────────┴──────────┴──────────┴─────────┴──────────┴────────┘

$ uv run fdm evaluate --arch adsb --config results_run3/bs_64_seed2/config.yaml --model-name bs_64_seed2
