2026-05-18 20:15:03 [info     ] train_start                    arch=adsb device=cuda typecodes=['A320']
2026-05-18 20:15:03 [info     ] train_typecode                 typecode=A320
2026-05-18 20:15:03 [info     ] loading_data                   train_flights=1594 val_flights=247
2026-05-18 20:15:03 [warning  ] e1_column_missing              column=fdm_g_sin_gamma_ms2
2026-05-18 20:15:03 [warning  ] e1_column_missing              column=fdm_cos_gamma
2026-05-18 20:15:03 [warning  ] e1_column_missing              column=fdm_q_pa
2026-05-18 20:15:03 [warning  ] e1_column_missing              column=fdm_g_over_v
2026-05-18 20:15:03 [warning  ] e1_column_missing              column=fdm_lat_wind_ms
2026-05-18 20:15:03 [warning  ] e1_column_missing              column=fdm_drift_rad
2026-05-18 20:15:03 [warning  ] e1_column_missing              column=fdm_track_rad
2026-05-18 20:15:03 [warning  ] e1_column_missing              column=fdm_heading_diff_rad
2026-05-18 20:15:09 [warning  ] e1_column_missing              column=fdm_g_sin_gamma_ms2
2026-05-18 20:15:09 [warning  ] e1_column_missing              column=fdm_cos_gamma
2026-05-18 20:15:09 [warning  ] e1_column_missing              column=fdm_q_pa
2026-05-18 20:15:09 [warning  ] e1_column_missing              column=fdm_g_over_v
2026-05-18 20:15:09 [warning  ] e1_column_missing              column=fdm_lat_wind_ms
2026-05-18 20:15:09 [warning  ] e1_column_missing              column=fdm_drift_rad
2026-05-18 20:15:09 [warning  ] e1_column_missing              column=fdm_track_rad
2026-05-18 20:15:09 [warning  ] e1_column_missing              column=fdm_heading_diff_rad
2026-05-18 20:15:09 [info     ] data_loaded                    train_samples=48117 val_samples=7518
2026-05-18 20:15:29 [debug    ] meta_saved                     path=data/models/bs_64_seed2/meta.json
2026-05-18 20:15:29 [info     ] trainer_initialized            architecture=node_adsb_v1 device=cuda train_samples=48117 val_samples=7518
2026-05-18 20:15:29 [info     ] preloading_data_to_gpu
2026-05-18 20:15:29 [debug    ] epoch_start                    epoch=1 total_epochs=50
/data/common/dataiku/config/projects/NODEFDM/lib/python/.venv/lib/python3.12/site-packages/torch/_inductor/compile_fx.py:321: UserWarning: TensorFloat32 tensor cores for float32 matrix multiplication available but not enabled. Consider setting `torch.set_float32_matmul_precision('high')` for better performance.
  warnings.warn(
2026-05-18 20:15:52 [info     ] debug_magnitudes               norm_mean=['8427.359375', '-0.000899', '211.646118', '3.252943'] norm_std=['2287.523926', '0.040447', '34.116577', '1.247240'] ode_loss=0.256979
2026-05-18 20:19:31 [warning  ] nan_or_inf_loss                loss=nan
W0518 20:22:30.531000 1370478 torch/_dynamo/convert_frame.py:1676] [0/8] torch._dynamo hit config.recompile_limit (8)
W0518 20:22:30.531000 1370478 torch/_dynamo/convert_frame.py:1676] [0/8]    function: 'forward' (/data/common/dataiku/config/projects/NODEFDM/lib/python/packages/node-fdm/src/node_fdm/models/fdm.py:181)
W0518 20:22:30.531000 1370478 torch/_dynamo/convert_frame.py:1676] [0/8]    last reason: 0/7: tensor 'self.history['raw_alt_m']' size mismatch at index 1. expected 1, actual 2
W0518 20:22:30.531000 1370478 torch/_dynamo/convert_frame.py:1676] [0/8] To log all recompilation reasons, use TORCH_LOGS="recompiles".
W0518 20:22:30.531000 1370478 torch/_dynamo/convert_frame.py:1676] [0/8] To diagnose recompilation issues, see https://pytorch.org/docs/main/compile/programming_model.recompilation.html
2026-05-18 20:22:31 [debug    ] meta_saved                     path=data/models/bs_64_seed2/meta.json
2026-05-18 20:22:31 [debug    ] model_saved                    epoch=1
2026-05-18 20:22:31 [info     ] epoch_complete                 epoch=1 is_best=True lr=0.00020800000000000123 total_epochs=50 train_loss=nan val_loss=0.037073
2026-05-18 20:22:31 [debug    ] epoch_start                    epoch=2 total_epochs=50
2026-05-18 20:22:44 [warning  ] nan_or_inf_loss                loss=nan
2026-05-18 20:28:15 [debug    ] meta_saved                     path=data/models/bs_64_seed2/meta.json
2026-05-18 20:28:15 [debug    ] model_saved                    epoch=2
2026-05-18 20:28:15 [info     ] epoch_complete                 epoch=2 is_best=True lr=0.0004060000000000046 total_epochs=50 train_loss=nan val_loss=0.029177
2026-05-18 20:28:15 [debug    ] epoch_start                    epoch=3 total_epochs=50
2026-05-18 20:29:11 [warning  ] nan_or_inf_loss                loss=nan
2026-05-18 20:33:58 [debug    ] meta_saved                     path=data/models/bs_64_seed2/meta.json
2026-05-18 20:33:58 [debug    ] model_saved                    epoch=3
2026-05-18 20:33:58 [info     ] epoch_complete                 epoch=3 is_best=True lr=0.0006040000000000097 total_epochs=50 train_loss=nan val_loss=0.026578
2026-05-18 20:33:58 [debug    ] epoch_start                    epoch=4 total_epochs=50
2026-05-18 20:34:32 [warning  ] nan_or_inf_loss                loss=nan
2026-05-18 20:39:42 [debug    ] meta_saved                     path=data/models/bs_64_seed2/meta.json
2026-05-18 20:39:42 [debug    ] model_saved                    epoch=4
2026-05-18 20:39:42 [info     ] epoch_complete                 epoch=4 is_best=True lr=0.0008020000000000093 total_epochs=50 train_loss=nan val_loss=0.02555
2026-05-18 20:39:42 [debug    ] epoch_start                    epoch=5 total_epochs=50
2026-05-18 20:45:21 [warning  ] nan_or_inf_loss                loss=nan
2026-05-18 20:45:25 [debug    ] meta_saved                     path=data/models/bs_64_seed2/meta.json
2026-05-18 20:45:25 [debug    ] model_saved                    epoch=5
2026-05-18 20:45:25 [info     ] epoch_complete                 epoch=5 is_best=True lr=0.001 total_epochs=50 train_loss=nan val_loss=0.025102
2026-05-18 20:45:25 [debug    ] epoch_start                    epoch=6 total_epochs=50
2026-05-18 20:45:47 [warning  ] nan_or_inf_loss                loss=nan
2026-05-18 20:51:10 [debug    ] meta_saved                     path=data/models/bs_64_seed2/meta.json
2026-05-18 20:51:10 [debug    ] model_saved                    epoch=6
2026-05-18 20:51:10 [info     ] epoch_complete                 epoch=6 is_best=True lr=0.0009779999999999641 total_epochs=50 train_loss=nan val_loss=0.024624
2026-05-18 20:51:10 [debug    ] epoch_start                    epoch=7 total_epochs=50
2026-05-18 20:52:06 [warning  ] nan_or_inf_loss                loss=nan
2026-05-18 20:56:52 [debug    ] meta_saved                     path=data/models/bs_64_seed2/meta.json
2026-05-18 20:56:52 [debug    ] model_saved                    epoch=7
2026-05-18 20:56:52 [info     ] epoch_complete                 epoch=7 is_best=True lr=0.0009559999999999605 total_epochs=50 train_loss=nan val_loss=0.024612
2026-05-18 20:56:52 [debug    ] epoch_start                    epoch=8 total_epochs=50
2026-05-18 20:57:26 [warning  ] nan_or_inf_loss                loss=nan
2026-05-18 21:02:35 [info     ] epoch_complete                 epoch=8 is_best=False lr=0.0009339999999999578 total_epochs=50 train_loss=nan val_loss=0.025442
2026-05-18 21:02:35 [debug    ] epoch_start                    epoch=9 total_epochs=50
2026-05-18 21:05:34 [warning  ] nan_or_inf_loss                loss=nan
2026-05-18 21:08:17 [debug    ] meta_saved                     path=data/models/bs_64_seed2/meta.json
2026-05-18 21:08:17 [debug    ] model_saved                    epoch=9
2026-05-18 21:08:17 [info     ] epoch_complete                 epoch=9 is_best=True lr=0.0009119999999999566 total_epochs=50 train_loss=nan val_loss=0.024607
2026-05-18 21:08:17 [debug    ] epoch_start                    epoch=10 total_epochs=50
2026-05-18 21:13:07 [warning  ] nan_or_inf_loss                loss=nan
2026-05-18 21:14:01 [info     ] epoch_complete                 epoch=10 is_best=False lr=0.000889999999999957 total_epochs=50 train_loss=nan val_loss=0.024977
2026-05-18 21:14:01 [debug    ] epoch_start                    epoch=11 total_epochs=50
2026-05-18 21:15:38 [warning  ] nan_or_inf_loss                loss=nan
2026-05-18 21:19:46 [info     ] epoch_complete                 epoch=11 is_best=False lr=0.0008679999999999566 total_epochs=50 train_loss=nan val_loss=0.024812
2026-05-18 21:19:46 [debug    ] epoch_start                    epoch=12 total_epochs=50
2026-05-18 21:21:39 [warning  ] nan_or_inf_loss                loss=nan
2026-05-18 21:25:30 [debug    ] meta_saved                     path=data/models/bs_64_seed2/meta.json
2026-05-18 21:25:30 [debug    ] model_saved                    epoch=12
2026-05-18 21:25:30 [info     ] epoch_complete                 epoch=12 is_best=True lr=0.0008459999999999577 total_epochs=50 train_loss=nan val_loss=0.023808
2026-05-18 21:25:30 [debug    ] epoch_start                    epoch=13 total_epochs=50
2026-05-18 21:26:31 [warning  ] nan_or_inf_loss                loss=nan
2026-05-18 21:31:13 [debug    ] meta_saved                     path=data/models/bs_64_seed2/meta.json
2026-05-18 21:31:13 [debug    ] model_saved                    epoch=13
2026-05-18 21:31:13 [info     ] epoch_complete                 epoch=13 is_best=True lr=0.0008239999999999574 total_epochs=50 train_loss=nan val_loss=0.023321
2026-05-18 21:31:13 [debug    ] epoch_start                    epoch=14 total_epochs=50
2026-05-18 21:35:26 [warning  ] nan_or_inf_loss                loss=nan
2026-05-18 21:36:56 [info     ] epoch_complete                 epoch=14 is_best=False lr=0.0008019999999999602 total_epochs=50 train_loss=nan val_loss=0.023523
2026-05-18 21:36:56 [debug    ] epoch_start                    epoch=15 total_epochs=50
2026-05-18 21:39:36 [warning  ] nan_or_inf_loss                loss=nan
2026-05-18 21:42:40 [info     ] epoch_complete                 epoch=15 is_best=False lr=0.0007799999999999617 total_epochs=50 train_loss=nan val_loss=0.023544
2026-05-18 21:42:40 [debug    ] epoch_start                    epoch=16 total_epochs=50
2026-05-18 21:46:52 [warning  ] nan_or_inf_loss                loss=nan
2026-05-18 21:48:25 [info     ] epoch_complete                 epoch=16 is_best=False lr=0.000757999999999961 total_epochs=50 train_loss=nan val_loss=0.02366
2026-05-18 21:48:25 [debug    ] epoch_start                    epoch=17 total_epochs=50
2026-05-18 21:51:56 [warning  ] nan_or_inf_loss                loss=nan
2026-05-18 21:54:08 [debug    ] meta_saved                     path=data/models/bs_64_seed2/meta.json
2026-05-18 21:54:08 [debug    ] model_saved                    epoch=17
2026-05-18 21:54:08 [info     ] epoch_complete                 epoch=17 is_best=True lr=0.0007359999999999604 total_epochs=50 train_loss=nan val_loss=0.023111
2026-05-18 21:54:08 [debug    ] epoch_start                    epoch=18 total_epochs=50
2026-05-18 21:54:44 [warning  ] nan_or_inf_loss                loss=nan
2026-05-18 21:59:52 [debug    ] meta_saved                     path=data/models/bs_64_seed2/meta.json
2026-05-18 21:59:52 [debug    ] model_saved                    epoch=18
2026-05-18 21:59:52 [info     ] epoch_complete                 epoch=18 is_best=True lr=0.0007139999999999597 total_epochs=50 train_loss=nan val_loss=0.023041
2026-05-18 21:59:52 [debug    ] epoch_start                    epoch=19 total_epochs=50
2026-05-18 22:01:35 [warning  ] nan_or_inf_loss                loss=nan
2026-05-18 22:05:37 [debug    ] meta_saved                     path=data/models/bs_64_seed2/meta.json
2026-05-18 22:05:37 [debug    ] model_saved                    epoch=19
2026-05-18 22:05:37 [info     ] epoch_complete                 epoch=19 is_best=True lr=0.0006919999999999592 total_epochs=50 train_loss=nan val_loss=0.023024
2026-05-18 22:05:37 [debug    ] epoch_start                    epoch=20 total_epochs=50
2026-05-18 22:05:49 [warning  ] nan_or_inf_loss                loss=nan
2026-05-18 22:11:21 [info     ] epoch_complete                 epoch=20 is_best=False lr=0.000669999999999957 total_epochs=50 train_loss=nan val_loss=0.023819
2026-05-18 22:11:21 [debug    ] epoch_start                    epoch=21 total_epochs=50
2026-05-18 22:15:10 [warning  ] nan_or_inf_loss                loss=nan
2026-05-18 22:17:06 [info     ] epoch_complete                 epoch=21 is_best=False lr=0.0006479999999999561 total_epochs=50 train_loss=nan val_loss=0.023319
2026-05-18 22:17:06 [debug    ] epoch_start                    epoch=22 total_epochs=50
2026-05-18 22:19:40 [warning  ] nan_or_inf_loss                loss=nan
2026-05-18 22:22:49 [info     ] epoch_complete                 epoch=22 is_best=False lr=0.0006259999999999549 total_epochs=50 train_loss=nan val_loss=0.023025
2026-05-18 22:22:49 [debug    ] epoch_start                    epoch=23 total_epochs=50
2026-05-18 22:23:10 [warning  ] nan_or_inf_loss                loss=nan
2026-05-18 22:28:32 [info     ] epoch_complete                 epoch=23 is_best=False lr=0.0006039999999999555 total_epochs=50 train_loss=nan val_loss=0.023833
2026-05-18 22:28:32 [debug    ] epoch_start                    epoch=24 total_epochs=50
2026-05-18 22:29:05 [warning  ] nan_or_inf_loss                loss=nan
2026-05-18 22:34:16 [debug    ] meta_saved                     path=data/models/bs_64_seed2/meta.json
2026-05-18 22:34:16 [debug    ] model_saved                    epoch=24
2026-05-18 22:34:16 [info     ] epoch_complete                 epoch=24 is_best=True lr=0.0005819999999999556 total_epochs=50 train_loss=nan val_loss=0.022949
2026-05-18 22:34:16 [debug    ] epoch_start                    epoch=25 total_epochs=50
2026-05-18 22:37:46 [warning  ] nan_or_inf_loss                loss=nan
2026-05-18 22:39:59 [info     ] epoch_complete                 epoch=25 is_best=False lr=0.000559999999999953 total_epochs=50 train_loss=nan val_loss=0.025082
2026-05-18 22:39:59 [debug    ] epoch_start                    epoch=26 total_epochs=50
2026-05-18 22:40:08 [warning  ] nan_or_inf_loss                loss=nan
2026-05-18 22:45:42 [debug    ] meta_saved                     path=data/models/bs_64_seed2/meta.json
2026-05-18 22:45:42 [debug    ] model_saved                    epoch=26
2026-05-18 22:45:42 [info     ] epoch_complete                 epoch=26 is_best=True lr=0.0005379999999999528 total_epochs=50 train_loss=nan val_loss=0.022645
2026-05-18 22:45:42 [debug    ] epoch_start                    epoch=27 total_epochs=50
2026-05-18 22:51:22 [warning  ] nan_or_inf_loss                loss=nan
2026-05-18 22:51:25 [debug    ] meta_saved                     path=data/models/bs_64_seed2/meta.json
2026-05-18 22:51:25 [debug    ] model_saved                    epoch=27
2026-05-18 22:51:25 [info     ] epoch_complete                 epoch=27 is_best=True lr=0.0005159999999999556 total_epochs=50 train_loss=nan val_loss=0.02258
2026-05-18 22:51:25 [debug    ] epoch_start                    epoch=28 total_epochs=50
2026-05-18 22:56:55 [warning  ] nan_or_inf_loss                loss=nan
2026-05-18 22:57:07 [info     ] epoch_complete                 epoch=28 is_best=False lr=0.0004939999999999543 total_epochs=50 train_loss=nan val_loss=0.022847
2026-05-18 22:57:07 [debug    ] epoch_start                    epoch=29 total_epochs=50
2026-05-18 23:00:49 [warning  ] nan_or_inf_loss                loss=nan
2026-05-18 23:02:51 [info     ] epoch_complete                 epoch=29 is_best=False lr=0.00047199999999995607 total_epochs=50 train_loss=nan val_loss=0.022715
2026-05-18 23:02:51 [debug    ] epoch_start                    epoch=30 total_epochs=50
2026-05-18 23:05:19 [warning  ] nan_or_inf_loss                loss=nan
2026-05-18 23:08:35 [info     ] epoch_complete                 epoch=30 is_best=False lr=0.00044999999999995944 total_epochs=50 train_loss=nan val_loss=0.022635
2026-05-18 23:08:35 [debug    ] epoch_start                    epoch=31 total_epochs=50
2026-05-18 23:12:46 [warning  ] nan_or_inf_loss                loss=nan
2026-05-18 23:14:18 [info     ] epoch_complete                 epoch=31 is_best=False lr=0.00042799999999996313 total_epochs=50 train_loss=nan val_loss=0.022594
2026-05-18 23:14:18 [debug    ] epoch_start                    epoch=32 total_epochs=50
2026-05-18 23:19:28 [warning  ] nan_or_inf_loss                loss=nan
2026-05-18 23:20:01 [info     ] epoch_complete                 epoch=32 is_best=False lr=0.00040599999999996786 total_epochs=50 train_loss=nan val_loss=0.022745
2026-05-18 23:20:01 [debug    ] epoch_start                    epoch=33 total_epochs=50
2026-05-18 23:25:15 [warning  ] nan_or_inf_loss                loss=nan
2026-05-18 23:25:42 [info     ] epoch_complete                 epoch=33 is_best=False lr=0.00038399999999997274 total_epochs=50 train_loss=nan val_loss=0.023053
2026-05-18 23:25:42 [debug    ] epoch_start                    epoch=34 total_epochs=50
2026-05-18 23:30:21 [warning  ] nan_or_inf_loss                loss=nan
2026-05-18 23:31:23 [debug    ] meta_saved                     path=data/models/bs_64_seed2/meta.json
2026-05-18 23:31:23 [debug    ] model_saved                    epoch=34
2026-05-18 23:31:23 [info     ] epoch_complete                 epoch=34 is_best=True lr=0.00036199999999997763 total_epochs=50 train_loss=nan val_loss=0.022426
2026-05-18 23:31:23 [debug    ] epoch_start                    epoch=35 total_epochs=50
2026-05-18 23:33:01 [warning  ] nan_or_inf_loss                loss=nan
2026-05-18 23:37:03 [info     ] epoch_complete                 epoch=35 is_best=False lr=0.0003399999999999825 total_epochs=50 train_loss=nan val_loss=0.02255
2026-05-18 23:37:03 [debug    ] epoch_start                    epoch=36 total_epochs=50
2026-05-18 23:41:41 [warning  ] nan_or_inf_loss                loss=nan
2026-05-18 23:42:43 [debug    ] meta_saved                     path=data/models/bs_64_seed2/meta.json
2026-05-18 23:42:43 [debug    ] model_saved                    epoch=36
2026-05-18 23:42:43 [info     ] epoch_complete                 epoch=36 is_best=True lr=0.0003179999999999874 total_epochs=50 train_loss=nan val_loss=0.022284
2026-05-18 23:42:43 [debug    ] epoch_start                    epoch=37 total_epochs=50
2026-05-18 23:46:00 [warning  ] nan_or_inf_loss                loss=nan
2026-05-18 23:48:23 [info     ] epoch_complete                 epoch=37 is_best=False lr=0.0002959999999999923 total_epochs=50 train_loss=nan val_loss=0.022344
2026-05-18 23:48:23 [debug    ] epoch_start                    epoch=38 total_epochs=50
2026-05-18 23:49:08 [warning  ] nan_or_inf_loss                loss=nan
2026-05-18 23:54:05 [debug    ] meta_saved                     path=data/models/bs_64_seed2/meta.json
2026-05-18 23:54:05 [debug    ] model_saved                    epoch=38
2026-05-18 23:54:05 [info     ] epoch_complete                 epoch=38 is_best=True lr=0.0002739999999999972 total_epochs=50 train_loss=nan val_loss=0.022064
2026-05-18 23:54:05 [debug    ] epoch_start                    epoch=39 total_epochs=50
2026-05-18 23:54:32 [warning  ] nan_or_inf_loss                loss=nan
2026-05-18 23:59:44 [info     ] epoch_complete                 epoch=39 is_best=False lr=0.00025200000000000206 total_epochs=50 train_loss=nan val_loss=0.022194
2026-05-18 23:59:44 [debug    ] epoch_start                    epoch=40 total_epochs=50
2026-05-19 00:01:24 [warning  ] nan_or_inf_loss                loss=nan
2026-05-19 00:05:23 [info     ] epoch_complete                 epoch=40 is_best=False lr=0.00023000000000000348 total_epochs=50 train_loss=nan val_loss=0.023936
2026-05-19 00:05:23 [debug    ] epoch_start                    epoch=41 total_epochs=50
2026-05-19 00:07:02 [warning  ] nan_or_inf_loss                loss=nan
2026-05-19 00:11:02 [info     ] epoch_complete                 epoch=41 is_best=False lr=0.00020800000000000357 total_epochs=50 train_loss=nan val_loss=0.023209
2026-05-19 00:11:02 [debug    ] epoch_start                    epoch=42 total_epochs=50
2026-05-19 00:12:17 [warning  ] nan_or_inf_loss                loss=nan
2026-05-19 00:16:43 [info     ] epoch_complete                 epoch=42 is_best=False lr=0.00018600000000000447 total_epochs=50 train_loss=nan val_loss=0.023555
2026-05-19 00:16:43 [debug    ] epoch_start                    epoch=43 total_epochs=50
2026-05-19 00:17:24 [warning  ] nan_or_inf_loss                loss=nan
2026-05-19 00:22:23 [info     ] epoch_complete                 epoch=43 is_best=False lr=0.00016400000000000613 total_epochs=50 train_loss=nan val_loss=0.022641
2026-05-19 00:22:23 [debug    ] epoch_start                    epoch=44 total_epochs=50
2026-05-19 00:25:23 [warning  ] nan_or_inf_loss                loss=nan
2026-05-19 00:28:02 [info     ] epoch_complete                 epoch=44 is_best=False lr=0.00014200000000000754 total_epochs=50 train_loss=nan val_loss=0.022675
2026-05-19 00:28:02 [debug    ] epoch_start                    epoch=45 total_epochs=50
2026-05-19 00:29:01 [warning  ] nan_or_inf_loss                loss=nan
2026-05-19 00:35:46 [info     ] epoch_complete                 epoch=45 is_best=False lr=0.00012000000000000895 total_epochs=50 train_loss=nan val_loss=0.02219
2026-05-19 00:35:46 [debug    ] epoch_start                    epoch=46 total_epochs=50
2026-05-19 00:41:36 [warning  ] nan_or_inf_loss                loss=nan
2026-05-19 00:45:19 [debug    ] meta_saved                     path=data/models/bs_64_seed2/meta.json
2026-05-19 00:45:19 [debug    ] model_saved                    epoch=46
2026-05-19 00:45:19 [info     ] epoch_complete                 epoch=46 is_best=True lr=9.800000000000715e-05 total_epochs=50 train_loss=nan val_loss=0.02206
2026-05-19 00:45:19 [debug    ] epoch_start                    epoch=47 total_epochs=50
2026-05-19 00:47:18 [warning  ] nan_or_inf_loss                loss=nan
2026-05-19 00:55:07 [info     ] epoch_complete                 epoch=47 is_best=False lr=7.600000000000502e-05 total_epochs=50 train_loss=nan val_loss=0.022109
2026-05-19 00:55:07 [debug    ] epoch_start                    epoch=48 total_epochs=50
2026-05-19 00:56:43 [warning  ] nan_or_inf_loss                loss=nan
2026-05-19 01:02:05 [debug    ] meta_saved                     path=data/models/bs_64_seed2/meta.json
2026-05-19 01:02:05 [debug    ] model_saved                    epoch=48
2026-05-19 01:02:05 [info     ] epoch_complete                 epoch=48 is_best=True lr=5.4000000000003054e-05 total_epochs=50 train_loss=nan val_loss=0.02182
2026-05-19 01:02:05 [debug    ] epoch_start                    epoch=49 total_epochs=50
2026-05-19 01:02:43 [warning  ] nan_or_inf_loss                loss=nan
2026-05-19 01:07:46 [debug    ] meta_saved                     path=data/models/bs_64_seed2/meta.json
2026-05-19 01:07:46 [debug    ] model_saved                    epoch=49
2026-05-19 01:07:46 [info     ] epoch_complete                 epoch=49 is_best=True lr=3.2000000000002384e-05 total_epochs=50 train_loss=nan val_loss=0.02182
2026-05-19 01:07:46 [debug    ] epoch_start                    epoch=50 total_epochs=50
2026-05-19 01:13:06 [warning  ] nan_or_inf_loss                loss=nan
2026-05-19 01:13:32 [debug    ] meta_saved                     path=data/models/bs_64_seed2/meta.json
2026-05-19 01:13:32 [debug    ] model_saved                    epoch=50
2026-05-19 01:13:32 [info     ] epoch_complete                 epoch=50 is_best=True lr=1.0000000000000765e-05 total_epochs=50 train_loss=nan val_loss=0.021778
2026-05-19 01:13:32 [info     ] training_log_saved             path=data/models/bs_64_seed2/training_losses.csv
2026-05-19 01:13:32 [info     ] training_complete              best_val_loss=0.021778
2026-05-19 01:13:32 [info     ] train_typecode_done            typecode=A320
2026-05-19 01:13:33 [info     ] train_done                     typecodes=['A320']

$ uv run fdm train --arch adsb --config results_run3/bs_64_seed2/config.yaml --model-name bs_64_seed2 --epochs 50 --batch-size 64 --lr 0.001 --method rk4 --seq-len 30 --train-limit 5000 --activation relu --seed 2 --backbone-depth 2 --head-depth 2 --hidden-width 48 --device cuda --no-use-mode-weights
