2026-05-22 09:10:35 [info     ] evaluate_start                 arch=adsb typecodes=['A320']
2026-05-22 09:10:35 [info     ] evaluate_typecode              flights=542 typecode=A320
2026-05-22 09:10:47 [info     ] evaluate_done                  output=data/model_performance/lr_1.5e-3_seed2/performance.parquet rows=16
shape: (16, 11)
┌──────────┬─────────────────────────┬──────────────┬───────┬─────────┬──────────┬──────────┬──────────┬─────────┬──────────┬────────┐
│ Aircraft ┆ Variable                ┆ Phase        ┆ Model ┆ MAE     ┆ MAE_std  ┆ MAPE (%) ┆ MAPE_std ┆ ME      ┆ ME_std   ┆ Count  │
│ ---      ┆ ---                     ┆ ---          ┆ ---   ┆ ---     ┆ ---      ┆ ---      ┆ ---      ┆ ---     ┆ ---      ┆ ---    │
│ str      ┆ str                     ┆ str          ┆ str   ┆ f64     ┆ f64      ┆ f64      ┆ f64      ┆ f64     ┆ f64      ┆ i64    │
╞══════════╪═════════════════════════╪══════════════╪═══════╪═════════╪══════════╪══════════╪══════════╪═════════╪══════════╪════════╡
│ A320     ┆ Altitude [m]            ┆ All phases   ┆ PRED  ┆ 257.516 ┆ 587.766  ┆ 5.512    ┆ 18.619   ┆ 65.673  ┆ 638.334  ┆ 478843 │
│ A320     ┆ Altitude [m]            ┆ Climb        ┆ PRED  ┆ 775.992 ┆ 1034.971 ┆ 17.455   ┆ 36.489   ┆ 541.951 ┆ 1174.572 ┆ 90018  │
│ A320     ┆ Altitude [m]            ┆ Level flight ┆ PRED  ┆ 72.209  ┆ 182.463  ┆ 0.914    ┆ 5.155    ┆ -52.734 ┆ 189.013  ┆ 296839 │
│ A320     ┆ Altitude [m]            ┆ Descent      ┆ PRED  ┆ 348.117 ┆ 510.494  ┆ 8.663    ┆ 14.076   ┆ -18.314 ┆ 617.620  ┆ 91986  │
│ A320     ┆ Flight path angle [deg] ┆ All phases   ┆ PRED  ┆ 0.283   ┆ 0.617    ┆ NaN      ┆ NaN      ┆ -0.060  ┆ 0.676    ┆ 478843 │
│ A320     ┆ Flight path angle [deg] ┆ Climb        ┆ PRED  ┆ 0.712   ┆ 0.961    ┆ NaN      ┆ NaN      ┆ -0.418  ┆ 1.120    ┆ 90018  │
│ A320     ┆ Flight path angle [deg] ┆ Level flight ┆ PRED  ┆ 0.077   ┆ 0.259    ┆ NaN      ┆ NaN      ┆ -0.004  ┆ 0.270    ┆ 296839 │
│ A320     ┆ Flight path angle [deg] ┆ Descent      ┆ PRED  ┆ 0.530   ┆ 0.696    ┆ NaN      ┆ NaN      ┆ 0.108   ┆ 0.868    ┆ 91986  │
│ A320     ┆ Heading [deg]           ┆ All phases   ┆ PRED  ┆ 1.848   ┆ 6.931    ┆ NaN      ┆ NaN      ┆ 0.136   ┆ 7.172    ┆ 478843 │
│ A320     ┆ Heading [deg]           ┆ Climb        ┆ PRED  ┆ 2.344   ┆ 7.858    ┆ NaN      ┆ NaN      ┆ -0.618  ┆ 8.176    ┆ 90018  │
│ A320     ┆ Heading [deg]           ┆ Level flight ┆ PRED  ┆ 1.557   ┆ 6.195    ┆ NaN      ┆ NaN      ┆ 0.384   ┆ 6.376    ┆ 296839 │
│ A320     ┆ Heading [deg]           ┆ Descent      ┆ PRED  ┆ 2.302   ┆ 8.068    ┆ NaN      ┆ NaN      ┆ 0.072   ┆ 8.390    ┆ 91986  │
│ A320     ┆ True airspeed [m/s]     ┆ All phases   ┆ PRED  ┆ 3.410   ┆ 8.238    ┆ 1.902    ┆ 6.382    ┆ 1.190   ┆ 8.836    ┆ 478843 │
│ A320     ┆ True airspeed [m/s]     ┆ Climb        ┆ PRED  ┆ 6.143   ┆ 15.227   ┆ 3.828    ┆ 11.647   ┆ 2.579   ┆ 16.216   ┆ 90018  │
│ A320     ┆ True airspeed [m/s]     ┆ Level flight ┆ PRED  ┆ 2.377   ┆ 4.513    ┆ 1.155    ┆ 4.167    ┆ 1.328   ┆ 4.925    ┆ 296839 │
│ A320     ┆ True airspeed [m/s]     ┆ Descent      ┆ PRED  ┆ 4.071   ┆ 7.031    ┆ 2.427    ┆ 4.188    ┆ -0.613  ┆ 8.101    ┆ 91986  │
└──────────┴─────────────────────────┴──────────────┴───────┴─────────┴──────────┴──────────┴──────────┴─────────┴──────────┴────────┘

$ uv run fdm evaluate --arch adsb --config results_run4/lr_1.5e-3_seed2/config.yaml --model-name lr_1.5e-3_seed2
