2026-05-13 04:30:32 [info     ] train_start                    arch=adsb device=cuda typecodes=['A320']
2026-05-13 04:30:32 [info     ] train_typecode                 typecode=A320
2026-05-13 04:30:32 [info     ] mode_weights_computed          alpha=0.5 bottom5_labels=[['ALT_MACH', 0.6206242276704164, 556092], ['ALT_UNK', 0.6891691293583678, 450975], ['TURN', 0.8913340435092099, 269602], ['UNKVERT_MACH', 0.9861637175043825, 220245], ['ALT_CAS', 1.0707556265239335, 186820]] imbalance_ratio=40.174252275682704 n_labels=13 top5_labels=[['VZ_CAS', 3.9337125975553753, 13842], ['VZ_UNK', 2.533593642654822, 33368], ['GAMMA_CAS', 2.453056495492336, 35595], ['VZ_MACH', 2.0015537788607305, 53465], ['UNKVERT_CAS', 1.936559122733483, 57114]] weight_ratio_max_over_min=6.33831620193271
2026-05-13 04:30:32 [info     ] loading_data                   train_flights=1594 val_flights=247
2026-05-13 04:30:32 [warning  ] e1_column_missing              column=fdm_g_sin_gamma_ms2
2026-05-13 04:30:32 [warning  ] e1_column_missing              column=fdm_cos_gamma
2026-05-13 04:30:32 [warning  ] e1_column_missing              column=fdm_q_pa
2026-05-13 04:30:32 [warning  ] e1_column_missing              column=fdm_g_over_v
2026-05-13 04:30:32 [warning  ] e1_column_missing              column=fdm_lat_wind_ms
2026-05-13 04:30:32 [warning  ] e1_column_missing              column=fdm_drift_rad
2026-05-13 04:30:32 [warning  ] e1_column_missing              column=fdm_track_rad
2026-05-13 04:30:32 [warning  ] e1_column_missing              column=fdm_heading_diff_rad
2026-05-13 04:30:39 [warning  ] e1_column_missing              column=fdm_g_sin_gamma_ms2
2026-05-13 04:30:39 [warning  ] e1_column_missing              column=fdm_cos_gamma
2026-05-13 04:30:39 [warning  ] e1_column_missing              column=fdm_q_pa
2026-05-13 04:30:39 [warning  ] e1_column_missing              column=fdm_g_over_v
2026-05-13 04:30:39 [warning  ] e1_column_missing              column=fdm_lat_wind_ms
2026-05-13 04:30:39 [warning  ] e1_column_missing              column=fdm_drift_rad
2026-05-13 04:30:39 [warning  ] e1_column_missing              column=fdm_track_rad
2026-05-13 04:30:39 [warning  ] e1_column_missing              column=fdm_heading_diff_rad
2026-05-13 04:30:40 [info     ] data_loaded                    train_samples=23212 val_samples=3628
2026-05-13 04:30:55 [debug    ] meta_saved                     path=data/models/epochs_100_seed2/meta.json
2026-05-13 04:30:55 [info     ] trainer_initialized            architecture=node_adsb_v1 device=cuda train_samples=23212 val_samples=3628
2026-05-13 04:30:55 [info     ] preloading_data_to_gpu
2026-05-13 04:30:55 [debug    ] epoch_start                    epoch=1 total_epochs=100
/data/common/dataiku/config/projects/NODEFDM/lib/python/.venv/lib/python3.12/site-packages/torch/_inductor/compile_fx.py:321: UserWarning: TensorFloat32 tensor cores for float32 matrix multiplication available but not enabled. Consider setting `torch.set_float32_matmul_precision('high')` for better performance.
  warnings.warn(
2026-05-13 04:31:20 [info     ] debug_magnitudes               norm_mean=['8568.283203', '-0.001322', '213.622833', '3.253931'] norm_std=['2269.236084', '0.038830', '32.838379', '1.246786'] ode_loss=1.356967
W0513 04:35:23.074000 3899808 torch/_dynamo/convert_frame.py:1676] [0/8] torch._dynamo hit config.recompile_limit (8)
W0513 04:35:23.074000 3899808 torch/_dynamo/convert_frame.py:1676] [0/8]    function: 'forward' (/data/common/dataiku/config/projects/NODEFDM/lib/python/packages/node-fdm/src/node_fdm/models/fdm.py:181)
W0513 04:35:23.074000 3899808 torch/_dynamo/convert_frame.py:1676] [0/8]    last reason: 0/7: tensor 'self.history['raw_alt_m']' size mismatch at index 1. expected 1, actual 2
W0513 04:35:23.074000 3899808 torch/_dynamo/convert_frame.py:1676] [0/8] To log all recompilation reasons, use TORCH_LOGS="recompiles".
W0513 04:35:23.074000 3899808 torch/_dynamo/convert_frame.py:1676] [0/8] To diagnose recompilation issues, see https://pytorch.org/docs/main/compile/programming_model.recompilation.html
2026-05-13 04:35:24 [debug    ] meta_saved                     path=data/models/epochs_100_seed2/meta.json
2026-05-13 04:35:24 [debug    ] model_saved                    epoch=1
2026-05-13 04:35:24 [info     ] epoch_complete                 epoch=1 is_best=True lr=0.000208 total_epochs=100 train_loss=0.346235 val_loss=0.153283
2026-05-13 04:35:24 [debug    ] epoch_start                    epoch=2 total_epochs=100
2026-05-13 04:38:26 [debug    ] meta_saved                     path=data/models/epochs_100_seed2/meta.json
2026-05-13 04:38:26 [debug    ] model_saved                    epoch=2
2026-05-13 04:38:26 [info     ] epoch_complete                 epoch=2 is_best=True lr=0.00040600000000000087 total_epochs=100 train_loss=0.096726 val_loss=0.069561
2026-05-13 04:38:26 [debug    ] epoch_start                    epoch=3 total_epochs=100
2026-05-13 04:41:28 [debug    ] meta_saved                     path=data/models/epochs_100_seed2/meta.json
2026-05-13 04:41:28 [debug    ] model_saved                    epoch=3
2026-05-13 04:41:28 [info     ] epoch_complete                 epoch=3 is_best=True lr=0.0006040000000000002 total_epochs=100 train_loss=0.066734 val_loss=0.0473
2026-05-13 04:41:28 [debug    ] epoch_start                    epoch=4 total_epochs=100
2026-05-13 04:44:31 [debug    ] meta_saved                     path=data/models/epochs_100_seed2/meta.json
2026-05-13 04:44:31 [debug    ] model_saved                    epoch=4
2026-05-13 04:44:31 [info     ] epoch_complete                 epoch=4 is_best=True lr=0.0008020000000000004 total_epochs=100 train_loss=0.048605 val_loss=0.040395
2026-05-13 04:44:31 [debug    ] epoch_start                    epoch=5 total_epochs=100
2026-05-13 04:47:34 [debug    ] meta_saved                     path=data/models/epochs_100_seed2/meta.json
2026-05-13 04:47:34 [debug    ] model_saved                    epoch=5
2026-05-13 04:47:34 [info     ] epoch_complete                 epoch=5 is_best=True lr=0.001 total_epochs=100 train_loss=0.044844 val_loss=0.039299
2026-05-13 04:47:34 [debug    ] epoch_start                    epoch=6 total_epochs=100
2026-05-13 04:50:37 [info     ] epoch_complete                 epoch=6 is_best=False lr=0.0009895789473684275 total_epochs=100 train_loss=0.057015 val_loss=0.057544
2026-05-13 04:50:37 [debug    ] epoch_start                    epoch=7 total_epochs=100
2026-05-13 04:53:40 [info     ] epoch_complete                 epoch=7 is_best=False lr=0.0009791578947368547 total_epochs=100 train_loss=0.059585 val_loss=0.040974
2026-05-13 04:53:40 [debug    ] epoch_start                    epoch=8 total_epochs=100
2026-05-13 04:56:42 [debug    ] meta_saved                     path=data/models/epochs_100_seed2/meta.json
2026-05-13 04:56:42 [debug    ] model_saved                    epoch=8
2026-05-13 04:56:42 [info     ] epoch_complete                 epoch=8 is_best=True lr=0.000968736842105278 total_epochs=100 train_loss=0.044479 val_loss=0.038897
2026-05-13 04:56:42 [debug    ] epoch_start                    epoch=9 total_epochs=100
2026-05-13 04:59:47 [debug    ] meta_saved                     path=data/models/epochs_100_seed2/meta.json
2026-05-13 04:59:47 [debug    ] model_saved                    epoch=9
2026-05-13 04:59:47 [info     ] epoch_complete                 epoch=9 is_best=True lr=0.0009583157894736982 total_epochs=100 train_loss=0.042948 val_loss=0.038098
2026-05-13 04:59:47 [debug    ] epoch_start                    epoch=10 total_epochs=100
2026-05-13 05:02:50 [info     ] epoch_complete                 epoch=10 is_best=False lr=0.0009478947368421197 total_epochs=100 train_loss=0.051645 val_loss=0.06616
2026-05-13 05:02:50 [debug    ] epoch_start                    epoch=11 total_epochs=100
2026-05-13 05:05:53 [info     ] epoch_complete                 epoch=11 is_best=False lr=0.0009374736842105424 total_epochs=100 train_loss=0.066894 val_loss=0.042879
2026-05-13 05:05:53 [debug    ] epoch_start                    epoch=12 total_epochs=100
2026-05-13 05:08:56 [info     ] epoch_complete                 epoch=12 is_best=False lr=0.0009270526315789621 total_epochs=100 train_loss=0.046829 val_loss=0.039804
2026-05-13 05:08:56 [debug    ] epoch_start                    epoch=13 total_epochs=100
2026-05-13 05:12:00 [info     ] epoch_complete                 epoch=13 is_best=False lr=0.0009166315789473836 total_epochs=100 train_loss=0.049146 val_loss=0.044145
2026-05-13 05:12:00 [debug    ] epoch_start                    epoch=14 total_epochs=100
2026-05-13 05:15:01 [info     ] epoch_complete                 epoch=14 is_best=False lr=0.000906210526315804 total_epochs=100 train_loss=0.044941 val_loss=0.038285
2026-05-13 05:15:01 [debug    ] epoch_start                    epoch=15 total_epochs=100
2026-05-13 05:18:04 [info     ] epoch_complete                 epoch=15 is_best=False lr=0.0008957894736842237 total_epochs=100 train_loss=0.044707 val_loss=0.071776
2026-05-13 05:18:04 [debug    ] epoch_start                    epoch=16 total_epochs=100
2026-05-13 05:21:07 [info     ] epoch_complete                 epoch=16 is_best=False lr=0.0008853684210526422 total_epochs=100 train_loss=0.260694 val_loss=0.242853
2026-05-13 05:21:07 [debug    ] epoch_start                    epoch=17 total_epochs=100
2026-05-13 05:24:08 [info     ] epoch_complete                 epoch=17 is_best=False lr=0.0008749473684210618 total_epochs=100 train_loss=0.323025 val_loss=0.296522
2026-05-13 05:24:08 [debug    ] epoch_start                    epoch=18 total_epochs=100
2026-05-13 05:27:11 [info     ] epoch_complete                 epoch=18 is_best=False lr=0.0008645263157894818 total_epochs=100 train_loss=0.463018 val_loss=0.64785
2026-05-13 05:27:11 [debug    ] epoch_start                    epoch=19 total_epochs=100
2026-05-13 05:30:14 [info     ] epoch_complete                 epoch=19 is_best=False lr=0.0008541052631579014 total_epochs=100 train_loss=0.605687 val_loss=0.368233
2026-05-13 05:30:14 [debug    ] epoch_start                    epoch=20 total_epochs=100
2026-05-13 05:33:15 [info     ] epoch_complete                 epoch=20 is_best=False lr=0.0008436842105263218 total_epochs=100 train_loss=0.478522 val_loss=0.486647
2026-05-13 05:33:15 [debug    ] epoch_start                    epoch=21 total_epochs=100
2026-05-13 05:36:16 [info     ] epoch_complete                 epoch=21 is_best=False lr=0.0008332631578947421 total_epochs=100 train_loss=0.506755 val_loss=0.44048
2026-05-13 05:36:16 [debug    ] epoch_start                    epoch=22 total_epochs=100
2026-05-13 05:39:19 [info     ] epoch_complete                 epoch=22 is_best=False lr=0.0008228421052631622 total_epochs=100 train_loss=0.429361 val_loss=0.338584
2026-05-13 05:39:19 [debug    ] epoch_start                    epoch=23 total_epochs=100
2026-05-13 05:42:19 [info     ] epoch_complete                 epoch=23 is_best=False lr=0.000812421052631582 total_epochs=100 train_loss=0.433405 val_loss=0.473542
2026-05-13 05:42:19 [debug    ] epoch_start                    epoch=24 total_epochs=100
2026-05-13 05:45:21 [info     ] epoch_complete                 epoch=24 is_best=False lr=0.0008020000000000018 total_epochs=100 train_loss=0.552414 val_loss=0.644989
2026-05-13 05:45:21 [debug    ] epoch_start                    epoch=25 total_epochs=100
2026-05-13 05:48:23 [info     ] epoch_complete                 epoch=25 is_best=False lr=0.000791578947368422 total_epochs=100 train_loss=1.477418 val_loss=2.059348
2026-05-13 05:48:23 [debug    ] epoch_start                    epoch=26 total_epochs=100
2026-05-13 05:51:25 [info     ] epoch_complete                 epoch=26 is_best=False lr=0.0007811578947368423 total_epochs=100 train_loss=2.23026 val_loss=2.496818
2026-05-13 05:51:25 [debug    ] epoch_start                    epoch=27 total_epochs=100
2026-05-13 05:54:28 [info     ] epoch_complete                 epoch=27 is_best=False lr=0.0007707368421052632 total_epochs=100 train_loss=2.610084 val_loss=2.552244
2026-05-13 05:54:28 [debug    ] epoch_start                    epoch=28 total_epochs=100
2026-05-13 05:57:31 [info     ] epoch_complete                 epoch=28 is_best=False lr=0.0007603157894736837 total_epochs=100 train_loss=2.551532 val_loss=2.266581
2026-05-13 05:57:31 [debug    ] epoch_start                    epoch=29 total_epochs=100
2026-05-13 06:00:33 [info     ] epoch_complete                 epoch=29 is_best=False lr=0.0007498947368421038 total_epochs=100 train_loss=2.167308 val_loss=1.556862
2026-05-13 06:00:33 [debug    ] epoch_start                    epoch=30 total_epochs=100
2026-05-13 06:03:38 [info     ] epoch_complete                 epoch=30 is_best=False lr=0.0007394736842105223 total_epochs=100 train_loss=1.135917 val_loss=0.74759
2026-05-13 06:03:38 [debug    ] epoch_start                    epoch=31 total_epochs=100
2026-05-13 06:06:40 [info     ] epoch_complete                 epoch=31 is_best=False lr=0.0007290526315789426 total_epochs=100 train_loss=0.803493 val_loss=0.768253
2026-05-13 06:06:40 [debug    ] epoch_start                    epoch=32 total_epochs=100
2026-05-13 06:09:44 [info     ] epoch_complete                 epoch=32 is_best=False lr=0.0007186315789473616 total_epochs=100 train_loss=0.857323 val_loss=0.771262
2026-05-13 06:09:44 [debug    ] epoch_start                    epoch=33 total_epochs=100
2026-05-13 06:12:46 [info     ] epoch_complete                 epoch=33 is_best=False lr=0.0007082105263157816 total_epochs=100 train_loss=1.221167 val_loss=1.579578
2026-05-13 06:12:46 [debug    ] epoch_start                    epoch=34 total_epochs=100
2026-05-13 06:15:50 [info     ] epoch_complete                 epoch=34 is_best=False lr=0.0006977894736842015 total_epochs=100 train_loss=2.171804 val_loss=2.205901
2026-05-13 06:15:50 [debug    ] epoch_start                    epoch=35 total_epochs=100
2026-05-13 06:18:53 [info     ] epoch_complete                 epoch=35 is_best=False lr=0.0006873684210526215 total_epochs=100 train_loss=1.915049 val_loss=1.562349
2026-05-13 06:18:53 [debug    ] epoch_start                    epoch=36 total_epochs=100
2026-05-13 06:21:56 [info     ] epoch_complete                 epoch=36 is_best=False lr=0.0006769473684210418 total_epochs=100 train_loss=1.464878 val_loss=1.28601
2026-05-13 06:21:56 [debug    ] epoch_start                    epoch=37 total_epochs=100
2026-05-13 06:24:59 [info     ] epoch_complete                 epoch=37 is_best=False lr=0.0006665263157894633 total_epochs=100 train_loss=1.19571 val_loss=0.528493
2026-05-13 06:24:59 [debug    ] epoch_start                    epoch=38 total_epochs=100
2026-05-13 06:28:03 [info     ] epoch_complete                 epoch=38 is_best=False lr=0.0006561052631578826 total_epochs=100 train_loss=0.522796 val_loss=0.426252
2026-05-13 06:28:03 [debug    ] epoch_start                    epoch=39 total_epochs=100
2026-05-13 06:31:07 [info     ] epoch_complete                 epoch=39 is_best=False lr=0.0006456842105263011 total_epochs=100 train_loss=0.461331 val_loss=0.434182
2026-05-13 06:31:07 [debug    ] epoch_start                    epoch=40 total_epochs=100
2026-05-13 06:34:11 [info     ] epoch_complete                 epoch=40 is_best=False lr=0.000635263157894721 total_epochs=100 train_loss=0.553404 val_loss=0.604261
2026-05-13 06:34:11 [debug    ] epoch_start                    epoch=41 total_epochs=100
2026-05-13 06:37:15 [info     ] epoch_complete                 epoch=41 is_best=False lr=0.000624842105263141 total_epochs=100 train_loss=0.599995 val_loss=0.564198
2026-05-13 06:37:15 [debug    ] epoch_start                    epoch=42 total_epochs=100
2026-05-13 06:40:18 [info     ] epoch_complete                 epoch=42 is_best=False lr=0.000614421052631561 total_epochs=100 train_loss=0.698086 val_loss=0.683392
2026-05-13 06:40:18 [debug    ] epoch_start                    epoch=43 total_epochs=100
2026-05-13 06:43:22 [info     ] epoch_complete                 epoch=43 is_best=False lr=0.0006039999999999804 total_epochs=100 train_loss=0.595524 val_loss=0.565575
2026-05-13 06:43:22 [debug    ] epoch_start                    epoch=44 total_epochs=100
2026-05-13 06:46:25 [info     ] epoch_complete                 epoch=44 is_best=False lr=0.0005935789473683994 total_epochs=100 train_loss=0.562456 val_loss=0.488442
2026-05-13 06:46:25 [debug    ] epoch_start                    epoch=45 total_epochs=100
2026-05-13 06:49:28 [info     ] epoch_complete                 epoch=45 is_best=False lr=0.0005831578947368191 total_epochs=100 train_loss=1.346665 val_loss=1.699333
2026-05-13 06:49:28 [debug    ] epoch_start                    epoch=46 total_epochs=100
2026-05-13 06:52:32 [info     ] epoch_complete                 epoch=46 is_best=False lr=0.0005727368421052382 total_epochs=100 train_loss=1.48845 val_loss=1.529888
2026-05-13 06:52:32 [debug    ] epoch_start                    epoch=47 total_epochs=100
2026-05-13 06:55:36 [info     ] epoch_complete                 epoch=47 is_best=False lr=0.0005623157894736578 total_epochs=100 train_loss=1.680839 val_loss=1.704591
2026-05-13 06:55:36 [debug    ] epoch_start                    epoch=48 total_epochs=100
2026-05-13 06:58:39 [info     ] epoch_complete                 epoch=48 is_best=False lr=0.0005518947368420759 total_epochs=100 train_loss=1.77908 val_loss=1.704155
2026-05-13 06:58:39 [debug    ] epoch_start                    epoch=49 total_epochs=100
2026-05-13 07:01:43 [info     ] epoch_complete                 epoch=49 is_best=False lr=0.0005414736842104961 total_epochs=100 train_loss=1.780301 val_loss=1.705637
2026-05-13 07:01:43 [debug    ] epoch_start                    epoch=50 total_epochs=100
2026-05-13 07:04:45 [info     ] epoch_complete                 epoch=50 is_best=False lr=0.0005310526315789146 total_epochs=100 train_loss=1.780488 val_loss=1.705258
2026-05-13 07:04:45 [debug    ] epoch_start                    epoch=51 total_epochs=100
2026-05-13 07:07:47 [info     ] epoch_complete                 epoch=51 is_best=False lr=0.000520631578947333 total_epochs=100 train_loss=1.779124 val_loss=1.70532
2026-05-13 07:07:47 [debug    ] epoch_start                    epoch=52 total_epochs=100
2026-05-13 07:10:51 [info     ] epoch_complete                 epoch=52 is_best=False lr=0.0005102105263157525 total_epochs=100 train_loss=1.779433 val_loss=1.704174
2026-05-13 07:10:51 [debug    ] epoch_start                    epoch=53 total_epochs=100
2026-05-13 07:13:52 [info     ] epoch_complete                 epoch=53 is_best=False lr=0.0004997894736841728 total_epochs=100 train_loss=1.779966 val_loss=1.702159
2026-05-13 07:13:52 [debug    ] epoch_start                    epoch=54 total_epochs=100
2026-05-13 07:16:54 [info     ] epoch_complete                 epoch=54 is_best=False lr=0.0004893684210525919 total_epochs=100 train_loss=1.779316 val_loss=1.70449
2026-05-13 07:16:54 [debug    ] epoch_start                    epoch=55 total_epochs=100
2026-05-13 07:20:05 [info     ] epoch_complete                 epoch=55 is_best=False lr=0.0004789473684210131 total_epochs=100 train_loss=1.779614 val_loss=1.70273
2026-05-13 07:20:05 [debug    ] epoch_start                    epoch=56 total_epochs=100
2026-05-13 07:23:08 [info     ] epoch_complete                 epoch=56 is_best=False lr=0.0004685263157894354 total_epochs=100 train_loss=1.779327 val_loss=1.703146
2026-05-13 07:23:08 [debug    ] epoch_start                    epoch=57 total_epochs=100
2026-05-13 07:26:12 [info     ] epoch_complete                 epoch=57 is_best=False lr=0.0004581052631578573 total_epochs=100 train_loss=1.779559 val_loss=1.704107
2026-05-13 07:26:12 [debug    ] epoch_start                    epoch=58 total_epochs=100
2026-05-13 07:29:22 [info     ] epoch_complete                 epoch=58 is_best=False lr=0.0004476842105262795 total_epochs=100 train_loss=1.779714 val_loss=1.703179
2026-05-13 07:29:22 [debug    ] epoch_start                    epoch=59 total_epochs=100
2026-05-13 07:32:32 [info     ] epoch_complete                 epoch=59 is_best=False lr=0.0004372631578947018 total_epochs=100 train_loss=1.778703 val_loss=1.705361
2026-05-13 07:32:32 [debug    ] epoch_start                    epoch=60 total_epochs=100
2026-05-13 07:35:35 [info     ] epoch_complete                 epoch=60 is_best=False lr=0.0004268421052631232 total_epochs=100 train_loss=1.779745 val_loss=1.703632
2026-05-13 07:35:35 [debug    ] epoch_start                    epoch=61 total_epochs=100
2026-05-13 07:38:37 [info     ] epoch_complete                 epoch=61 is_best=False lr=0.0004164210526315453 total_epochs=100 train_loss=1.779757 val_loss=1.704755
2026-05-13 07:38:37 [debug    ] epoch_start                    epoch=62 total_epochs=100
2026-05-13 07:41:39 [info     ] epoch_complete                 epoch=62 is_best=False lr=0.0004059999999999677 total_epochs=100 train_loss=1.780132 val_loss=1.70749
2026-05-13 07:41:39 [debug    ] epoch_start                    epoch=63 total_epochs=100
2026-05-13 07:44:41 [info     ] epoch_complete                 epoch=63 is_best=False lr=0.00039557894736839017 total_epochs=100 train_loss=1.779365 val_loss=1.707142
2026-05-13 07:44:41 [debug    ] epoch_start                    epoch=64 total_epochs=100
2026-05-13 07:47:44 [info     ] epoch_complete                 epoch=64 is_best=False lr=0.000385157894736813 total_epochs=100 train_loss=1.780812 val_loss=1.704291
2026-05-13 07:47:44 [debug    ] epoch_start                    epoch=65 total_epochs=100
2026-05-13 07:50:47 [info     ] epoch_complete                 epoch=65 is_best=False lr=0.0003747368421052355 total_epochs=100 train_loss=1.779234 val_loss=1.703905
2026-05-13 07:50:47 [debug    ] epoch_start                    epoch=66 total_epochs=100
2026-05-13 07:53:50 [info     ] epoch_complete                 epoch=66 is_best=False lr=0.00036431578947365787 total_epochs=100 train_loss=1.779948 val_loss=1.703785
2026-05-13 07:53:50 [debug    ] epoch_start                    epoch=67 total_epochs=100
2026-05-13 07:56:52 [info     ] epoch_complete                 epoch=67 is_best=False lr=0.00035389473684208046 total_epochs=100 train_loss=1.7801 val_loss=1.705209
2026-05-13 07:56:52 [debug    ] epoch_start                    epoch=68 total_epochs=100
2026-05-13 07:59:55 [info     ] epoch_complete                 epoch=68 is_best=False lr=0.00034347368421050375 total_epochs=100 train_loss=1.780654 val_loss=1.705061
2026-05-13 07:59:55 [debug    ] epoch_start                    epoch=69 total_epochs=100
2026-05-13 08:02:59 [info     ] epoch_complete                 epoch=69 is_best=False lr=0.00033305263157892655 total_epochs=100 train_loss=1.779664 val_loss=1.699895
2026-05-13 08:02:59 [debug    ] epoch_start                    epoch=70 total_epochs=100
2026-05-13 08:06:03 [info     ] epoch_complete                 epoch=70 is_best=False lr=0.0003226315789473494 total_epochs=100 train_loss=1.778323 val_loss=1.703443
2026-05-13 08:06:03 [debug    ] epoch_start                    epoch=71 total_epochs=100
2026-05-13 08:09:06 [info     ] epoch_complete                 epoch=71 is_best=False lr=0.00031221052631577205 total_epochs=100 train_loss=1.780707 val_loss=1.704013
2026-05-13 08:09:06 [debug    ] epoch_start                    epoch=72 total_epochs=100
2026-05-13 08:12:09 [info     ] epoch_complete                 epoch=72 is_best=False lr=0.00030178947368419485 total_epochs=100 train_loss=1.779381 val_loss=1.703569
2026-05-13 08:12:09 [debug    ] epoch_start                    epoch=73 total_epochs=100
2026-05-13 08:15:13 [info     ] epoch_complete                 epoch=73 is_best=False lr=0.00029136842105261787 total_epochs=100 train_loss=1.779435 val_loss=1.702881
2026-05-13 08:15:13 [debug    ] epoch_start                    epoch=74 total_epochs=100
2026-05-13 08:18:16 [info     ] epoch_complete                 epoch=74 is_best=False lr=0.0002809473684210407 total_epochs=100 train_loss=1.77885 val_loss=1.702881
2026-05-13 08:18:16 [debug    ] epoch_start                    epoch=75 total_epochs=100
2026-05-13 08:21:20 [info     ] epoch_complete                 epoch=75 is_best=False lr=0.00027052631578946336 total_epochs=100 train_loss=1.778419 val_loss=1.702881
2026-05-13 08:21:20 [debug    ] epoch_start                    epoch=76 total_epochs=100
2026-05-13 08:24:24 [info     ] epoch_complete                 epoch=76 is_best=False lr=0.00026010526315788665 total_epochs=100 train_loss=1.779025 val_loss=1.702881
2026-05-13 08:24:24 [debug    ] epoch_start                    epoch=77 total_epochs=100
2026-05-13 08:27:27 [info     ] epoch_complete                 epoch=77 is_best=False lr=0.00024968421052630984 total_epochs=100 train_loss=1.778998 val_loss=1.702881
2026-05-13 08:27:27 [debug    ] epoch_start                    epoch=78 total_epochs=100
2026-05-13 08:30:31 [info     ] epoch_complete                 epoch=78 is_best=False lr=0.00023926315789473201 total_epochs=100 train_loss=1.780624 val_loss=1.702881
2026-05-13 08:30:31 [debug    ] epoch_start                    epoch=79 total_epochs=100
2026-05-13 08:33:34 [info     ] epoch_complete                 epoch=79 is_best=False lr=0.00022884210526315322 total_epochs=100 train_loss=1.779472 val_loss=1.702881
2026-05-13 08:33:34 [debug    ] epoch_start                    epoch=80 total_epochs=100
2026-05-13 08:36:37 [info     ] epoch_complete                 epoch=80 is_best=False lr=0.00021842105263157442 total_epochs=100 train_loss=1.778409 val_loss=1.702881
2026-05-13 08:36:37 [debug    ] epoch_start                    epoch=81 total_epochs=100
2026-05-13 08:39:40 [info     ] epoch_complete                 epoch=81 is_best=False lr=0.00020799999999999568 total_epochs=100 train_loss=1.779176 val_loss=1.702881
2026-05-13 08:39:40 [debug    ] epoch_start                    epoch=82 total_epochs=100
2026-05-13 08:42:43 [info     ] epoch_complete                 epoch=82 is_best=False lr=0.00019757894736841696 total_epochs=100 train_loss=1.778342 val_loss=1.702881
2026-05-13 08:42:43 [debug    ] epoch_start                    epoch=83 total_epochs=100
2026-05-13 08:45:46 [info     ] epoch_complete                 epoch=83 is_best=False lr=0.00018715789473683814 total_epochs=100 train_loss=1.77894 val_loss=1.702881
2026-05-13 08:45:46 [debug    ] epoch_start                    epoch=84 total_epochs=100
2026-05-13 08:48:49 [info     ] epoch_complete                 epoch=84 is_best=False lr=0.0001767368421052593 total_epochs=100 train_loss=1.778604 val_loss=1.702881
2026-05-13 08:48:49 [debug    ] epoch_start                    epoch=85 total_epochs=100
2026-05-13 08:51:52 [info     ] epoch_complete                 epoch=85 is_best=False lr=0.0001663157894736805 total_epochs=100 train_loss=1.77863 val_loss=1.702881
2026-05-13 08:51:52 [debug    ] epoch_start                    epoch=86 total_epochs=100
2026-05-13 08:54:54 [info     ] epoch_complete                 epoch=86 is_best=False lr=0.00015589473684210177 total_epochs=100 train_loss=1.779166 val_loss=1.702881
2026-05-13 08:54:54 [debug    ] epoch_start                    epoch=87 total_epochs=100
2026-05-13 08:57:56 [info     ] epoch_complete                 epoch=87 is_best=False lr=0.00014547368421052273 total_epochs=100 train_loss=1.778548 val_loss=1.702881
2026-05-13 08:57:56 [debug    ] epoch_start                    epoch=88 total_epochs=100
2026-05-13 09:01:00 [info     ] epoch_complete                 epoch=88 is_best=False lr=0.0001350526315789436 total_epochs=100 train_loss=1.779173 val_loss=1.702881
2026-05-13 09:01:00 [debug    ] epoch_start                    epoch=89 total_epochs=100
2026-05-13 09:04:03 [info     ] epoch_complete                 epoch=89 is_best=False lr=0.00012463157894736446 total_epochs=100 train_loss=1.779021 val_loss=1.702881
2026-05-13 09:04:03 [debug    ] epoch_start                    epoch=90 total_epochs=100
2026-05-13 09:07:07 [info     ] epoch_complete                 epoch=90 is_best=False lr=0.00011421052631578583 total_epochs=100 train_loss=1.779872 val_loss=1.702881
2026-05-13 09:07:07 [debug    ] epoch_start                    epoch=91 total_epochs=100
2026-05-13 09:10:09 [info     ] epoch_complete                 epoch=91 is_best=False lr=0.00010378947368420738 total_epochs=100 train_loss=1.779402 val_loss=1.702881
2026-05-13 09:10:09 [debug    ] epoch_start                    epoch=92 total_epochs=100
2026-05-13 09:13:12 [info     ] epoch_complete                 epoch=92 is_best=False lr=9.336842105262894e-05 total_epochs=100 train_loss=1.779878 val_loss=1.702881
2026-05-13 09:13:12 [debug    ] epoch_start                    epoch=93 total_epochs=100
2026-05-13 09:16:16 [info     ] epoch_complete                 epoch=93 is_best=False lr=8.294736842105052e-05 total_epochs=100 train_loss=1.77951 val_loss=1.702881
2026-05-13 09:16:16 [debug    ] epoch_start                    epoch=94 total_epochs=100
2026-05-13 09:19:21 [info     ] epoch_complete                 epoch=94 is_best=False lr=7.252631578947223e-05 total_epochs=100 train_loss=1.778646 val_loss=1.702881
2026-05-13 09:19:21 [debug    ] epoch_start                    epoch=95 total_epochs=100
2026-05-13 09:22:26 [info     ] epoch_complete                 epoch=95 is_best=False lr=6.210526315789394e-05 total_epochs=100 train_loss=1.779027 val_loss=1.702881
2026-05-13 09:22:26 [debug    ] epoch_start                    epoch=96 total_epochs=100
2026-05-13 09:25:31 [info     ] epoch_complete                 epoch=96 is_best=False lr=5.168421052631513e-05 total_epochs=100 train_loss=1.779341 val_loss=1.702881
2026-05-13 09:25:31 [debug    ] epoch_start                    epoch=97 total_epochs=100
2026-05-13 09:28:36 [info     ] epoch_complete                 epoch=97 is_best=False lr=4.126315789473632e-05 total_epochs=100 train_loss=1.77884 val_loss=1.702881
2026-05-13 09:28:36 [debug    ] epoch_start                    epoch=98 total_epochs=100
2026-05-13 09:31:42 [info     ] epoch_complete                 epoch=98 is_best=False lr=3.0842105263157485e-05 total_epochs=100 train_loss=1.778282 val_loss=1.702881
2026-05-13 09:31:42 [debug    ] epoch_start                    epoch=99 total_epochs=100
2026-05-13 09:34:49 [info     ] epoch_complete                 epoch=99 is_best=False lr=2.042105263157871e-05 total_epochs=100 train_loss=1.778684 val_loss=1.702881
2026-05-13 09:34:49 [debug    ] epoch_start                    epoch=100 total_epochs=100
2026-05-13 09:37:57 [info     ] epoch_complete                 epoch=100 is_best=False lr=9.999999999999911e-06 total_epochs=100 train_loss=1.779604 val_loss=1.702881
2026-05-13 09:37:57 [info     ] training_log_saved             path=data/models/epochs_100_seed2/training_losses.csv
2026-05-13 09:37:57 [info     ] training_complete              best_val_loss=0.038098
2026-05-13 09:37:57 [info     ] train_typecode_done            typecode=A320
2026-05-13 09:37:57 [info     ] train_done                     typecodes=['A320']

$ uv run fdm train --arch adsb --config results/epochs_100_seed2/config.yaml --model-name epochs_100_seed2 --epochs 100 --batch-size 128 --lr 0.001 --method rk4 --seq-len 60 --train-limit 5000 --activation silu --seed 2 --device cuda --use-mode-weights --mode-weight-alpha 0.5
