2026-05-13 16:03:23 [info     ] evaluate_start                 arch=adsb typecodes=['A320']
2026-05-13 16:03:23 [info     ] evaluate_typecode              flights=542 typecode=A320
2026-05-13 16:03:36 [info     ] evaluate_done                  output=data/model_performance/lr_0.003_seed2/performance.parquet rows=16
shape: (16, 11)
┌──────────┬─────────────────────────┬──────────────┬───────┬─────────┬──────────┬──────────┬──────────┬─────────┬──────────┬────────┐
│ Aircraft ┆ Variable                ┆ Phase        ┆ Model ┆ MAE     ┆ MAE_std  ┆ MAPE (%) ┆ MAPE_std ┆ ME      ┆ ME_std   ┆ Count  │
│ ---      ┆ ---                     ┆ ---          ┆ ---   ┆ ---     ┆ ---      ┆ ---      ┆ ---      ┆ ---     ┆ ---      ┆ ---    │
│ str      ┆ str                     ┆ str          ┆ str   ┆ f64     ┆ f64      ┆ f64      ┆ f64      ┆ f64     ┆ f64      ┆ i64    │
╞══════════╪═════════════════════════╪══════════════╪═══════╪═════════╪══════════╪══════════╪══════════╪═════════╪══════════╪════════╡
│ A320     ┆ Altitude [m]            ┆ All phases   ┆ PRED  ┆ 294.049 ┆ 601.066  ┆ 6.061    ┆ 18.669   ┆ 120.741 ┆ 658.154  ┆ 478843 │
│ A320     ┆ Altitude [m]            ┆ Climb        ┆ PRED  ┆ 805.853 ┆ 1035.502 ┆ 17.777   ┆ 35.935   ┆ 557.714 ┆ 1187.694 ┆ 90018  │
│ A320     ┆ Altitude [m]            ┆ Level flight ┆ PRED  ┆ 105.727 ┆ 207.859  ┆ 1.315    ┆ 5.635    ┆ 29.102  ┆ 231.380  ┆ 296839 │
│ A320     ┆ Altitude [m]            ┆ Descent      ┆ PRED  ┆ 400.913 ┆ 556.533  ┆ 9.913    ┆ 15.044   ┆ -11.161 ┆ 685.810  ┆ 91986  │
│ A320     ┆ Flight path angle [deg] ┆ All phases   ┆ PRED  ┆ 0.291   ┆ 0.620    ┆ NaN      ┆ NaN      ┆ -0.059  ┆ 0.683    ┆ 478843 │
│ A320     ┆ Flight path angle [deg] ┆ Climb        ┆ PRED  ┆ 0.713   ┆ 0.955    ┆ NaN      ┆ NaN      ┆ -0.429  ┆ 1.112    ┆ 90018  │
│ A320     ┆ Flight path angle [deg] ┆ Level flight ┆ PRED  ┆ 0.080   ┆ 0.248    ┆ NaN      ┆ NaN      ┆ -0.003  ┆ 0.261    ┆ 296839 │
│ A320     ┆ Flight path angle [deg] ┆ Descent      ┆ PRED  ┆ 0.561   ┆ 0.721    ┆ NaN      ┆ NaN      ┆ 0.124   ┆ 0.905    ┆ 91986  │
│ A320     ┆ Heading [deg]           ┆ All phases   ┆ PRED  ┆ 2.392   ┆ 6.865    ┆ NaN      ┆ NaN      ┆ 0.052   ┆ 7.270    ┆ 478843 │
│ A320     ┆ Heading [deg]           ┆ Climb        ┆ PRED  ┆ 2.678   ┆ 7.043    ┆ NaN      ┆ NaN      ┆ -0.249  ┆ 7.530    ┆ 90018  │
│ A320     ┆ Heading [deg]           ┆ Level flight ┆ PRED  ┆ 2.174   ┆ 6.431    ┆ NaN      ┆ NaN      ┆ 0.117   ┆ 6.787    ┆ 296839 │
│ A320     ┆ Heading [deg]           ┆ Descent      ┆ PRED  ┆ 2.817   ┆ 7.933    ┆ NaN      ┆ NaN      ┆ 0.138   ┆ 8.417    ┆ 91986  │
│ A320     ┆ True airspeed [m/s]     ┆ All phases   ┆ PRED  ┆ 3.069   ┆ 7.791    ┆ 1.780    ┆ 6.193    ┆ 0.669   ┆ 8.346    ┆ 478843 │
│ A320     ┆ True airspeed [m/s]     ┆ Climb        ┆ PRED  ┆ 6.102   ┆ 14.000   ┆ 3.867    ┆ 10.926   ┆ 4.216   ┆ 14.679   ┆ 90018  │
│ A320     ┆ True airspeed [m/s]     ┆ Level flight ┆ PRED  ┆ 1.831   ┆ 4.325    ┆ 0.934    ┆ 4.243    ┆ 0.020   ┆ 4.696    ┆ 296839 │
│ A320     ┆ True airspeed [m/s]     ┆ Descent      ┆ PRED  ┆ 4.094   ┆ 6.986    ┆ 2.465    ┆ 4.206    ┆ -0.706  ┆ 8.066    ┆ 91986  │
└──────────┴─────────────────────────┴──────────────┴───────┴─────────┴──────────┴──────────┴──────────┴─────────┴──────────┴────────┘

$ uv run fdm evaluate --arch adsb --config results/lr_0.003_seed2/config.yaml --model-name lr_0.003_seed2
