2026-05-13 12:02:06 [info     ] evaluate_start                 arch=adsb typecodes=['A320']
2026-05-13 12:02:06 [info     ] evaluate_typecode              flights=542 typecode=A320
2026-05-13 12:02:19 [info     ] evaluate_done                  output=data/model_performance/lr_0.0005_seed2/performance.parquet rows=16
shape: (16, 11)
┌──────────┬─────────────────────────┬──────────────┬───────┬─────────┬──────────┬──────────┬──────────┬─────────┬──────────┬────────┐
│ Aircraft ┆ Variable                ┆ Phase        ┆ Model ┆ MAE     ┆ MAE_std  ┆ MAPE (%) ┆ MAPE_std ┆ ME      ┆ ME_std   ┆ Count  │
│ ---      ┆ ---                     ┆ ---          ┆ ---   ┆ ---     ┆ ---      ┆ ---      ┆ ---      ┆ ---     ┆ ---      ┆ ---    │
│ str      ┆ str                     ┆ str          ┆ str   ┆ f64     ┆ f64      ┆ f64      ┆ f64      ┆ f64     ┆ f64      ┆ i64    │
╞══════════╪═════════════════════════╪══════════════╪═══════╪═════════╪══════════╪══════════╪══════════╪═════════╪══════════╪════════╡
│ A320     ┆ Altitude [m]            ┆ All phases   ┆ PRED  ┆ 323.564 ┆ 622.881  ┆ 6.445    ┆ 19.699   ┆ 95.540  ┆ 695.375  ┆ 478843 │
│ A320     ┆ Altitude [m]            ┆ Climb        ┆ PRED  ┆ 842.816 ┆ 1113.706 ┆ 18.625   ┆ 38.531   ┆ 635.953 ┆ 1243.480 ┆ 90018  │
│ A320     ┆ Altitude [m]            ┆ Level flight ┆ PRED  ┆ 143.335 ┆ 218.011  ┆ 1.683    ┆ 5.858    ┆ -41.584 ┆ 257.574  ┆ 296839 │
│ A320     ┆ Altitude [m]            ┆ Descent      ┆ PRED  ┆ 397.022 ┆ 527.660  ┆ 9.890    ┆ 15.038   ┆ 9.187   ┆ 660.278  ┆ 91986  │
│ A320     ┆ Flight path angle [deg] ┆ All phases   ┆ PRED  ┆ 0.292   ┆ 0.615    ┆ NaN      ┆ NaN      ┆ -0.057  ┆ 0.679    ┆ 478843 │
│ A320     ┆ Flight path angle [deg] ┆ Climb        ┆ PRED  ┆ 0.718   ┆ 0.957    ┆ NaN      ┆ NaN      ┆ -0.432  ┆ 1.115    ┆ 90018  │
│ A320     ┆ Flight path angle [deg] ┆ Level flight ┆ PRED  ┆ 0.082   ┆ 0.247    ┆ NaN      ┆ NaN      ┆ -0.008  ┆ 0.260    ┆ 296839 │
│ A320     ┆ Flight path angle [deg] ┆ Descent      ┆ PRED  ┆ 0.554   ┆ 0.699    ┆ NaN      ┆ NaN      ┆ 0.152   ┆ 0.879    ┆ 91986  │
│ A320     ┆ Heading [deg]           ┆ All phases   ┆ PRED  ┆ 2.050   ┆ 7.099    ┆ NaN      ┆ NaN      ┆ 0.208   ┆ 7.386    ┆ 478843 │
│ A320     ┆ Heading [deg]           ┆ Climb        ┆ PRED  ┆ 2.339   ┆ 7.087    ┆ NaN      ┆ NaN      ┆ -0.072  ┆ 7.462    ┆ 90018  │
│ A320     ┆ Heading [deg]           ┆ Level flight ┆ PRED  ┆ 1.812   ┆ 6.772    ┆ NaN      ┆ NaN      ┆ 0.376   ┆ 7.001    ┆ 296839 │
│ A320     ┆ Heading [deg]           ┆ Descent      ┆ PRED  ┆ 2.535   ┆ 8.041    ┆ NaN      ┆ NaN      ┆ -0.061  ┆ 8.431    ┆ 91986  │
│ A320     ┆ True airspeed [m/s]     ┆ All phases   ┆ PRED  ┆ 2.949   ┆ 7.268    ┆ 1.686    ┆ 5.727    ┆ 0.624   ┆ 7.819    ┆ 478843 │
│ A320     ┆ True airspeed [m/s]     ┆ Climb        ┆ PRED  ┆ 5.636   ┆ 12.755   ┆ 3.554    ┆ 10.071   ┆ 3.526   ┆ 13.492   ┆ 90018  │
│ A320     ┆ True airspeed [m/s]     ┆ Level flight ┆ PRED  ┆ 1.812   ┆ 4.166    ┆ 0.904    ┆ 3.885    ┆ 0.045   ┆ 4.543    ┆ 296839 │
│ A320     ┆ True airspeed [m/s]     ┆ Descent      ┆ PRED  ┆ 3.990   ┆ 6.889    ┆ 2.385    ┆ 4.108    ┆ -0.347  ┆ 7.953    ┆ 91986  │
└──────────┴─────────────────────────┴──────────────┴───────┴─────────┴──────────┴──────────┴──────────┴─────────┴──────────┴────────┘

$ uv run fdm evaluate --arch adsb --config results/lr_0.0005_seed2/config.yaml --model-name lr_0.0005_seed2
