2026-05-13 07:31:24 [info     ] train_start                    arch=adsb device=cuda typecodes=['A320']
2026-05-13 07:31:24 [info     ] train_typecode                 typecode=A320
2026-05-13 07:31:24 [info     ] mode_weights_computed          alpha=0.5 bottom5_labels=[['ALT_MACH', 0.6206242276704164, 556092], ['ALT_UNK', 0.6891691293583678, 450975], ['TURN', 0.8913340435092099, 269602], ['UNKVERT_MACH', 0.9861637175043825, 220245], ['ALT_CAS', 1.0707556265239335, 186820]] imbalance_ratio=40.174252275682704 n_labels=13 top5_labels=[['VZ_CAS', 3.9337125975553753, 13842], ['VZ_UNK', 2.533593642654822, 33368], ['GAMMA_CAS', 2.453056495492336, 35595], ['VZ_MACH', 2.0015537788607305, 53465], ['UNKVERT_CAS', 1.936559122733483, 57114]] weight_ratio_max_over_min=6.33831620193271
2026-05-13 07:31:25 [info     ] loading_data                   train_flights=1594 val_flights=247
2026-05-13 07:31:25 [warning  ] e1_column_missing              column=fdm_g_sin_gamma_ms2
2026-05-13 07:31:25 [warning  ] e1_column_missing              column=fdm_cos_gamma
2026-05-13 07:31:25 [warning  ] e1_column_missing              column=fdm_q_pa
2026-05-13 07:31:25 [warning  ] e1_column_missing              column=fdm_g_over_v
2026-05-13 07:31:25 [warning  ] e1_column_missing              column=fdm_lat_wind_ms
2026-05-13 07:31:25 [warning  ] e1_column_missing              column=fdm_drift_rad
2026-05-13 07:31:25 [warning  ] e1_column_missing              column=fdm_track_rad
2026-05-13 07:31:25 [warning  ] e1_column_missing              column=fdm_heading_diff_rad
2026-05-13 07:31:31 [warning  ] e1_column_missing              column=fdm_g_sin_gamma_ms2
2026-05-13 07:31:31 [warning  ] e1_column_missing              column=fdm_cos_gamma
2026-05-13 07:31:31 [warning  ] e1_column_missing              column=fdm_q_pa
2026-05-13 07:31:31 [warning  ] e1_column_missing              column=fdm_g_over_v
2026-05-13 07:31:31 [warning  ] e1_column_missing              column=fdm_lat_wind_ms
2026-05-13 07:31:31 [warning  ] e1_column_missing              column=fdm_drift_rad
2026-05-13 07:31:31 [warning  ] e1_column_missing              column=fdm_track_rad
2026-05-13 07:31:31 [warning  ] e1_column_missing              column=fdm_heading_diff_rad
2026-05-13 07:31:32 [info     ] data_loaded                    train_samples=23212 val_samples=3628
2026-05-13 07:31:48 [debug    ] meta_saved                     path=data/models/lr_0.0005_seed2/meta.json
2026-05-13 07:31:48 [info     ] trainer_initialized            architecture=node_adsb_v1 device=cuda train_samples=23212 val_samples=3628
2026-05-13 07:31:48 [info     ] preloading_data_to_gpu
2026-05-13 07:31:48 [debug    ] epoch_start                    epoch=1 total_epochs=50
/data/common/dataiku/config/projects/NODEFDM/lib/python/.venv/lib/python3.12/site-packages/torch/_inductor/compile_fx.py:321: UserWarning: TensorFloat32 tensor cores for float32 matrix multiplication available but not enabled. Consider setting `torch.set_float32_matmul_precision('high')` for better performance.
  warnings.warn(
2026-05-13 07:32:13 [info     ] debug_magnitudes               norm_mean=['8568.283203', '-0.001322', '213.622833', '3.253931'] norm_std=['2269.236084', '0.038830', '32.838379', '1.246786'] ode_loss=1.356967
W0513 07:36:16.046000 3913504 torch/_dynamo/convert_frame.py:1676] [0/8] torch._dynamo hit config.recompile_limit (8)
W0513 07:36:16.046000 3913504 torch/_dynamo/convert_frame.py:1676] [0/8]    function: 'forward' (/data/common/dataiku/config/projects/NODEFDM/lib/python/packages/node-fdm/src/node_fdm/models/fdm.py:181)
W0513 07:36:16.046000 3913504 torch/_dynamo/convert_frame.py:1676] [0/8]    last reason: 0/7: tensor 'self.history['raw_alt_m']' size mismatch at index 1. expected 1, actual 2
W0513 07:36:16.046000 3913504 torch/_dynamo/convert_frame.py:1676] [0/8] To log all recompilation reasons, use TORCH_LOGS="recompiles".
W0513 07:36:16.046000 3913504 torch/_dynamo/convert_frame.py:1676] [0/8] To diagnose recompilation issues, see https://pytorch.org/docs/main/compile/programming_model.recompilation.html
2026-05-13 07:36:17 [debug    ] meta_saved                     path=data/models/lr_0.0005_seed2/meta.json
2026-05-13 07:36:17 [debug    ] model_saved                    epoch=1
2026-05-13 07:36:17 [info     ] epoch_complete                 epoch=1 is_best=True lr=0.00010799999999999989 total_epochs=50 train_loss=0.373098 val_loss=0.294238
2026-05-13 07:36:17 [debug    ] epoch_start                    epoch=2 total_epochs=50
2026-05-13 07:39:19 [debug    ] meta_saved                     path=data/models/lr_0.0005_seed2/meta.json
2026-05-13 07:39:19 [debug    ] model_saved                    epoch=2
2026-05-13 07:39:19 [info     ] epoch_complete                 epoch=2 is_best=True lr=0.00020599999999999945 total_epochs=50 train_loss=0.169114 val_loss=0.075321
2026-05-13 07:39:19 [debug    ] epoch_start                    epoch=3 total_epochs=50
2026-05-13 07:42:22 [debug    ] meta_saved                     path=data/models/lr_0.0005_seed2/meta.json
2026-05-13 07:42:22 [debug    ] model_saved                    epoch=3
2026-05-13 07:42:22 [info     ] epoch_complete                 epoch=3 is_best=True lr=0.0003039999999999982 total_epochs=50 train_loss=0.081261 val_loss=0.068212
2026-05-13 07:42:22 [debug    ] epoch_start                    epoch=4 total_epochs=50
2026-05-13 07:45:24 [debug    ] meta_saved                     path=data/models/lr_0.0005_seed2/meta.json
2026-05-13 07:45:24 [debug    ] model_saved                    epoch=4
2026-05-13 07:45:24 [info     ] epoch_complete                 epoch=4 is_best=True lr=0.00040199999999999736 total_epochs=50 train_loss=0.066547 val_loss=0.048712
2026-05-13 07:45:24 [debug    ] epoch_start                    epoch=5 total_epochs=50
2026-05-13 07:48:25 [debug    ] meta_saved                     path=data/models/lr_0.0005_seed2/meta.json
2026-05-13 07:48:25 [debug    ] model_saved                    epoch=5
2026-05-13 07:48:25 [info     ] epoch_complete                 epoch=5 is_best=True lr=0.0005 total_epochs=50 train_loss=0.050859 val_loss=0.042073
2026-05-13 07:48:25 [debug    ] epoch_start                    epoch=6 total_epochs=50
2026-05-13 07:51:27 [debug    ] meta_saved                     path=data/models/lr_0.0005_seed2/meta.json
2026-05-13 07:51:27 [debug    ] model_saved                    epoch=6
2026-05-13 07:51:27 [info     ] epoch_complete                 epoch=6 is_best=True lr=0.0004891111111111086 total_epochs=50 train_loss=0.045901 val_loss=0.039556
2026-05-13 07:51:27 [debug    ] epoch_start                    epoch=7 total_epochs=50
2026-05-13 07:54:29 [info     ] epoch_complete                 epoch=7 is_best=False lr=0.00047822222222221924 total_epochs=50 train_loss=0.044535 val_loss=0.040395
2026-05-13 07:54:29 [debug    ] epoch_start                    epoch=8 total_epochs=50
2026-05-13 07:57:30 [info     ] epoch_complete                 epoch=8 is_best=False lr=0.0004673333333333305 total_epochs=50 train_loss=0.051319 val_loss=0.040831
2026-05-13 07:57:30 [debug    ] epoch_start                    epoch=9 total_epochs=50
2026-05-13 08:00:34 [debug    ] meta_saved                     path=data/models/lr_0.0005_seed2/meta.json
2026-05-13 08:00:34 [debug    ] model_saved                    epoch=9
2026-05-13 08:00:34 [info     ] epoch_complete                 epoch=9 is_best=True lr=0.000456444444444442 total_epochs=50 train_loss=0.044203 val_loss=0.038661
2026-05-13 08:00:34 [debug    ] epoch_start                    epoch=10 total_epochs=50
2026-05-13 08:03:35 [debug    ] meta_saved                     path=data/models/lr_0.0005_seed2/meta.json
2026-05-13 08:03:35 [debug    ] model_saved                    epoch=10
2026-05-13 08:03:35 [info     ] epoch_complete                 epoch=10 is_best=True lr=0.00044555555555555353 total_epochs=50 train_loss=0.042977 val_loss=0.037964
2026-05-13 08:03:35 [debug    ] epoch_start                    epoch=11 total_epochs=50
2026-05-13 08:06:37 [debug    ] meta_saved                     path=data/models/lr_0.0005_seed2/meta.json
2026-05-13 08:06:37 [debug    ] model_saved                    epoch=11
2026-05-13 08:06:37 [info     ] epoch_complete                 epoch=11 is_best=True lr=0.00043466666666666507 total_epochs=50 train_loss=0.042664 val_loss=0.037889
2026-05-13 08:06:37 [debug    ] epoch_start                    epoch=12 total_epochs=50
2026-05-13 08:09:39 [debug    ] meta_saved                     path=data/models/lr_0.0005_seed2/meta.json
2026-05-13 08:09:39 [debug    ] model_saved                    epoch=12
2026-05-13 08:09:39 [info     ] epoch_complete                 epoch=12 is_best=True lr=0.0004237777777777767 total_epochs=50 train_loss=0.042285 val_loss=0.037481
2026-05-13 08:09:39 [debug    ] epoch_start                    epoch=13 total_epochs=50
2026-05-13 08:12:43 [debug    ] meta_saved                     path=data/models/lr_0.0005_seed2/meta.json
2026-05-13 08:12:43 [debug    ] model_saved                    epoch=13
2026-05-13 08:12:43 [info     ] epoch_complete                 epoch=13 is_best=True lr=0.000412888888888888 total_epochs=50 train_loss=0.041988 val_loss=0.037225
2026-05-13 08:12:43 [debug    ] epoch_start                    epoch=14 total_epochs=50
2026-05-13 08:15:44 [debug    ] meta_saved                     path=data/models/lr_0.0005_seed2/meta.json
2026-05-13 08:15:44 [debug    ] model_saved                    epoch=14
2026-05-13 08:15:44 [info     ] epoch_complete                 epoch=14 is_best=True lr=0.00040199999999999925 total_epochs=50 train_loss=0.041799 val_loss=0.037216
2026-05-13 08:15:44 [debug    ] epoch_start                    epoch=15 total_epochs=50
2026-05-13 08:18:46 [debug    ] meta_saved                     path=data/models/lr_0.0005_seed2/meta.json
2026-05-13 08:18:46 [debug    ] model_saved                    epoch=15
2026-05-13 08:18:46 [info     ] epoch_complete                 epoch=15 is_best=True lr=0.00039111111111111096 total_epochs=50 train_loss=0.041615 val_loss=0.037129
2026-05-13 08:18:46 [debug    ] epoch_start                    epoch=16 total_epochs=50
2026-05-13 08:21:48 [info     ] epoch_complete                 epoch=16 is_best=False lr=0.0003802222222222225 total_epochs=50 train_loss=0.041265 val_loss=0.037515
2026-05-13 08:21:48 [debug    ] epoch_start                    epoch=17 total_epochs=50
2026-05-13 08:24:50 [debug    ] meta_saved                     path=data/models/lr_0.0005_seed2/meta.json
2026-05-13 08:24:50 [debug    ] model_saved                    epoch=17
2026-05-13 08:24:50 [info     ] epoch_complete                 epoch=17 is_best=True lr=0.0003693333333333338 total_epochs=50 train_loss=0.041155 val_loss=0.036719
2026-05-13 08:24:50 [debug    ] epoch_start                    epoch=18 total_epochs=50
2026-05-13 08:27:52 [debug    ] meta_saved                     path=data/models/lr_0.0005_seed2/meta.json
2026-05-13 08:27:52 [debug    ] model_saved                    epoch=18
2026-05-13 08:27:52 [info     ] epoch_complete                 epoch=18 is_best=True lr=0.0003584444444444455 total_epochs=50 train_loss=0.040783 val_loss=0.036505
2026-05-13 08:27:52 [debug    ] epoch_start                    epoch=19 total_epochs=50
2026-05-13 08:30:53 [debug    ] meta_saved                     path=data/models/lr_0.0005_seed2/meta.json
2026-05-13 08:30:53 [debug    ] model_saved                    epoch=19
2026-05-13 08:30:53 [info     ] epoch_complete                 epoch=19 is_best=True lr=0.0003475555555555573 total_epochs=50 train_loss=0.040537 val_loss=0.036132
2026-05-13 08:30:53 [debug    ] epoch_start                    epoch=20 total_epochs=50
2026-05-13 08:33:54 [info     ] epoch_complete                 epoch=20 is_best=False lr=0.00033666666666666865 total_epochs=50 train_loss=0.040546 val_loss=0.03649
2026-05-13 08:33:54 [debug    ] epoch_start                    epoch=21 total_epochs=50
2026-05-13 08:36:55 [info     ] epoch_complete                 epoch=21 is_best=False lr=0.0003257777777777805 total_epochs=50 train_loss=0.040666 val_loss=0.036139
2026-05-13 08:36:55 [debug    ] epoch_start                    epoch=22 total_epochs=50
2026-05-13 08:39:57 [debug    ] meta_saved                     path=data/models/lr_0.0005_seed2/meta.json
2026-05-13 08:39:57 [debug    ] model_saved                    epoch=22
2026-05-13 08:39:57 [info     ] epoch_complete                 epoch=22 is_best=True lr=0.00031488888888889287 total_epochs=50 train_loss=0.040087 val_loss=0.035996
2026-05-13 08:39:57 [debug    ] epoch_start                    epoch=23 total_epochs=50
2026-05-13 08:42:58 [info     ] epoch_complete                 epoch=23 is_best=False lr=0.0003040000000000049 total_epochs=50 train_loss=0.039974 val_loss=0.036462
2026-05-13 08:42:58 [debug    ] epoch_start                    epoch=24 total_epochs=50
2026-05-13 08:46:01 [debug    ] meta_saved                     path=data/models/lr_0.0005_seed2/meta.json
2026-05-13 08:46:01 [debug    ] model_saved                    epoch=24
2026-05-13 08:46:01 [info     ] epoch_complete                 epoch=24 is_best=True lr=0.0002931111111111166 total_epochs=50 train_loss=0.039876 val_loss=0.035737
2026-05-13 08:46:01 [debug    ] epoch_start                    epoch=25 total_epochs=50
2026-05-13 08:49:01 [info     ] epoch_complete                 epoch=25 is_best=False lr=0.00028222222222222857 total_epochs=50 train_loss=0.042834 val_loss=0.036528
2026-05-13 08:49:01 [debug    ] epoch_start                    epoch=26 total_epochs=50
2026-05-13 08:52:02 [info     ] epoch_complete                 epoch=26 is_best=False lr=0.0002713333333333405 total_epochs=50 train_loss=0.0402 val_loss=0.035919
2026-05-13 08:52:02 [debug    ] epoch_start                    epoch=27 total_epochs=50
2026-05-13 08:55:04 [info     ] epoch_complete                 epoch=27 is_best=False lr=0.00026044444444445257 total_epochs=50 train_loss=0.039627 val_loss=0.035837
2026-05-13 08:55:04 [debug    ] epoch_start                    epoch=28 total_epochs=50
2026-05-13 08:58:05 [debug    ] meta_saved                     path=data/models/lr_0.0005_seed2/meta.json
2026-05-13 08:58:05 [debug    ] model_saved                    epoch=28
2026-05-13 08:58:05 [info     ] epoch_complete                 epoch=28 is_best=True lr=0.0002495555555555645 total_epochs=50 train_loss=0.039498 val_loss=0.035576
2026-05-13 08:58:05 [debug    ] epoch_start                    epoch=29 total_epochs=50
2026-05-13 09:01:07 [info     ] epoch_complete                 epoch=29 is_best=False lr=0.0002386666666666761 total_epochs=50 train_loss=0.039462 val_loss=0.035614
2026-05-13 09:01:08 [debug    ] epoch_start                    epoch=30 total_epochs=50
2026-05-13 09:04:09 [info     ] epoch_complete                 epoch=30 is_best=False lr=0.00022777777777778675 total_epochs=50 train_loss=0.03933 val_loss=0.036045
2026-05-13 09:04:09 [debug    ] epoch_start                    epoch=31 total_epochs=50
2026-05-13 09:07:09 [debug    ] meta_saved                     path=data/models/lr_0.0005_seed2/meta.json
2026-05-13 09:07:09 [debug    ] model_saved                    epoch=31
2026-05-13 09:07:09 [info     ] epoch_complete                 epoch=31 is_best=True lr=0.0002168888888888971 total_epochs=50 train_loss=0.039127 val_loss=0.035465
2026-05-13 09:07:09 [debug    ] epoch_start                    epoch=32 total_epochs=50
2026-05-13 09:10:10 [info     ] epoch_complete                 epoch=32 is_best=False lr=0.0002060000000000075 total_epochs=50 train_loss=0.039098 val_loss=0.035502
2026-05-13 09:10:10 [debug    ] epoch_start                    epoch=33 total_epochs=50
2026-05-13 09:13:12 [info     ] epoch_complete                 epoch=33 is_best=False lr=0.00019511111111111806 total_epochs=50 train_loss=0.039182 val_loss=0.035473
2026-05-13 09:13:12 [debug    ] epoch_start                    epoch=34 total_epochs=50
2026-05-13 09:16:13 [debug    ] meta_saved                     path=data/models/lr_0.0005_seed2/meta.json
2026-05-13 09:16:13 [debug    ] model_saved                    epoch=34
2026-05-13 09:16:13 [info     ] epoch_complete                 epoch=34 is_best=True lr=0.0001842222222222284 total_epochs=50 train_loss=0.039008 val_loss=0.035138
2026-05-13 09:16:13 [debug    ] epoch_start                    epoch=35 total_epochs=50
2026-05-13 09:19:15 [info     ] epoch_complete                 epoch=35 is_best=False lr=0.0001733333333333387 total_epochs=50 train_loss=0.039024 val_loss=0.035197
2026-05-13 09:19:15 [debug    ] epoch_start                    epoch=36 total_epochs=50
2026-05-13 09:22:17 [info     ] epoch_complete                 epoch=36 is_best=False lr=0.00016244444444444894 total_epochs=50 train_loss=0.038796 val_loss=0.035254
2026-05-13 09:22:17 [debug    ] epoch_start                    epoch=37 total_epochs=50
2026-05-13 09:25:19 [debug    ] meta_saved                     path=data/models/lr_0.0005_seed2/meta.json
2026-05-13 09:25:19 [debug    ] model_saved                    epoch=37
2026-05-13 09:25:19 [info     ] epoch_complete                 epoch=37 is_best=True lr=0.000151555555555559 total_epochs=50 train_loss=0.038756 val_loss=0.035071
2026-05-13 09:25:19 [debug    ] epoch_start                    epoch=38 total_epochs=50
2026-05-13 09:28:21 [info     ] epoch_complete                 epoch=38 is_best=False lr=0.0001406666666666695 total_epochs=50 train_loss=0.038705 val_loss=0.035369
2026-05-13 09:28:21 [debug    ] epoch_start                    epoch=39 total_epochs=50
2026-05-13 09:31:23 [info     ] epoch_complete                 epoch=39 is_best=False lr=0.00012977777777777952 total_epochs=50 train_loss=0.038645 val_loss=0.035083
2026-05-13 09:31:23 [debug    ] epoch_start                    epoch=40 total_epochs=50
2026-05-13 09:34:27 [info     ] epoch_complete                 epoch=40 is_best=False lr=0.00011888888888889007 total_epochs=50 train_loss=0.038625 val_loss=0.035155
2026-05-13 09:34:27 [debug    ] epoch_start                    epoch=41 total_epochs=50
2026-05-13 09:37:26 [debug    ] meta_saved                     path=data/models/lr_0.0005_seed2/meta.json
2026-05-13 09:37:26 [debug    ] model_saved                    epoch=41
2026-05-13 09:37:26 [info     ] epoch_complete                 epoch=41 is_best=True lr=0.00010800000000000113 total_epochs=50 train_loss=0.038498 val_loss=0.035001
2026-05-13 09:37:26 [debug    ] epoch_start                    epoch=42 total_epochs=50
2026-05-13 09:40:28 [debug    ] meta_saved                     path=data/models/lr_0.0005_seed2/meta.json
2026-05-13 09:40:28 [debug    ] model_saved                    epoch=42
2026-05-13 09:40:28 [info     ] epoch_complete                 epoch=42 is_best=True lr=9.711111111111216e-05 total_epochs=50 train_loss=0.038426 val_loss=0.034861
2026-05-13 09:40:28 [debug    ] epoch_start                    epoch=43 total_epochs=50
2026-05-13 09:43:30 [info     ] epoch_complete                 epoch=43 is_best=False lr=8.622222222222321e-05 total_epochs=50 train_loss=0.038469 val_loss=0.034942
2026-05-13 09:43:30 [debug    ] epoch_start                    epoch=44 total_epochs=50
2026-05-13 09:46:32 [info     ] epoch_complete                 epoch=44 is_best=False lr=7.533333333333438e-05 total_epochs=50 train_loss=0.038343 val_loss=0.034967
2026-05-13 09:46:32 [debug    ] epoch_start                    epoch=45 total_epochs=50
2026-05-13 09:49:34 [debug    ] meta_saved                     path=data/models/lr_0.0005_seed2/meta.json
2026-05-13 09:49:34 [debug    ] model_saved                    epoch=45
2026-05-13 09:49:34 [info     ] epoch_complete                 epoch=45 is_best=True lr=6.444444444444564e-05 total_epochs=50 train_loss=0.03831 val_loss=0.034783
2026-05-13 09:49:34 [debug    ] epoch_start                    epoch=46 total_epochs=50
2026-05-13 09:52:37 [info     ] epoch_complete                 epoch=46 is_best=False lr=5.3555555555556655e-05 total_epochs=50 train_loss=0.038352 val_loss=0.034844
2026-05-13 09:52:37 [debug    ] epoch_start                    epoch=47 total_epochs=50
2026-05-13 09:55:41 [info     ] epoch_complete                 epoch=47 is_best=False lr=4.266666666666751e-05 total_epochs=50 train_loss=0.038207 val_loss=0.034846
2026-05-13 09:55:41 [debug    ] epoch_start                    epoch=48 total_epochs=50
2026-05-13 09:58:45 [debug    ] meta_saved                     path=data/models/lr_0.0005_seed2/meta.json
2026-05-13 09:58:45 [debug    ] model_saved                    epoch=48
2026-05-13 09:58:45 [info     ] epoch_complete                 epoch=48 is_best=True lr=3.1777777777778256e-05 total_epochs=50 train_loss=0.038354 val_loss=0.034694
2026-05-13 09:58:45 [debug    ] epoch_start                    epoch=49 total_epochs=50
2026-05-13 10:01:51 [info     ] epoch_complete                 epoch=49 is_best=False lr=2.0888888888889212e-05 total_epochs=50 train_loss=0.038211 val_loss=0.034783
2026-05-13 10:01:51 [debug    ] epoch_start                    epoch=50 total_epochs=50
2026-05-13 10:04:58 [info     ] epoch_complete                 epoch=50 is_best=False lr=1.0000000000000152e-05 total_epochs=50 train_loss=0.038129 val_loss=0.034766
2026-05-13 10:04:58 [info     ] training_log_saved             path=data/models/lr_0.0005_seed2/training_losses.csv
2026-05-13 10:04:58 [info     ] training_complete              best_val_loss=0.034694
2026-05-13 10:04:58 [info     ] train_typecode_done            typecode=A320
2026-05-13 10:04:59 [info     ] train_done                     typecodes=['A320']

$ uv run fdm train --arch adsb --config results/lr_0.0005_seed2/config.yaml --model-name lr_0.0005_seed2 --epochs 50 --batch-size 128 --lr 0.0005 --method rk4 --seq-len 60 --train-limit 5000 --activation silu --seed 2 --device cuda --use-mode-weights --mode-weight-alpha 0.5
