2026-05-16 20:02:50 [info     ] train_start                    arch=adsb device=cuda typecodes=['A320']
2026-05-16 20:02:50 [info     ] train_typecode                 typecode=A320
2026-05-16 20:02:50 [info     ] loading_data                   train_flights=1594 val_flights=247
2026-05-16 20:02:50 [warning  ] e1_column_missing              column=fdm_g_sin_gamma_ms2
2026-05-16 20:02:50 [warning  ] e1_column_missing              column=fdm_cos_gamma
2026-05-16 20:02:50 [warning  ] e1_column_missing              column=fdm_q_pa
2026-05-16 20:02:50 [warning  ] e1_column_missing              column=fdm_g_over_v
2026-05-16 20:02:50 [warning  ] e1_column_missing              column=fdm_lat_wind_ms
2026-05-16 20:02:50 [warning  ] e1_column_missing              column=fdm_drift_rad
2026-05-16 20:02:50 [warning  ] e1_column_missing              column=fdm_track_rad
2026-05-16 20:02:50 [warning  ] e1_column_missing              column=fdm_heading_diff_rad
2026-05-16 20:02:55 [warning  ] e1_column_missing              column=fdm_g_sin_gamma_ms2
2026-05-16 20:02:55 [warning  ] e1_column_missing              column=fdm_cos_gamma
2026-05-16 20:02:55 [warning  ] e1_column_missing              column=fdm_q_pa
2026-05-16 20:02:55 [warning  ] e1_column_missing              column=fdm_g_over_v
2026-05-16 20:02:55 [warning  ] e1_column_missing              column=fdm_lat_wind_ms
2026-05-16 20:02:55 [warning  ] e1_column_missing              column=fdm_drift_rad
2026-05-16 20:02:55 [warning  ] e1_column_missing              column=fdm_track_rad
2026-05-16 20:02:55 [warning  ] e1_column_missing              column=fdm_heading_diff_rad
2026-05-16 20:02:55 [info     ] data_loaded                    train_samples=23212 val_samples=3628
2026-05-16 20:03:11 [debug    ] meta_saved                     path=data/models/backbone_2_seed0/meta.json
2026-05-16 20:03:11 [info     ] trainer_initialized            architecture=node_adsb_v1 device=cuda train_samples=23212 val_samples=3628
2026-05-16 20:03:11 [info     ] preloading_data_to_gpu
2026-05-16 20:03:11 [debug    ] epoch_start                    epoch=1 total_epochs=50
/data/common/dataiku/config/projects/NODEFDM/lib/python/.venv/lib/python3.12/site-packages/torch/_inductor/compile_fx.py:321: UserWarning: TensorFloat32 tensor cores for float32 matrix multiplication available but not enabled. Consider setting `torch.set_float32_matmul_precision('high')` for better performance.
  warnings.warn(
2026-05-16 20:03:34 [info     ] debug_magnitudes               norm_mean=['8568.283203', '-0.001322', '213.622833', '3.253931'] norm_std=['2269.236084', '0.038830', '32.838379', '1.246786'] ode_loss=0.902837
W0516 20:10:19.043000 639569 torch/_dynamo/convert_frame.py:1676] [0/8] torch._dynamo hit config.recompile_limit (8)
W0516 20:10:19.043000 639569 torch/_dynamo/convert_frame.py:1676] [0/8]    function: 'forward' (/data/common/dataiku/config/projects/NODEFDM/lib/python/packages/node-fdm/src/node_fdm/models/fdm.py:181)
W0516 20:10:19.043000 639569 torch/_dynamo/convert_frame.py:1676] [0/8]    last reason: 0/7: tensor 'self.history['raw_alt_m']' size mismatch at index 1. expected 1, actual 2
W0516 20:10:19.043000 639569 torch/_dynamo/convert_frame.py:1676] [0/8] To log all recompilation reasons, use TORCH_LOGS="recompiles".
W0516 20:10:19.043000 639569 torch/_dynamo/convert_frame.py:1676] [0/8] To diagnose recompilation issues, see https://pytorch.org/docs/main/compile/programming_model.recompilation.html
2026-05-16 20:10:20 [debug    ] meta_saved                     path=data/models/backbone_2_seed0/meta.json
2026-05-16 20:10:20 [debug    ] model_saved                    epoch=1
2026-05-16 20:10:20 [info     ] epoch_complete                 epoch=1 is_best=True lr=0.0002080000000000004 total_epochs=50 train_loss=0.217839 val_loss=0.065728
2026-05-16 20:10:20 [debug    ] epoch_start                    epoch=2 total_epochs=50
2026-05-16 20:16:04 [debug    ] meta_saved                     path=data/models/backbone_2_seed0/meta.json
2026-05-16 20:16:04 [debug    ] model_saved                    epoch=2
2026-05-16 20:16:04 [info     ] epoch_complete                 epoch=2 is_best=True lr=0.0004060000000000004 total_epochs=50 train_loss=0.052221 val_loss=0.038558
2026-05-16 20:16:04 [debug    ] epoch_start                    epoch=3 total_epochs=50
2026-05-16 20:21:49 [debug    ] meta_saved                     path=data/models/backbone_2_seed0/meta.json
2026-05-16 20:21:49 [debug    ] model_saved                    epoch=3
2026-05-16 20:21:49 [info     ] epoch_complete                 epoch=3 is_best=True lr=0.0006040000000000011 total_epochs=50 train_loss=0.039751 val_loss=0.034305
2026-05-16 20:21:49 [debug    ] epoch_start                    epoch=4 total_epochs=50
2026-05-16 20:27:36 [debug    ] meta_saved                     path=data/models/backbone_2_seed0/meta.json
2026-05-16 20:27:36 [debug    ] model_saved                    epoch=4
2026-05-16 20:27:36 [info     ] epoch_complete                 epoch=4 is_best=True lr=0.000801999999999999 total_epochs=50 train_loss=0.037369 val_loss=0.032935
2026-05-16 20:27:36 [debug    ] epoch_start                    epoch=5 total_epochs=50
2026-05-16 20:33:21 [debug    ] meta_saved                     path=data/models/backbone_2_seed0/meta.json
2026-05-16 20:33:21 [debug    ] model_saved                    epoch=5
2026-05-16 20:33:21 [info     ] epoch_complete                 epoch=5 is_best=True lr=0.001 total_epochs=50 train_loss=0.036141 val_loss=0.03229
2026-05-16 20:33:21 [debug    ] epoch_start                    epoch=6 total_epochs=50
2026-05-16 20:39:05 [debug    ] meta_saved                     path=data/models/backbone_2_seed0/meta.json
2026-05-16 20:39:05 [debug    ] model_saved                    epoch=6
2026-05-16 20:39:05 [info     ] epoch_complete                 epoch=6 is_best=True lr=0.0009779999999999947 total_epochs=50 train_loss=0.034432 val_loss=0.031737
2026-05-16 20:39:05 [debug    ] epoch_start                    epoch=7 total_epochs=50
2026-05-16 20:44:51 [debug    ] meta_saved                     path=data/models/backbone_2_seed0/meta.json
2026-05-16 20:44:51 [debug    ] model_saved                    epoch=7
2026-05-16 20:44:51 [info     ] epoch_complete                 epoch=7 is_best=True lr=0.0009559999999999942 total_epochs=50 train_loss=0.033883 val_loss=0.030708
2026-05-16 20:44:51 [debug    ] epoch_start                    epoch=8 total_epochs=50
2026-05-16 20:50:37 [debug    ] meta_saved                     path=data/models/backbone_2_seed0/meta.json
2026-05-16 20:50:37 [debug    ] model_saved                    epoch=8
2026-05-16 20:50:37 [info     ] epoch_complete                 epoch=8 is_best=True lr=0.0009339999999999934 total_epochs=50 train_loss=0.033192 val_loss=0.030171
2026-05-16 20:50:37 [debug    ] epoch_start                    epoch=9 total_epochs=50
2026-05-16 20:56:22 [debug    ] meta_saved                     path=data/models/backbone_2_seed0/meta.json
2026-05-16 20:56:22 [debug    ] model_saved                    epoch=9
2026-05-16 20:56:22 [info     ] epoch_complete                 epoch=9 is_best=True lr=0.0009119999999999924 total_epochs=50 train_loss=0.033171 val_loss=0.029464
2026-05-16 20:56:22 [debug    ] epoch_start                    epoch=10 total_epochs=50
2026-05-16 21:02:05 [debug    ] meta_saved                     path=data/models/backbone_2_seed0/meta.json
2026-05-16 21:02:05 [debug    ] model_saved                    epoch=10
2026-05-16 21:02:05 [info     ] epoch_complete                 epoch=10 is_best=True lr=0.0008899999999999917 total_epochs=50 train_loss=0.032611 val_loss=0.029326
2026-05-16 21:02:05 [debug    ] epoch_start                    epoch=11 total_epochs=50
2026-05-16 21:07:50 [info     ] epoch_complete                 epoch=11 is_best=False lr=0.0008679999999999905 total_epochs=50 train_loss=0.033699 val_loss=0.029465
2026-05-16 21:07:50 [debug    ] epoch_start                    epoch=12 total_epochs=50
2026-05-16 21:13:35 [info     ] epoch_complete                 epoch=12 is_best=False lr=0.000845999999999989 total_epochs=50 train_loss=0.034127 val_loss=0.035203
2026-05-16 21:13:35 [debug    ] epoch_start                    epoch=13 total_epochs=50
2026-05-16 21:19:21 [debug    ] meta_saved                     path=data/models/backbone_2_seed0/meta.json
2026-05-16 21:19:21 [debug    ] model_saved                    epoch=13
2026-05-16 21:19:21 [info     ] epoch_complete                 epoch=13 is_best=True lr=0.0008239999999999856 total_epochs=50 train_loss=0.033767 val_loss=0.029063
2026-05-16 21:19:21 [debug    ] epoch_start                    epoch=14 total_epochs=50
2026-05-16 21:25:06 [debug    ] meta_saved                     path=data/models/backbone_2_seed0/meta.json
2026-05-16 21:25:06 [debug    ] model_saved                    epoch=14
2026-05-16 21:25:06 [info     ] epoch_complete                 epoch=14 is_best=True lr=0.0008019999999999825 total_epochs=50 train_loss=0.032037 val_loss=0.028885
2026-05-16 21:25:06 [debug    ] epoch_start                    epoch=15 total_epochs=50
2026-05-16 21:30:52 [info     ] epoch_complete                 epoch=15 is_best=False lr=0.0007799999999999793 total_epochs=50 train_loss=0.031974 val_loss=0.029207
2026-05-16 21:30:52 [debug    ] epoch_start                    epoch=16 total_epochs=50
2026-05-16 21:36:37 [debug    ] meta_saved                     path=data/models/backbone_2_seed0/meta.json
2026-05-16 21:36:37 [debug    ] model_saved                    epoch=16
2026-05-16 21:36:37 [info     ] epoch_complete                 epoch=16 is_best=True lr=0.0007579999999999761 total_epochs=50 train_loss=0.031696 val_loss=0.02868
2026-05-16 21:36:37 [debug    ] epoch_start                    epoch=17 total_epochs=50
2026-05-16 21:42:22 [info     ] epoch_complete                 epoch=17 is_best=False lr=0.0007359999999999731 total_epochs=50 train_loss=0.031415 val_loss=0.028795
2026-05-16 21:42:22 [debug    ] epoch_start                    epoch=18 total_epochs=50
2026-05-16 21:48:06 [info     ] epoch_complete                 epoch=18 is_best=False lr=0.0007139999999999699 total_epochs=50 train_loss=0.038007 val_loss=0.029606
2026-05-16 21:48:06 [debug    ] epoch_start                    epoch=19 total_epochs=50
2026-05-16 21:53:51 [info     ] epoch_complete                 epoch=19 is_best=False lr=0.0006919999999999653 total_epochs=50 train_loss=0.031918 val_loss=0.028768
2026-05-16 21:53:51 [debug    ] epoch_start                    epoch=20 total_epochs=50
2026-05-16 21:59:35 [debug    ] meta_saved                     path=data/models/backbone_2_seed0/meta.json
2026-05-16 21:59:35 [debug    ] model_saved                    epoch=20
2026-05-16 21:59:35 [info     ] epoch_complete                 epoch=20 is_best=True lr=0.0006699999999999609 total_epochs=50 train_loss=0.031333 val_loss=0.028475
2026-05-16 21:59:35 [debug    ] epoch_start                    epoch=21 total_epochs=50
2026-05-16 22:05:20 [debug    ] meta_saved                     path=data/models/backbone_2_seed0/meta.json
2026-05-16 22:05:20 [debug    ] model_saved                    epoch=21
2026-05-16 22:05:20 [info     ] epoch_complete                 epoch=21 is_best=True lr=0.0006479999999999558 total_epochs=50 train_loss=0.031137 val_loss=0.028262
2026-05-16 22:05:20 [debug    ] epoch_start                    epoch=22 total_epochs=50
2026-05-16 22:11:04 [info     ] epoch_complete                 epoch=22 is_best=False lr=0.0006259999999999505 total_epochs=50 train_loss=0.030877 val_loss=0.028308
2026-05-16 22:11:04 [debug    ] epoch_start                    epoch=23 total_epochs=50
2026-05-16 22:16:50 [debug    ] meta_saved                     path=data/models/backbone_2_seed0/meta.json
2026-05-16 22:16:50 [debug    ] model_saved                    epoch=23
2026-05-16 22:16:50 [info     ] epoch_complete                 epoch=23 is_best=True lr=0.0006039999999999452 total_epochs=50 train_loss=0.030732 val_loss=0.02788
2026-05-16 22:16:50 [debug    ] epoch_start                    epoch=24 total_epochs=50
2026-05-16 22:22:34 [info     ] epoch_complete                 epoch=24 is_best=False lr=0.0005819999999999399 total_epochs=50 train_loss=0.030662 val_loss=0.028831
2026-05-16 22:22:34 [debug    ] epoch_start                    epoch=25 total_epochs=50
2026-05-16 22:28:19 [info     ] epoch_complete                 epoch=25 is_best=False lr=0.0005599999999999346 total_epochs=50 train_loss=0.03054 val_loss=0.028121
2026-05-16 22:28:19 [debug    ] epoch_start                    epoch=26 total_epochs=50
2026-05-16 22:34:06 [info     ] epoch_complete                 epoch=26 is_best=False lr=0.0005379999999999293 total_epochs=50 train_loss=0.030569 val_loss=0.028394
2026-05-16 22:34:06 [debug    ] epoch_start                    epoch=27 total_epochs=50
2026-05-16 22:39:49 [info     ] epoch_complete                 epoch=27 is_best=False lr=0.000515999999999924 total_epochs=50 train_loss=0.030248 val_loss=0.028203
2026-05-16 22:39:49 [debug    ] epoch_start                    epoch=28 total_epochs=50
2026-05-16 22:45:33 [info     ] epoch_complete                 epoch=28 is_best=False lr=0.0004939999999999187 total_epochs=50 train_loss=0.044533 val_loss=0.086628
2026-05-16 22:45:33 [debug    ] epoch_start                    epoch=29 total_epochs=50
2026-05-16 22:51:18 [info     ] epoch_complete                 epoch=29 is_best=False lr=0.00047199999999991997 total_epochs=50 train_loss=0.07004 val_loss=0.059487
2026-05-16 22:51:18 [debug    ] epoch_start                    epoch=30 total_epochs=50
2026-05-16 22:57:02 [info     ] epoch_complete                 epoch=30 is_best=False lr=0.00044999999999992393 total_epochs=50 train_loss=0.118624 val_loss=0.074553
2026-05-16 22:57:02 [debug    ] epoch_start                    epoch=31 total_epochs=50
2026-05-16 23:02:46 [info     ] epoch_complete                 epoch=31 is_best=False lr=0.0004279999999999269 total_epochs=50 train_loss=0.060823 val_loss=0.060443
2026-05-16 23:02:46 [debug    ] epoch_start                    epoch=32 total_epochs=50
2026-05-16 23:08:33 [info     ] epoch_complete                 epoch=32 is_best=False lr=0.0004059999999999309 total_epochs=50 train_loss=0.060571 val_loss=0.048537
2026-05-16 23:08:33 [debug    ] epoch_start                    epoch=33 total_epochs=50
2026-05-16 23:14:18 [info     ] epoch_complete                 epoch=33 is_best=False lr=0.0003839999999999346 total_epochs=50 train_loss=0.053273 val_loss=0.04537
2026-05-16 23:14:18 [debug    ] epoch_start                    epoch=34 total_epochs=50
2026-05-16 23:20:03 [info     ] epoch_complete                 epoch=34 is_best=False lr=0.0003619999999999374 total_epochs=50 train_loss=0.050823 val_loss=0.043652
2026-05-16 23:20:03 [debug    ] epoch_start                    epoch=35 total_epochs=50
2026-05-16 23:25:48 [info     ] epoch_complete                 epoch=35 is_best=False lr=0.0003399999999999421 total_epochs=50 train_loss=0.04942 val_loss=0.043725
2026-05-16 23:25:48 [debug    ] epoch_start                    epoch=36 total_epochs=50
2026-05-16 23:31:33 [info     ] epoch_complete                 epoch=36 is_best=False lr=0.00031799999999994485 total_epochs=50 train_loss=0.047519 val_loss=0.040028
2026-05-16 23:31:33 [debug    ] epoch_start                    epoch=37 total_epochs=50
2026-05-16 23:37:17 [info     ] epoch_complete                 epoch=37 is_best=False lr=0.00029599999999994756 total_epochs=50 train_loss=0.045364 val_loss=0.040521
2026-05-16 23:37:17 [debug    ] epoch_start                    epoch=38 total_epochs=50
2026-05-16 23:43:03 [info     ] epoch_complete                 epoch=38 is_best=False lr=0.0002739999999999507 total_epochs=50 train_loss=0.043681 val_loss=0.038436
2026-05-16 23:43:03 [debug    ] epoch_start                    epoch=39 total_epochs=50
2026-05-16 23:48:50 [info     ] epoch_complete                 epoch=39 is_best=False lr=0.0002519999999999539 total_epochs=50 train_loss=0.040853 val_loss=0.03445
2026-05-16 23:48:50 [debug    ] epoch_start                    epoch=40 total_epochs=50
2026-05-16 23:54:35 [info     ] epoch_complete                 epoch=40 is_best=False lr=0.00022999999999995737 total_epochs=50 train_loss=0.038513 val_loss=0.034126
2026-05-16 23:54:35 [debug    ] epoch_start                    epoch=41 total_epochs=50
2026-05-17 00:00:20 [info     ] epoch_complete                 epoch=41 is_best=False lr=0.00020799999999996188 total_epochs=50 train_loss=0.038493 val_loss=0.033361
2026-05-17 00:00:20 [debug    ] epoch_start                    epoch=42 total_epochs=50
2026-05-17 00:06:04 [info     ] epoch_complete                 epoch=42 is_best=False lr=0.0001859999999999664 total_epochs=50 train_loss=0.038678 val_loss=0.033203
2026-05-17 00:06:04 [debug    ] epoch_start                    epoch=43 total_epochs=50
2026-05-17 00:11:50 [info     ] epoch_complete                 epoch=43 is_best=False lr=0.00016399999999997095 total_epochs=50 train_loss=0.036758 val_loss=0.034372
2026-05-17 00:11:50 [debug    ] epoch_start                    epoch=44 total_epochs=50
2026-05-17 00:17:35 [info     ] epoch_complete                 epoch=44 is_best=False lr=0.00014199999999997548 total_epochs=50 train_loss=0.03609 val_loss=0.032716
2026-05-17 00:17:35 [debug    ] epoch_start                    epoch=45 total_epochs=50
2026-05-17 00:23:21 [info     ] epoch_complete                 epoch=45 is_best=False lr=0.00011999999999997995 total_epochs=50 train_loss=0.035381 val_loss=0.032276
2026-05-17 00:23:21 [debug    ] epoch_start                    epoch=46 total_epochs=50
2026-05-17 00:29:06 [info     ] epoch_complete                 epoch=46 is_best=False lr=9.799999999998395e-05 total_epochs=50 train_loss=0.035469 val_loss=0.03228
2026-05-17 00:29:06 [debug    ] epoch_start                    epoch=47 total_epochs=50
2026-05-17 00:37:16 [info     ] epoch_complete                 epoch=47 is_best=False lr=7.599999999998802e-05 total_epochs=50 train_loss=0.035272 val_loss=0.031434
2026-05-17 00:37:16 [debug    ] epoch_start                    epoch=48 total_epochs=50
2026-05-17 00:46:29 [info     ] epoch_complete                 epoch=48 is_best=False lr=5.399999999999204e-05 total_epochs=50 train_loss=0.034819 val_loss=0.031452
2026-05-17 00:46:29 [debug    ] epoch_start                    epoch=49 total_epochs=50
2026-05-17 00:55:53 [info     ] epoch_complete                 epoch=49 is_best=False lr=3.199999999999529e-05 total_epochs=50 train_loss=0.034313 val_loss=0.031061
2026-05-17 00:55:53 [debug    ] epoch_start                    epoch=50 total_epochs=50
2026-05-17 01:02:55 [info     ] epoch_complete                 epoch=50 is_best=False lr=9.999999999998564e-06 total_epochs=50 train_loss=0.034175 val_loss=0.031035
2026-05-17 01:02:55 [info     ] training_log_saved             path=data/models/backbone_2_seed0/training_losses.csv
2026-05-17 01:02:55 [info     ] training_complete              best_val_loss=0.02788
2026-05-17 01:02:55 [info     ] train_typecode_done            typecode=A320
2026-05-17 01:02:55 [info     ] train_done                     typecodes=['A320']

$ uv run fdm train --arch adsb --config results_run2/backbone_2_seed0/config.yaml --model-name backbone_2_seed0 --epochs 50 --batch-size 64 --lr 0.001 --method rk4 --seq-len 60 --train-limit 5000 --activation relu --seed 0 --backbone-depth 2 --head-depth 2 --hidden-width 48 --device cuda --no-use-mode-weights
