2026-05-22 06:30:35 [info     ] evaluate_start                 arch=adsb typecodes=['A320']
2026-05-22 06:30:35 [info     ] evaluate_typecode              flights=542 typecode=A320
2026-05-22 06:30:47 [info     ] evaluate_done                  output=data/model_performance/lr_7e-4_seed0/performance.parquet rows=16
shape: (16, 11)
┌──────────┬─────────────────────────┬──────────────┬───────┬─────────┬──────────┬──────────┬──────────┬─────────┬──────────┬────────┐
│ Aircraft ┆ Variable                ┆ Phase        ┆ Model ┆ MAE     ┆ MAE_std  ┆ MAPE (%) ┆ MAPE_std ┆ ME      ┆ ME_std   ┆ Count  │
│ ---      ┆ ---                     ┆ ---          ┆ ---   ┆ ---     ┆ ---      ┆ ---      ┆ ---      ┆ ---     ┆ ---      ┆ ---    │
│ str      ┆ str                     ┆ str          ┆ str   ┆ f64     ┆ f64      ┆ f64      ┆ f64      ┆ f64     ┆ f64      ┆ i64    │
╞══════════╪═════════════════════════╪══════════════╪═══════╪═════════╪══════════╪══════════╪══════════╪═════════╪══════════╪════════╡
│ A320     ┆ Altitude [m]            ┆ All phases   ┆ PRED  ┆ 238.475 ┆ 622.021  ┆ 5.434    ┆ 19.778   ┆ 129.047 ┆ 653.550  ┆ 478843 │
│ A320     ┆ Altitude [m]            ┆ Climb        ┆ PRED  ┆ 808.972 ┆ 1106.787 ┆ 18.316   ┆ 38.891   ┆ 627.723 ┆ 1218.761 ┆ 90018  │
│ A320     ┆ Altitude [m]            ┆ Level flight ┆ PRED  ┆ 36.320  ┆ 175.909  ┆ 0.584    ┆ 5.572    ┆ -6.775  ┆ 179.492  ┆ 296839 │
│ A320     ┆ Altitude [m]            ┆ Descent      ┆ PRED  ┆ 332.540 ┆ 506.208  ┆ 8.477    ┆ 14.433   ┆ 79.337  ┆ 600.446  ┆ 91986  │
│ A320     ┆ Flight path angle [deg] ┆ All phases   ┆ PRED  ┆ 0.280   ┆ 0.627    ┆ NaN      ┆ NaN      ┆ -0.063  ┆ 0.684    ┆ 478843 │
│ A320     ┆ Flight path angle [deg] ┆ Climb        ┆ PRED  ┆ 0.729   ┆ 1.005    ┆ NaN      ┆ NaN      ┆ -0.434  ┆ 1.164    ┆ 90018  │
│ A320     ┆ Flight path angle [deg] ┆ Level flight ┆ PRED  ┆ 0.073   ┆ 0.253    ┆ NaN      ┆ NaN      ┆ -0.007  ┆ 0.264    ┆ 296839 │
│ A320     ┆ Flight path angle [deg] ┆ Descent      ┆ PRED  ┆ 0.509   ┆ 0.682    ┆ NaN      ┆ NaN      ┆ 0.116   ┆ 0.842    ┆ 91986  │
│ A320     ┆ Heading [deg]           ┆ All phases   ┆ PRED  ┆ 1.559   ┆ 7.109    ┆ NaN      ┆ NaN      ┆ -0.021  ┆ 7.278    ┆ 478843 │
│ A320     ┆ Heading [deg]           ┆ Climb        ┆ PRED  ┆ 2.230   ┆ 8.091    ┆ NaN      ┆ NaN      ┆ -0.209  ┆ 8.390    ┆ 90018  │
│ A320     ┆ Heading [deg]           ┆ Level flight ┆ PRED  ┆ 1.166   ┆ 6.358    ┆ NaN      ┆ NaN      ┆ 0.069   ┆ 6.464    ┆ 296839 │
│ A320     ┆ Heading [deg]           ┆ Descent      ┆ PRED  ┆ 2.170   ┆ 8.201    ┆ NaN      ┆ NaN      ┆ -0.125  ┆ 8.483    ┆ 91986  │
│ A320     ┆ True airspeed [m/s]     ┆ All phases   ┆ PRED  ┆ 3.234   ┆ 7.558    ┆ 1.805    ┆ 5.838    ┆ 1.084   ┆ 8.149    ┆ 478843 │
│ A320     ┆ True airspeed [m/s]     ┆ Climb        ┆ PRED  ┆ 5.892   ┆ 13.527   ┆ 3.679    ┆ 10.529   ┆ 3.305   ┆ 14.379   ┆ 90018  │
│ A320     ┆ True airspeed [m/s]     ┆ Level flight ┆ PRED  ┆ 2.226   ┆ 4.295    ┆ 1.078    ┆ 3.807    ┆ 0.815   ┆ 4.768    ┆ 296839 │
│ A320     ┆ True airspeed [m/s]     ┆ Descent      ┆ PRED  ┆ 3.886   ┆ 6.937    ┆ 2.317    ┆ 4.089    ┆ -0.222  ┆ 7.949    ┆ 91986  │
└──────────┴─────────────────────────┴──────────────┴───────┴─────────┴──────────┴──────────┴──────────┴─────────┴──────────┴────────┘

$ uv run fdm evaluate --arch adsb --config results_run4/lr_7e-4_seed0/config.yaml --model-name lr_7e-4_seed0
