2026-05-18 20:11:41 [info     ] train_start                    arch=adsb device=cuda typecodes=['A320']
2026-05-18 20:11:41 [info     ] train_typecode                 typecode=A320
2026-05-18 20:11:41 [info     ] loading_data                   train_flights=1594 val_flights=247
2026-05-18 20:11:41 [warning  ] e1_column_missing              column=fdm_g_sin_gamma_ms2
2026-05-18 20:11:41 [warning  ] e1_column_missing              column=fdm_cos_gamma
2026-05-18 20:11:41 [warning  ] e1_column_missing              column=fdm_q_pa
2026-05-18 20:11:41 [warning  ] e1_column_missing              column=fdm_g_over_v
2026-05-18 20:11:41 [warning  ] e1_column_missing              column=fdm_lat_wind_ms
2026-05-18 20:11:41 [warning  ] e1_column_missing              column=fdm_drift_rad
2026-05-18 20:11:41 [warning  ] e1_column_missing              column=fdm_track_rad
2026-05-18 20:11:41 [warning  ] e1_column_missing              column=fdm_heading_diff_rad
2026-05-18 20:11:47 [warning  ] e1_column_missing              column=fdm_g_sin_gamma_ms2
2026-05-18 20:11:47 [warning  ] e1_column_missing              column=fdm_cos_gamma
2026-05-18 20:11:47 [warning  ] e1_column_missing              column=fdm_q_pa
2026-05-18 20:11:47 [warning  ] e1_column_missing              column=fdm_g_over_v
2026-05-18 20:11:47 [warning  ] e1_column_missing              column=fdm_lat_wind_ms
2026-05-18 20:11:47 [warning  ] e1_column_missing              column=fdm_drift_rad
2026-05-18 20:11:47 [warning  ] e1_column_missing              column=fdm_track_rad
2026-05-18 20:11:47 [warning  ] e1_column_missing              column=fdm_heading_diff_rad
2026-05-18 20:11:47 [info     ] data_loaded                    train_samples=48117 val_samples=7518
2026-05-18 20:12:07 [debug    ] meta_saved                     path=data/models/bs_64_seed1/meta.json
2026-05-18 20:12:07 [info     ] trainer_initialized            architecture=node_adsb_v1 device=cuda train_samples=48117 val_samples=7518
2026-05-18 20:12:07 [info     ] preloading_data_to_gpu
2026-05-18 20:12:07 [debug    ] epoch_start                    epoch=1 total_epochs=50
/data/common/dataiku/config/projects/NODEFDM/lib/python/.venv/lib/python3.12/site-packages/torch/_inductor/compile_fx.py:321: UserWarning: TensorFloat32 tensor cores for float32 matrix multiplication available but not enabled. Consider setting `torch.set_float32_matmul_precision('high')` for better performance.
  warnings.warn(
2026-05-18 20:12:30 [info     ] debug_magnitudes               norm_mean=['8427.359375', '-0.000899', '211.646118', '3.252943'] norm_std=['2287.523926', '0.040447', '34.116577', '1.247240'] ode_loss=0.399401
2026-05-18 20:12:55 [warning  ] nan_or_inf_loss                loss=nan
W0518 20:19:17.128000 1367885 torch/_dynamo/convert_frame.py:1676] [0/8] torch._dynamo hit config.recompile_limit (8)
W0518 20:19:17.128000 1367885 torch/_dynamo/convert_frame.py:1676] [0/8]    function: 'forward' (/data/common/dataiku/config/projects/NODEFDM/lib/python/packages/node-fdm/src/node_fdm/models/fdm.py:181)
W0518 20:19:17.128000 1367885 torch/_dynamo/convert_frame.py:1676] [0/8]    last reason: 0/7: tensor 'self.history['raw_alt_m']' size mismatch at index 1. expected 1, actual 2
W0518 20:19:17.128000 1367885 torch/_dynamo/convert_frame.py:1676] [0/8] To log all recompilation reasons, use TORCH_LOGS="recompiles".
W0518 20:19:17.128000 1367885 torch/_dynamo/convert_frame.py:1676] [0/8] To diagnose recompilation issues, see https://pytorch.org/docs/main/compile/programming_model.recompilation.html
2026-05-18 20:19:17 [debug    ] meta_saved                     path=data/models/bs_64_seed1/meta.json
2026-05-18 20:19:17 [debug    ] model_saved                    epoch=1
2026-05-18 20:19:17 [info     ] epoch_complete                 epoch=1 is_best=True lr=0.00020800000000000123 total_epochs=50 train_loss=nan val_loss=0.03513
2026-05-18 20:19:17 [debug    ] epoch_start                    epoch=2 total_epochs=50
2026-05-18 20:24:35 [warning  ] nan_or_inf_loss                loss=nan
2026-05-18 20:24:54 [debug    ] meta_saved                     path=data/models/bs_64_seed1/meta.json
2026-05-18 20:24:54 [debug    ] model_saved                    epoch=2
2026-05-18 20:24:54 [info     ] epoch_complete                 epoch=2 is_best=True lr=0.0004060000000000046 total_epochs=50 train_loss=nan val_loss=0.028819
2026-05-18 20:24:54 [debug    ] epoch_start                    epoch=3 total_epochs=50
2026-05-18 20:26:52 [warning  ] nan_or_inf_loss                loss=nan
2026-05-18 20:30:40 [debug    ] meta_saved                     path=data/models/bs_64_seed1/meta.json
2026-05-18 20:30:40 [debug    ] model_saved                    epoch=3
2026-05-18 20:30:40 [info     ] epoch_complete                 epoch=3 is_best=True lr=0.0006040000000000097 total_epochs=50 train_loss=nan val_loss=0.026799
2026-05-18 20:30:40 [debug    ] epoch_start                    epoch=4 total_epochs=50
2026-05-18 20:32:20 [warning  ] nan_or_inf_loss                loss=nan
2026-05-18 20:36:25 [debug    ] meta_saved                     path=data/models/bs_64_seed1/meta.json
2026-05-18 20:36:25 [debug    ] model_saved                    epoch=4
2026-05-18 20:36:25 [info     ] epoch_complete                 epoch=4 is_best=True lr=0.0008020000000000093 total_epochs=50 train_loss=nan val_loss=0.025679
2026-05-18 20:36:25 [debug    ] epoch_start                    epoch=5 total_epochs=50
2026-05-18 20:36:55 [warning  ] nan_or_inf_loss                loss=nan
2026-05-18 20:42:11 [debug    ] meta_saved                     path=data/models/bs_64_seed1/meta.json
2026-05-18 20:42:11 [debug    ] model_saved                    epoch=5
2026-05-18 20:42:11 [info     ] epoch_complete                 epoch=5 is_best=True lr=0.001 total_epochs=50 train_loss=nan val_loss=0.024742
2026-05-18 20:42:11 [debug    ] epoch_start                    epoch=6 total_epochs=50
2026-05-18 20:42:12 [warning  ] nan_or_inf_loss                loss=nan
2026-05-18 20:47:57 [info     ] epoch_complete                 epoch=6 is_best=False lr=0.0009779999999999641 total_epochs=50 train_loss=nan val_loss=0.024984
2026-05-18 20:47:57 [debug    ] epoch_start                    epoch=7 total_epochs=50
2026-05-18 20:53:23 [warning  ] nan_or_inf_loss                loss=nan
2026-05-18 20:53:43 [debug    ] meta_saved                     path=data/models/bs_64_seed1/meta.json
2026-05-18 20:53:43 [debug    ] model_saved                    epoch=7
2026-05-18 20:53:43 [info     ] epoch_complete                 epoch=7 is_best=True lr=0.0009559999999999605 total_epochs=50 train_loss=nan val_loss=0.02419
2026-05-18 20:53:43 [debug    ] epoch_start                    epoch=8 total_epochs=50
2026-05-18 20:57:41 [warning  ] nan_or_inf_loss                loss=nan
2026-05-18 20:59:26 [info     ] epoch_complete                 epoch=8 is_best=False lr=0.0009339999999999578 total_epochs=50 train_loss=nan val_loss=0.0248
2026-05-18 20:59:26 [debug    ] epoch_start                    epoch=9 total_epochs=50
2026-05-18 20:59:38 [warning  ] nan_or_inf_loss                loss=nan
2026-05-18 21:05:10 [info     ] epoch_complete                 epoch=9 is_best=False lr=0.0009119999999999566 total_epochs=50 train_loss=nan val_loss=0.024421
2026-05-18 21:05:10 [debug    ] epoch_start                    epoch=10 total_epochs=50
2026-05-18 21:09:18 [warning  ] nan_or_inf_loss                loss=nan
2026-05-18 21:10:56 [debug    ] meta_saved                     path=data/models/bs_64_seed1/meta.json
2026-05-18 21:10:56 [debug    ] model_saved                    epoch=10
2026-05-18 21:10:56 [info     ] epoch_complete                 epoch=10 is_best=True lr=0.000889999999999957 total_epochs=50 train_loss=nan val_loss=0.023862
2026-05-18 21:10:56 [debug    ] epoch_start                    epoch=11 total_epochs=50
2026-05-18 21:14:48 [warning  ] nan_or_inf_loss                loss=nan
2026-05-18 21:16:41 [info     ] epoch_complete                 epoch=11 is_best=False lr=0.0008679999999999566 total_epochs=50 train_loss=nan val_loss=0.024208
2026-05-18 21:16:41 [debug    ] epoch_start                    epoch=12 total_epochs=50
2026-05-18 21:22:14 [warning  ] nan_or_inf_loss                loss=nan
2026-05-18 21:22:27 [debug    ] meta_saved                     path=data/models/bs_64_seed1/meta.json
2026-05-18 21:22:27 [debug    ] model_saved                    epoch=12
2026-05-18 21:22:27 [info     ] epoch_complete                 epoch=12 is_best=True lr=0.0008459999999999577 total_epochs=50 train_loss=nan val_loss=0.023764
2026-05-18 21:22:27 [debug    ] epoch_start                    epoch=13 total_epochs=50
2026-05-18 21:27:41 [warning  ] nan_or_inf_loss                loss=nan
2026-05-18 21:28:11 [info     ] epoch_complete                 epoch=13 is_best=False lr=0.0008239999999999574 total_epochs=50 train_loss=nan val_loss=0.028337
2026-05-18 21:28:11 [debug    ] epoch_start                    epoch=14 total_epochs=50
2026-05-18 21:29:49 [warning  ] nan_or_inf_loss                loss=nan
2026-05-18 21:33:57 [info     ] epoch_complete                 epoch=14 is_best=False lr=0.0008019999999999602 total_epochs=50 train_loss=nan val_loss=0.026365
2026-05-18 21:33:57 [debug    ] epoch_start                    epoch=15 total_epochs=50
2026-05-18 21:38:32 [warning  ] nan_or_inf_loss                loss=nan
2026-05-18 21:39:42 [info     ] epoch_complete                 epoch=15 is_best=False lr=0.0007799999999999617 total_epochs=50 train_loss=nan val_loss=0.024833
2026-05-18 21:39:42 [debug    ] epoch_start                    epoch=16 total_epochs=50
2026-05-18 21:40:38 [warning  ] nan_or_inf_loss                loss=nan
2026-05-18 21:45:27 [info     ] epoch_complete                 epoch=16 is_best=False lr=0.000757999999999961 total_epochs=50 train_loss=nan val_loss=0.024458
2026-05-18 21:45:27 [debug    ] epoch_start                    epoch=17 total_epochs=50
2026-05-18 21:48:33 [warning  ] nan_or_inf_loss                loss=nan
2026-05-18 21:51:12 [info     ] epoch_complete                 epoch=17 is_best=False lr=0.0007359999999999604 total_epochs=50 train_loss=nan val_loss=0.118699
2026-05-18 21:51:12 [debug    ] epoch_start                    epoch=18 total_epochs=50
2026-05-18 21:54:55 [warning  ] nan_or_inf_loss                loss=nan
2026-05-18 21:56:57 [info     ] epoch_complete                 epoch=18 is_best=False lr=0.0007139999999999597 total_epochs=50 train_loss=nan val_loss=0.074901
2026-05-18 21:56:57 [debug    ] epoch_start                    epoch=19 total_epochs=50
2026-05-18 21:59:21 [warning  ] nan_or_inf_loss                loss=nan
2026-05-18 22:02:43 [info     ] epoch_complete                 epoch=19 is_best=False lr=0.0006919999999999592 total_epochs=50 train_loss=nan val_loss=0.065047
2026-05-18 22:02:43 [debug    ] epoch_start                    epoch=20 total_epochs=50
2026-05-18 22:05:12 [warning  ] nan_or_inf_loss                loss=nan
2026-05-18 22:08:29 [info     ] epoch_complete                 epoch=20 is_best=False lr=0.000669999999999957 total_epochs=50 train_loss=nan val_loss=0.0532
2026-05-18 22:08:29 [debug    ] epoch_start                    epoch=21 total_epochs=50
2026-05-18 22:12:19 [warning  ] nan_or_inf_loss                loss=nan
2026-05-18 22:14:12 [info     ] epoch_complete                 epoch=21 is_best=False lr=0.0006479999999999561 total_epochs=50 train_loss=nan val_loss=0.048768
2026-05-18 22:14:12 [debug    ] epoch_start                    epoch=22 total_epochs=50
2026-05-18 22:15:21 [warning  ] nan_or_inf_loss                loss=nan
2026-05-18 22:19:54 [info     ] epoch_complete                 epoch=22 is_best=False lr=0.0006259999999999549 total_epochs=50 train_loss=nan val_loss=0.037406
2026-05-18 22:19:54 [debug    ] epoch_start                    epoch=23 total_epochs=50
2026-05-18 22:20:44 [warning  ] nan_or_inf_loss                loss=nan
2026-05-18 22:25:38 [info     ] epoch_complete                 epoch=23 is_best=False lr=0.0006039999999999555 total_epochs=50 train_loss=nan val_loss=0.030651
2026-05-18 22:25:38 [debug    ] epoch_start                    epoch=24 total_epochs=50
2026-05-18 22:26:02 [warning  ] nan_or_inf_loss                loss=nan
2026-05-18 22:31:23 [info     ] epoch_complete                 epoch=24 is_best=False lr=0.0005819999999999556 total_epochs=50 train_loss=nan val_loss=0.028835
2026-05-18 22:31:23 [debug    ] epoch_start                    epoch=25 total_epochs=50
2026-05-18 22:35:52 [warning  ] nan_or_inf_loss                loss=nan
2026-05-18 22:37:07 [info     ] epoch_complete                 epoch=25 is_best=False lr=0.000559999999999953 total_epochs=50 train_loss=nan val_loss=0.027257
2026-05-18 22:37:07 [debug    ] epoch_start                    epoch=26 total_epochs=50
2026-05-18 22:42:15 [warning  ] nan_or_inf_loss                loss=nan
2026-05-18 22:42:51 [info     ] epoch_complete                 epoch=26 is_best=False lr=0.0005379999999999528 total_epochs=50 train_loss=nan val_loss=0.026346
2026-05-18 22:42:51 [debug    ] epoch_start                    epoch=27 total_epochs=50
2026-05-18 22:46:49 [warning  ] nan_or_inf_loss                loss=nan
2026-05-18 22:48:34 [info     ] epoch_complete                 epoch=27 is_best=False lr=0.0005159999999999556 total_epochs=50 train_loss=nan val_loss=0.026083
2026-05-18 22:48:34 [debug    ] epoch_start                    epoch=28 total_epochs=50
2026-05-18 22:51:23 [warning  ] nan_or_inf_loss                loss=nan
2026-05-18 22:54:16 [info     ] epoch_complete                 epoch=28 is_best=False lr=0.0004939999999999543 total_epochs=50 train_loss=nan val_loss=0.024719
2026-05-18 22:54:16 [debug    ] epoch_start                    epoch=29 total_epochs=50
2026-05-18 22:59:48 [warning  ] nan_or_inf_loss                loss=nan
2026-05-18 23:00:01 [info     ] epoch_complete                 epoch=29 is_best=False lr=0.00047199999999995607 total_epochs=50 train_loss=nan val_loss=0.026686
2026-05-18 23:00:01 [debug    ] epoch_start                    epoch=30 total_epochs=50
2026-05-18 23:05:20 [warning  ] nan_or_inf_loss                loss=nan
2026-05-18 23:05:46 [info     ] epoch_complete                 epoch=30 is_best=False lr=0.00044999999999995944 total_epochs=50 train_loss=nan val_loss=0.025494
2026-05-18 23:05:46 [debug    ] epoch_start                    epoch=31 total_epochs=50
2026-05-18 23:09:49 [warning  ] nan_or_inf_loss                loss=nan
2026-05-18 23:11:30 [info     ] epoch_complete                 epoch=31 is_best=False lr=0.00042799999999996313 total_epochs=50 train_loss=nan val_loss=0.025631
2026-05-18 23:11:30 [debug    ] epoch_start                    epoch=32 total_epochs=50
2026-05-18 23:13:45 [warning  ] nan_or_inf_loss                loss=nan
2026-05-18 23:17:14 [info     ] epoch_complete                 epoch=32 is_best=False lr=0.00040599999999996786 total_epochs=50 train_loss=nan val_loss=0.025224
2026-05-18 23:17:14 [debug    ] epoch_start                    epoch=33 total_epochs=50
2026-05-18 23:21:07 [warning  ] nan_or_inf_loss                loss=nan
2026-05-18 23:22:55 [info     ] epoch_complete                 epoch=33 is_best=False lr=0.00038399999999997274 total_epochs=50 train_loss=nan val_loss=0.024319
2026-05-18 23:22:55 [debug    ] epoch_start                    epoch=34 total_epochs=50
2026-05-18 23:23:23 [warning  ] nan_or_inf_loss                loss=nan
2026-05-18 23:28:38 [info     ] epoch_complete                 epoch=34 is_best=False lr=0.00036199999999997763 total_epochs=50 train_loss=nan val_loss=0.02416
2026-05-18 23:28:38 [debug    ] epoch_start                    epoch=35 total_epochs=50
2026-05-18 23:34:06 [warning  ] nan_or_inf_loss                loss=nan
2026-05-18 23:34:18 [info     ] epoch_complete                 epoch=35 is_best=False lr=0.0003399999999999825 total_epochs=50 train_loss=nan val_loss=0.025725
2026-05-18 23:34:18 [debug    ] epoch_start                    epoch=36 total_epochs=50
2026-05-18 23:37:29 [warning  ] nan_or_inf_loss                loss=nan
2026-05-18 23:39:58 [info     ] epoch_complete                 epoch=36 is_best=False lr=0.0003179999999999874 total_epochs=50 train_loss=nan val_loss=0.024119
2026-05-18 23:39:58 [debug    ] epoch_start                    epoch=37 total_epochs=50
2026-05-18 23:45:28 [warning  ] nan_or_inf_loss                loss=nan
2026-05-18 23:45:37 [info     ] epoch_complete                 epoch=37 is_best=False lr=0.0002959999999999923 total_epochs=50 train_loss=nan val_loss=0.023941
2026-05-18 23:45:37 [debug    ] epoch_start                    epoch=38 total_epochs=50
2026-05-18 23:48:51 [warning  ] nan_or_inf_loss                loss=nan
2026-05-18 23:51:20 [debug    ] meta_saved                     path=data/models/bs_64_seed1/meta.json
2026-05-18 23:51:20 [debug    ] model_saved                    epoch=38
2026-05-18 23:51:20 [info     ] epoch_complete                 epoch=38 is_best=True lr=0.0002739999999999972 total_epochs=50 train_loss=nan val_loss=0.023675
2026-05-18 23:51:20 [debug    ] epoch_start                    epoch=39 total_epochs=50
2026-05-18 23:51:52 [warning  ] nan_or_inf_loss                loss=nan
2026-05-18 23:56:59 [debug    ] meta_saved                     path=data/models/bs_64_seed1/meta.json
2026-05-18 23:56:59 [debug    ] model_saved                    epoch=39
2026-05-18 23:56:59 [info     ] epoch_complete                 epoch=39 is_best=True lr=0.00025200000000000206 total_epochs=50 train_loss=nan val_loss=0.023572
2026-05-18 23:56:59 [debug    ] epoch_start                    epoch=40 total_epochs=50
2026-05-19 00:00:18 [warning  ] nan_or_inf_loss                loss=nan
2026-05-19 00:02:38 [debug    ] meta_saved                     path=data/models/bs_64_seed1/meta.json
2026-05-19 00:02:38 [debug    ] model_saved                    epoch=40
2026-05-19 00:02:38 [info     ] epoch_complete                 epoch=40 is_best=True lr=0.00023000000000000348 total_epochs=50 train_loss=nan val_loss=0.023464
2026-05-19 00:02:38 [debug    ] epoch_start                    epoch=41 total_epochs=50
2026-05-19 00:07:36 [warning  ] nan_or_inf_loss                loss=nan
2026-05-19 00:08:17 [info     ] epoch_complete                 epoch=41 is_best=False lr=0.00020800000000000357 total_epochs=50 train_loss=nan val_loss=0.023589
2026-05-19 00:08:17 [debug    ] epoch_start                    epoch=42 total_epochs=50
2026-05-19 00:09:28 [warning  ] nan_or_inf_loss                loss=nan
2026-05-19 00:13:58 [debug    ] meta_saved                     path=data/models/bs_64_seed1/meta.json
2026-05-19 00:13:58 [debug    ] model_saved                    epoch=42
2026-05-19 00:13:58 [info     ] epoch_complete                 epoch=42 is_best=True lr=0.00018600000000000447 total_epochs=50 train_loss=nan val_loss=0.023213
2026-05-19 00:13:58 [debug    ] epoch_start                    epoch=43 total_epochs=50
2026-05-19 00:17:40 [warning  ] nan_or_inf_loss                loss=nan
2026-05-19 00:19:37 [info     ] epoch_complete                 epoch=43 is_best=False lr=0.00016400000000000613 total_epochs=50 train_loss=nan val_loss=0.023331
2026-05-19 00:19:37 [debug    ] epoch_start                    epoch=44 total_epochs=50
2026-05-19 00:20:36 [warning  ] nan_or_inf_loss                loss=nan
2026-05-19 00:25:17 [debug    ] meta_saved                     path=data/models/bs_64_seed1/meta.json
2026-05-19 00:25:17 [debug    ] model_saved                    epoch=44
2026-05-19 00:25:17 [info     ] epoch_complete                 epoch=44 is_best=True lr=0.00014200000000000754 total_epochs=50 train_loss=nan val_loss=0.023155
2026-05-19 00:25:17 [debug    ] epoch_start                    epoch=45 total_epochs=50
2026-05-19 00:28:06 [warning  ] nan_or_inf_loss                loss=nan
2026-05-19 00:31:03 [debug    ] meta_saved                     path=data/models/bs_64_seed1/meta.json
2026-05-19 00:31:03 [debug    ] model_saved                    epoch=45
2026-05-19 00:31:03 [info     ] epoch_complete                 epoch=45 is_best=True lr=0.00012000000000000895 total_epochs=50 train_loss=nan val_loss=0.022958
2026-05-19 00:31:03 [debug    ] epoch_start                    epoch=46 total_epochs=50
2026-05-19 00:32:18 [warning  ] nan_or_inf_loss                loss=nan
2026-05-19 00:40:28 [info     ] epoch_complete                 epoch=46 is_best=False lr=9.800000000000715e-05 total_epochs=50 train_loss=nan val_loss=0.023691
2026-05-19 00:40:28 [debug    ] epoch_start                    epoch=47 total_epochs=50
2026-05-19 00:41:04 [warning  ] nan_or_inf_loss                loss=nan
2026-05-19 00:49:47 [info     ] epoch_complete                 epoch=47 is_best=False lr=7.600000000000502e-05 total_epochs=50 train_loss=nan val_loss=0.023004
2026-05-19 00:49:47 [debug    ] epoch_start                    epoch=48 total_epochs=50
2026-05-19 00:51:38 [warning  ] nan_or_inf_loss                loss=nan
2026-05-19 00:58:49 [info     ] epoch_complete                 epoch=48 is_best=False lr=5.4000000000003054e-05 total_epochs=50 train_loss=nan val_loss=0.02296
2026-05-19 00:58:49 [debug    ] epoch_start                    epoch=49 total_epochs=50
2026-05-19 01:03:21 [warning  ] nan_or_inf_loss                loss=nan
2026-05-19 01:04:33 [info     ] epoch_complete                 epoch=49 is_best=False lr=3.2000000000002384e-05 total_epochs=50 train_loss=nan val_loss=0.02307
2026-05-19 01:04:33 [debug    ] epoch_start                    epoch=50 total_epochs=50
2026-05-19 01:06:57 [warning  ] nan_or_inf_loss                loss=nan
2026-05-19 01:10:15 [info     ] epoch_complete                 epoch=50 is_best=False lr=1.0000000000000765e-05 total_epochs=50 train_loss=nan val_loss=0.022982
2026-05-19 01:10:15 [info     ] training_log_saved             path=data/models/bs_64_seed1/training_losses.csv
2026-05-19 01:10:15 [info     ] training_complete              best_val_loss=0.022958
2026-05-19 01:10:15 [info     ] train_typecode_done            typecode=A320
2026-05-19 01:10:15 [info     ] train_done                     typecodes=['A320']

$ uv run fdm train --arch adsb --config results_run3/bs_64_seed1/config.yaml --model-name bs_64_seed1 --epochs 50 --batch-size 64 --lr 0.001 --method rk4 --seq-len 30 --train-limit 5000 --activation relu --seed 1 --backbone-depth 2 --head-depth 2 --hidden-width 48 --device cuda --no-use-mode-weights
