2026-05-13 16:25:02 [info     ] evaluate_start                 arch=adsb typecodes=['A320']
2026-05-13 16:25:02 [info     ] evaluate_typecode              flights=542 typecode=A320
2026-05-13 16:25:14 [info     ] evaluate_done                  output=data/model_performance/weighting_off_seed1/performance.parquet rows=16
shape: (16, 11)
┌──────────┬─────────────────────────┬──────────────┬───────┬─────────┬──────────┬──────────┬──────────┬─────────┬──────────┬────────┐
│ Aircraft ┆ Variable                ┆ Phase        ┆ Model ┆ MAE     ┆ MAE_std  ┆ MAPE (%) ┆ MAPE_std ┆ ME      ┆ ME_std   ┆ Count  │
│ ---      ┆ ---                     ┆ ---          ┆ ---   ┆ ---     ┆ ---      ┆ ---      ┆ ---      ┆ ---     ┆ ---      ┆ ---    │
│ str      ┆ str                     ┆ str          ┆ str   ┆ f64     ┆ f64      ┆ f64      ┆ f64      ┆ f64     ┆ f64      ┆ i64    │
╞══════════╪═════════════════════════╪══════════════╪═══════╪═════════╪══════════╪══════════╪══════════╪═════════╪══════════╪════════╡
│ A320     ┆ Altitude [m]            ┆ All phases   ┆ PRED  ┆ 251.014 ┆ 603.128  ┆ 5.505    ┆ 18.947   ┆ 124.760 ┆ 641.253  ┆ 478843 │
│ A320     ┆ Altitude [m]            ┆ Climb        ┆ PRED  ┆ 802.986 ┆ 1060.696 ┆ 17.938   ┆ 36.947   ┆ 631.147 ┆ 1171.117 ┆ 90018  │
│ A320     ┆ Altitude [m]            ┆ Level flight ┆ PRED  ┆ 56.687  ┆ 183.259  ┆ 0.791    ┆ 5.517    ┆ -2.737  ┆ 191.807  ┆ 296839 │
│ A320     ┆ Altitude [m]            ┆ Descent      ┆ PRED  ┆ 337.945 ┆ 506.610  ┆ 8.550    ┆ 14.225   ┆ 40.639  ┆ 607.626  ┆ 91986  │
│ A320     ┆ Flight path angle [deg] ┆ All phases   ┆ PRED  ┆ 0.284   ┆ 0.618    ┆ NaN      ┆ NaN      ┆ -0.059  ┆ 0.677    ┆ 478843 │
│ A320     ┆ Flight path angle [deg] ┆ Climb        ┆ PRED  ┆ 0.718   ┆ 0.970    ┆ NaN      ┆ NaN      ┆ -0.404  ┆ 1.138    ┆ 90018  │
│ A320     ┆ Flight path angle [deg] ┆ Level flight ┆ PRED  ┆ 0.077   ┆ 0.257    ┆ NaN      ┆ NaN      ┆ -0.009  ┆ 0.268    ┆ 296839 │
│ A320     ┆ Flight path angle [deg] ┆ Descent      ┆ PRED  ┆ 0.527   ┆ 0.687    ┆ NaN      ┆ NaN      ┆ 0.116   ┆ 0.858    ┆ 91986  │
│ A320     ┆ Heading [deg]           ┆ All phases   ┆ PRED  ┆ 1.861   ┆ 6.996    ┆ NaN      ┆ NaN      ┆ 0.194   ┆ 7.237    ┆ 478843 │
│ A320     ┆ Heading [deg]           ┆ Climb        ┆ PRED  ┆ 2.136   ┆ 6.886    ┆ NaN      ┆ NaN      ┆ -0.029  ┆ 7.210    ┆ 90018  │
│ A320     ┆ Heading [deg]           ┆ Level flight ┆ PRED  ┆ 1.626   ┆ 6.667    ┆ NaN      ┆ NaN      ┆ 0.311   ┆ 6.855    ┆ 296839 │
│ A320     ┆ Heading [deg]           ┆ Descent      ┆ PRED  ┆ 2.350   ┆ 8.030    ┆ NaN      ┆ NaN      ┆ 0.032   ┆ 8.367    ┆ 91986  │
│ A320     ┆ True airspeed [m/s]     ┆ All phases   ┆ PRED  ┆ 2.924   ┆ 7.194    ┆ 1.692    ┆ 5.884    ┆ 0.536   ┆ 7.747    ┆ 478843 │
│ A320     ┆ True airspeed [m/s]     ┆ Climb        ┆ PRED  ┆ 5.419   ┆ 12.314   ┆ 3.408    ┆ 9.801    ┆ 2.984   ┆ 13.119   ┆ 90018  │
│ A320     ┆ True airspeed [m/s]     ┆ Level flight ┆ PRED  ┆ 1.833   ┆ 4.325    ┆ 0.942    ┆ 4.347    ┆ 0.050   ┆ 4.697    ┆ 296839 │
│ A320     ┆ True airspeed [m/s]     ┆ Descent      ┆ PRED  ┆ 4.004   ┆ 7.040    ┆ 2.434    ┆ 4.477    ┆ -0.294  ┆ 8.094    ┆ 91986  │
└──────────┴─────────────────────────┴──────────────┴───────┴─────────┴──────────┴──────────┴──────────┴─────────┴──────────┴────────┘

$ uv run fdm evaluate --arch adsb --config results/weighting_off_seed1/config.yaml --model-name weighting_off_seed1
