2026-05-15 23:18:39 [info     ] train_start                    arch=adsb device=cuda typecodes=['A320']
2026-05-15 23:18:39 [info     ] train_typecode                 typecode=A320
2026-05-15 23:18:39 [info     ] loading_data                   train_flights=1594 val_flights=247
2026-05-15 23:18:39 [warning  ] e1_column_missing              column=fdm_g_sin_gamma_ms2
2026-05-15 23:18:39 [warning  ] e1_column_missing              column=fdm_cos_gamma
2026-05-15 23:18:39 [warning  ] e1_column_missing              column=fdm_q_pa
2026-05-15 23:18:39 [warning  ] e1_column_missing              column=fdm_g_over_v
2026-05-15 23:18:39 [warning  ] e1_column_missing              column=fdm_lat_wind_ms
2026-05-15 23:18:39 [warning  ] e1_column_missing              column=fdm_drift_rad
2026-05-15 23:18:39 [warning  ] e1_column_missing              column=fdm_track_rad
2026-05-15 23:18:39 [warning  ] e1_column_missing              column=fdm_heading_diff_rad
2026-05-15 23:18:44 [warning  ] e1_column_missing              column=fdm_g_sin_gamma_ms2
2026-05-15 23:18:44 [warning  ] e1_column_missing              column=fdm_cos_gamma
2026-05-15 23:18:44 [warning  ] e1_column_missing              column=fdm_q_pa
2026-05-15 23:18:44 [warning  ] e1_column_missing              column=fdm_g_over_v
2026-05-15 23:18:44 [warning  ] e1_column_missing              column=fdm_lat_wind_ms
2026-05-15 23:18:44 [warning  ] e1_column_missing              column=fdm_drift_rad
2026-05-15 23:18:44 [warning  ] e1_column_missing              column=fdm_track_rad
2026-05-15 23:18:44 [warning  ] e1_column_missing              column=fdm_heading_diff_rad
2026-05-15 23:18:45 [info     ] data_loaded                    train_samples=23212 val_samples=3628
2026-05-15 23:19:00 [debug    ] meta_saved                     path=data/models/lr_8.5e-4_seed2/meta.json
2026-05-15 23:19:00 [info     ] trainer_initialized            architecture=node_adsb_v1 device=cuda train_samples=23212 val_samples=3628
2026-05-15 23:19:00 [info     ] preloading_data_to_gpu
2026-05-15 23:19:00 [debug    ] epoch_start                    epoch=1 total_epochs=50
/data/common/dataiku/config/projects/NODEFDM/lib/python/.venv/lib/python3.12/site-packages/torch/_inductor/compile_fx.py:321: UserWarning: TensorFloat32 tensor cores for float32 matrix multiplication available but not enabled. Consider setting `torch.set_float32_matmul_precision('high')` for better performance.
  warnings.warn(
2026-05-15 23:19:25 [info     ] debug_magnitudes               norm_mean=['8568.283203', '-0.001322', '213.622833', '3.253931'] norm_std=['2269.236084', '0.038830', '32.838379', '1.246786'] ode_loss=1.493363
W0515 23:26:22.036000 428196 torch/_dynamo/convert_frame.py:1676] [0/8] torch._dynamo hit config.recompile_limit (8)
W0515 23:26:22.036000 428196 torch/_dynamo/convert_frame.py:1676] [0/8]    function: 'forward' (/data/common/dataiku/config/projects/NODEFDM/lib/python/packages/node-fdm/src/node_fdm/models/fdm.py:181)
W0515 23:26:22.036000 428196 torch/_dynamo/convert_frame.py:1676] [0/8]    last reason: 0/7: tensor 'self.history['raw_alt_m']' size mismatch at index 1. expected 1, actual 2
W0515 23:26:22.036000 428196 torch/_dynamo/convert_frame.py:1676] [0/8] To log all recompilation reasons, use TORCH_LOGS="recompiles".
W0515 23:26:22.036000 428196 torch/_dynamo/convert_frame.py:1676] [0/8] To diagnose recompilation issues, see https://pytorch.org/docs/main/compile/programming_model.recompilation.html
2026-05-15 23:26:23 [debug    ] meta_saved                     path=data/models/lr_8.5e-4_seed2/meta.json
2026-05-15 23:26:23 [debug    ] model_saved                    epoch=1
2026-05-15 23:26:23 [info     ] epoch_complete                 epoch=1 is_best=True lr=0.00017799999999999966 total_epochs=50 train_loss=0.227159 val_loss=0.072139
2026-05-15 23:26:23 [debug    ] epoch_start                    epoch=2 total_epochs=50
2026-05-15 23:32:22 [debug    ] meta_saved                     path=data/models/lr_8.5e-4_seed2/meta.json
2026-05-15 23:32:22 [debug    ] model_saved                    epoch=2
2026-05-15 23:32:22 [info     ] epoch_complete                 epoch=2 is_best=True lr=0.0003459999999999998 total_epochs=50 train_loss=0.057648 val_loss=0.039476
2026-05-15 23:32:22 [debug    ] epoch_start                    epoch=3 total_epochs=50
2026-05-15 23:38:12 [debug    ] meta_saved                     path=data/models/lr_8.5e-4_seed2/meta.json
2026-05-15 23:38:12 [debug    ] model_saved                    epoch=3
2026-05-15 23:38:12 [info     ] epoch_complete                 epoch=3 is_best=True lr=0.0005140000000000006 total_epochs=50 train_loss=0.040658 val_loss=0.03448
2026-05-15 23:38:12 [debug    ] epoch_start                    epoch=4 total_epochs=50
2026-05-15 23:44:03 [debug    ] meta_saved                     path=data/models/lr_8.5e-4_seed2/meta.json
2026-05-15 23:44:03 [debug    ] model_saved                    epoch=4
2026-05-15 23:44:03 [info     ] epoch_complete                 epoch=4 is_best=True lr=0.0006819999999999998 total_epochs=50 train_loss=0.037254 val_loss=0.032775
2026-05-15 23:44:03 [debug    ] epoch_start                    epoch=5 total_epochs=50
2026-05-15 23:49:55 [info     ] epoch_complete                 epoch=5 is_best=False lr=0.00085 total_epochs=50 train_loss=0.036135 val_loss=0.032973
2026-05-15 23:49:55 [debug    ] epoch_start                    epoch=6 total_epochs=50
2026-05-15 23:55:48 [debug    ] meta_saved                     path=data/models/lr_8.5e-4_seed2/meta.json
2026-05-15 23:55:48 [debug    ] model_saved                    epoch=6
2026-05-15 23:55:48 [info     ] epoch_complete                 epoch=6 is_best=True lr=0.000831333333333331 total_epochs=50 train_loss=0.034767 val_loss=0.030708
2026-05-15 23:55:48 [debug    ] epoch_start                    epoch=7 total_epochs=50
2026-05-16 00:01:40 [debug    ] meta_saved                     path=data/models/lr_8.5e-4_seed2/meta.json
2026-05-16 00:01:40 [debug    ] model_saved                    epoch=7
2026-05-16 00:01:40 [info     ] epoch_complete                 epoch=7 is_best=True lr=0.0008126666666666629 total_epochs=50 train_loss=0.033603 val_loss=0.030277
2026-05-16 00:01:40 [debug    ] epoch_start                    epoch=8 total_epochs=50
2026-05-16 00:07:32 [debug    ] meta_saved                     path=data/models/lr_8.5e-4_seed2/meta.json
2026-05-16 00:07:32 [debug    ] model_saved                    epoch=8
2026-05-16 00:07:32 [info     ] epoch_complete                 epoch=8 is_best=True lr=0.0007939999999999944 total_epochs=50 train_loss=0.033241 val_loss=0.030039
2026-05-16 00:07:32 [debug    ] epoch_start                    epoch=9 total_epochs=50
2026-05-16 00:13:22 [debug    ] meta_saved                     path=data/models/lr_8.5e-4_seed2/meta.json
2026-05-16 00:13:22 [debug    ] model_saved                    epoch=9
2026-05-16 00:13:22 [info     ] epoch_complete                 epoch=9 is_best=True lr=0.0007753333333333273 total_epochs=50 train_loss=0.032691 val_loss=0.029807
2026-05-16 00:13:22 [debug    ] epoch_start                    epoch=10 total_epochs=50
2026-05-16 00:19:14 [info     ] epoch_complete                 epoch=10 is_best=False lr=0.0007566666666666592 total_epochs=50 train_loss=0.0456 val_loss=0.053259
2026-05-16 00:19:14 [debug    ] epoch_start                    epoch=11 total_epochs=50
2026-05-16 00:25:08 [info     ] epoch_complete                 epoch=11 is_best=False lr=0.0007379999999999897 total_epochs=50 train_loss=0.038196 val_loss=0.031939
2026-05-16 00:25:08 [debug    ] epoch_start                    epoch=12 total_epochs=50
2026-05-16 00:31:11 [info     ] epoch_complete                 epoch=12 is_best=False lr=0.000719333333333319 total_epochs=50 train_loss=0.040756 val_loss=0.032281
2026-05-16 00:31:11 [debug    ] epoch_start                    epoch=13 total_epochs=50
2026-05-16 00:40:51 [info     ] epoch_complete                 epoch=13 is_best=False lr=0.0007006666666666497 total_epochs=50 train_loss=0.056287 val_loss=0.03658
2026-05-16 00:40:51 [debug    ] epoch_start                    epoch=14 total_epochs=50
2026-05-16 00:50:34 [info     ] epoch_complete                 epoch=14 is_best=False lr=0.0006819999999999807 total_epochs=50 train_loss=0.037357 val_loss=0.03202
2026-05-16 00:50:34 [debug    ] epoch_start                    epoch=15 total_epochs=50
2026-05-16 00:59:43 [info     ] epoch_complete                 epoch=15 is_best=False lr=0.0006633333333333114 total_epochs=50 train_loss=0.316641 val_loss=0.176425
2026-05-16 00:59:43 [debug    ] epoch_start                    epoch=16 total_epochs=50
2026-05-16 01:05:39 [info     ] epoch_complete                 epoch=16 is_best=False lr=0.000644666666666641 total_epochs=50 train_loss=0.186348 val_loss=0.161176
2026-05-16 01:05:39 [debug    ] epoch_start                    epoch=17 total_epochs=50
2026-05-16 01:11:35 [info     ] epoch_complete                 epoch=17 is_best=False lr=0.000625999999999972 total_epochs=50 train_loss=0.182344 val_loss=0.161226
2026-05-16 01:11:35 [debug    ] epoch_start                    epoch=18 total_epochs=50
2026-05-16 01:17:33 [info     ] epoch_complete                 epoch=18 is_best=False lr=0.0006073333333333006 total_epochs=50 train_loss=0.18234 val_loss=0.161182
2026-05-16 01:17:33 [debug    ] epoch_start                    epoch=19 total_epochs=50
2026-05-16 01:23:28 [info     ] epoch_complete                 epoch=19 is_best=False lr=0.0005886666666666297 total_epochs=50 train_loss=0.078405 val_loss=0.045908
2026-05-16 01:23:28 [debug    ] epoch_start                    epoch=20 total_epochs=50
2026-05-16 01:29:23 [info     ] epoch_complete                 epoch=20 is_best=False lr=0.0005699999999999588 total_epochs=50 train_loss=0.045141 val_loss=0.038394
2026-05-16 01:29:23 [debug    ] epoch_start                    epoch=21 total_epochs=50
2026-05-16 01:35:18 [info     ] epoch_complete                 epoch=21 is_best=False lr=0.000551333333333288 total_epochs=50 train_loss=0.039808 val_loss=0.034903
2026-05-16 01:35:18 [debug    ] epoch_start                    epoch=22 total_epochs=50
2026-05-16 01:41:14 [info     ] epoch_complete                 epoch=22 is_best=False lr=0.000532666666666618 total_epochs=50 train_loss=0.038088 val_loss=0.034132
2026-05-16 01:41:14 [debug    ] epoch_start                    epoch=23 total_epochs=50
2026-05-16 01:47:10 [info     ] epoch_complete                 epoch=23 is_best=False lr=0.0005139999999999472 total_epochs=50 train_loss=0.036871 val_loss=0.033415
2026-05-16 01:47:10 [debug    ] epoch_start                    epoch=24 total_epochs=50
2026-05-16 01:53:04 [info     ] epoch_complete                 epoch=24 is_best=False lr=0.0004953333333332751 total_epochs=50 train_loss=0.036159 val_loss=0.032718
2026-05-16 01:53:04 [debug    ] epoch_start                    epoch=25 total_epochs=50
2026-05-16 01:58:58 [info     ] epoch_complete                 epoch=25 is_best=False lr=0.0004766666666666081 total_epochs=50 train_loss=0.035429 val_loss=0.031996
2026-05-16 01:58:58 [debug    ] epoch_start                    epoch=26 total_epochs=50
2026-05-16 02:07:09 [info     ] epoch_complete                 epoch=26 is_best=False lr=0.00045799999999994375 total_epochs=50 train_loss=0.034828 val_loss=0.031328
2026-05-16 02:07:09 [debug    ] epoch_start                    epoch=27 total_epochs=50
2026-05-16 02:13:46 [info     ] epoch_complete                 epoch=27 is_best=False lr=0.0004393333333332792 total_epochs=50 train_loss=0.037694 val_loss=0.03164
2026-05-16 02:13:46 [debug    ] epoch_start                    epoch=28 total_epochs=50
2026-05-16 02:19:38 [info     ] epoch_complete                 epoch=28 is_best=False lr=0.00042066666666661545 total_epochs=50 train_loss=0.050279 val_loss=0.034895
2026-05-16 02:19:38 [debug    ] epoch_start                    epoch=29 total_epochs=50
2026-05-16 02:25:30 [info     ] epoch_complete                 epoch=29 is_best=False lr=0.0004019999999999522 total_epochs=50 train_loss=0.036086 val_loss=0.032273
2026-05-16 02:25:30 [debug    ] epoch_start                    epoch=30 total_epochs=50
2026-05-16 02:31:22 [info     ] epoch_complete                 epoch=30 is_best=False lr=0.0003833333333332886 total_epochs=50 train_loss=0.034741 val_loss=0.031453
2026-05-16 02:31:22 [debug    ] epoch_start                    epoch=31 total_epochs=50
2026-05-16 02:37:16 [info     ] epoch_complete                 epoch=31 is_best=False lr=0.00036466666666662575 total_epochs=50 train_loss=0.034112 val_loss=0.031093
2026-05-16 02:37:16 [debug    ] epoch_start                    epoch=32 total_epochs=50
2026-05-16 02:43:10 [info     ] epoch_complete                 epoch=32 is_best=False lr=0.0003459999999999625 total_epochs=50 train_loss=0.033605 val_loss=0.030692
2026-05-16 02:43:10 [debug    ] epoch_start                    epoch=33 total_epochs=50
2026-05-16 02:49:02 [info     ] epoch_complete                 epoch=33 is_best=False lr=0.00032733333333329957 total_epochs=50 train_loss=0.033331 val_loss=0.030368
2026-05-16 02:49:02 [debug    ] epoch_start                    epoch=34 total_epochs=50
2026-05-16 02:54:56 [info     ] epoch_complete                 epoch=34 is_best=False lr=0.00030866666666663566 total_epochs=50 train_loss=0.032845 val_loss=0.029939
2026-05-16 02:54:56 [debug    ] epoch_start                    epoch=35 total_epochs=50
2026-05-16 03:00:49 [debug    ] meta_saved                     path=data/models/lr_8.5e-4_seed2/meta.json
2026-05-16 03:00:49 [debug    ] model_saved                    epoch=35
2026-05-16 03:00:49 [info     ] epoch_complete                 epoch=35 is_best=True lr=0.0002899999999999716 total_epochs=50 train_loss=0.032597 val_loss=0.029712
2026-05-16 03:00:49 [debug    ] epoch_start                    epoch=36 total_epochs=50
2026-05-16 03:06:42 [debug    ] meta_saved                     path=data/models/lr_8.5e-4_seed2/meta.json
2026-05-16 03:06:42 [debug    ] model_saved                    epoch=36
2026-05-16 03:06:42 [info     ] epoch_complete                 epoch=36 is_best=True lr=0.0002713333333333095 total_epochs=50 train_loss=0.032528 val_loss=0.029626
2026-05-16 03:06:42 [debug    ] epoch_start                    epoch=37 total_epochs=50
2026-05-16 03:12:37 [info     ] epoch_complete                 epoch=37 is_best=False lr=0.0002526666666666459 total_epochs=50 train_loss=0.036204 val_loss=0.030909
2026-05-16 03:12:37 [debug    ] epoch_start                    epoch=38 total_epochs=50
2026-05-16 03:18:31 [info     ] epoch_complete                 epoch=38 is_best=False lr=0.0002339999999999818 total_epochs=50 train_loss=0.032748 val_loss=0.029763
2026-05-16 03:18:31 [debug    ] epoch_start                    epoch=39 total_epochs=50
2026-05-16 03:24:24 [debug    ] meta_saved                     path=data/models/lr_8.5e-4_seed2/meta.json
2026-05-16 03:24:24 [debug    ] model_saved                    epoch=39
2026-05-16 03:24:24 [info     ] epoch_complete                 epoch=39 is_best=True lr=0.00021533333333331652 total_epochs=50 train_loss=0.032195 val_loss=0.029343
2026-05-16 03:24:24 [debug    ] epoch_start                    epoch=40 total_epochs=50
2026-05-16 03:30:15 [info     ] epoch_complete                 epoch=40 is_best=False lr=0.00019666666666665072 total_epochs=50 train_loss=0.032 val_loss=0.02943
2026-05-16 03:30:15 [debug    ] epoch_start                    epoch=41 total_epochs=50
2026-05-16 03:36:04 [debug    ] meta_saved                     path=data/models/lr_8.5e-4_seed2/meta.json
2026-05-16 03:36:04 [debug    ] model_saved                    epoch=41
2026-05-16 03:36:04 [info     ] epoch_complete                 epoch=41 is_best=True lr=0.00017799999999998476 total_epochs=50 train_loss=0.032068 val_loss=0.029262
2026-05-16 03:36:04 [debug    ] epoch_start                    epoch=42 total_epochs=50
2026-05-16 03:41:48 [debug    ] meta_saved                     path=data/models/lr_8.5e-4_seed2/meta.json
2026-05-16 03:41:48 [debug    ] model_saved                    epoch=42
2026-05-16 03:41:48 [info     ] epoch_complete                 epoch=42 is_best=True lr=0.00015933333333331855 total_epochs=50 train_loss=0.031959 val_loss=0.029108
2026-05-16 03:41:48 [debug    ] epoch_start                    epoch=43 total_epochs=50
2026-05-16 03:47:28 [debug    ] meta_saved                     path=data/models/lr_8.5e-4_seed2/meta.json
2026-05-16 03:47:28 [debug    ] model_saved                    epoch=43
2026-05-16 03:47:28 [info     ] epoch_complete                 epoch=43 is_best=True lr=0.00014066666666665248 total_epochs=50 train_loss=0.031671 val_loss=0.029058
2026-05-16 03:47:28 [debug    ] epoch_start                    epoch=44 total_epochs=50
2026-05-16 03:53:11 [info     ] epoch_complete                 epoch=44 is_best=False lr=0.00012199999999998574 total_epochs=50 train_loss=0.031591 val_loss=0.029082
2026-05-16 03:53:11 [debug    ] epoch_start                    epoch=45 total_epochs=50
2026-05-16 03:58:50 [debug    ] meta_saved                     path=data/models/lr_8.5e-4_seed2/meta.json
2026-05-16 03:58:50 [debug    ] model_saved                    epoch=45
2026-05-16 03:58:50 [info     ] epoch_complete                 epoch=45 is_best=True lr=0.00010333333333332148 total_epochs=50 train_loss=0.031493 val_loss=0.029032
2026-05-16 03:58:50 [debug    ] epoch_start                    epoch=46 total_epochs=50
2026-05-16 04:04:30 [debug    ] meta_saved                     path=data/models/lr_8.5e-4_seed2/meta.json
2026-05-16 04:04:30 [debug    ] model_saved                    epoch=46
2026-05-16 04:04:30 [info     ] epoch_complete                 epoch=46 is_best=True lr=8.466666666665709e-05 total_epochs=50 train_loss=0.031393 val_loss=0.028938
2026-05-16 04:04:30 [debug    ] epoch_start                    epoch=47 total_epochs=50
2026-05-16 04:10:12 [info     ] epoch_complete                 epoch=47 is_best=False lr=6.599999999999277e-05 total_epochs=50 train_loss=0.031436 val_loss=0.029063
2026-05-16 04:10:12 [debug    ] epoch_start                    epoch=48 total_epochs=50
2026-05-16 04:15:56 [info     ] epoch_complete                 epoch=48 is_best=False lr=4.733333333332813e-05 total_epochs=50 train_loss=0.031411 val_loss=0.03016
2026-05-16 04:15:56 [debug    ] epoch_start                    epoch=49 total_epochs=50
2026-05-16 04:21:42 [debug    ] meta_saved                     path=data/models/lr_8.5e-4_seed2/meta.json
2026-05-16 04:21:42 [debug    ] model_saved                    epoch=49
2026-05-16 04:21:42 [info     ] epoch_complete                 epoch=49 is_best=True lr=2.8666666666663324e-05 total_epochs=50 train_loss=0.031357 val_loss=0.028899
2026-05-16 04:21:42 [debug    ] epoch_start                    epoch=50 total_epochs=50
2026-05-16 04:27:27 [debug    ] meta_saved                     path=data/models/lr_8.5e-4_seed2/meta.json
2026-05-16 04:27:27 [debug    ] model_saved                    epoch=50
2026-05-16 04:27:27 [info     ] epoch_complete                 epoch=50 is_best=True lr=9.999999999998774e-06 total_epochs=50 train_loss=0.031228 val_loss=0.028824
2026-05-16 04:27:27 [info     ] training_log_saved             path=data/models/lr_8.5e-4_seed2/training_losses.csv
2026-05-16 04:27:27 [info     ] training_complete              best_val_loss=0.028824
2026-05-16 04:27:27 [info     ] train_typecode_done            typecode=A320
2026-05-16 04:27:27 [info     ] train_done                     typecodes=['A320']

$ uv run fdm train --arch adsb --config results_run2/lr_8.5e-4_seed2/config.yaml --model-name lr_8.5e-4_seed2 --epochs 50 --batch-size 64 --lr 0.00085 --method rk4 --seq-len 60 --train-limit 5000 --activation relu --seed 2 --backbone-depth 3 --head-depth 2 --hidden-width 48 --device cuda --no-use-mode-weights
