2026-05-20 18:28:58 [info     ] train_start                    arch=adsb device=cuda typecodes=['A320']
2026-05-20 18:28:58 [info     ] train_typecode                 typecode=A320
2026-05-20 18:28:58 [info     ] loading_data                   train_flights=1594 val_flights=247
2026-05-20 18:28:58 [warning  ] e1_column_missing              column=fdm_g_sin_gamma_ms2
2026-05-20 18:28:58 [warning  ] e1_column_missing              column=fdm_cos_gamma
2026-05-20 18:28:58 [warning  ] e1_column_missing              column=fdm_q_pa
2026-05-20 18:28:58 [warning  ] e1_column_missing              column=fdm_g_over_v
2026-05-20 18:28:58 [warning  ] e1_column_missing              column=fdm_lat_wind_ms
2026-05-20 18:28:58 [warning  ] e1_column_missing              column=fdm_drift_rad
2026-05-20 18:28:58 [warning  ] e1_column_missing              column=fdm_track_rad
2026-05-20 18:28:58 [warning  ] e1_column_missing              column=fdm_heading_diff_rad
2026-05-20 18:29:13 [warning  ] e1_column_missing              column=fdm_g_sin_gamma_ms2
2026-05-20 18:29:13 [warning  ] e1_column_missing              column=fdm_cos_gamma
2026-05-20 18:29:13 [warning  ] e1_column_missing              column=fdm_q_pa
2026-05-20 18:29:13 [warning  ] e1_column_missing              column=fdm_g_over_v
2026-05-20 18:29:13 [warning  ] e1_column_missing              column=fdm_lat_wind_ms
2026-05-20 18:29:13 [warning  ] e1_column_missing              column=fdm_drift_rad
2026-05-20 18:29:13 [warning  ] e1_column_missing              column=fdm_track_rad
2026-05-20 18:29:13 [warning  ] e1_column_missing              column=fdm_heading_diff_rad
2026-05-20 18:29:14 [info     ] data_loaded                    train_samples=48117 val_samples=7518
2026-05-20 18:29:35 [debug    ] meta_saved                     path=data/models/bs_32_seed0/meta.json
2026-05-20 18:29:35 [info     ] trainer_initialized            architecture=node_adsb_v1 device=cuda train_samples=48117 val_samples=7518
2026-05-20 18:29:35 [info     ] preloading_data_to_gpu
2026-05-20 18:29:35 [debug    ] epoch_start                    epoch=1 total_epochs=50
/data/common/dataiku/config/projects/NODEFDM/lib/python/.venv/lib/python3.12/site-packages/torch/_inductor/compile_fx.py:321: UserWarning: TensorFloat32 tensor cores for float32 matrix multiplication available but not enabled. Consider setting `torch.set_float32_matmul_precision('high')` for better performance.
  warnings.warn(
2026-05-20 18:29:57 [info     ] debug_magnitudes               norm_mean=['8427.359375', '-0.000899', '211.646118', '3.252943'] norm_std=['2287.523926', '0.040447', '34.116577', '1.247240'] ode_loss=0.509654
2026-05-20 18:30:16 [warning  ] nan_or_inf_loss                loss=nan
W0520 18:42:39.165000 2208766 torch/_dynamo/convert_frame.py:1676] [0/8] torch._dynamo hit config.recompile_limit (8)
W0520 18:42:39.165000 2208766 torch/_dynamo/convert_frame.py:1676] [0/8]    function: 'forward' (/data/common/dataiku/config/projects/NODEFDM/lib/python/packages/node-fdm/src/node_fdm/models/fdm.py:181)
W0520 18:42:39.165000 2208766 torch/_dynamo/convert_frame.py:1676] [0/8]    last reason: 0/7: tensor 'self.history['raw_alt_m']' size mismatch at index 1. expected 1, actual 2
W0520 18:42:39.165000 2208766 torch/_dynamo/convert_frame.py:1676] [0/8] To log all recompilation reasons, use TORCH_LOGS="recompiles".
W0520 18:42:39.165000 2208766 torch/_dynamo/convert_frame.py:1676] [0/8] To diagnose recompilation issues, see https://pytorch.org/docs/main/compile/programming_model.recompilation.html
2026-05-20 18:42:39 [debug    ] meta_saved                     path=data/models/bs_32_seed0/meta.json
2026-05-20 18:42:39 [debug    ] model_saved                    epoch=1
2026-05-20 18:42:39 [info     ] epoch_complete                 epoch=1 is_best=True lr=0.00020800000000000077 total_epochs=50 train_loss=nan val_loss=0.037884
2026-05-20 18:42:39 [debug    ] epoch_start                    epoch=2 total_epochs=50
2026-05-20 18:46:42 [warning  ] nan_or_inf_loss                loss=nan
2026-05-20 18:54:16 [debug    ] meta_saved                     path=data/models/bs_32_seed0/meta.json
2026-05-20 18:54:16 [debug    ] model_saved                    epoch=2
2026-05-20 18:54:16 [info     ] epoch_complete                 epoch=2 is_best=True lr=0.00040600000000000174 total_epochs=50 train_loss=nan val_loss=0.028521
2026-05-20 18:54:16 [debug    ] epoch_start                    epoch=3 total_epochs=50
2026-05-20 18:57:45 [warning  ] nan_or_inf_loss                loss=nan
2026-05-20 19:05:55 [debug    ] meta_saved                     path=data/models/bs_32_seed0/meta.json
2026-05-20 19:05:55 [debug    ] model_saved                    epoch=3
2026-05-20 19:05:55 [info     ] epoch_complete                 epoch=3 is_best=True lr=0.0006040000000000034 total_epochs=50 train_loss=nan val_loss=0.028509
2026-05-20 19:05:55 [debug    ] epoch_start                    epoch=4 total_epochs=50
2026-05-20 19:17:07 [warning  ] nan_or_inf_loss                loss=nan
2026-05-20 19:17:32 [debug    ] meta_saved                     path=data/models/bs_32_seed0/meta.json
2026-05-20 19:17:32 [debug    ] model_saved                    epoch=4
2026-05-20 19:17:32 [info     ] epoch_complete                 epoch=4 is_best=True lr=0.0008020000000000034 total_epochs=50 train_loss=nan val_loss=0.026235
2026-05-20 19:17:32 [debug    ] epoch_start                    epoch=5 total_epochs=50
2026-05-20 19:17:59 [warning  ] nan_or_inf_loss                loss=nan
2026-05-20 19:29:12 [debug    ] meta_saved                     path=data/models/bs_32_seed0/meta.json
2026-05-20 19:29:12 [debug    ] model_saved                    epoch=5
2026-05-20 19:29:12 [info     ] epoch_complete                 epoch=5 is_best=True lr=0.001 total_epochs=50 train_loss=nan val_loss=0.024814
2026-05-20 19:29:12 [debug    ] epoch_start                    epoch=6 total_epochs=50
2026-05-20 19:38:48 [warning  ] nan_or_inf_loss                loss=nan
2026-05-20 19:40:57 [debug    ] meta_saved                     path=data/models/bs_32_seed0/meta.json
2026-05-20 19:40:57 [debug    ] model_saved                    epoch=6
2026-05-20 19:40:57 [info     ] epoch_complete                 epoch=6 is_best=True lr=0.0009779999999999641 total_epochs=50 train_loss=nan val_loss=0.024306
2026-05-20 19:40:57 [debug    ] epoch_start                    epoch=7 total_epochs=50
2026-05-20 19:47:23 [warning  ] nan_or_inf_loss                loss=nan
2026-05-20 19:52:41 [info     ] epoch_complete                 epoch=7 is_best=False lr=0.000955999999999966 total_epochs=50 train_loss=nan val_loss=0.048187
2026-05-20 19:52:41 [debug    ] epoch_start                    epoch=8 total_epochs=50
2026-05-20 20:00:48 [warning  ] nan_or_inf_loss                loss=nan
2026-05-20 20:04:16 [info     ] epoch_complete                 epoch=8 is_best=False lr=0.0009339999999999676 total_epochs=50 train_loss=nan val_loss=0.024563
2026-05-20 20:04:16 [debug    ] epoch_start                    epoch=9 total_epochs=50
2026-05-20 20:09:20 [warning  ] nan_or_inf_loss                loss=nan
2026-05-20 20:15:55 [debug    ] meta_saved                     path=data/models/bs_32_seed0/meta.json
2026-05-20 20:15:55 [debug    ] model_saved                    epoch=9
2026-05-20 20:15:55 [info     ] epoch_complete                 epoch=9 is_best=True lr=0.0009119999999999646 total_epochs=50 train_loss=nan val_loss=0.0243
2026-05-20 20:15:55 [debug    ] epoch_start                    epoch=10 total_epochs=50
2026-05-20 20:17:40 [warning  ] nan_or_inf_loss                loss=nan
2026-05-20 20:27:35 [debug    ] meta_saved                     path=data/models/bs_32_seed0/meta.json
2026-05-20 20:27:35 [debug    ] model_saved                    epoch=10
2026-05-20 20:27:35 [info     ] epoch_complete                 epoch=10 is_best=True lr=0.0008899999999999641 total_epochs=50 train_loss=nan val_loss=0.023684
2026-05-20 20:27:35 [debug    ] epoch_start                    epoch=11 total_epochs=50
2026-05-20 20:29:39 [warning  ] nan_or_inf_loss                loss=nan
2026-05-20 20:39:18 [debug    ] meta_saved                     path=data/models/bs_32_seed0/meta.json
2026-05-20 20:39:18 [debug    ] model_saved                    epoch=11
2026-05-20 20:39:18 [info     ] epoch_complete                 epoch=11 is_best=True lr=0.0008679999999999602 total_epochs=50 train_loss=nan val_loss=0.023668
2026-05-20 20:39:18 [debug    ] epoch_start                    epoch=12 total_epochs=50
2026-05-20 20:41:19 [warning  ] nan_or_inf_loss                loss=nan
2026-05-20 20:51:04 [info     ] epoch_complete                 epoch=12 is_best=False lr=0.0008459999999999557 total_epochs=50 train_loss=nan val_loss=0.024283
2026-05-20 20:51:04 [debug    ] epoch_start                    epoch=13 total_epochs=50
2026-05-20 20:54:44 [warning  ] nan_or_inf_loss                loss=nan
2026-05-20 21:02:46 [info     ] epoch_complete                 epoch=13 is_best=False lr=0.0008239999999999501 total_epochs=50 train_loss=nan val_loss=0.023786
2026-05-20 21:02:46 [debug    ] epoch_start                    epoch=14 total_epochs=50
2026-05-20 21:04:50 [warning  ] nan_or_inf_loss                loss=nan
2026-05-20 21:14:28 [debug    ] meta_saved                     path=data/models/bs_32_seed0/meta.json
2026-05-20 21:14:28 [debug    ] model_saved                    epoch=14
2026-05-20 21:14:28 [info     ] epoch_complete                 epoch=14 is_best=True lr=0.0008019999999999432 total_epochs=50 train_loss=nan val_loss=0.022933
2026-05-20 21:14:28 [debug    ] epoch_start                    epoch=15 total_epochs=50
2026-05-20 21:24:52 [warning  ] nan_or_inf_loss                loss=nan
2026-05-20 21:26:08 [info     ] epoch_complete                 epoch=15 is_best=False lr=0.0007799999999999348 total_epochs=50 train_loss=nan val_loss=0.023186
2026-05-20 21:26:08 [debug    ] epoch_start                    epoch=16 total_epochs=50
2026-05-20 21:27:07 [warning  ] nan_or_inf_loss                loss=nan
2026-05-20 21:37:48 [info     ] epoch_complete                 epoch=16 is_best=False lr=0.0007579999999999236 total_epochs=50 train_loss=nan val_loss=0.023404
2026-05-20 21:37:48 [debug    ] epoch_start                    epoch=17 total_epochs=50
2026-05-20 21:45:13 [warning  ] nan_or_inf_loss                loss=nan
2026-05-20 21:49:29 [debug    ] meta_saved                     path=data/models/bs_32_seed0/meta.json
2026-05-20 21:49:29 [debug    ] model_saved                    epoch=17
2026-05-20 21:49:29 [info     ] epoch_complete                 epoch=17 is_best=True lr=0.0007359999999999133 total_epochs=50 train_loss=nan val_loss=0.022879
2026-05-20 21:49:29 [debug    ] epoch_start                    epoch=18 total_epochs=50
2026-05-20 22:01:12 [warning  ] nan_or_inf_loss                loss=nan
2026-05-20 22:01:25 [debug    ] meta_saved                     path=data/models/bs_32_seed0/meta.json
2026-05-20 22:01:25 [debug    ] model_saved                    epoch=18
2026-05-20 22:01:25 [info     ] epoch_complete                 epoch=18 is_best=True lr=0.0007139999999999008 total_epochs=50 train_loss=nan val_loss=0.022508
2026-05-20 22:01:25 [debug    ] epoch_start                    epoch=19 total_epochs=50
2026-05-20 22:11:18 [warning  ] nan_or_inf_loss                loss=nan
2026-05-20 22:13:10 [info     ] epoch_complete                 epoch=19 is_best=False lr=0.0006919999999998854 total_epochs=50 train_loss=nan val_loss=0.023516
2026-05-20 22:13:10 [debug    ] epoch_start                    epoch=20 total_epochs=50
2026-05-20 22:22:29 [warning  ] nan_or_inf_loss                loss=nan
2026-05-20 22:24:54 [info     ] epoch_complete                 epoch=20 is_best=False lr=0.0006699999999998693 total_epochs=50 train_loss=nan val_loss=0.023214
2026-05-20 22:24:54 [debug    ] epoch_start                    epoch=21 total_epochs=50
2026-05-20 22:27:45 [warning  ] nan_or_inf_loss                loss=nan
2026-05-20 22:36:32 [info     ] epoch_complete                 epoch=21 is_best=False lr=0.0006479999999998547 total_epochs=50 train_loss=nan val_loss=0.02275
2026-05-20 22:36:32 [debug    ] epoch_start                    epoch=22 total_epochs=50
2026-05-20 22:43:05 [warning  ] nan_or_inf_loss                loss=nan
2026-05-20 22:48:13 [info     ] epoch_complete                 epoch=22 is_best=False lr=0.0006259999999998386 total_epochs=50 train_loss=nan val_loss=0.022583
2026-05-20 22:48:13 [debug    ] epoch_start                    epoch=23 total_epochs=50
2026-05-20 22:50:46 [warning  ] nan_or_inf_loss                loss=nan
2026-05-20 22:59:52 [info     ] epoch_complete                 epoch=23 is_best=False lr=0.0006039999999998202 total_epochs=50 train_loss=nan val_loss=0.02297
2026-05-20 22:59:52 [debug    ] epoch_start                    epoch=24 total_epochs=50
2026-05-20 23:08:16 [warning  ] nan_or_inf_loss                loss=nan
2026-05-20 23:11:32 [info     ] epoch_complete                 epoch=24 is_best=False lr=0.0005819999999998049 total_epochs=50 train_loss=nan val_loss=0.02277
2026-05-20 23:11:32 [debug    ] epoch_start                    epoch=25 total_epochs=50
2026-05-20 23:21:40 [warning  ] nan_or_inf_loss                loss=nan
2026-05-20 23:23:15 [info     ] epoch_complete                 epoch=25 is_best=False lr=0.0005599999999997843 total_epochs=50 train_loss=nan val_loss=0.022656
2026-05-20 23:23:15 [debug    ] epoch_start                    epoch=26 total_epochs=50
2026-05-20 23:33:08 [warning  ] nan_or_inf_loss                loss=nan
2026-05-20 23:34:54 [debug    ] meta_saved                     path=data/models/bs_32_seed0/meta.json
2026-05-20 23:34:54 [debug    ] model_saved                    epoch=26
2026-05-20 23:34:54 [info     ] epoch_complete                 epoch=26 is_best=True lr=0.0005379999999997661 total_epochs=50 train_loss=nan val_loss=0.022292
2026-05-20 23:34:54 [debug    ] epoch_start                    epoch=27 total_epochs=50
2026-05-20 23:35:59 [warning  ] nan_or_inf_loss                loss=nan
2026-05-20 23:46:24 [info     ] epoch_complete                 epoch=27 is_best=False lr=0.0005159999999997449 total_epochs=50 train_loss=nan val_loss=0.023116
2026-05-20 23:46:24 [debug    ] epoch_start                    epoch=28 total_epochs=50
2026-05-20 23:46:35 [warning  ] nan_or_inf_loss                loss=nan
2026-05-20 23:57:51 [info     ] epoch_complete                 epoch=28 is_best=False lr=0.0004939999999997231 total_epochs=50 train_loss=nan val_loss=0.025076
2026-05-20 23:57:51 [debug    ] epoch_start                    epoch=29 total_epochs=50
2026-05-21 00:02:02 [warning  ] nan_or_inf_loss                loss=nan
2026-05-21 00:09:19 [info     ] epoch_complete                 epoch=29 is_best=False lr=0.00047199999999972654 total_epochs=50 train_loss=nan val_loss=0.023495
2026-05-21 00:09:19 [debug    ] epoch_start                    epoch=30 total_epochs=50
2026-05-21 00:20:24 [warning  ] nan_or_inf_loss                loss=nan
2026-05-21 00:20:45 [info     ] epoch_complete                 epoch=30 is_best=False lr=0.00044999999999974005 total_epochs=50 train_loss=nan val_loss=0.023418
2026-05-21 00:20:45 [debug    ] epoch_start                    epoch=31 total_epochs=50
2026-05-21 00:20:54 [warning  ] nan_or_inf_loss                loss=nan
2026-05-21 00:33:04 [info     ] epoch_complete                 epoch=31 is_best=False lr=0.00042799999999975404 total_epochs=50 train_loss=nan val_loss=0.023495
2026-05-21 00:33:04 [debug    ] epoch_start                    epoch=32 total_epochs=50
2026-05-21 00:40:20 [warning  ] nan_or_inf_loss                loss=nan
2026-05-21 00:53:00 [info     ] epoch_complete                 epoch=32 is_best=False lr=0.0004059999999997666 total_epochs=50 train_loss=nan val_loss=0.023103
2026-05-21 00:53:00 [debug    ] epoch_start                    epoch=33 total_epochs=50
2026-05-21 01:02:08 [warning  ] nan_or_inf_loss                loss=nan
2026-05-21 01:07:13 [info     ] epoch_complete                 epoch=33 is_best=False lr=0.00038399999999978274 total_epochs=50 train_loss=nan val_loss=0.0227
2026-05-21 01:07:13 [debug    ] epoch_start                    epoch=34 total_epochs=50
2026-05-21 01:16:49 [warning  ] nan_or_inf_loss                loss=nan
2026-05-21 01:18:37 [info     ] epoch_complete                 epoch=34 is_best=False lr=0.0003619999999997976 total_epochs=50 train_loss=nan val_loss=0.026725
2026-05-21 01:18:37 [debug    ] epoch_start                    epoch=35 total_epochs=50
2026-05-21 01:29:25 [warning  ] nan_or_inf_loss                loss=nan
2026-05-21 01:30:13 [info     ] epoch_complete                 epoch=35 is_best=False lr=0.00033999999999981284 total_epochs=50 train_loss=nan val_loss=0.022704
2026-05-21 01:30:13 [debug    ] epoch_start                    epoch=36 total_epochs=50
2026-05-21 01:38:36 [warning  ] nan_or_inf_loss                loss=nan
2026-05-21 01:41:42 [info     ] epoch_complete                 epoch=36 is_best=False lr=0.00031799999999982846 total_epochs=50 train_loss=nan val_loss=0.022616
2026-05-21 01:41:42 [debug    ] epoch_start                    epoch=37 total_epochs=50
2026-05-21 01:43:46 [warning  ] nan_or_inf_loss                loss=nan
2026-05-21 01:53:04 [info     ] epoch_complete                 epoch=37 is_best=False lr=0.00029599999999984576 total_epochs=50 train_loss=nan val_loss=0.022416
2026-05-21 01:53:04 [debug    ] epoch_start                    epoch=38 total_epochs=50
2026-05-21 02:00:26 [warning  ] nan_or_inf_loss                loss=nan
2026-05-21 02:04:29 [info     ] epoch_complete                 epoch=38 is_best=False lr=0.00027399999999986176 total_epochs=50 train_loss=nan val_loss=0.022484
2026-05-21 02:04:29 [debug    ] epoch_start                    epoch=39 total_epochs=50
2026-05-21 02:06:40 [warning  ] nan_or_inf_loss                loss=nan
2026-05-21 02:15:53 [debug    ] meta_saved                     path=data/models/bs_32_seed0/meta.json
2026-05-21 02:15:53 [debug    ] model_saved                    epoch=39
2026-05-21 02:15:53 [info     ] epoch_complete                 epoch=39 is_best=True lr=0.0002519999999998791 total_epochs=50 train_loss=nan val_loss=0.022285
2026-05-21 02:15:53 [debug    ] epoch_start                    epoch=40 total_epochs=50
2026-05-21 02:24:03 [warning  ] nan_or_inf_loss                loss=nan
2026-05-21 02:27:14 [debug    ] meta_saved                     path=data/models/bs_32_seed0/meta.json
2026-05-21 02:27:14 [debug    ] model_saved                    epoch=40
2026-05-21 02:27:14 [info     ] epoch_complete                 epoch=40 is_best=True lr=0.00022999999999989115 total_epochs=50 train_loss=nan val_loss=0.02226
2026-05-21 02:27:14 [debug    ] epoch_start                    epoch=41 total_epochs=50
2026-05-21 02:27:17 [warning  ] nan_or_inf_loss                loss=nan
2026-05-21 02:38:34 [debug    ] meta_saved                     path=data/models/bs_32_seed0/meta.json
2026-05-21 02:38:34 [debug    ] model_saved                    epoch=41
2026-05-21 02:38:34 [info     ] epoch_complete                 epoch=41 is_best=True lr=0.00020799999999989986 total_epochs=50 train_loss=nan val_loss=0.022133
2026-05-21 02:38:34 [debug    ] epoch_start                    epoch=42 total_epochs=50
2026-05-21 02:39:26 [warning  ] nan_or_inf_loss                loss=nan
2026-05-21 02:49:55 [info     ] epoch_complete                 epoch=42 is_best=False lr=0.00018599999999990713 total_epochs=50 train_loss=nan val_loss=0.022163
2026-05-21 02:49:55 [debug    ] epoch_start                    epoch=43 total_epochs=50
2026-05-21 02:51:23 [warning  ] nan_or_inf_loss                loss=nan
2026-05-21 03:01:09 [debug    ] meta_saved                     path=data/models/bs_32_seed0/meta.json
2026-05-21 03:01:09 [debug    ] model_saved                    epoch=43
2026-05-21 03:01:09 [info     ] epoch_complete                 epoch=43 is_best=True lr=0.00016399999999991286 total_epochs=50 train_loss=nan val_loss=0.022098
2026-05-21 03:01:09 [debug    ] epoch_start                    epoch=44 total_epochs=50
2026-05-21 03:07:39 [warning  ] nan_or_inf_loss                loss=nan
2026-05-21 03:12:27 [info     ] epoch_complete                 epoch=44 is_best=False lr=0.00014199999999991775 total_epochs=50 train_loss=nan val_loss=0.023117
2026-05-21 03:12:27 [debug    ] epoch_start                    epoch=45 total_epochs=50
2026-05-21 03:22:34 [warning  ] nan_or_inf_loss                loss=nan
2026-05-21 03:23:46 [info     ] epoch_complete                 epoch=45 is_best=False lr=0.00011999999999992358 total_epochs=50 train_loss=nan val_loss=0.022533
2026-05-21 03:23:46 [debug    ] epoch_start                    epoch=46 total_epochs=50
2026-05-21 03:27:18 [warning  ] nan_or_inf_loss                loss=nan
2026-05-21 03:34:56 [debug    ] meta_saved                     path=data/models/bs_32_seed0/meta.json
2026-05-21 03:34:56 [debug    ] model_saved                    epoch=46
2026-05-21 03:34:56 [info     ] epoch_complete                 epoch=46 is_best=True lr=9.799999999993738e-05 total_epochs=50 train_loss=nan val_loss=0.022086
2026-05-21 03:34:56 [debug    ] epoch_start                    epoch=47 total_epochs=50
2026-05-21 03:40:07 [warning  ] nan_or_inf_loss                loss=nan
2026-05-21 03:46:10 [info     ] epoch_complete                 epoch=47 is_best=False lr=7.599999999995096e-05 total_epochs=50 train_loss=nan val_loss=0.022146
2026-05-21 03:46:10 [debug    ] epoch_start                    epoch=48 total_epochs=50
2026-05-21 03:49:21 [warning  ] nan_or_inf_loss                loss=nan
2026-05-21 03:57:27 [info     ] epoch_complete                 epoch=48 is_best=False lr=5.399999999996508e-05 total_epochs=50 train_loss=nan val_loss=0.02213
2026-05-21 03:57:27 [debug    ] epoch_start                    epoch=49 total_epochs=50
2026-05-21 04:06:19 [warning  ] nan_or_inf_loss                loss=nan
2026-05-21 04:08:38 [debug    ] meta_saved                     path=data/models/bs_32_seed0/meta.json
2026-05-21 04:08:38 [debug    ] model_saved                    epoch=49
2026-05-21 04:08:38 [info     ] epoch_complete                 epoch=49 is_best=True lr=3.1999999999980124e-05 total_epochs=50 train_loss=nan val_loss=0.022021
2026-05-21 04:08:38 [debug    ] epoch_start                    epoch=50 total_epochs=50
2026-05-21 04:14:04 [warning  ] nan_or_inf_loss                loss=nan
2026-05-21 04:19:51 [debug    ] meta_saved                     path=data/models/bs_32_seed0/meta.json
2026-05-21 04:19:51 [debug    ] model_saved                    epoch=50
2026-05-21 04:19:51 [info     ] epoch_complete                 epoch=50 is_best=True lr=9.999999999993956e-06 total_epochs=50 train_loss=nan val_loss=0.02202
2026-05-21 04:19:51 [info     ] training_log_saved             path=data/models/bs_32_seed0/training_losses.csv
2026-05-21 04:19:51 [info     ] training_complete              best_val_loss=0.02202
2026-05-21 04:19:51 [info     ] train_typecode_done            typecode=A320
2026-05-21 04:19:52 [info     ] train_done                     typecodes=['A320']

$ uv run fdm train --arch adsb --config results_run4/bs_32_seed0/config.yaml --model-name bs_32_seed0 --epochs 50 --batch-size 32 --lr 0.001 --method rk4 --seq-len 30 --train-limit 5000 --activation relu --seed 0 --backbone-depth 3 --head-depth 2 --hidden-width 48 --device cuda --no-use-mode-weights
