2026-05-18 08:35:21 [info     ] train_start                    arch=adsb device=cuda typecodes=['A320']
2026-05-18 08:35:21 [info     ] train_typecode                 typecode=A320
2026-05-18 08:35:21 [info     ] loading_data                   train_flights=1594 val_flights=247
2026-05-18 08:35:21 [warning  ] e1_column_missing              column=fdm_g_sin_gamma_ms2
2026-05-18 08:35:21 [warning  ] e1_column_missing              column=fdm_cos_gamma
2026-05-18 08:35:21 [warning  ] e1_column_missing              column=fdm_q_pa
2026-05-18 08:35:21 [warning  ] e1_column_missing              column=fdm_g_over_v
2026-05-18 08:35:21 [warning  ] e1_column_missing              column=fdm_lat_wind_ms
2026-05-18 08:35:21 [warning  ] e1_column_missing              column=fdm_drift_rad
2026-05-18 08:35:21 [warning  ] e1_column_missing              column=fdm_track_rad
2026-05-18 08:35:21 [warning  ] e1_column_missing              column=fdm_heading_diff_rad
2026-05-18 08:35:28 [warning  ] e1_column_missing              column=fdm_g_sin_gamma_ms2
2026-05-18 08:35:28 [warning  ] e1_column_missing              column=fdm_cos_gamma
2026-05-18 08:35:28 [warning  ] e1_column_missing              column=fdm_q_pa
2026-05-18 08:35:28 [warning  ] e1_column_missing              column=fdm_g_over_v
2026-05-18 08:35:28 [warning  ] e1_column_missing              column=fdm_lat_wind_ms
2026-05-18 08:35:28 [warning  ] e1_column_missing              column=fdm_drift_rad
2026-05-18 08:35:28 [warning  ] e1_column_missing              column=fdm_track_rad
2026-05-18 08:35:28 [warning  ] e1_column_missing              column=fdm_heading_diff_rad
2026-05-18 08:35:29 [info     ] data_loaded                    train_samples=97960 val_samples=15337
2026-05-18 08:36:15 [debug    ] meta_saved                     path=data/models/seq_15_seed0/meta.json
2026-05-18 08:36:15 [info     ] trainer_initialized            architecture=node_adsb_v1 device=cuda train_samples=97960 val_samples=15337
2026-05-18 08:36:15 [info     ] preloading_data_to_gpu
2026-05-18 08:36:15 [debug    ] epoch_start                    epoch=1 total_epochs=50
/data/common/dataiku/config/projects/NODEFDM/lib/python/.venv/lib/python3.12/site-packages/torch/_inductor/compile_fx.py:321: UserWarning: TensorFloat32 tensor cores for float32 matrix multiplication available but not enabled. Consider setting `torch.set_float32_matmul_precision('high')` for better performance.
  warnings.warn(
2026-05-18 08:37:04 [info     ] debug_magnitudes               norm_mean=['8354.749023', '-0.000742', '210.518036', '3.252582'] norm_std=['2305.812012', '0.040960', '34.659386', '1.247552'] ode_loss=0.058567
2026-05-18 08:37:29 [warning  ] nan_or_inf_loss                loss=nan
2026-05-18 08:37:54 [warning  ] nan_or_inf_loss                loss=nan
2026-05-18 08:38:49 [warning  ] nan_or_inf_loss                loss=nan
2026-05-18 08:39:58 [warning  ] nan_or_inf_loss                loss=nan
2026-05-18 08:40:23 [warning  ] nan_or_inf_loss                loss=nan
2026-05-18 08:41:20 [warning  ] nan_or_inf_loss                loss=nan
2026-05-18 08:43:19 [warning  ] nan_or_inf_loss                loss=nan
2026-05-18 08:44:13 [warning  ] nan_or_inf_loss                loss=nan
2026-05-18 08:44:19 [warning  ] nan_or_inf_loss                loss=nan
2026-05-18 08:44:40 [warning  ] nan_or_inf_loss                loss=nan
2026-05-18 08:45:40 [warning  ] nan_or_inf_loss                loss=nan
2026-05-18 08:48:29 [warning  ] nan_or_inf_loss                loss=nan
W0518 08:49:44.480000 1080282 torch/_dynamo/convert_frame.py:1676] [0/8] torch._dynamo hit config.recompile_limit (8)
W0518 08:49:44.480000 1080282 torch/_dynamo/convert_frame.py:1676] [0/8]    function: 'forward' (/data/common/dataiku/config/projects/NODEFDM/lib/python/packages/node-fdm/src/node_fdm/models/fdm.py:181)
W0518 08:49:44.480000 1080282 torch/_dynamo/convert_frame.py:1676] [0/8]    last reason: 0/7: tensor 'self.history['raw_alt_m']' size mismatch at index 1. expected 1, actual 2
W0518 08:49:44.480000 1080282 torch/_dynamo/convert_frame.py:1676] [0/8] To log all recompilation reasons, use TORCH_LOGS="recompiles".
W0518 08:49:44.480000 1080282 torch/_dynamo/convert_frame.py:1676] [0/8] To diagnose recompilation issues, see https://pytorch.org/docs/main/compile/programming_model.recompilation.html
2026-05-18 08:49:44 [warning  ] nan_or_inf_loss                loss=nan
2026-05-18 08:49:45 [info     ] epoch_complete                 epoch=1 is_best=False lr=0.0002080000000000001 total_epochs=50 train_loss=nan val_loss=nan
2026-05-18 08:49:45 [debug    ] epoch_start                    epoch=2 total_epochs=50
2026-05-18 08:50:16 [warning  ] nan_or_inf_loss                loss=nan
2026-05-18 08:50:22 [warning  ] nan_or_inf_loss                loss=nan
2026-05-18 08:51:48 [warning  ] nan_or_inf_loss                loss=nan
2026-05-18 08:53:51 [warning  ] nan_or_inf_loss                loss=nan
2026-05-18 08:55:31 [warning  ] nan_or_inf_loss                loss=nan
2026-05-18 08:58:16 [warning  ] nan_or_inf_loss                loss=nan
2026-05-18 08:59:30 [warning  ] nan_or_inf_loss                loss=nan
2026-05-18 08:59:52 [warning  ] nan_or_inf_loss                loss=nan
2026-05-18 09:00:25 [warning  ] nan_or_inf_loss                loss=nan
2026-05-18 09:00:29 [warning  ] nan_or_inf_loss                loss=nan
2026-05-18 09:00:49 [warning  ] nan_or_inf_loss                loss=nan
2026-05-18 09:00:55 [warning  ] nan_or_inf_loss                loss=nan
2026-05-18 09:01:06 [warning  ] nan_or_inf_loss                loss=nan
2026-05-18 09:01:07 [info     ] epoch_complete                 epoch=2 is_best=False lr=0.0004060000000000114 total_epochs=50 train_loss=nan val_loss=nan
2026-05-18 09:01:07 [debug    ] epoch_start                    epoch=3 total_epochs=50
2026-05-18 09:01:10 [warning  ] nan_or_inf_loss                loss=nan
2026-05-18 09:01:12 [warning  ] nan_or_inf_loss                loss=nan
2026-05-18 09:01:23 [warning  ] nan_or_inf_loss                loss=nan
2026-05-18 09:04:41 [warning  ] nan_or_inf_loss                loss=nan
2026-05-18 09:05:37 [warning  ] nan_or_inf_loss                loss=nan
2026-05-18 09:05:50 [warning  ] nan_or_inf_loss                loss=nan
2026-05-18 09:05:59 [warning  ] nan_or_inf_loss                loss=nan
2026-05-18 09:06:10 [warning  ] nan_or_inf_loss                loss=nan
2026-05-18 09:09:08 [warning  ] nan_or_inf_loss                loss=nan
2026-05-18 09:10:06 [warning  ] nan_or_inf_loss                loss=nan
2026-05-18 09:10:07 [warning  ] nan_or_inf_loss                loss=nan
2026-05-18 09:10:23 [warning  ] nan_or_inf_loss                loss=nan
2026-05-18 09:12:20 [warning  ] nan_or_inf_loss                loss=nan
2026-05-18 09:12:21 [info     ] epoch_complete                 epoch=3 is_best=False lr=0.0006040000000000199 total_epochs=50 train_loss=nan val_loss=nan
2026-05-18 09:12:21 [debug    ] epoch_start                    epoch=4 total_epochs=50
2026-05-18 09:13:35 [warning  ] nan_or_inf_loss                loss=nan
2026-05-18 09:14:48 [warning  ] nan_or_inf_loss                loss=nan
2026-05-18 09:15:32 [warning  ] nan_or_inf_loss                loss=nan
2026-05-18 09:16:18 [warning  ] nan_or_inf_loss                loss=nan
2026-05-18 09:16:25 [warning  ] nan_or_inf_loss                loss=nan
2026-05-18 09:16:27 [warning  ] nan_or_inf_loss                loss=nan
2026-05-18 09:16:42 [warning  ] nan_or_inf_loss                loss=nan
2026-05-18 09:17:30 [warning  ] nan_or_inf_loss                loss=nan
2026-05-18 09:18:35 [warning  ] nan_or_inf_loss                loss=nan
2026-05-18 09:19:45 [warning  ] nan_or_inf_loss                loss=nan
2026-05-18 09:21:34 [warning  ] nan_or_inf_loss                loss=nan
2026-05-18 09:21:41 [warning  ] nan_or_inf_loss                loss=nan
2026-05-18 09:23:29 [warning  ] nan_or_inf_loss                loss=nan
2026-05-18 09:23:29 [info     ] epoch_complete                 epoch=4 is_best=False lr=0.0008020000000000108 total_epochs=50 train_loss=nan val_loss=nan
2026-05-18 09:23:29 [debug    ] epoch_start                    epoch=5 total_epochs=50
2026-05-18 09:24:20 [warning  ] nan_or_inf_loss                loss=nan
2026-05-18 09:25:34 [warning  ] nan_or_inf_loss                loss=nan
2026-05-18 09:25:41 [warning  ] nan_or_inf_loss                loss=nan
2026-05-18 09:26:24 [warning  ] nan_or_inf_loss                loss=nan
2026-05-18 09:30:39 [warning  ] nan_or_inf_loss                loss=nan
2026-05-18 09:31:13 [warning  ] nan_or_inf_loss                loss=nan
2026-05-18 09:31:59 [warning  ] nan_or_inf_loss                loss=nan
2026-05-18 09:33:04 [warning  ] nan_or_inf_loss                loss=nan
2026-05-18 09:33:38 [warning  ] nan_or_inf_loss                loss=nan
2026-05-18 09:33:41 [warning  ] nan_or_inf_loss                loss=nan
2026-05-18 09:33:53 [warning  ] nan_or_inf_loss                loss=nan
2026-05-18 09:34:00 [warning  ] nan_or_inf_loss                loss=nan
2026-05-18 09:34:38 [warning  ] nan_or_inf_loss                loss=nan
2026-05-18 09:34:39 [info     ] epoch_complete                 epoch=5 is_best=False lr=0.001 total_epochs=50 train_loss=nan val_loss=nan
2026-05-18 09:34:39 [debug    ] epoch_start                    epoch=6 total_epochs=50
2026-05-18 09:35:09 [warning  ] nan_or_inf_loss                loss=nan
2026-05-18 09:35:39 [warning  ] nan_or_inf_loss                loss=nan
2026-05-18 09:36:18 [warning  ] nan_or_inf_loss                loss=nan
2026-05-18 09:37:04 [warning  ] nan_or_inf_loss                loss=nan
2026-05-18 09:37:16 [warning  ] nan_or_inf_loss                loss=nan
2026-05-18 09:39:17 [warning  ] nan_or_inf_loss                loss=nan
2026-05-18 09:39:55 [warning  ] nan_or_inf_loss                loss=nan
2026-05-18 09:40:58 [warning  ] nan_or_inf_loss                loss=nan
2026-05-18 09:41:04 [warning  ] nan_or_inf_loss                loss=nan
2026-05-18 09:41:42 [warning  ] nan_or_inf_loss                loss=nan
2026-05-18 09:42:38 [warning  ] nan_or_inf_loss                loss=nan
2026-05-18 09:45:08 [warning  ] nan_or_inf_loss                loss=nan
2026-05-18 09:45:42 [warning  ] nan_or_inf_loss                loss=nan
2026-05-18 09:45:42 [info     ] epoch_complete                 epoch=6 is_best=False lr=0.0009780000000001333 total_epochs=50 train_loss=nan val_loss=nan
2026-05-18 09:45:42 [debug    ] epoch_start                    epoch=7 total_epochs=50
2026-05-18 09:46:20 [warning  ] nan_or_inf_loss                loss=nan
2026-05-18 09:46:41 [warning  ] nan_or_inf_loss                loss=nan
2026-05-18 09:46:57 [warning  ] nan_or_inf_loss                loss=nan
2026-05-18 09:46:57 [warning  ] nan_or_inf_loss                loss=nan
2026-05-18 09:48:08 [warning  ] nan_or_inf_loss                loss=nan
2026-05-18 09:48:45 [warning  ] nan_or_inf_loss                loss=nan
2026-05-18 09:49:34 [warning  ] nan_or_inf_loss                loss=nan
2026-05-18 09:50:06 [warning  ] nan_or_inf_loss                loss=nan
2026-05-18 09:50:54 [warning  ] nan_or_inf_loss                loss=nan
2026-05-18 09:52:26 [warning  ] nan_or_inf_loss                loss=nan
2026-05-18 09:55:37 [warning  ] nan_or_inf_loss                loss=nan
2026-05-18 09:56:46 [warning  ] nan_or_inf_loss                loss=nan
2026-05-18 09:56:53 [warning  ] nan_or_inf_loss                loss=nan
2026-05-18 09:56:53 [info     ] epoch_complete                 epoch=7 is_best=False lr=0.000956000000000138 total_epochs=50 train_loss=nan val_loss=nan
2026-05-18 09:56:53 [debug    ] epoch_start                    epoch=8 total_epochs=50
2026-05-18 09:59:10 [warning  ] nan_or_inf_loss                loss=nan
2026-05-18 09:59:35 [warning  ] nan_or_inf_loss                loss=nan
2026-05-18 10:00:56 [warning  ] nan_or_inf_loss                loss=nan
2026-05-18 10:01:06 [warning  ] nan_or_inf_loss                loss=nan
2026-05-18 10:02:11 [warning  ] nan_or_inf_loss                loss=nan
2026-05-18 10:03:23 [warning  ] nan_or_inf_loss                loss=nan
2026-05-18 10:03:50 [warning  ] nan_or_inf_loss                loss=nan
2026-05-18 10:04:44 [warning  ] nan_or_inf_loss                loss=nan
2026-05-18 10:04:46 [warning  ] nan_or_inf_loss                loss=nan
2026-05-18 10:04:56 [warning  ] nan_or_inf_loss                loss=nan
2026-05-18 10:05:13 [warning  ] nan_or_inf_loss                loss=nan
2026-05-18 10:08:03 [warning  ] nan_or_inf_loss                loss=nan
2026-05-18 10:08:05 [warning  ] nan_or_inf_loss                loss=nan
2026-05-18 10:08:05 [info     ] epoch_complete                 epoch=8 is_best=False lr=0.0009340000000001336 total_epochs=50 train_loss=nan val_loss=nan
2026-05-18 10:08:05 [debug    ] epoch_start                    epoch=9 total_epochs=50
2026-05-18 10:08:18 [warning  ] nan_or_inf_loss                loss=nan
2026-05-18 10:08:41 [warning  ] nan_or_inf_loss                loss=nan
2026-05-18 10:08:52 [warning  ] nan_or_inf_loss                loss=nan
2026-05-18 10:10:16 [warning  ] nan_or_inf_loss                loss=nan
2026-05-18 10:11:39 [warning  ] nan_or_inf_loss                loss=nan
2026-05-18 10:14:34 [warning  ] nan_or_inf_loss                loss=nan
2026-05-18 10:14:47 [warning  ] nan_or_inf_loss                loss=nan
2026-05-18 10:16:33 [warning  ] nan_or_inf_loss                loss=nan
2026-05-18 10:17:20 [warning  ] nan_or_inf_loss                loss=nan
2026-05-18 10:17:57 [warning  ] nan_or_inf_loss                loss=nan
2026-05-18 10:18:31 [warning  ] nan_or_inf_loss                loss=nan
2026-05-18 10:18:50 [warning  ] nan_or_inf_loss                loss=nan
2026-05-18 10:19:13 [warning  ] nan_or_inf_loss                loss=nan
2026-05-18 10:19:13 [info     ] epoch_complete                 epoch=9 is_best=False lr=0.0009120000000001297 total_epochs=50 train_loss=nan val_loss=nan
2026-05-18 10:19:13 [debug    ] epoch_start                    epoch=10 total_epochs=50
2026-05-18 10:19:17 [warning  ] nan_or_inf_loss                loss=nan
2026-05-18 10:21:12 [warning  ] nan_or_inf_loss                loss=nan
2026-05-18 10:22:53 [warning  ] nan_or_inf_loss                loss=nan
2026-05-18 10:23:48 [warning  ] nan_or_inf_loss                loss=nan
2026-05-18 10:24:46 [warning  ] nan_or_inf_loss                loss=nan
2026-05-18 10:25:54 [warning  ] nan_or_inf_loss                loss=nan
2026-05-18 10:27:07 [warning  ] nan_or_inf_loss                loss=nan
2026-05-18 10:27:55 [warning  ] nan_or_inf_loss                loss=nan
2026-05-18 10:28:34 [warning  ] nan_or_inf_loss                loss=nan
2026-05-18 10:29:10 [warning  ] nan_or_inf_loss                loss=nan
2026-05-18 10:29:35 [warning  ] nan_or_inf_loss                loss=nan
2026-05-18 10:30:04 [warning  ] nan_or_inf_loss                loss=nan
2026-05-18 10:30:16 [warning  ] nan_or_inf_loss                loss=nan
2026-05-18 10:30:16 [info     ] epoch_complete                 epoch=10 is_best=False lr=0.0008900000000001308 total_epochs=50 train_loss=nan val_loss=nan
2026-05-18 10:30:16 [debug    ] epoch_start                    epoch=11 total_epochs=50
2026-05-18 10:31:44 [warning  ] nan_or_inf_loss                loss=nan
2026-05-18 10:33:09 [warning  ] nan_or_inf_loss                loss=nan
2026-05-18 10:34:12 [warning  ] nan_or_inf_loss                loss=nan
2026-05-18 10:34:13 [warning  ] nan_or_inf_loss                loss=nan
2026-05-18 10:35:13 [warning  ] nan_or_inf_loss                loss=nan
2026-05-18 10:35:54 [warning  ] nan_or_inf_loss                loss=nan
2026-05-18 10:35:55 [warning  ] nan_or_inf_loss                loss=nan
2026-05-18 10:36:49 [warning  ] nan_or_inf_loss                loss=nan
2026-05-18 10:37:07 [warning  ] nan_or_inf_loss                loss=nan
2026-05-18 10:37:45 [warning  ] nan_or_inf_loss                loss=nan
2026-05-18 10:37:55 [warning  ] nan_or_inf_loss                loss=nan
2026-05-18 10:38:43 [warning  ] nan_or_inf_loss                loss=nan
2026-05-18 10:41:11 [warning  ] nan_or_inf_loss                loss=nan
2026-05-18 10:41:11 [info     ] epoch_complete                 epoch=11 is_best=False lr=0.0008680000000001309 total_epochs=50 train_loss=nan val_loss=nan
2026-05-18 10:41:11 [debug    ] epoch_start                    epoch=12 total_epochs=50
2026-05-18 10:41:17 [warning  ] nan_or_inf_loss                loss=nan
2026-05-18 10:41:18 [warning  ] nan_or_inf_loss                loss=nan
2026-05-18 10:42:15 [warning  ] nan_or_inf_loss                loss=nan
2026-05-18 10:43:56 [warning  ] nan_or_inf_loss                loss=nan
2026-05-18 10:44:07 [warning  ] nan_or_inf_loss                loss=nan
2026-05-18 10:46:14 [warning  ] nan_or_inf_loss                loss=nan
2026-05-18 10:46:40 [warning  ] nan_or_inf_loss                loss=nan
2026-05-18 10:46:40 [warning  ] nan_or_inf_loss                loss=nan
2026-05-18 10:47:02 [warning  ] nan_or_inf_loss                loss=nan
2026-05-18 10:47:35 [warning  ] nan_or_inf_loss                loss=nan
2026-05-18 10:48:03 [warning  ] nan_or_inf_loss                loss=nan
2026-05-18 10:48:54 [warning  ] nan_or_inf_loss                loss=nan
2026-05-18 10:52:07 [warning  ] nan_or_inf_loss                loss=nan
2026-05-18 10:52:07 [info     ] epoch_complete                 epoch=12 is_best=False lr=0.000846000000000129 total_epochs=50 train_loss=nan val_loss=nan
2026-05-18 10:52:07 [debug    ] epoch_start                    epoch=13 total_epochs=50
2026-05-18 10:52:26 [warning  ] nan_or_inf_loss                loss=nan
2026-05-18 10:53:29 [warning  ] nan_or_inf_loss                loss=nan
2026-05-18 10:55:00 [warning  ] nan_or_inf_loss                loss=nan
2026-05-18 10:55:55 [warning  ] nan_or_inf_loss                loss=nan
2026-05-18 10:55:58 [warning  ] nan_or_inf_loss                loss=nan
2026-05-18 10:56:37 [warning  ] nan_or_inf_loss                loss=nan
2026-05-18 10:57:42 [warning  ] nan_or_inf_loss                loss=nan
2026-05-18 11:00:10 [warning  ] nan_or_inf_loss                loss=nan
2026-05-18 11:01:42 [warning  ] nan_or_inf_loss                loss=nan
2026-05-18 11:01:47 [warning  ] nan_or_inf_loss                loss=nan
2026-05-18 11:02:55 [warning  ] nan_or_inf_loss                loss=nan
2026-05-18 11:03:03 [warning  ] nan_or_inf_loss                loss=nan
2026-05-18 11:03:06 [warning  ] nan_or_inf_loss                loss=nan
2026-05-18 11:03:06 [info     ] epoch_complete                 epoch=13 is_best=False lr=0.0008240000000001275 total_epochs=50 train_loss=nan val_loss=nan
2026-05-18 11:03:06 [debug    ] epoch_start                    epoch=14 total_epochs=50
2026-05-18 11:03:12 [warning  ] nan_or_inf_loss                loss=nan
2026-05-18 11:05:01 [warning  ] nan_or_inf_loss                loss=nan
2026-05-18 11:07:05 [warning  ] nan_or_inf_loss                loss=nan
2026-05-18 11:07:41 [warning  ] nan_or_inf_loss                loss=nan
2026-05-18 11:07:57 [warning  ] nan_or_inf_loss                loss=nan
2026-05-18 11:07:58 [warning  ] nan_or_inf_loss                loss=nan
2026-05-18 11:09:27 [warning  ] nan_or_inf_loss                loss=nan
2026-05-18 11:10:32 [warning  ] nan_or_inf_loss                loss=nan
2026-05-18 11:10:55 [warning  ] nan_or_inf_loss                loss=nan
2026-05-18 11:11:41 [warning  ] nan_or_inf_loss                loss=nan
2026-05-18 11:11:45 [warning  ] nan_or_inf_loss                loss=nan
2026-05-18 11:12:43 [warning  ] nan_or_inf_loss                loss=nan
2026-05-18 11:14:03 [warning  ] nan_or_inf_loss                loss=nan
2026-05-18 11:14:03 [info     ] epoch_complete                 epoch=14 is_best=False lr=0.000802000000000128 total_epochs=50 train_loss=nan val_loss=nan
2026-05-18 11:14:03 [debug    ] epoch_start                    epoch=15 total_epochs=50
2026-05-18 11:14:39 [warning  ] nan_or_inf_loss                loss=nan
2026-05-18 11:15:17 [warning  ] nan_or_inf_loss                loss=nan
2026-05-18 11:16:06 [warning  ] nan_or_inf_loss                loss=nan
2026-05-18 11:16:47 [warning  ] nan_or_inf_loss                loss=nan
2026-05-18 11:17:20 [warning  ] nan_or_inf_loss                loss=nan
2026-05-18 11:17:25 [warning  ] nan_or_inf_loss                loss=nan
2026-05-18 11:17:56 [warning  ] nan_or_inf_loss                loss=nan
2026-05-18 11:18:08 [warning  ] nan_or_inf_loss                loss=nan
2026-05-18 11:20:44 [warning  ] nan_or_inf_loss                loss=nan
2026-05-18 11:21:08 [warning  ] nan_or_inf_loss                loss=nan
2026-05-18 11:22:16 [warning  ] nan_or_inf_loss                loss=nan
2026-05-18 11:22:30 [warning  ] nan_or_inf_loss                loss=nan
2026-05-18 11:25:02 [warning  ] nan_or_inf_loss                loss=nan
2026-05-18 11:25:05 [info     ] epoch_complete                 epoch=15 is_best=False lr=0.0007800000000001313 total_epochs=50 train_loss=nan val_loss=nan
2026-05-18 11:25:05 [debug    ] epoch_start                    epoch=16 total_epochs=50
2026-05-18 11:25:58 [warning  ] nan_or_inf_loss                loss=nan
2026-05-18 11:26:38 [warning  ] nan_or_inf_loss                loss=nan
2026-05-18 11:27:19 [warning  ] nan_or_inf_loss                loss=nan
2026-05-18 11:27:38 [warning  ] nan_or_inf_loss                loss=nan
2026-05-18 11:28:29 [warning  ] nan_or_inf_loss                loss=nan
2026-05-18 11:29:29 [warning  ] nan_or_inf_loss                loss=nan
2026-05-18 11:30:48 [warning  ] nan_or_inf_loss                loss=nan
2026-05-18 11:32:40 [warning  ] nan_or_inf_loss                loss=nan
2026-05-18 11:32:53 [warning  ] nan_or_inf_loss                loss=nan
2026-05-18 11:33:06 [warning  ] nan_or_inf_loss                loss=nan
2026-05-18 11:34:14 [warning  ] nan_or_inf_loss                loss=nan
2026-05-18 11:34:31 [warning  ] nan_or_inf_loss                loss=nan
2026-05-18 11:36:05 [warning  ] nan_or_inf_loss                loss=nan
2026-05-18 11:36:05 [info     ] epoch_complete                 epoch=16 is_best=False lr=0.0007580000000001387 total_epochs=50 train_loss=nan val_loss=nan
2026-05-18 11:36:05 [debug    ] epoch_start                    epoch=17 total_epochs=50
2026-05-18 11:36:14 [warning  ] nan_or_inf_loss                loss=nan
2026-05-18 11:36:56 [warning  ] nan_or_inf_loss                loss=nan
2026-05-18 11:37:14 [warning  ] nan_or_inf_loss                loss=nan
2026-05-18 11:38:54 [warning  ] nan_or_inf_loss                loss=nan
2026-05-18 11:39:41 [warning  ] nan_or_inf_loss                loss=nan
2026-05-18 11:41:23 [warning  ] nan_or_inf_loss                loss=nan
2026-05-18 11:41:37 [warning  ] nan_or_inf_loss                loss=nan
2026-05-18 11:41:49 [warning  ] nan_or_inf_loss                loss=nan
2026-05-18 11:42:34 [warning  ] nan_or_inf_loss                loss=nan
2026-05-18 11:46:10 [warning  ] nan_or_inf_loss                loss=nan
2026-05-18 11:46:16 [warning  ] nan_or_inf_loss                loss=nan
2026-05-18 11:46:41 [warning  ] nan_or_inf_loss                loss=nan
2026-05-18 11:47:06 [warning  ] nan_or_inf_loss                loss=nan
2026-05-18 11:47:07 [info     ] epoch_complete                 epoch=17 is_best=False lr=0.0007360000000001429 total_epochs=50 train_loss=nan val_loss=nan
2026-05-18 11:47:07 [debug    ] epoch_start                    epoch=18 total_epochs=50
2026-05-18 11:47:13 [warning  ] nan_or_inf_loss                loss=nan
2026-05-18 11:48:52 [warning  ] nan_or_inf_loss                loss=nan
2026-05-18 11:49:52 [warning  ] nan_or_inf_loss                loss=nan
2026-05-18 11:50:53 [warning  ] nan_or_inf_loss                loss=nan
2026-05-18 11:51:13 [warning  ] nan_or_inf_loss                loss=nan
2026-05-18 11:51:55 [warning  ] nan_or_inf_loss                loss=nan
2026-05-18 11:52:29 [warning  ] nan_or_inf_loss                loss=nan
2026-05-18 11:52:48 [warning  ] nan_or_inf_loss                loss=nan
2026-05-18 11:53:32 [warning  ] nan_or_inf_loss                loss=nan
2026-05-18 11:55:33 [warning  ] nan_or_inf_loss                loss=nan
2026-05-18 11:56:23 [warning  ] nan_or_inf_loss                loss=nan
2026-05-18 11:56:58 [warning  ] nan_or_inf_loss                loss=nan
2026-05-18 11:58:07 [warning  ] nan_or_inf_loss                loss=nan
2026-05-18 11:58:07 [info     ] epoch_complete                 epoch=18 is_best=False lr=0.0007140000000001504 total_epochs=50 train_loss=nan val_loss=nan
2026-05-18 11:58:07 [debug    ] epoch_start                    epoch=19 total_epochs=50
2026-05-18 11:58:16 [warning  ] nan_or_inf_loss                loss=nan
2026-05-18 11:58:31 [warning  ] nan_or_inf_loss                loss=nan
2026-05-18 12:01:05 [warning  ] nan_or_inf_loss                loss=nan
2026-05-18 12:01:20 [warning  ] nan_or_inf_loss                loss=nan
2026-05-18 12:01:37 [warning  ] nan_or_inf_loss                loss=nan
2026-05-18 12:01:46 [warning  ] nan_or_inf_loss                loss=nan
2026-05-18 12:04:22 [warning  ] nan_or_inf_loss                loss=nan
2026-05-18 12:04:41 [warning  ] nan_or_inf_loss                loss=nan
2026-05-18 12:05:46 [warning  ] nan_or_inf_loss                loss=nan
2026-05-18 12:07:55 [warning  ] nan_or_inf_loss                loss=nan
2026-05-18 12:08:02 [warning  ] nan_or_inf_loss                loss=nan
2026-05-18 12:08:06 [warning  ] nan_or_inf_loss                loss=nan
2026-05-18 12:09:06 [warning  ] nan_or_inf_loss                loss=nan
2026-05-18 12:09:07 [info     ] epoch_complete                 epoch=19 is_best=False lr=0.0006920000000001541 total_epochs=50 train_loss=nan val_loss=nan
2026-05-18 12:09:07 [debug    ] epoch_start                    epoch=20 total_epochs=50
2026-05-18 12:10:44 [warning  ] nan_or_inf_loss                loss=nan
2026-05-18 12:11:51 [warning  ] nan_or_inf_loss                loss=nan
2026-05-18 12:12:12 [warning  ] nan_or_inf_loss                loss=nan
2026-05-18 12:12:30 [warning  ] nan_or_inf_loss                loss=nan
2026-05-18 12:12:52 [warning  ] nan_or_inf_loss                loss=nan
2026-05-18 12:14:29 [warning  ] nan_or_inf_loss                loss=nan
2026-05-18 12:14:55 [warning  ] nan_or_inf_loss                loss=nan
2026-05-18 12:15:56 [warning  ] nan_or_inf_loss                loss=nan
2026-05-18 12:16:10 [warning  ] nan_or_inf_loss                loss=nan
2026-05-18 12:17:05 [warning  ] nan_or_inf_loss                loss=nan
2026-05-18 12:17:27 [warning  ] nan_or_inf_loss                loss=nan
2026-05-18 12:19:07 [warning  ] nan_or_inf_loss                loss=nan
2026-05-18 12:20:07 [warning  ] nan_or_inf_loss                loss=nan
2026-05-18 12:20:07 [info     ] epoch_complete                 epoch=20 is_best=False lr=0.0006700000000001633 total_epochs=50 train_loss=nan val_loss=nan
2026-05-18 12:20:07 [debug    ] epoch_start                    epoch=21 total_epochs=50
2026-05-18 12:20:44 [warning  ] nan_or_inf_loss                loss=nan
2026-05-18 12:21:21 [warning  ] nan_or_inf_loss                loss=nan
2026-05-18 12:22:02 [warning  ] nan_or_inf_loss                loss=nan
2026-05-18 12:25:05 [warning  ] nan_or_inf_loss                loss=nan
2026-05-18 12:25:17 [warning  ] nan_or_inf_loss                loss=nan
2026-05-18 12:26:13 [warning  ] nan_or_inf_loss                loss=nan
2026-05-18 12:26:48 [warning  ] nan_or_inf_loss                loss=nan
2026-05-18 12:27:06 [warning  ] nan_or_inf_loss                loss=nan
2026-05-18 12:28:23 [warning  ] nan_or_inf_loss                loss=nan
2026-05-18 12:28:37 [warning  ] nan_or_inf_loss                loss=nan
2026-05-18 12:28:59 [warning  ] nan_or_inf_loss                loss=nan
2026-05-18 12:30:25 [warning  ] nan_or_inf_loss                loss=nan
2026-05-18 12:31:06 [warning  ] nan_or_inf_loss                loss=nan
2026-05-18 12:31:06 [info     ] epoch_complete                 epoch=21 is_best=False lr=0.0006480000000001756 total_epochs=50 train_loss=nan val_loss=nan
2026-05-18 12:31:06 [debug    ] epoch_start                    epoch=22 total_epochs=50
2026-05-18 12:31:44 [warning  ] nan_or_inf_loss                loss=nan
2026-05-18 12:31:53 [warning  ] nan_or_inf_loss                loss=nan
2026-05-18 12:33:20 [warning  ] nan_or_inf_loss                loss=nan
2026-05-18 12:36:18 [warning  ] nan_or_inf_loss                loss=nan
2026-05-18 12:37:43 [warning  ] nan_or_inf_loss                loss=nan
2026-05-18 12:37:48 [warning  ] nan_or_inf_loss                loss=nan
2026-05-18 12:39:38 [warning  ] nan_or_inf_loss                loss=nan
2026-05-18 12:39:46 [warning  ] nan_or_inf_loss                loss=nan
2026-05-18 12:40:03 [warning  ] nan_or_inf_loss                loss=nan
2026-05-18 12:40:32 [warning  ] nan_or_inf_loss                loss=nan
2026-05-18 12:41:16 [warning  ] nan_or_inf_loss                loss=nan
2026-05-18 12:41:32 [warning  ] nan_or_inf_loss                loss=nan
2026-05-18 12:42:05 [warning  ] nan_or_inf_loss                loss=nan
2026-05-18 12:42:05 [info     ] epoch_complete                 epoch=22 is_best=False lr=0.0006260000000001816 total_epochs=50 train_loss=nan val_loss=nan
2026-05-18 12:42:05 [debug    ] epoch_start                    epoch=23 total_epochs=50
2026-05-18 12:42:47 [warning  ] nan_or_inf_loss                loss=nan
2026-05-18 12:43:12 [warning  ] nan_or_inf_loss                loss=nan
2026-05-18 12:44:32 [warning  ] nan_or_inf_loss                loss=nan
2026-05-18 12:44:59 [warning  ] nan_or_inf_loss                loss=nan
2026-05-18 12:45:17 [warning  ] nan_or_inf_loss                loss=nan
2026-05-18 12:45:54 [warning  ] nan_or_inf_loss                loss=nan
2026-05-18 12:46:09 [warning  ] nan_or_inf_loss                loss=nan
2026-05-18 12:47:07 [warning  ] nan_or_inf_loss                loss=nan
2026-05-18 12:49:43 [warning  ] nan_or_inf_loss                loss=nan
2026-05-18 12:51:38 [warning  ] nan_or_inf_loss                loss=nan
2026-05-18 12:52:01 [warning  ] nan_or_inf_loss                loss=nan
2026-05-18 12:52:08 [warning  ] nan_or_inf_loss                loss=nan
2026-05-18 12:53:03 [warning  ] nan_or_inf_loss                loss=nan
2026-05-18 12:53:03 [info     ] epoch_complete                 epoch=23 is_best=False lr=0.0006040000000001929 total_epochs=50 train_loss=nan val_loss=nan
2026-05-18 12:53:03 [debug    ] epoch_start                    epoch=24 total_epochs=50
2026-05-18 12:54:08 [warning  ] nan_or_inf_loss                loss=nan
2026-05-18 12:54:39 [warning  ] nan_or_inf_loss                loss=nan
2026-05-18 12:57:44 [warning  ] nan_or_inf_loss                loss=nan
2026-05-18 12:58:12 [warning  ] nan_or_inf_loss                loss=nan
2026-05-18 12:58:53 [warning  ] nan_or_inf_loss                loss=nan
2026-05-18 13:00:25 [warning  ] nan_or_inf_loss                loss=nan
2026-05-18 13:00:27 [warning  ] nan_or_inf_loss                loss=nan
2026-05-18 13:00:38 [warning  ] nan_or_inf_loss                loss=nan
2026-05-18 13:01:53 [warning  ] nan_or_inf_loss                loss=nan
2026-05-18 13:02:51 [warning  ] nan_or_inf_loss                loss=nan
2026-05-18 13:02:59 [warning  ] nan_or_inf_loss                loss=nan
2026-05-18 13:03:18 [warning  ] nan_or_inf_loss                loss=nan
2026-05-18 13:03:58 [warning  ] nan_or_inf_loss                loss=nan
2026-05-18 13:03:59 [info     ] epoch_complete                 epoch=24 is_best=False lr=0.0005820000000002037 total_epochs=50 train_loss=nan val_loss=nan
2026-05-18 13:03:59 [debug    ] epoch_start                    epoch=25 total_epochs=50
2026-05-18 13:04:18 [warning  ] nan_or_inf_loss                loss=nan
2026-05-18 13:05:53 [warning  ] nan_or_inf_loss                loss=nan
2026-05-18 13:06:40 [warning  ] nan_or_inf_loss                loss=nan
2026-05-18 13:07:44 [warning  ] nan_or_inf_loss                loss=nan
2026-05-18 13:08:08 [warning  ] nan_or_inf_loss                loss=nan
2026-05-18 13:08:46 [warning  ] nan_or_inf_loss                loss=nan
2026-05-18 13:10:55 [warning  ] nan_or_inf_loss                loss=nan
2026-05-18 13:11:27 [warning  ] nan_or_inf_loss                loss=nan
2026-05-18 13:11:50 [warning  ] nan_or_inf_loss                loss=nan
2026-05-18 13:11:54 [warning  ] nan_or_inf_loss                loss=nan
2026-05-18 13:12:36 [warning  ] nan_or_inf_loss                loss=nan
2026-05-18 13:13:16 [warning  ] nan_or_inf_loss                loss=nan
2026-05-18 13:14:54 [warning  ] nan_or_inf_loss                loss=nan
2026-05-18 13:14:54 [info     ] epoch_complete                 epoch=25 is_best=False lr=0.000560000000000212 total_epochs=50 train_loss=nan val_loss=nan
2026-05-18 13:14:54 [debug    ] epoch_start                    epoch=26 total_epochs=50
2026-05-18 13:15:44 [warning  ] nan_or_inf_loss                loss=nan
2026-05-18 13:17:13 [warning  ] nan_or_inf_loss                loss=nan
2026-05-18 13:18:30 [warning  ] nan_or_inf_loss                loss=nan
2026-05-18 13:18:50 [warning  ] nan_or_inf_loss                loss=nan
2026-05-18 13:19:09 [warning  ] nan_or_inf_loss                loss=nan
2026-05-18 13:19:28 [warning  ] nan_or_inf_loss                loss=nan
2026-05-18 13:19:41 [warning  ] nan_or_inf_loss                loss=nan
2026-05-18 13:20:36 [warning  ] nan_or_inf_loss                loss=nan
2026-05-18 13:21:09 [warning  ] nan_or_inf_loss                loss=nan
2026-05-18 13:21:33 [warning  ] nan_or_inf_loss                loss=nan
2026-05-18 13:24:43 [warning  ] nan_or_inf_loss                loss=nan
2026-05-18 13:25:43 [warning  ] nan_or_inf_loss                loss=nan
2026-05-18 13:25:48 [warning  ] nan_or_inf_loss                loss=nan
2026-05-18 13:25:49 [info     ] epoch_complete                 epoch=26 is_best=False lr=0.0005380000000002199 total_epochs=50 train_loss=nan val_loss=nan
2026-05-18 13:25:49 [debug    ] epoch_start                    epoch=27 total_epochs=50
2026-05-18 13:26:00 [warning  ] nan_or_inf_loss                loss=nan
2026-05-18 13:27:26 [warning  ] nan_or_inf_loss                loss=nan
2026-05-18 13:27:34 [warning  ] nan_or_inf_loss                loss=nan
2026-05-18 13:29:34 [warning  ] nan_or_inf_loss                loss=nan
2026-05-18 13:30:30 [warning  ] nan_or_inf_loss                loss=nan
2026-05-18 13:31:05 [warning  ] nan_or_inf_loss                loss=nan
2026-05-18 13:31:57 [warning  ] nan_or_inf_loss                loss=nan
2026-05-18 13:32:39 [warning  ] nan_or_inf_loss                loss=nan
2026-05-18 13:32:48 [warning  ] nan_or_inf_loss                loss=nan
2026-05-18 13:33:00 [warning  ] nan_or_inf_loss                loss=nan
2026-05-18 13:35:52 [warning  ] nan_or_inf_loss                loss=nan
2026-05-18 13:35:57 [warning  ] nan_or_inf_loss                loss=nan
2026-05-18 13:36:41 [warning  ] nan_or_inf_loss                loss=nan
2026-05-18 13:36:41 [info     ] epoch_complete                 epoch=27 is_best=False lr=0.0005160000000002324 total_epochs=50 train_loss=nan val_loss=nan
2026-05-18 13:36:41 [debug    ] epoch_start                    epoch=28 total_epochs=50
2026-05-18 13:38:56 [warning  ] nan_or_inf_loss                loss=nan
2026-05-18 13:39:16 [warning  ] nan_or_inf_loss                loss=nan
2026-05-18 13:39:38 [warning  ] nan_or_inf_loss                loss=nan
2026-05-18 13:40:05 [warning  ] nan_or_inf_loss                loss=nan
2026-05-18 13:40:15 [warning  ] nan_or_inf_loss                loss=nan
2026-05-18 13:40:37 [warning  ] nan_or_inf_loss                loss=nan
2026-05-18 13:41:34 [warning  ] nan_or_inf_loss                loss=nan
2026-05-18 13:41:35 [warning  ] nan_or_inf_loss                loss=nan
2026-05-18 13:42:56 [warning  ] nan_or_inf_loss                loss=nan
2026-05-18 13:44:49 [warning  ] nan_or_inf_loss                loss=nan
2026-05-18 13:46:12 [warning  ] nan_or_inf_loss                loss=nan
2026-05-18 13:47:19 [warning  ] nan_or_inf_loss                loss=nan
2026-05-18 13:47:33 [warning  ] nan_or_inf_loss                loss=nan
2026-05-18 13:47:33 [info     ] epoch_complete                 epoch=28 is_best=False lr=0.0004940000000002435 total_epochs=50 train_loss=nan val_loss=nan
2026-05-18 13:47:33 [debug    ] epoch_start                    epoch=29 total_epochs=50
2026-05-18 13:49:37 [warning  ] nan_or_inf_loss                loss=nan
2026-05-18 13:49:47 [warning  ] nan_or_inf_loss                loss=nan
2026-05-18 13:50:09 [warning  ] nan_or_inf_loss                loss=nan
2026-05-18 13:50:53 [warning  ] nan_or_inf_loss                loss=nan
2026-05-18 13:54:05 [warning  ] nan_or_inf_loss                loss=nan
2026-05-18 13:54:28 [warning  ] nan_or_inf_loss                loss=nan
2026-05-18 13:55:08 [warning  ] nan_or_inf_loss                loss=nan
2026-05-18 13:55:19 [warning  ] nan_or_inf_loss                loss=nan
2026-05-18 13:55:41 [warning  ] nan_or_inf_loss                loss=nan
2026-05-18 13:56:07 [warning  ] nan_or_inf_loss                loss=nan
2026-05-18 13:57:32 [warning  ] nan_or_inf_loss                loss=nan
2026-05-18 13:57:40 [warning  ] nan_or_inf_loss                loss=nan
2026-05-18 13:58:25 [warning  ] nan_or_inf_loss                loss=nan
2026-05-18 13:58:25 [info     ] epoch_complete                 epoch=29 is_best=False lr=0.0004720000000002361 total_epochs=50 train_loss=nan val_loss=nan
2026-05-18 13:58:25 [debug    ] epoch_start                    epoch=30 total_epochs=50
2026-05-18 13:59:06 [warning  ] nan_or_inf_loss                loss=nan
2026-05-18 13:59:32 [warning  ] nan_or_inf_loss                loss=nan
2026-05-18 13:59:33 [warning  ] nan_or_inf_loss                loss=nan
2026-05-18 14:00:23 [warning  ] nan_or_inf_loss                loss=nan
2026-05-18 14:00:49 [warning  ] nan_or_inf_loss                loss=nan
2026-05-18 14:01:10 [warning  ] nan_or_inf_loss                loss=nan
2026-05-18 14:01:57 [warning  ] nan_or_inf_loss                loss=nan
2026-05-18 14:05:03 [warning  ] nan_or_inf_loss                loss=nan
2026-05-18 14:05:16 [warning  ] nan_or_inf_loss                loss=nan
2026-05-18 14:06:33 [warning  ] nan_or_inf_loss                loss=nan
2026-05-18 14:09:00 [warning  ] nan_or_inf_loss                loss=nan
2026-05-18 14:09:17 [warning  ] nan_or_inf_loss                loss=nan
2026-05-18 14:09:17 [warning  ] nan_or_inf_loss                loss=nan
2026-05-18 14:09:17 [info     ] epoch_complete                 epoch=30 is_best=False lr=0.0004500000000002223 total_epochs=50 train_loss=nan val_loss=nan
2026-05-18 14:09:17 [debug    ] epoch_start                    epoch=31 total_epochs=50
2026-05-18 14:09:25 [warning  ] nan_or_inf_loss                loss=nan
2026-05-18 14:09:30 [warning  ] nan_or_inf_loss                loss=nan
2026-05-18 14:12:06 [warning  ] nan_or_inf_loss                loss=nan
2026-05-18 14:12:14 [warning  ] nan_or_inf_loss                loss=nan
2026-05-18 14:12:39 [warning  ] nan_or_inf_loss                loss=nan
2026-05-18 14:13:08 [warning  ] nan_or_inf_loss                loss=nan
2026-05-18 14:16:02 [warning  ] nan_or_inf_loss                loss=nan
2026-05-18 14:16:25 [warning  ] nan_or_inf_loss                loss=nan
2026-05-18 14:18:48 [warning  ] nan_or_inf_loss                loss=nan
2026-05-18 14:19:16 [warning  ] nan_or_inf_loss                loss=nan
2026-05-18 14:19:40 [warning  ] nan_or_inf_loss                loss=nan
2026-05-18 14:19:49 [warning  ] nan_or_inf_loss                loss=nan
2026-05-18 14:20:10 [warning  ] nan_or_inf_loss                loss=nan
2026-05-18 14:20:10 [info     ] epoch_complete                 epoch=31 is_best=False lr=0.0004280000000002049 total_epochs=50 train_loss=nan val_loss=nan
2026-05-18 14:20:10 [debug    ] epoch_start                    epoch=32 total_epochs=50
2026-05-18 14:20:42 [warning  ] nan_or_inf_loss                loss=nan
2026-05-18 14:21:24 [warning  ] nan_or_inf_loss                loss=nan
2026-05-18 14:21:52 [warning  ] nan_or_inf_loss                loss=nan
2026-05-18 14:22:48 [warning  ] nan_or_inf_loss                loss=nan
2026-05-18 14:23:08 [warning  ] nan_or_inf_loss                loss=nan
2026-05-18 14:23:32 [warning  ] nan_or_inf_loss                loss=nan
2026-05-18 14:25:17 [warning  ] nan_or_inf_loss                loss=nan
2026-05-18 14:26:44 [warning  ] nan_or_inf_loss                loss=nan
2026-05-18 14:26:57 [warning  ] nan_or_inf_loss                loss=nan
2026-05-18 14:27:19 [warning  ] nan_or_inf_loss                loss=nan
2026-05-18 14:27:54 [warning  ] nan_or_inf_loss                loss=nan
2026-05-18 14:28:00 [warning  ] nan_or_inf_loss                loss=nan
2026-05-18 14:31:03 [warning  ] nan_or_inf_loss                loss=nan
2026-05-18 14:31:03 [info     ] epoch_complete                 epoch=32 is_best=False lr=0.0004060000000001844 total_epochs=50 train_loss=nan val_loss=nan
2026-05-18 14:31:03 [debug    ] epoch_start                    epoch=33 total_epochs=50
2026-05-18 14:31:24 [warning  ] nan_or_inf_loss                loss=nan
2026-05-18 14:34:41 [warning  ] nan_or_inf_loss                loss=nan
2026-05-18 14:35:33 [warning  ] nan_or_inf_loss                loss=nan
2026-05-18 14:35:57 [warning  ] nan_or_inf_loss                loss=nan
2026-05-18 14:35:57 [warning  ] nan_or_inf_loss                loss=nan
2026-05-18 14:36:14 [warning  ] nan_or_inf_loss                loss=nan
2026-05-18 14:36:15 [warning  ] nan_or_inf_loss                loss=nan
2026-05-18 14:37:53 [warning  ] nan_or_inf_loss                loss=nan
2026-05-18 14:38:24 [warning  ] nan_or_inf_loss                loss=nan
2026-05-18 14:39:00 [warning  ] nan_or_inf_loss                loss=nan
2026-05-18 14:39:10 [warning  ] nan_or_inf_loss                loss=nan
2026-05-18 14:41:55 [warning  ] nan_or_inf_loss                loss=nan
2026-05-18 14:41:55 [warning  ] nan_or_inf_loss                loss=nan
2026-05-18 14:41:55 [info     ] epoch_complete                 epoch=33 is_best=False lr=0.0003840000000001615 total_epochs=50 train_loss=nan val_loss=nan
2026-05-18 14:41:55 [debug    ] epoch_start                    epoch=34 total_epochs=50
2026-05-18 14:42:32 [warning  ] nan_or_inf_loss                loss=nan
2026-05-18 14:43:53 [warning  ] nan_or_inf_loss                loss=nan
2026-05-18 14:44:27 [warning  ] nan_or_inf_loss                loss=nan
2026-05-18 14:45:56 [warning  ] nan_or_inf_loss                loss=nan
2026-05-18 14:46:27 [warning  ] nan_or_inf_loss                loss=nan
2026-05-18 14:47:28 [warning  ] nan_or_inf_loss                loss=nan
2026-05-18 14:47:53 [warning  ] nan_or_inf_loss                loss=nan
2026-05-18 14:48:15 [warning  ] nan_or_inf_loss                loss=nan
2026-05-18 14:49:48 [warning  ] nan_or_inf_loss                loss=nan
2026-05-18 14:50:06 [warning  ] nan_or_inf_loss                loss=nan
2026-05-18 14:51:54 [warning  ] nan_or_inf_loss                loss=nan
2026-05-18 14:52:24 [warning  ] nan_or_inf_loss                loss=nan
2026-05-18 14:52:47 [warning  ] nan_or_inf_loss                loss=nan
2026-05-18 14:52:47 [info     ] epoch_complete                 epoch=34 is_best=False lr=0.0003620000000001343 total_epochs=50 train_loss=nan val_loss=nan
2026-05-18 14:52:47 [debug    ] epoch_start                    epoch=35 total_epochs=50
2026-05-18 14:53:28 [warning  ] nan_or_inf_loss                loss=nan
2026-05-18 14:56:25 [warning  ] nan_or_inf_loss                loss=nan
2026-05-18 14:57:25 [warning  ] nan_or_inf_loss                loss=nan
2026-05-18 14:57:46 [warning  ] nan_or_inf_loss                loss=nan
2026-05-18 14:57:55 [warning  ] nan_or_inf_loss                loss=nan
2026-05-18 14:57:56 [warning  ] nan_or_inf_loss                loss=nan
2026-05-18 14:58:30 [warning  ] nan_or_inf_loss                loss=nan
2026-05-18 14:59:30 [warning  ] nan_or_inf_loss                loss=nan
2026-05-18 15:00:01 [warning  ] nan_or_inf_loss                loss=nan
2026-05-18 15:00:30 [warning  ] nan_or_inf_loss                loss=nan
2026-05-18 15:01:56 [warning  ] nan_or_inf_loss                loss=nan
2026-05-18 15:02:42 [warning  ] nan_or_inf_loss                loss=nan
2026-05-18 15:03:38 [warning  ] nan_or_inf_loss                loss=nan
2026-05-18 15:03:38 [info     ] epoch_complete                 epoch=35 is_best=False lr=0.0003400000000001049 total_epochs=50 train_loss=nan val_loss=nan
2026-05-18 15:03:38 [debug    ] epoch_start                    epoch=36 total_epochs=50
2026-05-18 15:04:08 [warning  ] nan_or_inf_loss                loss=nan
2026-05-18 15:04:30 [warning  ] nan_or_inf_loss                loss=nan
2026-05-18 15:05:38 [warning  ] nan_or_inf_loss                loss=nan
2026-05-18 15:07:17 [warning  ] nan_or_inf_loss                loss=nan
2026-05-18 15:09:19 [warning  ] nan_or_inf_loss                loss=nan
2026-05-18 15:09:27 [warning  ] nan_or_inf_loss                loss=nan
2026-05-18 15:09:36 [warning  ] nan_or_inf_loss                loss=nan
2026-05-18 15:10:00 [warning  ] nan_or_inf_loss                loss=nan
2026-05-18 15:10:32 [warning  ] nan_or_inf_loss                loss=nan
2026-05-18 15:11:02 [warning  ] nan_or_inf_loss                loss=nan
2026-05-18 15:12:20 [warning  ] nan_or_inf_loss                loss=nan
2026-05-18 15:12:23 [warning  ] nan_or_inf_loss                loss=nan
2026-05-18 15:14:30 [warning  ] nan_or_inf_loss                loss=nan
2026-05-18 15:14:30 [info     ] epoch_complete                 epoch=36 is_best=False lr=0.0003180000000000723 total_epochs=50 train_loss=nan val_loss=nan
2026-05-18 15:14:30 [debug    ] epoch_start                    epoch=37 total_epochs=50
2026-05-18 15:15:12 [warning  ] nan_or_inf_loss                loss=nan
2026-05-18 15:15:42 [warning  ] nan_or_inf_loss                loss=nan
2026-05-18 15:16:09 [warning  ] nan_or_inf_loss                loss=nan
2026-05-18 15:16:18 [warning  ] nan_or_inf_loss                loss=nan
2026-05-18 15:16:42 [warning  ] nan_or_inf_loss                loss=nan
2026-05-18 15:16:57 [warning  ] nan_or_inf_loss                loss=nan
2026-05-18 15:20:45 [warning  ] nan_or_inf_loss                loss=nan
2026-05-18 15:21:30 [warning  ] nan_or_inf_loss                loss=nan
2026-05-18 15:22:30 [warning  ] nan_or_inf_loss                loss=nan
2026-05-18 15:22:56 [warning  ] nan_or_inf_loss                loss=nan
2026-05-18 15:24:02 [warning  ] nan_or_inf_loss                loss=nan
2026-05-18 15:24:06 [warning  ] nan_or_inf_loss                loss=nan
2026-05-18 15:25:20 [warning  ] nan_or_inf_loss                loss=nan
2026-05-18 15:25:21 [info     ] epoch_complete                 epoch=37 is_best=False lr=0.00029600000000003956 total_epochs=50 train_loss=nan val_loss=nan
2026-05-18 15:25:21 [debug    ] epoch_start                    epoch=38 total_epochs=50
2026-05-18 15:26:11 [warning  ] nan_or_inf_loss                loss=nan
2026-05-18 15:27:10 [warning  ] nan_or_inf_loss                loss=nan
2026-05-18 15:31:02 [warning  ] nan_or_inf_loss                loss=nan
2026-05-18 15:31:19 [warning  ] nan_or_inf_loss                loss=nan
2026-05-18 15:31:52 [warning  ] nan_or_inf_loss                loss=nan
2026-05-18 15:32:47 [warning  ] nan_or_inf_loss                loss=nan
2026-05-18 15:34:33 [warning  ] nan_or_inf_loss                loss=nan
2026-05-18 15:35:40 [warning  ] nan_or_inf_loss                loss=nan
2026-05-18 15:35:50 [warning  ] nan_or_inf_loss                loss=nan
2026-05-18 15:35:53 [warning  ] nan_or_inf_loss                loss=nan
2026-05-18 15:36:01 [warning  ] nan_or_inf_loss                loss=nan
2026-05-18 15:36:14 [warning  ] nan_or_inf_loss                loss=nan
2026-05-18 15:36:14 [info     ] epoch_complete                 epoch=38 is_best=False lr=0.0002740000000000068 total_epochs=50 train_loss=nan val_loss=nan
2026-05-18 15:36:14 [debug    ] epoch_start                    epoch=39 total_epochs=50
2026-05-18 15:36:28 [warning  ] nan_or_inf_loss                loss=nan
2026-05-18 15:37:05 [warning  ] nan_or_inf_loss                loss=nan
2026-05-18 15:37:08 [warning  ] nan_or_inf_loss                loss=nan
2026-05-18 15:37:42 [warning  ] nan_or_inf_loss                loss=nan
2026-05-18 15:37:50 [warning  ] nan_or_inf_loss                loss=nan
2026-05-18 15:37:54 [warning  ] nan_or_inf_loss                loss=nan
2026-05-18 15:41:41 [warning  ] nan_or_inf_loss                loss=nan
2026-05-18 15:42:03 [warning  ] nan_or_inf_loss                loss=nan
2026-05-18 15:43:15 [warning  ] nan_or_inf_loss                loss=nan
2026-05-18 15:45:58 [warning  ] nan_or_inf_loss                loss=nan
2026-05-18 15:46:33 [warning  ] nan_or_inf_loss                loss=nan
2026-05-18 15:46:42 [warning  ] nan_or_inf_loss                loss=nan
2026-05-18 15:47:08 [warning  ] nan_or_inf_loss                loss=nan
2026-05-18 15:47:09 [info     ] epoch_complete                 epoch=39 is_best=False lr=0.0002519999999999741 total_epochs=50 train_loss=nan val_loss=nan
2026-05-18 15:47:09 [debug    ] epoch_start                    epoch=40 total_epochs=50
2026-05-18 15:48:08 [warning  ] nan_or_inf_loss                loss=nan
2026-05-18 15:48:14 [warning  ] nan_or_inf_loss                loss=nan
2026-05-18 15:51:38 [warning  ] nan_or_inf_loss                loss=nan
2026-05-18 15:52:39 [warning  ] nan_or_inf_loss                loss=nan
2026-05-18 15:53:11 [warning  ] nan_or_inf_loss                loss=nan
2026-05-18 15:53:38 [warning  ] nan_or_inf_loss                loss=nan
2026-05-18 15:54:31 [warning  ] nan_or_inf_loss                loss=nan
2026-05-18 15:55:50 [warning  ] nan_or_inf_loss                loss=nan
2026-05-18 15:57:09 [warning  ] nan_or_inf_loss                loss=nan
2026-05-18 15:58:45 [warning  ] nan_or_inf_loss                loss=nan
2026-05-18 15:58:51 [warning  ] nan_or_inf_loss                loss=nan
2026-05-18 15:59:00 [warning  ] nan_or_inf_loss                loss=nan
2026-05-18 15:59:31 [warning  ] nan_or_inf_loss                loss=nan
2026-05-18 15:59:31 [info     ] epoch_complete                 epoch=40 is_best=False lr=0.00022999999999996314 total_epochs=50 train_loss=nan val_loss=nan
2026-05-18 15:59:31 [debug    ] epoch_start                    epoch=41 total_epochs=50
2026-05-18 16:01:24 [warning  ] nan_or_inf_loss                loss=nan
2026-05-18 16:01:48 [warning  ] nan_or_inf_loss                loss=nan
2026-05-18 16:02:46 [warning  ] nan_or_inf_loss                loss=nan
2026-05-18 16:03:36 [warning  ] nan_or_inf_loss                loss=nan
2026-05-18 16:04:12 [warning  ] nan_or_inf_loss                loss=nan
2026-05-18 16:04:42 [warning  ] nan_or_inf_loss                loss=nan
2026-05-18 16:07:31 [warning  ] nan_or_inf_loss                loss=nan
2026-05-18 16:08:02 [warning  ] nan_or_inf_loss                loss=nan
2026-05-18 16:08:35 [warning  ] nan_or_inf_loss                loss=nan
2026-05-18 16:08:40 [warning  ] nan_or_inf_loss                loss=nan
2026-05-18 16:09:46 [warning  ] nan_or_inf_loss                loss=nan
2026-05-18 16:10:24 [warning  ] nan_or_inf_loss                loss=nan
2026-05-18 16:11:02 [warning  ] nan_or_inf_loss                loss=nan
2026-05-18 16:11:02 [info     ] epoch_complete                 epoch=41 is_best=False lr=0.00020799999999996562 total_epochs=50 train_loss=nan val_loss=nan
2026-05-18 16:11:02 [debug    ] epoch_start                    epoch=42 total_epochs=50
2026-05-18 16:11:36 [warning  ] nan_or_inf_loss                loss=nan
2026-05-18 16:15:34 [warning  ] nan_or_inf_loss                loss=nan
2026-05-18 16:15:57 [warning  ] nan_or_inf_loss                loss=nan
2026-05-18 16:16:01 [warning  ] nan_or_inf_loss                loss=nan
2026-05-18 16:16:44 [warning  ] nan_or_inf_loss                loss=nan
2026-05-18 16:16:50 [warning  ] nan_or_inf_loss                loss=nan
2026-05-18 16:16:56 [warning  ] nan_or_inf_loss                loss=nan
2026-05-18 16:17:03 [warning  ] nan_or_inf_loss                loss=nan
2026-05-18 16:19:51 [warning  ] nan_or_inf_loss                loss=nan
2026-05-18 16:20:54 [warning  ] nan_or_inf_loss                loss=nan
2026-05-18 16:21:08 [warning  ] nan_or_inf_loss                loss=nan
2026-05-18 16:21:34 [warning  ] nan_or_inf_loss                loss=nan
2026-05-18 16:22:56 [warning  ] nan_or_inf_loss                loss=nan
2026-05-18 16:22:56 [info     ] epoch_complete                 epoch=42 is_best=False lr=0.00018599999999996796 total_epochs=50 train_loss=nan val_loss=nan
2026-05-18 16:22:56 [debug    ] epoch_start                    epoch=43 total_epochs=50
2026-05-18 16:23:16 [warning  ] nan_or_inf_loss                loss=nan
2026-05-18 16:24:15 [warning  ] nan_or_inf_loss                loss=nan
2026-05-18 16:25:29 [warning  ] nan_or_inf_loss                loss=nan
2026-05-18 16:26:48 [warning  ] nan_or_inf_loss                loss=nan
2026-05-18 16:27:03 [warning  ] nan_or_inf_loss                loss=nan
2026-05-18 16:29:06 [warning  ] nan_or_inf_loss                loss=nan
2026-05-18 16:29:41 [warning  ] nan_or_inf_loss                loss=nan
2026-05-18 16:30:23 [warning  ] nan_or_inf_loss                loss=nan
2026-05-18 16:30:56 [warning  ] nan_or_inf_loss                loss=nan
2026-05-18 16:31:28 [warning  ] nan_or_inf_loss                loss=nan
2026-05-18 16:32:04 [warning  ] nan_or_inf_loss                loss=nan
2026-05-18 16:32:57 [warning  ] nan_or_inf_loss                loss=nan
2026-05-18 16:33:50 [warning  ] nan_or_inf_loss                loss=nan
2026-05-18 16:33:50 [info     ] epoch_complete                 epoch=43 is_best=False lr=0.00016399999999996902 total_epochs=50 train_loss=nan val_loss=nan
2026-05-18 16:33:50 [debug    ] epoch_start                    epoch=44 total_epochs=50
2026-05-18 16:33:51 [warning  ] nan_or_inf_loss                loss=nan
2026-05-18 16:35:44 [warning  ] nan_or_inf_loss                loss=nan
2026-05-18 16:36:11 [warning  ] nan_or_inf_loss                loss=nan
2026-05-18 16:36:35 [warning  ] nan_or_inf_loss                loss=nan
2026-05-18 16:39:31 [warning  ] nan_or_inf_loss                loss=nan
2026-05-18 16:39:39 [warning  ] nan_or_inf_loss                loss=nan
2026-05-18 16:42:05 [warning  ] nan_or_inf_loss                loss=nan
2026-05-18 16:43:09 [warning  ] nan_or_inf_loss                loss=nan
2026-05-18 16:43:20 [warning  ] nan_or_inf_loss                loss=nan
2026-05-18 16:43:27 [warning  ] nan_or_inf_loss                loss=nan
2026-05-18 16:43:49 [warning  ] nan_or_inf_loss                loss=nan
2026-05-18 16:44:40 [warning  ] nan_or_inf_loss                loss=nan
2026-05-18 16:44:41 [warning  ] nan_or_inf_loss                loss=nan
2026-05-18 16:44:41 [info     ] epoch_complete                 epoch=44 is_best=False lr=0.00014199999999997063 total_epochs=50 train_loss=nan val_loss=nan
2026-05-18 16:44:41 [debug    ] epoch_start                    epoch=45 total_epochs=50
2026-05-18 16:45:57 [warning  ] nan_or_inf_loss                loss=nan
2026-05-18 16:46:09 [warning  ] nan_or_inf_loss                loss=nan
2026-05-18 16:46:15 [warning  ] nan_or_inf_loss                loss=nan
2026-05-18 16:48:38 [warning  ] nan_or_inf_loss                loss=nan
2026-05-18 16:50:06 [warning  ] nan_or_inf_loss                loss=nan
2026-05-18 16:50:25 [warning  ] nan_or_inf_loss                loss=nan
2026-05-18 16:50:29 [warning  ] nan_or_inf_loss                loss=nan
2026-05-18 16:50:35 [warning  ] nan_or_inf_loss                loss=nan
2026-05-18 16:51:38 [warning  ] nan_or_inf_loss                loss=nan
2026-05-18 16:51:41 [warning  ] nan_or_inf_loss                loss=nan
2026-05-18 16:52:46 [warning  ] nan_or_inf_loss                loss=nan
2026-05-18 16:53:47 [warning  ] nan_or_inf_loss                loss=nan
2026-05-18 16:55:32 [warning  ] nan_or_inf_loss                loss=nan
2026-05-18 16:55:32 [info     ] epoch_complete                 epoch=45 is_best=False lr=0.00011999999999997276 total_epochs=50 train_loss=nan val_loss=nan
2026-05-18 16:55:32 [debug    ] epoch_start                    epoch=46 total_epochs=50
2026-05-18 16:56:17 [warning  ] nan_or_inf_loss                loss=nan
2026-05-18 16:59:37 [warning  ] nan_or_inf_loss                loss=nan
2026-05-18 17:00:01 [warning  ] nan_or_inf_loss                loss=nan
2026-05-18 17:00:21 [warning  ] nan_or_inf_loss                loss=nan
2026-05-18 17:02:19 [warning  ] nan_or_inf_loss                loss=nan
2026-05-18 17:02:43 [warning  ] nan_or_inf_loss                loss=nan
2026-05-18 17:03:04 [warning  ] nan_or_inf_loss                loss=nan
2026-05-18 17:03:16 [warning  ] nan_or_inf_loss                loss=nan
2026-05-18 17:03:42 [warning  ] nan_or_inf_loss                loss=nan
2026-05-18 17:04:17 [warning  ] nan_or_inf_loss                loss=nan
2026-05-18 17:06:27 [warning  ] nan_or_inf_loss                loss=nan
2026-05-18 17:06:28 [warning  ] nan_or_inf_loss                loss=nan
2026-05-18 17:06:36 [warning  ] nan_or_inf_loss                loss=nan
2026-05-18 17:06:36 [info     ] epoch_complete                 epoch=46 is_best=False lr=9.799999999997965e-05 total_epochs=50 train_loss=nan val_loss=nan
2026-05-18 17:06:36 [debug    ] epoch_start                    epoch=47 total_epochs=50
2026-05-18 17:07:08 [warning  ] nan_or_inf_loss                loss=nan
2026-05-18 17:08:49 [warning  ] nan_or_inf_loss                loss=nan
2026-05-18 17:09:26 [warning  ] nan_or_inf_loss                loss=nan
2026-05-18 17:10:29 [warning  ] nan_or_inf_loss                loss=nan
2026-05-18 17:11:33 [warning  ] nan_or_inf_loss                loss=nan
2026-05-18 17:12:12 [warning  ] nan_or_inf_loss                loss=nan
2026-05-18 17:15:12 [warning  ] nan_or_inf_loss                loss=nan
2026-05-18 17:15:15 [warning  ] nan_or_inf_loss                loss=nan
2026-05-18 17:15:22 [warning  ] nan_or_inf_loss                loss=nan
2026-05-18 17:15:25 [warning  ] nan_or_inf_loss                loss=nan
2026-05-18 17:15:53 [warning  ] nan_or_inf_loss                loss=nan
2026-05-18 17:16:58 [warning  ] nan_or_inf_loss                loss=nan
2026-05-18 17:17:47 [warning  ] nan_or_inf_loss                loss=nan
2026-05-18 17:17:47 [info     ] epoch_complete                 epoch=47 is_best=False lr=7.599999999998842e-05 total_epochs=50 train_loss=nan val_loss=nan
2026-05-18 17:17:47 [debug    ] epoch_start                    epoch=48 total_epochs=50
2026-05-18 17:18:26 [warning  ] nan_or_inf_loss                loss=nan
2026-05-18 17:19:04 [warning  ] nan_or_inf_loss                loss=nan
2026-05-18 17:19:55 [warning  ] nan_or_inf_loss                loss=nan
2026-05-18 17:20:08 [warning  ] nan_or_inf_loss                loss=nan
2026-05-18 17:22:57 [warning  ] nan_or_inf_loss                loss=nan
2026-05-18 17:23:16 [warning  ] nan_or_inf_loss                loss=nan
2026-05-18 17:23:45 [warning  ] nan_or_inf_loss                loss=nan
2026-05-18 17:24:05 [warning  ] nan_or_inf_loss                loss=nan
2026-05-18 17:25:29 [warning  ] nan_or_inf_loss                loss=nan
2026-05-18 17:26:27 [warning  ] nan_or_inf_loss                loss=nan
2026-05-18 17:27:03 [warning  ] nan_or_inf_loss                loss=nan
2026-05-18 17:27:39 [warning  ] nan_or_inf_loss                loss=nan
2026-05-18 17:28:37 [warning  ] nan_or_inf_loss                loss=nan
2026-05-18 17:28:37 [info     ] epoch_complete                 epoch=48 is_best=False lr=5.399999999999506e-05 total_epochs=50 train_loss=nan val_loss=nan
2026-05-18 17:28:37 [debug    ] epoch_start                    epoch=49 total_epochs=50
2026-05-18 17:28:47 [warning  ] nan_or_inf_loss                loss=nan
2026-05-18 17:29:33 [warning  ] nan_or_inf_loss                loss=nan
2026-05-18 17:30:13 [warning  ] nan_or_inf_loss                loss=nan
2026-05-18 17:31:47 [warning  ] nan_or_inf_loss                loss=nan
2026-05-18 17:32:25 [warning  ] nan_or_inf_loss                loss=nan
2026-05-18 17:34:16 [warning  ] nan_or_inf_loss                loss=nan
2026-05-18 17:35:15 [warning  ] nan_or_inf_loss                loss=nan
2026-05-18 17:36:41 [warning  ] nan_or_inf_loss                loss=nan
2026-05-18 17:37:24 [warning  ] nan_or_inf_loss                loss=nan
2026-05-18 17:37:56 [warning  ] nan_or_inf_loss                loss=nan
2026-05-18 17:38:43 [warning  ] nan_or_inf_loss                loss=nan
2026-05-18 17:38:59 [warning  ] nan_or_inf_loss                loss=nan
2026-05-18 17:39:17 [warning  ] nan_or_inf_loss                loss=nan
2026-05-18 17:39:17 [info     ] epoch_complete                 epoch=49 is_best=False lr=3.199999999999823e-05 total_epochs=50 train_loss=nan val_loss=nan
2026-05-18 17:39:17 [debug    ] epoch_start                    epoch=50 total_epochs=50
2026-05-18 17:41:24 [warning  ] nan_or_inf_loss                loss=nan
2026-05-18 17:42:32 [warning  ] nan_or_inf_loss                loss=nan
2026-05-18 17:43:03 [warning  ] nan_or_inf_loss                loss=nan
2026-05-18 17:45:59 [warning  ] nan_or_inf_loss                loss=nan
2026-05-18 17:46:23 [warning  ] nan_or_inf_loss                loss=nan
2026-05-18 17:46:31 [warning  ] nan_or_inf_loss                loss=nan
2026-05-18 17:46:42 [warning  ] nan_or_inf_loss                loss=nan
2026-05-18 17:47:12 [warning  ] nan_or_inf_loss                loss=nan
2026-05-18 17:47:30 [warning  ] nan_or_inf_loss                loss=nan
2026-05-18 17:47:41 [warning  ] nan_or_inf_loss                loss=nan
2026-05-18 17:47:41 [warning  ] nan_or_inf_loss                loss=nan
2026-05-18 17:48:52 [warning  ] nan_or_inf_loss                loss=nan
2026-05-18 17:50:02 [warning  ] nan_or_inf_loss                loss=nan
2026-05-18 17:50:03 [info     ] epoch_complete                 epoch=50 is_best=False lr=9.999999999999242e-06 total_epochs=50 train_loss=nan val_loss=nan
2026-05-18 17:50:03 [info     ] training_log_saved             path=data/models/seq_15_seed0/training_losses.csv
2026-05-18 17:50:03 [info     ] training_complete              best_val_loss=inf
2026-05-18 17:50:03 [info     ] train_typecode_done            typecode=A320
2026-05-18 17:50:03 [info     ] train_done                     typecodes=['A320']

$ uv run fdm train --arch adsb --config results_run3/seq_15_seed0/config.yaml --model-name seq_15_seed0 --epochs 50 --batch-size 32 --lr 0.001 --method rk4 --seq-len 15 --train-limit 5000 --activation relu --seed 0 --backbone-depth 2 --head-depth 2 --hidden-width 48 --device cuda --no-use-mode-weights
