2026-05-17 21:09:39 [info     ] train_start                    arch=adsb device=cuda typecodes=['A320']
2026-05-17 21:09:39 [info     ] train_typecode                 typecode=A320
2026-05-17 21:09:40 [info     ] loading_data                   train_flights=1594 val_flights=247
2026-05-17 21:09:40 [warning  ] e1_column_missing              column=fdm_g_sin_gamma_ms2
2026-05-17 21:09:40 [warning  ] e1_column_missing              column=fdm_cos_gamma
2026-05-17 21:09:40 [warning  ] e1_column_missing              column=fdm_q_pa
2026-05-17 21:09:40 [warning  ] e1_column_missing              column=fdm_g_over_v
2026-05-17 21:09:40 [warning  ] e1_column_missing              column=fdm_lat_wind_ms
2026-05-17 21:09:40 [warning  ] e1_column_missing              column=fdm_drift_rad
2026-05-17 21:09:40 [warning  ] e1_column_missing              column=fdm_track_rad
2026-05-17 21:09:40 [warning  ] e1_column_missing              column=fdm_heading_diff_rad
2026-05-17 21:09:54 [warning  ] e1_column_missing              column=fdm_g_sin_gamma_ms2
2026-05-17 21:09:54 [warning  ] e1_column_missing              column=fdm_cos_gamma
2026-05-17 21:09:54 [warning  ] e1_column_missing              column=fdm_q_pa
2026-05-17 21:09:54 [warning  ] e1_column_missing              column=fdm_g_over_v
2026-05-17 21:09:54 [warning  ] e1_column_missing              column=fdm_lat_wind_ms
2026-05-17 21:09:54 [warning  ] e1_column_missing              column=fdm_drift_rad
2026-05-17 21:09:54 [warning  ] e1_column_missing              column=fdm_track_rad
2026-05-17 21:09:54 [warning  ] e1_column_missing              column=fdm_heading_diff_rad
2026-05-17 21:09:56 [info     ] data_loaded                    train_samples=48117 val_samples=7518
2026-05-17 21:10:16 [debug    ] meta_saved                     path=data/models/act_gelu_seed1/meta.json
2026-05-17 21:10:16 [info     ] trainer_initialized            architecture=node_adsb_v1 device=cuda train_samples=48117 val_samples=7518
2026-05-17 21:10:16 [info     ] preloading_data_to_gpu
2026-05-17 21:10:17 [debug    ] epoch_start                    epoch=1 total_epochs=50
/data/common/dataiku/config/projects/NODEFDM/lib/python/.venv/lib/python3.12/site-packages/torch/_inductor/compile_fx.py:321: UserWarning: TensorFloat32 tensor cores for float32 matrix multiplication available but not enabled. Consider setting `torch.set_float32_matmul_precision('high')` for better performance.
  warnings.warn(
2026-05-17 21:10:38 [info     ] debug_magnitudes               norm_mean=['8427.359375', '-0.000899', '211.646118', '3.252943'] norm_std=['2287.523926', '0.040447', '34.116577', '1.247240'] ode_loss=0.366533
2026-05-17 21:11:21 [warning  ] nan_or_inf_loss                loss=nan
W0517 21:22:58.092000 727543 torch/_dynamo/convert_frame.py:1676] [0/8] torch._dynamo hit config.recompile_limit (8)
W0517 21:22:58.092000 727543 torch/_dynamo/convert_frame.py:1676] [0/8]    function: 'forward' (/data/common/dataiku/config/projects/NODEFDM/lib/python/packages/node-fdm/src/node_fdm/models/fdm.py:181)
W0517 21:22:58.092000 727543 torch/_dynamo/convert_frame.py:1676] [0/8]    last reason: 0/7: tensor 'self.history['raw_alt_m']' size mismatch at index 1. expected 1, actual 2
W0517 21:22:58.092000 727543 torch/_dynamo/convert_frame.py:1676] [0/8] To log all recompilation reasons, use TORCH_LOGS="recompiles".
W0517 21:22:58.092000 727543 torch/_dynamo/convert_frame.py:1676] [0/8] To diagnose recompilation issues, see https://pytorch.org/docs/main/compile/programming_model.recompilation.html
2026-05-17 21:22:58 [debug    ] meta_saved                     path=data/models/act_gelu_seed1/meta.json
2026-05-17 21:22:58 [debug    ] model_saved                    epoch=1
2026-05-17 21:22:58 [info     ] epoch_complete                 epoch=1 is_best=True lr=0.00020800000000000077 total_epochs=50 train_loss=nan val_loss=0.034546
2026-05-17 21:22:58 [debug    ] epoch_start                    epoch=2 total_epochs=50
2026-05-17 21:33:46 [warning  ] nan_or_inf_loss                loss=nan
2026-05-17 21:34:25 [debug    ] meta_saved                     path=data/models/act_gelu_seed1/meta.json
2026-05-17 21:34:25 [debug    ] model_saved                    epoch=2
2026-05-17 21:34:25 [info     ] epoch_complete                 epoch=2 is_best=True lr=0.00040600000000000174 total_epochs=50 train_loss=nan val_loss=0.028505
2026-05-17 21:34:25 [debug    ] epoch_start                    epoch=3 total_epochs=50
2026-05-17 21:38:16 [warning  ] nan_or_inf_loss                loss=nan
2026-05-17 21:45:50 [debug    ] meta_saved                     path=data/models/act_gelu_seed1/meta.json
2026-05-17 21:45:50 [debug    ] model_saved                    epoch=3
2026-05-17 21:45:50 [info     ] epoch_complete                 epoch=3 is_best=True lr=0.0006040000000000034 total_epochs=50 train_loss=nan val_loss=0.026876
2026-05-17 21:45:50 [debug    ] epoch_start                    epoch=4 total_epochs=50
2026-05-17 21:49:08 [warning  ] nan_or_inf_loss                loss=nan
2026-05-17 21:57:18 [info     ] epoch_complete                 epoch=4 is_best=False lr=0.0008020000000000034 total_epochs=50 train_loss=nan val_loss=0.027146
2026-05-17 21:57:18 [debug    ] epoch_start                    epoch=5 total_epochs=50
2026-05-17 21:58:16 [warning  ] nan_or_inf_loss                loss=nan
2026-05-17 22:08:49 [debug    ] meta_saved                     path=data/models/act_gelu_seed1/meta.json
2026-05-17 22:08:49 [debug    ] model_saved                    epoch=5
2026-05-17 22:08:49 [info     ] epoch_complete                 epoch=5 is_best=True lr=0.001 total_epochs=50 train_loss=nan val_loss=0.025042
2026-05-17 22:08:49 [debug    ] epoch_start                    epoch=6 total_epochs=50
2026-05-17 22:08:52 [warning  ] nan_or_inf_loss                loss=nan
2026-05-17 22:20:20 [debug    ] meta_saved                     path=data/models/act_gelu_seed1/meta.json
2026-05-17 22:20:20 [debug    ] model_saved                    epoch=6
2026-05-17 22:20:20 [info     ] epoch_complete                 epoch=6 is_best=True lr=0.0009779999999999641 total_epochs=50 train_loss=nan val_loss=0.024823
2026-05-17 22:20:20 [debug    ] epoch_start                    epoch=7 total_epochs=50
2026-05-17 22:31:11 [warning  ] nan_or_inf_loss                loss=nan
2026-05-17 22:31:48 [debug    ] meta_saved                     path=data/models/act_gelu_seed1/meta.json
2026-05-17 22:31:48 [debug    ] model_saved                    epoch=7
2026-05-17 22:31:48 [info     ] epoch_complete                 epoch=7 is_best=True lr=0.000955999999999966 total_epochs=50 train_loss=nan val_loss=0.024271
2026-05-17 22:31:48 [debug    ] epoch_start                    epoch=8 total_epochs=50
2026-05-17 22:39:49 [warning  ] nan_or_inf_loss                loss=nan
2026-05-17 22:43:19 [debug    ] meta_saved                     path=data/models/act_gelu_seed1/meta.json
2026-05-17 22:43:19 [debug    ] model_saved                    epoch=8
2026-05-17 22:43:19 [info     ] epoch_complete                 epoch=8 is_best=True lr=0.0009339999999999676 total_epochs=50 train_loss=nan val_loss=0.024092
2026-05-17 22:43:19 [debug    ] epoch_start                    epoch=9 total_epochs=50
2026-05-17 22:43:42 [warning  ] nan_or_inf_loss                loss=nan
2026-05-17 22:54:48 [debug    ] meta_saved                     path=data/models/act_gelu_seed1/meta.json
2026-05-17 22:54:50 [debug    ] model_saved                    epoch=9
2026-05-17 22:54:50 [info     ] epoch_complete                 epoch=9 is_best=True lr=0.0009119999999999646 total_epochs=50 train_loss=nan val_loss=0.023844
2026-05-17 22:54:50 [debug    ] epoch_start                    epoch=10 total_epochs=50
2026-05-17 23:03:06 [warning  ] nan_or_inf_loss                loss=nan
2026-05-17 23:06:21 [debug    ] meta_saved                     path=data/models/act_gelu_seed1/meta.json
2026-05-17 23:06:21 [debug    ] model_saved                    epoch=10
2026-05-17 23:06:21 [info     ] epoch_complete                 epoch=10 is_best=True lr=0.0008899999999999641 total_epochs=50 train_loss=nan val_loss=0.023459
2026-05-17 23:06:21 [debug    ] epoch_start                    epoch=11 total_epochs=50
2026-05-17 23:14:06 [warning  ] nan_or_inf_loss                loss=nan
2026-05-17 23:17:54 [info     ] epoch_complete                 epoch=11 is_best=False lr=0.0008679999999999602 total_epochs=50 train_loss=nan val_loss=0.023812
2026-05-17 23:17:54 [debug    ] epoch_start                    epoch=12 total_epochs=50
2026-05-17 23:29:01 [warning  ] nan_or_inf_loss                loss=nan
2026-05-17 23:29:26 [info     ] epoch_complete                 epoch=12 is_best=False lr=0.0008459999999999557 total_epochs=50 train_loss=nan val_loss=0.023469
2026-05-17 23:29:26 [debug    ] epoch_start                    epoch=13 total_epochs=50
2026-05-17 23:39:58 [warning  ] nan_or_inf_loss                loss=nan
2026-05-17 23:40:57 [debug    ] meta_saved                     path=data/models/act_gelu_seed1/meta.json
2026-05-17 23:40:57 [debug    ] model_saved                    epoch=13
2026-05-17 23:40:57 [info     ] epoch_complete                 epoch=13 is_best=True lr=0.0008239999999999501 total_epochs=50 train_loss=nan val_loss=0.023204
2026-05-17 23:40:57 [debug    ] epoch_start                    epoch=14 total_epochs=50
2026-05-17 23:44:14 [warning  ] nan_or_inf_loss                loss=nan
2026-05-17 23:52:29 [debug    ] meta_saved                     path=data/models/act_gelu_seed1/meta.json
2026-05-17 23:52:30 [debug    ] model_saved                    epoch=14
2026-05-17 23:52:30 [info     ] epoch_complete                 epoch=14 is_best=True lr=0.0008019999999999432 total_epochs=50 train_loss=nan val_loss=0.022863
2026-05-17 23:52:30 [debug    ] epoch_start                    epoch=15 total_epochs=50
2026-05-18 00:01:37 [warning  ] nan_or_inf_loss                loss=nan
2026-05-18 00:03:58 [info     ] epoch_complete                 epoch=15 is_best=False lr=0.0007799999999999348 total_epochs=50 train_loss=nan val_loss=0.023192
2026-05-18 00:03:58 [debug    ] epoch_start                    epoch=16 total_epochs=50
2026-05-18 00:05:50 [warning  ] nan_or_inf_loss                loss=nan
2026-05-18 00:15:26 [info     ] epoch_complete                 epoch=16 is_best=False lr=0.0007579999999999236 total_epochs=50 train_loss=nan val_loss=0.023325
2026-05-18 00:15:26 [debug    ] epoch_start                    epoch=17 total_epochs=50
2026-05-18 00:21:36 [warning  ] nan_or_inf_loss                loss=nan
2026-05-18 00:26:54 [info     ] epoch_complete                 epoch=17 is_best=False lr=0.0007359999999999133 total_epochs=50 train_loss=nan val_loss=0.022952
2026-05-18 00:26:54 [debug    ] epoch_start                    epoch=18 total_epochs=50
2026-05-18 00:36:21 [warning  ] nan_or_inf_loss                loss=nan
2026-05-18 00:43:29 [info     ] epoch_complete                 epoch=18 is_best=False lr=0.0007139999999999008 total_epochs=50 train_loss=nan val_loss=0.023613
2026-05-18 00:43:29 [debug    ] epoch_start                    epoch=19 total_epochs=50
2026-05-18 00:51:47 [warning  ] nan_or_inf_loss                loss=nan
2026-05-18 01:01:31 [info     ] epoch_complete                 epoch=19 is_best=False lr=0.0006919999999998854 total_epochs=50 train_loss=nan val_loss=0.023094
2026-05-18 01:01:31 [debug    ] epoch_start                    epoch=20 total_epochs=50
2026-05-18 01:06:28 [warning  ] nan_or_inf_loss                loss=nan
2026-05-18 01:12:57 [info     ] epoch_complete                 epoch=20 is_best=False lr=0.0006699999999998693 total_epochs=50 train_loss=nan val_loss=0.022914
2026-05-18 01:12:57 [debug    ] epoch_start                    epoch=21 total_epochs=50
2026-05-18 01:20:39 [warning  ] nan_or_inf_loss                loss=nan
2026-05-18 01:24:27 [info     ] epoch_complete                 epoch=21 is_best=False lr=0.0006479999999998547 total_epochs=50 train_loss=nan val_loss=0.02301
2026-05-18 01:24:27 [debug    ] epoch_start                    epoch=22 total_epochs=50
2026-05-18 01:26:46 [warning  ] nan_or_inf_loss                loss=nan
2026-05-18 01:35:53 [info     ] epoch_complete                 epoch=22 is_best=False lr=0.0006259999999998386 total_epochs=50 train_loss=nan val_loss=0.023233
2026-05-18 01:35:53 [debug    ] epoch_start                    epoch=23 total_epochs=50
2026-05-18 01:37:34 [warning  ] nan_or_inf_loss                loss=nan
2026-05-18 01:47:21 [info     ] epoch_complete                 epoch=23 is_best=False lr=0.0006039999999998202 total_epochs=50 train_loss=nan val_loss=0.022873
2026-05-18 01:47:21 [debug    ] epoch_start                    epoch=24 total_epochs=50
2026-05-18 01:48:07 [warning  ] nan_or_inf_loss                loss=nan
2026-05-18 01:58:56 [debug    ] meta_saved                     path=data/models/act_gelu_seed1/meta.json
2026-05-18 01:58:56 [debug    ] model_saved                    epoch=24
2026-05-18 01:58:56 [info     ] epoch_complete                 epoch=24 is_best=True lr=0.0005819999999998049 total_epochs=50 train_loss=nan val_loss=0.022707
2026-05-18 01:58:56 [debug    ] epoch_start                    epoch=25 total_epochs=50
2026-05-18 02:07:55 [warning  ] nan_or_inf_loss                loss=nan
2026-05-18 02:10:26 [debug    ] meta_saved                     path=data/models/act_gelu_seed1/meta.json
2026-05-18 02:10:26 [debug    ] model_saved                    epoch=25
2026-05-18 02:10:26 [info     ] epoch_complete                 epoch=25 is_best=True lr=0.0005599999999997843 total_epochs=50 train_loss=nan val_loss=0.022526
2026-05-18 02:10:26 [debug    ] epoch_start                    epoch=26 total_epochs=50
2026-05-18 02:20:50 [warning  ] nan_or_inf_loss                loss=nan
2026-05-18 02:22:01 [info     ] epoch_complete                 epoch=26 is_best=False lr=0.0005379999999997661 total_epochs=50 train_loss=nan val_loss=0.02281
2026-05-18 02:22:01 [debug    ] epoch_start                    epoch=27 total_epochs=50
2026-05-18 02:30:04 [warning  ] nan_or_inf_loss                loss=nan
2026-05-18 02:33:33 [info     ] epoch_complete                 epoch=27 is_best=False lr=0.0005159999999997449 total_epochs=50 train_loss=nan val_loss=0.022887
2026-05-18 02:33:33 [debug    ] epoch_start                    epoch=28 total_epochs=50
2026-05-18 02:39:14 [warning  ] nan_or_inf_loss                loss=nan
2026-05-18 02:45:03 [info     ] epoch_complete                 epoch=28 is_best=False lr=0.0004939999999997231 total_epochs=50 train_loss=nan val_loss=0.022606
2026-05-18 02:45:03 [debug    ] epoch_start                    epoch=29 total_epochs=50
2026-05-18 02:56:09 [warning  ] nan_or_inf_loss                loss=nan
2026-05-18 02:56:35 [info     ] epoch_complete                 epoch=29 is_best=False lr=0.00047199999999972654 total_epochs=50 train_loss=nan val_loss=0.02271
2026-05-18 02:56:35 [debug    ] epoch_start                    epoch=30 total_epochs=50
2026-05-18 03:07:12 [warning  ] nan_or_inf_loss                loss=nan
2026-05-18 03:08:04 [info     ] epoch_complete                 epoch=30 is_best=False lr=0.00044999999999974005 total_epochs=50 train_loss=nan val_loss=0.022823
2026-05-18 03:08:04 [debug    ] epoch_start                    epoch=31 total_epochs=50
2026-05-18 03:16:11 [warning  ] nan_or_inf_loss                loss=nan
2026-05-18 03:19:35 [debug    ] meta_saved                     path=data/models/act_gelu_seed1/meta.json
2026-05-18 03:19:35 [debug    ] model_saved                    epoch=31
2026-05-18 03:19:35 [info     ] epoch_complete                 epoch=31 is_best=True lr=0.00042799999999975404 total_epochs=50 train_loss=nan val_loss=0.022243
2026-05-18 03:19:35 [debug    ] epoch_start                    epoch=32 total_epochs=50
2026-05-18 03:24:06 [warning  ] nan_or_inf_loss                loss=nan
2026-05-18 03:31:03 [info     ] epoch_complete                 epoch=32 is_best=False lr=0.0004059999999997666 total_epochs=50 train_loss=nan val_loss=0.02239
2026-05-18 03:31:03 [debug    ] epoch_start                    epoch=33 total_epochs=50
2026-05-18 03:38:48 [warning  ] nan_or_inf_loss                loss=nan
2026-05-18 03:42:28 [info     ] epoch_complete                 epoch=33 is_best=False lr=0.00038399999999978274 total_epochs=50 train_loss=nan val_loss=0.022438
2026-05-18 03:42:28 [debug    ] epoch_start                    epoch=34 total_epochs=50
2026-05-18 03:43:25 [warning  ] nan_or_inf_loss                loss=nan
2026-05-18 03:53:59 [info     ] epoch_complete                 epoch=34 is_best=False lr=0.0003619999999997976 total_epochs=50 train_loss=nan val_loss=0.068146
2026-05-18 03:53:59 [debug    ] epoch_start                    epoch=35 total_epochs=50
2026-05-18 04:05:05 [warning  ] nan_or_inf_loss                loss=nan
2026-05-18 04:05:29 [info     ] epoch_complete                 epoch=35 is_best=False lr=0.00033999999999981284 total_epochs=50 train_loss=nan val_loss=0.048569
2026-05-18 04:05:29 [debug    ] epoch_start                    epoch=36 total_epochs=50
2026-05-18 04:11:54 [warning  ] nan_or_inf_loss                loss=nan
2026-05-18 04:16:57 [info     ] epoch_complete                 epoch=36 is_best=False lr=0.00031799999999982846 total_epochs=50 train_loss=nan val_loss=0.043542
2026-05-18 04:16:57 [debug    ] epoch_start                    epoch=37 total_epochs=50
2026-05-18 04:28:08 [warning  ] nan_or_inf_loss                loss=nan
2026-05-18 04:28:25 [info     ] epoch_complete                 epoch=37 is_best=False lr=0.00029599999999984576 total_epochs=50 train_loss=nan val_loss=0.07431
2026-05-18 04:28:25 [debug    ] epoch_start                    epoch=38 total_epochs=50
2026-05-18 04:34:54 [warning  ] nan_or_inf_loss                loss=nan
2026-05-18 04:39:50 [info     ] epoch_complete                 epoch=38 is_best=False lr=0.00027399999999986176 total_epochs=50 train_loss=nan val_loss=0.039076
2026-05-18 04:39:50 [debug    ] epoch_start                    epoch=39 total_epochs=50
2026-05-18 04:40:56 [warning  ] nan_or_inf_loss                loss=nan
2026-05-18 04:51:17 [info     ] epoch_complete                 epoch=39 is_best=False lr=0.0002519999999998791 total_epochs=50 train_loss=nan val_loss=0.034954
2026-05-18 04:51:17 [debug    ] epoch_start                    epoch=40 total_epochs=50
2026-05-18 04:58:03 [warning  ] nan_or_inf_loss                loss=nan
2026-05-18 05:02:48 [info     ] epoch_complete                 epoch=40 is_best=False lr=0.00022999999999989115 total_epochs=50 train_loss=nan val_loss=0.031359
2026-05-18 05:02:48 [debug    ] epoch_start                    epoch=41 total_epochs=50
2026-05-18 05:12:54 [warning  ] nan_or_inf_loss                loss=nan
2026-05-18 05:14:18 [info     ] epoch_complete                 epoch=41 is_best=False lr=0.00020799999999989986 total_epochs=50 train_loss=nan val_loss=0.030078
2026-05-18 05:14:18 [debug    ] epoch_start                    epoch=42 total_epochs=50
2026-05-18 05:16:41 [warning  ] nan_or_inf_loss                loss=nan
2026-05-18 05:25:46 [info     ] epoch_complete                 epoch=42 is_best=False lr=0.00018599999999990713 total_epochs=50 train_loss=nan val_loss=0.029766
2026-05-18 05:25:46 [debug    ] epoch_start                    epoch=43 total_epochs=50
2026-05-18 05:33:15 [warning  ] nan_or_inf_loss                loss=nan
2026-05-18 05:37:10 [info     ] epoch_complete                 epoch=43 is_best=False lr=0.00016399999999991286 total_epochs=50 train_loss=nan val_loss=0.027416
2026-05-18 05:37:10 [debug    ] epoch_start                    epoch=44 total_epochs=50
2026-05-18 05:39:08 [warning  ] nan_or_inf_loss                loss=nan
2026-05-18 05:48:37 [info     ] epoch_complete                 epoch=44 is_best=False lr=0.00014199999999991775 total_epochs=50 train_loss=nan val_loss=0.027069
2026-05-18 05:48:37 [debug    ] epoch_start                    epoch=45 total_epochs=50
2026-05-18 05:54:19 [warning  ] nan_or_inf_loss                loss=nan
2026-05-18 06:00:06 [info     ] epoch_complete                 epoch=45 is_best=False lr=0.00011999999999992358 total_epochs=50 train_loss=nan val_loss=0.025872
2026-05-18 06:00:06 [debug    ] epoch_start                    epoch=46 total_epochs=50
2026-05-18 06:01:49 [warning  ] nan_or_inf_loss                loss=nan
2026-05-18 06:11:54 [info     ] epoch_complete                 epoch=46 is_best=False lr=9.799999999993738e-05 total_epochs=50 train_loss=nan val_loss=0.025634
2026-05-18 06:11:54 [debug    ] epoch_start                    epoch=47 total_epochs=50
2026-05-18 06:12:41 [warning  ] nan_or_inf_loss                loss=nan
2026-05-18 06:23:23 [info     ] epoch_complete                 epoch=47 is_best=False lr=7.599999999995096e-05 total_epochs=50 train_loss=nan val_loss=0.024887
2026-05-18 06:23:23 [debug    ] epoch_start                    epoch=48 total_epochs=50
2026-05-18 06:25:57 [warning  ] nan_or_inf_loss                loss=nan
2026-05-18 06:34:50 [info     ] epoch_complete                 epoch=48 is_best=False lr=5.399999999996508e-05 total_epochs=50 train_loss=nan val_loss=0.024556
2026-05-18 06:34:50 [debug    ] epoch_start                    epoch=49 total_epochs=50
2026-05-18 06:43:56 [warning  ] nan_or_inf_loss                loss=nan
2026-05-18 06:46:20 [info     ] epoch_complete                 epoch=49 is_best=False lr=3.1999999999980124e-05 total_epochs=50 train_loss=nan val_loss=0.024293
2026-05-18 06:46:20 [debug    ] epoch_start                    epoch=50 total_epochs=50
2026-05-18 06:51:12 [warning  ] nan_or_inf_loss                loss=nan
2026-05-18 06:57:48 [info     ] epoch_complete                 epoch=50 is_best=False lr=9.999999999993956e-06 total_epochs=50 train_loss=nan val_loss=0.024076
2026-05-18 06:57:48 [info     ] training_log_saved             path=data/models/act_gelu_seed1/training_losses.csv
2026-05-18 06:57:48 [info     ] training_complete              best_val_loss=0.022243
2026-05-18 06:57:48 [info     ] train_typecode_done            typecode=A320
2026-05-18 06:57:48 [info     ] train_done                     typecodes=['A320']

$ uv run fdm train --arch adsb --config results_run3/act_gelu_seed1/config.yaml --model-name act_gelu_seed1 --epochs 50 --batch-size 32 --lr 0.001 --method rk4 --seq-len 30 --train-limit 5000 --activation gelu --seed 1 --backbone-depth 2 --head-depth 2 --hidden-width 48 --device cuda --no-use-mode-weights
