2026-05-16 13:08:26 [info     ] evaluate_start                 arch=adsb typecodes=['A320']
2026-05-16 13:08:26 [info     ] evaluate_typecode              flights=542 typecode=A320
2026-05-16 13:08:38 [info     ] evaluate_done                  output=data/model_performance/seq_120_seed1/performance.parquet rows=16
shape: (16, 11)
┌──────────┬─────────────────────────┬──────────────┬───────┬─────────┬──────────┬──────────┬──────────┬─────────┬──────────┬────────┐
│ Aircraft ┆ Variable                ┆ Phase        ┆ Model ┆ MAE     ┆ MAE_std  ┆ MAPE (%) ┆ MAPE_std ┆ ME      ┆ ME_std   ┆ Count  │
│ ---      ┆ ---                     ┆ ---          ┆ ---   ┆ ---     ┆ ---      ┆ ---      ┆ ---      ┆ ---     ┆ ---      ┆ ---    │
│ str      ┆ str                     ┆ str          ┆ str   ┆ f64     ┆ f64      ┆ f64      ┆ f64      ┆ f64     ┆ f64      ┆ i64    │
╞══════════╪═════════════════════════╪══════════════╪═══════╪═════════╪══════════╪══════════╪══════════╪═════════╪══════════╪════════╡
│ A320     ┆ Altitude [m]            ┆ All phases   ┆ PRED  ┆ 284.367 ┆ 580.072  ┆ 5.893    ┆ 18.629   ┆ 174.644 ┆ 621.971  ┆ 478843 │
│ A320     ┆ Altitude [m]            ┆ Climb        ┆ PRED  ┆ 811.149 ┆ 1041.606 ┆ 18.187   ┆ 36.784   ┆ 661.232 ┆ 1142.662 ┆ 90018  │
│ A320     ┆ Altitude [m]            ┆ Level flight ┆ PRED  ┆ 106.254 ┆ 182.841  ┆ 1.314    ┆ 5.494    ┆ 61.021  ┆ 202.478  ┆ 296839 │
│ A320     ┆ Altitude [m]            ┆ Descent      ┆ PRED  ┆ 343.629 ┆ 452.259  ┆ 8.641    ┆ 12.723   ┆ 65.127  ┆ 564.249  ┆ 91986  │
│ A320     ┆ Flight path angle [deg] ┆ All phases   ┆ PRED  ┆ 0.291   ┆ 0.605    ┆ NaN      ┆ NaN      ┆ -0.062  ┆ 0.668    ┆ 478843 │
│ A320     ┆ Flight path angle [deg] ┆ Climb        ┆ PRED  ┆ 0.728   ┆ 0.951    ┆ NaN      ┆ NaN      ┆ -0.436  ┆ 1.115    ┆ 90018  │
│ A320     ┆ Flight path angle [deg] ┆ Level flight ┆ PRED  ┆ 0.085   ┆ 0.248    ┆ NaN      ┆ NaN      ┆ -0.004  ┆ 0.262    ┆ 296839 │
│ A320     ┆ Flight path angle [deg] ┆ Descent      ┆ PRED  ┆ 0.529   ┆ 0.663    ┆ NaN      ┆ NaN      ┆ 0.117   ┆ 0.841    ┆ 91986  │
│ A320     ┆ Heading [deg]           ┆ All phases   ┆ PRED  ┆ 2.147   ┆ 6.926    ┆ NaN      ┆ NaN      ┆ -0.467  ┆ 7.236    ┆ 478843 │
│ A320     ┆ Heading [deg]           ┆ Climb        ┆ PRED  ┆ 2.669   ┆ 7.380    ┆ NaN      ┆ NaN      ┆ -0.344  ┆ 7.841    ┆ 90018  │
│ A320     ┆ Heading [deg]           ┆ Level flight ┆ PRED  ┆ 1.804   ┆ 6.343    ┆ NaN      ┆ NaN      ┆ -0.535  ┆ 6.573    ┆ 296839 │
│ A320     ┆ Heading [deg]           ┆ Descent      ┆ PRED  ┆ 2.741   ┆ 8.098    ┆ NaN      ┆ NaN      ┆ -0.369  ┆ 8.541    ┆ 91986  │
│ A320     ┆ True airspeed [m/s]     ┆ All phases   ┆ PRED  ┆ 3.179   ┆ 7.779    ┆ 1.860    ┆ 6.358    ┆ 0.793   ┆ 8.366    ┆ 478843 │
│ A320     ┆ True airspeed [m/s]     ┆ Climb        ┆ PRED  ┆ 6.493   ┆ 13.858   ┆ 4.118    ┆ 10.835   ┆ 5.045   ┆ 14.448   ┆ 90018  │
│ A320     ┆ True airspeed [m/s]     ┆ Level flight ┆ PRED  ┆ 1.899   ┆ 4.443    ┆ 0.984    ┆ 4.595    ┆ 0.038   ┆ 4.832    ┆ 296839 │
│ A320     ┆ True airspeed [m/s]     ┆ Descent      ┆ PRED  ┆ 4.065   ┆ 6.824    ┆ 2.478    ┆ 4.428    ┆ -0.934  ┆ 7.888    ┆ 91986  │
└──────────┴─────────────────────────┴──────────────┴───────┴─────────┴──────────┴──────────┴──────────┴─────────┴──────────┴────────┘

$ uv run fdm evaluate --arch adsb --config results_run2/seq_120_seed1/config.yaml --model-name seq_120_seed1
