2026-05-19 17:06:55 [info     ] train_start                    arch=adsb device=cuda typecodes=['A320']
2026-05-19 17:06:55 [info     ] train_typecode                 typecode=A320
2026-05-19 17:06:55 [info     ] loading_data                   train_flights=1594 val_flights=247
2026-05-19 17:06:55 [warning  ] e1_column_missing              column=fdm_g_sin_gamma_ms2
2026-05-19 17:06:55 [warning  ] e1_column_missing              column=fdm_cos_gamma
2026-05-19 17:06:55 [warning  ] e1_column_missing              column=fdm_q_pa
2026-05-19 17:06:55 [warning  ] e1_column_missing              column=fdm_g_over_v
2026-05-19 17:06:55 [warning  ] e1_column_missing              column=fdm_lat_wind_ms
2026-05-19 17:06:55 [warning  ] e1_column_missing              column=fdm_drift_rad
2026-05-19 17:06:55 [warning  ] e1_column_missing              column=fdm_track_rad
2026-05-19 17:06:55 [warning  ] e1_column_missing              column=fdm_heading_diff_rad
2026-05-19 17:07:00 [warning  ] e1_column_missing              column=fdm_g_sin_gamma_ms2
2026-05-19 17:07:00 [warning  ] e1_column_missing              column=fdm_cos_gamma
2026-05-19 17:07:00 [warning  ] e1_column_missing              column=fdm_q_pa
2026-05-19 17:07:00 [warning  ] e1_column_missing              column=fdm_g_over_v
2026-05-19 17:07:00 [warning  ] e1_column_missing              column=fdm_lat_wind_ms
2026-05-19 17:07:00 [warning  ] e1_column_missing              column=fdm_drift_rad
2026-05-19 17:07:00 [warning  ] e1_column_missing              column=fdm_track_rad
2026-05-19 17:07:00 [warning  ] e1_column_missing              column=fdm_heading_diff_rad
2026-05-19 17:07:01 [info     ] data_loaded                    train_samples=48117 val_samples=7518
2026-05-19 17:07:20 [debug    ] meta_saved                     path=data/models/hidden_64_seed1/meta.json
2026-05-19 17:07:20 [info     ] trainer_initialized            architecture=node_adsb_v1 device=cuda train_samples=48117 val_samples=7518
2026-05-19 17:07:20 [info     ] preloading_data_to_gpu
2026-05-19 17:07:20 [debug    ] epoch_start                    epoch=1 total_epochs=50
/data/common/dataiku/config/projects/NODEFDM/lib/python/.venv/lib/python3.12/site-packages/torch/_inductor/compile_fx.py:321: UserWarning: TensorFloat32 tensor cores for float32 matrix multiplication available but not enabled. Consider setting `torch.set_float32_matmul_precision('high')` for better performance.
  warnings.warn(
2026-05-19 17:07:40 [info     ] debug_magnitudes               norm_mean=['8427.359375', '-0.000899', '211.646118', '3.252943'] norm_std=['2287.523926', '0.040447', '34.116577', '1.247240'] ode_loss=0.366533
2026-05-19 17:08:23 [warning  ] nan_or_inf_loss                loss=nan
W0519 17:20:01.452000 2059039 torch/_dynamo/convert_frame.py:1676] [0/8] torch._dynamo hit config.recompile_limit (8)
W0519 17:20:01.452000 2059039 torch/_dynamo/convert_frame.py:1676] [0/8]    function: 'forward' (/data/common/dataiku/config/projects/NODEFDM/lib/python/packages/node-fdm/src/node_fdm/models/fdm.py:181)
W0519 17:20:01.452000 2059039 torch/_dynamo/convert_frame.py:1676] [0/8]    last reason: 0/7: tensor 'self.history['raw_alt_m']' size mismatch at index 1. expected 1, actual 2
W0519 17:20:01.452000 2059039 torch/_dynamo/convert_frame.py:1676] [0/8] To log all recompilation reasons, use TORCH_LOGS="recompiles".
W0519 17:20:01.452000 2059039 torch/_dynamo/convert_frame.py:1676] [0/8] To diagnose recompilation issues, see https://pytorch.org/docs/main/compile/programming_model.recompilation.html
2026-05-19 17:20:01 [debug    ] meta_saved                     path=data/models/hidden_64_seed1/meta.json
2026-05-19 17:20:01 [debug    ] model_saved                    epoch=1
2026-05-19 17:20:01 [info     ] epoch_complete                 epoch=1 is_best=True lr=0.00020800000000000077 total_epochs=50 train_loss=nan val_loss=0.031542
2026-05-19 17:20:01 [debug    ] epoch_start                    epoch=2 total_epochs=50
2026-05-19 17:30:35 [warning  ] nan_or_inf_loss                loss=nan
2026-05-19 17:31:14 [debug    ] meta_saved                     path=data/models/hidden_64_seed1/meta.json
2026-05-19 17:31:14 [debug    ] model_saved                    epoch=2
2026-05-19 17:31:14 [info     ] epoch_complete                 epoch=2 is_best=True lr=0.00040600000000000174 total_epochs=50 train_loss=nan val_loss=0.027506
2026-05-19 17:31:14 [debug    ] epoch_start                    epoch=3 total_epochs=50
2026-05-19 17:35:01 [warning  ] nan_or_inf_loss                loss=nan
2026-05-19 17:42:29 [debug    ] meta_saved                     path=data/models/hidden_64_seed1/meta.json
2026-05-19 17:42:29 [debug    ] model_saved                    epoch=3
2026-05-19 17:42:29 [info     ] epoch_complete                 epoch=3 is_best=True lr=0.0006040000000000034 total_epochs=50 train_loss=nan val_loss=0.025144
2026-05-19 17:42:29 [debug    ] epoch_start                    epoch=4 total_epochs=50
2026-05-19 17:45:42 [warning  ] nan_or_inf_loss                loss=nan
2026-05-19 17:53:41 [info     ] epoch_complete                 epoch=4 is_best=False lr=0.0008020000000000034 total_epochs=50 train_loss=nan val_loss=0.026129
2026-05-19 17:53:41 [debug    ] epoch_start                    epoch=5 total_epochs=50
2026-05-19 17:54:38 [warning  ] nan_or_inf_loss                loss=nan
2026-05-19 18:05:03 [debug    ] meta_saved                     path=data/models/hidden_64_seed1/meta.json
2026-05-19 18:05:03 [debug    ] model_saved                    epoch=5
2026-05-19 18:05:03 [info     ] epoch_complete                 epoch=5 is_best=True lr=0.001 total_epochs=50 train_loss=nan val_loss=0.0243
2026-05-19 18:05:03 [debug    ] epoch_start                    epoch=6 total_epochs=50
2026-05-19 18:05:06 [warning  ] nan_or_inf_loss                loss=nan
2026-05-19 18:16:14 [debug    ] meta_saved                     path=data/models/hidden_64_seed1/meta.json
2026-05-19 18:16:14 [debug    ] model_saved                    epoch=6
2026-05-19 18:16:14 [info     ] epoch_complete                 epoch=6 is_best=True lr=0.0009779999999999641 total_epochs=50 train_loss=nan val_loss=0.024278
2026-05-19 18:16:14 [debug    ] epoch_start                    epoch=7 total_epochs=50
2026-05-19 18:26:47 [warning  ] nan_or_inf_loss                loss=nan
2026-05-19 18:27:24 [debug    ] meta_saved                     path=data/models/hidden_64_seed1/meta.json
2026-05-19 18:27:24 [debug    ] model_saved                    epoch=7
2026-05-19 18:27:24 [info     ] epoch_complete                 epoch=7 is_best=True lr=0.000955999999999966 total_epochs=50 train_loss=nan val_loss=0.023359
2026-05-19 18:27:24 [debug    ] epoch_start                    epoch=8 total_epochs=50
2026-05-19 18:35:15 [warning  ] nan_or_inf_loss                loss=nan
2026-05-19 18:38:41 [info     ] epoch_complete                 epoch=8 is_best=False lr=0.0009339999999999676 total_epochs=50 train_loss=nan val_loss=0.025233
2026-05-19 18:38:41 [debug    ] epoch_start                    epoch=9 total_epochs=50
2026-05-19 18:39:03 [warning  ] nan_or_inf_loss                loss=nan
2026-05-19 18:49:55 [debug    ] meta_saved                     path=data/models/hidden_64_seed1/meta.json
2026-05-19 18:49:55 [debug    ] model_saved                    epoch=9
2026-05-19 18:49:55 [info     ] epoch_complete                 epoch=9 is_best=True lr=0.0009119999999999646 total_epochs=50 train_loss=nan val_loss=0.023131
2026-05-19 18:49:55 [debug    ] epoch_start                    epoch=10 total_epochs=50
2026-05-19 18:57:56 [warning  ] nan_or_inf_loss                loss=nan
2026-05-19 19:01:06 [debug    ] meta_saved                     path=data/models/hidden_64_seed1/meta.json
2026-05-19 19:01:06 [debug    ] model_saved                    epoch=10
2026-05-19 19:01:06 [info     ] epoch_complete                 epoch=10 is_best=True lr=0.0008899999999999641 total_epochs=50 train_loss=nan val_loss=0.02305
2026-05-19 19:01:06 [debug    ] epoch_start                    epoch=11 total_epochs=50
2026-05-19 19:08:40 [warning  ] nan_or_inf_loss                loss=nan
2026-05-19 19:12:19 [info     ] epoch_complete                 epoch=11 is_best=False lr=0.0008679999999999602 total_epochs=50 train_loss=nan val_loss=0.023396
2026-05-19 19:12:19 [debug    ] epoch_start                    epoch=12 total_epochs=50
2026-05-19 19:23:08 [warning  ] nan_or_inf_loss                loss=nan
2026-05-19 19:23:31 [info     ] epoch_complete                 epoch=12 is_best=False lr=0.0008459999999999557 total_epochs=50 train_loss=nan val_loss=0.024919
2026-05-19 19:23:31 [debug    ] epoch_start                    epoch=13 total_epochs=50
2026-05-19 19:33:50 [warning  ] nan_or_inf_loss                loss=nan
2026-05-19 19:34:48 [debug    ] meta_saved                     path=data/models/hidden_64_seed1/meta.json
2026-05-19 19:34:48 [debug    ] model_saved                    epoch=13
2026-05-19 19:34:48 [info     ] epoch_complete                 epoch=13 is_best=True lr=0.0008239999999999501 total_epochs=50 train_loss=nan val_loss=0.023002
2026-05-19 19:34:48 [debug    ] epoch_start                    epoch=14 total_epochs=50
2026-05-19 19:38:00 [warning  ] nan_or_inf_loss                loss=nan
2026-05-19 19:46:05 [info     ] epoch_complete                 epoch=14 is_best=False lr=0.0008019999999999432 total_epochs=50 train_loss=nan val_loss=0.193792
2026-05-19 19:46:05 [debug    ] epoch_start                    epoch=15 total_epochs=50
2026-05-19 19:55:05 [warning  ] nan_or_inf_loss                loss=nan
2026-05-19 19:57:22 [info     ] epoch_complete                 epoch=15 is_best=False lr=0.0007799999999999348 total_epochs=50 train_loss=nan val_loss=0.090482
2026-05-19 19:57:22 [debug    ] epoch_start                    epoch=16 total_epochs=50
2026-05-19 19:59:13 [warning  ] nan_or_inf_loss                loss=nan
2026-05-19 20:08:40 [info     ] epoch_complete                 epoch=16 is_best=False lr=0.0007579999999999236 total_epochs=50 train_loss=nan val_loss=0.07329
2026-05-19 20:08:40 [debug    ] epoch_start                    epoch=17 total_epochs=50
2026-05-19 20:14:43 [warning  ] nan_or_inf_loss                loss=nan
2026-05-19 20:19:58 [info     ] epoch_complete                 epoch=17 is_best=False lr=0.0007359999999999133 total_epochs=50 train_loss=nan val_loss=0.069014
2026-05-19 20:19:58 [debug    ] epoch_start                    epoch=18 total_epochs=50
2026-05-19 20:27:17 [warning  ] nan_or_inf_loss                loss=nan
2026-05-19 20:31:16 [info     ] epoch_complete                 epoch=18 is_best=False lr=0.0007139999999999008 total_epochs=50 train_loss=nan val_loss=0.066991
2026-05-19 20:31:16 [debug    ] epoch_start                    epoch=19 total_epochs=50
2026-05-19 20:36:00 [warning  ] nan_or_inf_loss                loss=nan
2026-05-19 20:42:31 [info     ] epoch_complete                 epoch=19 is_best=False lr=0.0006919999999998854 total_epochs=50 train_loss=nan val_loss=0.072374
2026-05-19 20:42:31 [debug    ] epoch_start                    epoch=20 total_epochs=50
2026-05-19 20:47:26 [warning  ] nan_or_inf_loss                loss=nan
2026-05-19 20:53:52 [info     ] epoch_complete                 epoch=20 is_best=False lr=0.0006699999999998693 total_epochs=50 train_loss=nan val_loss=0.067938
2026-05-19 20:53:52 [debug    ] epoch_start                    epoch=21 total_epochs=50
2026-05-19 21:01:24 [warning  ] nan_or_inf_loss                loss=nan
2026-05-19 21:05:07 [info     ] epoch_complete                 epoch=21 is_best=False lr=0.0006479999999998547 total_epochs=50 train_loss=nan val_loss=0.067644
2026-05-19 21:05:07 [debug    ] epoch_start                    epoch=22 total_epochs=50
2026-05-19 21:07:24 [warning  ] nan_or_inf_loss                loss=nan
2026-05-19 21:16:24 [info     ] epoch_complete                 epoch=22 is_best=False lr=0.0006259999999998386 total_epochs=50 train_loss=nan val_loss=0.06416
2026-05-19 21:16:24 [debug    ] epoch_start                    epoch=23 total_epochs=50
2026-05-19 21:18:04 [warning  ] nan_or_inf_loss                loss=nan
2026-05-19 21:27:48 [info     ] epoch_complete                 epoch=23 is_best=False lr=0.0006039999999998202 total_epochs=50 train_loss=nan val_loss=0.06495
2026-05-19 21:27:48 [debug    ] epoch_start                    epoch=24 total_epochs=50
2026-05-19 21:28:34 [warning  ] nan_or_inf_loss                loss=nan
2026-05-19 21:39:01 [info     ] epoch_complete                 epoch=24 is_best=False lr=0.0005819999999998049 total_epochs=50 train_loss=nan val_loss=0.061687
2026-05-19 21:39:01 [debug    ] epoch_start                    epoch=25 total_epochs=50
2026-05-19 21:47:46 [warning  ] nan_or_inf_loss                loss=nan
2026-05-19 21:50:13 [info     ] epoch_complete                 epoch=25 is_best=False lr=0.0005599999999997843 total_epochs=50 train_loss=nan val_loss=0.060736
2026-05-19 21:50:13 [debug    ] epoch_start                    epoch=26 total_epochs=50
2026-05-19 22:00:18 [warning  ] nan_or_inf_loss                loss=nan
2026-05-19 22:01:27 [info     ] epoch_complete                 epoch=26 is_best=False lr=0.0005379999999997661 total_epochs=50 train_loss=nan val_loss=0.061208
2026-05-19 22:01:27 [debug    ] epoch_start                    epoch=27 total_epochs=50
2026-05-19 22:09:15 [warning  ] nan_or_inf_loss                loss=nan
2026-05-19 22:12:39 [info     ] epoch_complete                 epoch=27 is_best=False lr=0.0005159999999997449 total_epochs=50 train_loss=nan val_loss=0.058271
2026-05-19 22:12:39 [debug    ] epoch_start                    epoch=28 total_epochs=50
2026-05-19 22:18:12 [warning  ] nan_or_inf_loss                loss=nan
2026-05-19 22:23:52 [info     ] epoch_complete                 epoch=28 is_best=False lr=0.0004939999999997231 total_epochs=50 train_loss=nan val_loss=0.059388
2026-05-19 22:23:52 [debug    ] epoch_start                    epoch=29 total_epochs=50
2026-05-19 22:34:42 [warning  ] nan_or_inf_loss                loss=nan
2026-05-19 22:35:07 [info     ] epoch_complete                 epoch=29 is_best=False lr=0.00047199999999972654 total_epochs=50 train_loss=nan val_loss=0.059162
2026-05-19 22:35:07 [debug    ] epoch_start                    epoch=30 total_epochs=50
2026-05-19 22:45:26 [warning  ] nan_or_inf_loss                loss=nan
2026-05-19 22:46:16 [info     ] epoch_complete                 epoch=30 is_best=False lr=0.00044999999999974005 total_epochs=50 train_loss=nan val_loss=0.058542
2026-05-19 22:46:16 [debug    ] epoch_start                    epoch=31 total_epochs=50
2026-05-19 22:54:11 [warning  ] nan_or_inf_loss                loss=nan
2026-05-19 22:57:28 [info     ] epoch_complete                 epoch=31 is_best=False lr=0.00042799999999975404 total_epochs=50 train_loss=nan val_loss=0.059796
2026-05-19 22:57:28 [debug    ] epoch_start                    epoch=32 total_epochs=50
2026-05-19 23:01:51 [warning  ] nan_or_inf_loss                loss=nan
2026-05-19 23:08:37 [info     ] epoch_complete                 epoch=32 is_best=False lr=0.0004059999999997666 total_epochs=50 train_loss=nan val_loss=0.058986
2026-05-19 23:08:37 [debug    ] epoch_start                    epoch=33 total_epochs=50
2026-05-19 23:16:12 [warning  ] nan_or_inf_loss                loss=nan
2026-05-19 23:19:47 [info     ] epoch_complete                 epoch=33 is_best=False lr=0.00038399999999978274 total_epochs=50 train_loss=nan val_loss=0.058228
2026-05-19 23:19:47 [debug    ] epoch_start                    epoch=34 total_epochs=50
2026-05-19 23:20:44 [warning  ] nan_or_inf_loss                loss=nan
2026-05-19 23:31:00 [info     ] epoch_complete                 epoch=34 is_best=False lr=0.0003619999999997976 total_epochs=50 train_loss=nan val_loss=0.063272
2026-05-19 23:31:00 [debug    ] epoch_start                    epoch=35 total_epochs=50
2026-05-19 23:41:52 [warning  ] nan_or_inf_loss                loss=nan
2026-05-19 23:42:15 [info     ] epoch_complete                 epoch=35 is_best=False lr=0.00033999999999981284 total_epochs=50 train_loss=nan val_loss=0.065307
2026-05-19 23:42:15 [debug    ] epoch_start                    epoch=36 total_epochs=50
2026-05-19 23:48:33 [warning  ] nan_or_inf_loss                loss=nan
2026-05-19 23:53:29 [info     ] epoch_complete                 epoch=36 is_best=False lr=0.00031799999999982846 total_epochs=50 train_loss=nan val_loss=0.063681
2026-05-19 23:53:29 [debug    ] epoch_start                    epoch=37 total_epochs=50
2026-05-20 00:04:28 [warning  ] nan_or_inf_loss                loss=nan
2026-05-20 00:04:45 [info     ] epoch_complete                 epoch=37 is_best=False lr=0.00029599999999984576 total_epochs=50 train_loss=nan val_loss=0.068121
2026-05-20 00:04:45 [debug    ] epoch_start                    epoch=38 total_epochs=50
2026-05-20 00:11:07 [warning  ] nan_or_inf_loss                loss=nan
2026-05-20 00:15:59 [info     ] epoch_complete                 epoch=38 is_best=False lr=0.00027399999999986176 total_epochs=50 train_loss=nan val_loss=0.06242
2026-05-20 00:15:59 [debug    ] epoch_start                    epoch=39 total_epochs=50
2026-05-20 00:17:03 [warning  ] nan_or_inf_loss                loss=nan
2026-05-20 00:27:13 [info     ] epoch_complete                 epoch=39 is_best=False lr=0.0002519999999998791 total_epochs=50 train_loss=nan val_loss=0.061312
2026-05-20 00:27:13 [debug    ] epoch_start                    epoch=40 total_epochs=50
2026-05-20 00:35:46 [warning  ] nan_or_inf_loss                loss=nan
2026-05-20 00:43:18 [info     ] epoch_complete                 epoch=40 is_best=False lr=0.00022999999999989115 total_epochs=50 train_loss=nan val_loss=0.062034
2026-05-20 00:43:18 [debug    ] epoch_start                    epoch=41 total_epochs=50
2026-05-20 00:59:33 [warning  ] nan_or_inf_loss                loss=nan
2026-05-20 01:00:57 [info     ] epoch_complete                 epoch=41 is_best=False lr=0.00020799999999989986 total_epochs=50 train_loss=nan val_loss=0.062972
2026-05-20 01:00:57 [debug    ] epoch_start                    epoch=42 total_epochs=50
2026-05-20 01:03:17 [warning  ] nan_or_inf_loss                loss=nan
2026-05-20 01:12:06 [info     ] epoch_complete                 epoch=42 is_best=False lr=0.00018599999999990713 total_epochs=50 train_loss=nan val_loss=0.063301
2026-05-20 01:12:06 [debug    ] epoch_start                    epoch=43 total_epochs=50
2026-05-20 01:19:23 [warning  ] nan_or_inf_loss                loss=nan
2026-05-20 01:23:11 [info     ] epoch_complete                 epoch=43 is_best=False lr=0.00016399999999991286 total_epochs=50 train_loss=nan val_loss=0.061727
2026-05-20 01:23:11 [debug    ] epoch_start                    epoch=44 total_epochs=50
2026-05-20 01:25:06 [warning  ] nan_or_inf_loss                loss=nan
2026-05-20 01:34:17 [info     ] epoch_complete                 epoch=44 is_best=False lr=0.00014199999999991775 total_epochs=50 train_loss=nan val_loss=0.061769
2026-05-20 01:34:17 [debug    ] epoch_start                    epoch=45 total_epochs=50
2026-05-20 01:39:48 [warning  ] nan_or_inf_loss                loss=nan
2026-05-20 01:45:22 [info     ] epoch_complete                 epoch=45 is_best=False lr=0.00011999999999992358 total_epochs=50 train_loss=nan val_loss=0.060118
2026-05-20 01:45:22 [debug    ] epoch_start                    epoch=46 total_epochs=50
2026-05-20 01:47:00 [warning  ] nan_or_inf_loss                loss=nan
2026-05-20 01:56:29 [info     ] epoch_complete                 epoch=46 is_best=False lr=9.799999999993738e-05 total_epochs=50 train_loss=nan val_loss=0.061079
2026-05-20 01:56:29 [debug    ] epoch_start                    epoch=47 total_epochs=50
2026-05-20 01:57:16 [warning  ] nan_or_inf_loss                loss=nan
2026-05-20 02:07:43 [info     ] epoch_complete                 epoch=47 is_best=False lr=7.599999999995096e-05 total_epochs=50 train_loss=nan val_loss=0.062076
2026-05-20 02:07:43 [debug    ] epoch_start                    epoch=48 total_epochs=50
2026-05-20 02:10:12 [warning  ] nan_or_inf_loss                loss=nan
2026-05-20 02:18:51 [info     ] epoch_complete                 epoch=48 is_best=False lr=5.399999999996508e-05 total_epochs=50 train_loss=nan val_loss=0.061733
2026-05-20 02:18:51 [debug    ] epoch_start                    epoch=49 total_epochs=50
2026-05-20 02:27:40 [warning  ] nan_or_inf_loss                loss=nan
2026-05-20 02:29:57 [info     ] epoch_complete                 epoch=49 is_best=False lr=3.1999999999980124e-05 total_epochs=50 train_loss=nan val_loss=0.061022
2026-05-20 02:29:57 [debug    ] epoch_start                    epoch=50 total_epochs=50
2026-05-20 02:34:41 [warning  ] nan_or_inf_loss                loss=nan
2026-05-20 02:41:01 [info     ] epoch_complete                 epoch=50 is_best=False lr=9.999999999993956e-06 total_epochs=50 train_loss=nan val_loss=0.061294
2026-05-20 02:41:01 [info     ] training_log_saved             path=data/models/hidden_64_seed1/training_losses.csv
2026-05-20 02:41:01 [info     ] training_complete              best_val_loss=0.023002
2026-05-20 02:41:01 [info     ] train_typecode_done            typecode=A320
2026-05-20 02:41:02 [info     ] train_done                     typecodes=['A320']

$ uv run fdm train --arch adsb --config results_run3/hidden_64_seed1/config.yaml --model-name hidden_64_seed1 --epochs 50 --batch-size 32 --lr 0.001 --method rk4 --seq-len 30 --train-limit 5000 --activation relu --seed 1 --backbone-depth 2 --head-depth 2 --hidden-width 64 --device cuda --no-use-mode-weights
