2026-05-15 11:56:13 [info     ] train_start                    arch=adsb device=cuda typecodes=['A320']
2026-05-15 11:56:13 [info     ] train_typecode                 typecode=A320
2026-05-15 11:56:14 [info     ] loading_data                   train_flights=1594 val_flights=247
2026-05-15 11:56:14 [warning  ] e1_column_missing              column=fdm_g_sin_gamma_ms2
2026-05-15 11:56:14 [warning  ] e1_column_missing              column=fdm_cos_gamma
2026-05-15 11:56:14 [warning  ] e1_column_missing              column=fdm_q_pa
2026-05-15 11:56:14 [warning  ] e1_column_missing              column=fdm_g_over_v
2026-05-15 11:56:14 [warning  ] e1_column_missing              column=fdm_lat_wind_ms
2026-05-15 11:56:14 [warning  ] e1_column_missing              column=fdm_drift_rad
2026-05-15 11:56:14 [warning  ] e1_column_missing              column=fdm_track_rad
2026-05-15 11:56:14 [warning  ] e1_column_missing              column=fdm_heading_diff_rad
2026-05-15 11:56:28 [warning  ] e1_column_missing              column=fdm_g_sin_gamma_ms2
2026-05-15 11:56:28 [warning  ] e1_column_missing              column=fdm_cos_gamma
2026-05-15 11:56:28 [warning  ] e1_column_missing              column=fdm_q_pa
2026-05-15 11:56:28 [warning  ] e1_column_missing              column=fdm_g_over_v
2026-05-15 11:56:28 [warning  ] e1_column_missing              column=fdm_lat_wind_ms
2026-05-15 11:56:28 [warning  ] e1_column_missing              column=fdm_drift_rad
2026-05-15 11:56:28 [warning  ] e1_column_missing              column=fdm_track_rad
2026-05-15 11:56:28 [warning  ] e1_column_missing              column=fdm_heading_diff_rad
2026-05-15 11:56:29 [info     ] data_loaded                    train_samples=23212 val_samples=3628
2026-05-15 11:56:46 [debug    ] meta_saved                     path=data/models/baseline_seed0/meta.json
2026-05-15 11:56:46 [info     ] trainer_initialized            architecture=node_adsb_v1 device=cuda train_samples=23212 val_samples=3628
2026-05-15 11:56:46 [info     ] preloading_data_to_gpu
2026-05-15 11:56:46 [debug    ] epoch_start                    epoch=1 total_epochs=50
/data/common/dataiku/config/projects/NODEFDM/lib/python/.venv/lib/python3.12/site-packages/torch/_inductor/compile_fx.py:321: UserWarning: TensorFloat32 tensor cores for float32 matrix multiplication available but not enabled. Consider setting `torch.set_float32_matmul_precision('high')` for better performance.
  warnings.warn(
2026-05-15 11:57:13 [info     ] debug_magnitudes               norm_mean=['8568.283203', '-0.001322', '213.622833', '3.253931'] norm_std=['2269.236084', '0.038830', '32.838379', '1.246786'] ode_loss=0.902837
W0515 12:04:12.470000 361921 torch/_dynamo/convert_frame.py:1676] [0/8] torch._dynamo hit config.recompile_limit (8)
W0515 12:04:12.470000 361921 torch/_dynamo/convert_frame.py:1676] [0/8]    function: 'forward' (/data/common/dataiku/config/projects/NODEFDM/lib/python/packages/node-fdm/src/node_fdm/models/fdm.py:181)
W0515 12:04:12.470000 361921 torch/_dynamo/convert_frame.py:1676] [0/8]    last reason: 0/7: tensor 'self.history['raw_alt_m']' size mismatch at index 1. expected 1, actual 2
W0515 12:04:12.470000 361921 torch/_dynamo/convert_frame.py:1676] [0/8] To log all recompilation reasons, use TORCH_LOGS="recompiles".
W0515 12:04:12.470000 361921 torch/_dynamo/convert_frame.py:1676] [0/8] To diagnose recompilation issues, see https://pytorch.org/docs/main/compile/programming_model.recompilation.html
2026-05-15 12:04:13 [debug    ] meta_saved                     path=data/models/baseline_seed0/meta.json
2026-05-15 12:04:13 [debug    ] model_saved                    epoch=1
2026-05-15 12:04:13 [info     ] epoch_complete                 epoch=1 is_best=True lr=0.0002080000000000004 total_epochs=50 train_loss=0.213878 val_loss=0.067821
2026-05-15 12:04:13 [debug    ] epoch_start                    epoch=2 total_epochs=50
2026-05-15 12:10:07 [debug    ] meta_saved                     path=data/models/baseline_seed0/meta.json
2026-05-15 12:10:07 [debug    ] model_saved                    epoch=2
2026-05-15 12:10:07 [info     ] epoch_complete                 epoch=2 is_best=True lr=0.0004060000000000004 total_epochs=50 train_loss=0.056662 val_loss=0.03951
2026-05-15 12:10:07 [debug    ] epoch_start                    epoch=3 total_epochs=50
2026-05-15 12:16:01 [debug    ] meta_saved                     path=data/models/baseline_seed0/meta.json
2026-05-15 12:16:01 [debug    ] model_saved                    epoch=3
2026-05-15 12:16:01 [info     ] epoch_complete                 epoch=3 is_best=True lr=0.0006040000000000011 total_epochs=50 train_loss=0.040391 val_loss=0.034011
2026-05-15 12:16:01 [debug    ] epoch_start                    epoch=4 total_epochs=50
2026-05-15 12:21:52 [debug    ] meta_saved                     path=data/models/baseline_seed0/meta.json
2026-05-15 12:21:52 [debug    ] model_saved                    epoch=4
2026-05-15 12:21:52 [info     ] epoch_complete                 epoch=4 is_best=True lr=0.000801999999999999 total_epochs=50 train_loss=0.037121 val_loss=0.03247
2026-05-15 12:21:52 [debug    ] epoch_start                    epoch=5 total_epochs=50
2026-05-15 12:27:48 [debug    ] meta_saved                     path=data/models/baseline_seed0/meta.json
2026-05-15 12:27:48 [debug    ] model_saved                    epoch=5
2026-05-15 12:27:48 [info     ] epoch_complete                 epoch=5 is_best=True lr=0.001 total_epochs=50 train_loss=0.036662 val_loss=0.032281
2026-05-15 12:27:48 [debug    ] epoch_start                    epoch=6 total_epochs=50
2026-05-15 12:33:38 [info     ] epoch_complete                 epoch=6 is_best=False lr=0.0009779999999999947 total_epochs=50 train_loss=0.185303 val_loss=0.065241
2026-05-15 12:33:38 [debug    ] epoch_start                    epoch=7 total_epochs=50
2026-05-15 12:39:26 [info     ] epoch_complete                 epoch=7 is_best=False lr=0.0009559999999999942 total_epochs=50 train_loss=0.052738 val_loss=0.042023
2026-05-15 12:39:26 [debug    ] epoch_start                    epoch=8 total_epochs=50
2026-05-15 12:45:13 [info     ] epoch_complete                 epoch=8 is_best=False lr=0.0009339999999999934 total_epochs=50 train_loss=0.043938 val_loss=0.038932
2026-05-15 12:45:13 [debug    ] epoch_start                    epoch=9 total_epochs=50
2026-05-15 12:50:59 [info     ] epoch_complete                 epoch=9 is_best=False lr=0.0009119999999999924 total_epochs=50 train_loss=0.041427 val_loss=0.036687
2026-05-15 12:50:59 [debug    ] epoch_start                    epoch=10 total_epochs=50
2026-05-15 12:56:43 [info     ] epoch_complete                 epoch=10 is_best=False lr=0.0008899999999999917 total_epochs=50 train_loss=0.042314 val_loss=0.036035
2026-05-15 12:56:43 [debug    ] epoch_start                    epoch=11 total_epochs=50
2026-05-15 13:02:28 [info     ] epoch_complete                 epoch=11 is_best=False lr=0.0008679999999999905 total_epochs=50 train_loss=0.038313 val_loss=0.033689
2026-05-15 13:02:28 [debug    ] epoch_start                    epoch=12 total_epochs=50
2026-05-15 13:08:13 [info     ] epoch_complete                 epoch=12 is_best=False lr=0.000845999999999989 total_epochs=50 train_loss=0.036952 val_loss=0.032653
2026-05-15 13:08:13 [debug    ] epoch_start                    epoch=13 total_epochs=50
2026-05-15 13:13:59 [info     ] epoch_complete                 epoch=13 is_best=False lr=0.0008239999999999856 total_epochs=50 train_loss=0.03612 val_loss=0.032874
2026-05-15 13:13:59 [debug    ] epoch_start                    epoch=14 total_epochs=50
2026-05-15 13:19:42 [debug    ] meta_saved                     path=data/models/baseline_seed0/meta.json
2026-05-15 13:19:42 [debug    ] model_saved                    epoch=14
2026-05-15 13:19:42 [info     ] epoch_complete                 epoch=14 is_best=True lr=0.0008019999999999825 total_epochs=50 train_loss=0.035355 val_loss=0.032012
2026-05-15 13:19:42 [debug    ] epoch_start                    epoch=15 total_epochs=50
2026-05-15 13:25:29 [debug    ] meta_saved                     path=data/models/baseline_seed0/meta.json
2026-05-15 13:25:29 [debug    ] model_saved                    epoch=15
2026-05-15 13:25:29 [info     ] epoch_complete                 epoch=15 is_best=True lr=0.0007799999999999793 total_epochs=50 train_loss=0.034832 val_loss=0.030871
2026-05-15 13:25:29 [debug    ] epoch_start                    epoch=16 total_epochs=50
2026-05-15 13:31:15 [info     ] epoch_complete                 epoch=16 is_best=False lr=0.0007579999999999761 total_epochs=50 train_loss=0.034983 val_loss=0.031093
2026-05-15 13:31:15 [debug    ] epoch_start                    epoch=17 total_epochs=50
2026-05-15 13:36:59 [debug    ] meta_saved                     path=data/models/baseline_seed0/meta.json
2026-05-15 13:36:59 [debug    ] model_saved                    epoch=17
2026-05-15 13:36:59 [info     ] epoch_complete                 epoch=17 is_best=True lr=0.0007359999999999731 total_epochs=50 train_loss=0.03391 val_loss=0.030644
2026-05-15 13:36:59 [debug    ] epoch_start                    epoch=18 total_epochs=50
2026-05-15 13:42:45 [debug    ] meta_saved                     path=data/models/baseline_seed0/meta.json
2026-05-15 13:42:45 [debug    ] model_saved                    epoch=18
2026-05-15 13:42:45 [info     ] epoch_complete                 epoch=18 is_best=True lr=0.0007139999999999699 total_epochs=50 train_loss=0.033892 val_loss=0.030395
2026-05-15 13:42:45 [debug    ] epoch_start                    epoch=19 total_epochs=50
2026-05-15 13:48:30 [info     ] epoch_complete                 epoch=19 is_best=False lr=0.0006919999999999653 total_epochs=50 train_loss=0.032989 val_loss=0.030511
2026-05-15 13:48:30 [debug    ] epoch_start                    epoch=20 total_epochs=50
2026-05-15 13:54:15 [debug    ] meta_saved                     path=data/models/baseline_seed0/meta.json
2026-05-15 13:54:15 [debug    ] model_saved                    epoch=20
2026-05-15 13:54:15 [info     ] epoch_complete                 epoch=20 is_best=True lr=0.0006699999999999609 total_epochs=50 train_loss=0.032753 val_loss=0.029445
2026-05-15 13:54:15 [debug    ] epoch_start                    epoch=21 total_epochs=50
2026-05-15 14:00:00 [info     ] epoch_complete                 epoch=21 is_best=False lr=0.0006479999999999558 total_epochs=50 train_loss=0.03253 val_loss=0.029543
2026-05-15 14:00:00 [debug    ] epoch_start                    epoch=22 total_epochs=50
2026-05-15 14:05:44 [info     ] epoch_complete                 epoch=22 is_best=False lr=0.0006259999999999505 total_epochs=50 train_loss=0.033377 val_loss=0.030311
2026-05-15 14:05:44 [debug    ] epoch_start                    epoch=23 total_epochs=50
2026-05-15 14:11:27 [info     ] epoch_complete                 epoch=23 is_best=False lr=0.0006039999999999452 total_epochs=50 train_loss=0.032828 val_loss=0.029494
2026-05-15 14:11:27 [debug    ] epoch_start                    epoch=24 total_epochs=50
2026-05-15 14:17:13 [info     ] epoch_complete                 epoch=24 is_best=False lr=0.0005819999999999399 total_epochs=50 train_loss=0.032351 val_loss=0.030211
2026-05-15 14:17:13 [debug    ] epoch_start                    epoch=25 total_epochs=50
2026-05-15 14:22:57 [debug    ] meta_saved                     path=data/models/baseline_seed0/meta.json
2026-05-15 14:22:57 [debug    ] model_saved                    epoch=25
2026-05-15 14:22:57 [info     ] epoch_complete                 epoch=25 is_best=True lr=0.0005599999999999346 total_epochs=50 train_loss=0.032097 val_loss=0.029307
2026-05-15 14:22:57 [debug    ] epoch_start                    epoch=26 total_epochs=50
2026-05-15 14:28:41 [info     ] epoch_complete                 epoch=26 is_best=False lr=0.0005379999999999293 total_epochs=50 train_loss=0.032295 val_loss=0.029444
2026-05-15 14:28:41 [debug    ] epoch_start                    epoch=27 total_epochs=50
2026-05-15 14:34:26 [info     ] epoch_complete                 epoch=27 is_best=False lr=0.000515999999999924 total_epochs=50 train_loss=0.075761 val_loss=0.13982
2026-05-15 14:34:26 [debug    ] epoch_start                    epoch=28 total_epochs=50
2026-05-15 14:40:11 [info     ] epoch_complete                 epoch=28 is_best=False lr=0.0004939999999999187 total_epochs=50 train_loss=0.524975 val_loss=0.251117
2026-05-15 14:40:11 [debug    ] epoch_start                    epoch=29 total_epochs=50
2026-05-15 14:46:04 [info     ] epoch_complete                 epoch=29 is_best=False lr=0.00047199999999991997 total_epochs=50 train_loss=0.315217 val_loss=0.387118
2026-05-15 14:46:04 [debug    ] epoch_start                    epoch=30 total_epochs=50
2026-05-15 14:51:56 [info     ] epoch_complete                 epoch=30 is_best=False lr=0.00044999999999992393 total_epochs=50 train_loss=0.225511 val_loss=0.18801
2026-05-15 14:51:56 [debug    ] epoch_start                    epoch=31 total_epochs=50
2026-05-15 14:57:42 [info     ] epoch_complete                 epoch=31 is_best=False lr=0.0004279999999999269 total_epochs=50 train_loss=0.214266 val_loss=0.277527
2026-05-15 14:57:42 [debug    ] epoch_start                    epoch=32 total_epochs=50
2026-05-15 15:03:27 [info     ] epoch_complete                 epoch=32 is_best=False lr=0.0004059999999999309 total_epochs=50 train_loss=0.24238 val_loss=0.109993
2026-05-15 15:03:27 [debug    ] epoch_start                    epoch=33 total_epochs=50
2026-05-15 15:09:11 [info     ] epoch_complete                 epoch=33 is_best=False lr=0.0003839999999999346 total_epochs=50 train_loss=0.123826 val_loss=0.137249
2026-05-15 15:09:11 [debug    ] epoch_start                    epoch=34 total_epochs=50
2026-05-15 15:14:56 [info     ] epoch_complete                 epoch=34 is_best=False lr=0.0003619999999999374 total_epochs=50 train_loss=0.128497 val_loss=0.106802
2026-05-15 15:14:56 [debug    ] epoch_start                    epoch=35 total_epochs=50
2026-05-15 15:20:42 [info     ] epoch_complete                 epoch=35 is_best=False lr=0.0003399999999999421 total_epochs=50 train_loss=0.109946 val_loss=0.095935
2026-05-15 15:20:42 [debug    ] epoch_start                    epoch=36 total_epochs=50
2026-05-15 15:26:29 [info     ] epoch_complete                 epoch=36 is_best=False lr=0.00031799999999994485 total_epochs=50 train_loss=0.076405 val_loss=0.057371
2026-05-15 15:26:29 [debug    ] epoch_start                    epoch=37 total_epochs=50
2026-05-15 15:32:13 [info     ] epoch_complete                 epoch=37 is_best=False lr=0.00029599999999994756 total_epochs=50 train_loss=0.062569 val_loss=0.060216
2026-05-15 15:32:13 [debug    ] epoch_start                    epoch=38 total_epochs=50
2026-05-15 15:37:56 [info     ] epoch_complete                 epoch=38 is_best=False lr=0.0002739999999999507 total_epochs=50 train_loss=0.064824 val_loss=0.059059
2026-05-15 15:37:56 [debug    ] epoch_start                    epoch=39 total_epochs=50
2026-05-15 15:43:44 [info     ] epoch_complete                 epoch=39 is_best=False lr=0.0002519999999999539 total_epochs=50 train_loss=0.05832 val_loss=0.050838
2026-05-15 15:43:44 [debug    ] epoch_start                    epoch=40 total_epochs=50
2026-05-15 15:49:27 [info     ] epoch_complete                 epoch=40 is_best=False lr=0.00022999999999995737 total_epochs=50 train_loss=0.051334 val_loss=0.044491
2026-05-15 15:49:27 [debug    ] epoch_start                    epoch=41 total_epochs=50
2026-05-15 15:56:24 [info     ] epoch_complete                 epoch=41 is_best=False lr=0.00020799999999996188 total_epochs=50 train_loss=0.049431 val_loss=0.044178
2026-05-15 15:56:24 [debug    ] epoch_start                    epoch=42 total_epochs=50
2026-05-15 16:02:53 [info     ] epoch_complete                 epoch=42 is_best=False lr=0.0001859999999999664 total_epochs=50 train_loss=0.04689 val_loss=0.040726
2026-05-15 16:02:53 [debug    ] epoch_start                    epoch=43 total_epochs=50
2026-05-15 16:09:13 [info     ] epoch_complete                 epoch=43 is_best=False lr=0.00016399999999997095 total_epochs=50 train_loss=0.046135 val_loss=0.042685
2026-05-15 16:09:13 [debug    ] epoch_start                    epoch=44 total_epochs=50
2026-05-15 16:14:58 [info     ] epoch_complete                 epoch=44 is_best=False lr=0.00014199999999997548 total_epochs=50 train_loss=0.044478 val_loss=0.037206
2026-05-15 16:14:58 [debug    ] epoch_start                    epoch=45 total_epochs=50
2026-05-15 16:20:50 [info     ] epoch_complete                 epoch=45 is_best=False lr=0.00011999999999997995 total_epochs=50 train_loss=0.041638 val_loss=0.036632
2026-05-15 16:20:50 [debug    ] epoch_start                    epoch=46 total_epochs=50
2026-05-15 16:26:30 [info     ] epoch_complete                 epoch=46 is_best=False lr=9.799999999998395e-05 total_epochs=50 train_loss=0.040153 val_loss=0.035685
2026-05-15 16:26:30 [debug    ] epoch_start                    epoch=47 total_epochs=50
2026-05-15 16:32:15 [info     ] epoch_complete                 epoch=47 is_best=False lr=7.599999999998802e-05 total_epochs=50 train_loss=0.039665 val_loss=0.035551
2026-05-15 16:32:15 [debug    ] epoch_start                    epoch=48 total_epochs=50
2026-05-15 16:37:59 [info     ] epoch_complete                 epoch=48 is_best=False lr=5.399999999999204e-05 total_epochs=50 train_loss=0.038935 val_loss=0.035003
2026-05-15 16:37:59 [debug    ] epoch_start                    epoch=49 total_epochs=50
2026-05-15 16:43:43 [info     ] epoch_complete                 epoch=49 is_best=False lr=3.199999999999529e-05 total_epochs=50 train_loss=0.038592 val_loss=0.03488
2026-05-15 16:43:43 [debug    ] epoch_start                    epoch=50 total_epochs=50
2026-05-15 16:50:47 [info     ] epoch_complete                 epoch=50 is_best=False lr=9.999999999998564e-06 total_epochs=50 train_loss=0.038342 val_loss=0.034917
2026-05-15 16:50:47 [info     ] training_log_saved             path=data/models/baseline_seed0/training_losses.csv
2026-05-15 16:50:47 [info     ] training_complete              best_val_loss=0.029307
2026-05-15 16:50:47 [info     ] train_typecode_done            typecode=A320
2026-05-15 16:50:47 [info     ] train_done                     typecodes=['A320']

$ uv run fdm train --arch adsb --config results_run2/baseline_seed0/config.yaml --model-name baseline_seed0 --epochs 50 --batch-size 64 --lr 0.001 --method rk4 --seq-len 60 --train-limit 5000 --activation relu --seed 0 --backbone-depth 3 --head-depth 2 --hidden-width 48 --device cuda --no-use-mode-weights
