2026-05-22 02:23:56 [info     ] evaluate_start                 arch=adsb typecodes=['A320']
2026-05-22 02:23:56 [info     ] evaluate_typecode              flights=542 typecode=A320
2026-05-22 02:24:08 [info     ] evaluate_done                  output=data/model_performance/seq_60_seed2/performance.parquet rows=16
shape: (16, 11)
┌──────────┬─────────────────────────┬──────────────┬───────┬─────────┬──────────┬──────────┬──────────┬─────────┬──────────┬────────┐
│ Aircraft ┆ Variable                ┆ Phase        ┆ Model ┆ MAE     ┆ MAE_std  ┆ MAPE (%) ┆ MAPE_std ┆ ME      ┆ ME_std   ┆ Count  │
│ ---      ┆ ---                     ┆ ---          ┆ ---   ┆ ---     ┆ ---      ┆ ---      ┆ ---      ┆ ---     ┆ ---      ┆ ---    │
│ str      ┆ str                     ┆ str          ┆ str   ┆ f64     ┆ f64      ┆ f64      ┆ f64      ┆ f64     ┆ f64      ┆ i64    │
╞══════════╪═════════════════════════╪══════════════╪═══════╪═════════╪══════════╪══════════╪══════════╪═════════╪══════════╪════════╡
│ A320     ┆ Altitude [m]            ┆ All phases   ┆ PRED  ┆ 247.451 ┆ 616.538  ┆ 5.427    ┆ 19.320   ┆ 118.919 ┆ 653.612  ┆ 478843 │
│ A320     ┆ Altitude [m]            ┆ Climb        ┆ PRED  ┆ 807.212 ┆ 1112.294 ┆ 17.985   ┆ 38.222   ┆ 605.671 ┆ 1233.674 ┆ 90018  │
│ A320     ┆ Altitude [m]            ┆ Level flight ┆ PRED  ┆ 54.461  ┆ 175.237  ┆ 0.770    ┆ 5.418    ┆ -3.629  ┆ 183.469  ┆ 296839 │
│ A320     ┆ Altitude [m]            ┆ Descent      ┆ PRED  ┆ 322.444 ┆ 486.295  ┆ 8.167    ┆ 13.668   ┆ 38.048  ┆ 582.241  ┆ 91986  │
│ A320     ┆ Flight path angle [deg] ┆ All phases   ┆ PRED  ┆ 0.285   ┆ 0.611    ┆ NaN      ┆ NaN      ┆ -0.058  ┆ 0.671    ┆ 478843 │
│ A320     ┆ Flight path angle [deg] ┆ Climb        ┆ PRED  ┆ 0.720   ┆ 0.969    ┆ NaN      ┆ NaN      ┆ -0.403  ┆ 1.137    ┆ 90018  │
│ A320     ┆ Flight path angle [deg] ┆ Level flight ┆ PRED  ┆ 0.082   ┆ 0.245    ┆ NaN      ┆ NaN      ┆ -0.008  ┆ 0.258    ┆ 296839 │
│ A320     ┆ Flight path angle [deg] ┆ Descent      ┆ PRED  ┆ 0.516   ┆ 0.675    ┆ NaN      ┆ NaN      ┆ 0.117   ┆ 0.842    ┆ 91986  │
│ A320     ┆ Heading [deg]           ┆ All phases   ┆ PRED  ┆ 1.728   ┆ 6.803    ┆ NaN      ┆ NaN      ┆ 0.146   ┆ 7.017    ┆ 478843 │
│ A320     ┆ Heading [deg]           ┆ Climb        ┆ PRED  ┆ 2.123   ┆ 6.859    ┆ NaN      ┆ NaN      ┆ 0.065   ┆ 7.179    ┆ 90018  │
│ A320     ┆ Heading [deg]           ┆ Level flight ┆ PRED  ┆ 1.431   ┆ 6.399    ┆ NaN      ┆ NaN      ┆ 0.185   ┆ 6.554    ┆ 296839 │
│ A320     ┆ Heading [deg]           ┆ Descent      ┆ PRED  ┆ 2.299   ┆ 7.873    ┆ NaN      ┆ NaN      ┆ 0.101   ┆ 8.201    ┆ 91986  │
│ A320     ┆ True airspeed [m/s]     ┆ All phases   ┆ PRED  ┆ 2.931   ┆ 7.262    ┆ 1.692    ┆ 5.883    ┆ 0.641   ┆ 7.805    ┆ 478843 │
│ A320     ┆ True airspeed [m/s]     ┆ Climb        ┆ PRED  ┆ 5.470   ┆ 12.702   ┆ 3.440    ┆ 9.984    ┆ 3.243   ┆ 13.444   ┆ 90018  │
│ A320     ┆ True airspeed [m/s]     ┆ Level flight ┆ PRED  ┆ 1.857   ┆ 4.295    ┆ 0.952    ┆ 4.274    ┆ 0.147   ┆ 4.677    ┆ 296839 │
│ A320     ┆ True airspeed [m/s]     ┆ Descent      ┆ PRED  ┆ 3.909   ┆ 6.794    ┆ 2.373    ┆ 4.295    ┆ -0.307  ┆ 7.833    ┆ 91986  │
└──────────┴─────────────────────────┴──────────────┴───────┴─────────┴──────────┴──────────┴──────────┴─────────┴──────────┴────────┘

$ uv run fdm evaluate --arch adsb --config results_run4/seq_60_seed2/config.yaml --model-name seq_60_seed2
