2026-05-22 09:00:51 [info     ] evaluate_start                 arch=adsb typecodes=['A320']
2026-05-22 09:00:51 [info     ] evaluate_typecode              flights=542 typecode=A320
2026-05-22 09:01:02 [info     ] evaluate_done                  output=data/model_performance/lr_1.5e-3_seed1/performance.parquet rows=16
shape: (16, 11)
┌──────────┬─────────────────────────┬──────────────┬───────┬─────────┬──────────┬──────────┬──────────┬─────────┬──────────┬────────┐
│ Aircraft ┆ Variable                ┆ Phase        ┆ Model ┆ MAE     ┆ MAE_std  ┆ MAPE (%) ┆ MAPE_std ┆ ME      ┆ ME_std   ┆ Count  │
│ ---      ┆ ---                     ┆ ---          ┆ ---   ┆ ---     ┆ ---      ┆ ---      ┆ ---      ┆ ---     ┆ ---      ┆ ---    │
│ str      ┆ str                     ┆ str          ┆ str   ┆ f64     ┆ f64      ┆ f64      ┆ f64      ┆ f64     ┆ f64      ┆ i64    │
╞══════════╪═════════════════════════╪══════════════╪═══════╪═════════╪══════════╪══════════╪══════════╪═════════╪══════════╪════════╡
│ A320     ┆ Altitude [m]            ┆ All phases   ┆ PRED  ┆ 242.260 ┆ 613.010  ┆ 5.521    ┆ 19.510   ┆ 133.685 ┆ 645.445  ┆ 478843 │
│ A320     ┆ Altitude [m]            ┆ Climb        ┆ PRED  ┆ 797.790 ┆ 1068.396 ┆ 18.066   ┆ 37.818   ┆ 640.854 ┆ 1169.293 ┆ 90018  │
│ A320     ┆ Altitude [m]            ┆ Level flight ┆ PRED  ┆ 38.729  ┆ 179.007  ┆ 0.604    ┆ 5.417    ┆ -6.529  ┆ 183.032  ┆ 296839 │
│ A320     ┆ Altitude [m]            ┆ Descent      ┆ PRED  ┆ 355.410 ┆ 535.932  ┆ 9.110    ┆ 15.567   ┆ 89.840  ┆ 636.764  ┆ 91986  │
│ A320     ┆ Flight path angle [deg] ┆ All phases   ┆ PRED  ┆ 0.283   ┆ 0.621    ┆ NaN      ┆ NaN      ┆ -0.057  ┆ 0.681    ┆ 478843 │
│ A320     ┆ Flight path angle [deg] ┆ Climb        ┆ PRED  ┆ 0.725   ┆ 0.970    ┆ NaN      ┆ NaN      ┆ -0.425  ┆ 1.133    ┆ 90018  │
│ A320     ┆ Flight path angle [deg] ┆ Level flight ┆ PRED  ┆ 0.074   ┆ 0.250    ┆ NaN      ┆ NaN      ┆ -0.007  ┆ 0.260    ┆ 296839 │
│ A320     ┆ Flight path angle [deg] ┆ Descent      ┆ PRED  ┆ 0.528   ┆ 0.705    ┆ NaN      ┆ NaN      ┆ 0.140   ┆ 0.870    ┆ 91986  │
│ A320     ┆ Heading [deg]           ┆ All phases   ┆ PRED  ┆ 1.259   ┆ 6.834    ┆ NaN      ┆ NaN      ┆ 0.052   ┆ 6.949    ┆ 478843 │
│ A320     ┆ Heading [deg]           ┆ Climb        ┆ PRED  ┆ 1.746   ┆ 7.320    ┆ NaN      ┆ NaN      ┆ -0.007  ┆ 7.526    ┆ 90018  │
│ A320     ┆ Heading [deg]           ┆ Level flight ┆ PRED  ┆ 0.906   ┆ 6.232    ┆ NaN      ┆ NaN      ┆ 0.061   ┆ 6.297    ┆ 296839 │
│ A320     ┆ Heading [deg]           ┆ Descent      ┆ PRED  ┆ 1.920   ┆ 8.019    ┆ NaN      ┆ NaN      ┆ 0.082   ┆ 8.245    ┆ 91986  │
│ A320     ┆ True airspeed [m/s]     ┆ All phases   ┆ PRED  ┆ 3.204   ┆ 7.447    ┆ 1.809    ┆ 5.908    ┆ 0.905   ┆ 8.056    ┆ 478843 │
│ A320     ┆ True airspeed [m/s]     ┆ Climb        ┆ PRED  ┆ 5.731   ┆ 13.005   ┆ 3.577    ┆ 10.232   ┆ 3.124   ┆ 13.864   ┆ 90018  │
│ A320     ┆ True airspeed [m/s]     ┆ Level flight ┆ PRED  ┆ 2.197   ┆ 4.425    ┆ 1.090    ┆ 4.159    ┆ 0.629   ┆ 4.901    ┆ 296839 │
│ A320     ┆ True airspeed [m/s]     ┆ Descent      ┆ PRED  ┆ 3.980   ┆ 7.059    ┆ 2.396    ┆ 4.287    ┆ -0.376  ┆ 8.096    ┆ 91986  │
└──────────┴─────────────────────────┴──────────────┴───────┴─────────┴──────────┴──────────┴──────────┴─────────┴──────────┴────────┘

$ uv run fdm evaluate --arch adsb --config results_run4/lr_1.5e-3_seed1/config.yaml --model-name lr_1.5e-3_seed1
