2026-05-22 02:10:03 [info     ] train_start                    arch=adsb device=cuda typecodes=['A320']
2026-05-22 02:10:03 [info     ] train_typecode                 typecode=A320
2026-05-22 02:10:03 [info     ] loading_data                   train_flights=1594 val_flights=247
2026-05-22 02:10:03 [warning  ] e1_column_missing              column=fdm_g_sin_gamma_ms2
2026-05-22 02:10:03 [warning  ] e1_column_missing              column=fdm_cos_gamma
2026-05-22 02:10:03 [warning  ] e1_column_missing              column=fdm_q_pa
2026-05-22 02:10:03 [warning  ] e1_column_missing              column=fdm_g_over_v
2026-05-22 02:10:03 [warning  ] e1_column_missing              column=fdm_lat_wind_ms
2026-05-22 02:10:03 [warning  ] e1_column_missing              column=fdm_drift_rad
2026-05-22 02:10:03 [warning  ] e1_column_missing              column=fdm_track_rad
2026-05-22 02:10:03 [warning  ] e1_column_missing              column=fdm_heading_diff_rad
2026-05-22 02:10:08 [warning  ] e1_column_missing              column=fdm_g_sin_gamma_ms2
2026-05-22 02:10:08 [warning  ] e1_column_missing              column=fdm_cos_gamma
2026-05-22 02:10:08 [warning  ] e1_column_missing              column=fdm_q_pa
2026-05-22 02:10:08 [warning  ] e1_column_missing              column=fdm_g_over_v
2026-05-22 02:10:08 [warning  ] e1_column_missing              column=fdm_lat_wind_ms
2026-05-22 02:10:08 [warning  ] e1_column_missing              column=fdm_drift_rad
2026-05-22 02:10:08 [warning  ] e1_column_missing              column=fdm_track_rad
2026-05-22 02:10:08 [warning  ] e1_column_missing              column=fdm_heading_diff_rad
2026-05-22 02:10:09 [info     ] data_loaded                    train_samples=48117 val_samples=7518
2026-05-22 02:10:29 [debug    ] meta_saved                     path=data/models/lr_1.5e-3_seed1/meta.json
2026-05-22 02:10:29 [info     ] trainer_initialized            architecture=node_adsb_v1 device=cuda train_samples=48117 val_samples=7518
2026-05-22 02:10:29 [info     ] preloading_data_to_gpu
2026-05-22 02:10:29 [debug    ] epoch_start                    epoch=1 total_epochs=50
/data/common/dataiku/config/projects/NODEFDM/lib/python/.venv/lib/python3.12/site-packages/torch/_inductor/compile_fx.py:321: UserWarning: TensorFloat32 tensor cores for float32 matrix multiplication available but not enabled. Consider setting `torch.set_float32_matmul_precision('high')` for better performance.
  warnings.warn(
2026-05-22 02:10:52 [info     ] debug_magnitudes               norm_mean=['8427.359375', '-0.000899', '211.646118', '3.252943'] norm_std=['2287.523926', '0.040447', '34.116577', '1.247240'] ode_loss=0.399401
2026-05-22 02:11:18 [warning  ] nan_or_inf_loss                loss=nan
W0522 02:17:51.515000 2897128 torch/_dynamo/convert_frame.py:1676] [0/8] torch._dynamo hit config.recompile_limit (8)
W0522 02:17:51.515000 2897128 torch/_dynamo/convert_frame.py:1676] [0/8]    function: 'forward' (/data/common/dataiku/config/projects/NODEFDM/lib/python/packages/node-fdm/src/node_fdm/models/fdm.py:181)
W0522 02:17:51.515000 2897128 torch/_dynamo/convert_frame.py:1676] [0/8]    last reason: 0/7: tensor 'self.history['raw_alt_m']' size mismatch at index 1. expected 1, actual 2
W0522 02:17:51.515000 2897128 torch/_dynamo/convert_frame.py:1676] [0/8] To log all recompilation reasons, use TORCH_LOGS="recompiles".
W0522 02:17:51.515000 2897128 torch/_dynamo/convert_frame.py:1676] [0/8] To diagnose recompilation issues, see https://pytorch.org/docs/main/compile/programming_model.recompilation.html
2026-05-22 02:17:52 [debug    ] meta_saved                     path=data/models/lr_1.5e-3_seed1/meta.json
2026-05-22 02:17:52 [debug    ] model_saved                    epoch=1
2026-05-22 02:17:52 [info     ] epoch_complete                 epoch=1 is_best=True lr=0.0003079999999999988 total_epochs=50 train_loss=nan val_loss=0.033649
2026-05-22 02:17:52 [debug    ] epoch_start                    epoch=2 total_epochs=50
2026-05-22 02:23:31 [warning  ] nan_or_inf_loss                loss=nan
2026-05-22 02:23:51 [debug    ] meta_saved                     path=data/models/lr_1.5e-3_seed1/meta.json
2026-05-22 02:23:51 [debug    ] model_saved                    epoch=2
2026-05-22 02:23:51 [info     ] epoch_complete                 epoch=2 is_best=True lr=0.0006059999999999974 total_epochs=50 train_loss=nan val_loss=0.028828
2026-05-22 02:23:51 [debug    ] epoch_start                    epoch=3 total_epochs=50
2026-05-22 02:25:52 [warning  ] nan_or_inf_loss                loss=nan
2026-05-22 02:29:45 [debug    ] meta_saved                     path=data/models/lr_1.5e-3_seed1/meta.json
2026-05-22 02:29:45 [debug    ] model_saved                    epoch=3
2026-05-22 02:29:45 [info     ] epoch_complete                 epoch=3 is_best=True lr=0.0009039999999999954 total_epochs=50 train_loss=nan val_loss=0.026964
2026-05-22 02:29:45 [debug    ] epoch_start                    epoch=4 total_epochs=50
2026-05-22 02:31:24 [warning  ] nan_or_inf_loss                loss=nan
2026-05-22 02:35:34 [info     ] epoch_complete                 epoch=4 is_best=False lr=0.0012019999999999889 total_epochs=50 train_loss=nan val_loss=0.027471
2026-05-22 02:35:34 [debug    ] epoch_start                    epoch=5 total_epochs=50
2026-05-22 02:36:04 [warning  ] nan_or_inf_loss                loss=nan
2026-05-22 02:41:28 [debug    ] meta_saved                     path=data/models/lr_1.5e-3_seed1/meta.json
2026-05-22 02:41:28 [debug    ] model_saved                    epoch=5
2026-05-22 02:41:28 [info     ] epoch_complete                 epoch=5 is_best=True lr=0.0015 total_epochs=50 train_loss=nan val_loss=0.024443
2026-05-22 02:41:28 [debug    ] epoch_start                    epoch=6 total_epochs=50
2026-05-22 02:41:30 [warning  ] nan_or_inf_loss                loss=nan
2026-05-22 02:47:24 [info     ] epoch_complete                 epoch=6 is_best=False lr=0.0014668888888888843 total_epochs=50 train_loss=nan val_loss=0.034721
2026-05-22 02:47:24 [debug    ] epoch_start                    epoch=7 total_epochs=50
2026-05-22 02:52:56 [warning  ] nan_or_inf_loss                loss=nan
2026-05-22 02:53:16 [info     ] epoch_complete                 epoch=7 is_best=False lr=0.0014337777777777686 total_epochs=50 train_loss=nan val_loss=0.024558
2026-05-22 02:53:16 [debug    ] epoch_start                    epoch=8 total_epochs=50
2026-05-22 02:57:20 [warning  ] nan_or_inf_loss                loss=nan
2026-05-22 02:59:06 [info     ] epoch_complete                 epoch=8 is_best=False lr=0.001400666666666653 total_epochs=50 train_loss=nan val_loss=0.024472
2026-05-22 02:59:06 [debug    ] epoch_start                    epoch=9 total_epochs=50
2026-05-22 02:59:18 [warning  ] nan_or_inf_loss                loss=nan
2026-05-22 03:04:56 [debug    ] meta_saved                     path=data/models/lr_1.5e-3_seed1/meta.json
2026-05-22 03:04:56 [debug    ] model_saved                    epoch=9
2026-05-22 03:04:56 [info     ] epoch_complete                 epoch=9 is_best=True lr=0.0013675555555555372 total_epochs=50 train_loss=nan val_loss=0.024154
2026-05-22 03:04:56 [debug    ] epoch_start                    epoch=10 total_epochs=50
2026-05-22 03:09:09 [warning  ] nan_or_inf_loss                loss=nan
2026-05-22 03:10:47 [debug    ] meta_saved                     path=data/models/lr_1.5e-3_seed1/meta.json
2026-05-22 03:10:47 [debug    ] model_saved                    epoch=10
2026-05-22 03:10:47 [info     ] epoch_complete                 epoch=10 is_best=True lr=0.0013344444444444215 total_epochs=50 train_loss=nan val_loss=0.02388
2026-05-22 03:10:47 [debug    ] epoch_start                    epoch=11 total_epochs=50
2026-05-22 03:14:44 [warning  ] nan_or_inf_loss                loss=nan
2026-05-22 03:16:37 [debug    ] meta_saved                     path=data/models/lr_1.5e-3_seed1/meta.json
2026-05-22 03:16:37 [debug    ] model_saved                    epoch=11
2026-05-22 03:16:37 [info     ] epoch_complete                 epoch=11 is_best=True lr=0.0013013333333333058 total_epochs=50 train_loss=nan val_loss=0.023097
2026-05-22 03:16:37 [debug    ] epoch_start                    epoch=12 total_epochs=50
2026-05-22 03:22:13 [warning  ] nan_or_inf_loss                loss=nan
2026-05-22 03:22:26 [info     ] epoch_complete                 epoch=12 is_best=False lr=0.0012682222222221901 total_epochs=50 train_loss=nan val_loss=0.02313
2026-05-22 03:22:26 [debug    ] epoch_start                    epoch=13 total_epochs=50
2026-05-22 03:27:41 [warning  ] nan_or_inf_loss                loss=nan
2026-05-22 03:28:11 [info     ] epoch_complete                 epoch=13 is_best=False lr=0.0012351111111110744 total_epochs=50 train_loss=nan val_loss=0.024008
2026-05-22 03:28:11 [debug    ] epoch_start                    epoch=14 total_epochs=50
2026-05-22 03:29:51 [warning  ] nan_or_inf_loss                loss=nan
2026-05-22 03:34:00 [debug    ] meta_saved                     path=data/models/lr_1.5e-3_seed1/meta.json
2026-05-22 03:34:00 [debug    ] model_saved                    epoch=14
2026-05-22 03:34:00 [info     ] epoch_complete                 epoch=14 is_best=True lr=0.0012019999999999587 total_epochs=50 train_loss=nan val_loss=0.023058
2026-05-22 03:34:00 [debug    ] epoch_start                    epoch=15 total_epochs=50
2026-05-22 03:38:40 [warning  ] nan_or_inf_loss                loss=nan
2026-05-22 03:39:52 [info     ] epoch_complete                 epoch=15 is_best=False lr=0.001168888888888843 total_epochs=50 train_loss=nan val_loss=0.023656
2026-05-22 03:39:52 [debug    ] epoch_start                    epoch=16 total_epochs=50
2026-05-22 03:40:50 [warning  ] nan_or_inf_loss                loss=nan
2026-05-22 03:45:42 [info     ] epoch_complete                 epoch=16 is_best=False lr=0.0011357777777777273 total_epochs=50 train_loss=nan val_loss=0.023123
2026-05-22 03:45:42 [debug    ] epoch_start                    epoch=17 total_epochs=50
2026-05-22 03:48:54 [warning  ] nan_or_inf_loss                loss=nan
2026-05-22 03:51:36 [debug    ] meta_saved                     path=data/models/lr_1.5e-3_seed1/meta.json
2026-05-22 03:51:36 [debug    ] model_saved                    epoch=17
2026-05-22 03:51:36 [info     ] epoch_complete                 epoch=17 is_best=True lr=0.0011026666666666116 total_epochs=50 train_loss=nan val_loss=0.022897
2026-05-22 03:51:36 [debug    ] epoch_start                    epoch=18 total_epochs=50
2026-05-22 03:55:23 [warning  ] nan_or_inf_loss                loss=nan
2026-05-22 03:57:26 [info     ] epoch_complete                 epoch=18 is_best=False lr=0.001069555555555496 total_epochs=50 train_loss=nan val_loss=0.023405
2026-05-22 03:57:26 [debug    ] epoch_start                    epoch=19 total_epochs=50
2026-05-22 03:59:53 [warning  ] nan_or_inf_loss                loss=nan
2026-05-22 04:03:16 [debug    ] meta_saved                     path=data/models/lr_1.5e-3_seed1/meta.json
2026-05-22 04:03:16 [debug    ] model_saved                    epoch=19
2026-05-22 04:03:16 [info     ] epoch_complete                 epoch=19 is_best=True lr=0.0010364444444443803 total_epochs=50 train_loss=nan val_loss=0.022892
2026-05-22 04:03:16 [debug    ] epoch_start                    epoch=20 total_epochs=50
2026-05-22 04:05:51 [warning  ] nan_or_inf_loss                loss=nan
2026-05-22 04:09:14 [info     ] epoch_complete                 epoch=20 is_best=False lr=0.0010033333333332646 total_epochs=50 train_loss=nan val_loss=0.023085
2026-05-22 04:09:14 [debug    ] epoch_start                    epoch=21 total_epochs=50
2026-05-22 04:13:10 [warning  ] nan_or_inf_loss                loss=nan
2026-05-22 04:15:03 [info     ] epoch_complete                 epoch=21 is_best=False lr=0.0009702222222221496 total_epochs=50 train_loss=nan val_loss=0.023362
2026-05-22 04:15:03 [debug    ] epoch_start                    epoch=22 total_epochs=50
2026-05-22 04:16:15 [warning  ] nan_or_inf_loss                loss=nan
2026-05-22 04:20:53 [info     ] epoch_complete                 epoch=22 is_best=False lr=0.0009371111111110406 total_epochs=50 train_loss=nan val_loss=0.023013
2026-05-22 04:20:53 [debug    ] epoch_start                    epoch=23 total_epochs=50
2026-05-22 04:21:45 [warning  ] nan_or_inf_loss                loss=nan
2026-05-22 04:26:45 [debug    ] meta_saved                     path=data/models/lr_1.5e-3_seed1/meta.json
2026-05-22 04:26:45 [debug    ] model_saved                    epoch=23
2026-05-22 04:26:45 [info     ] epoch_complete                 epoch=23 is_best=True lr=0.0009039999999999301 total_epochs=50 train_loss=nan val_loss=0.022775
2026-05-22 04:26:45 [debug    ] epoch_start                    epoch=24 total_epochs=50
2026-05-22 04:27:09 [warning  ] nan_or_inf_loss                loss=nan
2026-05-22 04:32:35 [debug    ] meta_saved                     path=data/models/lr_1.5e-3_seed1/meta.json
2026-05-22 04:32:35 [debug    ] model_saved                    epoch=24
2026-05-22 04:32:35 [info     ] epoch_complete                 epoch=24 is_best=True lr=0.0008708888888888178 total_epochs=50 train_loss=nan val_loss=0.022722
2026-05-22 04:32:35 [debug    ] epoch_start                    epoch=25 total_epochs=50
2026-05-22 04:37:11 [warning  ] nan_or_inf_loss                loss=nan
2026-05-22 04:38:25 [info     ] epoch_complete                 epoch=25 is_best=False lr=0.0008377777777777049 total_epochs=50 train_loss=nan val_loss=0.129553
2026-05-22 04:38:25 [debug    ] epoch_start                    epoch=26 total_epochs=50
2026-05-22 04:43:41 [warning  ] nan_or_inf_loss                loss=nan
2026-05-22 04:44:16 [info     ] epoch_complete                 epoch=26 is_best=False lr=0.0008046666666665904 total_epochs=50 train_loss=nan val_loss=0.230621
2026-05-22 04:44:16 [debug    ] epoch_start                    epoch=27 total_epochs=50
2026-05-22 04:48:18 [warning  ] nan_or_inf_loss                loss=nan
2026-05-22 04:50:05 [info     ] epoch_complete                 epoch=27 is_best=False lr=0.0007715555555554748 total_epochs=50 train_loss=nan val_loss=0.093648
2026-05-22 04:50:05 [debug    ] epoch_start                    epoch=28 total_epochs=50
2026-05-22 04:53:01 [warning  ] nan_or_inf_loss                loss=nan
2026-05-22 04:56:01 [info     ] epoch_complete                 epoch=28 is_best=False lr=0.0007384444444443591 total_epochs=50 train_loss=nan val_loss=0.045479
2026-05-22 04:56:01 [debug    ] epoch_start                    epoch=29 total_epochs=50
2026-05-22 05:01:39 [warning  ] nan_or_inf_loss                loss=nan
2026-05-22 05:01:52 [info     ] epoch_complete                 epoch=29 is_best=False lr=0.0007053333333332434 total_epochs=50 train_loss=nan val_loss=0.033678
2026-05-22 05:01:52 [debug    ] epoch_start                    epoch=30 total_epochs=50
2026-05-22 05:07:13 [warning  ] nan_or_inf_loss                loss=nan
2026-05-22 05:07:39 [info     ] epoch_complete                 epoch=30 is_best=False lr=0.0006722222222221277 total_epochs=50 train_loss=nan val_loss=0.029883
2026-05-22 05:07:39 [debug    ] epoch_start                    epoch=31 total_epochs=50
2026-05-22 05:11:47 [warning  ] nan_or_inf_loss                loss=nan
2026-05-22 05:13:28 [info     ] epoch_complete                 epoch=31 is_best=False lr=0.000639111111111012 total_epochs=50 train_loss=nan val_loss=0.027116
2026-05-22 05:13:28 [debug    ] epoch_start                    epoch=32 total_epochs=50
2026-05-22 05:15:47 [warning  ] nan_or_inf_loss                loss=nan
2026-05-22 05:19:22 [info     ] epoch_complete                 epoch=32 is_best=False lr=0.0006059999999998963 total_epochs=50 train_loss=nan val_loss=0.026157
2026-05-22 05:19:22 [debug    ] epoch_start                    epoch=33 total_epochs=50
2026-05-22 05:23:24 [warning  ] nan_or_inf_loss                loss=nan
2026-05-22 05:25:18 [info     ] epoch_complete                 epoch=33 is_best=False lr=0.0005728888888887806 total_epochs=50 train_loss=nan val_loss=0.025556
2026-05-22 05:25:18 [debug    ] epoch_start                    epoch=34 total_epochs=50
2026-05-22 05:25:48 [warning  ] nan_or_inf_loss                loss=nan
2026-05-22 05:31:15 [info     ] epoch_complete                 epoch=34 is_best=False lr=0.0005397777777776649 total_epochs=50 train_loss=nan val_loss=0.024835
2026-05-22 05:31:15 [debug    ] epoch_start                    epoch=35 total_epochs=50
2026-05-22 05:36:56 [warning  ] nan_or_inf_loss                loss=nan
2026-05-22 05:37:09 [info     ] epoch_complete                 epoch=35 is_best=False lr=0.0005066666666665492 total_epochs=50 train_loss=nan val_loss=0.024055
2026-05-22 05:37:09 [debug    ] epoch_start                    epoch=36 total_epochs=50
2026-05-22 05:40:29 [warning  ] nan_or_inf_loss                loss=nan
2026-05-22 05:43:07 [info     ] epoch_complete                 epoch=36 is_best=False lr=0.0004735555555554389 total_epochs=50 train_loss=nan val_loss=0.023908
2026-05-22 05:43:07 [debug    ] epoch_start                    epoch=37 total_epochs=50
2026-05-22 05:48:54 [warning  ] nan_or_inf_loss                loss=nan
2026-05-22 05:49:03 [info     ] epoch_complete                 epoch=37 is_best=False lr=0.00044044444444433546 total_epochs=50 train_loss=nan val_loss=0.024154
2026-05-22 05:49:03 [debug    ] epoch_start                    epoch=38 total_epochs=50
2026-05-22 05:52:24 [warning  ] nan_or_inf_loss                loss=nan
2026-05-22 05:54:59 [info     ] epoch_complete                 epoch=38 is_best=False lr=0.00040733333333323077 total_epochs=50 train_loss=nan val_loss=0.023288
2026-05-22 05:54:59 [debug    ] epoch_start                    epoch=39 total_epochs=50
2026-05-22 05:55:32 [warning  ] nan_or_inf_loss                loss=nan
2026-05-22 06:00:55 [info     ] epoch_complete                 epoch=39 is_best=False lr=0.00037422222222212575 total_epochs=50 train_loss=nan val_loss=0.02415
2026-05-22 06:00:55 [debug    ] epoch_start                    epoch=40 total_epochs=50
2026-05-22 06:04:23 [warning  ] nan_or_inf_loss                loss=nan
2026-05-22 06:06:50 [info     ] epoch_complete                 epoch=40 is_best=False lr=0.0003411111111110217 total_epochs=50 train_loss=nan val_loss=0.023076
2026-05-22 06:06:50 [debug    ] epoch_start                    epoch=41 total_epochs=50
2026-05-22 06:12:01 [warning  ] nan_or_inf_loss                loss=nan
2026-05-22 06:12:45 [info     ] epoch_complete                 epoch=41 is_best=False lr=0.00030799999999991544 total_epochs=50 train_loss=nan val_loss=0.023006
2026-05-22 06:12:45 [debug    ] epoch_start                    epoch=42 total_epochs=50
2026-05-22 06:14:00 [warning  ] nan_or_inf_loss                loss=nan
2026-05-22 06:18:42 [info     ] epoch_complete                 epoch=42 is_best=False lr=0.0002748888888888096 total_epochs=50 train_loss=nan val_loss=0.022764
2026-05-22 06:18:42 [debug    ] epoch_start                    epoch=43 total_epochs=50
2026-05-22 06:22:34 [warning  ] nan_or_inf_loss                loss=nan
2026-05-22 06:24:36 [info     ] epoch_complete                 epoch=43 is_best=False lr=0.00024177777777770366 total_epochs=50 train_loss=nan val_loss=0.023243
2026-05-22 06:24:36 [debug    ] epoch_start                    epoch=44 total_epochs=50
2026-05-22 06:25:38 [warning  ] nan_or_inf_loss                loss=nan
2026-05-22 06:30:32 [info     ] epoch_complete                 epoch=44 is_best=False lr=0.0002086666666666032 total_epochs=50 train_loss=nan val_loss=0.022865
2026-05-22 06:30:32 [debug    ] epoch_start                    epoch=45 total_epochs=50
2026-05-22 06:33:35 [warning  ] nan_or_inf_loss                loss=nan
2026-05-22 06:36:35 [debug    ] meta_saved                     path=data/models/lr_1.5e-3_seed1/meta.json
2026-05-22 06:36:35 [debug    ] model_saved                    epoch=45
2026-05-22 06:36:35 [info     ] epoch_complete                 epoch=45 is_best=True lr=0.00017555555555550366 total_epochs=50 train_loss=nan val_loss=0.02272
2026-05-22 06:36:35 [debug    ] epoch_start                    epoch=46 total_epochs=50
2026-05-22 06:37:27 [warning  ] nan_or_inf_loss                loss=nan
2026-05-22 06:42:35 [info     ] epoch_complete                 epoch=46 is_best=False lr=0.00014244444444440473 total_epochs=50 train_loss=nan val_loss=0.022828
2026-05-22 06:42:35 [debug    ] epoch_start                    epoch=47 total_epochs=50
2026-05-22 06:43:00 [warning  ] nan_or_inf_loss                loss=nan
2026-05-22 06:48:32 [debug    ] meta_saved                     path=data/models/lr_1.5e-3_seed1/meta.json
2026-05-22 06:48:32 [debug    ] model_saved                    epoch=47
2026-05-22 06:48:32 [info     ] epoch_complete                 epoch=47 is_best=True lr=0.00010933333333330398 total_epochs=50 train_loss=nan val_loss=0.022606
2026-05-22 06:48:32 [debug    ] epoch_start                    epoch=48 total_epochs=50
2026-05-22 06:49:53 [warning  ] nan_or_inf_loss                loss=nan
2026-05-22 06:54:29 [debug    ] meta_saved                     path=data/models/lr_1.5e-3_seed1/meta.json
2026-05-22 06:54:29 [debug    ] model_saved                    epoch=48
2026-05-22 06:54:29 [info     ] epoch_complete                 epoch=48 is_best=True lr=7.622222222220134e-05 total_epochs=50 train_loss=nan val_loss=0.022588
2026-05-22 06:54:29 [debug    ] epoch_start                    epoch=49 total_epochs=50
2026-05-22 06:59:16 [warning  ] nan_or_inf_loss                loss=nan
2026-05-22 07:00:29 [debug    ] meta_saved                     path=data/models/lr_1.5e-3_seed1/meta.json
2026-05-22 07:00:29 [debug    ] model_saved                    epoch=49
2026-05-22 07:00:29 [info     ] epoch_complete                 epoch=49 is_best=True lr=4.3111111111099015e-05 total_epochs=50 train_loss=nan val_loss=0.022574
2026-05-22 07:00:29 [debug    ] epoch_start                    epoch=50 total_epochs=50
2026-05-22 07:03:00 [warning  ] nan_or_inf_loss                loss=nan
2026-05-22 07:06:21 [debug    ] meta_saved                     path=data/models/lr_1.5e-3_seed1/meta.json
2026-05-22 07:06:21 [debug    ] model_saved                    epoch=50
2026-05-22 07:06:21 [info     ] epoch_complete                 epoch=50 is_best=True lr=9.999999999997284e-06 total_epochs=50 train_loss=nan val_loss=0.022557
2026-05-22 07:06:21 [info     ] training_log_saved             path=data/models/lr_1.5e-3_seed1/training_losses.csv
2026-05-22 07:06:21 [info     ] training_complete              best_val_loss=0.022557
2026-05-22 07:06:21 [info     ] train_typecode_done            typecode=A320
2026-05-22 07:06:22 [info     ] train_done                     typecodes=['A320']

$ uv run fdm train --arch adsb --config results_run4/lr_1.5e-3_seed1/config.yaml --model-name lr_1.5e-3_seed1 --epochs 50 --batch-size 64 --lr 0.0015 --method rk4 --seq-len 30 --train-limit 5000 --activation relu --seed 1 --backbone-depth 3 --head-depth 2 --hidden-width 48 --device cuda --no-use-mode-weights
