2026-05-13 16:15:12 [info     ] evaluate_start                 arch=adsb typecodes=['A320']
2026-05-13 16:15:12 [info     ] evaluate_typecode              flights=542 typecode=A320
2026-05-13 16:15:24 [info     ] evaluate_done                  output=data/model_performance/weighting_off_seed0/performance.parquet rows=16
shape: (16, 11)
┌──────────┬─────────────────────────┬──────────────┬───────┬─────────┬──────────┬──────────┬──────────┬─────────┬──────────┬────────┐
│ Aircraft ┆ Variable                ┆ Phase        ┆ Model ┆ MAE     ┆ MAE_std  ┆ MAPE (%) ┆ MAPE_std ┆ ME      ┆ ME_std   ┆ Count  │
│ ---      ┆ ---                     ┆ ---          ┆ ---   ┆ ---     ┆ ---      ┆ ---      ┆ ---      ┆ ---     ┆ ---      ┆ ---    │
│ str      ┆ str                     ┆ str          ┆ str   ┆ f64     ┆ f64      ┆ f64      ┆ f64      ┆ f64     ┆ f64      ┆ i64    │
╞══════════╪═════════════════════════╪══════════════╪═══════╪═════════╪══════════╪══════════╪══════════╪═════════╪══════════╪════════╡
│ A320     ┆ Altitude [m]            ┆ All phases   ┆ PRED  ┆ 253.128 ┆ 629.337  ┆ 5.643    ┆ 19.957   ┆ 132.835 ┆ 665.202  ┆ 478843 │
│ A320     ┆ Altitude [m]            ┆ Climb        ┆ PRED  ┆ 839.215 ┆ 1122.969 ┆ 18.845   ┆ 39.323   ┆ 679.709 ┆ 1226.106 ┆ 90018  │
│ A320     ┆ Altitude [m]            ┆ Level flight ┆ PRED  ┆ 49.540  ┆ 178.415  ┆ 0.725    ┆ 5.581    ┆ -5.599  ┆ 185.081  ┆ 296839 │
│ A320     ┆ Altitude [m]            ┆ Descent      ┆ PRED  ┆ 336.559 ┆ 498.089  ┆ 8.594    ┆ 14.222   ┆ 44.388  ┆ 599.495  ┆ 91986  │
│ A320     ┆ Flight path angle [deg] ┆ All phases   ┆ PRED  ┆ 0.286   ┆ 0.617    ┆ NaN      ┆ NaN      ┆ -0.065  ┆ 0.677    ┆ 478843 │
│ A320     ┆ Flight path angle [deg] ┆ Climb        ┆ PRED  ┆ 0.732   ┆ 0.977    ┆ NaN      ┆ NaN      ┆ -0.436  ┆ 1.141    ┆ 90018  │
│ A320     ┆ Flight path angle [deg] ┆ Level flight ┆ PRED  ┆ 0.077   ┆ 0.247    ┆ NaN      ┆ NaN      ┆ -0.009  ┆ 0.259    ┆ 296839 │
│ A320     ┆ Flight path angle [deg] ┆ Descent      ┆ PRED  ┆ 0.523   ┆ 0.677    ┆ NaN      ┆ NaN      ┆ 0.121   ┆ 0.846    ┆ 91986  │
│ A320     ┆ Heading [deg]           ┆ All phases   ┆ PRED  ┆ 1.764   ┆ 6.657    ┆ NaN      ┆ NaN      ┆ 0.225   ┆ 6.883    ┆ 478843 │
│ A320     ┆ Heading [deg]           ┆ Climb        ┆ PRED  ┆ 2.157   ┆ 6.807    ┆ NaN      ┆ NaN      ┆ 0.024   ┆ 7.141    ┆ 90018  │
│ A320     ┆ Heading [deg]           ┆ Level flight ┆ PRED  ┆ 1.467   ┆ 6.056    ┆ NaN      ┆ NaN      ┆ 0.338   ┆ 6.222    ┆ 296839 │
│ A320     ┆ Heading [deg]           ┆ Descent      ┆ PRED  ┆ 2.338   ┆ 8.136    ┆ NaN      ┆ NaN      ┆ 0.056   ┆ 8.465    ┆ 91986  │
│ A320     ┆ True airspeed [m/s]     ┆ All phases   ┆ PRED  ┆ 2.938   ┆ 7.346    ┆ 1.701    ┆ 5.916    ┆ 0.601   ┆ 7.889    ┆ 478843 │
│ A320     ┆ True airspeed [m/s]     ┆ Climb        ┆ PRED  ┆ 5.569   ┆ 12.877   ┆ 3.512    ┆ 10.109   ┆ 3.316   ┆ 13.632   ┆ 90018  │
│ A320     ┆ True airspeed [m/s]     ┆ Level flight ┆ PRED  ┆ 1.819   ┆ 4.268    ┆ 0.934    ┆ 4.241    ┆ 0.085   ┆ 4.639    ┆ 296839 │
│ A320     ┆ True airspeed [m/s]     ┆ Descent      ┆ PRED  ┆ 3.972   ┆ 6.927    ┆ 2.404    ┆ 4.305    ┆ -0.389  ┆ 7.975    ┆ 91986  │
└──────────┴─────────────────────────┴──────────────┴───────┴─────────┴──────────┴──────────┴──────────┴─────────┴──────────┴────────┘

$ uv run fdm evaluate --arch adsb --config results/weighting_off_seed0/config.yaml --model-name weighting_off_seed0
