2026-05-13 20:25:42 [info     ] evaluate_start                 arch=adsb typecodes=['A320']
2026-05-13 20:25:42 [info     ] evaluate_typecode              flights=542 typecode=A320
2026-05-13 20:25:54 [info     ] evaluate_done                  output=data/model_performance/alpha_0.3_seed1/performance.parquet rows=16
shape: (16, 11)
┌──────────┬─────────────────────────┬──────────────┬───────┬─────────┬──────────┬──────────┬──────────┬─────────┬──────────┬────────┐
│ Aircraft ┆ Variable                ┆ Phase        ┆ Model ┆ MAE     ┆ MAE_std  ┆ MAPE (%) ┆ MAPE_std ┆ ME      ┆ ME_std   ┆ Count  │
│ ---      ┆ ---                     ┆ ---          ┆ ---   ┆ ---     ┆ ---      ┆ ---      ┆ ---      ┆ ---     ┆ ---      ┆ ---    │
│ str      ┆ str                     ┆ str          ┆ str   ┆ f64     ┆ f64      ┆ f64      ┆ f64      ┆ f64     ┆ f64      ┆ i64    │
╞══════════╪═════════════════════════╪══════════════╪═══════╪═════════╪══════════╪══════════╪══════════╪═════════╪══════════╪════════╡
│ A320     ┆ Altitude [m]            ┆ All phases   ┆ PRED  ┆ 246.387 ┆ 599.005  ┆ 5.453    ┆ 18.997   ┆ 126.292 ┆ 635.267  ┆ 478843 │
│ A320     ┆ Altitude [m]            ┆ Climb        ┆ PRED  ┆ 798.029 ┆ 1058.095 ┆ 17.905   ┆ 37.200   ┆ 624.506 ┆ 1168.935 ┆ 90018  │
│ A320     ┆ Altitude [m]            ┆ Level flight ┆ PRED  ┆ 53.126  ┆ 179.683  ┆ 0.757    ┆ 5.471    ┆ -2.478  ┆ 187.355  ┆ 296839 │
│ A320     ┆ Altitude [m]            ┆ Descent      ┆ PRED  ┆ 330.201 ┆ 492.606  ┆ 8.420    ┆ 14.003   ┆ 54.275  ┆ 590.548  ┆ 91986  │
│ A320     ┆ Flight path angle [deg] ┆ All phases   ┆ PRED  ┆ 0.283   ┆ 0.616    ┆ NaN      ┆ NaN      ┆ -0.060  ┆ 0.675    ┆ 478843 │
│ A320     ┆ Flight path angle [deg] ┆ Climb        ┆ PRED  ┆ 0.721   ┆ 0.974    ┆ NaN      ┆ NaN      ┆ -0.412  ┆ 1.140    ┆ 90018  │
│ A320     ┆ Flight path angle [deg] ┆ Level flight ┆ PRED  ┆ 0.077   ┆ 0.250    ┆ NaN      ┆ NaN      ┆ -0.009  ┆ 0.262    ┆ 296839 │
│ A320     ┆ Flight path angle [deg] ┆ Descent      ┆ PRED  ┆ 0.519   ┆ 0.679    ┆ NaN      ┆ NaN      ┆ 0.121   ┆ 0.846    ┆ 91986  │
│ A320     ┆ Heading [deg]           ┆ All phases   ┆ PRED  ┆ 1.811   ┆ 6.939    ┆ NaN      ┆ NaN      ┆ 0.154   ┆ 7.170    ┆ 478843 │
│ A320     ┆ Heading [deg]           ┆ Climb        ┆ PRED  ┆ 2.093   ┆ 6.857    ┆ NaN      ┆ NaN      ┆ -0.078  ┆ 7.169    ┆ 90018  │
│ A320     ┆ Heading [deg]           ┆ Level flight ┆ PRED  ┆ 1.575   ┆ 6.585    ┆ NaN      ┆ NaN      ┆ 0.275   ┆ 6.766    ┆ 296839 │
│ A320     ┆ Heading [deg]           ┆ Descent      ┆ PRED  ┆ 2.296   ┆ 8.013    ┆ NaN      ┆ NaN      ┆ -0.011  ┆ 8.336    ┆ 91986  │
│ A320     ┆ True airspeed [m/s]     ┆ All phases   ┆ PRED  ┆ 2.915   ┆ 7.094    ┆ 1.679    ┆ 5.764    ┆ 0.487   ┆ 7.654    ┆ 478843 │
│ A320     ┆ True airspeed [m/s]     ┆ Climb        ┆ PRED  ┆ 5.338   ┆ 12.107   ┆ 3.351    ┆ 9.620    ┆ 2.849   ┆ 12.921   ┆ 90018  │
│ A320     ┆ True airspeed [m/s]     ┆ Level flight ┆ PRED  ┆ 1.850   ┆ 4.290    ┆ 0.944    ┆ 4.245    ┆ 0.014   ┆ 4.672    ┆ 296839 │
│ A320     ┆ True airspeed [m/s]     ┆ Descent      ┆ PRED  ┆ 3.982   ┆ 6.973    ┆ 2.415    ┆ 4.383    ┆ -0.296  ┆ 8.024    ┆ 91986  │
└──────────┴─────────────────────────┴──────────────┴───────┴─────────┴──────────┴──────────┴──────────┴─────────┴──────────┴────────┘

$ uv run fdm evaluate --arch adsb --config results/alpha_0.3_seed1/config.yaml --model-name alpha_0.3_seed1
