2026-05-13 11:21:53 [info     ] train_start                    arch=adsb device=cuda typecodes=['A320']
2026-05-13 11:21:53 [info     ] train_typecode                 typecode=A320
2026-05-13 11:21:53 [info     ] mode_weights_computed          alpha=0.5 bottom5_labels=[['ALT_MACH', 0.6206242276704164, 556092], ['ALT_UNK', 0.6891691293583678, 450975], ['TURN', 0.8913340435092099, 269602], ['UNKVERT_MACH', 0.9861637175043825, 220245], ['ALT_CAS', 1.0707556265239335, 186820]] imbalance_ratio=40.174252275682704 n_labels=13 top5_labels=[['VZ_CAS', 3.9337125975553753, 13842], ['VZ_UNK', 2.533593642654822, 33368], ['GAMMA_CAS', 2.453056495492336, 35595], ['VZ_MACH', 2.0015537788607305, 53465], ['UNKVERT_CAS', 1.936559122733483, 57114]] weight_ratio_max_over_min=6.33831620193271
2026-05-13 11:21:54 [info     ] loading_data                   train_flights=1594 val_flights=247
2026-05-13 11:21:54 [warning  ] e1_column_missing              column=fdm_g_sin_gamma_ms2
2026-05-13 11:21:54 [warning  ] e1_column_missing              column=fdm_cos_gamma
2026-05-13 11:21:54 [warning  ] e1_column_missing              column=fdm_q_pa
2026-05-13 11:21:54 [warning  ] e1_column_missing              column=fdm_g_over_v
2026-05-13 11:21:54 [warning  ] e1_column_missing              column=fdm_lat_wind_ms
2026-05-13 11:21:54 [warning  ] e1_column_missing              column=fdm_drift_rad
2026-05-13 11:21:54 [warning  ] e1_column_missing              column=fdm_track_rad
2026-05-13 11:21:54 [warning  ] e1_column_missing              column=fdm_heading_diff_rad
2026-05-13 11:22:00 [warning  ] e1_column_missing              column=fdm_g_sin_gamma_ms2
2026-05-13 11:22:00 [warning  ] e1_column_missing              column=fdm_cos_gamma
2026-05-13 11:22:00 [warning  ] e1_column_missing              column=fdm_q_pa
2026-05-13 11:22:00 [warning  ] e1_column_missing              column=fdm_g_over_v
2026-05-13 11:22:00 [warning  ] e1_column_missing              column=fdm_lat_wind_ms
2026-05-13 11:22:00 [warning  ] e1_column_missing              column=fdm_drift_rad
2026-05-13 11:22:00 [warning  ] e1_column_missing              column=fdm_track_rad
2026-05-13 11:22:00 [warning  ] e1_column_missing              column=fdm_heading_diff_rad
2026-05-13 11:22:01 [info     ] data_loaded                    train_samples=23212 val_samples=3628
2026-05-13 11:22:16 [debug    ] meta_saved                     path=data/models/lr_0.003_seed0/meta.json
2026-05-13 11:22:16 [info     ] trainer_initialized            architecture=node_adsb_v1 device=cuda train_samples=23212 val_samples=3628
2026-05-13 11:22:16 [info     ] preloading_data_to_gpu
2026-05-13 11:22:17 [debug    ] epoch_start                    epoch=1 total_epochs=50
/data/common/dataiku/config/projects/NODEFDM/lib/python/.venv/lib/python3.12/site-packages/torch/_inductor/compile_fx.py:321: UserWarning: TensorFloat32 tensor cores for float32 matrix multiplication available but not enabled. Consider setting `torch.set_float32_matmul_precision('high')` for better performance.
  warnings.warn(
2026-05-13 11:22:41 [info     ] debug_magnitudes               norm_mean=['8568.283203', '-0.001322', '213.622833', '3.253931'] norm_std=['2269.236084', '0.038830', '32.838379', '1.246786'] ode_loss=0.840432
W0513 11:26:52.703000 4015717 torch/_dynamo/convert_frame.py:1676] [0/8] torch._dynamo hit config.recompile_limit (8)
W0513 11:26:52.703000 4015717 torch/_dynamo/convert_frame.py:1676] [0/8]    function: 'forward' (/data/common/dataiku/config/projects/NODEFDM/lib/python/packages/node-fdm/src/node_fdm/models/fdm.py:181)
W0513 11:26:52.703000 4015717 torch/_dynamo/convert_frame.py:1676] [0/8]    last reason: 0/7: tensor 'self.history['raw_alt_m']' size mismatch at index 1. expected 1, actual 2
W0513 11:26:52.703000 4015717 torch/_dynamo/convert_frame.py:1676] [0/8] To log all recompilation reasons, use TORCH_LOGS="recompiles".
W0513 11:26:52.703000 4015717 torch/_dynamo/convert_frame.py:1676] [0/8] To diagnose recompilation issues, see https://pytorch.org/docs/main/compile/programming_model.recompilation.html
2026-05-13 11:26:53 [debug    ] meta_saved                     path=data/models/lr_0.003_seed0/meta.json
2026-05-13 11:26:53 [debug    ] model_saved                    epoch=1
2026-05-13 11:26:53 [info     ] epoch_complete                 epoch=1 is_best=True lr=0.0006080000000000004 total_epochs=50 train_loss=0.25407 val_loss=0.073062
2026-05-13 11:26:53 [debug    ] epoch_start                    epoch=2 total_epochs=50
2026-05-13 11:30:01 [debug    ] meta_saved                     path=data/models/lr_0.003_seed0/meta.json
2026-05-13 11:30:01 [debug    ] model_saved                    epoch=2
2026-05-13 11:30:01 [info     ] epoch_complete                 epoch=2 is_best=True lr=0.0012060000000000013 total_epochs=50 train_loss=0.07003 val_loss=0.047151
2026-05-13 11:30:01 [debug    ] epoch_start                    epoch=3 total_epochs=50
2026-05-13 11:33:03 [debug    ] meta_saved                     path=data/models/lr_0.003_seed0/meta.json
2026-05-13 11:33:03 [debug    ] model_saved                    epoch=3
2026-05-13 11:33:03 [info     ] epoch_complete                 epoch=3 is_best=True lr=0.001803999999999998 total_epochs=50 train_loss=0.048621 val_loss=0.041485
2026-05-13 11:33:03 [debug    ] epoch_start                    epoch=4 total_epochs=50
2026-05-13 11:36:08 [info     ] epoch_complete                 epoch=4 is_best=False lr=0.0024019999999999957 total_epochs=50 train_loss=0.328226 val_loss=3.456638
2026-05-13 11:36:08 [debug    ] epoch_start                    epoch=5 total_epochs=50
2026-05-13 11:39:07 [info     ] epoch_complete                 epoch=5 is_best=False lr=0.003 total_epochs=50 train_loss=2.343109 val_loss=1.063089
2026-05-13 11:39:07 [debug    ] epoch_start                    epoch=6 total_epochs=50
2026-05-13 11:42:09 [info     ] epoch_complete                 epoch=6 is_best=False lr=0.0029335555555555586 total_epochs=50 train_loss=1.601687 val_loss=0.311835
2026-05-13 11:42:09 [debug    ] epoch_start                    epoch=7 total_epochs=50
2026-05-13 11:45:11 [info     ] epoch_complete                 epoch=7 is_best=False lr=0.002867111111111115 total_epochs=50 train_loss=2.031304 val_loss=3.274135
2026-05-13 11:45:11 [debug    ] epoch_start                    epoch=8 total_epochs=50
2026-05-13 11:48:22 [info     ] epoch_complete                 epoch=8 is_best=False lr=0.0028006666666666727 total_epochs=50 train_loss=3.351869 val_loss=3.234641
2026-05-13 11:48:22 [debug    ] epoch_start                    epoch=9 total_epochs=50
2026-05-13 11:51:24 [info     ] epoch_complete                 epoch=9 is_best=False lr=0.0027342222222222308 total_epochs=50 train_loss=3.195847 val_loss=3.080889
2026-05-13 11:51:24 [debug    ] epoch_start                    epoch=10 total_epochs=50
2026-05-13 11:54:26 [info     ] epoch_complete                 epoch=10 is_best=False lr=0.0026677777777777897 total_epochs=50 train_loss=3.228836 val_loss=3.278319
2026-05-13 11:54:26 [debug    ] epoch_start                    epoch=11 total_epochs=50
2026-05-13 11:57:34 [info     ] epoch_complete                 epoch=11 is_best=False lr=0.002601333333333351 total_epochs=50 train_loss=3.383371 val_loss=3.279824
2026-05-13 11:57:34 [debug    ] epoch_start                    epoch=12 total_epochs=50
2026-05-13 12:00:35 [info     ] epoch_complete                 epoch=12 is_best=False lr=0.00253488888888891 total_epochs=50 train_loss=3.320727 val_loss=3.233333
2026-05-13 12:00:35 [debug    ] epoch_start                    epoch=13 total_epochs=50
2026-05-13 12:03:46 [info     ] epoch_complete                 epoch=13 is_best=False lr=0.0024684444444444684 total_epochs=50 train_loss=3.334906 val_loss=3.230088
2026-05-13 12:03:46 [debug    ] epoch_start                    epoch=14 total_epochs=50
2026-05-13 12:06:50 [info     ] epoch_complete                 epoch=14 is_best=False lr=0.0024020000000000217 total_epochs=50 train_loss=3.338011 val_loss=3.231544
2026-05-13 12:06:50 [debug    ] epoch_start                    epoch=15 total_epochs=50
2026-05-13 12:09:54 [info     ] epoch_complete                 epoch=15 is_best=False lr=0.002335555555555575 total_epochs=50 train_loss=3.058292 val_loss=2.31123
2026-05-13 12:09:54 [debug    ] epoch_start                    epoch=16 total_epochs=50
2026-05-13 12:12:59 [info     ] epoch_complete                 epoch=16 is_best=False lr=0.00226911111111113 total_epochs=50 train_loss=2.039068 val_loss=2.023918
2026-05-13 12:12:59 [debug    ] epoch_start                    epoch=17 total_epochs=50
2026-05-13 12:16:02 [info     ] epoch_complete                 epoch=17 is_best=False lr=0.0022026666666666904 total_epochs=50 train_loss=1.946382 val_loss=3.340048
2026-05-13 12:16:02 [debug    ] epoch_start                    epoch=18 total_epochs=50
2026-05-13 12:19:06 [info     ] epoch_complete                 epoch=18 is_best=False lr=0.0021362222222222503 total_epochs=50 train_loss=3.522658 val_loss=3.710694
2026-05-13 12:19:06 [debug    ] epoch_start                    epoch=19 total_epochs=50
2026-05-13 12:22:08 [info     ] epoch_complete                 epoch=19 is_best=False lr=0.0020697777777778066 total_epochs=50 train_loss=3.475646 val_loss=3.435966
2026-05-13 12:22:08 [debug    ] epoch_start                    epoch=20 total_epochs=50
2026-05-13 12:25:10 [info     ] epoch_complete                 epoch=20 is_best=False lr=0.0020033333333333704 total_epochs=50 train_loss=3.320976 val_loss=3.21242
2026-05-13 12:25:10 [debug    ] epoch_start                    epoch=21 total_epochs=50
2026-05-13 12:28:11 [info     ] epoch_complete                 epoch=21 is_best=False lr=0.0019368888888889261 total_epochs=50 train_loss=3.4528 val_loss=3.299666
2026-05-13 12:28:11 [debug    ] epoch_start                    epoch=22 total_epochs=50
2026-05-13 12:31:14 [info     ] epoch_complete                 epoch=22 is_best=False lr=0.0018704444444444805 total_epochs=50 train_loss=3.453985 val_loss=3.43218
2026-05-13 12:31:14 [debug    ] epoch_start                    epoch=23 total_epochs=50
2026-05-13 12:34:11 [info     ] epoch_complete                 epoch=23 is_best=False lr=0.0018040000000000334 total_epochs=50 train_loss=3.541441 val_loss=3.449282
2026-05-13 12:34:11 [debug    ] epoch_start                    epoch=24 total_epochs=50
2026-05-13 12:37:10 [info     ] epoch_complete                 epoch=24 is_best=False lr=0.001737555555555587 total_epochs=50 train_loss=3.52419 val_loss=3.386545
2026-05-13 12:37:10 [debug    ] epoch_start                    epoch=25 total_epochs=50
2026-05-13 12:40:08 [info     ] epoch_complete                 epoch=25 is_best=False lr=0.0016711111111111393 total_epochs=50 train_loss=3.480844 val_loss=3.375438
2026-05-13 12:40:08 [debug    ] epoch_start                    epoch=26 total_epochs=50
2026-05-13 12:43:06 [info     ] epoch_complete                 epoch=26 is_best=False lr=0.0016046666666666913 total_epochs=50 train_loss=3.381588 val_loss=3.381763
2026-05-13 12:43:06 [debug    ] epoch_start                    epoch=27 total_epochs=50
2026-05-13 12:46:06 [info     ] epoch_complete                 epoch=27 is_best=False lr=0.0015382222222222422 total_epochs=50 train_loss=3.716142 val_loss=3.611089
2026-05-13 12:46:06 [debug    ] epoch_start                    epoch=28 total_epochs=50
2026-05-13 12:49:04 [info     ] epoch_complete                 epoch=28 is_best=False lr=0.0014717777777777923 total_epochs=50 train_loss=3.722813 val_loss=3.623346
2026-05-13 12:49:04 [debug    ] epoch_start                    epoch=29 total_epochs=50
2026-05-13 12:52:00 [info     ] epoch_complete                 epoch=29 is_best=False lr=0.0014053333333333422 total_epochs=50 train_loss=3.720658 val_loss=3.596588
2026-05-13 12:52:00 [debug    ] epoch_start                    epoch=30 total_epochs=50
2026-05-13 12:54:59 [info     ] epoch_complete                 epoch=30 is_best=False lr=0.001338888888888892 total_epochs=50 train_loss=3.705069 val_loss=3.554312
2026-05-13 12:54:59 [debug    ] epoch_start                    epoch=31 total_epochs=50
2026-05-13 12:57:58 [info     ] epoch_complete                 epoch=31 is_best=False lr=0.001272444444444442 total_epochs=50 train_loss=3.691734 val_loss=3.563505
2026-05-13 12:57:58 [debug    ] epoch_start                    epoch=32 total_epochs=50
2026-05-13 13:00:59 [info     ] epoch_complete                 epoch=32 is_best=False lr=0.0012059999999999918 total_epochs=50 train_loss=3.274151 val_loss=2.891023
2026-05-13 13:00:59 [debug    ] epoch_start                    epoch=33 total_epochs=50
2026-05-13 13:03:57 [info     ] epoch_complete                 epoch=33 is_best=False lr=0.0011395555555555417 total_epochs=50 train_loss=3.350611 val_loss=3.547742
2026-05-13 13:03:57 [debug    ] epoch_start                    epoch=34 total_epochs=50
2026-05-13 13:06:55 [info     ] epoch_complete                 epoch=34 is_best=False lr=0.0010731111111110915 total_epochs=50 train_loss=3.524899 val_loss=3.422933
2026-05-13 13:06:55 [debug    ] epoch_start                    epoch=35 total_epochs=50
2026-05-13 13:09:53 [info     ] epoch_complete                 epoch=35 is_best=False lr=0.0010066666666666414 total_epochs=50 train_loss=3.59787 val_loss=3.471515
2026-05-13 13:09:53 [debug    ] epoch_start                    epoch=36 total_epochs=50
2026-05-13 13:12:52 [info     ] epoch_complete                 epoch=36 is_best=False lr=0.0009402222222221965 total_epochs=50 train_loss=3.589229 val_loss=3.284161
2026-05-13 13:12:52 [debug    ] epoch_start                    epoch=37 total_epochs=50
2026-05-13 13:15:50 [info     ] epoch_complete                 epoch=37 is_best=False lr=0.0008737777777777531 total_epochs=50 train_loss=3.471633 val_loss=3.505396
2026-05-13 13:15:50 [debug    ] epoch_start                    epoch=38 total_epochs=50
2026-05-13 13:18:48 [info     ] epoch_complete                 epoch=38 is_best=False lr=0.0008073333333333103 total_epochs=50 train_loss=3.568634 val_loss=3.498539
2026-05-13 13:18:48 [debug    ] epoch_start                    epoch=39 total_epochs=50
2026-05-13 13:21:46 [info     ] epoch_complete                 epoch=39 is_best=False lr=0.0007408888888888679 total_epochs=50 train_loss=3.482664 val_loss=3.141984
2026-05-13 13:21:46 [debug    ] epoch_start                    epoch=40 total_epochs=50
2026-05-13 13:24:44 [info     ] epoch_complete                 epoch=40 is_best=False lr=0.0006744444444444237 total_epochs=50 train_loss=3.169484 val_loss=3.089125
2026-05-13 13:24:44 [debug    ] epoch_start                    epoch=41 total_epochs=50
2026-05-13 13:27:40 [info     ] epoch_complete                 epoch=41 is_best=False lr=0.000607999999999981 total_epochs=50 train_loss=3.093512 val_loss=2.760154
2026-05-13 13:27:40 [debug    ] epoch_start                    epoch=42 total_epochs=50
2026-05-13 13:30:39 [info     ] epoch_complete                 epoch=42 is_best=False lr=0.000541555555555537 total_epochs=50 train_loss=3.209162 val_loss=3.17526
2026-05-13 13:30:39 [debug    ] epoch_start                    epoch=43 total_epochs=50
2026-05-13 13:33:37 [info     ] epoch_complete                 epoch=43 is_best=False lr=0.0004751111111110937 total_epochs=50 train_loss=3.188883 val_loss=3.143623
2026-05-13 13:33:37 [debug    ] epoch_start                    epoch=44 total_epochs=50
2026-05-13 13:36:35 [info     ] epoch_complete                 epoch=44 is_best=False lr=0.0004086666666666522 total_epochs=50 train_loss=3.200019 val_loss=3.150409
2026-05-13 13:36:35 [debug    ] epoch_start                    epoch=45 total_epochs=50
2026-05-13 13:39:32 [info     ] epoch_complete                 epoch=45 is_best=False lr=0.000342222222222211 total_epochs=50 train_loss=3.082181 val_loss=2.502812
2026-05-13 13:39:32 [debug    ] epoch_start                    epoch=46 total_epochs=50
2026-05-13 13:42:30 [info     ] epoch_complete                 epoch=46 is_best=False lr=0.0002757777777777704 total_epochs=50 train_loss=2.918009 val_loss=3.066692
2026-05-13 13:42:30 [debug    ] epoch_start                    epoch=47 total_epochs=50
2026-05-13 13:45:28 [info     ] epoch_complete                 epoch=47 is_best=False lr=0.0002093333333333286 total_epochs=50 train_loss=3.113945 val_loss=3.061813
2026-05-13 13:45:28 [debug    ] epoch_start                    epoch=48 total_epochs=50
2026-05-13 13:48:25 [info     ] epoch_complete                 epoch=48 is_best=False lr=0.00014288888888888557 total_epochs=50 train_loss=3.137162 val_loss=3.108543
2026-05-13 13:48:25 [debug    ] epoch_start                    epoch=49 total_epochs=50
2026-05-13 13:51:22 [info     ] epoch_complete                 epoch=49 is_best=False lr=7.644444444444272e-05 total_epochs=50 train_loss=3.161265 val_loss=3.10849
2026-05-13 13:51:22 [debug    ] epoch_start                    epoch=50 total_epochs=50
2026-05-13 13:54:21 [info     ] epoch_complete                 epoch=50 is_best=False lr=9.999999999999703e-06 total_epochs=50 train_loss=3.154658 val_loss=3.110703
2026-05-13 13:54:21 [info     ] training_log_saved             path=data/models/lr_0.003_seed0/training_losses.csv
2026-05-13 13:54:21 [info     ] training_complete              best_val_loss=0.041485
2026-05-13 13:54:21 [info     ] train_typecode_done            typecode=A320
2026-05-13 13:54:21 [info     ] train_done                     typecodes=['A320']

$ uv run fdm train --arch adsb --config results/lr_0.003_seed0/config.yaml --model-name lr_0.003_seed0 --epochs 50 --batch-size 128 --lr 0.003 --method rk4 --seq-len 60 --train-limit 5000 --activation silu --seed 0 --device cuda --use-mode-weights --mode-weight-alpha 0.5
