2026-05-14 00:43:28 [info     ] evaluate_start                 arch=adsb typecodes=['A320']
2026-05-14 00:43:28 [info     ] evaluate_typecode              flights=542 typecode=A320
2026-05-14 00:43:50 [info     ] evaluate_done                  output=data/model_performance/activation_relu_seed0/performance.parquet rows=16
shape: (16, 11)
┌──────────┬─────────────────────────┬──────────────┬───────┬─────────┬──────────┬──────────┬──────────┬─────────┬──────────┬────────┐
│ Aircraft ┆ Variable                ┆ Phase        ┆ Model ┆ MAE     ┆ MAE_std  ┆ MAPE (%) ┆ MAPE_std ┆ ME      ┆ ME_std   ┆ Count  │
│ ---      ┆ ---                     ┆ ---          ┆ ---   ┆ ---     ┆ ---      ┆ ---      ┆ ---      ┆ ---     ┆ ---      ┆ ---    │
│ str      ┆ str                     ┆ str          ┆ str   ┆ f64     ┆ f64      ┆ f64      ┆ f64      ┆ f64     ┆ f64      ┆ i64    │
╞══════════╪═════════════════════════╪══════════════╪═══════╪═════════╪══════════╪══════════╪══════════╪═════════╪══════════╪════════╡
│ A320     ┆ Altitude [m]            ┆ All phases   ┆ PRED  ┆ 265.568 ┆ 624.607  ┆ 5.698    ┆ 19.694   ┆ 138.037 ┆ 664.535  ┆ 478843 │
│ A320     ┆ Altitude [m]            ┆ Climb        ┆ PRED  ┆ 843.061 ┆ 1126.605 ┆ 18.829   ┆ 39.053   ┆ 686.723 ┆ 1228.170 ┆ 90018  │
│ A320     ┆ Altitude [m]            ┆ Level flight ┆ PRED  ┆ 71.383  ┆ 182.701  ┆ 0.929    ┆ 5.471    ┆ 2.747   ┆ 196.132  ┆ 296839 │
│ A320     ┆ Altitude [m]            ┆ Descent      ┆ PRED  ┆ 327.066 ┆ 478.805  ┆ 8.235    ┆ 13.466   ┆ 37.668  ┆ 578.626  ┆ 91986  │
│ A320     ┆ Flight path angle [deg] ┆ All phases   ┆ PRED  ┆ 0.280   ┆ 0.611    ┆ NaN      ┆ NaN      ┆ -0.063  ┆ 0.669    ┆ 478843 │
│ A320     ┆ Flight path angle [deg] ┆ Climb        ┆ PRED  ┆ 0.720   ┆ 0.974    ┆ NaN      ┆ NaN      ┆ -0.414  ┆ 1.138    ┆ 90018  │
│ A320     ┆ Flight path angle [deg] ┆ Level flight ┆ PRED  ┆ 0.076   ┆ 0.246    ┆ NaN      ┆ NaN      ┆ -0.009  ┆ 0.257    ┆ 296839 │
│ A320     ┆ Flight path angle [deg] ┆ Descent      ┆ PRED  ┆ 0.508   ┆ 0.667    ┆ NaN      ┆ NaN      ┆ 0.109   ┆ 0.831    ┆ 91986  │
│ A320     ┆ Heading [deg]           ┆ All phases   ┆ PRED  ┆ 1.542   ┆ 6.924    ┆ NaN      ┆ NaN      ┆ -0.050  ┆ 7.093    ┆ 478843 │
│ A320     ┆ Heading [deg]           ┆ Climb        ┆ PRED  ┆ 1.952   ┆ 6.812    ┆ NaN      ┆ NaN      ┆ -0.080  ┆ 7.086    ┆ 90018  │
│ A320     ┆ Heading [deg]           ┆ Level flight ┆ PRED  ┆ 1.197   ┆ 6.256    ┆ NaN      ┆ NaN      ┆ -0.025  ┆ 6.369    ┆ 296839 │
│ A320     ┆ Heading [deg]           ┆ Descent      ┆ PRED  ┆ 2.257   ┆ 8.762    ┆ NaN      ┆ NaN      ┆ -0.101  ┆ 9.048    ┆ 91986  │
│ A320     ┆ True airspeed [m/s]     ┆ All phases   ┆ PRED  ┆ 2.964   ┆ 7.341    ┆ 1.714    ┆ 5.951    ┆ 0.533   ┆ 7.899    ┆ 478843 │
│ A320     ┆ True airspeed [m/s]     ┆ Climb        ┆ PRED  ┆ 5.537   ┆ 12.991   ┆ 3.494    ┆ 10.117   ┆ 3.518   ┆ 13.677   ┆ 90018  │
│ A320     ┆ True airspeed [m/s]     ┆ Level flight ┆ PRED  ┆ 1.901   ┆ 4.256    ┆ 0.972    ┆ 4.297    ┆ -0.108  ┆ 4.660    ┆ 296839 │
│ A320     ┆ True airspeed [m/s]     ┆ Descent      ┆ PRED  ┆ 3.877   ┆ 6.778    ┆ 2.368    ┆ 4.394    ┆ -0.319  ┆ 7.802    ┆ 91986  │
└──────────┴─────────────────────────┴──────────────┴───────┴─────────┴──────────┴──────────┴──────────┴─────────┴──────────┴────────┘

$ uv run fdm evaluate --arch adsb --config results/activation_relu_seed0/config.yaml --model-name activation_relu_seed0
