2026-05-13 20:15:44 [info     ] train_start                    arch=adsb device=cuda typecodes=['A320']
2026-05-13 20:15:44 [info     ] train_typecode                 typecode=A320
2026-05-13 20:15:44 [info     ] mode_weights_computed          alpha=0.5 bottom5_labels=[['ALT_MACH', 0.6206242276704164, 556092], ['ALT_UNK', 0.6891691293583678, 450975], ['TURN', 0.8913340435092099, 269602], ['UNKVERT_MACH', 0.9861637175043825, 220245], ['ALT_CAS', 1.0707556265239335, 186820]] imbalance_ratio=40.174252275682704 n_labels=13 top5_labels=[['VZ_CAS', 3.9337125975553753, 13842], ['VZ_UNK', 2.533593642654822, 33368], ['GAMMA_CAS', 2.453056495492336, 35595], ['VZ_MACH', 2.0015537788607305, 53465], ['UNKVERT_CAS', 1.936559122733483, 57114]] weight_ratio_max_over_min=6.33831620193271
2026-05-13 20:15:44 [info     ] loading_data                   train_flights=1594 val_flights=247
2026-05-13 20:15:44 [warning  ] e1_column_missing              column=fdm_g_sin_gamma_ms2
2026-05-13 20:15:44 [warning  ] e1_column_missing              column=fdm_cos_gamma
2026-05-13 20:15:44 [warning  ] e1_column_missing              column=fdm_q_pa
2026-05-13 20:15:44 [warning  ] e1_column_missing              column=fdm_g_over_v
2026-05-13 20:15:44 [warning  ] e1_column_missing              column=fdm_lat_wind_ms
2026-05-13 20:15:44 [warning  ] e1_column_missing              column=fdm_drift_rad
2026-05-13 20:15:44 [warning  ] e1_column_missing              column=fdm_track_rad
2026-05-13 20:15:44 [warning  ] e1_column_missing              column=fdm_heading_diff_rad
2026-05-13 20:15:51 [warning  ] e1_column_missing              column=fdm_g_sin_gamma_ms2
2026-05-13 20:15:51 [warning  ] e1_column_missing              column=fdm_cos_gamma
2026-05-13 20:15:51 [warning  ] e1_column_missing              column=fdm_q_pa
2026-05-13 20:15:51 [warning  ] e1_column_missing              column=fdm_g_over_v
2026-05-13 20:15:51 [warning  ] e1_column_missing              column=fdm_lat_wind_ms
2026-05-13 20:15:51 [warning  ] e1_column_missing              column=fdm_drift_rad
2026-05-13 20:15:51 [warning  ] e1_column_missing              column=fdm_track_rad
2026-05-13 20:15:51 [warning  ] e1_column_missing              column=fdm_heading_diff_rad
2026-05-13 20:15:52 [info     ] data_loaded                    train_samples=23212 val_samples=3628
2026-05-13 20:16:07 [debug    ] meta_saved                     path=data/models/activation_relu_seed0/meta.json
2026-05-13 20:16:07 [info     ] trainer_initialized            architecture=node_adsb_v1 device=cuda train_samples=23212 val_samples=3628
2026-05-13 20:16:07 [info     ] preloading_data_to_gpu
2026-05-13 20:16:07 [debug    ] epoch_start                    epoch=1 total_epochs=50
/data/common/dataiku/config/projects/NODEFDM/lib/python/.venv/lib/python3.12/site-packages/torch/_inductor/compile_fx.py:321: UserWarning: TensorFloat32 tensor cores for float32 matrix multiplication available but not enabled. Consider setting `torch.set_float32_matmul_precision('high')` for better performance.
  warnings.warn(
2026-05-13 20:16:31 [info     ] debug_magnitudes               norm_mean=['8568.283203', '-0.001322', '213.622833', '3.253931'] norm_std=['2269.236084', '0.038830', '32.838379', '1.246786'] ode_loss=0.840432
W0513 20:20:38.480000 126759 torch/_dynamo/convert_frame.py:1676] [0/8] torch._dynamo hit config.recompile_limit (8)
W0513 20:20:38.480000 126759 torch/_dynamo/convert_frame.py:1676] [0/8]    function: 'forward' (/data/common/dataiku/config/projects/NODEFDM/lib/python/packages/node-fdm/src/node_fdm/models/fdm.py:181)
W0513 20:20:38.480000 126759 torch/_dynamo/convert_frame.py:1676] [0/8]    last reason: 0/7: tensor 'self.history['raw_alt_m']' size mismatch at index 1. expected 1, actual 2
W0513 20:20:38.480000 126759 torch/_dynamo/convert_frame.py:1676] [0/8] To log all recompilation reasons, use TORCH_LOGS="recompiles".
W0513 20:20:38.480000 126759 torch/_dynamo/convert_frame.py:1676] [0/8] To diagnose recompilation issues, see https://pytorch.org/docs/main/compile/programming_model.recompilation.html
2026-05-13 20:20:39 [debug    ] meta_saved                     path=data/models/activation_relu_seed0/meta.json
2026-05-13 20:20:39 [debug    ] model_saved                    epoch=1
2026-05-13 20:20:39 [info     ] epoch_complete                 epoch=1 is_best=True lr=0.000208 total_epochs=50 train_loss=0.331087 val_loss=0.126111
2026-05-13 20:20:39 [debug    ] epoch_start                    epoch=2 total_epochs=50
2026-05-13 20:23:42 [debug    ] meta_saved                     path=data/models/activation_relu_seed0/meta.json
2026-05-13 20:23:42 [debug    ] model_saved                    epoch=2
2026-05-13 20:23:42 [info     ] epoch_complete                 epoch=2 is_best=True lr=0.00040600000000000087 total_epochs=50 train_loss=0.087838 val_loss=0.061351
2026-05-13 20:23:42 [debug    ] epoch_start                    epoch=3 total_epochs=50
2026-05-13 20:26:48 [debug    ] meta_saved                     path=data/models/activation_relu_seed0/meta.json
2026-05-13 20:26:48 [debug    ] model_saved                    epoch=3
2026-05-13 20:26:48 [info     ] epoch_complete                 epoch=3 is_best=True lr=0.0006040000000000002 total_epochs=50 train_loss=0.056936 val_loss=0.043311
2026-05-13 20:26:48 [debug    ] epoch_start                    epoch=4 total_epochs=50
2026-05-13 20:29:48 [debug    ] meta_saved                     path=data/models/activation_relu_seed0/meta.json
2026-05-13 20:29:48 [debug    ] model_saved                    epoch=4
2026-05-13 20:29:48 [info     ] epoch_complete                 epoch=4 is_best=True lr=0.0008020000000000004 total_epochs=50 train_loss=0.045409 val_loss=0.042136
2026-05-13 20:29:48 [debug    ] epoch_start                    epoch=5 total_epochs=50
2026-05-13 20:32:47 [debug    ] meta_saved                     path=data/models/activation_relu_seed0/meta.json
2026-05-13 20:32:47 [debug    ] model_saved                    epoch=5
2026-05-13 20:32:47 [info     ] epoch_complete                 epoch=5 is_best=True lr=0.001 total_epochs=50 train_loss=0.042863 val_loss=0.037175
2026-05-13 20:32:47 [debug    ] epoch_start                    epoch=6 total_epochs=50
2026-05-13 20:35:47 [debug    ] meta_saved                     path=data/models/activation_relu_seed0/meta.json
2026-05-13 20:35:47 [debug    ] model_saved                    epoch=6
2026-05-13 20:35:47 [info     ] epoch_complete                 epoch=6 is_best=True lr=0.0009780000000000014 total_epochs=50 train_loss=0.041464 val_loss=0.035845
2026-05-13 20:35:47 [debug    ] epoch_start                    epoch=7 total_epochs=50
2026-05-13 20:38:44 [info     ] epoch_complete                 epoch=7 is_best=False lr=0.0009560000000000012 total_epochs=50 train_loss=0.04074 val_loss=0.035897
2026-05-13 20:38:44 [debug    ] epoch_start                    epoch=8 total_epochs=50
2026-05-13 20:41:43 [debug    ] meta_saved                     path=data/models/activation_relu_seed0/meta.json
2026-05-13 20:41:43 [debug    ] model_saved                    epoch=8
2026-05-13 20:41:43 [info     ] epoch_complete                 epoch=8 is_best=True lr=0.0009340000000000011 total_epochs=50 train_loss=0.040178 val_loss=0.035288
2026-05-13 20:41:43 [debug    ] epoch_start                    epoch=9 total_epochs=50
2026-05-13 20:44:48 [debug    ] meta_saved                     path=data/models/activation_relu_seed0/meta.json
2026-05-13 20:44:48 [debug    ] model_saved                    epoch=9
2026-05-13 20:44:48 [info     ] epoch_complete                 epoch=9 is_best=True lr=0.0009120000000000012 total_epochs=50 train_loss=0.040208 val_loss=0.035173
2026-05-13 20:44:48 [debug    ] epoch_start                    epoch=10 total_epochs=50
2026-05-13 20:47:46 [info     ] epoch_complete                 epoch=10 is_best=False lr=0.0008900000000000021 total_epochs=50 train_loss=0.038638 val_loss=0.035566
2026-05-13 20:47:46 [debug    ] epoch_start                    epoch=11 total_epochs=50
2026-05-13 20:50:43 [info     ] epoch_complete                 epoch=11 is_best=False lr=0.000868000000000003 total_epochs=50 train_loss=0.038352 val_loss=0.035667
2026-05-13 20:50:43 [debug    ] epoch_start                    epoch=12 total_epochs=50
2026-05-13 20:53:48 [debug    ] meta_saved                     path=data/models/activation_relu_seed0/meta.json
2026-05-13 20:53:48 [debug    ] model_saved                    epoch=12
2026-05-13 20:53:48 [info     ] epoch_complete                 epoch=12 is_best=True lr=0.0008460000000000041 total_epochs=50 train_loss=0.038265 val_loss=0.03435
2026-05-13 20:53:48 [debug    ] epoch_start                    epoch=13 total_epochs=50
2026-05-13 20:56:45 [info     ] epoch_complete                 epoch=13 is_best=False lr=0.0008240000000000053 total_epochs=50 train_loss=0.037884 val_loss=0.03512
2026-05-13 20:56:45 [debug    ] epoch_start                    epoch=14 total_epochs=50
2026-05-13 20:59:46 [info     ] epoch_complete                 epoch=14 is_best=False lr=0.0008020000000000067 total_epochs=50 train_loss=0.037363 val_loss=0.034589
2026-05-13 20:59:46 [debug    ] epoch_start                    epoch=15 total_epochs=50
2026-05-13 21:02:42 [debug    ] meta_saved                     path=data/models/activation_relu_seed0/meta.json
2026-05-13 21:02:42 [debug    ] model_saved                    epoch=15
2026-05-13 21:02:42 [info     ] epoch_complete                 epoch=15 is_best=True lr=0.0007800000000000081 total_epochs=50 train_loss=0.037461 val_loss=0.034019
2026-05-13 21:02:42 [debug    ] epoch_start                    epoch=16 total_epochs=50
2026-05-13 21:05:41 [debug    ] meta_saved                     path=data/models/activation_relu_seed0/meta.json
2026-05-13 21:05:41 [debug    ] model_saved                    epoch=16
2026-05-13 21:05:41 [info     ] epoch_complete                 epoch=16 is_best=True lr=0.0007580000000000095 total_epochs=50 train_loss=0.03719 val_loss=0.033469
2026-05-13 21:05:41 [debug    ] epoch_start                    epoch=17 total_epochs=50
2026-05-13 21:08:34 [info     ] epoch_complete                 epoch=17 is_best=False lr=0.000736000000000011 total_epochs=50 train_loss=0.036866 val_loss=0.033984
2026-05-13 21:08:34 [debug    ] epoch_start                    epoch=18 total_epochs=50
2026-05-13 21:11:30 [info     ] epoch_complete                 epoch=18 is_best=False lr=0.0007140000000000124 total_epochs=50 train_loss=0.036676 val_loss=0.033913
2026-05-13 21:11:30 [debug    ] epoch_start                    epoch=19 total_epochs=50
2026-05-13 21:14:24 [info     ] epoch_complete                 epoch=19 is_best=False lr=0.0006920000000000138 total_epochs=50 train_loss=0.03787 val_loss=0.034727
2026-05-13 21:14:24 [debug    ] epoch_start                    epoch=20 total_epochs=50
2026-05-13 21:17:18 [info     ] epoch_complete                 epoch=20 is_best=False lr=0.0006700000000000152 total_epochs=50 train_loss=0.036792 val_loss=0.033832
2026-05-13 21:17:18 [debug    ] epoch_start                    epoch=21 total_epochs=50
2026-05-13 21:20:11 [info     ] epoch_complete                 epoch=21 is_best=False lr=0.0006480000000000166 total_epochs=50 train_loss=0.036548 val_loss=0.037932
2026-05-13 21:20:11 [debug    ] epoch_start                    epoch=22 total_epochs=50
2026-05-13 21:23:05 [debug    ] meta_saved                     path=data/models/activation_relu_seed0/meta.json
2026-05-13 21:23:05 [debug    ] model_saved                    epoch=22
2026-05-13 21:23:05 [info     ] epoch_complete                 epoch=22 is_best=True lr=0.000626000000000018 total_epochs=50 train_loss=0.036976 val_loss=0.033197
2026-05-13 21:23:05 [debug    ] epoch_start                    epoch=23 total_epochs=50
2026-05-13 21:25:58 [debug    ] meta_saved                     path=data/models/activation_relu_seed0/meta.json
2026-05-13 21:25:58 [debug    ] model_saved                    epoch=23
2026-05-13 21:25:58 [info     ] epoch_complete                 epoch=23 is_best=True lr=0.0006040000000000195 total_epochs=50 train_loss=0.035867 val_loss=0.032848
2026-05-13 21:25:58 [debug    ] epoch_start                    epoch=24 total_epochs=50
2026-05-13 21:28:51 [info     ] epoch_complete                 epoch=24 is_best=False lr=0.0005820000000000209 total_epochs=50 train_loss=0.035937 val_loss=0.033184
2026-05-13 21:28:51 [debug    ] epoch_start                    epoch=25 total_epochs=50
2026-05-13 21:31:45 [debug    ] meta_saved                     path=data/models/activation_relu_seed0/meta.json
2026-05-13 21:31:45 [debug    ] model_saved                    epoch=25
2026-05-13 21:31:45 [info     ] epoch_complete                 epoch=25 is_best=True lr=0.0005600000000000223 total_epochs=50 train_loss=0.035848 val_loss=0.032623
2026-05-13 21:31:45 [debug    ] epoch_start                    epoch=26 total_epochs=50
2026-05-13 21:34:38 [debug    ] meta_saved                     path=data/models/activation_relu_seed0/meta.json
2026-05-13 21:34:38 [debug    ] model_saved                    epoch=26
2026-05-13 21:34:38 [info     ] epoch_complete                 epoch=26 is_best=True lr=0.0005380000000000237 total_epochs=50 train_loss=0.035594 val_loss=0.032572
2026-05-13 21:34:38 [debug    ] epoch_start                    epoch=27 total_epochs=50
2026-05-13 21:37:32 [info     ] epoch_complete                 epoch=27 is_best=False lr=0.0005160000000000251 total_epochs=50 train_loss=0.051693 val_loss=0.054146
2026-05-13 21:37:32 [debug    ] epoch_start                    epoch=28 total_epochs=50
2026-05-13 21:40:25 [info     ] epoch_complete                 epoch=28 is_best=False lr=0.0004940000000000265 total_epochs=50 train_loss=0.041985 val_loss=0.034437
2026-05-13 21:40:25 [debug    ] epoch_start                    epoch=29 total_epochs=50
2026-05-13 21:43:17 [info     ] epoch_complete                 epoch=29 is_best=False lr=0.00047200000000002616 total_epochs=50 train_loss=0.036987 val_loss=0.033722
2026-05-13 21:43:17 [debug    ] epoch_start                    epoch=30 total_epochs=50
2026-05-13 21:46:10 [info     ] epoch_complete                 epoch=30 is_best=False lr=0.00045000000000002476 total_epochs=50 train_loss=0.039498 val_loss=0.033721
2026-05-13 21:46:10 [debug    ] epoch_start                    epoch=31 total_epochs=50
2026-05-13 21:49:04 [info     ] epoch_complete                 epoch=31 is_best=False lr=0.0004280000000000241 total_epochs=50 train_loss=0.039221 val_loss=0.034156
2026-05-13 21:49:04 [debug    ] epoch_start                    epoch=32 total_epochs=50
2026-05-13 21:51:57 [info     ] epoch_complete                 epoch=32 is_best=False lr=0.0004060000000000233 total_epochs=50 train_loss=0.036658 val_loss=0.033068
2026-05-13 21:51:57 [debug    ] epoch_start                    epoch=33 total_epochs=50
2026-05-13 21:54:49 [info     ] epoch_complete                 epoch=33 is_best=False lr=0.0003840000000000225 total_epochs=50 train_loss=0.035888 val_loss=0.032708
2026-05-13 21:54:49 [debug    ] epoch_start                    epoch=34 total_epochs=50
2026-05-13 21:57:44 [info     ] epoch_complete                 epoch=34 is_best=False lr=0.0003620000000000219 total_epochs=50 train_loss=0.036034 val_loss=0.040017
2026-05-13 21:57:44 [debug    ] epoch_start                    epoch=35 total_epochs=50
2026-05-13 22:00:38 [info     ] epoch_complete                 epoch=35 is_best=False lr=0.00034000000000002106 total_epochs=50 train_loss=0.037059 val_loss=0.032607
2026-05-13 22:00:38 [debug    ] epoch_start                    epoch=36 total_epochs=50
2026-05-13 22:03:31 [info     ] epoch_complete                 epoch=36 is_best=False lr=0.0003180000000000207 total_epochs=50 train_loss=0.035398 val_loss=0.032592
2026-05-13 22:03:31 [debug    ] epoch_start                    epoch=37 total_epochs=50
2026-05-13 22:06:34 [info     ] epoch_complete                 epoch=37 is_best=False lr=0.0002960000000000202 total_epochs=50 train_loss=0.035767 val_loss=0.034558
2026-05-13 22:06:34 [debug    ] epoch_start                    epoch=38 total_epochs=50
2026-05-13 22:09:27 [debug    ] meta_saved                     path=data/models/activation_relu_seed0/meta.json
2026-05-13 22:09:27 [debug    ] model_saved                    epoch=38
2026-05-13 22:09:27 [info     ] epoch_complete                 epoch=38 is_best=True lr=0.0002740000000000199 total_epochs=50 train_loss=0.035605 val_loss=0.032461
2026-05-13 22:09:27 [debug    ] epoch_start                    epoch=39 total_epochs=50
2026-05-13 22:12:20 [debug    ] meta_saved                     path=data/models/activation_relu_seed0/meta.json
2026-05-13 22:12:20 [debug    ] model_saved                    epoch=39
2026-05-13 22:12:20 [info     ] epoch_complete                 epoch=39 is_best=True lr=0.0002520000000000196 total_epochs=50 train_loss=0.035254 val_loss=0.032367
2026-05-13 22:12:20 [debug    ] epoch_start                    epoch=40 total_epochs=50
2026-05-13 22:15:15 [debug    ] meta_saved                     path=data/models/activation_relu_seed0/meta.json
2026-05-13 22:15:15 [debug    ] model_saved                    epoch=40
2026-05-13 22:15:15 [info     ] epoch_complete                 epoch=40 is_best=True lr=0.00023000000000001863 total_epochs=50 train_loss=0.035157 val_loss=0.032234
2026-05-13 22:15:15 [debug    ] epoch_start                    epoch=41 total_epochs=50
2026-05-13 22:18:10 [info     ] epoch_complete                 epoch=41 is_best=False lr=0.00020800000000001674 total_epochs=50 train_loss=0.03493 val_loss=0.032281
2026-05-13 22:18:10 [debug    ] epoch_start                    epoch=42 total_epochs=50
2026-05-13 22:21:04 [debug    ] meta_saved                     path=data/models/activation_relu_seed0/meta.json
2026-05-13 22:21:04 [debug    ] model_saved                    epoch=42
2026-05-13 22:21:04 [info     ] epoch_complete                 epoch=42 is_best=True lr=0.00018600000000001458 total_epochs=50 train_loss=0.034977 val_loss=0.032159
2026-05-13 22:21:04 [debug    ] epoch_start                    epoch=43 total_epochs=50
2026-05-13 22:23:58 [debug    ] meta_saved                     path=data/models/activation_relu_seed0/meta.json
2026-05-13 22:23:58 [debug    ] model_saved                    epoch=43
2026-05-13 22:23:58 [info     ] epoch_complete                 epoch=43 is_best=True lr=0.00016400000000001252 total_epochs=50 train_loss=0.035036 val_loss=0.032031
2026-05-13 22:23:58 [debug    ] epoch_start                    epoch=44 total_epochs=50
2026-05-13 22:26:51 [info     ] epoch_complete                 epoch=44 is_best=False lr=0.00014200000000001072 total_epochs=50 train_loss=0.034878 val_loss=0.032069
2026-05-13 22:26:51 [debug    ] epoch_start                    epoch=45 total_epochs=50
2026-05-13 22:29:45 [info     ] epoch_complete                 epoch=45 is_best=False lr=0.00012000000000000884 total_epochs=50 train_loss=0.034695 val_loss=0.032092
2026-05-13 22:29:45 [debug    ] epoch_start                    epoch=46 total_epochs=50
2026-05-13 22:32:38 [info     ] epoch_complete                 epoch=46 is_best=False lr=9.800000000000718e-05 total_epochs=50 train_loss=0.034693 val_loss=0.032117
2026-05-13 22:32:38 [debug    ] epoch_start                    epoch=47 total_epochs=50
2026-05-13 22:35:33 [debug    ] meta_saved                     path=data/models/activation_relu_seed0/meta.json
2026-05-13 22:35:33 [debug    ] model_saved                    epoch=47
2026-05-13 22:35:33 [info     ] epoch_complete                 epoch=47 is_best=True lr=7.60000000000058e-05 total_epochs=50 train_loss=0.03466 val_loss=0.032027
2026-05-13 22:35:33 [debug    ] epoch_start                    epoch=48 total_epochs=50
2026-05-13 22:38:27 [debug    ] meta_saved                     path=data/models/activation_relu_seed0/meta.json
2026-05-13 22:38:27 [debug    ] model_saved                    epoch=48
2026-05-13 22:38:27 [info     ] epoch_complete                 epoch=48 is_best=True lr=5.400000000000429e-05 total_epochs=50 train_loss=0.034532 val_loss=0.032015
2026-05-13 22:38:27 [debug    ] epoch_start                    epoch=49 total_epochs=50
2026-05-13 22:41:20 [debug    ] meta_saved                     path=data/models/activation_relu_seed0/meta.json
2026-05-13 22:41:20 [debug    ] model_saved                    epoch=49
2026-05-13 22:41:20 [info     ] epoch_complete                 epoch=49 is_best=True lr=3.200000000000247e-05 total_epochs=50 train_loss=0.034517 val_loss=0.031972
2026-05-13 22:41:20 [debug    ] epoch_start                    epoch=50 total_epochs=50
2026-05-13 22:44:15 [debug    ] meta_saved                     path=data/models/activation_relu_seed0/meta.json
2026-05-13 22:44:15 [debug    ] model_saved                    epoch=50
2026-05-13 22:44:15 [info     ] epoch_complete                 epoch=50 is_best=True lr=1.000000000000079e-05 total_epochs=50 train_loss=0.03449 val_loss=0.031913
2026-05-13 22:44:15 [info     ] training_log_saved             path=data/models/activation_relu_seed0/training_losses.csv
2026-05-13 22:44:15 [info     ] training_complete              best_val_loss=0.031913
2026-05-13 22:44:15 [info     ] train_typecode_done            typecode=A320
2026-05-13 22:44:15 [info     ] train_done                     typecodes=['A320']

$ uv run fdm train --arch adsb --config results/activation_relu_seed0/config.yaml --model-name activation_relu_seed0 --epochs 50 --batch-size 128 --lr 0.001 --method rk4 --seq-len 60 --train-limit 5000 --activation relu --seed 0 --device cuda --use-mode-weights --mode-weight-alpha 0.5
