2026-05-19 17:14:09 [info     ] train_start                    arch=adsb device=cuda typecodes=['A320']
2026-05-19 17:14:09 [info     ] train_typecode                 typecode=A320
2026-05-19 17:14:09 [info     ] loading_data                   train_flights=1594 val_flights=247
2026-05-19 17:14:09 [warning  ] e1_column_missing              column=fdm_g_sin_gamma_ms2
2026-05-19 17:14:09 [warning  ] e1_column_missing              column=fdm_cos_gamma
2026-05-19 17:14:09 [warning  ] e1_column_missing              column=fdm_q_pa
2026-05-19 17:14:09 [warning  ] e1_column_missing              column=fdm_g_over_v
2026-05-19 17:14:09 [warning  ] e1_column_missing              column=fdm_lat_wind_ms
2026-05-19 17:14:09 [warning  ] e1_column_missing              column=fdm_drift_rad
2026-05-19 17:14:09 [warning  ] e1_column_missing              column=fdm_track_rad
2026-05-19 17:14:09 [warning  ] e1_column_missing              column=fdm_heading_diff_rad
2026-05-19 17:14:15 [warning  ] e1_column_missing              column=fdm_g_sin_gamma_ms2
2026-05-19 17:14:15 [warning  ] e1_column_missing              column=fdm_cos_gamma
2026-05-19 17:14:15 [warning  ] e1_column_missing              column=fdm_q_pa
2026-05-19 17:14:15 [warning  ] e1_column_missing              column=fdm_g_over_v
2026-05-19 17:14:15 [warning  ] e1_column_missing              column=fdm_lat_wind_ms
2026-05-19 17:14:15 [warning  ] e1_column_missing              column=fdm_drift_rad
2026-05-19 17:14:15 [warning  ] e1_column_missing              column=fdm_track_rad
2026-05-19 17:14:15 [warning  ] e1_column_missing              column=fdm_heading_diff_rad
2026-05-19 17:14:15 [info     ] data_loaded                    train_samples=48117 val_samples=7518
2026-05-19 17:14:35 [debug    ] meta_saved                     path=data/models/hidden_64_seed2/meta.json
2026-05-19 17:14:35 [info     ] trainer_initialized            architecture=node_adsb_v1 device=cuda train_samples=48117 val_samples=7518
2026-05-19 17:14:35 [info     ] preloading_data_to_gpu
2026-05-19 17:14:35 [debug    ] epoch_start                    epoch=1 total_epochs=50
/data/common/dataiku/config/projects/NODEFDM/lib/python/.venv/lib/python3.12/site-packages/torch/_inductor/compile_fx.py:321: UserWarning: TensorFloat32 tensor cores for float32 matrix multiplication available but not enabled. Consider setting `torch.set_float32_matmul_precision('high')` for better performance.
  warnings.warn(
2026-05-19 17:14:55 [info     ] debug_magnitudes               norm_mean=['8427.359375', '-0.000899', '211.646118', '3.252943'] norm_std=['2287.523926', '0.040447', '34.116577', '1.247240'] ode_loss=0.124480
2026-05-19 17:22:02 [warning  ] nan_or_inf_loss                loss=nan
W0519 17:27:03.930000 2060355 torch/_dynamo/convert_frame.py:1676] [0/8] torch._dynamo hit config.recompile_limit (8)
W0519 17:27:03.930000 2060355 torch/_dynamo/convert_frame.py:1676] [0/8]    function: 'forward' (/data/common/dataiku/config/projects/NODEFDM/lib/python/packages/node-fdm/src/node_fdm/models/fdm.py:181)
W0519 17:27:03.930000 2060355 torch/_dynamo/convert_frame.py:1676] [0/8]    last reason: 0/7: tensor 'self.history['raw_alt_m']' size mismatch at index 1. expected 1, actual 2
W0519 17:27:03.930000 2060355 torch/_dynamo/convert_frame.py:1676] [0/8] To log all recompilation reasons, use TORCH_LOGS="recompiles".
W0519 17:27:03.930000 2060355 torch/_dynamo/convert_frame.py:1676] [0/8] To diagnose recompilation issues, see https://pytorch.org/docs/main/compile/programming_model.recompilation.html
2026-05-19 17:27:04 [debug    ] meta_saved                     path=data/models/hidden_64_seed2/meta.json
2026-05-19 17:27:04 [debug    ] model_saved                    epoch=1
2026-05-19 17:27:04 [info     ] epoch_complete                 epoch=1 is_best=True lr=0.00020800000000000077 total_epochs=50 train_loss=nan val_loss=0.03078
2026-05-19 17:27:04 [debug    ] epoch_start                    epoch=2 total_epochs=50
2026-05-19 17:27:30 [warning  ] nan_or_inf_loss                loss=nan
2026-05-19 17:38:22 [debug    ] meta_saved                     path=data/models/hidden_64_seed2/meta.json
2026-05-19 17:38:22 [debug    ] model_saved                    epoch=2
2026-05-19 17:38:22 [info     ] epoch_complete                 epoch=2 is_best=True lr=0.00040600000000000174 total_epochs=50 train_loss=nan val_loss=0.027045
2026-05-19 17:38:22 [debug    ] epoch_start                    epoch=3 total_epochs=50
2026-05-19 17:40:12 [warning  ] nan_or_inf_loss                loss=nan
2026-05-19 17:49:41 [debug    ] meta_saved                     path=data/models/hidden_64_seed2/meta.json
2026-05-19 17:49:41 [debug    ] model_saved                    epoch=3
2026-05-19 17:49:41 [info     ] epoch_complete                 epoch=3 is_best=True lr=0.0006040000000000034 total_epochs=50 train_loss=nan val_loss=0.025564
2026-05-19 17:49:41 [debug    ] epoch_start                    epoch=4 total_epochs=50
2026-05-19 17:50:47 [warning  ] nan_or_inf_loss                loss=nan
2026-05-19 18:01:00 [info     ] epoch_complete                 epoch=4 is_best=False lr=0.0008020000000000034 total_epochs=50 train_loss=nan val_loss=0.025753
2026-05-19 18:01:00 [debug    ] epoch_start                    epoch=5 total_epochs=50
2026-05-19 18:12:11 [warning  ] nan_or_inf_loss                loss=nan
2026-05-19 18:12:20 [debug    ] meta_saved                     path=data/models/hidden_64_seed2/meta.json
2026-05-19 18:12:20 [debug    ] model_saved                    epoch=5
2026-05-19 18:12:20 [info     ] epoch_complete                 epoch=5 is_best=True lr=0.001 total_epochs=50 train_loss=nan val_loss=0.025404
2026-05-19 18:12:20 [debug    ] epoch_start                    epoch=6 total_epochs=50
2026-05-19 18:13:03 [warning  ] nan_or_inf_loss                loss=nan
2026-05-19 18:23:41 [debug    ] meta_saved                     path=data/models/hidden_64_seed2/meta.json
2026-05-19 18:23:41 [debug    ] model_saved                    epoch=6
2026-05-19 18:23:41 [info     ] epoch_complete                 epoch=6 is_best=True lr=0.0009779999999999641 total_epochs=50 train_loss=nan val_loss=0.024428
2026-05-19 18:23:41 [debug    ] epoch_start                    epoch=7 total_epochs=50
2026-05-19 18:25:33 [warning  ] nan_or_inf_loss                loss=nan
2026-05-19 18:35:00 [debug    ] meta_saved                     path=data/models/hidden_64_seed2/meta.json
2026-05-19 18:35:00 [debug    ] model_saved                    epoch=7
2026-05-19 18:35:00 [info     ] epoch_complete                 epoch=7 is_best=True lr=0.000955999999999966 total_epochs=50 train_loss=nan val_loss=0.024223
2026-05-19 18:35:00 [debug    ] epoch_start                    epoch=8 total_epochs=50
2026-05-19 18:36:06 [warning  ] nan_or_inf_loss                loss=nan
2026-05-19 18:46:21 [debug    ] meta_saved                     path=data/models/hidden_64_seed2/meta.json
2026-05-19 18:46:21 [debug    ] model_saved                    epoch=8
2026-05-19 18:46:21 [info     ] epoch_complete                 epoch=8 is_best=True lr=0.0009339999999999676 total_epochs=50 train_loss=nan val_loss=0.02351
2026-05-19 18:46:21 [debug    ] epoch_start                    epoch=9 total_epochs=50
2026-05-19 18:52:17 [warning  ] nan_or_inf_loss                loss=nan
2026-05-19 18:57:42 [info     ] epoch_complete                 epoch=9 is_best=False lr=0.0009119999999999646 total_epochs=50 train_loss=nan val_loss=0.024025
2026-05-19 18:57:42 [debug    ] epoch_start                    epoch=10 total_epochs=50
2026-05-19 19:07:16 [warning  ] nan_or_inf_loss                loss=nan
2026-05-19 19:09:02 [info     ] epoch_complete                 epoch=10 is_best=False lr=0.0008899999999999641 total_epochs=50 train_loss=nan val_loss=0.024326
2026-05-19 19:09:02 [debug    ] epoch_start                    epoch=11 total_epochs=50
2026-05-19 19:12:12 [warning  ] nan_or_inf_loss                loss=nan
2026-05-19 19:20:21 [info     ] epoch_complete                 epoch=11 is_best=False lr=0.0008679999999999602 total_epochs=50 train_loss=nan val_loss=0.077574
2026-05-19 19:20:21 [debug    ] epoch_start                    epoch=12 total_epochs=50
2026-05-19 19:24:05 [warning  ] nan_or_inf_loss                loss=nan
2026-05-19 19:31:41 [info     ] epoch_complete                 epoch=12 is_best=False lr=0.0008459999999999557 total_epochs=50 train_loss=nan val_loss=0.078923
2026-05-19 19:31:41 [debug    ] epoch_start                    epoch=13 total_epochs=50
2026-05-19 19:33:43 [warning  ] nan_or_inf_loss                loss=nan
2026-05-19 19:43:01 [info     ] epoch_complete                 epoch=13 is_best=False lr=0.0008239999999999501 total_epochs=50 train_loss=nan val_loss=0.117225
2026-05-19 19:43:01 [debug    ] epoch_start                    epoch=14 total_epochs=50
2026-05-19 19:51:25 [warning  ] nan_or_inf_loss                loss=nan
2026-05-19 19:54:24 [info     ] epoch_complete                 epoch=14 is_best=False lr=0.0008019999999999432 total_epochs=50 train_loss=nan val_loss=0.304304
2026-05-19 19:54:24 [debug    ] epoch_start                    epoch=15 total_epochs=50
2026-05-19 19:59:41 [warning  ] nan_or_inf_loss                loss=nan
2026-05-19 20:05:44 [info     ] epoch_complete                 epoch=15 is_best=False lr=0.0007799999999999348 total_epochs=50 train_loss=nan val_loss=0.095859
2026-05-19 20:05:44 [debug    ] epoch_start                    epoch=16 total_epochs=50
2026-05-19 20:14:02 [warning  ] nan_or_inf_loss                loss=nan
2026-05-19 20:17:07 [info     ] epoch_complete                 epoch=16 is_best=False lr=0.0007579999999999236 total_epochs=50 train_loss=nan val_loss=0.160146
2026-05-19 20:17:07 [debug    ] epoch_start                    epoch=17 total_epochs=50
2026-05-19 20:24:08 [warning  ] nan_or_inf_loss                loss=nan
2026-05-19 20:28:32 [info     ] epoch_complete                 epoch=17 is_best=False lr=0.0007359999999999133 total_epochs=50 train_loss=nan val_loss=0.863481
2026-05-19 20:28:32 [debug    ] epoch_start                    epoch=18 total_epochs=50
2026-05-19 20:29:43 [warning  ] nan_or_inf_loss                loss=nan
2026-05-19 20:39:55 [info     ] epoch_complete                 epoch=18 is_best=False lr=0.0007139999999999008 total_epochs=50 train_loss=nan val_loss=0.572978
2026-05-19 20:39:55 [debug    ] epoch_start                    epoch=19 total_epochs=50
2026-05-19 20:43:18 [warning  ] nan_or_inf_loss                loss=nan
2026-05-19 20:51:17 [info     ] epoch_complete                 epoch=19 is_best=False lr=0.0006919999999998854 total_epochs=50 train_loss=nan val_loss=0.780391
2026-05-19 20:51:17 [debug    ] epoch_start                    epoch=20 total_epochs=50
2026-05-19 20:51:40 [warning  ] nan_or_inf_loss                loss=nan
2026-05-19 21:02:37 [info     ] epoch_complete                 epoch=20 is_best=False lr=0.0006699999999998693 total_epochs=50 train_loss=nan val_loss=1.453135
2026-05-19 21:02:37 [debug    ] epoch_start                    epoch=21 total_epochs=50
2026-05-19 21:10:09 [warning  ] nan_or_inf_loss                loss=nan
2026-05-19 21:13:58 [info     ] epoch_complete                 epoch=21 is_best=False lr=0.0006479999999998547 total_epochs=50 train_loss=nan val_loss=3.063608
2026-05-19 21:13:58 [debug    ] epoch_start                    epoch=22 total_epochs=50
2026-05-19 21:19:15 [warning  ] nan_or_inf_loss                loss=nan
2026-05-19 21:25:30 [info     ] epoch_complete                 epoch=22 is_best=False lr=0.0006259999999998386 total_epochs=50 train_loss=nan val_loss=3.05303
2026-05-19 21:25:30 [debug    ] epoch_start                    epoch=23 total_epochs=50
2026-05-19 21:26:12 [warning  ] nan_or_inf_loss                loss=nan
2026-05-19 21:36:49 [info     ] epoch_complete                 epoch=23 is_best=False lr=0.0006039999999998202 total_epochs=50 train_loss=nan val_loss=3.062536
2026-05-19 21:36:49 [debug    ] epoch_start                    epoch=24 total_epochs=50
2026-05-19 21:37:53 [warning  ] nan_or_inf_loss                loss=nan
2026-05-19 21:48:09 [info     ] epoch_complete                 epoch=24 is_best=False lr=0.0005819999999998049 total_epochs=50 train_loss=nan val_loss=3.062251
2026-05-19 21:48:09 [debug    ] epoch_start                    epoch=25 total_epochs=50
2026-05-19 21:55:04 [warning  ] nan_or_inf_loss                loss=nan
2026-05-19 21:59:28 [info     ] epoch_complete                 epoch=25 is_best=False lr=0.0005599999999997843 total_epochs=50 train_loss=nan val_loss=3.083902
2026-05-19 21:59:28 [debug    ] epoch_start                    epoch=26 total_epochs=50
2026-05-19 21:59:46 [warning  ] nan_or_inf_loss                loss=nan
2026-05-19 22:10:49 [info     ] epoch_complete                 epoch=26 is_best=False lr=0.0005379999999997661 total_epochs=50 train_loss=nan val_loss=1.709585
2026-05-19 22:10:49 [debug    ] epoch_start                    epoch=27 total_epochs=50
2026-05-19 22:22:05 [warning  ] nan_or_inf_loss                loss=nan
2026-05-19 22:22:10 [info     ] epoch_complete                 epoch=27 is_best=False lr=0.0005159999999997449 total_epochs=50 train_loss=nan val_loss=1.438445
2026-05-19 22:22:10 [debug    ] epoch_start                    epoch=28 total_epochs=50
2026-05-19 22:33:10 [warning  ] nan_or_inf_loss                loss=nan
2026-05-19 22:33:34 [info     ] epoch_complete                 epoch=28 is_best=False lr=0.0004939999999997231 total_epochs=50 train_loss=nan val_loss=1.315789
2026-05-19 22:33:34 [debug    ] epoch_start                    epoch=29 total_epochs=50
2026-05-19 22:40:48 [warning  ] nan_or_inf_loss                loss=nan
2026-05-19 22:44:50 [info     ] epoch_complete                 epoch=29 is_best=False lr=0.00047199999999972654 total_epochs=50 train_loss=nan val_loss=1.4434
2026-05-19 22:44:50 [debug    ] epoch_start                    epoch=30 total_epochs=50
2026-05-19 22:49:42 [warning  ] nan_or_inf_loss                loss=nan
2026-05-19 22:56:07 [info     ] epoch_complete                 epoch=30 is_best=False lr=0.00044999999999974005 total_epochs=50 train_loss=nan val_loss=1.443462
2026-05-19 22:56:07 [debug    ] epoch_start                    epoch=31 total_epochs=50
2026-05-19 23:04:24 [warning  ] nan_or_inf_loss                loss=nan
2026-05-19 23:07:25 [info     ] epoch_complete                 epoch=31 is_best=False lr=0.00042799999999975404 total_epochs=50 train_loss=nan val_loss=1.352772
2026-05-19 23:07:25 [debug    ] epoch_start                    epoch=32 total_epochs=50
2026-05-19 23:17:38 [warning  ] nan_or_inf_loss                loss=nan
2026-05-19 23:18:43 [info     ] epoch_complete                 epoch=32 is_best=False lr=0.0004059999999997666 total_epochs=50 train_loss=nan val_loss=1.139782
2026-05-19 23:18:43 [debug    ] epoch_start                    epoch=33 total_epochs=50
2026-05-19 23:29:10 [warning  ] nan_or_inf_loss                loss=nan
2026-05-19 23:30:00 [info     ] epoch_complete                 epoch=33 is_best=False lr=0.00038399999999978274 total_epochs=50 train_loss=nan val_loss=1.25489
2026-05-19 23:30:00 [debug    ] epoch_start                    epoch=34 total_epochs=50
2026-05-19 23:39:14 [warning  ] nan_or_inf_loss                loss=nan
2026-05-19 23:41:19 [info     ] epoch_complete                 epoch=34 is_best=False lr=0.0003619999999997976 total_epochs=50 train_loss=nan val_loss=1.07924
2026-05-19 23:41:19 [debug    ] epoch_start                    epoch=35 total_epochs=50
2026-05-19 23:44:34 [warning  ] nan_or_inf_loss                loss=nan
2026-05-19 23:52:39 [info     ] epoch_complete                 epoch=35 is_best=False lr=0.00033999999999981284 total_epochs=50 train_loss=nan val_loss=0.871432
2026-05-19 23:52:39 [debug    ] epoch_start                    epoch=36 total_epochs=50
2026-05-20 00:01:55 [warning  ] nan_or_inf_loss                loss=nan
2026-05-20 00:03:58 [info     ] epoch_complete                 epoch=36 is_best=False lr=0.00031799999999982846 total_epochs=50 train_loss=nan val_loss=0.624563
2026-05-20 00:03:58 [debug    ] epoch_start                    epoch=37 total_epochs=50
2026-05-20 00:10:32 [warning  ] nan_or_inf_loss                loss=nan
2026-05-20 00:15:14 [info     ] epoch_complete                 epoch=37 is_best=False lr=0.00029599999999984576 total_epochs=50 train_loss=nan val_loss=0.690148
2026-05-20 00:15:14 [debug    ] epoch_start                    epoch=38 total_epochs=50
2026-05-20 00:16:42 [warning  ] nan_or_inf_loss                loss=nan
2026-05-20 00:26:31 [info     ] epoch_complete                 epoch=38 is_best=False lr=0.00027399999999986176 total_epochs=50 train_loss=nan val_loss=0.740413
2026-05-20 00:26:31 [debug    ] epoch_start                    epoch=39 total_epochs=50
2026-05-20 00:27:26 [warning  ] nan_or_inf_loss                loss=nan
2026-05-20 00:42:19 [info     ] epoch_complete                 epoch=39 is_best=False lr=0.0002519999999998791 total_epochs=50 train_loss=nan val_loss=0.679799
2026-05-20 00:42:19 [debug    ] epoch_start                    epoch=40 total_epochs=50
2026-05-20 00:48:01 [warning  ] nan_or_inf_loss                loss=nan
2026-05-20 01:00:38 [info     ] epoch_complete                 epoch=40 is_best=False lr=0.00022999999999989115 total_epochs=50 train_loss=nan val_loss=0.773354
2026-05-20 01:00:38 [debug    ] epoch_start                    epoch=41 total_epochs=50
2026-05-20 01:04:02 [warning  ] nan_or_inf_loss                loss=nan
2026-05-20 01:12:15 [info     ] epoch_complete                 epoch=41 is_best=False lr=0.00020799999999989986 total_epochs=50 train_loss=nan val_loss=0.761466
2026-05-20 01:12:15 [debug    ] epoch_start                    epoch=42 total_epochs=50
2026-05-20 01:14:46 [warning  ] nan_or_inf_loss                loss=nan
2026-05-20 01:23:51 [info     ] epoch_complete                 epoch=42 is_best=False lr=0.00018599999999990713 total_epochs=50 train_loss=nan val_loss=0.753854
2026-05-20 01:23:51 [debug    ] epoch_start                    epoch=43 total_epochs=50
2026-05-20 01:25:17 [warning  ] nan_or_inf_loss                loss=nan
2026-05-20 01:35:26 [info     ] epoch_complete                 epoch=43 is_best=False lr=0.00016399999999991286 total_epochs=50 train_loss=nan val_loss=0.760866
2026-05-20 01:35:26 [debug    ] epoch_start                    epoch=44 total_epochs=50
2026-05-20 01:41:37 [warning  ] nan_or_inf_loss                loss=nan
2026-05-20 01:47:02 [info     ] epoch_complete                 epoch=44 is_best=False lr=0.00014199999999991775 total_epochs=50 train_loss=nan val_loss=0.781732
2026-05-20 01:47:02 [debug    ] epoch_start                    epoch=45 total_epochs=50
2026-05-20 01:49:03 [warning  ] nan_or_inf_loss                loss=nan
2026-05-20 01:58:37 [info     ] epoch_complete                 epoch=45 is_best=False lr=0.00011999999999992358 total_epochs=50 train_loss=nan val_loss=0.831259
2026-05-20 01:58:37 [debug    ] epoch_start                    epoch=46 total_epochs=50
2026-05-20 02:08:23 [warning  ] nan_or_inf_loss                loss=nan
2026-05-20 02:12:56 [info     ] epoch_complete                 epoch=46 is_best=False lr=9.799999999993738e-05 total_epochs=50 train_loss=nan val_loss=0.833618
2026-05-20 02:12:56 [debug    ] epoch_start                    epoch=47 total_epochs=50
2026-05-20 02:15:17 [warning  ] nan_or_inf_loss                loss=nan
2026-05-20 02:24:32 [info     ] epoch_complete                 epoch=47 is_best=False lr=7.599999999995096e-05 total_epochs=50 train_loss=nan val_loss=0.792561
2026-05-20 02:24:32 [debug    ] epoch_start                    epoch=48 total_epochs=50
2026-05-20 02:26:44 [warning  ] nan_or_inf_loss                loss=nan
2026-05-20 02:36:13 [info     ] epoch_complete                 epoch=48 is_best=False lr=5.399999999996508e-05 total_epochs=50 train_loss=nan val_loss=0.805211
2026-05-20 02:36:13 [debug    ] epoch_start                    epoch=49 total_epochs=50
2026-05-20 02:37:31 [warning  ] nan_or_inf_loss                loss=nan
2026-05-20 02:47:24 [info     ] epoch_complete                 epoch=49 is_best=False lr=3.1999999999980124e-05 total_epochs=50 train_loss=nan val_loss=0.798495
2026-05-20 02:47:24 [debug    ] epoch_start                    epoch=50 total_epochs=50
2026-05-20 02:56:44 [warning  ] nan_or_inf_loss                loss=nan
2026-05-20 02:57:28 [info     ] epoch_complete                 epoch=50 is_best=False lr=9.999999999993956e-06 total_epochs=50 train_loss=nan val_loss=0.789045
2026-05-20 02:57:28 [info     ] training_log_saved             path=data/models/hidden_64_seed2/training_losses.csv
2026-05-20 02:57:28 [info     ] training_complete              best_val_loss=0.02351
2026-05-20 02:57:28 [info     ] train_typecode_done            typecode=A320
2026-05-20 02:57:29 [info     ] train_done                     typecodes=['A320']

$ uv run fdm train --arch adsb --config results_run3/hidden_64_seed2/config.yaml --model-name hidden_64_seed2 --epochs 50 --batch-size 32 --lr 0.001 --method rk4 --seq-len 30 --train-limit 5000 --activation relu --seed 2 --backbone-depth 2 --head-depth 2 --hidden-width 64 --device cuda --no-use-mode-weights
