2026-05-18 20:07:22 [info     ] train_start                    arch=adsb device=cuda typecodes=['A320']
2026-05-18 20:07:22 [info     ] train_typecode                 typecode=A320
2026-05-18 20:07:22 [info     ] loading_data                   train_flights=1594 val_flights=247
2026-05-18 20:07:22 [warning  ] e1_column_missing              column=fdm_g_sin_gamma_ms2
2026-05-18 20:07:22 [warning  ] e1_column_missing              column=fdm_cos_gamma
2026-05-18 20:07:22 [warning  ] e1_column_missing              column=fdm_q_pa
2026-05-18 20:07:22 [warning  ] e1_column_missing              column=fdm_g_over_v
2026-05-18 20:07:22 [warning  ] e1_column_missing              column=fdm_lat_wind_ms
2026-05-18 20:07:22 [warning  ] e1_column_missing              column=fdm_drift_rad
2026-05-18 20:07:22 [warning  ] e1_column_missing              column=fdm_track_rad
2026-05-18 20:07:22 [warning  ] e1_column_missing              column=fdm_heading_diff_rad
2026-05-18 20:07:28 [warning  ] e1_column_missing              column=fdm_g_sin_gamma_ms2
2026-05-18 20:07:28 [warning  ] e1_column_missing              column=fdm_cos_gamma
2026-05-18 20:07:28 [warning  ] e1_column_missing              column=fdm_q_pa
2026-05-18 20:07:28 [warning  ] e1_column_missing              column=fdm_g_over_v
2026-05-18 20:07:28 [warning  ] e1_column_missing              column=fdm_lat_wind_ms
2026-05-18 20:07:28 [warning  ] e1_column_missing              column=fdm_drift_rad
2026-05-18 20:07:28 [warning  ] e1_column_missing              column=fdm_track_rad
2026-05-18 20:07:28 [warning  ] e1_column_missing              column=fdm_heading_diff_rad
2026-05-18 20:07:28 [info     ] data_loaded                    train_samples=48117 val_samples=7518
2026-05-18 20:07:48 [debug    ] meta_saved                     path=data/models/bs_64_seed0/meta.json
2026-05-18 20:07:48 [info     ] trainer_initialized            architecture=node_adsb_v1 device=cuda train_samples=48117 val_samples=7518
2026-05-18 20:07:48 [info     ] preloading_data_to_gpu
2026-05-18 20:07:48 [debug    ] epoch_start                    epoch=1 total_epochs=50
/data/common/dataiku/config/projects/NODEFDM/lib/python/.venv/lib/python3.12/site-packages/torch/_inductor/compile_fx.py:321: UserWarning: TensorFloat32 tensor cores for float32 matrix multiplication available but not enabled. Consider setting `torch.set_float32_matmul_precision('high')` for better performance.
  warnings.warn(
2026-05-18 20:08:11 [info     ] debug_magnitudes               norm_mean=['8427.359375', '-0.000899', '211.646118', '3.252943'] norm_std=['2287.523926', '0.040447', '34.116577', '1.247240'] ode_loss=0.351739
2026-05-18 20:08:24 [warning  ] nan_or_inf_loss                loss=nan
W0518 20:15:04.308000 1364993 torch/_dynamo/convert_frame.py:1676] [0/8] torch._dynamo hit config.recompile_limit (8)
W0518 20:15:04.308000 1364993 torch/_dynamo/convert_frame.py:1676] [0/8]    function: 'forward' (/data/common/dataiku/config/projects/NODEFDM/lib/python/packages/node-fdm/src/node_fdm/models/fdm.py:181)
W0518 20:15:04.308000 1364993 torch/_dynamo/convert_frame.py:1676] [0/8]    last reason: 0/7: tensor 'self.history['raw_alt_m']' size mismatch at index 1. expected 1, actual 2
W0518 20:15:04.308000 1364993 torch/_dynamo/convert_frame.py:1676] [0/8] To log all recompilation reasons, use TORCH_LOGS="recompiles".
W0518 20:15:04.308000 1364993 torch/_dynamo/convert_frame.py:1676] [0/8] To diagnose recompilation issues, see https://pytorch.org/docs/main/compile/programming_model.recompilation.html
2026-05-18 20:15:04 [debug    ] meta_saved                     path=data/models/bs_64_seed0/meta.json
2026-05-18 20:15:04 [debug    ] model_saved                    epoch=1
2026-05-18 20:15:04 [info     ] epoch_complete                 epoch=1 is_best=True lr=0.00020800000000000123 total_epochs=50 train_loss=nan val_loss=0.036394
2026-05-18 20:15:04 [debug    ] epoch_start                    epoch=2 total_epochs=50
2026-05-18 20:17:02 [warning  ] nan_or_inf_loss                loss=nan
2026-05-18 20:20:43 [debug    ] meta_saved                     path=data/models/bs_64_seed0/meta.json
2026-05-18 20:20:43 [debug    ] model_saved                    epoch=2
2026-05-18 20:20:43 [info     ] epoch_complete                 epoch=2 is_best=True lr=0.0004060000000000046 total_epochs=50 train_loss=nan val_loss=0.028369
2026-05-18 20:20:43 [debug    ] epoch_start                    epoch=3 total_epochs=50
2026-05-18 20:22:23 [warning  ] nan_or_inf_loss                loss=nan
2026-05-18 20:26:18 [debug    ] meta_saved                     path=data/models/bs_64_seed0/meta.json
2026-05-18 20:26:18 [debug    ] model_saved                    epoch=3
2026-05-18 20:26:18 [info     ] epoch_complete                 epoch=3 is_best=True lr=0.0006040000000000097 total_epochs=50 train_loss=nan val_loss=0.027131
2026-05-18 20:26:18 [debug    ] epoch_start                    epoch=4 total_epochs=50
2026-05-18 20:31:48 [warning  ] nan_or_inf_loss                loss=nan
2026-05-18 20:32:01 [info     ] epoch_complete                 epoch=4 is_best=False lr=0.0008020000000000093 total_epochs=50 train_loss=nan val_loss=0.028495
2026-05-18 20:32:01 [debug    ] epoch_start                    epoch=5 total_epochs=50
2026-05-18 20:32:14 [warning  ] nan_or_inf_loss                loss=nan
2026-05-18 20:37:42 [debug    ] meta_saved                     path=data/models/bs_64_seed0/meta.json
2026-05-18 20:37:42 [debug    ] model_saved                    epoch=5
2026-05-18 20:37:42 [info     ] epoch_complete                 epoch=5 is_best=True lr=0.001 total_epochs=50 train_loss=nan val_loss=0.025146
2026-05-18 20:37:42 [debug    ] epoch_start                    epoch=6 total_epochs=50
2026-05-18 20:42:21 [warning  ] nan_or_inf_loss                loss=nan
2026-05-18 20:43:23 [debug    ] meta_saved                     path=data/models/bs_64_seed0/meta.json
2026-05-18 20:43:23 [debug    ] model_saved                    epoch=6
2026-05-18 20:43:23 [info     ] epoch_complete                 epoch=6 is_best=True lr=0.0009779999999999641 total_epochs=50 train_loss=nan val_loss=0.0251
2026-05-18 20:43:23 [debug    ] epoch_start                    epoch=7 total_epochs=50
2026-05-18 20:46:30 [warning  ] nan_or_inf_loss                loss=nan
2026-05-18 20:49:05 [info     ] epoch_complete                 epoch=7 is_best=False lr=0.0009559999999999605 total_epochs=50 train_loss=nan val_loss=0.025881
2026-05-18 20:49:05 [debug    ] epoch_start                    epoch=8 total_epochs=50
2026-05-18 20:53:04 [warning  ] nan_or_inf_loss                loss=nan
2026-05-18 20:54:47 [debug    ] meta_saved                     path=data/models/bs_64_seed0/meta.json
2026-05-18 20:54:47 [debug    ] model_saved                    epoch=8
2026-05-18 20:54:47 [info     ] epoch_complete                 epoch=8 is_best=True lr=0.0009339999999999578 total_epochs=50 train_loss=nan val_loss=0.024041
2026-05-18 20:54:47 [debug    ] epoch_start                    epoch=9 total_epochs=50
2026-05-18 20:57:16 [warning  ] nan_or_inf_loss                loss=nan
2026-05-18 21:00:28 [info     ] epoch_complete                 epoch=9 is_best=False lr=0.0009119999999999566 total_epochs=50 train_loss=nan val_loss=0.025341
2026-05-18 21:00:28 [debug    ] epoch_start                    epoch=10 total_epochs=50
2026-05-18 21:01:19 [warning  ] nan_or_inf_loss                loss=nan
2026-05-18 21:06:09 [debug    ] meta_saved                     path=data/models/bs_64_seed0/meta.json
2026-05-18 21:06:09 [debug    ] model_saved                    epoch=10
2026-05-18 21:06:09 [info     ] epoch_complete                 epoch=10 is_best=True lr=0.000889999999999957 total_epochs=50 train_loss=nan val_loss=0.023727
2026-05-18 21:06:09 [debug    ] epoch_start                    epoch=11 total_epochs=50
2026-05-18 21:07:10 [warning  ] nan_or_inf_loss                loss=nan
2026-05-18 21:11:49 [info     ] epoch_complete                 epoch=11 is_best=False lr=0.0008679999999999566 total_epochs=50 train_loss=nan val_loss=0.024069
2026-05-18 21:11:49 [debug    ] epoch_start                    epoch=12 total_epochs=50
2026-05-18 21:12:48 [warning  ] nan_or_inf_loss                loss=nan
2026-05-18 21:17:29 [info     ] epoch_complete                 epoch=12 is_best=False lr=0.0008459999999999577 total_epochs=50 train_loss=nan val_loss=0.024153
2026-05-18 21:17:29 [debug    ] epoch_start                    epoch=13 total_epochs=50
2026-05-18 21:19:15 [warning  ] nan_or_inf_loss                loss=nan
2026-05-18 21:23:09 [info     ] epoch_complete                 epoch=13 is_best=False lr=0.0008239999999999574 total_epochs=50 train_loss=nan val_loss=0.02396
2026-05-18 21:23:09 [debug    ] epoch_start                    epoch=14 total_epochs=50
2026-05-18 21:24:10 [warning  ] nan_or_inf_loss                loss=nan
2026-05-18 21:28:50 [debug    ] meta_saved                     path=data/models/bs_64_seed0/meta.json
2026-05-18 21:28:50 [debug    ] model_saved                    epoch=14
2026-05-18 21:28:50 [info     ] epoch_complete                 epoch=14 is_best=True lr=0.0008019999999999602 total_epochs=50 train_loss=nan val_loss=0.023588
2026-05-18 21:28:50 [debug    ] epoch_start                    epoch=15 total_epochs=50
2026-05-18 21:33:53 [warning  ] nan_or_inf_loss                loss=nan
2026-05-18 21:34:29 [info     ] epoch_complete                 epoch=15 is_best=False lr=0.0007799999999999617 total_epochs=50 train_loss=nan val_loss=0.023606
2026-05-18 21:34:29 [debug    ] epoch_start                    epoch=16 total_epochs=50
2026-05-18 21:34:58 [warning  ] nan_or_inf_loss                loss=nan
2026-05-18 21:40:10 [info     ] epoch_complete                 epoch=16 is_best=False lr=0.000757999999999961 total_epochs=50 train_loss=nan val_loss=0.02377
2026-05-18 21:40:10 [debug    ] epoch_start                    epoch=17 total_epochs=50
2026-05-18 21:43:45 [warning  ] nan_or_inf_loss                loss=nan
2026-05-18 21:45:50 [debug    ] meta_saved                     path=data/models/bs_64_seed0/meta.json
2026-05-18 21:45:50 [debug    ] model_saved                    epoch=17
2026-05-18 21:45:50 [info     ] epoch_complete                 epoch=17 is_best=True lr=0.0007359999999999604 total_epochs=50 train_loss=nan val_loss=0.023368
2026-05-18 21:45:50 [debug    ] epoch_start                    epoch=18 total_epochs=50
2026-05-18 21:51:24 [warning  ] nan_or_inf_loss                loss=nan
2026-05-18 21:51:31 [info     ] epoch_complete                 epoch=18 is_best=False lr=0.0007139999999999597 total_epochs=50 train_loss=nan val_loss=0.023527
2026-05-18 21:51:31 [debug    ] epoch_start                    epoch=19 total_epochs=50
2026-05-18 21:56:17 [warning  ] nan_or_inf_loss                loss=nan
2026-05-18 21:57:12 [info     ] epoch_complete                 epoch=19 is_best=False lr=0.0006919999999999592 total_epochs=50 train_loss=nan val_loss=0.023515
2026-05-18 21:57:12 [debug    ] epoch_start                    epoch=20 total_epochs=50
2026-05-18 22:01:44 [warning  ] nan_or_inf_loss                loss=nan
2026-05-18 22:02:54 [debug    ] meta_saved                     path=data/models/bs_64_seed0/meta.json
2026-05-18 22:02:54 [debug    ] model_saved                    epoch=20
2026-05-18 22:02:54 [info     ] epoch_complete                 epoch=20 is_best=True lr=0.000669999999999957 total_epochs=50 train_loss=nan val_loss=0.023248
2026-05-18 22:02:54 [debug    ] epoch_start                    epoch=21 total_epochs=50
2026-05-18 22:04:18 [warning  ] nan_or_inf_loss                loss=nan
2026-05-18 22:08:34 [debug    ] meta_saved                     path=data/models/bs_64_seed0/meta.json
2026-05-18 22:08:34 [debug    ] model_saved                    epoch=21
2026-05-18 22:08:34 [info     ] epoch_complete                 epoch=21 is_best=True lr=0.0006479999999999561 total_epochs=50 train_loss=nan val_loss=0.023146
2026-05-18 22:08:34 [debug    ] epoch_start                    epoch=22 total_epochs=50
2026-05-18 22:11:45 [warning  ] nan_or_inf_loss                loss=nan
2026-05-18 22:14:14 [debug    ] meta_saved                     path=data/models/bs_64_seed0/meta.json
2026-05-18 22:14:14 [debug    ] model_saved                    epoch=22
2026-05-18 22:14:14 [info     ] epoch_complete                 epoch=22 is_best=True lr=0.0006259999999999549 total_epochs=50 train_loss=nan val_loss=0.022866
2026-05-18 22:14:14 [debug    ] epoch_start                    epoch=23 total_epochs=50
2026-05-18 22:15:27 [warning  ] nan_or_inf_loss                loss=nan
2026-05-18 22:19:54 [info     ] epoch_complete                 epoch=23 is_best=False lr=0.0006039999999999555 total_epochs=50 train_loss=nan val_loss=0.02324
2026-05-18 22:19:54 [debug    ] epoch_start                    epoch=24 total_epochs=50
2026-05-18 22:24:00 [warning  ] nan_or_inf_loss                loss=nan
2026-05-18 22:25:36 [info     ] epoch_complete                 epoch=24 is_best=False lr=0.0005819999999999556 total_epochs=50 train_loss=nan val_loss=0.023151
2026-05-18 22:25:36 [debug    ] epoch_start                    epoch=25 total_epochs=50
2026-05-18 22:30:31 [warning  ] nan_or_inf_loss                loss=nan
2026-05-18 22:31:17 [debug    ] meta_saved                     path=data/models/bs_64_seed0/meta.json
2026-05-18 22:31:17 [debug    ] model_saved                    epoch=25
2026-05-18 22:31:17 [info     ] epoch_complete                 epoch=25 is_best=True lr=0.000559999999999953 total_epochs=50 train_loss=nan val_loss=0.022855
2026-05-18 22:31:17 [debug    ] epoch_start                    epoch=26 total_epochs=50
2026-05-18 22:36:06 [warning  ] nan_or_inf_loss                loss=nan
2026-05-18 22:36:58 [info     ] epoch_complete                 epoch=26 is_best=False lr=0.0005379999999999528 total_epochs=50 train_loss=nan val_loss=0.022863
2026-05-18 22:36:58 [debug    ] epoch_start                    epoch=27 total_epochs=50
2026-05-18 22:37:29 [warning  ] nan_or_inf_loss                loss=nan
2026-05-18 22:42:39 [info     ] epoch_complete                 epoch=27 is_best=False lr=0.0005159999999999556 total_epochs=50 train_loss=nan val_loss=0.023573
2026-05-18 22:42:39 [debug    ] epoch_start                    epoch=28 total_epochs=50
2026-05-18 22:42:44 [warning  ] nan_or_inf_loss                loss=nan
2026-05-18 22:48:20 [info     ] epoch_complete                 epoch=28 is_best=False lr=0.0004939999999999543 total_epochs=50 train_loss=nan val_loss=0.03353
2026-05-18 22:48:20 [debug    ] epoch_start                    epoch=29 total_epochs=50
2026-05-18 22:50:24 [warning  ] nan_or_inf_loss                loss=nan
2026-05-18 22:54:01 [info     ] epoch_complete                 epoch=29 is_best=False lr=0.00047199999999995607 total_epochs=50 train_loss=nan val_loss=0.028323
2026-05-18 22:54:01 [debug    ] epoch_start                    epoch=30 total_epochs=50
2026-05-18 22:59:30 [warning  ] nan_or_inf_loss                loss=nan
2026-05-18 22:59:41 [info     ] epoch_complete                 epoch=30 is_best=False lr=0.00044999999999995944 total_epochs=50 train_loss=nan val_loss=0.025458
2026-05-18 22:59:41 [debug    ] epoch_start                    epoch=31 total_epochs=50
2026-05-18 22:59:46 [warning  ] nan_or_inf_loss                loss=nan
2026-05-18 23:05:21 [info     ] epoch_complete                 epoch=31 is_best=False lr=0.00042799999999996313 total_epochs=50 train_loss=nan val_loss=0.024306
2026-05-18 23:05:21 [debug    ] epoch_start                    epoch=32 total_epochs=50
2026-05-18 23:07:29 [warning  ] nan_or_inf_loss                loss=nan
2026-05-18 23:11:00 [info     ] epoch_complete                 epoch=32 is_best=False lr=0.00040599999999996786 total_epochs=50 train_loss=nan val_loss=0.023769
2026-05-18 23:11:00 [debug    ] epoch_start                    epoch=33 total_epochs=50
2026-05-18 23:14:09 [warning  ] nan_or_inf_loss                loss=nan
2026-05-18 23:16:39 [info     ] epoch_complete                 epoch=33 is_best=False lr=0.00038399999999997274 total_epochs=50 train_loss=nan val_loss=0.023709
2026-05-18 23:16:39 [debug    ] epoch_start                    epoch=34 total_epochs=50
2026-05-18 23:21:24 [warning  ] nan_or_inf_loss                loss=nan
2026-05-18 23:22:17 [info     ] epoch_complete                 epoch=34 is_best=False lr=0.00036199999999997763 total_epochs=50 train_loss=nan val_loss=0.02366
2026-05-18 23:22:17 [debug    ] epoch_start                    epoch=35 total_epochs=50
2026-05-18 23:27:33 [warning  ] nan_or_inf_loss                loss=nan
2026-05-18 23:27:56 [info     ] epoch_complete                 epoch=35 is_best=False lr=0.0003399999999999825 total_epochs=50 train_loss=nan val_loss=0.023247
2026-05-18 23:27:56 [debug    ] epoch_start                    epoch=36 total_epochs=50
2026-05-18 23:32:03 [warning  ] nan_or_inf_loss                loss=nan
2026-05-18 23:33:36 [info     ] epoch_complete                 epoch=36 is_best=False lr=0.0003179999999999874 total_epochs=50 train_loss=nan val_loss=0.023292
2026-05-18 23:33:36 [debug    ] epoch_start                    epoch=37 total_epochs=50
2026-05-18 23:34:37 [warning  ] nan_or_inf_loss                loss=nan
2026-05-18 23:39:16 [debug    ] meta_saved                     path=data/models/bs_64_seed0/meta.json
2026-05-18 23:39:16 [debug    ] model_saved                    epoch=37
2026-05-18 23:39:16 [info     ] epoch_complete                 epoch=37 is_best=True lr=0.0002959999999999923 total_epochs=50 train_loss=nan val_loss=0.022847
2026-05-18 23:39:16 [debug    ] epoch_start                    epoch=38 total_epochs=50
2026-05-18 23:42:55 [warning  ] nan_or_inf_loss                loss=nan
2026-05-18 23:44:56 [info     ] epoch_complete                 epoch=38 is_best=False lr=0.0002739999999999972 total_epochs=50 train_loss=nan val_loss=0.023025
2026-05-18 23:44:56 [debug    ] epoch_start                    epoch=39 total_epochs=50
2026-05-18 23:46:00 [warning  ] nan_or_inf_loss                loss=nan
2026-05-18 23:50:36 [info     ] epoch_complete                 epoch=39 is_best=False lr=0.00025200000000000206 total_epochs=50 train_loss=nan val_loss=0.02286
2026-05-18 23:50:36 [debug    ] epoch_start                    epoch=40 total_epochs=50
2026-05-18 23:54:42 [warning  ] nan_or_inf_loss                loss=nan
2026-05-18 23:56:17 [debug    ] meta_saved                     path=data/models/bs_64_seed0/meta.json
2026-05-18 23:56:17 [debug    ] model_saved                    epoch=40
2026-05-18 23:56:17 [info     ] epoch_complete                 epoch=40 is_best=True lr=0.00023000000000000348 total_epochs=50 train_loss=nan val_loss=0.022598
2026-05-18 23:56:17 [debug    ] epoch_start                    epoch=41 total_epochs=50
2026-05-18 23:56:18 [warning  ] nan_or_inf_loss                loss=nan
2026-05-19 00:01:57 [info     ] epoch_complete                 epoch=41 is_best=False lr=0.00020800000000000357 total_epochs=50 train_loss=nan val_loss=0.022709
2026-05-19 00:01:57 [debug    ] epoch_start                    epoch=42 total_epochs=50
2026-05-19 00:02:24 [warning  ] nan_or_inf_loss                loss=nan
2026-05-19 00:07:37 [info     ] epoch_complete                 epoch=42 is_best=False lr=0.00018600000000000447 total_epochs=50 train_loss=nan val_loss=0.022836
2026-05-19 00:07:37 [debug    ] epoch_start                    epoch=43 total_epochs=50
2026-05-19 00:08:21 [warning  ] nan_or_inf_loss                loss=nan
2026-05-19 00:13:17 [debug    ] meta_saved                     path=data/models/bs_64_seed0/meta.json
2026-05-19 00:13:17 [debug    ] model_saved                    epoch=43
2026-05-19 00:13:17 [info     ] epoch_complete                 epoch=43 is_best=True lr=0.00016400000000000613 total_epochs=50 train_loss=nan val_loss=0.022553
2026-05-19 00:13:17 [debug    ] epoch_start                    epoch=44 total_epochs=50
2026-05-19 00:16:34 [warning  ] nan_or_inf_loss                loss=nan
2026-05-19 00:18:58 [debug    ] meta_saved                     path=data/models/bs_64_seed0/meta.json
2026-05-19 00:18:58 [debug    ] model_saved                    epoch=44
2026-05-19 00:18:58 [info     ] epoch_complete                 epoch=44 is_best=True lr=0.00014200000000000754 total_epochs=50 train_loss=nan val_loss=0.022503
2026-05-19 00:18:58 [debug    ] epoch_start                    epoch=45 total_epochs=50
2026-05-19 00:24:03 [warning  ] nan_or_inf_loss                loss=nan
2026-05-19 00:24:39 [info     ] epoch_complete                 epoch=45 is_best=False lr=0.00012000000000000895 total_epochs=50 train_loss=nan val_loss=0.022548
2026-05-19 00:24:39 [debug    ] epoch_start                    epoch=46 total_epochs=50
2026-05-19 00:26:26 [warning  ] nan_or_inf_loss                loss=nan
2026-05-19 00:30:19 [info     ] epoch_complete                 epoch=46 is_best=False lr=9.800000000000715e-05 total_epochs=50 train_loss=nan val_loss=0.022505
2026-05-19 00:30:19 [debug    ] epoch_start                    epoch=47 total_epochs=50
2026-05-19 00:34:17 [warning  ] nan_or_inf_loss                loss=nan
2026-05-19 00:39:24 [debug    ] meta_saved                     path=data/models/bs_64_seed0/meta.json
2026-05-19 00:39:24 [debug    ] model_saved                    epoch=47
2026-05-19 00:39:24 [info     ] epoch_complete                 epoch=47 is_best=True lr=7.600000000000502e-05 total_epochs=50 train_loss=nan val_loss=0.022405
2026-05-19 00:39:24 [debug    ] epoch_start                    epoch=48 total_epochs=50
2026-05-19 00:42:12 [warning  ] nan_or_inf_loss                loss=nan
2026-05-19 00:48:41 [info     ] epoch_complete                 epoch=48 is_best=False lr=5.4000000000003054e-05 total_epochs=50 train_loss=nan val_loss=0.022417
2026-05-19 00:48:41 [debug    ] epoch_start                    epoch=49 total_epochs=50
2026-05-19 00:56:23 [warning  ] nan_or_inf_loss                loss=nan
2026-05-19 00:58:14 [debug    ] meta_saved                     path=data/models/bs_64_seed0/meta.json
2026-05-19 00:58:14 [debug    ] model_saved                    epoch=49
2026-05-19 00:58:14 [info     ] epoch_complete                 epoch=49 is_best=True lr=3.2000000000002384e-05 total_epochs=50 train_loss=nan val_loss=0.022363
2026-05-19 00:58:14 [debug    ] epoch_start                    epoch=50 total_epochs=50
2026-05-19 01:01:16 [warning  ] nan_or_inf_loss                loss=nan
2026-05-19 01:04:11 [debug    ] meta_saved                     path=data/models/bs_64_seed0/meta.json
2026-05-19 01:04:11 [debug    ] model_saved                    epoch=50
2026-05-19 01:04:11 [info     ] epoch_complete                 epoch=50 is_best=True lr=1.0000000000000765e-05 total_epochs=50 train_loss=nan val_loss=0.022362
2026-05-19 01:04:11 [info     ] training_log_saved             path=data/models/bs_64_seed0/training_losses.csv
2026-05-19 01:04:11 [info     ] training_complete              best_val_loss=0.022362
2026-05-19 01:04:11 [info     ] train_typecode_done            typecode=A320
2026-05-19 01:04:11 [info     ] train_done                     typecodes=['A320']

$ uv run fdm train --arch adsb --config results_run3/bs_64_seed0/config.yaml --model-name bs_64_seed0 --epochs 50 --batch-size 64 --lr 0.001 --method rk4 --seq-len 30 --train-limit 5000 --activation relu --seed 0 --backbone-depth 2 --head-depth 2 --hidden-width 48 --device cuda --no-use-mode-weights
