2026-05-13 16:31:57 [info     ] evaluate_start                 arch=adsb typecodes=['A320']
2026-05-13 16:31:57 [info     ] evaluate_typecode              flights=542 typecode=A320
2026-05-13 16:32:09 [info     ] evaluate_done                  output=data/model_performance/weighting_off_seed2/performance.parquet rows=16
shape: (16, 11)
┌──────────┬─────────────────────────┬──────────────┬───────┬─────────┬──────────┬──────────┬──────────┬─────────┬──────────┬────────┐
│ Aircraft ┆ Variable                ┆ Phase        ┆ Model ┆ MAE     ┆ MAE_std  ┆ MAPE (%) ┆ MAPE_std ┆ ME      ┆ ME_std   ┆ Count  │
│ ---      ┆ ---                     ┆ ---          ┆ ---   ┆ ---     ┆ ---      ┆ ---      ┆ ---      ┆ ---     ┆ ---      ┆ ---    │
│ str      ┆ str                     ┆ str          ┆ str   ┆ f64     ┆ f64      ┆ f64      ┆ f64      ┆ f64     ┆ f64      ┆ i64    │
╞══════════╪═════════════════════════╪══════════════╪═══════╪═════════╪══════════╪══════════╪══════════╪═════════╪══════════╪════════╡
│ A320     ┆ Altitude [m]            ┆ All phases   ┆ PRED  ┆ 251.237 ┆ 606.751  ┆ 5.545    ┆ 19.187   ┆ 135.872 ┆ 642.500  ┆ 478843 │
│ A320     ┆ Altitude [m]            ┆ Climb        ┆ PRED  ┆ 813.371 ┆ 1066.084 ┆ 18.223   ┆ 37.517   ┆ 659.184 ┆ 1167.726 ┆ 90018  │
│ A320     ┆ Altitude [m]            ┆ Level flight ┆ PRED  ┆ 54.177  ┆ 181.650  ┆ 0.769    ┆ 5.479    ┆ 3.628   ┆ 189.523  ┆ 296839 │
│ A320     ┆ Altitude [m]            ┆ Descent      ┆ PRED  ┆ 337.043 ┆ 505.785  ┆ 8.549    ┆ 14.219   ┆ 50.508  ┆ 605.694  ┆ 91986  │
│ A320     ┆ Flight path angle [deg] ┆ All phases   ┆ PRED  ┆ 0.284   ┆ 0.620    ┆ NaN      ┆ NaN      ┆ -0.062  ┆ 0.679    ┆ 478843 │
│ A320     ┆ Flight path angle [deg] ┆ Climb        ┆ PRED  ┆ 0.726   ┆ 0.980    ┆ NaN      ┆ NaN      ┆ -0.418  ┆ 1.146    ┆ 90018  │
│ A320     ┆ Flight path angle [deg] ┆ Level flight ┆ PRED  ┆ 0.077   ┆ 0.254    ┆ NaN      ┆ NaN      ┆ -0.011  ┆ 0.265    ┆ 296839 │
│ A320     ┆ Flight path angle [deg] ┆ Descent      ┆ PRED  ┆ 0.521   ┆ 0.685    ┆ NaN      ┆ NaN      ┆ 0.121   ┆ 0.852    ┆ 91986  │
│ A320     ┆ Heading [deg]           ┆ All phases   ┆ PRED  ┆ 1.742   ┆ 6.898    ┆ NaN      ┆ NaN      ┆ 0.236   ┆ 7.110    ┆ 478843 │
│ A320     ┆ Heading [deg]           ┆ Climb        ┆ PRED  ┆ 2.084   ┆ 6.812    ┆ NaN      ┆ NaN      ┆ 0.083   ┆ 7.123    ┆ 90018  │
│ A320     ┆ Heading [deg]           ┆ Level flight ┆ PRED  ┆ 1.446   ┆ 6.485    ┆ NaN      ┆ NaN      ┆ 0.293   ┆ 6.638    ┆ 296839 │
│ A320     ┆ Heading [deg]           ┆ Descent      ┆ PRED  ┆ 2.364   ┆ 8.109    ┆ NaN      ┆ NaN      ┆ 0.204   ┆ 8.444    ┆ 91986  │
│ A320     ┆ True airspeed [m/s]     ┆ All phases   ┆ PRED  ┆ 2.935   ┆ 7.328    ┆ 1.692    ┆ 5.877    ┆ 0.654   ┆ 7.867    ┆ 478843 │
│ A320     ┆ True airspeed [m/s]     ┆ Climb        ┆ PRED  ┆ 5.536   ┆ 12.887   ┆ 3.491    ┆ 10.167   ┆ 3.350   ┆ 13.620   ┆ 90018  │
│ A320     ┆ True airspeed [m/s]     ┆ Level flight ┆ PRED  ┆ 1.830   ┆ 4.259    ┆ 0.932    ┆ 4.153    ┆ 0.148   ┆ 4.633    ┆ 296839 │
│ A320     ┆ True airspeed [m/s]     ┆ Descent      ┆ PRED  ┆ 3.955   ┆ 6.849    ┆ 2.386    ┆ 4.180    ┆ -0.350  ┆ 7.901    ┆ 91986  │
└──────────┴─────────────────────────┴──────────────┴───────┴─────────┴──────────┴──────────┴──────────┴─────────┴──────────┴────────┘

$ uv run fdm evaluate --arch adsb --config results/weighting_off_seed2/config.yaml --model-name weighting_off_seed2
