2026-05-13 12:02:22 [info     ] train_start                    arch=adsb device=cuda typecodes=['A320']
2026-05-13 12:02:22 [info     ] train_typecode                 typecode=A320
2026-05-13 12:02:22 [info     ] loading_data                   train_flights=1594 val_flights=247
2026-05-13 12:02:22 [warning  ] e1_column_missing              column=fdm_g_sin_gamma_ms2
2026-05-13 12:02:22 [warning  ] e1_column_missing              column=fdm_cos_gamma
2026-05-13 12:02:22 [warning  ] e1_column_missing              column=fdm_q_pa
2026-05-13 12:02:22 [warning  ] e1_column_missing              column=fdm_g_over_v
2026-05-13 12:02:22 [warning  ] e1_column_missing              column=fdm_lat_wind_ms
2026-05-13 12:02:22 [warning  ] e1_column_missing              column=fdm_drift_rad
2026-05-13 12:02:22 [warning  ] e1_column_missing              column=fdm_track_rad
2026-05-13 12:02:22 [warning  ] e1_column_missing              column=fdm_heading_diff_rad
2026-05-13 12:02:27 [warning  ] e1_column_missing              column=fdm_g_sin_gamma_ms2
2026-05-13 12:02:27 [warning  ] e1_column_missing              column=fdm_cos_gamma
2026-05-13 12:02:27 [warning  ] e1_column_missing              column=fdm_q_pa
2026-05-13 12:02:27 [warning  ] e1_column_missing              column=fdm_g_over_v
2026-05-13 12:02:27 [warning  ] e1_column_missing              column=fdm_lat_wind_ms
2026-05-13 12:02:27 [warning  ] e1_column_missing              column=fdm_drift_rad
2026-05-13 12:02:27 [warning  ] e1_column_missing              column=fdm_track_rad
2026-05-13 12:02:27 [warning  ] e1_column_missing              column=fdm_heading_diff_rad
2026-05-13 12:02:28 [info     ] data_loaded                    train_samples=23212 val_samples=3628
2026-05-13 12:02:43 [debug    ] meta_saved                     path=data/models/weighting_off_seed2/meta.json
2026-05-13 12:02:43 [info     ] trainer_initialized            architecture=node_adsb_v1 device=cuda train_samples=23212 val_samples=3628
2026-05-13 12:02:43 [info     ] preloading_data_to_gpu
2026-05-13 12:02:43 [debug    ] epoch_start                    epoch=1 total_epochs=50
/data/common/dataiku/config/projects/NODEFDM/lib/python/.venv/lib/python3.12/site-packages/torch/_inductor/compile_fx.py:321: UserWarning: TensorFloat32 tensor cores for float32 matrix multiplication available but not enabled. Consider setting `torch.set_float32_matmul_precision('high')` for better performance.
  warnings.warn(
2026-05-13 12:03:08 [info     ] debug_magnitudes               norm_mean=['8568.283203', '-0.001322', '213.622833', '3.253931'] norm_std=['2269.236084', '0.038830', '32.838379', '1.246786'] ode_loss=1.356967
W0513 12:07:18.418000 4041212 torch/_dynamo/convert_frame.py:1676] [0/8] torch._dynamo hit config.recompile_limit (8)
W0513 12:07:18.418000 4041212 torch/_dynamo/convert_frame.py:1676] [0/8]    function: 'forward' (/data/common/dataiku/config/projects/NODEFDM/lib/python/packages/node-fdm/src/node_fdm/models/fdm.py:181)
W0513 12:07:18.418000 4041212 torch/_dynamo/convert_frame.py:1676] [0/8]    last reason: 0/7: tensor 'self.history['raw_alt_m']' size mismatch at index 1. expected 1, actual 2
W0513 12:07:18.418000 4041212 torch/_dynamo/convert_frame.py:1676] [0/8] To log all recompilation reasons, use TORCH_LOGS="recompiles".
W0513 12:07:18.418000 4041212 torch/_dynamo/convert_frame.py:1676] [0/8] To diagnose recompilation issues, see https://pytorch.org/docs/main/compile/programming_model.recompilation.html
2026-05-13 12:07:19 [debug    ] meta_saved                     path=data/models/weighting_off_seed2/meta.json
2026-05-13 12:07:19 [debug    ] model_saved                    epoch=1
2026-05-13 12:07:19 [info     ] epoch_complete                 epoch=1 is_best=True lr=0.000208 total_epochs=50 train_loss=0.278705 val_loss=0.115643
2026-05-13 12:07:19 [debug    ] epoch_start                    epoch=2 total_epochs=50
2026-05-13 12:10:23 [debug    ] meta_saved                     path=data/models/weighting_off_seed2/meta.json
2026-05-13 12:10:23 [debug    ] model_saved                    epoch=2
2026-05-13 12:10:23 [info     ] epoch_complete                 epoch=2 is_best=True lr=0.00040600000000000087 total_epochs=50 train_loss=0.080503 val_loss=0.057958
2026-05-13 12:10:23 [debug    ] epoch_start                    epoch=3 total_epochs=50
2026-05-13 12:13:27 [debug    ] meta_saved                     path=data/models/weighting_off_seed2/meta.json
2026-05-13 12:13:27 [debug    ] model_saved                    epoch=3
2026-05-13 12:13:27 [info     ] epoch_complete                 epoch=3 is_best=True lr=0.0006040000000000002 total_epochs=50 train_loss=0.052302 val_loss=0.038129
2026-05-13 12:13:27 [debug    ] epoch_start                    epoch=4 total_epochs=50
2026-05-13 12:16:31 [debug    ] meta_saved                     path=data/models/weighting_off_seed2/meta.json
2026-05-13 12:16:31 [debug    ] model_saved                    epoch=4
2026-05-13 12:16:31 [info     ] epoch_complete                 epoch=4 is_best=True lr=0.0008020000000000004 total_epochs=50 train_loss=0.040566 val_loss=0.034331
2026-05-13 12:16:31 [debug    ] epoch_start                    epoch=5 total_epochs=50
2026-05-13 12:19:34 [info     ] epoch_complete                 epoch=5 is_best=False lr=0.001 total_epochs=50 train_loss=0.038335 val_loss=0.034407
2026-05-13 12:19:34 [debug    ] epoch_start                    epoch=6 total_epochs=50
2026-05-13 12:22:38 [debug    ] meta_saved                     path=data/models/weighting_off_seed2/meta.json
2026-05-13 12:22:38 [debug    ] model_saved                    epoch=6
2026-05-13 12:22:38 [info     ] epoch_complete                 epoch=6 is_best=True lr=0.0009780000000000014 total_epochs=50 train_loss=0.037412 val_loss=0.033505
2026-05-13 12:22:38 [debug    ] epoch_start                    epoch=7 total_epochs=50
2026-05-13 12:25:41 [debug    ] meta_saved                     path=data/models/weighting_off_seed2/meta.json
2026-05-13 12:25:41 [debug    ] model_saved                    epoch=7
2026-05-13 12:25:41 [info     ] epoch_complete                 epoch=7 is_best=True lr=0.0009560000000000012 total_epochs=50 train_loss=0.039503 val_loss=0.032902
2026-05-13 12:25:41 [debug    ] epoch_start                    epoch=8 total_epochs=50
2026-05-13 12:28:45 [debug    ] meta_saved                     path=data/models/weighting_off_seed2/meta.json
2026-05-13 12:28:45 [debug    ] model_saved                    epoch=8
2026-05-13 12:28:45 [info     ] epoch_complete                 epoch=8 is_best=True lr=0.0009340000000000011 total_epochs=50 train_loss=0.036639 val_loss=0.032755
2026-05-13 12:28:45 [debug    ] epoch_start                    epoch=9 total_epochs=50
2026-05-13 12:31:48 [debug    ] meta_saved                     path=data/models/weighting_off_seed2/meta.json
2026-05-13 12:31:48 [debug    ] model_saved                    epoch=9
2026-05-13 12:31:48 [info     ] epoch_complete                 epoch=9 is_best=True lr=0.0009120000000000012 total_epochs=50 train_loss=0.036084 val_loss=0.032363
2026-05-13 12:31:48 [debug    ] epoch_start                    epoch=10 total_epochs=50
2026-05-13 12:34:50 [debug    ] meta_saved                     path=data/models/weighting_off_seed2/meta.json
2026-05-13 12:34:50 [debug    ] model_saved                    epoch=10
2026-05-13 12:34:50 [info     ] epoch_complete                 epoch=10 is_best=True lr=0.0008900000000000021 total_epochs=50 train_loss=0.035578 val_loss=0.031728
2026-05-13 12:34:50 [debug    ] epoch_start                    epoch=11 total_epochs=50
2026-05-13 12:37:53 [debug    ] meta_saved                     path=data/models/weighting_off_seed2/meta.json
2026-05-13 12:37:53 [debug    ] model_saved                    epoch=11
2026-05-13 12:37:53 [info     ] epoch_complete                 epoch=11 is_best=True lr=0.000868000000000003 total_epochs=50 train_loss=0.03531 val_loss=0.031482
2026-05-13 12:37:53 [debug    ] epoch_start                    epoch=12 total_epochs=50
2026-05-13 12:40:55 [debug    ] meta_saved                     path=data/models/weighting_off_seed2/meta.json
2026-05-13 12:40:55 [debug    ] model_saved                    epoch=12
2026-05-13 12:40:55 [info     ] epoch_complete                 epoch=12 is_best=True lr=0.0008460000000000041 total_epochs=50 train_loss=0.035095 val_loss=0.03119
2026-05-13 12:40:55 [debug    ] epoch_start                    epoch=13 total_epochs=50
2026-05-13 12:43:55 [debug    ] meta_saved                     path=data/models/weighting_off_seed2/meta.json
2026-05-13 12:43:55 [debug    ] model_saved                    epoch=13
2026-05-13 12:43:55 [info     ] epoch_complete                 epoch=13 is_best=True lr=0.0008240000000000053 total_epochs=50 train_loss=0.03485 val_loss=0.030829
2026-05-13 12:43:55 [debug    ] epoch_start                    epoch=14 total_epochs=50
2026-05-13 12:46:59 [info     ] epoch_complete                 epoch=14 is_best=False lr=0.0008020000000000067 total_epochs=50 train_loss=0.0344 val_loss=0.031004
2026-05-13 12:46:59 [debug    ] epoch_start                    epoch=15 total_epochs=50
2026-05-13 12:50:00 [info     ] epoch_complete                 epoch=15 is_best=False lr=0.0007800000000000081 total_epochs=50 train_loss=0.03442 val_loss=0.031091
2026-05-13 12:50:00 [debug    ] epoch_start                    epoch=16 total_epochs=50
2026-05-13 12:53:05 [debug    ] meta_saved                     path=data/models/weighting_off_seed2/meta.json
2026-05-13 12:53:05 [debug    ] model_saved                    epoch=16
2026-05-13 12:53:05 [info     ] epoch_complete                 epoch=16 is_best=True lr=0.0007580000000000095 total_epochs=50 train_loss=0.033772 val_loss=0.030728
2026-05-13 12:53:05 [debug    ] epoch_start                    epoch=17 total_epochs=50
2026-05-13 12:56:08 [info     ] epoch_complete                 epoch=17 is_best=False lr=0.000736000000000011 total_epochs=50 train_loss=0.033574 val_loss=0.030873
2026-05-13 12:56:08 [debug    ] epoch_start                    epoch=18 total_epochs=50
2026-05-13 12:59:13 [debug    ] meta_saved                     path=data/models/weighting_off_seed2/meta.json
2026-05-13 12:59:13 [debug    ] model_saved                    epoch=18
2026-05-13 12:59:13 [info     ] epoch_complete                 epoch=18 is_best=True lr=0.0007140000000000124 total_epochs=50 train_loss=0.033355 val_loss=0.030044
2026-05-13 12:59:13 [debug    ] epoch_start                    epoch=19 total_epochs=50
2026-05-13 13:02:15 [info     ] epoch_complete                 epoch=19 is_best=False lr=0.0006920000000000138 total_epochs=50 train_loss=0.033051 val_loss=0.030245
2026-05-13 13:02:15 [debug    ] epoch_start                    epoch=20 total_epochs=50
2026-05-13 13:05:18 [debug    ] meta_saved                     path=data/models/weighting_off_seed2/meta.json
2026-05-13 13:05:18 [debug    ] model_saved                    epoch=20
2026-05-13 13:05:18 [info     ] epoch_complete                 epoch=20 is_best=True lr=0.0006700000000000152 total_epochs=50 train_loss=0.032874 val_loss=0.029957
2026-05-13 13:05:18 [debug    ] epoch_start                    epoch=21 total_epochs=50
2026-05-13 13:08:22 [debug    ] meta_saved                     path=data/models/weighting_off_seed2/meta.json
2026-05-13 13:08:22 [debug    ] model_saved                    epoch=21
2026-05-13 13:08:22 [info     ] epoch_complete                 epoch=21 is_best=True lr=0.0006480000000000166 total_epochs=50 train_loss=0.032686 val_loss=0.029775
2026-05-13 13:08:22 [debug    ] epoch_start                    epoch=22 total_epochs=50
2026-05-13 13:11:26 [debug    ] meta_saved                     path=data/models/weighting_off_seed2/meta.json
2026-05-13 13:11:26 [debug    ] model_saved                    epoch=22
2026-05-13 13:11:26 [info     ] epoch_complete                 epoch=22 is_best=True lr=0.000626000000000018 total_epochs=50 train_loss=0.032602 val_loss=0.029657
2026-05-13 13:11:26 [debug    ] epoch_start                    epoch=23 total_epochs=50
2026-05-13 13:14:29 [info     ] epoch_complete                 epoch=23 is_best=False lr=0.0006040000000000195 total_epochs=50 train_loss=0.03237 val_loss=0.03008
2026-05-13 13:14:29 [debug    ] epoch_start                    epoch=24 total_epochs=50
2026-05-13 13:17:31 [debug    ] meta_saved                     path=data/models/weighting_off_seed2/meta.json
2026-05-13 13:17:31 [debug    ] model_saved                    epoch=24
2026-05-13 13:17:31 [info     ] epoch_complete                 epoch=24 is_best=True lr=0.0005820000000000209 total_epochs=50 train_loss=0.032327 val_loss=0.029355
2026-05-13 13:17:31 [debug    ] epoch_start                    epoch=25 total_epochs=50
2026-05-13 13:20:34 [info     ] epoch_complete                 epoch=25 is_best=False lr=0.0005600000000000223 total_epochs=50 train_loss=0.032337 val_loss=0.029537
2026-05-13 13:20:34 [debug    ] epoch_start                    epoch=26 total_epochs=50
2026-05-13 13:23:37 [debug    ] meta_saved                     path=data/models/weighting_off_seed2/meta.json
2026-05-13 13:23:37 [debug    ] model_saved                    epoch=26
2026-05-13 13:23:37 [info     ] epoch_complete                 epoch=26 is_best=True lr=0.0005380000000000237 total_epochs=50 train_loss=0.032221 val_loss=0.029287
2026-05-13 13:23:37 [debug    ] epoch_start                    epoch=27 total_epochs=50
2026-05-13 13:26:43 [info     ] epoch_complete                 epoch=27 is_best=False lr=0.0005160000000000251 total_epochs=50 train_loss=0.031975 val_loss=0.029353
2026-05-13 13:26:43 [debug    ] epoch_start                    epoch=28 total_epochs=50
2026-05-13 13:29:46 [debug    ] meta_saved                     path=data/models/weighting_off_seed2/meta.json
2026-05-13 13:29:46 [debug    ] model_saved                    epoch=28
2026-05-13 13:29:46 [info     ] epoch_complete                 epoch=28 is_best=True lr=0.0004940000000000265 total_epochs=50 train_loss=0.031854 val_loss=0.029271
2026-05-13 13:29:46 [debug    ] epoch_start                    epoch=29 total_epochs=50
2026-05-13 13:32:50 [debug    ] meta_saved                     path=data/models/weighting_off_seed2/meta.json
2026-05-13 13:32:50 [debug    ] model_saved                    epoch=29
2026-05-13 13:32:50 [info     ] epoch_complete                 epoch=29 is_best=True lr=0.00047200000000002616 total_epochs=50 train_loss=0.031905 val_loss=0.029049
2026-05-13 13:32:50 [debug    ] epoch_start                    epoch=30 total_epochs=50
2026-05-13 13:35:54 [info     ] epoch_complete                 epoch=30 is_best=False lr=0.00045000000000002476 total_epochs=50 train_loss=0.03185 val_loss=0.029541
2026-05-13 13:35:54 [debug    ] epoch_start                    epoch=31 total_epochs=50
2026-05-13 13:38:58 [debug    ] meta_saved                     path=data/models/weighting_off_seed2/meta.json
2026-05-13 13:38:58 [debug    ] model_saved                    epoch=31
2026-05-13 13:38:58 [info     ] epoch_complete                 epoch=31 is_best=True lr=0.0004280000000000241 total_epochs=50 train_loss=0.031659 val_loss=0.028871
2026-05-13 13:38:58 [debug    ] epoch_start                    epoch=32 total_epochs=50
2026-05-13 13:42:01 [info     ] epoch_complete                 epoch=32 is_best=False lr=0.0004060000000000233 total_epochs=50 train_loss=0.031646 val_loss=0.02892
2026-05-13 13:42:01 [debug    ] epoch_start                    epoch=33 total_epochs=50
2026-05-13 13:45:05 [info     ] epoch_complete                 epoch=33 is_best=False lr=0.0003840000000000225 total_epochs=50 train_loss=0.031641 val_loss=0.029197
2026-05-13 13:45:05 [debug    ] epoch_start                    epoch=34 total_epochs=50
2026-05-13 13:48:09 [debug    ] meta_saved                     path=data/models/weighting_off_seed2/meta.json
2026-05-13 13:48:09 [debug    ] model_saved                    epoch=34
2026-05-13 13:48:09 [info     ] epoch_complete                 epoch=34 is_best=True lr=0.0003620000000000219 total_epochs=50 train_loss=0.031512 val_loss=0.028694
2026-05-13 13:48:09 [debug    ] epoch_start                    epoch=35 total_epochs=50
2026-05-13 13:51:11 [info     ] epoch_complete                 epoch=35 is_best=False lr=0.00034000000000002106 total_epochs=50 train_loss=0.031402 val_loss=0.028702
2026-05-13 13:51:11 [debug    ] epoch_start                    epoch=36 total_epochs=50
2026-05-13 13:54:13 [info     ] epoch_complete                 epoch=36 is_best=False lr=0.0003180000000000207 total_epochs=50 train_loss=0.031324 val_loss=0.028835
2026-05-13 13:54:13 [debug    ] epoch_start                    epoch=37 total_epochs=50
2026-05-13 13:57:18 [debug    ] meta_saved                     path=data/models/weighting_off_seed2/meta.json
2026-05-13 13:57:18 [debug    ] model_saved                    epoch=37
2026-05-13 13:57:18 [info     ] epoch_complete                 epoch=37 is_best=True lr=0.0002960000000000202 total_epochs=50 train_loss=0.031309 val_loss=0.028544
2026-05-13 13:57:18 [debug    ] epoch_start                    epoch=38 total_epochs=50
2026-05-13 14:00:21 [debug    ] meta_saved                     path=data/models/weighting_off_seed2/meta.json
2026-05-13 14:00:21 [debug    ] model_saved                    epoch=38
2026-05-13 14:00:21 [info     ] epoch_complete                 epoch=38 is_best=True lr=0.0002740000000000199 total_epochs=50 train_loss=0.031251 val_loss=0.028496
2026-05-13 14:00:21 [debug    ] epoch_start                    epoch=39 total_epochs=50
2026-05-13 14:03:24 [debug    ] meta_saved                     path=data/models/weighting_off_seed2/meta.json
2026-05-13 14:03:24 [debug    ] model_saved                    epoch=39
2026-05-13 14:03:24 [info     ] epoch_complete                 epoch=39 is_best=True lr=0.0002520000000000196 total_epochs=50 train_loss=0.03119 val_loss=0.028477
2026-05-13 14:03:24 [debug    ] epoch_start                    epoch=40 total_epochs=50
2026-05-13 14:06:28 [info     ] epoch_complete                 epoch=40 is_best=False lr=0.00023000000000001863 total_epochs=50 train_loss=0.031237 val_loss=0.02995
2026-05-13 14:06:28 [debug    ] epoch_start                    epoch=41 total_epochs=50
2026-05-13 14:09:32 [info     ] epoch_complete                 epoch=41 is_best=False lr=0.00020800000000001674 total_epochs=50 train_loss=0.031175 val_loss=0.028623
2026-05-13 14:09:32 [debug    ] epoch_start                    epoch=42 total_epochs=50
2026-05-13 14:12:34 [debug    ] meta_saved                     path=data/models/weighting_off_seed2/meta.json
2026-05-13 14:12:34 [debug    ] model_saved                    epoch=42
2026-05-13 14:12:34 [info     ] epoch_complete                 epoch=42 is_best=True lr=0.00018600000000001458 total_epochs=50 train_loss=0.031089 val_loss=0.028457
2026-05-13 14:12:34 [debug    ] epoch_start                    epoch=43 total_epochs=50
2026-05-13 14:15:35 [info     ] epoch_complete                 epoch=43 is_best=False lr=0.00016400000000001252 total_epochs=50 train_loss=0.031064 val_loss=0.028467
2026-05-13 14:15:35 [debug    ] epoch_start                    epoch=44 total_epochs=50
2026-05-13 14:18:36 [info     ] epoch_complete                 epoch=44 is_best=False lr=0.00014200000000001072 total_epochs=50 train_loss=0.030938 val_loss=0.028458
2026-05-13 14:18:36 [debug    ] epoch_start                    epoch=45 total_epochs=50
2026-05-13 14:21:39 [debug    ] meta_saved                     path=data/models/weighting_off_seed2/meta.json
2026-05-13 14:21:39 [debug    ] model_saved                    epoch=45
2026-05-13 14:21:39 [info     ] epoch_complete                 epoch=45 is_best=True lr=0.00012000000000000884 total_epochs=50 train_loss=0.030936 val_loss=0.028332
2026-05-13 14:21:39 [debug    ] epoch_start                    epoch=46 total_epochs=50
2026-05-13 14:24:44 [info     ] epoch_complete                 epoch=46 is_best=False lr=9.800000000000718e-05 total_epochs=50 train_loss=0.030884 val_loss=0.02842
2026-05-13 14:24:44 [debug    ] epoch_start                    epoch=47 total_epochs=50
2026-05-13 14:27:49 [info     ] epoch_complete                 epoch=47 is_best=False lr=7.60000000000058e-05 total_epochs=50 train_loss=0.030807 val_loss=0.028455
2026-05-13 14:27:49 [debug    ] epoch_start                    epoch=48 total_epochs=50
2026-05-13 14:30:56 [info     ] epoch_complete                 epoch=48 is_best=False lr=5.400000000000429e-05 total_epochs=50 train_loss=0.030889 val_loss=0.028385
2026-05-13 14:30:56 [debug    ] epoch_start                    epoch=49 total_epochs=50
2026-05-13 14:34:02 [debug    ] meta_saved                     path=data/models/weighting_off_seed2/meta.json
2026-05-13 14:34:02 [debug    ] model_saved                    epoch=49
2026-05-13 14:34:02 [info     ] epoch_complete                 epoch=49 is_best=True lr=3.200000000000247e-05 total_epochs=50 train_loss=0.030773 val_loss=0.028315
2026-05-13 14:34:02 [debug    ] epoch_start                    epoch=50 total_epochs=50
2026-05-13 14:37:07 [info     ] epoch_complete                 epoch=50 is_best=False lr=1.000000000000079e-05 total_epochs=50 train_loss=0.030729 val_loss=0.028385
2026-05-13 14:37:07 [info     ] training_log_saved             path=data/models/weighting_off_seed2/training_losses.csv
2026-05-13 14:37:07 [info     ] training_complete              best_val_loss=0.028315
2026-05-13 14:37:07 [info     ] train_typecode_done            typecode=A320
2026-05-13 14:37:07 [info     ] train_done                     typecodes=['A320']

$ uv run fdm train --arch adsb --config results/weighting_off_seed2/config.yaml --model-name weighting_off_seed2 --epochs 50 --batch-size 128 --lr 0.001 --method rk4 --seq-len 60 --train-limit 5000 --activation silu --seed 2 --device cuda --no-use-mode-weights
