2026-05-15 23:18:19 [info     ] train_start                    arch=adsb device=cuda typecodes=['A320']
2026-05-15 23:18:19 [info     ] train_typecode                 typecode=A320
2026-05-15 23:18:19 [info     ] loading_data                   train_flights=1594 val_flights=247
2026-05-15 23:18:19 [warning  ] e1_column_missing              column=fdm_g_sin_gamma_ms2
2026-05-15 23:18:19 [warning  ] e1_column_missing              column=fdm_cos_gamma
2026-05-15 23:18:19 [warning  ] e1_column_missing              column=fdm_q_pa
2026-05-15 23:18:19 [warning  ] e1_column_missing              column=fdm_g_over_v
2026-05-15 23:18:19 [warning  ] e1_column_missing              column=fdm_lat_wind_ms
2026-05-15 23:18:19 [warning  ] e1_column_missing              column=fdm_drift_rad
2026-05-15 23:18:19 [warning  ] e1_column_missing              column=fdm_track_rad
2026-05-15 23:18:19 [warning  ] e1_column_missing              column=fdm_heading_diff_rad
2026-05-15 23:18:25 [warning  ] e1_column_missing              column=fdm_g_sin_gamma_ms2
2026-05-15 23:18:25 [warning  ] e1_column_missing              column=fdm_cos_gamma
2026-05-15 23:18:25 [warning  ] e1_column_missing              column=fdm_q_pa
2026-05-15 23:18:25 [warning  ] e1_column_missing              column=fdm_g_over_v
2026-05-15 23:18:25 [warning  ] e1_column_missing              column=fdm_lat_wind_ms
2026-05-15 23:18:25 [warning  ] e1_column_missing              column=fdm_drift_rad
2026-05-15 23:18:25 [warning  ] e1_column_missing              column=fdm_track_rad
2026-05-15 23:18:25 [warning  ] e1_column_missing              column=fdm_heading_diff_rad
2026-05-15 23:18:27 [info     ] data_loaded                    train_samples=23212 val_samples=3628
2026-05-15 23:18:47 [debug    ] meta_saved                     path=data/models/lr_8.5e-4_seed1/meta.json
2026-05-15 23:18:47 [info     ] trainer_initialized            architecture=node_adsb_v1 device=cuda train_samples=23212 val_samples=3628
2026-05-15 23:18:47 [info     ] preloading_data_to_gpu
2026-05-15 23:18:48 [debug    ] epoch_start                    epoch=1 total_epochs=50
/data/common/dataiku/config/projects/NODEFDM/lib/python/.venv/lib/python3.12/site-packages/torch/_inductor/compile_fx.py:321: UserWarning: TensorFloat32 tensor cores for float32 matrix multiplication available but not enabled. Consider setting `torch.set_float32_matmul_precision('high')` for better performance.
  warnings.warn(
2026-05-15 23:19:11 [info     ] debug_magnitudes               norm_mean=['8568.283203', '-0.001322', '213.622833', '3.253931'] norm_std=['2269.236084', '0.038830', '32.838379', '1.246786'] ode_loss=1.105478
W0515 23:26:19.351000 427620 torch/_dynamo/convert_frame.py:1676] [0/8] torch._dynamo hit config.recompile_limit (8)
W0515 23:26:19.351000 427620 torch/_dynamo/convert_frame.py:1676] [0/8]    function: 'forward' (/data/common/dataiku/config/projects/NODEFDM/lib/python/packages/node-fdm/src/node_fdm/models/fdm.py:181)
W0515 23:26:19.351000 427620 torch/_dynamo/convert_frame.py:1676] [0/8]    last reason: 0/7: tensor 'self.history['raw_alt_m']' size mismatch at index 1. expected 1, actual 2
W0515 23:26:19.351000 427620 torch/_dynamo/convert_frame.py:1676] [0/8] To log all recompilation reasons, use TORCH_LOGS="recompiles".
W0515 23:26:19.351000 427620 torch/_dynamo/convert_frame.py:1676] [0/8] To diagnose recompilation issues, see https://pytorch.org/docs/main/compile/programming_model.recompilation.html
2026-05-15 23:26:20 [debug    ] meta_saved                     path=data/models/lr_8.5e-4_seed1/meta.json
2026-05-15 23:26:20 [debug    ] model_saved                    epoch=1
2026-05-15 23:26:20 [info     ] epoch_complete                 epoch=1 is_best=True lr=0.00017799999999999966 total_epochs=50 train_loss=0.226643 val_loss=0.066958
2026-05-15 23:26:20 [debug    ] epoch_start                    epoch=2 total_epochs=50
2026-05-15 23:32:20 [debug    ] meta_saved                     path=data/models/lr_8.5e-4_seed1/meta.json
2026-05-15 23:32:20 [debug    ] model_saved                    epoch=2
2026-05-15 23:32:20 [info     ] epoch_complete                 epoch=2 is_best=True lr=0.0003459999999999998 total_epochs=50 train_loss=0.053072 val_loss=0.039268
2026-05-15 23:32:20 [debug    ] epoch_start                    epoch=3 total_epochs=50
2026-05-15 23:38:03 [debug    ] meta_saved                     path=data/models/lr_8.5e-4_seed1/meta.json
2026-05-15 23:38:03 [debug    ] model_saved                    epoch=3
2026-05-15 23:38:03 [info     ] epoch_complete                 epoch=3 is_best=True lr=0.0005140000000000006 total_epochs=50 train_loss=0.039993 val_loss=0.034363
2026-05-15 23:38:03 [debug    ] epoch_start                    epoch=4 total_epochs=50
2026-05-15 23:43:55 [debug    ] meta_saved                     path=data/models/lr_8.5e-4_seed1/meta.json
2026-05-15 23:43:55 [debug    ] model_saved                    epoch=4
2026-05-15 23:43:55 [info     ] epoch_complete                 epoch=4 is_best=True lr=0.0006819999999999998 total_epochs=50 train_loss=0.039057 val_loss=0.033058
2026-05-15 23:43:55 [debug    ] epoch_start                    epoch=5 total_epochs=50
2026-05-15 23:49:46 [debug    ] meta_saved                     path=data/models/lr_8.5e-4_seed1/meta.json
2026-05-15 23:49:46 [debug    ] model_saved                    epoch=5
2026-05-15 23:49:46 [info     ] epoch_complete                 epoch=5 is_best=True lr=0.00085 total_epochs=50 train_loss=0.035802 val_loss=0.031911
2026-05-15 23:49:46 [debug    ] epoch_start                    epoch=6 total_epochs=50
2026-05-15 23:55:38 [info     ] epoch_complete                 epoch=6 is_best=False lr=0.000831333333333331 total_epochs=50 train_loss=0.03468 val_loss=0.034153
2026-05-15 23:55:38 [debug    ] epoch_start                    epoch=7 total_epochs=50
2026-05-16 00:01:31 [debug    ] meta_saved                     path=data/models/lr_8.5e-4_seed1/meta.json
2026-05-16 00:01:31 [debug    ] model_saved                    epoch=7
2026-05-16 00:01:31 [info     ] epoch_complete                 epoch=7 is_best=True lr=0.0008126666666666629 total_epochs=50 train_loss=0.03393 val_loss=0.030697
2026-05-16 00:01:31 [debug    ] epoch_start                    epoch=8 total_epochs=50
2026-05-16 00:07:26 [info     ] epoch_complete                 epoch=8 is_best=False lr=0.0007939999999999944 total_epochs=50 train_loss=0.033389 val_loss=0.030807
2026-05-16 00:07:26 [debug    ] epoch_start                    epoch=9 total_epochs=50
2026-05-16 00:13:18 [debug    ] meta_saved                     path=data/models/lr_8.5e-4_seed1/meta.json
2026-05-16 00:13:18 [debug    ] model_saved                    epoch=9
2026-05-16 00:13:18 [info     ] epoch_complete                 epoch=9 is_best=True lr=0.0007753333333333273 total_epochs=50 train_loss=0.033943 val_loss=0.030398
2026-05-16 00:13:18 [debug    ] epoch_start                    epoch=10 total_epochs=50
2026-05-16 00:19:11 [info     ] epoch_complete                 epoch=10 is_best=False lr=0.0007566666666666592 total_epochs=50 train_loss=0.032795 val_loss=0.030614
2026-05-16 00:19:11 [debug    ] epoch_start                    epoch=11 total_epochs=50
2026-05-16 00:25:05 [debug    ] meta_saved                     path=data/models/lr_8.5e-4_seed1/meta.json
2026-05-16 00:25:05 [debug    ] model_saved                    epoch=11
2026-05-16 00:25:05 [info     ] epoch_complete                 epoch=11 is_best=True lr=0.0007379999999999897 total_epochs=50 train_loss=0.032491 val_loss=0.029149
2026-05-16 00:25:05 [debug    ] epoch_start                    epoch=12 total_epochs=50
2026-05-16 00:30:59 [info     ] epoch_complete                 epoch=12 is_best=False lr=0.000719333333333319 total_epochs=50 train_loss=0.032782 val_loss=0.031988
2026-05-16 00:30:59 [debug    ] epoch_start                    epoch=13 total_epochs=50
2026-05-16 00:40:30 [debug    ] meta_saved                     path=data/models/lr_8.5e-4_seed1/meta.json
2026-05-16 00:40:30 [debug    ] model_saved                    epoch=13
2026-05-16 00:40:30 [info     ] epoch_complete                 epoch=13 is_best=True lr=0.0007006666666666497 total_epochs=50 train_loss=0.032511 val_loss=0.029051
2026-05-16 00:40:30 [debug    ] epoch_start                    epoch=14 total_epochs=50
2026-05-16 00:49:49 [info     ] epoch_complete                 epoch=14 is_best=False lr=0.0006819999999999807 total_epochs=50 train_loss=0.036149 val_loss=0.031953
2026-05-16 00:49:49 [debug    ] epoch_start                    epoch=15 total_epochs=50
2026-05-16 00:59:08 [info     ] epoch_complete                 epoch=15 is_best=False lr=0.0006633333333333114 total_epochs=50 train_loss=0.033481 val_loss=0.029716
2026-05-16 00:59:08 [debug    ] epoch_start                    epoch=16 total_epochs=50
2026-05-16 01:04:59 [info     ] epoch_complete                 epoch=16 is_best=False lr=0.000644666666666641 total_epochs=50 train_loss=0.032139 val_loss=0.029217
2026-05-16 01:04:59 [debug    ] epoch_start                    epoch=17 total_epochs=50
2026-05-16 01:10:53 [debug    ] meta_saved                     path=data/models/lr_8.5e-4_seed1/meta.json
2026-05-16 01:10:53 [debug    ] model_saved                    epoch=17
2026-05-16 01:10:53 [info     ] epoch_complete                 epoch=17 is_best=True lr=0.000625999999999972 total_epochs=50 train_loss=0.031633 val_loss=0.028913
2026-05-16 01:10:53 [debug    ] epoch_start                    epoch=18 total_epochs=50
2026-05-16 01:16:45 [debug    ] meta_saved                     path=data/models/lr_8.5e-4_seed1/meta.json
2026-05-16 01:16:45 [debug    ] model_saved                    epoch=18
2026-05-16 01:16:45 [info     ] epoch_complete                 epoch=18 is_best=True lr=0.0006073333333333006 total_epochs=50 train_loss=0.031428 val_loss=0.028749
2026-05-16 01:16:45 [debug    ] epoch_start                    epoch=19 total_epochs=50
2026-05-16 01:22:34 [debug    ] meta_saved                     path=data/models/lr_8.5e-4_seed1/meta.json
2026-05-16 01:22:34 [debug    ] model_saved                    epoch=19
2026-05-16 01:22:34 [info     ] epoch_complete                 epoch=19 is_best=True lr=0.0005886666666666297 total_epochs=50 train_loss=0.031335 val_loss=0.028567
2026-05-16 01:22:34 [debug    ] epoch_start                    epoch=20 total_epochs=50
2026-05-16 01:28:22 [info     ] epoch_complete                 epoch=20 is_best=False lr=0.0005699999999999588 total_epochs=50 train_loss=0.031056 val_loss=0.028654
2026-05-16 01:28:22 [debug    ] epoch_start                    epoch=21 total_epochs=50
2026-05-16 01:34:17 [info     ] epoch_complete                 epoch=21 is_best=False lr=0.000551333333333288 total_epochs=50 train_loss=0.031151 val_loss=0.028665
2026-05-16 01:34:17 [debug    ] epoch_start                    epoch=22 total_epochs=50
2026-05-16 01:40:05 [info     ] epoch_complete                 epoch=22 is_best=False lr=0.000532666666666618 total_epochs=50 train_loss=0.031011 val_loss=0.028783
2026-05-16 01:40:05 [debug    ] epoch_start                    epoch=23 total_epochs=50
2026-05-16 01:45:54 [debug    ] meta_saved                     path=data/models/lr_8.5e-4_seed1/meta.json
2026-05-16 01:45:54 [debug    ] model_saved                    epoch=23
2026-05-16 01:45:54 [info     ] epoch_complete                 epoch=23 is_best=True lr=0.0005139999999999472 total_epochs=50 train_loss=0.031144 val_loss=0.02851
2026-05-16 01:45:54 [debug    ] epoch_start                    epoch=24 total_epochs=50
2026-05-16 01:51:40 [debug    ] meta_saved                     path=data/models/lr_8.5e-4_seed1/meta.json
2026-05-16 01:51:40 [debug    ] model_saved                    epoch=24
2026-05-16 01:51:40 [info     ] epoch_complete                 epoch=24 is_best=True lr=0.0004953333333332751 total_epochs=50 train_loss=0.031141 val_loss=0.028256
2026-05-16 01:51:40 [debug    ] epoch_start                    epoch=25 total_epochs=50
2026-05-16 01:57:23 [debug    ] meta_saved                     path=data/models/lr_8.5e-4_seed1/meta.json
2026-05-16 01:57:23 [debug    ] model_saved                    epoch=25
2026-05-16 01:57:23 [info     ] epoch_complete                 epoch=25 is_best=True lr=0.0004766666666666081 total_epochs=50 train_loss=0.030713 val_loss=0.027968
2026-05-16 01:57:23 [debug    ] epoch_start                    epoch=26 total_epochs=50
2026-05-16 02:03:09 [info     ] epoch_complete                 epoch=26 is_best=False lr=0.00045799999999994375 total_epochs=50 train_loss=0.031237 val_loss=0.029478
2026-05-16 02:03:09 [debug    ] epoch_start                    epoch=27 total_epochs=50
2026-05-16 02:08:54 [info     ] epoch_complete                 epoch=27 is_best=False lr=0.0004393333333332792 total_epochs=50 train_loss=0.031487 val_loss=0.0289
2026-05-16 02:08:54 [debug    ] epoch_start                    epoch=28 total_epochs=50
2026-05-16 02:14:38 [info     ] epoch_complete                 epoch=28 is_best=False lr=0.00042066666666661545 total_epochs=50 train_loss=0.030686 val_loss=0.028124
2026-05-16 02:14:38 [debug    ] epoch_start                    epoch=29 total_epochs=50
2026-05-16 02:20:22 [info     ] epoch_complete                 epoch=29 is_best=False lr=0.0004019999999999522 total_epochs=50 train_loss=0.03024 val_loss=0.028051
2026-05-16 02:20:22 [debug    ] epoch_start                    epoch=30 total_epochs=50
2026-05-16 02:26:08 [info     ] epoch_complete                 epoch=30 is_best=False lr=0.0003833333333332886 total_epochs=50 train_loss=0.031 val_loss=0.028051
2026-05-16 02:26:08 [debug    ] epoch_start                    epoch=31 total_epochs=50
2026-05-16 02:31:51 [info     ] epoch_complete                 epoch=31 is_best=False lr=0.00036466666666662575 total_epochs=50 train_loss=0.030484 val_loss=0.02809
2026-05-16 02:31:51 [debug    ] epoch_start                    epoch=32 total_epochs=50
2026-05-16 02:37:34 [info     ] epoch_complete                 epoch=32 is_best=False lr=0.0003459999999999625 total_epochs=50 train_loss=0.031173 val_loss=0.028491
2026-05-16 02:37:34 [debug    ] epoch_start                    epoch=33 total_epochs=50
2026-05-16 02:43:18 [debug    ] meta_saved                     path=data/models/lr_8.5e-4_seed1/meta.json
2026-05-16 02:43:18 [debug    ] model_saved                    epoch=33
2026-05-16 02:43:18 [info     ] epoch_complete                 epoch=33 is_best=True lr=0.00032733333333329957 total_epochs=50 train_loss=0.030043 val_loss=0.027755
2026-05-16 02:43:18 [debug    ] epoch_start                    epoch=34 total_epochs=50
2026-05-16 02:49:01 [debug    ] meta_saved                     path=data/models/lr_8.5e-4_seed1/meta.json
2026-05-16 02:49:01 [debug    ] model_saved                    epoch=34
2026-05-16 02:49:01 [info     ] epoch_complete                 epoch=34 is_best=True lr=0.00030866666666663566 total_epochs=50 train_loss=0.029852 val_loss=0.027688
2026-05-16 02:49:01 [debug    ] epoch_start                    epoch=35 total_epochs=50
2026-05-16 02:54:44 [debug    ] meta_saved                     path=data/models/lr_8.5e-4_seed1/meta.json
2026-05-16 02:54:44 [debug    ] model_saved                    epoch=35
2026-05-16 02:54:44 [info     ] epoch_complete                 epoch=35 is_best=True lr=0.0002899999999999716 total_epochs=50 train_loss=0.029705 val_loss=0.02765
2026-05-16 02:54:44 [debug    ] epoch_start                    epoch=36 total_epochs=50
2026-05-16 03:00:28 [debug    ] meta_saved                     path=data/models/lr_8.5e-4_seed1/meta.json
2026-05-16 03:00:28 [debug    ] model_saved                    epoch=36
2026-05-16 03:00:28 [info     ] epoch_complete                 epoch=36 is_best=True lr=0.0002713333333333095 total_epochs=50 train_loss=0.029667 val_loss=0.027574
2026-05-16 03:00:28 [debug    ] epoch_start                    epoch=37 total_epochs=50
2026-05-16 03:06:13 [debug    ] meta_saved                     path=data/models/lr_8.5e-4_seed1/meta.json
2026-05-16 03:06:13 [debug    ] model_saved                    epoch=37
2026-05-16 03:06:13 [info     ] epoch_complete                 epoch=37 is_best=True lr=0.0002526666666666459 total_epochs=50 train_loss=0.029825 val_loss=0.027465
2026-05-16 03:06:13 [debug    ] epoch_start                    epoch=38 total_epochs=50
2026-05-16 03:11:55 [info     ] epoch_complete                 epoch=38 is_best=False lr=0.0002339999999999818 total_epochs=50 train_loss=0.030073 val_loss=0.027481
2026-05-16 03:11:55 [debug    ] epoch_start                    epoch=39 total_epochs=50
2026-05-16 03:17:38 [info     ] epoch_complete                 epoch=39 is_best=False lr=0.00021533333333331652 total_epochs=50 train_loss=0.030119 val_loss=0.027497
2026-05-16 03:17:38 [debug    ] epoch_start                    epoch=40 total_epochs=50
2026-05-16 03:23:22 [info     ] epoch_complete                 epoch=40 is_best=False lr=0.00019666666666665072 total_epochs=50 train_loss=0.030472 val_loss=0.030277
2026-05-16 03:23:22 [debug    ] epoch_start                    epoch=41 total_epochs=50
2026-05-16 03:29:07 [info     ] epoch_complete                 epoch=41 is_best=False lr=0.00017799999999998476 total_epochs=50 train_loss=0.030521 val_loss=0.028067
2026-05-16 03:29:07 [debug    ] epoch_start                    epoch=42 total_epochs=50
2026-05-16 03:34:50 [info     ] epoch_complete                 epoch=42 is_best=False lr=0.00015933333333331855 total_epochs=50 train_loss=0.029886 val_loss=0.027934
2026-05-16 03:34:50 [debug    ] epoch_start                    epoch=43 total_epochs=50
2026-05-16 03:40:33 [info     ] epoch_complete                 epoch=43 is_best=False lr=0.00014066666666665248 total_epochs=50 train_loss=0.029822 val_loss=0.027788
2026-05-16 03:40:33 [debug    ] epoch_start                    epoch=44 total_epochs=50
2026-05-16 03:46:17 [info     ] epoch_complete                 epoch=44 is_best=False lr=0.00012199999999998574 total_epochs=50 train_loss=0.029666 val_loss=0.027669
2026-05-16 03:46:17 [debug    ] epoch_start                    epoch=45 total_epochs=50
2026-05-16 03:52:00 [info     ] epoch_complete                 epoch=45 is_best=False lr=0.00010333333333332148 total_epochs=50 train_loss=0.029596 val_loss=0.027561
2026-05-16 03:52:00 [debug    ] epoch_start                    epoch=46 total_epochs=50
2026-05-16 03:57:45 [info     ] epoch_complete                 epoch=46 is_best=False lr=8.466666666665709e-05 total_epochs=50 train_loss=0.029601 val_loss=0.027559
2026-05-16 03:57:45 [debug    ] epoch_start                    epoch=47 total_epochs=50
2026-05-16 04:03:29 [info     ] epoch_complete                 epoch=47 is_best=False lr=6.599999999999277e-05 total_epochs=50 train_loss=0.029544 val_loss=0.027988
2026-05-16 04:03:29 [debug    ] epoch_start                    epoch=48 total_epochs=50
2026-05-16 04:09:11 [info     ] epoch_complete                 epoch=48 is_best=False lr=4.733333333332813e-05 total_epochs=50 train_loss=0.029369 val_loss=0.027569
2026-05-16 04:09:11 [debug    ] epoch_start                    epoch=49 total_epochs=50
2026-05-16 04:14:55 [info     ] epoch_complete                 epoch=49 is_best=False lr=2.8666666666663324e-05 total_epochs=50 train_loss=0.029349 val_loss=0.027506
2026-05-16 04:14:55 [debug    ] epoch_start                    epoch=50 total_epochs=50
2026-05-16 04:20:38 [debug    ] meta_saved                     path=data/models/lr_8.5e-4_seed1/meta.json
2026-05-16 04:20:38 [debug    ] model_saved                    epoch=50
2026-05-16 04:20:38 [info     ] epoch_complete                 epoch=50 is_best=True lr=9.999999999998774e-06 total_epochs=50 train_loss=0.029269 val_loss=0.027443
2026-05-16 04:20:38 [info     ] training_log_saved             path=data/models/lr_8.5e-4_seed1/training_losses.csv
2026-05-16 04:20:38 [info     ] training_complete              best_val_loss=0.027443
2026-05-16 04:20:38 [info     ] train_typecode_done            typecode=A320
2026-05-16 04:20:38 [info     ] train_done                     typecodes=['A320']

$ uv run fdm train --arch adsb --config results_run2/lr_8.5e-4_seed1/config.yaml --model-name lr_8.5e-4_seed1 --epochs 50 --batch-size 64 --lr 0.00085 --method rk4 --seq-len 60 --train-limit 5000 --activation relu --seed 1 --backbone-depth 3 --head-depth 2 --hidden-width 48 --device cuda --no-use-mode-weights
