2026-05-13 20:57:04 [info     ] evaluate_start                 arch=adsb typecodes=['A320']
2026-05-13 20:57:04 [info     ] evaluate_typecode              flights=542 typecode=A320
2026-05-13 20:57:16 [info     ] evaluate_done                  output=data/model_performance/alpha_0.7_seed2/performance.parquet rows=16
shape: (16, 11)
┌──────────┬─────────────────────────┬──────────────┬───────┬──────────┬──────────┬──────────┬──────────┬─────────┬──────────┬────────┐
│ Aircraft ┆ Variable                ┆ Phase        ┆ Model ┆ MAE      ┆ MAE_std  ┆ MAPE (%) ┆ MAPE_std ┆ ME      ┆ ME_std   ┆ Count  │
│ ---      ┆ ---                     ┆ ---          ┆ ---   ┆ ---      ┆ ---      ┆ ---      ┆ ---      ┆ ---     ┆ ---      ┆ ---    │
│ str      ┆ str                     ┆ str          ┆ str   ┆ f64      ┆ f64      ┆ f64      ┆ f64      ┆ f64     ┆ f64      ┆ i64    │
╞══════════╪═════════════════════════╪══════════════╪═══════╪══════════╪══════════╪══════════╪══════════╪═════════╪══════════╪════════╡
│ A320     ┆ Altitude [m]            ┆ All phases   ┆ PRED  ┆ 376.473  ┆ 718.712  ┆ 7.383    ┆ 22.506   ┆ 173.503 ┆ 792.575  ┆ 478843 │
│ A320     ┆ Altitude [m]            ┆ Climb        ┆ PRED  ┆ 1027.945 ┆ 1311.159 ┆ 22.334   ┆ 44.715   ┆ 776.132 ┆ 1474.255 ┆ 90018  │
│ A320     ┆ Altitude [m]            ┆ Level flight ┆ PRED  ┆ 167.203  ┆ 240.956  ┆ 1.973    ┆ 6.605    ┆ 21.201  ┆ 292.519  ┆ 296839 │
│ A320     ┆ Altitude [m]            ┆ Descent      ┆ PRED  ┆ 414.250  ┆ 511.018  ┆ 10.209   ┆ 14.769   ┆ 75.247  ┆ 653.514  ┆ 91986  │
│ A320     ┆ Flight path angle [deg] ┆ All phases   ┆ PRED  ┆ 0.311    ┆ 0.633    ┆ NaN      ┆ NaN      ┆ -0.067  ┆ 0.702    ┆ 478843 │
│ A320     ┆ Flight path angle [deg] ┆ Climb        ┆ PRED  ┆ 0.780    ┆ 0.985    ┆ NaN      ┆ NaN      ┆ -0.483  ┆ 1.160    ┆ 90018  │
│ A320     ┆ Flight path angle [deg] ┆ Level flight ┆ PRED  ┆ 0.092    ┆ 0.268    ┆ NaN      ┆ NaN      ┆ -0.008  ┆ 0.284    ┆ 296839 │
│ A320     ┆ Flight path angle [deg] ┆ Descent      ┆ PRED  ┆ 0.556    ┆ 0.688    ┆ NaN      ┆ NaN      ┆ 0.149   ┆ 0.872    ┆ 91986  │
│ A320     ┆ Heading [deg]           ┆ All phases   ┆ PRED  ┆ 1.629    ┆ 6.863    ┆ NaN      ┆ NaN      ┆ 0.295   ┆ 7.048    ┆ 478843 │
│ A320     ┆ Heading [deg]           ┆ Climb        ┆ PRED  ┆ 1.980    ┆ 6.848    ┆ NaN      ┆ NaN      ┆ 0.330   ┆ 7.121    ┆ 90018  │
│ A320     ┆ Heading [deg]           ┆ Level flight ┆ PRED  ┆ 1.329    ┆ 6.323    ┆ NaN      ┆ NaN      ┆ 0.344   ┆ 6.452    ┆ 296839 │
│ A320     ┆ Heading [deg]           ┆ Descent      ┆ PRED  ┆ 2.253    ┆ 8.336    ┆ NaN      ┆ NaN      ┆ 0.098   ┆ 8.635    ┆ 91986  │
│ A320     ┆ True airspeed [m/s]     ┆ All phases   ┆ PRED  ┆ 3.106    ┆ 7.759    ┆ 1.783    ┆ 6.053    ┆ 0.773   ┆ 8.322    ┆ 478843 │
│ A320     ┆ True airspeed [m/s]     ┆ Climb        ┆ PRED  ┆ 6.354    ┆ 13.930   ┆ 4.012    ┆ 10.859   ┆ 4.129   ┆ 14.744   ┆ 90018  │
│ A320     ┆ True airspeed [m/s]     ┆ Level flight ┆ PRED  ┆ 1.809    ┆ 4.202    ┆ 0.899    ┆ 3.932    ┆ 0.091   ┆ 4.574    ┆ 296839 │
│ A320     ┆ True airspeed [m/s]     ┆ Descent      ┆ PRED  ┆ 4.115    ┆ 7.055    ┆ 2.457    ┆ 4.198    ┆ -0.312  ┆ 8.161    ┆ 91986  │
└──────────┴─────────────────────────┴──────────────┴───────┴──────────┴──────────┴──────────┴──────────┴─────────┴──────────┴────────┘

$ uv run fdm evaluate --arch adsb --config results/alpha_0.7_seed2/config.yaml --model-name alpha_0.7_seed2
