2026-05-13 16:32:12 [info     ] train_start                    arch=adsb device=cuda typecodes=['A320']
2026-05-13 16:32:12 [info     ] train_typecode                 typecode=A320
2026-05-13 16:32:12 [info     ] mode_weights_computed          alpha=0.7 bottom5_labels=[['ALT_MACH', 0.4837743340076446, 556092], ['ALT_UNK', 0.5601943828619537, 450975], ['TURN', 0.8030439233228363, 269602], ['UNKVERT_MACH', 0.9251480469946372, 220245], ['ALT_CAS', 1.038123732232071, 186820]] imbalance_ratio=40.174252275682704 n_labels=13 top5_labels=[['VZ_CAS', 6.418097131422232, 13842], ['VZ_UNK', 3.4666847744353713, 33368], ['GAMMA_CAS', 3.313394742219076, 35595], ['VZ_MACH', 2.492279682425488, 53465], ['UNKVERT_CAS', 2.3797189710925535, 57114]] weight_ratio_max_over_min=13.266716897223434
2026-05-13 16:32:13 [info     ] loading_data                   train_flights=1594 val_flights=247
2026-05-13 16:32:13 [warning  ] e1_column_missing              column=fdm_g_sin_gamma_ms2
2026-05-13 16:32:13 [warning  ] e1_column_missing              column=fdm_cos_gamma
2026-05-13 16:32:13 [warning  ] e1_column_missing              column=fdm_q_pa
2026-05-13 16:32:13 [warning  ] e1_column_missing              column=fdm_g_over_v
2026-05-13 16:32:13 [warning  ] e1_column_missing              column=fdm_lat_wind_ms
2026-05-13 16:32:13 [warning  ] e1_column_missing              column=fdm_drift_rad
2026-05-13 16:32:13 [warning  ] e1_column_missing              column=fdm_track_rad
2026-05-13 16:32:13 [warning  ] e1_column_missing              column=fdm_heading_diff_rad
2026-05-13 16:32:19 [warning  ] e1_column_missing              column=fdm_g_sin_gamma_ms2
2026-05-13 16:32:19 [warning  ] e1_column_missing              column=fdm_cos_gamma
2026-05-13 16:32:19 [warning  ] e1_column_missing              column=fdm_q_pa
2026-05-13 16:32:19 [warning  ] e1_column_missing              column=fdm_g_over_v
2026-05-13 16:32:19 [warning  ] e1_column_missing              column=fdm_lat_wind_ms
2026-05-13 16:32:19 [warning  ] e1_column_missing              column=fdm_drift_rad
2026-05-13 16:32:19 [warning  ] e1_column_missing              column=fdm_track_rad
2026-05-13 16:32:19 [warning  ] e1_column_missing              column=fdm_heading_diff_rad
2026-05-13 16:32:20 [info     ] data_loaded                    train_samples=23212 val_samples=3628
2026-05-13 16:32:36 [debug    ] meta_saved                     path=data/models/alpha_0.7_seed2/meta.json
2026-05-13 16:32:36 [info     ] trainer_initialized            architecture=node_adsb_v1 device=cuda train_samples=23212 val_samples=3628
2026-05-13 16:32:36 [info     ] preloading_data_to_gpu
2026-05-13 16:32:36 [debug    ] epoch_start                    epoch=1 total_epochs=50
/data/common/dataiku/config/projects/NODEFDM/lib/python/.venv/lib/python3.12/site-packages/torch/_inductor/compile_fx.py:321: UserWarning: TensorFloat32 tensor cores for float32 matrix multiplication available but not enabled. Consider setting `torch.set_float32_matmul_precision('high')` for better performance.
  warnings.warn(
2026-05-13 16:33:01 [info     ] debug_magnitudes               norm_mean=['8568.283203', '-0.001322', '213.622833', '3.253931'] norm_std=['2269.236084', '0.038830', '32.838379', '1.246786'] ode_loss=1.356967
W0513 16:37:08.495000 4189057 torch/_dynamo/convert_frame.py:1676] [0/8] torch._dynamo hit config.recompile_limit (8)
W0513 16:37:08.495000 4189057 torch/_dynamo/convert_frame.py:1676] [0/8]    function: 'forward' (/data/common/dataiku/config/projects/NODEFDM/lib/python/packages/node-fdm/src/node_fdm/models/fdm.py:181)
W0513 16:37:08.495000 4189057 torch/_dynamo/convert_frame.py:1676] [0/8]    last reason: 0/7: tensor 'self.history['raw_alt_m']' size mismatch at index 1. expected 1, actual 2
W0513 16:37:08.495000 4189057 torch/_dynamo/convert_frame.py:1676] [0/8] To log all recompilation reasons, use TORCH_LOGS="recompiles".
W0513 16:37:08.495000 4189057 torch/_dynamo/convert_frame.py:1676] [0/8] To diagnose recompilation issues, see https://pytorch.org/docs/main/compile/programming_model.recompilation.html
2026-05-13 16:37:09 [debug    ] meta_saved                     path=data/models/alpha_0.7_seed2/meta.json
2026-05-13 16:37:09 [debug    ] model_saved                    epoch=1
2026-05-13 16:37:09 [info     ] epoch_complete                 epoch=1 is_best=True lr=0.000208 total_epochs=50 train_loss=0.367974 val_loss=0.143384
2026-05-13 16:37:09 [debug    ] epoch_start                    epoch=2 total_epochs=50
2026-05-13 16:40:11 [debug    ] meta_saved                     path=data/models/alpha_0.7_seed2/meta.json
2026-05-13 16:40:11 [debug    ] model_saved                    epoch=2
2026-05-13 16:40:11 [info     ] epoch_complete                 epoch=2 is_best=True lr=0.00040600000000000087 total_epochs=50 train_loss=0.10082 val_loss=0.073363
2026-05-13 16:40:11 [debug    ] epoch_start                    epoch=3 total_epochs=50
2026-05-13 16:43:12 [debug    ] meta_saved                     path=data/models/alpha_0.7_seed2/meta.json
2026-05-13 16:43:12 [debug    ] model_saved                    epoch=3
2026-05-13 16:43:12 [info     ] epoch_complete                 epoch=3 is_best=True lr=0.0006040000000000002 total_epochs=50 train_loss=0.069123 val_loss=0.049771
2026-05-13 16:43:12 [debug    ] epoch_start                    epoch=4 total_epochs=50
2026-05-13 16:46:15 [debug    ] meta_saved                     path=data/models/alpha_0.7_seed2/meta.json
2026-05-13 16:46:15 [debug    ] model_saved                    epoch=4
2026-05-13 16:46:15 [info     ] epoch_complete                 epoch=4 is_best=True lr=0.0008020000000000004 total_epochs=50 train_loss=0.051027 val_loss=0.042254
2026-05-13 16:46:15 [debug    ] epoch_start                    epoch=5 total_epochs=50
2026-05-13 16:49:17 [debug    ] meta_saved                     path=data/models/alpha_0.7_seed2/meta.json
2026-05-13 16:49:17 [debug    ] model_saved                    epoch=5
2026-05-13 16:49:17 [info     ] epoch_complete                 epoch=5 is_best=True lr=0.001 total_epochs=50 train_loss=0.047168 val_loss=0.041513
2026-05-13 16:49:17 [debug    ] epoch_start                    epoch=6 total_epochs=50
2026-05-13 16:52:18 [info     ] epoch_complete                 epoch=6 is_best=False lr=0.0009780000000000014 total_epochs=50 train_loss=0.093218 val_loss=0.065418
2026-05-13 16:52:18 [debug    ] epoch_start                    epoch=7 total_epochs=50
2026-05-13 16:55:20 [info     ] epoch_complete                 epoch=7 is_best=False lr=0.0009560000000000012 total_epochs=50 train_loss=0.533975 val_loss=0.69342
2026-05-13 16:55:20 [debug    ] epoch_start                    epoch=8 total_epochs=50
2026-05-13 16:58:21 [info     ] epoch_complete                 epoch=8 is_best=False lr=0.0009340000000000011 total_epochs=50 train_loss=0.276365 val_loss=0.12976
2026-05-13 16:58:21 [debug    ] epoch_start                    epoch=9 total_epochs=50
2026-05-13 17:01:24 [info     ] epoch_complete                 epoch=9 is_best=False lr=0.0009120000000000012 total_epochs=50 train_loss=0.161505 val_loss=0.241337
2026-05-13 17:01:24 [debug    ] epoch_start                    epoch=10 total_epochs=50
2026-05-13 17:04:26 [info     ] epoch_complete                 epoch=10 is_best=False lr=0.0008900000000000021 total_epochs=50 train_loss=0.308275 val_loss=0.22269
2026-05-13 17:04:26 [debug    ] epoch_start                    epoch=11 total_epochs=50
2026-05-13 17:07:27 [info     ] epoch_complete                 epoch=11 is_best=False lr=0.000868000000000003 total_epochs=50 train_loss=0.126539 val_loss=0.081272
2026-05-13 17:07:27 [debug    ] epoch_start                    epoch=12 total_epochs=50
2026-05-13 17:10:28 [info     ] epoch_complete                 epoch=12 is_best=False lr=0.0008460000000000041 total_epochs=50 train_loss=0.087418 val_loss=0.070825
2026-05-13 17:10:28 [debug    ] epoch_start                    epoch=13 total_epochs=50
2026-05-13 17:13:29 [info     ] epoch_complete                 epoch=13 is_best=False lr=0.0008240000000000053 total_epochs=50 train_loss=0.076872 val_loss=0.063086
2026-05-13 17:13:29 [debug    ] epoch_start                    epoch=14 total_epochs=50
2026-05-13 17:16:31 [info     ] epoch_complete                 epoch=14 is_best=False lr=0.0008020000000000067 total_epochs=50 train_loss=0.068137 val_loss=0.057198
2026-05-13 17:16:31 [debug    ] epoch_start                    epoch=15 total_epochs=50
2026-05-13 17:19:33 [info     ] epoch_complete                 epoch=15 is_best=False lr=0.0007800000000000081 total_epochs=50 train_loss=0.062771 val_loss=0.05472
2026-05-13 17:19:33 [debug    ] epoch_start                    epoch=16 total_epochs=50
2026-05-13 17:22:33 [info     ] epoch_complete                 epoch=16 is_best=False lr=0.0007580000000000095 total_epochs=50 train_loss=0.059957 val_loss=0.052382
2026-05-13 17:22:33 [debug    ] epoch_start                    epoch=17 total_epochs=50
2026-05-13 17:25:33 [info     ] epoch_complete                 epoch=17 is_best=False lr=0.000736000000000011 total_epochs=50 train_loss=0.057817 val_loss=0.05081
2026-05-13 17:25:33 [debug    ] epoch_start                    epoch=18 total_epochs=50
2026-05-13 17:28:32 [info     ] epoch_complete                 epoch=18 is_best=False lr=0.0007140000000000124 total_epochs=50 train_loss=0.055684 val_loss=0.04903
2026-05-13 17:28:32 [debug    ] epoch_start                    epoch=19 total_epochs=50
2026-05-13 17:31:35 [info     ] epoch_complete                 epoch=19 is_best=False lr=0.0006920000000000138 total_epochs=50 train_loss=0.053775 val_loss=0.047265
2026-05-13 17:31:35 [debug    ] epoch_start                    epoch=20 total_epochs=50
2026-05-13 17:34:38 [info     ] epoch_complete                 epoch=20 is_best=False lr=0.0006700000000000152 total_epochs=50 train_loss=0.051875 val_loss=0.045689
2026-05-13 17:34:38 [debug    ] epoch_start                    epoch=21 total_epochs=50
2026-05-13 17:37:38 [info     ] epoch_complete                 epoch=21 is_best=False lr=0.0006480000000000166 total_epochs=50 train_loss=0.050188 val_loss=0.044608
2026-05-13 17:37:38 [debug    ] epoch_start                    epoch=22 total_epochs=50
2026-05-13 17:40:38 [info     ] epoch_complete                 epoch=22 is_best=False lr=0.000626000000000018 total_epochs=50 train_loss=0.048745 val_loss=0.043241
2026-05-13 17:40:38 [debug    ] epoch_start                    epoch=23 total_epochs=50
2026-05-13 17:43:37 [info     ] epoch_complete                 epoch=23 is_best=False lr=0.0006040000000000195 total_epochs=50 train_loss=0.047834 val_loss=0.042881
2026-05-13 17:43:37 [debug    ] epoch_start                    epoch=24 total_epochs=50
2026-05-13 17:46:38 [info     ] epoch_complete                 epoch=24 is_best=False lr=0.0005820000000000209 total_epochs=50 train_loss=0.047118 val_loss=0.041967
2026-05-13 17:46:38 [debug    ] epoch_start                    epoch=25 total_epochs=50
2026-05-13 17:49:38 [info     ] epoch_complete                 epoch=25 is_best=False lr=0.0005600000000000223 total_epochs=50 train_loss=0.046661 val_loss=0.04157
2026-05-13 17:49:38 [debug    ] epoch_start                    epoch=26 total_epochs=50
2026-05-13 17:52:40 [debug    ] meta_saved                     path=data/models/alpha_0.7_seed2/meta.json
2026-05-13 17:52:40 [debug    ] model_saved                    epoch=26
2026-05-13 17:52:40 [info     ] epoch_complete                 epoch=26 is_best=True lr=0.0005380000000000237 total_epochs=50 train_loss=0.046271 val_loss=0.040963
2026-05-13 17:52:40 [debug    ] epoch_start                    epoch=27 total_epochs=50
2026-05-13 17:55:40 [debug    ] meta_saved                     path=data/models/alpha_0.7_seed2/meta.json
2026-05-13 17:55:40 [debug    ] model_saved                    epoch=27
2026-05-13 17:55:40 [info     ] epoch_complete                 epoch=27 is_best=True lr=0.0005160000000000251 total_epochs=50 train_loss=0.04585 val_loss=0.040772
2026-05-13 17:55:40 [debug    ] epoch_start                    epoch=28 total_epochs=50
2026-05-13 17:58:40 [debug    ] meta_saved                     path=data/models/alpha_0.7_seed2/meta.json
2026-05-13 17:58:40 [debug    ] model_saved                    epoch=28
2026-05-13 17:58:40 [info     ] epoch_complete                 epoch=28 is_best=True lr=0.0004940000000000265 total_epochs=50 train_loss=0.04559 val_loss=0.040437
2026-05-13 17:58:40 [debug    ] epoch_start                    epoch=29 total_epochs=50
2026-05-13 18:01:43 [debug    ] meta_saved                     path=data/models/alpha_0.7_seed2/meta.json
2026-05-13 18:01:43 [debug    ] model_saved                    epoch=29
2026-05-13 18:01:43 [info     ] epoch_complete                 epoch=29 is_best=True lr=0.00047200000000002616 total_epochs=50 train_loss=0.045449 val_loss=0.040296
2026-05-13 18:01:43 [debug    ] epoch_start                    epoch=30 total_epochs=50
2026-05-13 18:04:45 [info     ] epoch_complete                 epoch=30 is_best=False lr=0.00045000000000002476 total_epochs=50 train_loss=0.045227 val_loss=0.040392
2026-05-13 18:04:45 [debug    ] epoch_start                    epoch=31 total_epochs=50
2026-05-13 18:07:47 [info     ] epoch_complete                 epoch=31 is_best=False lr=0.0004280000000000241 total_epochs=50 train_loss=0.045644 val_loss=0.060156
2026-05-13 18:07:47 [debug    ] epoch_start                    epoch=32 total_epochs=50
2026-05-13 18:10:48 [debug    ] meta_saved                     path=data/models/alpha_0.7_seed2/meta.json
2026-05-13 18:10:48 [debug    ] model_saved                    epoch=32
2026-05-13 18:10:48 [info     ] epoch_complete                 epoch=32 is_best=True lr=0.0004060000000000233 total_epochs=50 train_loss=0.04772 val_loss=0.040168
2026-05-13 18:10:48 [debug    ] epoch_start                    epoch=33 total_epochs=50
2026-05-13 18:13:49 [debug    ] meta_saved                     path=data/models/alpha_0.7_seed2/meta.json
2026-05-13 18:13:49 [debug    ] model_saved                    epoch=33
2026-05-13 18:13:49 [info     ] epoch_complete                 epoch=33 is_best=True lr=0.0003840000000000225 total_epochs=50 train_loss=0.044733 val_loss=0.039783
2026-05-13 18:13:49 [debug    ] epoch_start                    epoch=34 total_epochs=50
2026-05-13 18:16:49 [debug    ] meta_saved                     path=data/models/alpha_0.7_seed2/meta.json
2026-05-13 18:16:49 [debug    ] model_saved                    epoch=34
2026-05-13 18:16:49 [info     ] epoch_complete                 epoch=34 is_best=True lr=0.0003620000000000219 total_epochs=50 train_loss=0.044514 val_loss=0.039512
2026-05-13 18:16:49 [debug    ] epoch_start                    epoch=35 total_epochs=50
2026-05-13 18:19:49 [debug    ] meta_saved                     path=data/models/alpha_0.7_seed2/meta.json
2026-05-13 18:19:49 [debug    ] model_saved                    epoch=35
2026-05-13 18:19:49 [info     ] epoch_complete                 epoch=35 is_best=True lr=0.00034000000000002106 total_epochs=50 train_loss=0.044229 val_loss=0.039394
2026-05-13 18:19:49 [debug    ] epoch_start                    epoch=36 total_epochs=50
2026-05-13 18:22:51 [debug    ] meta_saved                     path=data/models/alpha_0.7_seed2/meta.json
2026-05-13 18:22:51 [debug    ] model_saved                    epoch=36
2026-05-13 18:22:51 [info     ] epoch_complete                 epoch=36 is_best=True lr=0.0003180000000000207 total_epochs=50 train_loss=0.043982 val_loss=0.039311
2026-05-13 18:22:51 [debug    ] epoch_start                    epoch=37 total_epochs=50
2026-05-13 18:25:52 [debug    ] meta_saved                     path=data/models/alpha_0.7_seed2/meta.json
2026-05-13 18:25:52 [debug    ] model_saved                    epoch=37
2026-05-13 18:25:52 [info     ] epoch_complete                 epoch=37 is_best=True lr=0.0002960000000000202 total_epochs=50 train_loss=0.043862 val_loss=0.039134
2026-05-13 18:25:52 [debug    ] epoch_start                    epoch=38 total_epochs=50
2026-05-13 18:28:53 [info     ] epoch_complete                 epoch=38 is_best=False lr=0.0002740000000000199 total_epochs=50 train_loss=0.043747 val_loss=0.039272
2026-05-13 18:28:53 [debug    ] epoch_start                    epoch=39 total_epochs=50
2026-05-13 18:31:57 [debug    ] meta_saved                     path=data/models/alpha_0.7_seed2/meta.json
2026-05-13 18:31:57 [debug    ] model_saved                    epoch=39
2026-05-13 18:31:57 [info     ] epoch_complete                 epoch=39 is_best=True lr=0.0002520000000000196 total_epochs=50 train_loss=0.043559 val_loss=0.038828
2026-05-13 18:31:57 [debug    ] epoch_start                    epoch=40 total_epochs=50
2026-05-13 18:34:58 [debug    ] meta_saved                     path=data/models/alpha_0.7_seed2/meta.json
2026-05-13 18:34:58 [debug    ] model_saved                    epoch=40
2026-05-13 18:34:58 [info     ] epoch_complete                 epoch=40 is_best=True lr=0.00023000000000001863 total_epochs=50 train_loss=0.043424 val_loss=0.038787
2026-05-13 18:34:58 [debug    ] epoch_start                    epoch=41 total_epochs=50
2026-05-13 18:37:59 [debug    ] meta_saved                     path=data/models/alpha_0.7_seed2/meta.json
2026-05-13 18:37:59 [debug    ] model_saved                    epoch=41
2026-05-13 18:37:59 [info     ] epoch_complete                 epoch=41 is_best=True lr=0.00020800000000001674 total_epochs=50 train_loss=0.043225 val_loss=0.038671
2026-05-13 18:37:59 [debug    ] epoch_start                    epoch=42 total_epochs=50
2026-05-13 18:40:59 [debug    ] meta_saved                     path=data/models/alpha_0.7_seed2/meta.json
2026-05-13 18:40:59 [debug    ] model_saved                    epoch=42
2026-05-13 18:40:59 [info     ] epoch_complete                 epoch=42 is_best=True lr=0.00018600000000001458 total_epochs=50 train_loss=0.043015 val_loss=0.038465
2026-05-13 18:40:59 [debug    ] epoch_start                    epoch=43 total_epochs=50
2026-05-13 18:44:00 [debug    ] meta_saved                     path=data/models/alpha_0.7_seed2/meta.json
2026-05-13 18:44:00 [debug    ] model_saved                    epoch=43
2026-05-13 18:44:00 [info     ] epoch_complete                 epoch=43 is_best=True lr=0.00016400000000001252 total_epochs=50 train_loss=0.042991 val_loss=0.038463
2026-05-13 18:44:00 [debug    ] epoch_start                    epoch=44 total_epochs=50
2026-05-13 18:47:02 [debug    ] meta_saved                     path=data/models/alpha_0.7_seed2/meta.json
2026-05-13 18:47:02 [debug    ] model_saved                    epoch=44
2026-05-13 18:47:02 [info     ] epoch_complete                 epoch=44 is_best=True lr=0.00014200000000001072 total_epochs=50 train_loss=0.042849 val_loss=0.038386
2026-05-13 18:47:02 [debug    ] epoch_start                    epoch=45 total_epochs=50
2026-05-13 18:50:02 [info     ] epoch_complete                 epoch=45 is_best=False lr=0.00012000000000000884 total_epochs=50 train_loss=0.044319 val_loss=0.038504
2026-05-13 18:50:02 [debug    ] epoch_start                    epoch=46 total_epochs=50
2026-05-13 18:53:04 [info     ] epoch_complete                 epoch=46 is_best=False lr=9.800000000000718e-05 total_epochs=50 train_loss=0.04339 val_loss=0.038398
2026-05-13 18:53:04 [debug    ] epoch_start                    epoch=47 total_epochs=50
2026-05-13 18:56:05 [debug    ] meta_saved                     path=data/models/alpha_0.7_seed2/meta.json
2026-05-13 18:56:05 [debug    ] model_saved                    epoch=47
2026-05-13 18:56:05 [info     ] epoch_complete                 epoch=47 is_best=True lr=7.60000000000058e-05 total_epochs=50 train_loss=0.042485 val_loss=0.038322
2026-05-13 18:56:05 [debug    ] epoch_start                    epoch=48 total_epochs=50
2026-05-13 18:59:05 [debug    ] meta_saved                     path=data/models/alpha_0.7_seed2/meta.json
2026-05-13 18:59:05 [debug    ] model_saved                    epoch=48
2026-05-13 18:59:05 [info     ] epoch_complete                 epoch=48 is_best=True lr=5.400000000000429e-05 total_epochs=50 train_loss=0.042495 val_loss=0.038098
2026-05-13 18:59:05 [debug    ] epoch_start                    epoch=49 total_epochs=50
2026-05-13 19:02:10 [info     ] epoch_complete                 epoch=49 is_best=False lr=3.200000000000247e-05 total_epochs=50 train_loss=0.04236 val_loss=0.038167
2026-05-13 19:02:10 [debug    ] epoch_start                    epoch=50 total_epochs=50
2026-05-13 19:05:14 [debug    ] meta_saved                     path=data/models/alpha_0.7_seed2/meta.json
2026-05-13 19:05:14 [debug    ] model_saved                    epoch=50
2026-05-13 19:05:14 [info     ] epoch_complete                 epoch=50 is_best=True lr=1.000000000000079e-05 total_epochs=50 train_loss=0.042281 val_loss=0.03807
2026-05-13 19:05:14 [info     ] training_log_saved             path=data/models/alpha_0.7_seed2/training_losses.csv
2026-05-13 19:05:14 [info     ] training_complete              best_val_loss=0.03807
2026-05-13 19:05:14 [info     ] train_typecode_done            typecode=A320
2026-05-13 19:05:15 [info     ] train_done                     typecodes=['A320']

$ uv run fdm train --arch adsb --config results/alpha_0.7_seed2/config.yaml --model-name alpha_0.7_seed2 --epochs 50 --batch-size 128 --lr 0.001 --method rk4 --seq-len 60 --train-limit 5000 --activation silu --seed 2 --device cuda --use-mode-weights --mode-weight-alpha 0.7
