2026-05-21 19:02:50 [info     ] evaluate_start                 arch=adsb typecodes=['A320']
2026-05-21 19:02:50 [info     ] evaluate_typecode              flights=542 typecode=A320
2026-05-21 19:03:02 [info     ] evaluate_done                  output=data/model_performance/seq_25_seed0/performance.parquet rows=16
shape: (16, 11)
┌──────────┬─────────────────────────┬──────────────┬───────┬─────────┬──────────┬──────────┬──────────┬─────────┬──────────┬────────┐
│ Aircraft ┆ Variable                ┆ Phase        ┆ Model ┆ MAE     ┆ MAE_std  ┆ MAPE (%) ┆ MAPE_std ┆ ME      ┆ ME_std   ┆ Count  │
│ ---      ┆ ---                     ┆ ---          ┆ ---   ┆ ---     ┆ ---      ┆ ---      ┆ ---      ┆ ---     ┆ ---      ┆ ---    │
│ str      ┆ str                     ┆ str          ┆ str   ┆ f64     ┆ f64      ┆ f64      ┆ f64      ┆ f64     ┆ f64      ┆ i64    │
╞══════════╪═════════════════════════╪══════════════╪═══════╪═════════╪══════════╪══════════╪══════════╪═════════╪══════════╪════════╡
│ A320     ┆ Altitude [m]            ┆ All phases   ┆ PRED  ┆ 247.360 ┆ 621.748  ┆ 5.517    ┆ 19.626   ┆ 120.424 ┆ 658.222  ┆ 478843 │
│ A320     ┆ Altitude [m]            ┆ Climb        ┆ PRED  ┆ 814.966 ┆ 1106.600 ┆ 18.421   ┆ 38.556   ┆ 649.545 ┆ 1211.125 ┆ 90018  │
│ A320     ┆ Altitude [m]            ┆ Level flight ┆ PRED  ┆ 48.755  ┆ 174.062  ┆ 0.697    ┆ 5.356    ┆ -16.603 ┆ 179.997  ┆ 296839 │
│ A320     ┆ Altitude [m]            ┆ Descent      ┆ PRED  ┆ 332.797 ┆ 516.074  ┆ 8.440    ┆ 14.538   ┆ 44.807  ┆ 612.437  ┆ 91986  │
│ A320     ┆ Flight path angle [deg] ┆ All phases   ┆ PRED  ┆ 0.279   ┆ 0.618    ┆ NaN      ┆ NaN      ┆ -0.062  ┆ 0.675    ┆ 478843 │
│ A320     ┆ Flight path angle [deg] ┆ Climb        ┆ PRED  ┆ 0.715   ┆ 0.978    ┆ NaN      ┆ NaN      ┆ -0.415  ┆ 1.138    ┆ 90018  │
│ A320     ┆ Flight path angle [deg] ┆ Level flight ┆ PRED  ┆ 0.074   ┆ 0.254    ┆ NaN      ┆ NaN      ┆ -0.009  ┆ 0.265    ┆ 296839 │
│ A320     ┆ Flight path angle [deg] ┆ Descent      ┆ PRED  ┆ 0.511   ┆ 0.686    ┆ NaN      ┆ NaN      ┆ 0.110   ┆ 0.848    ┆ 91986  │
│ A320     ┆ Heading [deg]           ┆ All phases   ┆ PRED  ┆ 1.533   ┆ 7.353    ┆ NaN      ┆ NaN      ┆ 0.019   ┆ 7.511    ┆ 478843 │
│ A320     ┆ Heading [deg]           ┆ Climb        ┆ PRED  ┆ 2.363   ┆ 9.874    ┆ NaN      ┆ NaN      ┆ -0.036  ┆ 10.153   ┆ 90018  │
│ A320     ┆ Heading [deg]           ┆ Level flight ┆ PRED  ┆ 0.966   ┆ 5.541    ┆ NaN      ┆ NaN      ┆ 0.136   ┆ 5.623    ┆ 296839 │
│ A320     ┆ Heading [deg]           ┆ Descent      ┆ PRED  ┆ 2.551   ┆ 9.178    ┆ NaN      ┆ NaN      ┆ -0.305  ┆ 9.521    ┆ 91986  │
│ A320     ┆ True airspeed [m/s]     ┆ All phases   ┆ PRED  ┆ 3.442   ┆ 8.453    ┆ 1.920    ┆ 6.268    ┆ 0.500   ┆ 9.114    ┆ 478843 │
│ A320     ┆ True airspeed [m/s]     ┆ Climb        ┆ PRED  ┆ 6.893   ┆ 15.834   ┆ 4.260    ┆ 11.645   ┆ 2.237   ┆ 17.124   ┆ 90018  │
│ A320     ┆ True airspeed [m/s]     ┆ Level flight ┆ PRED  ┆ 2.242   ┆ 4.379    ┆ 1.081    ┆ 3.852    ┆ 0.412   ┆ 4.902    ┆ 296839 │
│ A320     ┆ True airspeed [m/s]     ┆ Descent      ┆ PRED  ┆ 3.935   ┆ 6.944    ┆ 2.336    ┆ 4.012    ┆ -0.917  ┆ 7.929    ┆ 91986  │
└──────────┴─────────────────────────┴──────────────┴───────┴─────────┴──────────┴──────────┴──────────┴─────────┴──────────┴────────┘

$ uv run fdm evaluate --arch adsb --config results_run4/seq_25_seed0/config.yaml --model-name seq_25_seed0
