2026-05-21 16:42:41 [info     ] evaluate_start                 arch=adsb typecodes=['A320']
2026-05-21 16:42:41 [info     ] evaluate_typecode              flights=542 typecode=A320
2026-05-21 16:42:53 [info     ] evaluate_done                  output=data/model_performance/backbone_5_seed0/performance.parquet rows=16
shape: (16, 11)
┌──────────┬─────────────────────────┬──────────────┬───────┬─────────┬──────────┬──────────┬──────────┬─────────┬──────────┬────────┐
│ Aircraft ┆ Variable                ┆ Phase        ┆ Model ┆ MAE     ┆ MAE_std  ┆ MAPE (%) ┆ MAPE_std ┆ ME      ┆ ME_std   ┆ Count  │
│ ---      ┆ ---                     ┆ ---          ┆ ---   ┆ ---     ┆ ---      ┆ ---      ┆ ---      ┆ ---     ┆ ---      ┆ ---    │
│ str      ┆ str                     ┆ str          ┆ str   ┆ f64     ┆ f64      ┆ f64      ┆ f64      ┆ f64     ┆ f64      ┆ i64    │
╞══════════╪═════════════════════════╪══════════════╪═══════╪═════════╪══════════╪══════════╪══════════╪═════════╪══════════╪════════╡
│ A320     ┆ Altitude [m]            ┆ All phases   ┆ PRED  ┆ 249.018 ┆ 618.888  ┆ 5.520    ┆ 19.457   ┆ 142.953 ┆ 651.610  ┆ 478843 │
│ A320     ┆ Altitude [m]            ┆ Climb        ┆ PRED  ┆ 823.163 ┆ 1106.722 ┆ 18.497   ┆ 38.248   ┆ 678.794 ┆ 1200.696 ┆ 90018  │
│ A320     ┆ Altitude [m]            ┆ Level flight ┆ PRED  ┆ 50.182  ┆ 174.132  ┆ 0.709    ┆ 5.362    ┆ -1.891  ┆ 181.208  ┆ 296839 │
│ A320     ┆ Altitude [m]            ┆ Descent      ┆ PRED  ┆ 328.797 ┆ 490.762  ┆ 8.343    ┆ 14.102   ┆ 85.988  ┆ 584.432  ┆ 91986  │
│ A320     ┆ Flight path angle [deg] ┆ All phases   ┆ PRED  ┆ 0.277   ┆ 0.611    ┆ NaN      ┆ NaN      ┆ -0.061  ┆ 0.668    ┆ 478843 │
│ A320     ┆ Flight path angle [deg] ┆ Climb        ┆ PRED  ┆ 0.717   ┆ 0.965    ┆ NaN      ┆ NaN      ┆ -0.413  ┆ 1.129    ┆ 90018  │
│ A320     ┆ Flight path angle [deg] ┆ Level flight ┆ PRED  ┆ 0.073   ┆ 0.247    ┆ NaN      ┆ NaN      ┆ -0.010  ┆ 0.258    ┆ 296839 │
│ A320     ┆ Flight path angle [deg] ┆ Descent      ┆ PRED  ┆ 0.505   ┆ 0.677    ┆ NaN      ┆ NaN      ┆ 0.120   ┆ 0.835    ┆ 91986  │
│ A320     ┆ Heading [deg]           ┆ All phases   ┆ PRED  ┆ 1.609   ┆ 8.200    ┆ NaN      ┆ NaN      ┆ 0.016   ┆ 8.356    ┆ 478843 │
│ A320     ┆ Heading [deg]           ┆ Climb        ┆ PRED  ┆ 2.717   ┆ 12.455   ┆ NaN      ┆ NaN      ┆ -0.489  ┆ 12.738   ┆ 90018  │
│ A320     ┆ Heading [deg]           ┆ Level flight ┆ PRED  ┆ 1.114   ┆ 6.308    ┆ NaN      ┆ NaN      ┆ 0.125   ┆ 6.404    ┆ 296839 │
│ A320     ┆ Heading [deg]           ┆ Descent      ┆ PRED  ┆ 2.122   ┆ 8.218    ┆ NaN      ┆ NaN      ┆ 0.159   ┆ 8.486    ┆ 91986  │
│ A320     ┆ True airspeed [m/s]     ┆ All phases   ┆ PRED  ┆ 3.265   ┆ 7.820    ┆ 1.831    ┆ 6.105    ┆ 1.173   ┆ 8.392    ┆ 478843 │
│ A320     ┆ True airspeed [m/s]     ┆ Climb        ┆ PRED  ┆ 5.969   ┆ 14.255   ┆ 3.732    ┆ 11.043   ┆ 3.367   ┆ 15.083   ┆ 90018  │
│ A320     ┆ True airspeed [m/s]     ┆ Level flight ┆ PRED  ┆ 2.277   ┆ 4.483    ┆ 1.116    ┆ 4.095    ┆ 0.929   ┆ 4.942    ┆ 296839 │
│ A320     ┆ True airspeed [m/s]     ┆ Descent      ┆ PRED  ┆ 3.808   ┆ 6.632    ┆ 2.276    ┆ 3.894    ┆ -0.189  ┆ 7.645    ┆ 91986  │
└──────────┴─────────────────────────┴──────────────┴───────┴─────────┴──────────┴──────────┴──────────┴─────────┴──────────┴────────┘

$ uv run fdm evaluate --arch adsb --config results_run4/backbone_5_seed0/config.yaml --model-name backbone_5_seed0
