2026-05-21 06:15:47 [info     ] train_start                    arch=adsb device=cuda typecodes=['A320']
2026-05-21 06:15:47 [info     ] train_typecode                 typecode=A320
2026-05-21 06:15:47 [info     ] loading_data                   train_flights=1594 val_flights=247
2026-05-21 06:15:47 [warning  ] e1_column_missing              column=fdm_g_sin_gamma_ms2
2026-05-21 06:15:47 [warning  ] e1_column_missing              column=fdm_cos_gamma
2026-05-21 06:15:47 [warning  ] e1_column_missing              column=fdm_q_pa
2026-05-21 06:15:47 [warning  ] e1_column_missing              column=fdm_g_over_v
2026-05-21 06:15:47 [warning  ] e1_column_missing              column=fdm_lat_wind_ms
2026-05-21 06:15:47 [warning  ] e1_column_missing              column=fdm_drift_rad
2026-05-21 06:15:47 [warning  ] e1_column_missing              column=fdm_track_rad
2026-05-21 06:15:47 [warning  ] e1_column_missing              column=fdm_heading_diff_rad
2026-05-21 06:15:52 [warning  ] e1_column_missing              column=fdm_g_sin_gamma_ms2
2026-05-21 06:15:52 [warning  ] e1_column_missing              column=fdm_cos_gamma
2026-05-21 06:15:52 [warning  ] e1_column_missing              column=fdm_q_pa
2026-05-21 06:15:52 [warning  ] e1_column_missing              column=fdm_g_over_v
2026-05-21 06:15:52 [warning  ] e1_column_missing              column=fdm_lat_wind_ms
2026-05-21 06:15:52 [warning  ] e1_column_missing              column=fdm_drift_rad
2026-05-21 06:15:52 [warning  ] e1_column_missing              column=fdm_track_rad
2026-05-21 06:15:52 [warning  ] e1_column_missing              column=fdm_heading_diff_rad
2026-05-21 06:15:53 [info     ] data_loaded                    train_samples=48117 val_samples=7518
2026-05-21 06:16:12 [debug    ] meta_saved                     path=data/models/backbone_5_seed0/meta.json
2026-05-21 06:16:12 [info     ] trainer_initialized            architecture=node_adsb_v1 device=cuda train_samples=48117 val_samples=7518
2026-05-21 06:16:12 [info     ] preloading_data_to_gpu
2026-05-21 06:16:12 [debug    ] epoch_start                    epoch=1 total_epochs=50
/data/common/dataiku/config/projects/NODEFDM/lib/python/.venv/lib/python3.12/site-packages/torch/_inductor/compile_fx.py:321: UserWarning: TensorFloat32 tensor cores for float32 matrix multiplication available but not enabled. Consider setting `torch.set_float32_matmul_precision('high')` for better performance.
  warnings.warn(
2026-05-21 06:16:36 [info     ] debug_magnitudes               norm_mean=['8427.359375', '-0.000899', '211.646118', '3.252943'] norm_std=['2287.523926', '0.040447', '34.116577', '1.247240'] ode_loss=0.351739
2026-05-21 06:16:50 [warning  ] nan_or_inf_loss                loss=nan
W0521 06:24:07.620000 2508357 torch/_dynamo/convert_frame.py:1676] [0/8] torch._dynamo hit config.recompile_limit (8)
W0521 06:24:07.620000 2508357 torch/_dynamo/convert_frame.py:1676] [0/8]    function: 'forward' (/data/common/dataiku/config/projects/NODEFDM/lib/python/packages/node-fdm/src/node_fdm/models/fdm.py:181)
W0521 06:24:07.620000 2508357 torch/_dynamo/convert_frame.py:1676] [0/8]    last reason: 0/7: tensor 'self.history['raw_alt_m']' size mismatch at index 1. expected 1, actual 2
W0521 06:24:07.620000 2508357 torch/_dynamo/convert_frame.py:1676] [0/8] To log all recompilation reasons, use TORCH_LOGS="recompiles".
W0521 06:24:07.620000 2508357 torch/_dynamo/convert_frame.py:1676] [0/8] To diagnose recompilation issues, see https://pytorch.org/docs/main/compile/programming_model.recompilation.html
2026-05-21 06:24:08 [debug    ] meta_saved                     path=data/models/backbone_5_seed0/meta.json
2026-05-21 06:24:08 [debug    ] model_saved                    epoch=1
2026-05-21 06:24:08 [info     ] epoch_complete                 epoch=1 is_best=True lr=0.00020800000000000123 total_epochs=50 train_loss=nan val_loss=0.04063
2026-05-21 06:24:08 [debug    ] epoch_start                    epoch=2 total_epochs=50
2026-05-21 06:26:22 [warning  ] nan_or_inf_loss                loss=nan
2026-05-21 06:30:30 [debug    ] meta_saved                     path=data/models/backbone_5_seed0/meta.json
2026-05-21 06:30:30 [debug    ] model_saved                    epoch=2
2026-05-21 06:30:30 [info     ] epoch_complete                 epoch=2 is_best=True lr=0.0004060000000000046 total_epochs=50 train_loss=nan val_loss=0.036497
2026-05-21 06:30:30 [debug    ] epoch_start                    epoch=3 total_epochs=50
2026-05-21 06:32:21 [warning  ] nan_or_inf_loss                loss=nan
2026-05-21 06:36:48 [debug    ] meta_saved                     path=data/models/backbone_5_seed0/meta.json
2026-05-21 06:36:48 [debug    ] model_saved                    epoch=3
2026-05-21 06:36:48 [info     ] epoch_complete                 epoch=3 is_best=True lr=0.0006040000000000097 total_epochs=50 train_loss=nan val_loss=0.029166
2026-05-21 06:36:48 [debug    ] epoch_start                    epoch=4 total_epochs=50
2026-05-21 06:42:55 [warning  ] nan_or_inf_loss                loss=nan
2026-05-21 06:43:09 [info     ] epoch_complete                 epoch=4 is_best=False lr=0.0008020000000000093 total_epochs=50 train_loss=nan val_loss=0.062341
2026-05-21 06:43:09 [debug    ] epoch_start                    epoch=5 total_epochs=50
2026-05-21 06:43:23 [warning  ] nan_or_inf_loss                loss=nan
2026-05-21 06:49:30 [debug    ] meta_saved                     path=data/models/backbone_5_seed0/meta.json
2026-05-21 06:49:30 [debug    ] model_saved                    epoch=5
2026-05-21 06:49:30 [info     ] epoch_complete                 epoch=5 is_best=True lr=0.001 total_epochs=50 train_loss=nan val_loss=0.027301
2026-05-21 06:49:30 [debug    ] epoch_start                    epoch=6 total_epochs=50
2026-05-21 06:54:41 [warning  ] nan_or_inf_loss                loss=nan
2026-05-21 06:55:48 [debug    ] meta_saved                     path=data/models/backbone_5_seed0/meta.json
2026-05-21 06:55:48 [debug    ] model_saved                    epoch=6
2026-05-21 06:55:48 [info     ] epoch_complete                 epoch=6 is_best=True lr=0.0009779999999999641 total_epochs=50 train_loss=nan val_loss=0.025982
2026-05-21 06:55:48 [debug    ] epoch_start                    epoch=7 total_epochs=50
2026-05-21 06:59:15 [warning  ] nan_or_inf_loss                loss=nan
2026-05-21 07:02:05 [info     ] epoch_complete                 epoch=7 is_best=False lr=0.0009559999999999605 total_epochs=50 train_loss=nan val_loss=0.026069
2026-05-21 07:02:05 [debug    ] epoch_start                    epoch=8 total_epochs=50
2026-05-21 07:06:30 [warning  ] nan_or_inf_loss                loss=nan
2026-05-21 07:08:23 [debug    ] meta_saved                     path=data/models/backbone_5_seed0/meta.json
2026-05-21 07:08:23 [debug    ] model_saved                    epoch=8
2026-05-21 07:08:23 [info     ] epoch_complete                 epoch=8 is_best=True lr=0.0009339999999999578 total_epochs=50 train_loss=nan val_loss=0.024964
2026-05-21 07:08:23 [debug    ] epoch_start                    epoch=9 total_epochs=50
2026-05-21 07:11:05 [warning  ] nan_or_inf_loss                loss=nan
2026-05-21 07:14:37 [debug    ] meta_saved                     path=data/models/backbone_5_seed0/meta.json
2026-05-21 07:14:37 [debug    ] model_saved                    epoch=9
2026-05-21 07:14:37 [info     ] epoch_complete                 epoch=9 is_best=True lr=0.0009119999999999566 total_epochs=50 train_loss=nan val_loss=0.024602
2026-05-21 07:14:37 [debug    ] epoch_start                    epoch=10 total_epochs=50
2026-05-21 07:15:32 [warning  ] nan_or_inf_loss                loss=nan
2026-05-21 07:20:51 [info     ] epoch_complete                 epoch=10 is_best=False lr=0.000889999999999957 total_epochs=50 train_loss=nan val_loss=0.026418
2026-05-21 07:20:51 [debug    ] epoch_start                    epoch=11 total_epochs=50
2026-05-21 07:21:59 [warning  ] nan_or_inf_loss                loss=nan
2026-05-21 07:27:10 [info     ] epoch_complete                 epoch=11 is_best=False lr=0.0008679999999999566 total_epochs=50 train_loss=nan val_loss=0.02504
2026-05-21 07:27:10 [debug    ] epoch_start                    epoch=12 total_epochs=50
2026-05-21 07:28:13 [warning  ] nan_or_inf_loss                loss=nan
2026-05-21 07:33:25 [info     ] epoch_complete                 epoch=12 is_best=False lr=0.0008459999999999577 total_epochs=50 train_loss=nan val_loss=0.033979
2026-05-21 07:33:25 [debug    ] epoch_start                    epoch=13 total_epochs=50
2026-05-21 07:35:23 [warning  ] nan_or_inf_loss                loss=nan
2026-05-21 07:39:44 [debug    ] meta_saved                     path=data/models/backbone_5_seed0/meta.json
2026-05-21 07:39:44 [debug    ] model_saved                    epoch=13
2026-05-21 07:39:44 [info     ] epoch_complete                 epoch=13 is_best=True lr=0.0008239999999999574 total_epochs=50 train_loss=nan val_loss=0.024336
2026-05-21 07:39:44 [debug    ] epoch_start                    epoch=14 total_epochs=50
2026-05-21 07:40:50 [warning  ] nan_or_inf_loss                loss=nan
2026-05-21 07:45:57 [info     ] epoch_complete                 epoch=14 is_best=False lr=0.0008019999999999602 total_epochs=50 train_loss=nan val_loss=0.030185
2026-05-21 07:45:57 [debug    ] epoch_start                    epoch=15 total_epochs=50
2026-05-21 07:51:29 [warning  ] nan_or_inf_loss                loss=nan
2026-05-21 07:52:09 [info     ] epoch_complete                 epoch=15 is_best=False lr=0.0007799999999999617 total_epochs=50 train_loss=nan val_loss=0.026115
2026-05-21 07:52:09 [debug    ] epoch_start                    epoch=16 total_epochs=50
2026-05-21 07:52:41 [warning  ] nan_or_inf_loss                loss=nan
2026-05-21 07:58:24 [info     ] epoch_complete                 epoch=16 is_best=False lr=0.000757999999999961 total_epochs=50 train_loss=nan val_loss=0.026476
2026-05-21 07:58:24 [debug    ] epoch_start                    epoch=17 total_epochs=50
2026-05-21 08:02:19 [warning  ] nan_or_inf_loss                loss=nan
2026-05-21 08:04:35 [info     ] epoch_complete                 epoch=17 is_best=False lr=0.0007359999999999604 total_epochs=50 train_loss=nan val_loss=0.025111
2026-05-21 08:04:35 [debug    ] epoch_start                    epoch=18 total_epochs=50
2026-05-21 08:10:45 [warning  ] nan_or_inf_loss                loss=nan
2026-05-21 08:10:52 [info     ] epoch_complete                 epoch=18 is_best=False lr=0.0007139999999999597 total_epochs=50 train_loss=nan val_loss=0.025099
2026-05-21 08:10:52 [debug    ] epoch_start                    epoch=19 total_epochs=50
2026-05-21 08:16:07 [warning  ] nan_or_inf_loss                loss=nan
2026-05-21 08:17:06 [info     ] epoch_complete                 epoch=19 is_best=False lr=0.0006919999999999592 total_epochs=50 train_loss=nan val_loss=0.024877
2026-05-21 08:17:06 [debug    ] epoch_start                    epoch=20 total_epochs=50
2026-05-21 08:22:07 [warning  ] nan_or_inf_loss                loss=nan
2026-05-21 08:23:23 [info     ] epoch_complete                 epoch=20 is_best=False lr=0.000669999999999957 total_epochs=50 train_loss=nan val_loss=0.025179
2026-05-21 08:23:23 [debug    ] epoch_start                    epoch=21 total_epochs=50
2026-05-21 08:24:54 [warning  ] nan_or_inf_loss                loss=nan
2026-05-21 08:29:39 [info     ] epoch_complete                 epoch=21 is_best=False lr=0.0006479999999999561 total_epochs=50 train_loss=nan val_loss=0.040647
2026-05-21 08:29:39 [debug    ] epoch_start                    epoch=22 total_epochs=50
2026-05-21 08:33:11 [warning  ] nan_or_inf_loss                loss=nan
2026-05-21 08:35:56 [info     ] epoch_complete                 epoch=22 is_best=False lr=0.0006259999999999549 total_epochs=50 train_loss=nan val_loss=0.02478
2026-05-21 08:35:56 [debug    ] epoch_start                    epoch=23 total_epochs=50
2026-05-21 08:37:25 [warning  ] nan_or_inf_loss                loss=nan
2026-05-21 08:42:28 [info     ] epoch_complete                 epoch=23 is_best=False lr=0.0006039999999999555 total_epochs=50 train_loss=nan val_loss=0.024637
2026-05-21 08:42:28 [debug    ] epoch_start                    epoch=24 total_epochs=50
2026-05-21 08:46:58 [warning  ] nan_or_inf_loss                loss=nan
2026-05-21 08:48:44 [debug    ] meta_saved                     path=data/models/backbone_5_seed0/meta.json
2026-05-21 08:48:44 [debug    ] model_saved                    epoch=24
2026-05-21 08:48:44 [info     ] epoch_complete                 epoch=24 is_best=True lr=0.0005819999999999556 total_epochs=50 train_loss=nan val_loss=0.02412
2026-05-21 08:48:44 [debug    ] epoch_start                    epoch=25 total_epochs=50
2026-05-21 08:54:15 [warning  ] nan_or_inf_loss                loss=nan
2026-05-21 08:55:05 [info     ] epoch_complete                 epoch=25 is_best=False lr=0.000559999999999953 total_epochs=50 train_loss=nan val_loss=0.02704
2026-05-21 08:55:05 [debug    ] epoch_start                    epoch=26 total_epochs=50
2026-05-21 09:00:21 [warning  ] nan_or_inf_loss                loss=nan
2026-05-21 09:01:18 [debug    ] meta_saved                     path=data/models/backbone_5_seed0/meta.json
2026-05-21 09:01:18 [debug    ] model_saved                    epoch=26
2026-05-21 09:01:18 [info     ] epoch_complete                 epoch=26 is_best=True lr=0.0005379999999999528 total_epochs=50 train_loss=nan val_loss=0.023359
2026-05-21 09:01:18 [debug    ] epoch_start                    epoch=27 total_epochs=50
2026-05-21 09:01:53 [warning  ] nan_or_inf_loss                loss=nan
2026-05-21 09:07:31 [info     ] epoch_complete                 epoch=27 is_best=False lr=0.0005159999999999556 total_epochs=50 train_loss=nan val_loss=0.024215
2026-05-21 09:07:31 [debug    ] epoch_start                    epoch=28 total_epochs=50
2026-05-21 09:07:37 [warning  ] nan_or_inf_loss                loss=nan
2026-05-21 09:13:44 [info     ] epoch_complete                 epoch=28 is_best=False lr=0.0004939999999999543 total_epochs=50 train_loss=nan val_loss=0.023777
2026-05-21 09:13:44 [debug    ] epoch_start                    epoch=29 total_epochs=50
2026-05-21 09:16:00 [warning  ] nan_or_inf_loss                loss=nan
2026-05-21 09:19:52 [debug    ] meta_saved                     path=data/models/backbone_5_seed0/meta.json
2026-05-21 09:19:52 [debug    ] model_saved                    epoch=29
2026-05-21 09:19:52 [info     ] epoch_complete                 epoch=29 is_best=True lr=0.00047199999999995607 total_epochs=50 train_loss=nan val_loss=0.023099
2026-05-21 09:19:52 [debug    ] epoch_start                    epoch=30 total_epochs=50
2026-05-21 09:25:51 [warning  ] nan_or_inf_loss                loss=nan
2026-05-21 09:26:02 [info     ] epoch_complete                 epoch=30 is_best=False lr=0.00044999999999995944 total_epochs=50 train_loss=nan val_loss=0.02344
2026-05-21 09:26:02 [debug    ] epoch_start                    epoch=31 total_epochs=50
2026-05-21 09:26:08 [warning  ] nan_or_inf_loss                loss=nan
2026-05-21 09:33:59 [debug    ] meta_saved                     path=data/models/backbone_5_seed0/meta.json
2026-05-21 09:33:59 [debug    ] model_saved                    epoch=31
2026-05-21 09:33:59 [info     ] epoch_complete                 epoch=31 is_best=True lr=0.00042799999999996313 total_epochs=50 train_loss=nan val_loss=0.023097
2026-05-21 09:33:59 [debug    ] epoch_start                    epoch=32 total_epochs=50
2026-05-21 09:36:55 [warning  ] nan_or_inf_loss                loss=nan
2026-05-21 09:41:54 [debug    ] meta_saved                     path=data/models/backbone_5_seed0/meta.json
2026-05-21 09:41:54 [debug    ] model_saved                    epoch=32
2026-05-21 09:41:54 [info     ] epoch_complete                 epoch=32 is_best=True lr=0.00040599999999996786 total_epochs=50 train_loss=nan val_loss=0.023069
2026-05-21 09:41:54 [debug    ] epoch_start                    epoch=33 total_epochs=50
2026-05-21 09:46:23 [warning  ] nan_or_inf_loss                loss=nan
2026-05-21 09:49:36 [info     ] epoch_complete                 epoch=33 is_best=False lr=0.00038399999999997274 total_epochs=50 train_loss=nan val_loss=0.023096
2026-05-21 09:49:36 [debug    ] epoch_start                    epoch=34 total_epochs=50
2026-05-21 09:56:28 [warning  ] nan_or_inf_loss                loss=nan
2026-05-21 09:57:42 [info     ] epoch_complete                 epoch=34 is_best=False lr=0.00036199999999997763 total_epochs=50 train_loss=nan val_loss=0.023111
2026-05-21 09:57:42 [debug    ] epoch_start                    epoch=35 total_epochs=50
2026-05-21 10:05:14 [warning  ] nan_or_inf_loss                loss=nan
2026-05-21 10:05:47 [info     ] epoch_complete                 epoch=35 is_best=False lr=0.0003399999999999825 total_epochs=50 train_loss=nan val_loss=0.023193
2026-05-21 10:05:47 [debug    ] epoch_start                    epoch=36 total_epochs=50
2026-05-21 10:11:45 [warning  ] nan_or_inf_loss                loss=nan
2026-05-21 10:13:57 [info     ] epoch_complete                 epoch=36 is_best=False lr=0.0003179999999999874 total_epochs=50 train_loss=nan val_loss=0.023091
2026-05-21 10:13:57 [debug    ] epoch_start                    epoch=37 total_epochs=50
2026-05-21 10:15:25 [warning  ] nan_or_inf_loss                loss=nan
2026-05-21 10:21:55 [debug    ] meta_saved                     path=data/models/backbone_5_seed0/meta.json
2026-05-21 10:21:55 [debug    ] model_saved                    epoch=37
2026-05-21 10:21:55 [info     ] epoch_complete                 epoch=37 is_best=True lr=0.0002959999999999923 total_epochs=50 train_loss=nan val_loss=0.022954
2026-05-21 10:21:55 [debug    ] epoch_start                    epoch=38 total_epochs=50
2026-05-21 10:27:22 [warning  ] nan_or_inf_loss                loss=nan
2026-05-21 10:30:19 [info     ] epoch_complete                 epoch=38 is_best=False lr=0.0002739999999999972 total_epochs=50 train_loss=nan val_loss=0.023628
2026-05-21 10:30:19 [debug    ] epoch_start                    epoch=39 total_epochs=50
2026-05-21 10:31:51 [warning  ] nan_or_inf_loss                loss=nan
2026-05-21 10:38:23 [info     ] epoch_complete                 epoch=39 is_best=False lr=0.00025200000000000206 total_epochs=50 train_loss=nan val_loss=0.023254
2026-05-21 10:38:23 [debug    ] epoch_start                    epoch=40 total_epochs=50
2026-05-21 10:44:17 [warning  ] nan_or_inf_loss                loss=nan
2026-05-21 10:46:37 [info     ] epoch_complete                 epoch=40 is_best=False lr=0.00023000000000000348 total_epochs=50 train_loss=nan val_loss=0.024544
2026-05-21 10:46:37 [debug    ] epoch_start                    epoch=41 total_epochs=50
2026-05-21 10:46:39 [warning  ] nan_or_inf_loss                loss=nan
2026-05-21 10:54:51 [debug    ] meta_saved                     path=data/models/backbone_5_seed0/meta.json
2026-05-21 10:54:51 [debug    ] model_saved                    epoch=41
2026-05-21 10:54:51 [info     ] epoch_complete                 epoch=41 is_best=True lr=0.00020800000000000357 total_epochs=50 train_loss=nan val_loss=0.022545
2026-05-21 10:54:51 [debug    ] epoch_start                    epoch=42 total_epochs=50
2026-05-21 10:55:22 [warning  ] nan_or_inf_loss                loss=nan
2026-05-21 11:02:51 [info     ] epoch_complete                 epoch=42 is_best=False lr=0.00018600000000000447 total_epochs=50 train_loss=nan val_loss=0.023109
2026-05-21 11:02:51 [debug    ] epoch_start                    epoch=43 total_epochs=50
2026-05-21 11:03:57 [warning  ] nan_or_inf_loss                loss=nan
2026-05-21 11:10:52 [info     ] epoch_complete                 epoch=43 is_best=False lr=0.00016400000000000613 total_epochs=50 train_loss=nan val_loss=0.02256
2026-05-21 11:10:52 [debug    ] epoch_start                    epoch=44 total_epochs=50
2026-05-21 11:15:39 [warning  ] nan_or_inf_loss                loss=nan
2026-05-21 11:19:12 [debug    ] meta_saved                     path=data/models/backbone_5_seed0/meta.json
2026-05-21 11:19:12 [debug    ] model_saved                    epoch=44
2026-05-21 11:19:12 [info     ] epoch_complete                 epoch=44 is_best=True lr=0.00014200000000000754 total_epochs=50 train_loss=nan val_loss=0.022475
2026-05-21 11:19:12 [debug    ] epoch_start                    epoch=45 total_epochs=50
2026-05-21 11:26:22 [warning  ] nan_or_inf_loss                loss=nan
2026-05-21 11:27:12 [info     ] epoch_complete                 epoch=45 is_best=False lr=0.00012000000000000895 total_epochs=50 train_loss=nan val_loss=0.022508
2026-05-21 11:27:12 [debug    ] epoch_start                    epoch=46 total_epochs=50
2026-05-21 11:29:46 [warning  ] nan_or_inf_loss                loss=nan
2026-05-21 11:35:16 [debug    ] meta_saved                     path=data/models/backbone_5_seed0/meta.json
2026-05-21 11:35:16 [debug    ] model_saved                    epoch=46
2026-05-21 11:35:16 [info     ] epoch_complete                 epoch=46 is_best=True lr=9.800000000000715e-05 total_epochs=50 train_loss=nan val_loss=0.022412
2026-05-21 11:35:16 [debug    ] epoch_start                    epoch=47 total_epochs=50
2026-05-21 11:39:05 [warning  ] nan_or_inf_loss                loss=nan
2026-05-21 11:43:32 [info     ] epoch_complete                 epoch=47 is_best=False lr=7.600000000000502e-05 total_epochs=50 train_loss=nan val_loss=0.022422
2026-05-21 11:43:32 [debug    ] epoch_start                    epoch=48 total_epochs=50
2026-05-21 11:45:50 [warning  ] nan_or_inf_loss                loss=nan
2026-05-21 11:51:33 [debug    ] meta_saved                     path=data/models/backbone_5_seed0/meta.json
2026-05-21 11:51:33 [debug    ] model_saved                    epoch=48
2026-05-21 11:51:33 [info     ] epoch_complete                 epoch=48 is_best=True lr=5.4000000000003054e-05 total_epochs=50 train_loss=nan val_loss=0.022347
2026-05-21 11:51:33 [debug    ] epoch_start                    epoch=49 total_epochs=50
2026-05-21 11:57:56 [warning  ] nan_or_inf_loss                loss=nan
2026-05-21 11:59:38 [debug    ] meta_saved                     path=data/models/backbone_5_seed0/meta.json
2026-05-21 11:59:38 [debug    ] model_saved                    epoch=49
2026-05-21 11:59:38 [info     ] epoch_complete                 epoch=49 is_best=True lr=3.2000000000002384e-05 total_epochs=50 train_loss=nan val_loss=0.022313
2026-05-21 11:59:38 [debug    ] epoch_start                    epoch=50 total_epochs=50
2026-05-21 12:03:47 [warning  ] nan_or_inf_loss                loss=nan
2026-05-21 12:07:57 [debug    ] meta_saved                     path=data/models/backbone_5_seed0/meta.json
2026-05-21 12:07:57 [debug    ] model_saved                    epoch=50
2026-05-21 12:07:57 [info     ] epoch_complete                 epoch=50 is_best=True lr=1.0000000000000765e-05 total_epochs=50 train_loss=nan val_loss=0.022299
2026-05-21 12:07:57 [info     ] training_log_saved             path=data/models/backbone_5_seed0/training_losses.csv
2026-05-21 12:07:57 [info     ] training_complete              best_val_loss=0.022299
2026-05-21 12:07:57 [info     ] train_typecode_done            typecode=A320
2026-05-21 12:07:58 [info     ] train_done                     typecodes=['A320']

$ uv run fdm train --arch adsb --config results_run4/backbone_5_seed0/config.yaml --model-name backbone_5_seed0 --epochs 50 --batch-size 64 --lr 0.001 --method rk4 --seq-len 30 --train-limit 5000 --activation relu --seed 0 --backbone-depth 5 --head-depth 2 --hidden-width 48 --device cuda --no-use-mode-weights
