
$ uv run fdm train --arch adsb --config results/bs_32_seed1/config.yaml --model-name bs_32_seed1 --epochs 50 --batch-size 32 --lr 0.001 --method rk4 --seq-len 60 --train-limit 5000 --activation silu --seed 1 --device cuda --use-mode-weights --mode-weight-alpha 0.5
2026-05-12 16:19:18 [info     ] train_start                    arch=adsb device=cuda typecodes=['A320']
2026-05-12 16:19:18 [info     ] train_typecode                 typecode=A320
2026-05-12 16:19:18 [info     ] mode_weights_computed          alpha=0.5 bottom5_labels=[['ALT_MACH', 0.6206242276704164, 556092], ['ALT_UNK', 0.6891691293583678, 450975], ['TURN', 0.8913340435092099, 269602], ['UNKVERT_MACH', 0.9861637175043825, 220245], ['ALT_CAS', 1.0707556265239335, 186820]] imbalance_ratio=40.174252275682704 n_labels=13 top5_labels=[['VZ_CAS', 3.9337125975553753, 13842], ['VZ_UNK', 2.533593642654822, 33368], ['GAMMA_CAS', 2.453056495492336, 35595], ['VZ_MACH', 2.0015537788607305, 53465], ['UNKVERT_CAS', 1.936559122733483, 57114]] weight_ratio_max_over_min=6.33831620193271
2026-05-12 16:19:19 [info     ] loading_data                   train_flights=1594 val_flights=247
2026-05-12 16:19:19 [warning  ] e1_column_missing              column=fdm_g_sin_gamma_ms2
2026-05-12 16:19:19 [warning  ] e1_column_missing              column=fdm_cos_gamma
2026-05-12 16:19:19 [warning  ] e1_column_missing              column=fdm_q_pa
2026-05-12 16:19:19 [warning  ] e1_column_missing              column=fdm_g_over_v
2026-05-12 16:19:19 [warning  ] e1_column_missing              column=fdm_lat_wind_ms
2026-05-12 16:19:19 [warning  ] e1_column_missing              column=fdm_drift_rad
2026-05-12 16:19:19 [warning  ] e1_column_missing              column=fdm_track_rad
2026-05-12 16:19:19 [warning  ] e1_column_missing              column=fdm_heading_diff_rad
2026-05-12 16:19:36 [warning  ] e1_column_missing              column=fdm_g_sin_gamma_ms2
2026-05-12 16:19:36 [warning  ] e1_column_missing              column=fdm_cos_gamma
2026-05-12 16:19:36 [warning  ] e1_column_missing              column=fdm_q_pa
2026-05-12 16:19:36 [warning  ] e1_column_missing              column=fdm_g_over_v
2026-05-12 16:19:36 [warning  ] e1_column_missing              column=fdm_lat_wind_ms
2026-05-12 16:19:36 [warning  ] e1_column_missing              column=fdm_drift_rad
2026-05-12 16:19:36 [warning  ] e1_column_missing              column=fdm_track_rad
2026-05-12 16:19:36 [warning  ] e1_column_missing              column=fdm_heading_diff_rad
2026-05-12 16:19:39 [info     ] data_loaded                    train_samples=23212 val_samples=3628
2026-05-12 16:19:56 [debug    ] meta_saved                     path=data/models/bs_32_seed1/meta.json
2026-05-12 16:19:56 [info     ] trainer_initialized            architecture=node_adsb_v1 device=cuda train_samples=23212 val_samples=3628
2026-05-12 16:19:56 [info     ] preloading_data_to_gpu
2026-05-12 16:19:56 [debug    ] epoch_start                    epoch=1 total_epochs=50
/data/common/dataiku/config/projects/NODEFDM/lib/python/.venv/lib/python3.12/site-packages/torch/_inductor/compile_fx.py:321: UserWarning: TensorFloat32 tensor cores for float32 matrix multiplication available but not enabled. Consider setting `torch.set_float32_matmul_precision('high')` for better performance.
  warnings.warn(
2026-05-12 16:20:18 [info     ] debug_magnitudes               norm_mean=['8568.283203', '-0.001322', '213.622833', '3.253931'] norm_std=['2269.236084', '0.038830', '32.838379', '1.246786'] ode_loss=0.702577
W0512 16:33:11.038000 3804688 torch/_dynamo/convert_frame.py:1676] [0/8] torch._dynamo hit config.recompile_limit (8)
W0512 16:33:11.038000 3804688 torch/_dynamo/convert_frame.py:1676] [0/8]    function: 'forward' (/data/common/dataiku/config/projects/NODEFDM/lib/python/packages/node-fdm/src/node_fdm/models/fdm.py:181)
W0512 16:33:11.038000 3804688 torch/_dynamo/convert_frame.py:1676] [0/8]    last reason: 0/7: tensor 'self.history['raw_alt_m']' size mismatch at index 1. expected 1, actual 2
W0512 16:33:11.038000 3804688 torch/_dynamo/convert_frame.py:1676] [0/8] To log all recompilation reasons, use TORCH_LOGS="recompiles".
W0512 16:33:11.038000 3804688 torch/_dynamo/convert_frame.py:1676] [0/8] To diagnose recompilation issues, see https://pytorch.org/docs/main/compile/programming_model.recompilation.html
2026-05-12 16:33:12 [debug    ] meta_saved                     path=data/models/bs_32_seed1/meta.json
2026-05-12 16:33:12 [debug    ] model_saved                    epoch=1
2026-05-12 16:33:12 [info     ] epoch_complete                 epoch=1 is_best=True lr=0.0002079999999999997 total_epochs=50 train_loss=0.219434 val_loss=0.070204
2026-05-12 16:33:12 [debug    ] epoch_start                    epoch=2 total_epochs=50
2026-05-12 16:45:01 [debug    ] meta_saved                     path=data/models/bs_32_seed1/meta.json
2026-05-12 16:45:01 [debug    ] model_saved                    epoch=2
2026-05-12 16:45:01 [info     ] epoch_complete                 epoch=2 is_best=True lr=0.0004059999999999966 total_epochs=50 train_loss=0.066056 val_loss=0.046258
2026-05-12 16:45:01 [debug    ] epoch_start                    epoch=3 total_epochs=50
2026-05-12 16:56:48 [debug    ] meta_saved                     path=data/models/bs_32_seed1/meta.json
2026-05-12 16:56:48 [debug    ] model_saved                    epoch=3
2026-05-12 16:56:48 [info     ] epoch_complete                 epoch=3 is_best=True lr=0.0006039999999999978 total_epochs=50 train_loss=0.046767 val_loss=0.040114
2026-05-12 16:56:48 [debug    ] epoch_start                    epoch=4 total_epochs=50
2026-05-12 17:08:35 [info     ] epoch_complete                 epoch=4 is_best=False lr=0.0008019999999999982 total_epochs=50 train_loss=0.044427 val_loss=0.040341
2026-05-12 17:08:35 [debug    ] epoch_start                    epoch=5 total_epochs=50
2026-05-12 17:20:24 [debug    ] meta_saved                     path=data/models/bs_32_seed1/meta.json
2026-05-12 17:20:24 [debug    ] model_saved                    epoch=5
2026-05-12 17:20:24 [info     ] epoch_complete                 epoch=5 is_best=True lr=0.001 total_epochs=50 train_loss=0.04321 val_loss=0.037848
2026-05-12 17:20:24 [debug    ] epoch_start                    epoch=6 total_epochs=50
2026-05-12 17:32:12 [debug    ] meta_saved                     path=data/models/bs_32_seed1/meta.json
2026-05-12 17:32:12 [debug    ] model_saved                    epoch=6
2026-05-12 17:32:12 [info     ] epoch_complete                 epoch=6 is_best=True lr=0.0009780000000000073 total_epochs=50 train_loss=0.042388 val_loss=0.036604
2026-05-12 17:32:12 [debug    ] epoch_start                    epoch=7 total_epochs=50
2026-05-12 17:43:59 [info     ] epoch_complete                 epoch=7 is_best=False lr=0.0009560000000000082 total_epochs=50 train_loss=0.04045 val_loss=0.038304
2026-05-12 17:43:59 [debug    ] epoch_start                    epoch=8 total_epochs=50
2026-05-12 17:55:48 [info     ] epoch_complete                 epoch=8 is_best=False lr=0.0009340000000000075 total_epochs=50 train_loss=0.039942 val_loss=0.036687
2026-05-12 17:55:48 [debug    ] epoch_start                    epoch=9 total_epochs=50
2026-05-12 18:07:46 [debug    ] meta_saved                     path=data/models/bs_32_seed1/meta.json
2026-05-12 18:07:46 [debug    ] model_saved                    epoch=9
2026-05-12 18:07:46 [info     ] epoch_complete                 epoch=9 is_best=True lr=0.0009120000000000046 total_epochs=50 train_loss=0.039359 val_loss=0.036295
2026-05-12 18:07:46 [debug    ] epoch_start                    epoch=10 total_epochs=50
2026-05-12 18:19:36 [info     ] epoch_complete                 epoch=10 is_best=False lr=0.0008900000000000022 total_epochs=50 train_loss=0.039544 val_loss=0.036498
2026-05-12 18:19:36 [debug    ] epoch_start                    epoch=11 total_epochs=50
2026-05-12 18:31:29 [debug    ] meta_saved                     path=data/models/bs_32_seed1/meta.json
2026-05-12 18:31:29 [debug    ] model_saved                    epoch=11
2026-05-12 18:31:29 [info     ] epoch_complete                 epoch=11 is_best=True lr=0.000867999999999998 total_epochs=50 train_loss=0.038951 val_loss=0.034901
2026-05-12 18:31:29 [debug    ] epoch_start                    epoch=12 total_epochs=50
2026-05-12 18:43:22 [debug    ] meta_saved                     path=data/models/bs_32_seed1/meta.json
2026-05-12 18:43:22 [debug    ] model_saved                    epoch=12
2026-05-12 18:43:22 [info     ] epoch_complete                 epoch=12 is_best=True lr=0.0008459999999999935 total_epochs=50 train_loss=0.038424 val_loss=0.034357
2026-05-12 18:43:22 [debug    ] epoch_start                    epoch=13 total_epochs=50
2026-05-12 18:55:14 [debug    ] meta_saved                     path=data/models/bs_32_seed1/meta.json
2026-05-12 18:55:14 [debug    ] model_saved                    epoch=13
2026-05-12 18:55:14 [info     ] epoch_complete                 epoch=13 is_best=True lr=0.0008239999999999882 total_epochs=50 train_loss=0.038143 val_loss=0.03392
2026-05-12 18:55:14 [debug    ] epoch_start                    epoch=14 total_epochs=50
2026-05-12 19:07:06 [info     ] epoch_complete                 epoch=14 is_best=False lr=0.0008019999999999828 total_epochs=50 train_loss=0.037969 val_loss=0.034801
2026-05-12 19:07:06 [debug    ] epoch_start                    epoch=15 total_epochs=50
2026-05-12 19:18:57 [info     ] epoch_complete                 epoch=15 is_best=False lr=0.0007799999999999775 total_epochs=50 train_loss=0.037621 val_loss=0.034022
2026-05-12 19:18:57 [debug    ] epoch_start                    epoch=16 total_epochs=50
2026-05-12 19:30:42 [debug    ] meta_saved                     path=data/models/bs_32_seed1/meta.json
2026-05-12 19:30:42 [debug    ] model_saved                    epoch=16
2026-05-12 19:30:42 [info     ] epoch_complete                 epoch=16 is_best=True lr=0.0007579999999999722 total_epochs=50 train_loss=0.038662 val_loss=0.033916
2026-05-12 19:30:42 [debug    ] epoch_start                    epoch=17 total_epochs=50
2026-05-12 19:42:27 [info     ] epoch_complete                 epoch=17 is_best=False lr=0.0007359999999999669 total_epochs=50 train_loss=0.037345 val_loss=0.034132
2026-05-12 19:42:27 [debug    ] epoch_start                    epoch=18 total_epochs=50
2026-05-12 19:54:12 [debug    ] meta_saved                     path=data/models/bs_32_seed1/meta.json
2026-05-12 19:54:12 [debug    ] model_saved                    epoch=18
2026-05-12 19:54:12 [info     ] epoch_complete                 epoch=18 is_best=True lr=0.0007139999999999616 total_epochs=50 train_loss=0.037005 val_loss=0.033695
2026-05-12 19:54:12 [debug    ] epoch_start                    epoch=19 total_epochs=50
2026-05-12 20:05:57 [debug    ] meta_saved                     path=data/models/bs_32_seed1/meta.json
2026-05-12 20:05:57 [debug    ] model_saved                    epoch=19
2026-05-12 20:05:57 [info     ] epoch_complete                 epoch=19 is_best=True lr=0.0006919999999999563 total_epochs=50 train_loss=0.036794 val_loss=0.033404
2026-05-12 20:05:57 [debug    ] epoch_start                    epoch=20 total_epochs=50
2026-05-12 20:17:45 [debug    ] meta_saved                     path=data/models/bs_32_seed1/meta.json
2026-05-12 20:17:45 [debug    ] model_saved                    epoch=20
2026-05-12 20:17:45 [info     ] epoch_complete                 epoch=20 is_best=True lr=0.000669999999999951 total_epochs=50 train_loss=0.036447 val_loss=0.032608
2026-05-12 20:17:45 [debug    ] epoch_start                    epoch=21 total_epochs=50
2026-05-12 20:29:31 [info     ] epoch_complete                 epoch=21 is_best=False lr=0.0006479999999999457 total_epochs=50 train_loss=0.036422 val_loss=0.03321
2026-05-12 20:29:31 [debug    ] epoch_start                    epoch=22 total_epochs=50
2026-05-12 20:41:21 [info     ] epoch_complete                 epoch=22 is_best=False lr=0.0006259999999999404 total_epochs=50 train_loss=0.036209 val_loss=0.040634
2026-05-12 20:41:21 [debug    ] epoch_start                    epoch=23 total_epochs=50
2026-05-12 20:53:10 [info     ] epoch_complete                 epoch=23 is_best=False lr=0.0006039999999999351 total_epochs=50 train_loss=0.037118 val_loss=0.033151
2026-05-12 20:53:10 [debug    ] epoch_start                    epoch=24 total_epochs=50
2026-05-12 21:04:58 [debug    ] meta_saved                     path=data/models/bs_32_seed1/meta.json
2026-05-12 21:04:58 [debug    ] model_saved                    epoch=24
2026-05-12 21:04:58 [info     ] epoch_complete                 epoch=24 is_best=True lr=0.0005819999999999298 total_epochs=50 train_loss=0.035963 val_loss=0.032485
2026-05-12 21:04:58 [debug    ] epoch_start                    epoch=25 total_epochs=50
2026-05-12 21:17:08 [info     ] epoch_complete                 epoch=25 is_best=False lr=0.0005599999999999245 total_epochs=50 train_loss=0.035811 val_loss=0.032554
2026-05-12 21:17:08 [debug    ] epoch_start                    epoch=26 total_epochs=50
2026-05-12 21:29:00 [info     ] epoch_complete                 epoch=26 is_best=False lr=0.0005379999999999192 total_epochs=50 train_loss=0.035716 val_loss=0.033202
2026-05-12 21:29:00 [debug    ] epoch_start                    epoch=27 total_epochs=50
2026-05-12 21:40:54 [info     ] epoch_complete                 epoch=27 is_best=False lr=0.0005159999999999139 total_epochs=50 train_loss=0.03605 val_loss=0.034125
2026-05-12 21:40:54 [debug    ] epoch_start                    epoch=28 total_epochs=50
2026-05-12 21:52:46 [info     ] epoch_complete                 epoch=28 is_best=False lr=0.0004939999999999086 total_epochs=50 train_loss=0.035874 val_loss=0.032915
2026-05-12 21:52:46 [debug    ] epoch_start                    epoch=29 total_epochs=50
2026-05-12 22:04:37 [info     ] epoch_complete                 epoch=29 is_best=False lr=0.0004719999999999097 total_epochs=50 train_loss=0.035636 val_loss=0.032611
2026-05-12 22:04:37 [debug    ] epoch_start                    epoch=30 total_epochs=50
2026-05-12 22:16:27 [debug    ] meta_saved                     path=data/models/bs_32_seed1/meta.json
2026-05-12 22:16:27 [debug    ] model_saved                    epoch=30
2026-05-12 22:16:27 [info     ] epoch_complete                 epoch=30 is_best=True lr=0.0004499999999999135 total_epochs=50 train_loss=0.035436 val_loss=0.032234
2026-05-12 22:16:27 [debug    ] epoch_start                    epoch=31 total_epochs=50
2026-05-12 22:28:19 [debug    ] meta_saved                     path=data/models/bs_32_seed1/meta.json
2026-05-12 22:28:19 [debug    ] model_saved                    epoch=31
2026-05-12 22:28:19 [info     ] epoch_complete                 epoch=31 is_best=True lr=0.0004279999999999172 total_epochs=50 train_loss=0.035244 val_loss=0.0321
2026-05-12 22:28:19 [debug    ] epoch_start                    epoch=32 total_epochs=50
2026-05-12 22:40:12 [info     ] epoch_complete                 epoch=32 is_best=False lr=0.00040599999999991863 total_epochs=50 train_loss=0.035174 val_loss=0.032137
2026-05-12 22:40:12 [debug    ] epoch_start                    epoch=33 total_epochs=50
2026-05-12 22:52:05 [info     ] epoch_complete                 epoch=33 is_best=False lr=0.00038399999999991886 total_epochs=50 train_loss=0.146364 val_loss=0.168228
2026-05-12 22:52:05 [debug    ] epoch_start                    epoch=34 total_epochs=50
2026-05-12 23:03:58 [info     ] epoch_complete                 epoch=34 is_best=False lr=0.00036199999999992076 total_epochs=50 train_loss=0.14572 val_loss=0.122212
2026-05-12 23:03:58 [debug    ] epoch_start                    epoch=35 total_epochs=50
2026-05-12 23:15:51 [info     ] epoch_complete                 epoch=35 is_best=False lr=0.00033999999999992115 total_epochs=50 train_loss=0.140881 val_loss=0.110303
2026-05-12 23:15:51 [debug    ] epoch_start                    epoch=36 total_epochs=50
2026-05-12 23:27:44 [info     ] epoch_complete                 epoch=36 is_best=False lr=0.00031799999999992186 total_epochs=50 train_loss=0.121861 val_loss=0.115747
2026-05-12 23:27:44 [debug    ] epoch_start                    epoch=37 total_epochs=50
2026-05-12 23:39:37 [info     ] epoch_complete                 epoch=37 is_best=False lr=0.00029599999999992284 total_epochs=50 train_loss=0.116998 val_loss=0.110749
2026-05-12 23:39:37 [debug    ] epoch_start                    epoch=38 total_epochs=50
2026-05-12 23:51:29 [info     ] epoch_complete                 epoch=38 is_best=False lr=0.00027399999999992263 total_epochs=50 train_loss=0.119386 val_loss=0.127947
2026-05-12 23:51:29 [debug    ] epoch_start                    epoch=39 total_epochs=50
2026-05-13 00:03:07 [info     ] epoch_complete                 epoch=39 is_best=False lr=0.0002519999999999225 total_epochs=50 train_loss=0.103369 val_loss=0.094496
2026-05-13 00:03:07 [debug    ] epoch_start                    epoch=40 total_epochs=50
2026-05-13 00:14:31 [info     ] epoch_complete                 epoch=40 is_best=False lr=0.00022999999999992737 total_epochs=50 train_loss=0.099851 val_loss=0.091028
2026-05-13 00:14:31 [debug    ] epoch_start                    epoch=41 total_epochs=50
2026-05-13 00:25:53 [info     ] epoch_complete                 epoch=41 is_best=False lr=0.00020799999999993445 total_epochs=50 train_loss=0.098746 val_loss=0.093601
2026-05-13 00:25:53 [debug    ] epoch_start                    epoch=42 total_epochs=50
2026-05-13 00:40:56 [info     ] epoch_complete                 epoch=42 is_best=False lr=0.00018599999999994207 total_epochs=50 train_loss=0.103529 val_loss=0.100394
2026-05-13 00:40:56 [debug    ] epoch_start                    epoch=43 total_epochs=50
2026-05-13 00:59:23 [info     ] epoch_complete                 epoch=43 is_best=False lr=0.00016399999999995 total_epochs=50 train_loss=0.102545 val_loss=0.096732
2026-05-13 00:59:23 [debug    ] epoch_start                    epoch=44 total_epochs=50
2026-05-13 01:10:43 [info     ] epoch_complete                 epoch=44 is_best=False lr=0.00014199999999995773 total_epochs=50 train_loss=0.106243 val_loss=0.094
2026-05-13 01:10:43 [debug    ] epoch_start                    epoch=45 total_epochs=50
2026-05-13 01:22:05 [info     ] epoch_complete                 epoch=45 is_best=False lr=0.00011999999999996525 total_epochs=50 train_loss=0.097839 val_loss=0.092489
2026-05-13 01:22:05 [debug    ] epoch_start                    epoch=46 total_epochs=50
2026-05-13 01:33:28 [info     ] epoch_complete                 epoch=46 is_best=False lr=9.799999999997127e-05 total_epochs=50 train_loss=0.098188 val_loss=0.093808
2026-05-13 01:33:28 [debug    ] epoch_start                    epoch=47 total_epochs=50
2026-05-13 01:44:47 [info     ] epoch_complete                 epoch=47 is_best=False lr=7.599999999997659e-05 total_epochs=50 train_loss=0.102233 val_loss=0.092867
2026-05-13 01:44:47 [debug    ] epoch_start                    epoch=48 total_epochs=50
2026-05-13 01:56:07 [info     ] epoch_complete                 epoch=48 is_best=False lr=5.3999999999982325e-05 total_epochs=50 train_loss=0.096256 val_loss=0.090271
2026-05-13 01:56:07 [debug    ] epoch_start                    epoch=49 total_epochs=50
2026-05-13 02:07:35 [info     ] epoch_complete                 epoch=49 is_best=False lr=3.199999999998954e-05 total_epochs=50 train_loss=0.094645 val_loss=0.086969
2026-05-13 02:07:35 [debug    ] epoch_start                    epoch=50 total_epochs=50
2026-05-13 02:19:12 [info     ] epoch_complete                 epoch=50 is_best=False lr=9.999999999996658e-06 total_epochs=50 train_loss=0.091417 val_loss=0.08656
2026-05-13 02:19:12 [info     ] training_log_saved             path=data/models/bs_32_seed1/training_losses.csv
2026-05-13 02:19:12 [info     ] training_complete              best_val_loss=0.0321
2026-05-13 02:19:12 [info     ] train_typecode_done            typecode=A320
2026-05-13 02:19:12 [info     ] train_done                     typecodes=['A320']

$ uv run fdm train --arch adsb --config results/bs_32_seed1/config.yaml --model-name bs_32_seed1 --epochs 50 --batch-size 32 --lr 0.001 --method rk4 --seq-len 60 --train-limit 5000 --activation silu --seed 1 --device cuda --use-mode-weights --mode-weight-alpha 0.5
